🔄 CORRECT FULL DATASET TRAINING
================================
This time using the ACTUAL full dataset you specified:
  Dataset: /mnt/beegfs/hellgate/home/rb194958e/Atlas_2/Training/
  Expected: 655 images (the full dataset)
  Batch size: 2 with epoch shuffling
  Validation split: 20%
  Architecture: Same as working model (5.7M parameters)

Job ID: 1126811
Node: hggpu9-1
Start: Sun Jun 22 21:23:27 UTC 2025

Environment configured

Verifying dataset:
Full dataset: 655 images
This should be 655 images

🚀 Starting CORRECT full dataset training...

============================================================
CORRECT FULL DATASET TRAINING COMPLETED
============================================================
Exit code: 2
End time: Sun Jun 22 21:23:59 UTC 2025
❌ CORRECT TRAINING FAILED
Check logs for details

Final GPU status:
memory.used [MiB], memory.total [MiB]
1 MiB, 24570 MiB
