🔍 DEBUGGING VISION MAMBA DIMENSION ISSUE
=========================================
Purpose: Fix the exact dimension mismatch in your Smart SOTA 2025
Error: Dimensions 192 and 176 incompatible in SSM computation

Job ID: 1128645
Node: hggpu9-12
Start: Thu Jun 26 19:25:05 UTC 2025

Environment configured
Testing Vision Mamba dimension fix...
Testing Vision Mamba dimension issue...
Input shape: (2, 48, 56, 44, 88)
Calculated d_inner: 176
d_state + d_inner: 192
Flattened shape: (2, 118272, 88)

--- ORIGINAL BUGGY VERSION ---
x_proj shape: (2, 118272, 192)
dt shape: (2, 118272, 176)
✅ Expected error: {{function_node __wrapped__Mul_device_/job:localhost/replica:0/task:0/device:GPU:0}} required broadcastable shapes [Op:Mul] name: 

--- FIXED VERSION ---
x_proj_fixed shape: (2, 118272, 176)
dt_fixed shape: (2, 118272, 176)
✅ Fixed result shape: (2, 118272, 176)
✅ Cumsum result shape: (2, 118272, 176)

--- ALTERNATIVE FIX (Split x_proj) ---
x_state shape: (2, 118272, 16)
x_inner shape: (2, 118272, 176)
dt_alt shape: (2, 118272, 176)
✅ Alternative fix result shape: (2, 118272, 176)
✅ Alternative cumsum result shape: (2, 118272, 176)

🔧 Dimension debugging completed!

Debug test completed with exit code: 0
End time: Thu Jun 26 19:25:54 UTC 2025
✅ DIMENSION FIX SUCCESSFUL

Next steps:
1. Apply the fix to smart_sota_2025.py
2. Re-run the full training
