2025-07-03 19:17:41.366833: E external/local_xla/xla/stream_executor/cuda/cuda_dnn.cc:9261] Unable to register cuDNN factory: Attempting to register factory for plugin cuDNN when one has already been registered
2025-07-03 19:17:41.367688: E external/local_xla/xla/stream_executor/cuda/cuda_fft.cc:607] Unable to register cuFFT factory: Attempting to register factory for plugin cuFFT when one has already been registered
2025-07-03 19:17:41.491256: E external/local_xla/xla/stream_executor/cuda/cuda_blas.cc:1515] Unable to register cuBLAS factory: Attempting to register factory for plugin cuBLAS when one has already been registered
2025-07-03 19:17:41.758755: I tensorflow/core/platform/cpu_feature_guard.cc:182] This TensorFlow binary is optimized to use available CPU instructions in performance-critical operations.
To enable the following instructions: AVX2 AVX512F AVX512_VNNI FMA, in other operations, rebuild TensorFlow with the appropriate compiler flags.
2025-07-03 19:17:48.346092: W tensorflow/compiler/tf2tensorrt/utils/py_utils.cc:38] TF-TRT Warning: Could not find TensorRT
2025-07-03 19:18:03.659038: W tensorflow/core/common_runtime/gpu/gpu_bfc_allocator.cc:47] Overriding orig_value setting because the TF_FORCE_GPU_ALLOW_GROWTH environment variable is set. Original config value was 0.
2025-07-03 19:18:03.659772: I tensorflow/core/common_runtime/gpu/gpu_process_state.cc:236] Using CUDA malloc Async allocator for GPU: 0
2025-07-03 19:18:03.660618: I tensorflow/core/common_runtime/gpu/gpu_device.cc:1929] Created device /job:localhost/replica:0/task:0/device:GPU:0 with 22483 MB memory:  -> device: 0, name: NVIDIA RTX 4500 Ada Generation, pci bus id: 0000:1c:00.0, compute capability: 8.9
2025-07-03 19:18:03.661593: W tensorflow/core/common_runtime/gpu/gpu_bfc_allocator.cc:47] Overriding orig_value setting because the TF_FORCE_GPU_ALLOW_GROWTH environment variable is set. Original config value was 0.
2025-07-03 19:18:03.662071: I tensorflow/core/common_runtime/gpu/gpu_process_state.cc:236] Using CUDA malloc Async allocator for GPU: 1
2025-07-03 19:18:03.662823: I tensorflow/core/common_runtime/gpu/gpu_device.cc:1929] Created device /job:localhost/replica:0/task:0/device:GPU:1 with 22483 MB memory:  -> device: 1, name: NVIDIA RTX 4500 Ada Generation, pci bus id: 0000:4f:00.0, compute capability: 8.9
2025-07-03 19:18:03.663590: W tensorflow/core/common_runtime/gpu/gpu_bfc_allocator.cc:47] Overriding orig_value setting because the TF_FORCE_GPU_ALLOW_GROWTH environment variable is set. Original config value was 0.
2025-07-03 19:18:03.664059: I tensorflow/core/common_runtime/gpu/gpu_process_state.cc:236] Using CUDA malloc Async allocator for GPU: 2
2025-07-03 19:18:03.664789: I tensorflow/core/common_runtime/gpu/gpu_device.cc:1929] Created device /job:localhost/replica:0/task:0/device:GPU:2 with 22483 MB memory:  -> device: 2, name: NVIDIA RTX 4500 Ada Generation, pci bus id: 0000:9d:00.0, compute capability: 8.9
2025-07-03 19:18:03.665532: W tensorflow/core/common_runtime/gpu/gpu_bfc_allocator.cc:47] Overriding orig_value setting because the TF_FORCE_GPU_ALLOW_GROWTH environment variable is set. Original config value was 0.
2025-07-03 19:18:03.666042: I tensorflow/core/common_runtime/gpu/gpu_process_state.cc:236] Using CUDA malloc Async allocator for GPU: 3
2025-07-03 19:18:03.666735: I tensorflow/core/common_runtime/gpu/gpu_device.cc:1929] Created device /job:localhost/replica:0/task:0/device:GPU:3 with 22483 MB memory:  -> device: 3, name: NVIDIA RTX 4500 Ada Generation, pci bus id: 0000:ce:00.0, compute capability: 8.9
2025-07-03 19:18:11.140472: E external/local_xla/xla/stream_executor/cuda/cuda_dnn.cc:9261] Unable to register cuDNN factory: Attempting to register factory for plugin cuDNN when one has already been registered
2025-07-03 19:18:11.141174: E external/local_xla/xla/stream_executor/cuda/cuda_fft.cc:607] Unable to register cuFFT factory: Attempting to register factory for plugin cuFFT when one has already been registered
2025-07-03 19:18:11.257742: E external/local_xla/xla/stream_executor/cuda/cuda_blas.cc:1515] Unable to register cuBLAS factory: Attempting to register factory for plugin cuBLAS when one has already been registered
2025-07-03 19:18:35,807 - INFO - Mixed precision enabled (mixed_float16).
2025-07-03 19:18:35,809 - INFO - 🎉 SOTA 2025: UPGRADED TRAINING RUN - 20250703_191831
2025-07-03 19:18:36,103 - INFO - 🚀 MirroredStrategy with 4 devices.
2025-07-03 19:18:36,104 - INFO - Searching for data in: /mnt/beegfs/hellgate/home/rb194958e/Atlas_2/Training
2025-07-03 19:18:41,039 - INFO - Found 655 images and 655 masks.
2025-07-03 19:18:41,040 - INFO - Successfully paired 655 samples.
2025-07-03 19:18:41,044 - INFO - 🏗️ Building Upgraded 3D U-Net Model...
2025-07-03 19:18:42,673 - INFO - ✅ Model built: 3,507,285 parameters
2025-07-03 19:18:42,704 - INFO - ================================================================================
2025-07-03 19:18:42,706 - INFO - 🔬 RUNNING PRE-FLIGHT DEBUG PIPELINE...
2025-07-03 19:18:42,707 - INFO - ================================================================================
2025-07-03 19:18:42,708 - INFO - [1/3] Checking data generator and class balance...
2025-07-03 19:18:47,442 - INFO -   ✅ Batch loaded successfully. Image shape: (4, 192, 224, 176, 1), Mask shape: (4, 192, 224, 176, 1)
2025-07-03 19:18:47,443 - INFO -   ✅ Data types. Image: float32, Mask: float32
2025-07-03 19:18:47,468 - INFO -   ✅ Data is free of NaNs.
2025-07-03 19:18:47,477 - INFO -   📊 Target Imbalance: Lesion voxels constitute 1.1559% of the batch.
2025-07-03 19:18:47,478 - INFO - 
[2/3] Checking model forward pass and numerical stability...
2025-07-03 19:19:20,807 - INFO -   ✅ Forward pass successful. Predictions shape: (4, 192, 224, 176, 1), dtype: <dtype: 'float32'>
2025-07-03 19:19:20,906 - INFO -   ✅ Loss function test successful. Calculated loss: 0.9772
2025-07-03 19:19:20,907 - INFO - 
[3/3] Checking feature propagation through decoder...
2025-07-03 19:19:21,694 - INFO -   ✅ Output of 'bottleneck': Shape=(4, 24, 28, 22, 176), Stats=(mean=0.213, std=0.500)
2025-07-03 19:19:21,698 - INFO -   ✅ Output of 's3': Shape=(4, 48, 56, 44, 88), Stats=(mean=0.173, std=0.451)
2025-07-03 19:19:21,706 - INFO -   ✅ Output of 's2': Shape=(4, 96, 112, 88, 44), Stats=(mean=0.125, std=0.476)
2025-07-03 19:19:21,732 - INFO -   ✅ Output of 's1': Shape=(4, 192, 224, 176, 22), Stats=(mean=0.030, std=0.104)
2025-07-03 19:19:21,733 - INFO -   ✅ All checked layers are producing output.
2025-07-03 19:19:21,734 - INFO - ================================================================================
2025-07-03 19:19:21,735 - INFO - ✅ DEBUG PIPELINE COMPLETED SUCCESSFULLY. All checks passed.
2025-07-03 19:19:21,736 - INFO - ================================================================================
2025-07-03 19:19:21,744 - INFO - 🚀 Starting training for 150 epochs...
WARNING: All log messages before absl::InitializeLog() is called are written to STDERR
I0000 00:00:1751570467.284579   84502 device_compiler.h:186] Compiled cluster using XLA!  This line is logged at most once for the lifetime of the process.
2025-07-04 00:36:15,716 - INFO - ✅ Training completed successfully!
2025-07-04 00:36:16,403 - INFO - 💾 Final model saved to: runs/20250703_191831/final_model.keras
2025-07-04 00:36:16,405 - INFO - 🎉🎉🎉 SCRIPT EXECUTION FINISHED! 🎉🎉🎉
