2025-06-27 04:05:24.874904: E external/local_xla/xla/stream_executor/cuda/cuda_dnn.cc:9261] Unable to register cuDNN factory: Attempting to register factory for plugin cuDNN when one has already been registered
2025-06-27 04:05:24.876015: E external/local_xla/xla/stream_executor/cuda/cuda_fft.cc:607] Unable to register cuFFT factory: Attempting to register factory for plugin cuFFT when one has already been registered
2025-06-27 04:05:25.008067: E external/local_xla/xla/stream_executor/cuda/cuda_blas.cc:1515] Unable to register cuBLAS factory: Attempting to register factory for plugin cuBLAS when one has already been registered
2025-06-27 04:05:25.276939: I tensorflow/core/platform/cpu_feature_guard.cc:182] This TensorFlow binary is optimized to use available CPU instructions in performance-critical operations.
To enable the following instructions: AVX2 AVX512F AVX512_VNNI FMA, in other operations, rebuild TensorFlow with the appropriate compiler flags.
2025-06-27 04:05:32.039365: W tensorflow/compiler/tf2tensorrt/utils/py_utils.cc:38] TF-TRT Warning: Could not find TensorRT
2025-06-27 04:05:48.047510: W tensorflow/core/common_runtime/gpu/gpu_bfc_allocator.cc:47] Overriding orig_value setting because the TF_FORCE_GPU_ALLOW_GROWTH environment variable is set. Original config value was 0.
2025-06-27 04:05:48.048410: I tensorflow/core/common_runtime/gpu/gpu_process_state.cc:236] Using CUDA malloc Async allocator for GPU: 0
2025-06-27 04:05:48.049331: I tensorflow/core/common_runtime/gpu/gpu_device.cc:1929] Created device /job:localhost/replica:0/task:0/device:GPU:0 with 22483 MB memory:  -> device: 0, name: NVIDIA RTX 4500 Ada Generation, pci bus id: 0000:1c:00.0, compute capability: 8.9
2025-06-27 04:05:48.050016: W tensorflow/core/common_runtime/gpu/gpu_bfc_allocator.cc:47] Overriding orig_value setting because the TF_FORCE_GPU_ALLOW_GROWTH environment variable is set. Original config value was 0.
2025-06-27 04:05:48.050626: I tensorflow/core/common_runtime/gpu/gpu_process_state.cc:236] Using CUDA malloc Async allocator for GPU: 1
2025-06-27 04:05:48.051633: I tensorflow/core/common_runtime/gpu/gpu_device.cc:1929] Created device /job:localhost/replica:0/task:0/device:GPU:1 with 22483 MB memory:  -> device: 1, name: NVIDIA RTX 4500 Ada Generation, pci bus id: 0000:4f:00.0, compute capability: 8.9
2025-06-27 04:05:48.052672: W tensorflow/core/common_runtime/gpu/gpu_bfc_allocator.cc:47] Overriding orig_value setting because the TF_FORCE_GPU_ALLOW_GROWTH environment variable is set. Original config value was 0.
2025-06-27 04:05:48.053183: I tensorflow/core/common_runtime/gpu/gpu_process_state.cc:236] Using CUDA malloc Async allocator for GPU: 2
2025-06-27 04:05:48.053881: I tensorflow/core/common_runtime/gpu/gpu_device.cc:1929] Created device /job:localhost/replica:0/task:0/device:GPU:2 with 22483 MB memory:  -> device: 2, name: NVIDIA RTX 4500 Ada Generation, pci bus id: 0000:9d:00.0, compute capability: 8.9
2025-06-27 04:05:48.054583: W tensorflow/core/common_runtime/gpu/gpu_bfc_allocator.cc:47] Overriding orig_value setting because the TF_FORCE_GPU_ALLOW_GROWTH environment variable is set. Original config value was 0.
2025-06-27 04:05:48.055062: I tensorflow/core/common_runtime/gpu/gpu_process_state.cc:236] Using CUDA malloc Async allocator for GPU: 3
2025-06-27 04:05:48.055748: I tensorflow/core/common_runtime/gpu/gpu_device.cc:1929] Created device /job:localhost/replica:0/task:0/device:GPU:3 with 22483 MB memory:  -> device: 3, name: NVIDIA RTX 4500 Ada Generation, pci bus id: 0000:ce:00.0, compute capability: 8.9
2025-06-27 04:05:55.998442: E external/local_xla/xla/stream_executor/cuda/cuda_dnn.cc:9261] Unable to register cuDNN factory: Attempting to register factory for plugin cuDNN when one has already been registered
2025-06-27 04:05:55.999135: E external/local_xla/xla/stream_executor/cuda/cuda_fft.cc:607] Unable to register cuFFT factory: Attempting to register factory for plugin cuFFT when one has already been registered
2025-06-27 04:05:56.186847: E external/local_xla/xla/stream_executor/cuda/cuda_blas.cc:1515] Unable to register cuBLAS factory: Attempting to register factory for plugin cuBLAS when one has already been registered
2025-06-27 04:05:56.592254: I tensorflow/core/platform/cpu_feature_guard.cc:182] This TensorFlow binary is optimized to use available CPU instructions in performance-critical operations.
To enable the following instructions: AVX2 AVX512F AVX512_VNNI FMA, in other operations, rebuild TensorFlow with the appropriate compiler flags.
2025-06-27 04:06:05.496800: W tensorflow/compiler/tf2tensorrt/utils/py_utils.cc:38] TF-TRT Warning: Could not find TensorRT
2025-06-27 04:06:24,436 - INFO - 🎉 DIMENSION-SAFE SMART SOTA 2025 - STABILITY FOCUSED
2025-06-27 04:06:24,439 - INFO - ================================================================================
2025-06-27 04:06:24,440 - INFO - 🔧 STABILITY IMPROVEMENTS:
2025-06-27 04:06:24,441 - INFO - ✅ Comprehensive tensor dimension validation throughout model
2025-06-27 04:06:24,442 - INFO - ✅ Simplified SOTA components to prevent dimension mismatches
2025-06-27 04:06:24,443 - INFO - ✅ Memory-optimized architecture (reduced filters: 22→18)
2025-06-27 04:06:24,444 - INFO - ✅ Conservative dropout and regularization for stability
2025-06-27 04:06:24,445 - INFO - ✅ Enhanced error handling for multi-GPU training
2025-06-27 04:06:24,446 - INFO - ✅ Disabled Vision Mamba to avoid complex dimension issues
2025-06-27 04:06:24,447 - INFO - ✅ Simplified SAM2 attention with guaranteed 5D tensor handling
2025-06-27 04:06:24,448 - INFO - 🎯 Target: Stable training beyond 48.15% validation Dice
2025-06-27 04:06:24,449 - INFO - ================================================================================
2025-06-27 04:06:24,450 - INFO - 🔧 Setting up memory-limited training environment...
INFO:tensorflow:Mixed precision compatibility check (mixed_float16): OK
Your GPUs will likely run quickly with dtype policy mixed_float16 as they all have compute capability of at least 7.0
2025-06-27 04:06:29,186 - INFO - Mixed precision compatibility check (mixed_float16): OK
Your GPUs will likely run quickly with dtype policy mixed_float16 as they all have compute capability of at least 7.0
2025-06-27 04:06:29,188 - INFO - 🔧 Configuring memory-optimized multi-GPU strategy...
2025-06-27 04:06:29,189 - INFO - Detected GPUs: 4
2025-06-27 04:06:29,190 - WARNING - Could not configure GPU 0: module 'tensorflow._api.v2.config.experimental' has no attribute 'set_memory_limit'
2025-06-27 04:06:29,191 - WARNING - Could not configure GPU 1: module 'tensorflow._api.v2.config.experimental' has no attribute 'set_memory_limit'
2025-06-27 04:06:29,192 - WARNING - Could not configure GPU 2: module 'tensorflow._api.v2.config.experimental' has no attribute 'set_memory_limit'
2025-06-27 04:06:29,193 - WARNING - Could not configure GPU 3: module 'tensorflow._api.v2.config.experimental' has no attribute 'set_memory_limit'
2025-06-27 04:06:29.436325: I tensorflow/core/common_runtime/gpu/gpu_process_state.cc:236] Using CUDA malloc Async allocator for GPU: 0
2025-06-27 04:06:29.437389: I tensorflow/core/common_runtime/gpu/gpu_device.cc:1929] Created device /job:localhost/replica:0/task:0/device:GPU:0 with 22483 MB memory:  -> device: 0, name: NVIDIA RTX 4500 Ada Generation, pci bus id: 0000:1c:00.0, compute capability: 8.9
2025-06-27 04:06:29.438415: I tensorflow/core/common_runtime/gpu/gpu_process_state.cc:236] Using CUDA malloc Async allocator for GPU: 1
2025-06-27 04:06:29.439142: I tensorflow/core/common_runtime/gpu/gpu_device.cc:1929] Created device /job:localhost/replica:0/task:0/device:GPU:1 with 22483 MB memory:  -> device: 1, name: NVIDIA RTX 4500 Ada Generation, pci bus id: 0000:4f:00.0, compute capability: 8.9
2025-06-27 04:06:29.439812: I tensorflow/core/common_runtime/gpu/gpu_process_state.cc:236] Using CUDA malloc Async allocator for GPU: 2
2025-06-27 04:06:29.440512: I tensorflow/core/common_runtime/gpu/gpu_device.cc:1929] Created device /job:localhost/replica:0/task:0/device:GPU:2 with 22483 MB memory:  -> device: 2, name: NVIDIA RTX 4500 Ada Generation, pci bus id: 0000:9d:00.0, compute capability: 8.9
2025-06-27 04:06:29.441411: I tensorflow/core/common_runtime/gpu/gpu_process_state.cc:236] Using CUDA malloc Async allocator for GPU: 3
2025-06-27 04:06:29.442106: I tensorflow/core/common_runtime/gpu/gpu_device.cc:1929] Created device /job:localhost/replica:0/task:0/device:GPU:3 with 22483 MB memory:  -> device: 3, name: NVIDIA RTX 4500 Ada Generation, pci bus id: 0000:ce:00.0, compute capability: 8.9
INFO:tensorflow:Using MirroredStrategy with devices ('/job:localhost/replica:0/task:0/device:GPU:0', '/job:localhost/replica:0/task:0/device:GPU:1', '/job:localhost/replica:0/task:0/device:GPU:2', '/job:localhost/replica:0/task:0/device:GPU:3')
2025-06-27 04:06:29,446 - INFO - Using MirroredStrategy with devices ('/job:localhost/replica:0/task:0/device:GPU:0', '/job:localhost/replica:0/task:0/device:GPU:1', '/job:localhost/replica:0/task:0/device:GPU:2', '/job:localhost/replica:0/task:0/device:GPU:3')
2025-06-27 04:06:29,483 - INFO - 🚀 MirroredStrategy with 4 devices
2025-06-27 04:06:29,484 - INFO - 📚 Loading dataset...
2025-06-27 04:06:29,485 - INFO - Loading dataset from: /mnt/beegfs/hellgate/home/rb194958e/Atlas_2/Training
2025-06-27 04:06:30,458 - INFO - Loaded 655 image/mask pairs from full dataset
2025-06-27 04:06:30,461 - INFO - Dataset split: 556 train, 99 validation
2025-06-27 04:06:30,462 - INFO - 🔄 Creating stable data generators...
2025-06-27 04:06:30,463 - INFO - 🔧 Stable DataGenerator: 556 pairs, batch_size=2
2025-06-27 04:06:30,464 - INFO - 🔧 Stable DataGenerator: 99 pairs, batch_size=2
2025-06-27 04:06:30,465 - INFO - 🏗️ Building dimension-safe model...
2025-06-27 04:06:30,467 - INFO - 🏗️ Building Dimension-Safe SOTA Model...
2025-06-27 04:06:30,482 - INFO - Model input shape: (192, 224, 176, 1)
INFO:tensorflow:Reduce to /job:localhost/replica:0/task:0/device:CPU:0 then broadcast to ('/job:localhost/replica:0/task:0/device:CPU:0',).
2025-06-27 04:06:30,819 - INFO - Reduce to /job:localhost/replica:0/task:0/device:CPU:0 then broadcast to ('/job:localhost/replica:0/task:0/device:CPU:0',).
INFO:tensorflow:Reduce to /job:localhost/replica:0/task:0/device:CPU:0 then broadcast to ('/job:localhost/replica:0/task:0/device:CPU:0',).
2025-06-27 04:06:30,825 - INFO - Reduce to /job:localhost/replica:0/task:0/device:CPU:0 then broadcast to ('/job:localhost/replica:0/task:0/device:CPU:0',).
INFO:tensorflow:Reduce to /job:localhost/replica:0/task:0/device:CPU:0 then broadcast to ('/job:localhost/replica:0/task:0/device:CPU:0',).
2025-06-27 04:06:30,869 - INFO - Reduce to /job:localhost/replica:0/task:0/device:CPU:0 then broadcast to ('/job:localhost/replica:0/task:0/device:CPU:0',).
INFO:tensorflow:Reduce to /job:localhost/replica:0/task:0/device:CPU:0 then broadcast to ('/job:localhost/replica:0/task:0/device:CPU:0',).
2025-06-27 04:06:30,874 - INFO - Reduce to /job:localhost/replica:0/task:0/device:CPU:0 then broadcast to ('/job:localhost/replica:0/task:0/device:CPU:0',).
INFO:tensorflow:Reduce to /job:localhost/replica:0/task:0/device:CPU:0 then broadcast to ('/job:localhost/replica:0/task:0/device:CPU:0',).
2025-06-27 04:06:31,053 - INFO - Reduce to /job:localhost/replica:0/task:0/device:CPU:0 then broadcast to ('/job:localhost/replica:0/task:0/device:CPU:0',).
INFO:tensorflow:Reduce to /job:localhost/replica:0/task:0/device:CPU:0 then broadcast to ('/job:localhost/replica:0/task:0/device:CPU:0',).
2025-06-27 04:06:31,059 - INFO - Reduce to /job:localhost/replica:0/task:0/device:CPU:0 then broadcast to ('/job:localhost/replica:0/task:0/device:CPU:0',).
INFO:tensorflow:Reduce to /job:localhost/replica:0/task:0/device:CPU:0 then broadcast to ('/job:localhost/replica:0/task:0/device:CPU:0',).
2025-06-27 04:06:31,137 - INFO - Reduce to /job:localhost/replica:0/task:0/device:CPU:0 then broadcast to ('/job:localhost/replica:0/task:0/device:CPU:0',).
INFO:tensorflow:Reduce to /job:localhost/replica:0/task:0/device:CPU:0 then broadcast to ('/job:localhost/replica:0/task:0/device:CPU:0',).
2025-06-27 04:06:31,146 - INFO - Reduce to /job:localhost/replica:0/task:0/device:CPU:0 then broadcast to ('/job:localhost/replica:0/task:0/device:CPU:0',).
INFO:tensorflow:Reduce to /job:localhost/replica:0/task:0/device:CPU:0 then broadcast to ('/job:localhost/replica:0/task:0/device:CPU:0',).
2025-06-27 04:06:31,190 - INFO - Reduce to /job:localhost/replica:0/task:0/device:CPU:0 then broadcast to ('/job:localhost/replica:0/task:0/device:CPU:0',).
INFO:tensorflow:Reduce to /job:localhost/replica:0/task:0/device:CPU:0 then broadcast to ('/job:localhost/replica:0/task:0/device:CPU:0',).
2025-06-27 04:06:31,195 - INFO - Reduce to /job:localhost/replica:0/task:0/device:CPU:0 then broadcast to ('/job:localhost/replica:0/task:0/device:CPU:0',).
2025-06-27 04:06:32,560 - ERROR - ❌ Setup failed: Exception encountered when calling layer "att5" (type DimensionSafeAttentionGate).

in user code:

    File "/mnt/beegfs/hellgate/home/rb194958e/stroke_segmentation_sota/smart_sota_2025_final.py", line 321, in call  *
        if not tf.reduce_all(tf.equal(g1_shape[1:4], x1_shape[1:4])):

    TypeError: 'g1' has dtype float32 in the main branch, but dtype float16 in the else branch


Call arguments received by layer "att5" (type DimensionSafeAttentionGate):
  • g=tf.Tensor(shape=(None, 24, 28, 22, 144), dtype=float16)
  • x=tf.Tensor(shape=(None, 24, 28, 22, 144), dtype=float16)
  • training=None
2025-06-27 04:06:32,567 - ERROR - Full traceback: Traceback (most recent call last):
  File "/mnt/beegfs/hellgate/home/rb194958e/stroke_segmentation_sota/smart_sota_2025_final.py", line 712, in train_dimension_safe_sota
    model = build_dimension_safe_sota_model(
            ^^^^^^^^^^^^^^^^^^^^^^^^^^^^^^^^
  File "/mnt/beegfs/hellgate/home/rb194958e/stroke_segmentation_sota/smart_sota_2025_final.py", line 389, in build_dimension_safe_sota_model
    att5 = DimensionSafeAttentionGate(base_filters * 8, base_filters * 8, base_filters * 4,
          ^^^^^^^^^^^^^^^^^^^^^^^^^^^^^^^^^^^^^^^^^^^^^^^^^^^^^^^^^^^^^^^^^^^^^^^^^^^^^^^^
  File "/mnt/beegfs/hellgate/home/rb194958e/.conda/envs/tf215_env/lib/python3.11/site-packages/keras/src/utils/traceback_utils.py", line 70, in error_handler
    raise e.with_traceback(filtered_tb) from None
  File "/tmp/__autograph_generated_file5eepr99r.py", line 33, in tf__call
    ag__.if_stmt(ag__.not_(ag__.converted_call(ag__.ld(tf).reduce_all, (ag__.converted_call(ag__.ld(tf).equal, (ag__.ld(g1_shape)[1:4], ag__.ld(x1_shape)[1:4]), None, fscope),), None, fscope)), if_body, else_body, get_state, set_state, ('g1',), 1)
TypeError: Exception encountered when calling layer "att5" (type DimensionSafeAttentionGate).

in user code:

    File "/mnt/beegfs/hellgate/home/rb194958e/stroke_segmentation_sota/smart_sota_2025_final.py", line 321, in call  *
        if not tf.reduce_all(tf.equal(g1_shape[1:4], x1_shape[1:4])):

    TypeError: 'g1' has dtype float32 in the main branch, but dtype float16 in the else branch


Call arguments received by layer "att5" (type DimensionSafeAttentionGate):
  • g=tf.Tensor(shape=(None, 24, 28, 22, 144), dtype=float16)
  • x=tf.Tensor(shape=(None, 24, 28, 22, 144), dtype=float16)
  • training=None

2025-06-27 04:06:32,568 - ERROR - ❌ Training failed despite dimension safety measures
