2025-07-02 18:26:32.910566: E external/local_xla/xla/stream_executor/cuda/cuda_dnn.cc:9261] Unable to register cuDNN factory: Attempting to register factory for plugin cuDNN when one has already been registered
2025-07-02 18:26:32.911959: E external/local_xla/xla/stream_executor/cuda/cuda_fft.cc:607] Unable to register cuFFT factory: Attempting to register factory for plugin cuFFT when one has already been registered
2025-07-02 18:26:33.036403: E external/local_xla/xla/stream_executor/cuda/cuda_blas.cc:1515] Unable to register cuBLAS factory: Attempting to register factory for plugin cuBLAS when one has already been registered
2025-07-02 18:26:33.304419: I tensorflow/core/platform/cpu_feature_guard.cc:182] This TensorFlow binary is optimized to use available CPU instructions in performance-critical operations.
To enable the following instructions: AVX2 AVX512F AVX512_VNNI FMA, in other operations, rebuild TensorFlow with the appropriate compiler flags.
2025-07-02 18:26:40.015454: W tensorflow/compiler/tf2tensorrt/utils/py_utils.cc:38] TF-TRT Warning: Could not find TensorRT
2025-07-02 18:26:55.569042: W tensorflow/core/common_runtime/gpu/gpu_bfc_allocator.cc:47] Overriding orig_value setting because the TF_FORCE_GPU_ALLOW_GROWTH environment variable is set. Original config value was 0.
2025-07-02 18:26:55.569808: I tensorflow/core/common_runtime/gpu/gpu_process_state.cc:236] Using CUDA malloc Async allocator for GPU: 0
2025-07-02 18:26:55.570761: I tensorflow/core/common_runtime/gpu/gpu_device.cc:1929] Created device /job:localhost/replica:0/task:0/device:GPU:0 with 22483 MB memory:  -> device: 0, name: NVIDIA RTX 4500 Ada Generation, pci bus id: 0000:1c:00.0, compute capability: 8.9
2025-07-02 18:26:55.571752: W tensorflow/core/common_runtime/gpu/gpu_bfc_allocator.cc:47] Overriding orig_value setting because the TF_FORCE_GPU_ALLOW_GROWTH environment variable is set. Original config value was 0.
2025-07-02 18:26:55.572233: I tensorflow/core/common_runtime/gpu/gpu_process_state.cc:236] Using CUDA malloc Async allocator for GPU: 1
2025-07-02 18:26:55.573414: I tensorflow/core/common_runtime/gpu/gpu_device.cc:1929] Created device /job:localhost/replica:0/task:0/device:GPU:1 with 22483 MB memory:  -> device: 1, name: NVIDIA RTX 4500 Ada Generation, pci bus id: 0000:4f:00.0, compute capability: 8.9
2025-07-02 18:26:55.574686: W tensorflow/core/common_runtime/gpu/gpu_bfc_allocator.cc:47] Overriding orig_value setting because the TF_FORCE_GPU_ALLOW_GROWTH environment variable is set. Original config value was 0.
2025-07-02 18:26:55.575155: I tensorflow/core/common_runtime/gpu/gpu_process_state.cc:236] Using CUDA malloc Async allocator for GPU: 2
2025-07-02 18:26:55.575807: I tensorflow/core/common_runtime/gpu/gpu_device.cc:1929] Created device /job:localhost/replica:0/task:0/device:GPU:2 with 22483 MB memory:  -> device: 2, name: NVIDIA RTX 4500 Ada Generation, pci bus id: 0000:9d:00.0, compute capability: 8.9
2025-07-02 18:26:55.576431: W tensorflow/core/common_runtime/gpu/gpu_bfc_allocator.cc:47] Overriding orig_value setting because the TF_FORCE_GPU_ALLOW_GROWTH environment variable is set. Original config value was 0.
2025-07-02 18:26:55.577028: I tensorflow/core/common_runtime/gpu/gpu_process_state.cc:236] Using CUDA malloc Async allocator for GPU: 3
2025-07-02 18:26:55.577603: I tensorflow/core/common_runtime/gpu/gpu_device.cc:1929] Created device /job:localhost/replica:0/task:0/device:GPU:3 with 22483 MB memory:  -> device: 3, name: NVIDIA RTX 4500 Ada Generation, pci bus id: 0000:ce:00.0, compute capability: 8.9
2025-07-02 18:27:02.581477: E external/local_xla/xla/stream_executor/cuda/cuda_dnn.cc:9261] Unable to register cuDNN factory: Attempting to register factory for plugin cuDNN when one has already been registered
2025-07-02 18:27:02.582171: E external/local_xla/xla/stream_executor/cuda/cuda_fft.cc:607] Unable to register cuFFT factory: Attempting to register factory for plugin cuFFT when one has already been registered
2025-07-02 18:27:02.696291: E external/local_xla/xla/stream_executor/cuda/cuda_blas.cc:1515] Unable to register cuBLAS factory: Attempting to register factory for plugin cuBLAS when one has already been registered
2025-07-02 18:27:02.940277: I tensorflow/core/platform/cpu_feature_guard.cc:182] This TensorFlow binary is optimized to use available CPU instructions in performance-critical operations.
To enable the following instructions: AVX2 AVX512F AVX512_VNNI FMA, in other operations, rebuild TensorFlow with the appropriate compiler flags.
2025-07-02 18:27:09.535672: W tensorflow/compiler/tf2tensorrt/utils/py_utils.cc:38] TF-TRT Warning: Could not find TensorRT
2025-07-02 18:27:23,667 - INFO - 🎉 SMART SOTA 2025 WORKING FINAL - ALL ISSUES RESOLVED
2025-07-02 18:27:23,691 - INFO - ================================================================================
2025-07-02 18:27:23,692 - INFO - ✅ Tensor dimension compatibility fixed for all channel sizes
2025-07-02 18:27:23,693 - INFO - ✅ Enhanced SAM2 with hierarchical memory banks (working)
2025-07-02 18:27:23,694 - INFO - ✅ Multi-head attention with adaptive head selection
2025-07-02 18:27:23,695 - INFO - ✅ Mixed precision training fully compatible
2025-07-02 18:27:23,696 - INFO - ✅ Vision Mamba integration (working)
2025-07-02 18:27:23,697 - INFO - ✅ Boundary-aware loss functions (working)
2025-07-02 18:27:23,698 - INFO - ✅ Production-ready error handling
2025-07-02 18:27:23,699 - INFO - ✅ Multi-GPU training optimized
2025-07-02 18:27:23,700 - INFO - 🎯 Target: 70-78% validation Dice breakthrough
2025-07-02 18:27:23,701 - INFO - ================================================================================
2025-07-02 18:27:23,702 - INFO - 🔧 Setting up training environment...
INFO:tensorflow:Mixed precision compatibility check (mixed_float16): OK
Your GPUs will likely run quickly with dtype policy mixed_float16 as they all have compute capability of at least 7.0
2025-07-02 18:27:27,869 - INFO - Mixed precision compatibility check (mixed_float16): OK
Your GPUs will likely run quickly with dtype policy mixed_float16 as they all have compute capability of at least 7.0
2025-07-02 18:27:27,871 - INFO - ✅ Mixed precision enabled (mixed_float16)
2025-07-02 18:27:27,872 - INFO - 🔧 Configuring multi-GPU strategy...
2025-07-02 18:27:27,873 - INFO - Detected GPUs: 4
2025-07-02 18:27:28.115963: I tensorflow/core/common_runtime/gpu/gpu_process_state.cc:236] Using CUDA malloc Async allocator for GPU: 0
2025-07-02 18:27:28.117312: I tensorflow/core/common_runtime/gpu/gpu_device.cc:1929] Created device /job:localhost/replica:0/task:0/device:GPU:0 with 22483 MB memory:  -> device: 0, name: NVIDIA RTX 4500 Ada Generation, pci bus id: 0000:1c:00.0, compute capability: 8.9
2025-07-02 18:27:28.118313: I tensorflow/core/common_runtime/gpu/gpu_process_state.cc:236] Using CUDA malloc Async allocator for GPU: 1
2025-07-02 18:27:28.118991: I tensorflow/core/common_runtime/gpu/gpu_device.cc:1929] Created device /job:localhost/replica:0/task:0/device:GPU:1 with 22483 MB memory:  -> device: 1, name: NVIDIA RTX 4500 Ada Generation, pci bus id: 0000:4f:00.0, compute capability: 8.9
2025-07-02 18:27:28.120297: I tensorflow/core/common_runtime/gpu/gpu_process_state.cc:236] Using CUDA malloc Async allocator for GPU: 2
2025-07-02 18:27:28.121047: I tensorflow/core/common_runtime/gpu/gpu_device.cc:1929] Created device /job:localhost/replica:0/task:0/device:GPU:2 with 22483 MB memory:  -> device: 2, name: NVIDIA RTX 4500 Ada Generation, pci bus id: 0000:9d:00.0, compute capability: 8.9
2025-07-02 18:27:28.121953: I tensorflow/core/common_runtime/gpu/gpu_process_state.cc:236] Using CUDA malloc Async allocator for GPU: 3
2025-07-02 18:27:28.122777: I tensorflow/core/common_runtime/gpu/gpu_device.cc:1929] Created device /job:localhost/replica:0/task:0/device:GPU:3 with 22483 MB memory:  -> device: 3, name: NVIDIA RTX 4500 Ada Generation, pci bus id: 0000:ce:00.0, compute capability: 8.9
INFO:tensorflow:Using MirroredStrategy with devices ('/job:localhost/replica:0/task:0/device:GPU:0', '/job:localhost/replica:0/task:0/device:GPU:1', '/job:localhost/replica:0/task:0/device:GPU:2', '/job:localhost/replica:0/task:0/device:GPU:3')
2025-07-02 18:27:28,126 - INFO - Using MirroredStrategy with devices ('/job:localhost/replica:0/task:0/device:GPU:0', '/job:localhost/replica:0/task:0/device:GPU:1', '/job:localhost/replica:0/task:0/device:GPU:2', '/job:localhost/replica:0/task:0/device:GPU:3')
2025-07-02 18:27:28,163 - INFO - 🚀 MirroredStrategy with 4 devices
2025-07-02 18:27:28,164 - INFO - 📚 Loading dataset...
2025-07-02 18:27:28,166 - INFO - Loading dataset from: /mnt/beegfs/hellgate/home/rb194958e/Atlas_2/Training
2025-07-02 18:27:28,942 - INFO - Loaded 655 image/mask pairs from full dataset
2025-07-02 18:27:28,945 - INFO - Dataset split: 556 train, 99 validation
2025-07-02 18:27:28,946 - INFO - 🔄 Creating data generators...
2025-07-02 18:27:28,947 - INFO - 🏗️ Building working final model...
2025-07-02 18:27:28,949 - INFO - 🏗️ Building Smart SOTA 2025 Working Final Model...
INFO:tensorflow:Reduce to /job:localhost/replica:0/task:0/device:CPU:0 then broadcast to ('/job:localhost/replica:0/task:0/device:CPU:0',).
2025-07-02 18:27:29,127 - INFO - Reduce to /job:localhost/replica:0/task:0/device:CPU:0 then broadcast to ('/job:localhost/replica:0/task:0/device:CPU:0',).
INFO:tensorflow:Reduce to /job:localhost/replica:0/task:0/device:CPU:0 then broadcast to ('/job:localhost/replica:0/task:0/device:CPU:0',).
2025-07-02 18:27:29,133 - INFO - Reduce to /job:localhost/replica:0/task:0/device:CPU:0 then broadcast to ('/job:localhost/replica:0/task:0/device:CPU:0',).
INFO:tensorflow:Reduce to /job:localhost/replica:0/task:0/device:CPU:0 then broadcast to ('/job:localhost/replica:0/task:0/device:CPU:0',).
2025-07-02 18:27:29,176 - INFO - Reduce to /job:localhost/replica:0/task:0/device:CPU:0 then broadcast to ('/job:localhost/replica:0/task:0/device:CPU:0',).
INFO:tensorflow:Reduce to /job:localhost/replica:0/task:0/device:CPU:0 then broadcast to ('/job:localhost/replica:0/task:0/device:CPU:0',).
2025-07-02 18:27:29,182 - INFO - Reduce to /job:localhost/replica:0/task:0/device:CPU:0 then broadcast to ('/job:localhost/replica:0/task:0/device:CPU:0',).
INFO:tensorflow:Reduce to /job:localhost/replica:0/task:0/device:CPU:0 then broadcast to ('/job:localhost/replica:0/task:0/device:CPU:0',).
2025-07-02 18:27:29,260 - INFO - Reduce to /job:localhost/replica:0/task:0/device:CPU:0 then broadcast to ('/job:localhost/replica:0/task:0/device:CPU:0',).
INFO:tensorflow:Reduce to /job:localhost/replica:0/task:0/device:CPU:0 then broadcast to ('/job:localhost/replica:0/task:0/device:CPU:0',).
2025-07-02 18:27:29,266 - INFO - Reduce to /job:localhost/replica:0/task:0/device:CPU:0 then broadcast to ('/job:localhost/replica:0/task:0/device:CPU:0',).
2025-07-02 18:27:29,281 - INFO - 🔧 Working Enhanced SAM2: channels=44, scales=3
2025-07-02 18:27:29,392 - INFO - 🔧 Working attention: channels=44, heads=4, head_dim=11
2025-07-02 18:27:29,394 - INFO - ✅ Dimension check: 44 = 4 × 11
INFO:tensorflow:Reduce to /job:localhost/replica:0/task:0/device:CPU:0 then broadcast to ('/job:localhost/replica:0/task:0/device:CPU:0',).
2025-07-02 18:27:29,449 - INFO - Reduce to /job:localhost/replica:0/task:0/device:CPU:0 then broadcast to ('/job:localhost/replica:0/task:0/device:CPU:0',).
INFO:tensorflow:Reduce to /job:localhost/replica:0/task:0/device:CPU:0 then broadcast to ('/job:localhost/replica:0/task:0/device:CPU:0',).
2025-07-02 18:27:29,455 - INFO - Reduce to /job:localhost/replica:0/task:0/device:CPU:0 then broadcast to ('/job:localhost/replica:0/task:0/device:CPU:0',).
INFO:tensorflow:Reduce to /job:localhost/replica:0/task:0/device:CPU:0 then broadcast to ('/job:localhost/replica:0/task:0/device:CPU:0',).
2025-07-02 18:27:29,498 - INFO - Reduce to /job:localhost/replica:0/task:0/device:CPU:0 then broadcast to ('/job:localhost/replica:0/task:0/device:CPU:0',).
INFO:tensorflow:Reduce to /job:localhost/replica:0/task:0/device:CPU:0 then broadcast to ('/job:localhost/replica:0/task:0/device:CPU:0',).
2025-07-02 18:27:29,504 - INFO - Reduce to /job:localhost/replica:0/task:0/device:CPU:0 then broadcast to ('/job:localhost/replica:0/task:0/device:CPU:0',).
2025-07-02 18:27:30,488 - INFO - 🔧 Working Enhanced SAM2: channels=88, scales=3
2025-07-02 18:27:30,509 - INFO - 🔧 Working attention: channels=88, heads=8, head_dim=11
2025-07-02 18:27:30,511 - INFO - ✅ Dimension check: 88 = 8 × 11
2025-07-02 18:27:31,517 - INFO - 🔧 Working Enhanced SAM2: channels=176, scales=3
2025-07-02 18:27:31,539 - INFO - 🔧 Working attention: channels=176, heads=8, head_dim=22
2025-07-02 18:27:31,540 - INFO - ✅ Dimension check: 176 = 8 × 22
2025-07-02 18:27:32,335 - INFO - 🔧 Working Enhanced SAM2: channels=264, scales=3
2025-07-02 18:27:32,357 - INFO - 🔧 Working attention: channels=264, heads=8, head_dim=33
2025-07-02 18:27:32,359 - INFO - ✅ Dimension check: 264 = 8 × 33
2025-07-02 18:27:33,313 - INFO - 🔧 Working Enhanced SAM2: channels=176, scales=3
2025-07-02 18:27:33,332 - INFO - 🔧 Working attention: channels=176, heads=8, head_dim=22
2025-07-02 18:27:33,333 - INFO - ✅ Dimension check: 176 = 8 × 22
2025-07-02 18:27:34,329 - INFO - 🔧 Working Enhanced SAM2: channels=88, scales=3
2025-07-02 18:27:34,348 - INFO - 🔧 Working attention: channels=88, heads=8, head_dim=11
2025-07-02 18:27:34,350 - INFO - ✅ Dimension check: 88 = 8 × 11
2025-07-02 18:27:35,223 - INFO - 🔧 Working Enhanced SAM2: channels=44, scales=3
2025-07-02 18:27:35,242 - INFO - 🔧 Working attention: channels=44, heads=4, head_dim=11
2025-07-02 18:27:35,243 - INFO - ✅ Dimension check: 44 = 4 × 11
2025-07-02 18:27:36,189 - INFO - ✅ Model built successfully: 24,309,960 parameters
2025-07-02 18:27:36,196 - INFO - 🔥 Model parameters: 24,309,960
2025-07-02 18:27:36,233 - INFO - 🧪 Testing data generators and model...
pixdim[0] (qfac) should be 1 (default) or -1; setting qfac to 1
2025-07-02 18:27:36,368 - INFO - pixdim[0] (qfac) should be 1 (default) or -1; setting qfac to 1
pixdim[0] (qfac) should be 1 (default) or -1; setting qfac to 1
2025-07-02 18:27:37,499 - INFO - pixdim[0] (qfac) should be 1 (default) or -1; setting qfac to 1
pixdim[0] (qfac) should be 1 (default) or -1; setting qfac to 1
2025-07-02 18:27:38,677 - INFO - pixdim[0] (qfac) should be 1 (default) or -1; setting qfac to 1
pixdim[0] (qfac) should be 1 (default) or -1; setting qfac to 1
2025-07-02 18:27:39,790 - INFO - pixdim[0] (qfac) should be 1 (default) or -1; setting qfac to 1
pixdim[0] (qfac) should be 1 (default) or -1; setting qfac to 1
2025-07-02 18:27:41,197 - INFO - pixdim[0] (qfac) should be 1 (default) or -1; setting qfac to 1
pixdim[0] (qfac) should be 1 (default) or -1; setting qfac to 1
2025-07-02 18:27:42,324 - INFO - pixdim[0] (qfac) should be 1 (default) or -1; setting qfac to 1
pixdim[0] (qfac) should be 1 (default) or -1; setting qfac to 1
2025-07-02 18:27:43,453 - INFO - pixdim[0] (qfac) should be 1 (default) or -1; setting qfac to 1
pixdim[0] (qfac) should be 1 (default) or -1; setting qfac to 1
2025-07-02 18:27:44,551 - INFO - pixdim[0] (qfac) should be 1 (default) or -1; setting qfac to 1
2025-07-02 18:27:45,524 - INFO - ✅ Train batch: X=(4, 192, 224, 176, 1), y=(4, 192, 224, 176, 1)
2025-07-02 18:27:45,527 - INFO - ✅ Val batch: X=(4, 192, 224, 176, 1), y=(4, 192, 224, 176, 1)
2025-07-02 18:27:45.641250: I external/local_xla/xla/stream_executor/cuda/cuda_dnn.cc:454] Loaded cuDNN version 8907
2025-07-02 18:27:50.280511: W tensorflow/core/framework/op_kernel.cc:1827] INVALID_ARGUMENT: required broadcastable shapes
2025-07-02 18:27:50,282 - ERROR - ❌ Data/model test failed: Exception encountered when calling layer 'stage2_enhanced_sam2' (type WorkingEnhancedSAM2Attention).

{{function_node __wrapped__AddV2_device_/job:localhost/replica:0/task:0/device:GPU:0}} required broadcastable shapes [Op:AddV2] name: 

Call arguments received by layer 'stage2_enhanced_sam2' (type WorkingEnhancedSAM2Attention):
  • x=tf.Tensor(shape=(1, 96, 112, 88, 44), dtype=float16)
  • training=False
2025-07-02 18:27:50,289 - ERROR - Full traceback: Traceback (most recent call last):
  File "/mnt/beegfs/hellgate/home/rb194958e/stroke_segmentation_sota/smart_sota_2025_claude.py", line 991, in train_smart_sota_2025_working_final
    test_output = model(X_train[:1], training=False)
                  ^^^^^^^^^^^^^^^^^^^^^^^^^^^^^^^^^^
  File "/mnt/beegfs/hellgate/home/rb194958e/.conda/envs/tf215_env/lib/python3.11/site-packages/keras/src/utils/traceback_utils.py", line 70, in error_handler
    raise e.with_traceback(filtered_tb) from None
  File "/mnt/beegfs/hellgate/home/rb194958e/stroke_segmentation_sota/smart_sota_2025_claude.py", line 522, in call
    x = self.enhanced_sam2_attention(x, training=training)
        ^^^^^^^^^^^^^^^^^^^^^^^^^^^^^^^^^^^^^^^^^^^^^^^^^^
  File "/mnt/beegfs/hellgate/home/rb194958e/stroke_segmentation_sota/smart_sota_2025_claude.py", line 347, in call
    aggregated = aggregated + enhanced_upsampled
                 ~~~~~~~~~~~^~~~~~~~~~~~~~~~~~~~
tensorflow.python.framework.errors_impl.InvalidArgumentError: Exception encountered when calling layer 'stage2_enhanced_sam2' (type WorkingEnhancedSAM2Attention).

{{function_node __wrapped__AddV2_device_/job:localhost/replica:0/task:0/device:GPU:0}} required broadcastable shapes [Op:AddV2] name: 

Call arguments received by layer 'stage2_enhanced_sam2' (type WorkingEnhancedSAM2Attention):
  • x=tf.Tensor(shape=(1, 96, 112, 88, 44), dtype=float16)
  • training=False

2025-07-02 18:27:50,290 - ERROR - ❌ Training failed despite complete fixes
