==================================================
🚀 FULL STATE-OF-THE-ART STROKE SEGMENTATION (FIXED)
==================================================
Job ID: 1124347
Node: hggpu9-1
Start Time: Sun Jun 15 05:11:15 UTC 2025

📦 Setting up environment...
🔍 Checking environment...
TensorFlow version: 2.15.1
GPUs available: 1
  PhysicalDevice(name='/physical_device:GPU:0', device_type='GPU')

📁 Checking data directory...
Training data: /mnt/beegfs/hellgate/home/rb194958e/Atlas_2/Training_Split
total 3
drwxr-xr-x 4 rb194958e GeneralUsers   2 Jun 10 23:23 .
drwxr-x--- 6 rb194958e ChurchLab      8 Jun 10 23:23 ..
drwxr-xr-x 2 rb194958e GeneralUsers 600 Jun 10 23:24 Images
drwxr-xr-x 2 rb194958e GeneralUsers 600 Jun 10 23:24 Masks

📊 Dataset statistics:
Training images: 600
Training masks: 600

🚀 Starting Full SOTA Training (Fixed)...
==================================================

❌ Training failed! Check error logs.

End Time: Sun Jun 15 05:12:56 UTC 2025
==================================================
