2025-06-14 23:45:49.500076: I tensorflow/core/util/port.cc:113] oneDNN custom operations are on. You may see slightly different numerical results due to floating-point round-off errors from different computation orders. To turn them off, set the environment variable `TF_ENABLE_ONEDNN_OPTS=0`.
2025-06-14 23:45:50.267389: E external/local_xla/xla/stream_executor/cuda/cuda_dnn.cc:9261] Unable to register cuDNN factory: Attempting to register factory for plugin cuDNN when one has already been registered
2025-06-14 23:45:50.267962: E external/local_xla/xla/stream_executor/cuda/cuda_fft.cc:607] Unable to register cuFFT factory: Attempting to register factory for plugin cuFFT when one has already been registered
2025-06-14 23:45:50.384850: E external/local_xla/xla/stream_executor/cuda/cuda_blas.cc:1515] Unable to register cuBLAS factory: Attempting to register factory for plugin cuBLAS when one has already been registered
2025-06-14 23:45:50.646749: I tensorflow/core/platform/cpu_feature_guard.cc:182] This TensorFlow binary is optimized to use available CPU instructions in performance-critical operations.
To enable the following instructions: AVX2 AVX512F AVX512_VNNI FMA, in other operations, rebuild TensorFlow with the appropriate compiler flags.
2025-06-14 23:45:57.392392: W tensorflow/compiler/tf2tensorrt/utils/py_utils.cc:38] TF-TRT Warning: Could not find TensorRT
INFO:__main__:🚀 Starting Stroke Lesion Segmentation Training
INFO:__main__:Using 1 GPU(s)
INFO:__main__:Creating data generators...
INFO:__main__:Found 655 valid image/mask pairs
INFO:__main__:Found 655 valid image/mask pairs
INFO:__main__:Training batches: 262
INFO:__main__:Validation batches: 65
INFO:__main__:Building model...
2025-06-14 23:46:11.852744: I tensorflow/core/common_runtime/gpu/gpu_device.cc:1929] Created device /job:localhost/replica:0/task:0/device:GPU:0 with 22483 MB memory:  -> device: 0, name: NVIDIA RTX 4500 Ada Generation, pci bus id: 0000:1c:00.0, compute capability: 8.9
INFO:__main__:Model parameters: 5,605,345
INFO:__main__:Starting training...
pixdim[0] (qfac) should be 1 (default) or -1; setting qfac to 1
INFO:nibabel.global:pixdim[0] (qfac) should be 1 (default) or -1; setting qfac to 1
pixdim[0] (qfac) should be 1 (default) or -1; setting qfac to 1
INFO:nibabel.global:pixdim[0] (qfac) should be 1 (default) or -1; setting qfac to 1
pixdim[0] (qfac) should be 1 (default) or -1; setting qfac to 1
INFO:nibabel.global:pixdim[0] (qfac) should be 1 (default) or -1; setting qfac to 1
pixdim[0] (qfac) should be 1 (default) or -1; setting qfac to 1
INFO:nibabel.global:pixdim[0] (qfac) should be 1 (default) or -1; setting qfac to 1
2025-06-14 23:46:19.356832: I external/local_xla/xla/stream_executor/cuda/cuda_dnn.cc:454] Loaded cuDNN version 8907
pixdim[0] (qfac) should be 1 (default) or -1; setting qfac to 1
INFO:nibabel.global:pixdim[0] (qfac) should be 1 (default) or -1; setting qfac to 1
pixdim[0] (qfac) should be 1 (default) or -1; setting qfac to 1
INFO:nibabel.global:pixdim[0] (qfac) should be 1 (default) or -1; setting qfac to 1
pixdim[0] (qfac) should be 1 (default) or -1; setting qfac to 1
INFO:nibabel.global:pixdim[0] (qfac) should be 1 (default) or -1; setting qfac to 1
pixdim[0] (qfac) should be 1 (default) or -1; setting qfac to 1
INFO:nibabel.global:pixdim[0] (qfac) should be 1 (default) or -1; setting qfac to 1
2025-06-14 23:46:35.817997: W external/local_tsl/tsl/framework/bfc_allocator.cc:296] Allocator (GPU_0_bfc) ran out of memory trying to allocate 2.27GiB with freed_by_count=0. The caller indicates that this is not a failure, but this may mean that there could be performance gains if more memory were available.
2025-06-14 23:46:35.919482: W external/local_tsl/tsl/framework/bfc_allocator.cc:296] Allocator (GPU_0_bfc) ran out of memory trying to allocate 2.30GiB with freed_by_count=0. The caller indicates that this is not a failure, but this may mean that there could be performance gains if more memory were available.
2025-06-14 23:46:35.920481: W external/local_tsl/tsl/framework/bfc_allocator.cc:296] Allocator (GPU_0_bfc) ran out of memory trying to allocate 2.27GiB with freed_by_count=0. The caller indicates that this is not a failure, but this may mean that there could be performance gains if more memory were available.
2025-06-14 23:46:36.542373: W external/local_tsl/tsl/framework/bfc_allocator.cc:296] Allocator (GPU_0_bfc) ran out of memory trying to allocate 2.27GiB with freed_by_count=0. The caller indicates that this is not a failure, but this may mean that there could be performance gains if more memory were available.
2025-06-14 23:46:36.595743: W external/local_tsl/tsl/framework/bfc_allocator.cc:296] Allocator (GPU_0_bfc) ran out of memory trying to allocate 2.30GiB with freed_by_count=0. The caller indicates that this is not a failure, but this may mean that there could be performance gains if more memory were available.
2025-06-14 23:46:36.596905: W external/local_tsl/tsl/framework/bfc_allocator.cc:296] Allocator (GPU_0_bfc) ran out of memory trying to allocate 2.27GiB with freed_by_count=0. The caller indicates that this is not a failure, but this may mean that there could be performance gains if more memory were available.
2025-06-14 23:46:47.218423: W external/local_tsl/tsl/framework/bfc_allocator.cc:485] Allocator (GPU_0_bfc) ran out of memory trying to allocate 3.61GiB (rounded to 3875536896)requested by op model/concatenate_2/concat
If the cause is memory fragmentation maybe the environment variable 'TF_GPU_ALLOCATOR=cuda_malloc_async' will improve the situation. 
Current allocation summary follows.
Current allocation summary follows.
2025-06-14 23:46:47.219404: I external/local_tsl/tsl/framework/bfc_allocator.cc:1039] BFCAllocator dump for GPU_0_bfc
2025-06-14 23:46:47.220244: I external/local_tsl/tsl/framework/bfc_allocator.cc:1046] Bin (256): 	Total Chunks: 155, Chunks in use: 155. 38.8KiB allocated for chunks. 38.8KiB in use in bin. 20.7KiB client-requested in use in bin.
2025-06-14 23:46:47.220815: I external/local_tsl/tsl/framework/bfc_allocator.cc:1046] Bin (512): 	Total Chunks: 56, Chunks in use: 55. 28.2KiB allocated for chunks. 27.8KiB in use in bin. 27.5KiB client-requested in use in bin.
2025-06-14 23:46:47.221288: I external/local_tsl/tsl/framework/bfc_allocator.cc:1046] Bin (1024): 	Total Chunks: 27, Chunks in use: 27. 27.2KiB allocated for chunks. 27.2KiB in use in bin. 27.0KiB client-requested in use in bin.
2025-06-14 23:46:47.221709: I external/local_tsl/tsl/framework/bfc_allocator.cc:1046] Bin (2048): 	Total Chunks: 3, Chunks in use: 3. 10.5KiB allocated for chunks. 10.5KiB in use in bin. 10.1KiB client-requested in use in bin.
2025-06-14 23:46:47.222127: I external/local_tsl/tsl/framework/bfc_allocator.cc:1046] Bin (4096): 	Total Chunks: 0, Chunks in use: 0. 0B allocated for chunks. 0B in use in bin. 0B client-requested in use in bin.
2025-06-14 23:46:47.222530: I external/local_tsl/tsl/framework/bfc_allocator.cc:1046] Bin (8192): 	Total Chunks: 0, Chunks in use: 0. 0B allocated for chunks. 0B in use in bin. 0B client-requested in use in bin.
2025-06-14 23:46:47.222868: I external/local_tsl/tsl/framework/bfc_allocator.cc:1046] Bin (16384): 	Total Chunks: 0, Chunks in use: 0. 0B allocated for chunks. 0B in use in bin. 0B client-requested in use in bin.
2025-06-14 23:46:47.223241: I external/local_tsl/tsl/framework/bfc_allocator.cc:1046] Bin (32768): 	Total Chunks: 0, Chunks in use: 0. 0B allocated for chunks. 0B in use in bin. 0B client-requested in use in bin.
2025-06-14 23:46:47.223625: I external/local_tsl/tsl/framework/bfc_allocator.cc:1046] Bin (65536): 	Total Chunks: 7, Chunks in use: 7. 653.0KiB allocated for chunks. 653.0KiB in use in bin. 624.0KiB client-requested in use in bin.
2025-06-14 23:46:47.224117: I external/local_tsl/tsl/framework/bfc_allocator.cc:1046] Bin (131072): 	Total Chunks: 8, Chunks in use: 8. 1.58MiB allocated for chunks. 1.58MiB in use in bin. 1.48MiB client-requested in use in bin.
2025-06-14 23:46:47.224559: I external/local_tsl/tsl/framework/bfc_allocator.cc:1046] Bin (262144): 	Total Chunks: 8, Chunks in use: 8. 2.95MiB allocated for chunks. 2.95MiB in use in bin. 2.86MiB client-requested in use in bin.
2025-06-14 23:46:47.224969: I external/local_tsl/tsl/framework/bfc_allocator.cc:1046] Bin (524288): 	Total Chunks: 7, Chunks in use: 7. 5.89MiB allocated for chunks. 5.89MiB in use in bin. 5.48MiB client-requested in use in bin.
2025-06-14 23:46:47.225415: I external/local_tsl/tsl/framework/bfc_allocator.cc:1046] Bin (1048576): 	Total Chunks: 9, Chunks in use: 9. 14.02MiB allocated for chunks. 14.02MiB in use in bin. 13.12MiB client-requested in use in bin.
2025-06-14 23:46:47.225773: I external/local_tsl/tsl/framework/bfc_allocator.cc:1046] Bin (2097152): 	Total Chunks: 5, Chunks in use: 5. 17.38MiB allocated for chunks. 17.38MiB in use in bin. 16.88MiB client-requested in use in bin.
2025-06-14 23:46:47.226144: I external/local_tsl/tsl/framework/bfc_allocator.cc:1046] Bin (4194304): 	Total Chunks: 3, Chunks in use: 3. 18.12MiB allocated for chunks. 18.12MiB in use in bin. 16.88MiB client-requested in use in bin.
2025-06-14 23:46:47.226574: I external/local_tsl/tsl/framework/bfc_allocator.cc:1046] Bin (8388608): 	Total Chunks: 3, Chunks in use: 3. 40.62MiB allocated for chunks. 40.62MiB in use in bin. 35.62MiB client-requested in use in bin.
2025-06-14 23:46:47.226953: I external/local_tsl/tsl/framework/bfc_allocator.cc:1046] Bin (16777216): 	Total Chunks: 5, Chunks in use: 4. 140.19MiB allocated for chunks. 115.50MiB in use in bin. 115.50MiB client-requested in use in bin.
2025-06-14 23:46:47.227311: I external/local_tsl/tsl/framework/bfc_allocator.cc:1046] Bin (33554432): 	Total Chunks: 2, Chunks in use: 2. 115.50MiB allocated for chunks. 115.50MiB in use in bin. 115.50MiB client-requested in use in bin.
2025-06-14 23:46:47.227697: I external/local_tsl/tsl/framework/bfc_allocator.cc:1046] Bin (67108864): 	Total Chunks: 8, Chunks in use: 8. 874.50MiB allocated for chunks. 874.50MiB in use in bin. 808.50MiB client-requested in use in bin.
2025-06-14 23:46:47.228078: I external/local_tsl/tsl/framework/bfc_allocator.cc:1046] Bin (134217728): 	Total Chunks: 5, Chunks in use: 5. 1.07GiB allocated for chunks. 1.07GiB in use in bin. 924.00MiB client-requested in use in bin.
2025-06-14 23:46:47.228436: I external/local_tsl/tsl/framework/bfc_allocator.cc:1046] Bin (268435456): 	Total Chunks: 18, Chunks in use: 15. 19.69GiB allocated for chunks. 15.34GiB in use in bin. 15.34GiB client-requested in use in bin.
2025-06-14 23:46:47.228812: I external/local_tsl/tsl/framework/bfc_allocator.cc:1062] Bin for 3.61GiB was 256.00MiB, Chunk State: 
2025-06-14 23:46:47.229224: I external/local_tsl/tsl/framework/bfc_allocator.cc:1068]   Size: 453.50MiB | Requested Size: 16.00MiB | in_use: 0 | bin_num: 20, prev:   Size: 462.00MiB | Requested Size: 462.00MiB | in_use: 1 | bin_num: -1
2025-06-14 23:46:47.229631: I external/local_tsl/tsl/framework/bfc_allocator.cc:1068]   Size: 1.80GiB | Requested Size: 1.80GiB | in_use: 0 | bin_num: 20, next:   Size: 1.80GiB | Requested Size: 1.80GiB | in_use: 1 | bin_num: -1
2025-06-14 23:46:47.230024: I external/local_tsl/tsl/framework/bfc_allocator.cc:1068]   Size: 2.10GiB | Requested Size: 1.82GiB | in_use: 0 | bin_num: 20, prev:   Size: 1.80GiB | Requested Size: 1.80GiB | in_use: 1 | bin_num: -1
2025-06-14 23:46:47.230393: I external/local_tsl/tsl/framework/bfc_allocator.cc:1075] Next region of size 6129582080
2025-06-14 23:46:47.230807: I external/local_tsl/tsl/framework/bfc_allocator.cc:1095] Free  at 7f28fc000000 of size 1937768448 next 107
2025-06-14 23:46:47.231221: I external/local_tsl/tsl/framework/bfc_allocator.cc:1095] InUse at 7f296f800000 of size 1937768448 next 329
2025-06-14 23:46:47.231567: I external/local_tsl/tsl/framework/bfc_allocator.cc:1095] Free  at 7f29e3000000 of size 2254045184 next 18446744073709551615
2025-06-14 23:46:47.231902: I external/local_tsl/tsl/framework/bfc_allocator.cc:1075] Next region of size 8589934592
2025-06-14 23:46:47.232309: I external/local_tsl/tsl/framework/bfc_allocator.cc:1095] InUse at 7f2a8a000000 of size 1937768448 next 282
2025-06-14 23:46:47.232628: I external/local_tsl/tsl/framework/bfc_allocator.cc:1095] InUse at 7f2afd800000 of size 242221056 next 283
2025-06-14 23:46:47.232960: I external/local_tsl/tsl/framework/bfc_allocator.cc:1095] InUse at 7f2b0bf00000 of size 484442112 next 284
2025-06-14 23:46:47.233291: I external/local_tsl/tsl/framework/bfc_allocator.cc:1095] InUse at 7f2b28d00000 of size 484442112 next 285
2025-06-14 23:46:47.233620: I external/local_tsl/tsl/framework/bfc_allocator.cc:1095] InUse at 7f2b45b00000 of size 484442112 next 29
2025-06-14 23:46:47.234022: I external/local_tsl/tsl/framework/bfc_allocator.cc:1095] InUse at 7f2b62900000 of size 484442112 next 289
2025-06-14 23:46:47.234382: I external/local_tsl/tsl/framework/bfc_allocator.cc:1095] InUse at 7f2b7f700000 of size 484442112 next 293
2025-06-14 23:46:47.234711: I external/local_tsl/tsl/framework/bfc_allocator.cc:1095] InUse at 7f2b9c500000 of size 121110528 next 47
2025-06-14 23:46:47.235051: I external/local_tsl/tsl/framework/bfc_allocator.cc:1095] InUse at 7f2ba3880000 of size 121110528 next 296
2025-06-14 23:46:47.235383: I external/local_tsl/tsl/framework/bfc_allocator.cc:1095] InUse at 7f2baac00000 of size 121110528 next 300
2025-06-14 23:46:47.235791: I external/local_tsl/tsl/framework/bfc_allocator.cc:1095] InUse at 7f2bb1f80000 of size 30277632 next 302
2025-06-14 23:46:47.236137: I external/local_tsl/tsl/framework/bfc_allocator.cc:1095] InUse at 7f2bb3c60000 of size 30277632 next 303
2025-06-14 23:46:47.236461: I external/local_tsl/tsl/framework/bfc_allocator.cc:1095] InUse at 7f2bb5940000 of size 30277632 next 66
2025-06-14 23:46:47.236826: I external/local_tsl/tsl/framework/bfc_allocator.cc:1095] InUse at 7f2bb7620000 of size 30277632 next 307
2025-06-14 23:46:47.237183: I external/local_tsl/tsl/framework/bfc_allocator.cc:1095] InUse at 7f2bb9300000 of size 121110528 next 76
2025-06-14 23:46:47.237517: I external/local_tsl/tsl/framework/bfc_allocator.cc:1095] InUse at 7f2bc0680000 of size 121110528 next 312
2025-06-14 23:46:47.237858: I external/local_tsl/tsl/framework/bfc_allocator.cc:1095] InUse at 7f2bc7a00000 of size 242221056 next 311
2025-06-14 23:46:47.238186: I external/local_tsl/tsl/framework/bfc_allocator.cc:1095] InUse at 7f2bd6100000 of size 121110528 next 85
2025-06-14 23:46:47.238510: I external/local_tsl/tsl/framework/bfc_allocator.cc:1095] InUse at 7f2bdd480000 of size 484442112 next 325
2025-06-14 23:46:47.238860: I external/local_tsl/tsl/framework/bfc_allocator.cc:1095] InUse at 7f2bfa280000 of size 484442112 next 320
2025-06-14 23:46:47.239210: I external/local_tsl/tsl/framework/bfc_allocator.cc:1095] InUse at 7f2c17080000 of size 968884224 next 319
2025-06-14 23:46:47.239549: I external/local_tsl/tsl/framework/bfc_allocator.cc:1095] InUse at 7f2c50c80000 of size 484442112 next 91
2025-06-14 23:46:47.239898: I external/local_tsl/tsl/framework/bfc_allocator.cc:1095] Free  at 7f2c6da80000 of size 475529216 next 18446744073709551615
2025-06-14 23:46:47.240221: I external/local_tsl/tsl/framework/bfc_allocator.cc:1075] Next region of size 4294967296
2025-06-14 23:46:47.240669: I external/local_tsl/tsl/framework/bfc_allocator.cc:1095] InUse at 7f2cac000000 of size 1937768448 next 11
2025-06-14 23:46:47.241015: I external/local_tsl/tsl/framework/bfc_allocator.cc:1095] InUse at 7f2d1f800000 of size 1937768448 next 277
2025-06-14 23:46:47.241368: I external/local_tsl/tsl/framework/bfc_allocator.cc:1095] InUse at 7f2d93000000 of size 242221056 next 20
2025-06-14 23:46:47.241783: I external/local_tsl/tsl/framework/bfc_allocator.cc:1095] InUse at 7f2da1700000 of size 60555264 next 38
2025-06-14 23:46:47.242178: I external/local_tsl/tsl/framework/bfc_allocator.cc:1095] InUse at 7f2da50c0000 of size 116654080 next 18446744073709551615
2025-06-14 23:46:47.242567: I external/local_tsl/tsl/framework/bfc_allocator.cc:1075] Next region of size 2147483648
2025-06-14 23:46:47.243001: I external/local_tsl/tsl/framework/bfc_allocator.cc:1095] InUse at 7f2dd8000000 of size 1937768448 next 265
2025-06-14 23:46:47.243392: I external/local_tsl/tsl/framework/bfc_allocator.cc:1095] InUse at 7f2e4b800000 of size 209715200 next 18446744073709551615
2025-06-14 23:46:47.243804: I external/local_tsl/tsl/framework/bfc_allocator.cc:1075] Next region of size 2147483648
2025-06-14 23:46:47.244317: I external/local_tsl/tsl/framework/bfc_allocator.cc:1095] InUse at 7f2e60000000 of size 1937768448 next 267
2025-06-14 23:46:47.244741: I external/local_tsl/tsl/framework/bfc_allocator.cc:1095] InUse at 7f2ed3800000 of size 209715200 next 18446744073709551615
2025-06-14 23:46:47.245122: I external/local_tsl/tsl/framework/bfc_allocator.cc:1075] Next region of size 134217728
2025-06-14 23:46:47.245549: I external/local_tsl/tsl/framework/bfc_allocator.cc:1095] InUse at 7f2f6e000000 of size 60555264 next 264
2025-06-14 23:46:47.245887: I external/local_tsl/tsl/framework/bfc_allocator.cc:1095] InUse at 7f2f719c0000 of size 73662464 next 18446744073709551615
2025-06-14 23:46:47.246228: I external/local_tsl/tsl/framework/bfc_allocator.cc:1075] Next region of size 67108864
2025-06-14 23:46:47.246641: I external/local_tsl/tsl/framework/bfc_allocator.cc:1095] InUse at 7f2f76000000 of size 3538944 next 198
2025-06-14 23:46:47.246993: I external/local_tsl/tsl/framework/bfc_allocator.cc:1095] InUse at 7f2f76360000 of size 1769472 next 205
2025-06-14 23:46:47.247325: I external/local_tsl/tsl/framework/bfc_allocator.cc:1095] InUse at 7f2f76510000 of size 1769472 next 206
2025-06-14 23:46:47.247681: I external/local_tsl/tsl/framework/bfc_allocator.cc:1095] InUse at 7f2f766c0000 of size 262144 next 213
2025-06-14 23:46:47.248052: I external/local_tsl/tsl/framework/bfc_allocator.cc:1095] InUse at 7f2f76700000 of size 262144 next 214
2025-06-14 23:46:47.248395: I external/local_tsl/tsl/framework/bfc_allocator.cc:1095] InUse at 7f2f76740000 of size 884736 next 217
2025-06-14 23:46:47.248729: I external/local_tsl/tsl/framework/bfc_allocator.cc:1095] InUse at 7f2f76818000 of size 884736 next 218
2025-06-14 23:46:47.249059: I external/local_tsl/tsl/framework/bfc_allocator.cc:1095] InUse at 7f2f768f0000 of size 442368 next 225
2025-06-14 23:46:47.249374: I external/local_tsl/tsl/framework/bfc_allocator.cc:1095] InUse at 7f2f7695c000 of size 442368 next 226
2025-06-14 23:46:47.249743: I external/local_tsl/tsl/framework/bfc_allocator.cc:1095] InUse at 7f2f769c8000 of size 256 next 234
2025-06-14 23:46:47.250251: I external/local_tsl/tsl/framework/bfc_allocator.cc:1095] InUse at 7f2f769c8100 of size 256 next 235
2025-06-14 23:46:47.250732: I external/local_tsl/tsl/framework/bfc_allocator.cc:1095] InUse at 7f2f769c8200 of size 221184 next 236
2025-06-14 23:46:47.251093: I external/local_tsl/tsl/framework/bfc_allocator.cc:1095] InUse at 7f2f769fe200 of size 221184 next 237
2025-06-14 23:46:47.251446: I external/local_tsl/tsl/framework/bfc_allocator.cc:1095] InUse at 7f2f76a34200 of size 256 next 238
2025-06-14 23:46:47.251868: I external/local_tsl/tsl/framework/bfc_allocator.cc:1095] InUse at 7f2f76a34300 of size 256 next 239
2025-06-14 23:46:47.252269: I external/local_tsl/tsl/framework/bfc_allocator.cc:1095] InUse at 7f2f76a34400 of size 256 next 240
2025-06-14 23:46:47.252664: I external/local_tsl/tsl/framework/bfc_allocator.cc:1095] InUse at 7f2f76a34500 of size 256 next 241
2025-06-14 23:46:47.253140: I external/local_tsl/tsl/framework/bfc_allocator.cc:1095] InUse at 7f2f76a34600 of size 256 next 242
2025-06-14 23:46:47.253564: I external/local_tsl/tsl/framework/bfc_allocator.cc:1095] InUse at 7f2f76a34700 of size 256 next 243
2025-06-14 23:46:47.253974: I external/local_tsl/tsl/framework/bfc_allocator.cc:1095] InUse at 7f2f76a34800 of size 110592 next 244
2025-06-14 23:46:47.254278: I external/local_tsl/tsl/framework/bfc_allocator.cc:1095] InUse at 7f2f76a4f800 of size 110592 next 245
2025-06-14 23:46:47.254603: I external/local_tsl/tsl/framework/bfc_allocator.cc:1095] InUse at 7f2f76a6a800 of size 256 next 246
2025-06-14 23:46:47.255028: I external/local_tsl/tsl/framework/bfc_allocator.cc:1095] InUse at 7f2f76a6a900 of size 256 next 247
2025-06-14 23:46:47.255431: I external/local_tsl/tsl/framework/bfc_allocator.cc:1095] InUse at 7f2f76a6aa00 of size 256 next 248
2025-06-14 23:46:47.255833: I external/local_tsl/tsl/framework/bfc_allocator.cc:1095] InUse at 7f2f76a6ab00 of size 256 next 249
2025-06-14 23:46:47.256253: I external/local_tsl/tsl/framework/bfc_allocator.cc:1095] InUse at 7f2f76a6ac00 of size 256 next 250
2025-06-14 23:46:47.256649: I external/local_tsl/tsl/framework/bfc_allocator.cc:1095] InUse at 7f2f76a6ad00 of size 256 next 251
2025-06-14 23:46:47.257057: I external/local_tsl/tsl/framework/bfc_allocator.cc:1095] InUse at 7f2f76a6ae00 of size 256 next 252
2025-06-14 23:46:47.257450: I external/local_tsl/tsl/framework/bfc_allocator.cc:1095] InUse at 7f2f76a6af00 of size 256 next 253
2025-06-14 23:46:47.257867: I external/local_tsl/tsl/framework/bfc_allocator.cc:1095] InUse at 7f2f76a6b000 of size 256 next 254
2025-06-14 23:46:47.258325: I external/local_tsl/tsl/framework/bfc_allocator.cc:1095] InUse at 7f2f76a6b100 of size 256 next 255
2025-06-14 23:46:47.258732: I external/local_tsl/tsl/framework/bfc_allocator.cc:1095] InUse at 7f2f76a6b200 of size 256 next 256
2025-06-14 23:46:47.259155: I external/local_tsl/tsl/framework/bfc_allocator.cc:1095] InUse at 7f2f76a6b300 of size 256 next 257
2025-06-14 23:46:47.259555: I external/local_tsl/tsl/framework/bfc_allocator.cc:1095] InUse at 7f2f76a6b400 of size 256 next 258
2025-06-14 23:46:47.259967: I external/local_tsl/tsl/framework/bfc_allocator.cc:1095] InUse at 7f2f76a6b500 of size 256 next 259
2025-06-14 23:46:47.260408: I external/local_tsl/tsl/framework/bfc_allocator.cc:1095] InUse at 7f2f76a6b600 of size 256 next 260
2025-06-14 23:46:47.260818: I external/local_tsl/tsl/framework/bfc_allocator.cc:1095] InUse at 7f2f76a6b700 of size 256 next 261
2025-06-14 23:46:47.261224: I external/local_tsl/tsl/framework/bfc_allocator.cc:1095] InUse at 7f2f76a6b800 of size 256 next 262
2025-06-14 23:46:47.261636: I external/local_tsl/tsl/framework/bfc_allocator.cc:1095] InUse at 7f2f76a6b900 of size 256 next 263
2025-06-14 23:46:47.262065: I external/local_tsl/tsl/framework/bfc_allocator.cc:1095] InUse at 7f2f76a6ba00 of size 256 next 272
2025-06-14 23:46:47.262471: I external/local_tsl/tsl/framework/bfc_allocator.cc:1095] InUse at 7f2f76a6bb00 of size 256 next 274
2025-06-14 23:46:47.262909: I external/local_tsl/tsl/framework/bfc_allocator.cc:1095] InUse at 7f2f76a6bc00 of size 256 next 275
2025-06-14 23:46:47.263385: I external/local_tsl/tsl/framework/bfc_allocator.cc:1095] InUse at 7f2f76a6bd00 of size 256 next 276
2025-06-14 23:46:47.263841: I external/local_tsl/tsl/framework/bfc_allocator.cc:1095] InUse at 7f2f76a6be00 of size 256 next 280
2025-06-14 23:46:47.264264: I external/local_tsl/tsl/framework/bfc_allocator.cc:1095] InUse at 7f2f76a6bf00 of size 256 next 281
2025-06-14 23:46:47.264694: I external/local_tsl/tsl/framework/bfc_allocator.cc:1095] InUse at 7f2f76a6c000 of size 256 next 287
2025-06-14 23:46:47.265106: I external/local_tsl/tsl/framework/bfc_allocator.cc:1095] InUse at 7f2f76a6c100 of size 256 next 288
2025-06-14 23:46:47.265500: I external/local_tsl/tsl/framework/bfc_allocator.cc:1095] InUse at 7f2f76a6c200 of size 256 next 291
2025-06-14 23:46:47.265914: I external/local_tsl/tsl/framework/bfc_allocator.cc:1095] InUse at 7f2f76a6c300 of size 256 next 292
2025-06-14 23:46:47.266370: I external/local_tsl/tsl/framework/bfc_allocator.cc:1095] InUse at 7f2f76a6c400 of size 512 next 294
2025-06-14 23:46:47.266795: I external/local_tsl/tsl/framework/bfc_allocator.cc:1095] InUse at 7f2f76a6c600 of size 768 next 268
2025-06-14 23:46:47.267224: I external/local_tsl/tsl/framework/bfc_allocator.cc:1095] InUse at 7f2f76a6c900 of size 256 next 269
2025-06-14 23:46:47.267682: I external/local_tsl/tsl/framework/bfc_allocator.cc:1095] InUse at 7f2f76a6ca00 of size 256 next 270
2025-06-14 23:46:47.268147: I external/local_tsl/tsl/framework/bfc_allocator.cc:1095] InUse at 7f2f76a6cb00 of size 512 next 295
2025-06-14 23:46:47.268568: I external/local_tsl/tsl/framework/bfc_allocator.cc:1095] InUse at 7f2f76a6cd00 of size 512 next 298
2025-06-14 23:46:47.269015: I external/local_tsl/tsl/framework/bfc_allocator.cc:1095] InUse at 7f2f76a6cf00 of size 512 next 299
2025-06-14 23:46:47.269427: I external/local_tsl/tsl/framework/bfc_allocator.cc:1095] InUse at 7f2f76a6d100 of size 15138816 next 56
2025-06-14 23:46:47.269790: I external/local_tsl/tsl/framework/bfc_allocator.cc:1095] InUse at 7f2f778dd100 of size 15138816 next 301
2025-06-14 23:46:47.270140: I external/local_tsl/tsl/framework/bfc_allocator.cc:1095] InUse at 7f2f7874d100 of size 1024 next 304
2025-06-14 23:46:47.270602: I external/local_tsl/tsl/framework/bfc_allocator.cc:1095] InUse at 7f2f7874d500 of size 1024 next 305
2025-06-14 23:46:47.271054: I external/local_tsl/tsl/framework/bfc_allocator.cc:1095] InUse at 7f2f7874d900 of size 1024 next 306
2025-06-14 23:46:47.271468: I external/local_tsl/tsl/framework/bfc_allocator.cc:1095] InUse at 7f2f7874dd00 of size 1024 next 309
2025-06-14 23:46:47.271887: I external/local_tsl/tsl/framework/bfc_allocator.cc:1095] InUse at 7f2f7874e100 of size 1024 next 310
2025-06-14 23:46:47.272305: I external/local_tsl/tsl/framework/bfc_allocator.cc:1095] InUse at 7f2f7874e500 of size 512 next 317
2025-06-14 23:46:47.272729: I external/local_tsl/tsl/framework/bfc_allocator.cc:1095] InUse at 7f2f7874e700 of size 512 next 318
2025-06-14 23:46:47.273152: I external/local_tsl/tsl/framework/bfc_allocator.cc:1095] InUse at 7f2f7874e900 of size 256 next 326
2025-06-14 23:46:47.273549: I external/local_tsl/tsl/framework/bfc_allocator.cc:1095] InUse at 7f2f7874ea00 of size 256 next 327
2025-06-14 23:46:47.273972: I external/local_tsl/tsl/framework/bfc_allocator.cc:1095] Free  at 7f2f7874eb00 of size 25892096 next 18446744073709551615
2025-06-14 23:46:47.274320: I external/local_tsl/tsl/framework/bfc_allocator.cc:1075] Next region of size 33554432
2025-06-14 23:46:47.274763: I external/local_tsl/tsl/framework/bfc_allocator.cc:1095] InUse at 7f2f8e000000 of size 3538944 next 83
2025-06-14 23:46:47.275086: I external/local_tsl/tsl/framework/bfc_allocator.cc:1095] InUse at 7f2f8e360000 of size 221184 next 152
2025-06-14 23:46:47.275400: I external/local_tsl/tsl/framework/bfc_allocator.cc:1095] InUse at 7f2f8e396000 of size 221184 next 106
2025-06-14 23:46:47.275722: I external/local_tsl/tsl/framework/bfc_allocator.cc:1095] InUse at 7f2f8e3cc000 of size 442368 next 100
2025-06-14 23:46:47.276039: I external/local_tsl/tsl/framework/bfc_allocator.cc:1095] InUse at 7f2f8e438000 of size 884736 next 90
2025-06-14 23:46:47.276394: I external/local_tsl/tsl/framework/bfc_allocator.cc:1095] InUse at 7f2f8e510000 of size 1769472 next 74
2025-06-14 23:46:47.276735: I external/local_tsl/tsl/framework/bfc_allocator.cc:1095] InUse at 7f2f8e6c0000 of size 7077888 next 72
2025-06-14 23:46:47.277132: I external/local_tsl/tsl/framework/bfc_allocator.cc:1095] InUse at 7f2f8ed80000 of size 7077888 next 187
2025-06-14 23:46:47.277505: I external/local_tsl/tsl/framework/bfc_allocator.cc:1095] InUse at 7f2f8f440000 of size 12320768 next 18446744073709551615
2025-06-14 23:46:47.277845: I external/local_tsl/tsl/framework/bfc_allocator.cc:1075] Next region of size 16777216
2025-06-14 23:46:47.278251: I external/local_tsl/tsl/framework/bfc_allocator.cc:1095] InUse at 7f2f96000000 of size 1769472 next 173
2025-06-14 23:46:47.278578: I external/local_tsl/tsl/framework/bfc_allocator.cc:1095] InUse at 7f2f961b0000 of size 1769472 next 64
2025-06-14 23:46:47.278958: I external/local_tsl/tsl/framework/bfc_allocator.cc:1095] InUse at 7f2f96360000 of size 3538944 next 62
2025-06-14 23:46:47.279275: I external/local_tsl/tsl/framework/bfc_allocator.cc:1095] InUse at 7f2f966c0000 of size 3538944 next 180
2025-06-14 23:46:47.279579: I external/local_tsl/tsl/framework/bfc_allocator.cc:1095] InUse at 7f2f96a20000 of size 1048576 next 194
2025-06-14 23:46:47.279970: I external/local_tsl/tsl/framework/bfc_allocator.cc:1095] InUse at 7f2f96b20000 of size 1048576 next 195
2025-06-14 23:46:47.280298: I external/local_tsl/tsl/framework/bfc_allocator.cc:1095] InUse at 7f2f96c20000 of size 4063232 next 18446744073709551615
2025-06-14 23:46:47.280635: I external/local_tsl/tsl/framework/bfc_allocator.cc:1075] Next region of size 2097152
2025-06-14 23:46:47.281051: I external/local_tsl/tsl/framework/bfc_allocator.cc:1095] InUse at 7f2ff6e00000 of size 1280 next 1
2025-06-14 23:46:47.281468: I external/local_tsl/tsl/framework/bfc_allocator.cc:1095] InUse at 7f2ff6e00500 of size 256 next 2
2025-06-14 23:46:47.281870: I external/local_tsl/tsl/framework/bfc_allocator.cc:1095] InUse at 7f2ff6e00600 of size 256 next 3
2025-06-14 23:46:47.282343: I external/local_tsl/tsl/framework/bfc_allocator.cc:1095] InUse at 7f2ff6e00700 of size 256 next 5
2025-06-14 23:46:47.282773: I external/local_tsl/tsl/framework/bfc_allocator.cc:1095] InUse at 7f2ff6e00800 of size 256 next 6
2025-06-14 23:46:47.283201: I external/local_tsl/tsl/framework/bfc_allocator.cc:1095] InUse at 7f2ff6e00900 of size 256 next 4
2025-06-14 23:46:47.283611: I external/local_tsl/tsl/framework/bfc_allocator.cc:1095] InUse at 7f2ff6e00a00 of size 256 next 7
2025-06-14 23:46:47.284064: I external/local_tsl/tsl/framework/bfc_allocator.cc:1095] InUse at 7f2ff6e00b00 of size 256 next 10
2025-06-14 23:46:47.284475: I external/local_tsl/tsl/framework/bfc_allocator.cc:1095] InUse at 7f2ff6e00c00 of size 256 next 278
2025-06-14 23:46:47.284906: I external/local_tsl/tsl/framework/bfc_allocator.cc:1095] InUse at 7f2ff6e00d00 of size 256 next 12
2025-06-14 23:46:47.285305: I external/local_tsl/tsl/framework/bfc_allocator.cc:1095] InUse at 7f2ff6e00e00 of size 256 next 13
2025-06-14 23:46:47.285698: I external/local_tsl/tsl/framework/bfc_allocator.cc:1095] InUse at 7f2ff6e00f00 of size 256 next 14
2025-06-14 23:46:47.286146: I external/local_tsl/tsl/framework/bfc_allocator.cc:1095] InUse at 7f2ff6e01000 of size 256 next 17
2025-06-14 23:46:47.286558: I external/local_tsl/tsl/framework/bfc_allocator.cc:1095] InUse at 7f2ff6e01100 of size 256 next 15
2025-06-14 23:46:47.286976: I external/local_tsl/tsl/framework/bfc_allocator.cc:1095] InUse at 7f2ff6e01200 of size 256 next 16
2025-06-14 23:46:47.287406: I external/local_tsl/tsl/framework/bfc_allocator.cc:1095] InUse at 7f2ff6e01300 of size 256 next 286
2025-06-14 23:46:47.287843: I external/local_tsl/tsl/framework/bfc_allocator.cc:1095] InUse at 7f2ff6e01400 of size 256 next 21
2025-06-14 23:46:47.288259: I external/local_tsl/tsl/framework/bfc_allocator.cc:1095] InUse at 7f2ff6e01500 of size 256 next 22
2025-06-14 23:46:47.288674: I external/local_tsl/tsl/framework/bfc_allocator.cc:1095] InUse at 7f2ff6e01600 of size 256 next 23
2025-06-14 23:46:47.289086: I external/local_tsl/tsl/framework/bfc_allocator.cc:1095] InUse at 7f2ff6e01700 of size 256 next 24
2025-06-14 23:46:47.289470: I external/local_tsl/tsl/framework/bfc_allocator.cc:1095] InUse at 7f2ff6e01800 of size 256 next 25
2025-06-14 23:46:47.289889: I external/local_tsl/tsl/framework/bfc_allocator.cc:1095] InUse at 7f2ff6e01900 of size 256 next 28
2025-06-14 23:46:47.290313: I external/local_tsl/tsl/framework/bfc_allocator.cc:1095] InUse at 7f2ff6e01a00 of size 256 next 290
2025-06-14 23:46:47.290722: I external/local_tsl/tsl/framework/bfc_allocator.cc:1095] InUse at 7f2ff6e01b00 of size 256 next 30
2025-06-14 23:46:47.291167: I external/local_tsl/tsl/framework/bfc_allocator.cc:1095] InUse at 7f2ff6e01c00 of size 256 next 31
2025-06-14 23:46:47.291588: I external/local_tsl/tsl/framework/bfc_allocator.cc:1095] InUse at 7f2ff6e01d00 of size 256 next 32
2025-06-14 23:46:47.292016: I external/local_tsl/tsl/framework/bfc_allocator.cc:1095] InUse at 7f2ff6e01e00 of size 256 next 35
2025-06-14 23:46:47.292419: I external/local_tsl/tsl/framework/bfc_allocator.cc:1095] InUse at 7f2ff6e01f00 of size 256 next 33
2025-06-14 23:46:47.292857: I external/local_tsl/tsl/framework/bfc_allocator.cc:1095] InUse at 7f2ff6e02000 of size 256 next 34
2025-06-14 23:46:47.293312: I external/local_tsl/tsl/framework/bfc_allocator.cc:1095] InUse at 7f2ff6e02100 of size 512 next 39
2025-06-14 23:46:47.293762: I external/local_tsl/tsl/framework/bfc_allocator.cc:1095] InUse at 7f2ff6e02300 of size 256 next 40
2025-06-14 23:46:47.294213: I external/local_tsl/tsl/framework/bfc_allocator.cc:1095] InUse at 7f2ff6e02400 of size 256 next 41
2025-06-14 23:46:47.294633: I external/local_tsl/tsl/framework/bfc_allocator.cc:1095] InUse at 7f2ff6e02500 of size 256 next 8
2025-06-14 23:46:47.295058: I external/local_tsl/tsl/framework/bfc_allocator.cc:1095] InUse at 7f2ff6e02600 of size 3584 next 9
2025-06-14 23:46:47.295468: I external/local_tsl/tsl/framework/bfc_allocator.cc:1095] InUse at 7f2ff6e03400 of size 512 next 42
2025-06-14 23:46:47.295894: I external/local_tsl/tsl/framework/bfc_allocator.cc:1095] InUse at 7f2ff6e03600 of size 512 next 45
2025-06-14 23:46:47.296368: I external/local_tsl/tsl/framework/bfc_allocator.cc:1095] InUse at 7f2ff6e03800 of size 512 next 46
2025-06-14 23:46:47.296819: I external/local_tsl/tsl/framework/bfc_allocator.cc:1095] InUse at 7f2ff6e03a00 of size 512 next 297
2025-06-14 23:46:47.297227: I external/local_tsl/tsl/framework/bfc_allocator.cc:1095] InUse at 7f2ff6e03c00 of size 512 next 48
2025-06-14 23:46:47.297653: I external/local_tsl/tsl/framework/bfc_allocator.cc:1095] InUse at 7f2ff6e03e00 of size 256 next 49
2025-06-14 23:46:47.298073: I external/local_tsl/tsl/framework/bfc_allocator.cc:1095] InUse at 7f2ff6e03f00 of size 512 next 50
2025-06-14 23:46:47.298501: I external/local_tsl/tsl/framework/bfc_allocator.cc:1095] InUse at 7f2ff6e04100 of size 512 next 51
2025-06-14 23:46:47.298925: I external/local_tsl/tsl/framework/bfc_allocator.cc:1095] InUse at 7f2ff6e04300 of size 512 next 55
2025-06-14 23:46:47.299328: I external/local_tsl/tsl/framework/bfc_allocator.cc:1095] InUse at 7f2ff6e04500 of size 1024 next 57
2025-06-14 23:46:47.299775: I external/local_tsl/tsl/framework/bfc_allocator.cc:1095] InUse at 7f2ff6e04900 of size 256 next 58
2025-06-14 23:46:47.300190: I external/local_tsl/tsl/framework/bfc_allocator.cc:1095] InUse at 7f2ff6e04a00 of size 256 next 59
2025-06-14 23:46:47.300611: I external/local_tsl/tsl/framework/bfc_allocator.cc:1095] InUse at 7f2ff6e04b00 of size 1024 next 60
2025-06-14 23:46:47.301017: I external/local_tsl/tsl/framework/bfc_allocator.cc:1095] InUse at 7f2ff6e04f00 of size 1024 next 61
2025-06-14 23:46:47.301433: I external/local_tsl/tsl/framework/bfc_allocator.cc:1095] InUse at 7f2ff6e05300 of size 1024 next 65
2025-06-14 23:46:47.301869: I external/local_tsl/tsl/framework/bfc_allocator.cc:1095] InUse at 7f2ff6e05700 of size 1024 next 308
2025-06-14 23:46:47.302274: I external/local_tsl/tsl/framework/bfc_allocator.cc:1095] InUse at 7f2ff6e05b00 of size 1024 next 67
2025-06-14 23:46:47.302705: I external/local_tsl/tsl/framework/bfc_allocator.cc:1095] InUse at 7f2ff6e05f00 of size 256 next 68
2025-06-14 23:46:47.303114: I external/local_tsl/tsl/framework/bfc_allocator.cc:1095] InUse at 7f2ff6e06000 of size 256 next 69
2025-06-14 23:46:47.303532: I external/local_tsl/tsl/framework/bfc_allocator.cc:1095] InUse at 7f2ff6e06100 of size 1024 next 70
2025-06-14 23:46:47.303958: I external/local_tsl/tsl/framework/bfc_allocator.cc:1095] InUse at 7f2ff6e06500 of size 1024 next 71
2025-06-14 23:46:47.304362: I external/local_tsl/tsl/framework/bfc_allocator.cc:1095] InUse at 7f2ff6e06900 of size 1024 next 75
2025-06-14 23:46:47.304763: I external/local_tsl/tsl/framework/bfc_allocator.cc:1095] InUse at 7f2ff6e06d00 of size 512 next 313
2025-06-14 23:46:47.305181: I external/local_tsl/tsl/framework/bfc_allocator.cc:1095] InUse at 7f2ff6e06f00 of size 512 next 314
2025-06-14 23:46:47.305633: I external/local_tsl/tsl/framework/bfc_allocator.cc:1095] InUse at 7f2ff6e07100 of size 512 next 315
2025-06-14 23:46:47.306054: I external/local_tsl/tsl/framework/bfc_allocator.cc:1095] InUse at 7f2ff6e07300 of size 512 next 77
2025-06-14 23:46:47.306450: I external/local_tsl/tsl/framework/bfc_allocator.cc:1095] InUse at 7f2ff6e07500 of size 256 next 78
2025-06-14 23:46:47.306856: I external/local_tsl/tsl/framework/bfc_allocator.cc:1095] InUse at 7f2ff6e07600 of size 256 next 79
2025-06-14 23:46:47.307261: I external/local_tsl/tsl/framework/bfc_allocator.cc:1095] InUse at 7f2ff6e07700 of size 512 next 80
2025-06-14 23:46:47.307676: I external/local_tsl/tsl/framework/bfc_allocator.cc:1095] InUse at 7f2ff6e07900 of size 512 next 81
2025-06-14 23:46:47.308078: I external/local_tsl/tsl/framework/bfc_allocator.cc:1095] InUse at 7f2ff6e07b00 of size 512 next 82
2025-06-14 23:46:47.308472: I external/local_tsl/tsl/framework/bfc_allocator.cc:1095] InUse at 7f2ff6e07d00 of size 512 next 84
2025-06-14 23:46:47.308871: I external/local_tsl/tsl/framework/bfc_allocator.cc:1095] InUse at 7f2ff6e07f00 of size 512 next 316
2025-06-14 23:46:47.309257: I external/local_tsl/tsl/framework/bfc_allocator.cc:1095] InUse at 7f2ff6e08100 of size 512 next 86
2025-06-14 23:46:47.309649: I external/local_tsl/tsl/framework/bfc_allocator.cc:1095] InUse at 7f2ff6e08300 of size 512 next 87
2025-06-14 23:46:47.310055: I external/local_tsl/tsl/framework/bfc_allocator.cc:1095] InUse at 7f2ff6e08500 of size 512 next 88
2025-06-14 23:46:47.310451: I external/local_tsl/tsl/framework/bfc_allocator.cc:1095] InUse at 7f2ff6e08700 of size 512 next 89
2025-06-14 23:46:47.310949: I external/local_tsl/tsl/framework/bfc_allocator.cc:1095] InUse at 7f2ff6e08900 of size 256 next 321
2025-06-14 23:46:47.311456: I external/local_tsl/tsl/framework/bfc_allocator.cc:1095] InUse at 7f2ff6e08a00 of size 256 next 323
2025-06-14 23:46:47.311904: I external/local_tsl/tsl/framework/bfc_allocator.cc:1095] InUse at 7f2ff6e08b00 of size 256 next 324
2025-06-14 23:46:47.312360: I external/local_tsl/tsl/framework/bfc_allocator.cc:1095] InUse at 7f2ff6e08c00 of size 256 next 92
2025-06-14 23:46:47.312770: I external/local_tsl/tsl/framework/bfc_allocator.cc:1095] InUse at 7f2ff6e08d00 of size 256 next 93
2025-06-14 23:46:47.313213: I external/local_tsl/tsl/framework/bfc_allocator.cc:1095] InUse at 7f2ff6e08e00 of size 256 next 94
2025-06-14 23:46:47.313620: I external/local_tsl/tsl/framework/bfc_allocator.cc:1095] InUse at 7f2ff6e08f00 of size 256 next 97
2025-06-14 23:46:47.314024: I external/local_tsl/tsl/framework/bfc_allocator.cc:1095] InUse at 7f2ff6e09000 of size 256 next 95
2025-06-14 23:46:47.314447: I external/local_tsl/tsl/framework/bfc_allocator.cc:1095] InUse at 7f2ff6e09100 of size 256 next 96
2025-06-14 23:46:47.314881: I external/local_tsl/tsl/framework/bfc_allocator.cc:1095] InUse at 7f2ff6e09200 of size 256 next 98
2025-06-14 23:46:47.315291: I external/local_tsl/tsl/framework/bfc_allocator.cc:1095] InUse at 7f2ff6e09300 of size 256 next 101
2025-06-14 23:46:47.315697: I external/local_tsl/tsl/framework/bfc_allocator.cc:1095] InUse at 7f2ff6e09400 of size 256 next 102
2025-06-14 23:46:47.316122: I external/local_tsl/tsl/framework/bfc_allocator.cc:1095] InUse at 7f2ff6e09500 of size 256 next 103
2025-06-14 23:46:47.316526: I external/local_tsl/tsl/framework/bfc_allocator.cc:1095] InUse at 7f2ff6e09600 of size 256 next 104
2025-06-14 23:46:47.316949: I external/local_tsl/tsl/framework/bfc_allocator.cc:1095] InUse at 7f2ff6e09700 of size 256 next 105
2025-06-14 23:46:47.317380: I external/local_tsl/tsl/framework/bfc_allocator.cc:1095] Free  at 7f2ff6e09800 of size 512 next 108
2025-06-14 23:46:47.317787: I external/local_tsl/tsl/framework/bfc_allocator.cc:1095] InUse at 7f2ff6e09a00 of size 256 next 109
2025-06-14 23:46:47.318191: I external/local_tsl/tsl/framework/bfc_allocator.cc:1095] InUse at 7f2ff6e09b00 of size 256 next 110
2025-06-14 23:46:47.318595: I external/local_tsl/tsl/framework/bfc_allocator.cc:1095] InUse at 7f2ff6e09c00 of size 256 next 146
2025-06-14 23:46:47.319020: I external/local_tsl/tsl/framework/bfc_allocator.cc:1095] InUse at 7f2ff6e09d00 of size 256 next 147
2025-06-14 23:46:47.319428: I external/local_tsl/tsl/framework/bfc_allocator.cc:1095] InUse at 7f2ff6e09e00 of size 256 next 148
2025-06-14 23:46:47.319876: I external/local_tsl/tsl/framework/bfc_allocator.cc:1095] InUse at 7f2ff6e09f00 of size 256 next 149
2025-06-14 23:46:47.320370: I external/local_tsl/tsl/framework/bfc_allocator.cc:1095] InUse at 7f2ff6e0a000 of size 256 next 150
2025-06-14 23:46:47.320874: I external/local_tsl/tsl/framework/bfc_allocator.cc:1095] InUse at 7f2ff6e0a100 of size 256 next 151
2025-06-14 23:46:47.321323: I external/local_tsl/tsl/framework/bfc_allocator.cc:1095] InUse at 7f2ff6e0a200 of size 256 next 153
2025-06-14 23:46:47.321770: I external/local_tsl/tsl/framework/bfc_allocator.cc:1095] InUse at 7f2ff6e0a300 of size 256 next 154
2025-06-14 23:46:47.322179: I external/local_tsl/tsl/framework/bfc_allocator.cc:1095] InUse at 7f2ff6e0a400 of size 256 next 155
2025-06-14 23:46:47.322582: I external/local_tsl/tsl/framework/bfc_allocator.cc:1095] InUse at 7f2ff6e0a500 of size 256 next 156
2025-06-14 23:46:47.323016: I external/local_tsl/tsl/framework/bfc_allocator.cc:1095] InUse at 7f2ff6e0a600 of size 256 next 157
2025-06-14 23:46:47.323486: I external/local_tsl/tsl/framework/bfc_allocator.cc:1095] InUse at 7f2ff6e0a700 of size 256 next 158
2025-06-14 23:46:47.323903: I external/local_tsl/tsl/framework/bfc_allocator.cc:1095] InUse at 7f2ff6e0a800 of size 256 next 160
2025-06-14 23:46:47.324306: I external/local_tsl/tsl/framework/bfc_allocator.cc:1095] InUse at 7f2ff6e0a900 of size 256 next 161
2025-06-14 23:46:47.324732: I external/local_tsl/tsl/framework/bfc_allocator.cc:1095] InUse at 7f2ff6e0aa00 of size 256 next 162
2025-06-14 23:46:47.325151: I external/local_tsl/tsl/framework/bfc_allocator.cc:1095] InUse at 7f2ff6e0ab00 of size 256 next 163
2025-06-14 23:46:47.325575: I external/local_tsl/tsl/framework/bfc_allocator.cc:1095] InUse at 7f2ff6e0ac00 of size 256 next 164
2025-06-14 23:46:47.325991: I external/local_tsl/tsl/framework/bfc_allocator.cc:1095] InUse at 7f2ff6e0ad00 of size 256 next 165
2025-06-14 23:46:47.326387: I external/local_tsl/tsl/framework/bfc_allocator.cc:1095] InUse at 7f2ff6e0ae00 of size 512 next 167
2025-06-14 23:46:47.326839: I external/local_tsl/tsl/framework/bfc_allocator.cc:1095] InUse at 7f2ff6e0b000 of size 512 next 168
2025-06-14 23:46:47.327243: I external/local_tsl/tsl/framework/bfc_allocator.cc:1095] InUse at 7f2ff6e0b200 of size 512 next 169
2025-06-14 23:46:47.327659: I external/local_tsl/tsl/framework/bfc_allocator.cc:1095] InUse at 7f2ff6e0b400 of size 512 next 170
2025-06-14 23:46:47.328083: I external/local_tsl/tsl/framework/bfc_allocator.cc:1095] InUse at 7f2ff6e0b600 of size 512 next 171
2025-06-14 23:46:47.328491: I external/local_tsl/tsl/framework/bfc_allocator.cc:1095] InUse at 7f2ff6e0b800 of size 512 next 172
2025-06-14 23:46:47.328886: I external/local_tsl/tsl/framework/bfc_allocator.cc:1095] InUse at 7f2ff6e0ba00 of size 512 next 174
2025-06-14 23:46:47.329283: I external/local_tsl/tsl/framework/bfc_allocator.cc:1095] InUse at 7f2ff6e0bc00 of size 512 next 175
2025-06-14 23:46:47.329722: I external/local_tsl/tsl/framework/bfc_allocator.cc:1095] InUse at 7f2ff6e0be00 of size 512 next 176
2025-06-14 23:46:47.330135: I external/local_tsl/tsl/framework/bfc_allocator.cc:1095] InUse at 7f2ff6e0c000 of size 512 next 177
2025-06-14 23:46:47.330545: I external/local_tsl/tsl/framework/bfc_allocator.cc:1095] InUse at 7f2ff6e0c200 of size 512 next 178
2025-06-14 23:46:47.330969: I external/local_tsl/tsl/framework/bfc_allocator.cc:1095] InUse at 7f2ff6e0c400 of size 512 next 179
2025-06-14 23:46:47.331378: I external/local_tsl/tsl/framework/bfc_allocator.cc:1095] InUse at 7f2ff6e0c600 of size 1024 next 181
2025-06-14 23:46:47.331848: I external/local_tsl/tsl/framework/bfc_allocator.cc:1095] InUse at 7f2ff6e0ca00 of size 1024 next 182
2025-06-14 23:46:47.332327: I external/local_tsl/tsl/framework/bfc_allocator.cc:1095] InUse at 7f2ff6e0ce00 of size 1024 next 183
2025-06-14 23:46:47.332835: I external/local_tsl/tsl/framework/bfc_allocator.cc:1095] InUse at 7f2ff6e0d200 of size 1024 next 184
2025-06-14 23:46:47.333358: I external/local_tsl/tsl/framework/bfc_allocator.cc:1095] InUse at 7f2ff6e0d600 of size 1024 next 185
2025-06-14 23:46:47.333866: I external/local_tsl/tsl/framework/bfc_allocator.cc:1095] InUse at 7f2ff6e0da00 of size 1024 next 186
2025-06-14 23:46:47.334266: I external/local_tsl/tsl/framework/bfc_allocator.cc:1095] InUse at 7f2ff6e0de00 of size 1024 next 188
2025-06-14 23:46:47.334660: I external/local_tsl/tsl/framework/bfc_allocator.cc:1095] InUse at 7f2ff6e0e200 of size 1024 next 189
2025-06-14 23:46:47.335099: I external/local_tsl/tsl/framework/bfc_allocator.cc:1095] InUse at 7f2ff6e0e600 of size 1024 next 190
2025-06-14 23:46:47.335523: I external/local_tsl/tsl/framework/bfc_allocator.cc:1095] InUse at 7f2ff6e0ea00 of size 1024 next 191
2025-06-14 23:46:47.335920: I external/local_tsl/tsl/framework/bfc_allocator.cc:1095] InUse at 7f2ff6e0ee00 of size 1024 next 192
2025-06-14 23:46:47.336318: I external/local_tsl/tsl/framework/bfc_allocator.cc:1095] InUse at 7f2ff6e0f200 of size 1024 next 193
2025-06-14 23:46:47.336711: I external/local_tsl/tsl/framework/bfc_allocator.cc:1095] InUse at 7f2ff6e0f600 of size 512 next 196
2025-06-14 23:46:47.337125: I external/local_tsl/tsl/framework/bfc_allocator.cc:1095] InUse at 7f2ff6e0f800 of size 512 next 197
2025-06-14 23:46:47.337524: I external/local_tsl/tsl/framework/bfc_allocator.cc:1095] InUse at 7f2ff6e0fa00 of size 512 next 199
2025-06-14 23:46:47.337944: I external/local_tsl/tsl/framework/bfc_allocator.cc:1095] InUse at 7f2ff6e0fc00 of size 512 next 200
2025-06-14 23:46:47.338390: I external/local_tsl/tsl/framework/bfc_allocator.cc:1095] InUse at 7f2ff6e0fe00 of size 512 next 201
2025-06-14 23:46:47.338833: I external/local_tsl/tsl/framework/bfc_allocator.cc:1095] InUse at 7f2ff6e10000 of size 512 next 202
2025-06-14 23:46:47.339229: I external/local_tsl/tsl/framework/bfc_allocator.cc:1095] InUse at 7f2ff6e10200 of size 512 next 203
2025-06-14 23:46:47.339635: I external/local_tsl/tsl/framework/bfc_allocator.cc:1095] InUse at 7f2ff6e10400 of size 512 next 204
2025-06-14 23:46:47.340039: I external/local_tsl/tsl/framework/bfc_allocator.cc:1095] InUse at 7f2ff6e10600 of size 512 next 207
2025-06-14 23:46:47.340541: I external/local_tsl/tsl/framework/bfc_allocator.cc:1095] InUse at 7f2ff6e10800 of size 512 next 208
2025-06-14 23:46:47.340950: I external/local_tsl/tsl/framework/bfc_allocator.cc:1095] InUse at 7f2ff6e10a00 of size 512 next 209
2025-06-14 23:46:47.341341: I external/local_tsl/tsl/framework/bfc_allocator.cc:1095] InUse at 7f2ff6e10c00 of size 512 next 210
2025-06-14 23:46:47.341749: I external/local_tsl/tsl/framework/bfc_allocator.cc:1095] InUse at 7f2ff6e10e00 of size 512 next 211
2025-06-14 23:46:47.342200: I external/local_tsl/tsl/framework/bfc_allocator.cc:1095] InUse at 7f2ff6e11000 of size 512 next 212
2025-06-14 23:46:47.342601: I external/local_tsl/tsl/framework/bfc_allocator.cc:1095] InUse at 7f2ff6e11200 of size 256 next 215
2025-06-14 23:46:47.343025: I external/local_tsl/tsl/framework/bfc_allocator.cc:1095] InUse at 7f2ff6e11300 of size 256 next 216
2025-06-14 23:46:47.343427: I external/local_tsl/tsl/framework/bfc_allocator.cc:1095] InUse at 7f2ff6e11400 of size 256 next 219
2025-06-14 23:46:47.343828: I external/local_tsl/tsl/framework/bfc_allocator.cc:1095] InUse at 7f2ff6e11500 of size 256 next 220
2025-06-14 23:46:47.344249: I external/local_tsl/tsl/framework/bfc_allocator.cc:1095] InUse at 7f2ff6e11600 of size 256 next 221
2025-06-14 23:46:47.344671: I external/local_tsl/tsl/framework/bfc_allocator.cc:1095] InUse at 7f2ff6e11700 of size 256 next 222
2025-06-14 23:46:47.345102: I external/local_tsl/tsl/framework/bfc_allocator.cc:1095] InUse at 7f2ff6e11800 of size 256 next 223
2025-06-14 23:46:47.345509: I external/local_tsl/tsl/framework/bfc_allocator.cc:1095] InUse at 7f2ff6e11900 of size 256 next 224
2025-06-14 23:46:47.345903: I external/local_tsl/tsl/framework/bfc_allocator.cc:1095] InUse at 7f2ff6e11a00 of size 256 next 227
2025-06-14 23:46:47.346330: I external/local_tsl/tsl/framework/bfc_allocator.cc:1095] InUse at 7f2ff6e11b00 of size 256 next 228
2025-06-14 23:46:47.346730: I external/local_tsl/tsl/framework/bfc_allocator.cc:1095] InUse at 7f2ff6e11c00 of size 256 next 229
2025-06-14 23:46:47.347170: I external/local_tsl/tsl/framework/bfc_allocator.cc:1095] InUse at 7f2ff6e11d00 of size 256 next 230
2025-06-14 23:46:47.347613: I external/local_tsl/tsl/framework/bfc_allocator.cc:1095] InUse at 7f2ff6e11e00 of size 256 next 231
2025-06-14 23:46:47.348070: I external/local_tsl/tsl/framework/bfc_allocator.cc:1095] InUse at 7f2ff6e11f00 of size 256 next 232
2025-06-14 23:46:47.348514: I external/local_tsl/tsl/framework/bfc_allocator.cc:1095] InUse at 7f2ff6e12000 of size 65536 next 233
2025-06-14 23:46:47.348917: I external/local_tsl/tsl/framework/bfc_allocator.cc:1095] InUse at 7f2ff6e22000 of size 95232 next 19
2025-06-14 23:46:47.349331: I external/local_tsl/tsl/framework/bfc_allocator.cc:1095] InUse at 7f2ff6e39400 of size 110592 next 18
2025-06-14 23:46:47.349642: I external/local_tsl/tsl/framework/bfc_allocator.cc:1095] InUse at 7f2ff6e54400 of size 65536 next 115
2025-06-14 23:46:47.349968: I external/local_tsl/tsl/framework/bfc_allocator.cc:1095] InUse at 7f2ff6e64400 of size 256 next 112
2025-06-14 23:46:47.350443: I external/local_tsl/tsl/framework/bfc_allocator.cc:1095] InUse at 7f2ff6e64500 of size 256 next 114
2025-06-14 23:46:47.350865: I external/local_tsl/tsl/framework/bfc_allocator.cc:1095] InUse at 7f2ff6e64600 of size 256 next 113
2025-06-14 23:46:47.351266: I external/local_tsl/tsl/framework/bfc_allocator.cc:1095] InUse at 7f2ff6e64700 of size 256 next 111
2025-06-14 23:46:47.351681: I external/local_tsl/tsl/framework/bfc_allocator.cc:1095] InUse at 7f2ff6e64800 of size 256 next 117
2025-06-14 23:46:47.352118: I external/local_tsl/tsl/framework/bfc_allocator.cc:1095] InUse at 7f2ff6e64900 of size 256 next 118
2025-06-14 23:46:47.352559: I external/local_tsl/tsl/framework/bfc_allocator.cc:1095] InUse at 7f2ff6e64a00 of size 256 next 120
2025-06-14 23:46:47.352985: I external/local_tsl/tsl/framework/bfc_allocator.cc:1095] InUse at 7f2ff6e64b00 of size 256 next 119
2025-06-14 23:46:47.353389: I external/local_tsl/tsl/framework/bfc_allocator.cc:1095] InUse at 7f2ff6e64c00 of size 256 next 121
2025-06-14 23:46:47.353859: I external/local_tsl/tsl/framework/bfc_allocator.cc:1095] InUse at 7f2ff6e64d00 of size 256 next 123
2025-06-14 23:46:47.354269: I external/local_tsl/tsl/framework/bfc_allocator.cc:1095] InUse at 7f2ff6e64e00 of size 256 next 124
2025-06-14 23:46:47.354690: I external/local_tsl/tsl/framework/bfc_allocator.cc:1095] InUse at 7f2ff6e64f00 of size 256 next 125
2025-06-14 23:46:47.355107: I external/local_tsl/tsl/framework/bfc_allocator.cc:1095] InUse at 7f2ff6e65000 of size 256 next 126
2025-06-14 23:46:47.355527: I external/local_tsl/tsl/framework/bfc_allocator.cc:1095] InUse at 7f2ff6e65100 of size 256 next 128
2025-06-14 23:46:47.355921: I external/local_tsl/tsl/framework/bfc_allocator.cc:1095] InUse at 7f2ff6e65200 of size 256 next 127
2025-06-14 23:46:47.356302: I external/local_tsl/tsl/framework/bfc_allocator.cc:1095] InUse at 7f2ff6e65300 of size 256 next 129
2025-06-14 23:46:47.356740: I external/local_tsl/tsl/framework/bfc_allocator.cc:1095] InUse at 7f2ff6e65400 of size 256 next 130
2025-06-14 23:46:47.357159: I external/local_tsl/tsl/framework/bfc_allocator.cc:1095] InUse at 7f2ff6e65500 of size 256 next 131
2025-06-14 23:46:47.357571: I external/local_tsl/tsl/framework/bfc_allocator.cc:1095] InUse at 7f2ff6e65600 of size 256 next 132
2025-06-14 23:46:47.357999: I external/local_tsl/tsl/framework/bfc_allocator.cc:1095] InUse at 7f2ff6e65700 of size 256 next 133
2025-06-14 23:46:47.358403: I external/local_tsl/tsl/framework/bfc_allocator.cc:1095] InUse at 7f2ff6e65800 of size 256 next 137
2025-06-14 23:46:47.358845: I external/local_tsl/tsl/framework/bfc_allocator.cc:1095] InUse at 7f2ff6e65900 of size 256 next 136
2025-06-14 23:46:47.359246: I external/local_tsl/tsl/framework/bfc_allocator.cc:1095] InUse at 7f2ff6e65a00 of size 3584 next 138
2025-06-14 23:46:47.359715: I external/local_tsl/tsl/framework/bfc_allocator.cc:1095] InUse at 7f2ff6e66800 of size 3584 next 139
2025-06-14 23:46:47.360124: I external/local_tsl/tsl/framework/bfc_allocator.cc:1095] InUse at 7f2ff6e67600 of size 256 next 140
2025-06-14 23:46:47.360540: I external/local_tsl/tsl/framework/bfc_allocator.cc:1095] InUse at 7f2ff6e67700 of size 256 next 141
2025-06-14 23:46:47.360943: I external/local_tsl/tsl/framework/bfc_allocator.cc:1095] InUse at 7f2ff6e67800 of size 256 next 142
2025-06-14 23:46:47.361335: I external/local_tsl/tsl/framework/bfc_allocator.cc:1095] InUse at 7f2ff6e67900 of size 256 next 143
2025-06-14 23:46:47.361738: I external/local_tsl/tsl/framework/bfc_allocator.cc:1095] InUse at 7f2ff6e67a00 of size 256 next 144
2025-06-14 23:46:47.362183: I external/local_tsl/tsl/framework/bfc_allocator.cc:1095] InUse at 7f2ff6e67b00 of size 256 next 145
2025-06-14 23:46:47.362576: I external/local_tsl/tsl/framework/bfc_allocator.cc:1095] InUse at 7f2ff6e67c00 of size 141312 next 27
2025-06-14 23:46:47.362883: I external/local_tsl/tsl/framework/bfc_allocator.cc:1095] InUse at 7f2ff6e8a400 of size 221184 next 26
2025-06-14 23:46:47.363206: I external/local_tsl/tsl/framework/bfc_allocator.cc:1095] InUse at 7f2ff6ec0400 of size 442368 next 159
2025-06-14 23:46:47.363525: I external/local_tsl/tsl/framework/bfc_allocator.cc:1095] InUse at 7f2ff6f2c400 of size 867328 next 18446744073709551615
2025-06-14 23:46:47.363850: I external/local_tsl/tsl/framework/bfc_allocator.cc:1075] Next region of size 4194304
2025-06-14 23:46:47.364263: I external/local_tsl/tsl/framework/bfc_allocator.cc:1095] InUse at 7f2ff7400000 of size 442368 next 37
2025-06-14 23:46:47.364653: I external/local_tsl/tsl/framework/bfc_allocator.cc:1095] InUse at 7f2ff746c000 of size 221184 next 116
2025-06-14 23:46:47.364998: I external/local_tsl/tsl/framework/bfc_allocator.cc:1095] InUse at 7f2ff74a2000 of size 110592 next 122
2025-06-14 23:46:47.365315: I external/local_tsl/tsl/framework/bfc_allocator.cc:1095] InUse at 7f2ff74bd000 of size 192512 next 99
2025-06-14 23:46:47.365630: I external/local_tsl/tsl/framework/bfc_allocator.cc:1095] InUse at 7f2ff74ec000 of size 360448 next 44
2025-06-14 23:46:47.365953: I external/local_tsl/tsl/framework/bfc_allocator.cc:1095] InUse at 7f2ff7544000 of size 884736 next 43
2025-06-14 23:46:47.366307: I external/local_tsl/tsl/framework/bfc_allocator.cc:1095] InUse at 7f2ff761c000 of size 1982464 next 18446744073709551615
2025-06-14 23:46:47.366620: I external/local_tsl/tsl/framework/bfc_allocator.cc:1075] Next region of size 8388608
2025-06-14 23:46:47.367028: I external/local_tsl/tsl/framework/bfc_allocator.cc:1095] InUse at 7f2ff7800000 of size 884736 next 166
2025-06-14 23:46:47.367367: I external/local_tsl/tsl/framework/bfc_allocator.cc:1095] InUse at 7f2ff78d8000 of size 884736 next 54
2025-06-14 23:46:47.367720: I external/local_tsl/tsl/framework/bfc_allocator.cc:1095] InUse at 7f2ff79b0000 of size 1769472 next 52
2025-06-14 23:46:47.368037: I external/local_tsl/tsl/framework/bfc_allocator.cc:1095] InUse at 7f2ff7b60000 of size 4849664 next 18446744073709551615
2025-06-14 23:46:47.368357: I external/local_tsl/tsl/framework/bfc_allocator.cc:1100]      Summary of in-use Chunks by size: 
2025-06-14 23:46:47.368773: I external/local_tsl/tsl/framework/bfc_allocator.cc:1103] 155 Chunks of size 256 totalling 38.8KiB
2025-06-14 23:46:47.369180: I external/local_tsl/tsl/framework/bfc_allocator.cc:1103] 54 Chunks of size 512 totalling 27.0KiB
2025-06-14 23:46:47.369588: I external/local_tsl/tsl/framework/bfc_allocator.cc:1103] 1 Chunks of size 768 totalling 768B
2025-06-14 23:46:47.370011: I external/local_tsl/tsl/framework/bfc_allocator.cc:1103] 26 Chunks of size 1024 totalling 26.0KiB
2025-06-14 23:46:47.370425: I external/local_tsl/tsl/framework/bfc_allocator.cc:1103] 1 Chunks of size 1280 totalling 1.2KiB
2025-06-14 23:46:47.370836: I external/local_tsl/tsl/framework/bfc_allocator.cc:1103] 3 Chunks of size 3584 totalling 10.5KiB
2025-06-14 23:46:47.371231: I external/local_tsl/tsl/framework/bfc_allocator.cc:1103] 2 Chunks of size 65536 totalling 128.0KiB
2025-06-14 23:46:47.371645: I external/local_tsl/tsl/framework/bfc_allocator.cc:1103] 1 Chunks of size 95232 totalling 93.0KiB
2025-06-14 23:46:47.372067: I external/local_tsl/tsl/framework/bfc_allocator.cc:1103] 4 Chunks of size 110592 totalling 432.0KiB
2025-06-14 23:46:47.372471: I external/local_tsl/tsl/framework/bfc_allocator.cc:1103] 1 Chunks of size 141312 totalling 138.0KiB
2025-06-14 23:46:47.372963: I external/local_tsl/tsl/framework/bfc_allocator.cc:1103] 1 Chunks of size 192512 totalling 188.0KiB
2025-06-14 23:46:47.373452: I external/local_tsl/tsl/framework/bfc_allocator.cc:1103] 6 Chunks of size 221184 totalling 1.27MiB
2025-06-14 23:46:47.373906: I external/local_tsl/tsl/framework/bfc_allocator.cc:1103] 2 Chunks of size 262144 totalling 512.0KiB
2025-06-14 23:46:47.374338: I external/local_tsl/tsl/framework/bfc_allocator.cc:1103] 1 Chunks of size 360448 totalling 352.0KiB
2025-06-14 23:46:47.374742: I external/local_tsl/tsl/framework/bfc_allocator.cc:1103] 5 Chunks of size 442368 totalling 2.11MiB
2025-06-14 23:46:47.375158: I external/local_tsl/tsl/framework/bfc_allocator.cc:1103] 1 Chunks of size 867328 totalling 847.0KiB
2025-06-14 23:46:47.375588: I external/local_tsl/tsl/framework/bfc_allocator.cc:1103] 6 Chunks of size 884736 totalling 5.06MiB
2025-06-14 23:46:47.376060: I external/local_tsl/tsl/framework/bfc_allocator.cc:1103] 2 Chunks of size 1048576 totalling 2.00MiB
2025-06-14 23:46:47.376474: I external/local_tsl/tsl/framework/bfc_allocator.cc:1103] 6 Chunks of size 1769472 totalling 10.12MiB
2025-06-14 23:46:47.376898: I external/local_tsl/tsl/framework/bfc_allocator.cc:1103] 1 Chunks of size 1982464 totalling 1.89MiB
2025-06-14 23:46:47.377351: I external/local_tsl/tsl/framework/bfc_allocator.cc:1103] 4 Chunks of size 3538944 totalling 13.50MiB
2025-06-14 23:46:47.377777: I external/local_tsl/tsl/framework/bfc_allocator.cc:1103] 1 Chunks of size 4063232 totalling 3.88MiB
2025-06-14 23:46:47.378219: I external/local_tsl/tsl/framework/bfc_allocator.cc:1103] 1 Chunks of size 4849664 totalling 4.62MiB
2025-06-14 23:46:47.378639: I external/local_tsl/tsl/framework/bfc_allocator.cc:1103] 2 Chunks of size 7077888 totalling 13.50MiB
2025-06-14 23:46:47.379066: I external/local_tsl/tsl/framework/bfc_allocator.cc:1103] 1 Chunks of size 12320768 totalling 11.75MiB
2025-06-14 23:46:47.379402: I external/local_tsl/tsl/framework/bfc_allocator.cc:1103] 2 Chunks of size 15138816 totalling 28.88MiB
2025-06-14 23:46:47.379729: I external/local_tsl/tsl/framework/bfc_allocator.cc:1103] 4 Chunks of size 30277632 totalling 115.50MiB
2025-06-14 23:46:47.380084: I external/local_tsl/tsl/framework/bfc_allocator.cc:1103] 2 Chunks of size 60555264 totalling 115.50MiB
2025-06-14 23:46:47.380429: I external/local_tsl/tsl/framework/bfc_allocator.cc:1103] 1 Chunks of size 73662464 totalling 70.25MiB
2025-06-14 23:46:47.380768: I external/local_tsl/tsl/framework/bfc_allocator.cc:1103] 1 Chunks of size 116654080 totalling 111.25MiB
2025-06-14 23:46:47.381065: I external/local_tsl/tsl/framework/bfc_allocator.cc:1103] 6 Chunks of size 121110528 totalling 693.00MiB
2025-06-14 23:46:47.381361: I external/local_tsl/tsl/framework/bfc_allocator.cc:1103] 2 Chunks of size 209715200 totalling 400.00MiB
2025-06-14 23:46:47.381720: I external/local_tsl/tsl/framework/bfc_allocator.cc:1103] 3 Chunks of size 242221056 totalling 693.00MiB
2025-06-14 23:46:47.382045: I external/local_tsl/tsl/framework/bfc_allocator.cc:1103] 8 Chunks of size 484442112 totalling 3.61GiB
2025-06-14 23:46:47.382375: I external/local_tsl/tsl/framework/bfc_allocator.cc:1103] 1 Chunks of size 968884224 totalling 924.00MiB
2025-06-14 23:46:47.382725: I external/local_tsl/tsl/framework/bfc_allocator.cc:1103] 6 Chunks of size 1937768448 totalling 10.83GiB
2025-06-14 23:46:47.383052: I external/local_tsl/tsl/framework/bfc_allocator.cc:1107] Sum Total of in-use chunks: 17.58GiB
2025-06-14 23:46:47.383442: I external/local_tsl/tsl/framework/bfc_allocator.cc:1109] Total bytes in pool: 23575789568 memory_limit_: 23575789568 available bytes: 0 curr_region_allocation_bytes_: 34359738368
2025-06-14 23:46:47.383752: I external/local_tsl/tsl/framework/bfc_allocator.cc:1114] Stats: 
Limit:                     23575789568
InUse:                     18882554112
MaxInUse:                  22800760320
NumAllocs:                         912
MaxAllocSize:               4135495424
Reserved:                            0
PeakReserved:                        0
LargestFreeBlock:                    0

2025-06-14 23:46:47.384112: W external/local_tsl/tsl/framework/bfc_allocator.cc:497] ________*********________************************************_**************************************
2025-06-14 23:46:47.384436: W tensorflow/core/framework/op_kernel.cc:1839] OP_REQUIRES failed at concat_op.cc:165 : RESOURCE_EXHAUSTED: OOM when allocating tensor with shape[2,64,192,224,176] and type float on /job:localhost/replica:0/task:0/device:GPU:0 by allocator GPU_0_bfc
Traceback (most recent call last):
  File "/mnt/beegfs/hellgate/home/rb194958e/stroke_segmentation_sota/batch_wise_train.py", line 277, in <module>
    if main():
       ^^^^^^
  File "/mnt/beegfs/hellgate/home/rb194958e/stroke_segmentation_sota/batch_wise_train.py", line 256, in main
    history = model.fit(
              ^^^^^^^^^^
  File "/mnt/beegfs/hellgate/home/rb194958e/.conda/envs/tf215_env/lib/python3.11/site-packages/keras/src/utils/traceback_utils.py", line 70, in error_handler
    raise e.with_traceback(filtered_tb) from None
  File "/mnt/beegfs/hellgate/home/rb194958e/.conda/envs/tf215_env/lib/python3.11/site-packages/tensorflow/python/eager/execute.py", line 53, in quick_execute
    tensors = pywrap_tfe.TFE_Py_Execute(ctx._handle, device_name, op_name,
  ^^^^^^^^^^^^^^^^^^^^^^^^^^^^^^^^^^^^^^^^^^^^^^^^^^^^^^^^^^^^^^^^^^^^^^^^
tensorflow.python.framework.errors_impl.ResourceExhaustedError: Graph execution error:

Detected at node model/concatenate_2/concat defined at (most recent call last):
  File "/mnt/beegfs/hellgate/home/rb194958e/stroke_segmentation_sota/batch_wise_train.py", line 277, in <module>

  File "/mnt/beegfs/hellgate/home/rb194958e/stroke_segmentation_sota/batch_wise_train.py", line 256, in main

  File "/mnt/beegfs/hellgate/home/rb194958e/.conda/envs/tf215_env/lib/python3.11/site-packages/keras/src/utils/traceback_utils.py", line 65, in error_handler

  File "/mnt/beegfs/hellgate/home/rb194958e/.conda/envs/tf215_env/lib/python3.11/site-packages/keras/src/engine/training.py", line 1807, in fit

  File "/mnt/beegfs/hellgate/home/rb194958e/.conda/envs/tf215_env/lib/python3.11/site-packages/keras/src/engine/training.py", line 1401, in train_function

  File "/mnt/beegfs/hellgate/home/rb194958e/.conda/envs/tf215_env/lib/python3.11/site-packages/keras/src/engine/training.py", line 1384, in step_function

  File "/mnt/beegfs/hellgate/home/rb194958e/.conda/envs/tf215_env/lib/python3.11/site-packages/keras/src/engine/training.py", line 1373, in run_step

  File "/mnt/beegfs/hellgate/home/rb194958e/.conda/envs/tf215_env/lib/python3.11/site-packages/keras/src/engine/training.py", line 1150, in train_step

  File "/mnt/beegfs/hellgate/home/rb194958e/.conda/envs/tf215_env/lib/python3.11/site-packages/keras/src/utils/traceback_utils.py", line 65, in error_handler

  File "/mnt/beegfs/hellgate/home/rb194958e/.conda/envs/tf215_env/lib/python3.11/site-packages/keras/src/engine/training.py", line 590, in __call__

  File "/mnt/beegfs/hellgate/home/rb194958e/.conda/envs/tf215_env/lib/python3.11/site-packages/keras/src/utils/traceback_utils.py", line 65, in error_handler

  File "/mnt/beegfs/hellgate/home/rb194958e/.conda/envs/tf215_env/lib/python3.11/site-packages/keras/src/engine/base_layer.py", line 1149, in __call__

  File "/mnt/beegfs/hellgate/home/rb194958e/.conda/envs/tf215_env/lib/python3.11/site-packages/keras/src/utils/traceback_utils.py", line 96, in error_handler

  File "/mnt/beegfs/hellgate/home/rb194958e/.conda/envs/tf215_env/lib/python3.11/site-packages/keras/src/engine/functional.py", line 515, in call

  File "/mnt/beegfs/hellgate/home/rb194958e/.conda/envs/tf215_env/lib/python3.11/site-packages/keras/src/engine/functional.py", line 672, in _run_internal_graph

  File "/mnt/beegfs/hellgate/home/rb194958e/.conda/envs/tf215_env/lib/python3.11/site-packages/keras/src/utils/traceback_utils.py", line 65, in error_handler

  File "/mnt/beegfs/hellgate/home/rb194958e/.conda/envs/tf215_env/lib/python3.11/site-packages/keras/src/engine/base_layer.py", line 1149, in __call__

  File "/mnt/beegfs/hellgate/home/rb194958e/.conda/envs/tf215_env/lib/python3.11/site-packages/keras/src/utils/traceback_utils.py", line 96, in error_handler

  File "/mnt/beegfs/hellgate/home/rb194958e/.conda/envs/tf215_env/lib/python3.11/site-packages/keras/src/layers/merging/base_merge.py", line 196, in call

  File "/mnt/beegfs/hellgate/home/rb194958e/.conda/envs/tf215_env/lib/python3.11/site-packages/keras/src/layers/merging/concatenate.py", line 134, in _merge_function

  File "/mnt/beegfs/hellgate/home/rb194958e/.conda/envs/tf215_env/lib/python3.11/site-packages/keras/src/backend.py", line 3580, in concatenate

OOM when allocating tensor with shape[2,64,192,224,176] and type float on /job:localhost/replica:0/task:0/device:GPU:0 by allocator GPU_0_bfc
	 [[{{node model/concatenate_2/concat}}]]
Hint: If you want to see a list of allocated tensors when OOM happens, add report_tensor_allocations_upon_oom to RunOptions for current allocation info. This isn't available when running in Eager mode.
 [Op:__inference_train_function_7309]
2025-06-14 23:46:47.544934: W tensorflow/core/kernels/data/generator_dataset_op.cc:108] Error occurred when finalizing GeneratorDataset iterator: FAILED_PRECONDITION: Python interpreter state is not initialized. The process may be terminated.
	 [[{{node PyFunc}}]]
/var/spool/slurmd/job1124147/slurm_script: line 320: EOF: command not found
/var/spool/slurmd/job1124147/slurm_script: line 330: unexpected EOF while looking for matching ``'
/var/spool/slurmd/job1124147/slurm_script: line 339: syntax error: unexpected end of file
