2025-06-14 22:33:15.973628: I tensorflow/core/util/port.cc:113] oneDNN custom operations are on. You may see slightly different numerical results due to floating-point round-off errors from different computation orders. To turn them off, set the environment variable `TF_ENABLE_ONEDNN_OPTS=0`.
2025-06-14 22:33:16.710545: E external/local_xla/xla/stream_executor/cuda/cuda_dnn.cc:9261] Unable to register cuDNN factory: Attempting to register factory for plugin cuDNN when one has already been registered
2025-06-14 22:33:16.711060: E external/local_xla/xla/stream_executor/cuda/cuda_fft.cc:607] Unable to register cuFFT factory: Attempting to register factory for plugin cuFFT when one has already been registered
2025-06-14 22:33:16.827518: E external/local_xla/xla/stream_executor/cuda/cuda_blas.cc:1515] Unable to register cuBLAS factory: Attempting to register factory for plugin cuBLAS when one has already been registered
2025-06-14 22:33:17.081491: I tensorflow/core/platform/cpu_feature_guard.cc:182] This TensorFlow binary is optimized to use available CPU instructions in performance-critical operations.
To enable the following instructions: AVX2 AVX512F AVX512_VNNI FMA, in other operations, rebuild TensorFlow with the appropriate compiler flags.
2025-06-14 22:33:23.784957: W tensorflow/compiler/tf2tensorrt/utils/py_utils.cc:38] TF-TRT Warning: Could not find TensorRT
INFO:__main__:🚀 Starting Stroke Lesion Segmentation Training
INFO:__main__:Using 1 GPU(s)
INFO:__main__:Creating data generators...
INFO:__main__:Found 655 valid image/mask pairs
INFO:__main__:Found 655 valid image/mask pairs
INFO:__main__:Training batches: 262
INFO:__main__:Validation batches: 65
INFO:__main__:Building model...
2025-06-14 22:33:38.304832: I tensorflow/core/common_runtime/gpu/gpu_device.cc:1929] Created device /job:localhost/replica:0/task:0/device:GPU:0 with 22483 MB memory:  -> device: 0, name: NVIDIA RTX 4500 Ada Generation, pci bus id: 0000:1c:00.0, compute capability: 8.9
INFO:__main__:Model parameters: 5,605,345
INFO:__main__:Starting training...
pixdim[0] (qfac) should be 1 (default) or -1; setting qfac to 1
INFO:nibabel.global:pixdim[0] (qfac) should be 1 (default) or -1; setting qfac to 1
pixdim[0] (qfac) should be 1 (default) or -1; setting qfac to 1
INFO:nibabel.global:pixdim[0] (qfac) should be 1 (default) or -1; setting qfac to 1
pixdim[0] (qfac) should be 1 (default) or -1; setting qfac to 1
INFO:nibabel.global:pixdim[0] (qfac) should be 1 (default) or -1; setting qfac to 1
pixdim[0] (qfac) should be 1 (default) or -1; setting qfac to 1
INFO:nibabel.global:pixdim[0] (qfac) should be 1 (default) or -1; setting qfac to 1
2025-06-14 22:33:45.947028: I external/local_xla/xla/stream_executor/cuda/cuda_dnn.cc:454] Loaded cuDNN version 8907
pixdim[0] (qfac) should be 1 (default) or -1; setting qfac to 1
INFO:nibabel.global:pixdim[0] (qfac) should be 1 (default) or -1; setting qfac to 1
pixdim[0] (qfac) should be 1 (default) or -1; setting qfac to 1
INFO:nibabel.global:pixdim[0] (qfac) should be 1 (default) or -1; setting qfac to 1
pixdim[0] (qfac) should be 1 (default) or -1; setting qfac to 1
INFO:nibabel.global:pixdim[0] (qfac) should be 1 (default) or -1; setting qfac to 1
pixdim[0] (qfac) should be 1 (default) or -1; setting qfac to 1
INFO:nibabel.global:pixdim[0] (qfac) should be 1 (default) or -1; setting qfac to 1
2025-06-14 22:34:02.361467: W external/local_tsl/tsl/framework/bfc_allocator.cc:296] Allocator (GPU_0_bfc) ran out of memory trying to allocate 2.27GiB with freed_by_count=0. The caller indicates that this is not a failure, but this may mean that there could be performance gains if more memory were available.
2025-06-14 22:34:02.463044: W external/local_tsl/tsl/framework/bfc_allocator.cc:296] Allocator (GPU_0_bfc) ran out of memory trying to allocate 2.30GiB with freed_by_count=0. The caller indicates that this is not a failure, but this may mean that there could be performance gains if more memory were available.
2025-06-14 22:34:02.464039: W external/local_tsl/tsl/framework/bfc_allocator.cc:296] Allocator (GPU_0_bfc) ran out of memory trying to allocate 2.27GiB with freed_by_count=0. The caller indicates that this is not a failure, but this may mean that there could be performance gains if more memory were available.
2025-06-14 22:34:03.084544: W external/local_tsl/tsl/framework/bfc_allocator.cc:296] Allocator (GPU_0_bfc) ran out of memory trying to allocate 2.27GiB with freed_by_count=0. The caller indicates that this is not a failure, but this may mean that there could be performance gains if more memory were available.
2025-06-14 22:34:03.138004: W external/local_tsl/tsl/framework/bfc_allocator.cc:296] Allocator (GPU_0_bfc) ran out of memory trying to allocate 2.30GiB with freed_by_count=0. The caller indicates that this is not a failure, but this may mean that there could be performance gains if more memory were available.
2025-06-14 22:34:03.138897: W external/local_tsl/tsl/framework/bfc_allocator.cc:296] Allocator (GPU_0_bfc) ran out of memory trying to allocate 2.27GiB with freed_by_count=0. The caller indicates that this is not a failure, but this may mean that there could be performance gains if more memory were available.
2025-06-14 22:34:13.761079: W external/local_tsl/tsl/framework/bfc_allocator.cc:485] Allocator (GPU_0_bfc) ran out of memory trying to allocate 3.61GiB (rounded to 3875536896)requested by op model/concatenate_2/concat
If the cause is memory fragmentation maybe the environment variable 'TF_GPU_ALLOCATOR=cuda_malloc_async' will improve the situation. 
Current allocation summary follows.
Current allocation summary follows.
2025-06-14 22:34:13.762157: I external/local_tsl/tsl/framework/bfc_allocator.cc:1039] BFCAllocator dump for GPU_0_bfc
2025-06-14 22:34:13.762974: I external/local_tsl/tsl/framework/bfc_allocator.cc:1046] Bin (256): 	Total Chunks: 155, Chunks in use: 155. 38.8KiB allocated for chunks. 38.8KiB in use in bin. 20.7KiB client-requested in use in bin.
2025-06-14 22:34:13.763603: I external/local_tsl/tsl/framework/bfc_allocator.cc:1046] Bin (512): 	Total Chunks: 56, Chunks in use: 55. 28.2KiB allocated for chunks. 27.8KiB in use in bin. 27.5KiB client-requested in use in bin.
2025-06-14 22:34:13.764048: I external/local_tsl/tsl/framework/bfc_allocator.cc:1046] Bin (1024): 	Total Chunks: 27, Chunks in use: 27. 27.2KiB allocated for chunks. 27.2KiB in use in bin. 27.0KiB client-requested in use in bin.
2025-06-14 22:34:13.764524: I external/local_tsl/tsl/framework/bfc_allocator.cc:1046] Bin (2048): 	Total Chunks: 3, Chunks in use: 3. 10.5KiB allocated for chunks. 10.5KiB in use in bin. 10.1KiB client-requested in use in bin.
2025-06-14 22:34:13.764985: I external/local_tsl/tsl/framework/bfc_allocator.cc:1046] Bin (4096): 	Total Chunks: 0, Chunks in use: 0. 0B allocated for chunks. 0B in use in bin. 0B client-requested in use in bin.
2025-06-14 22:34:13.765369: I external/local_tsl/tsl/framework/bfc_allocator.cc:1046] Bin (8192): 	Total Chunks: 0, Chunks in use: 0. 0B allocated for chunks. 0B in use in bin. 0B client-requested in use in bin.
2025-06-14 22:34:13.765754: I external/local_tsl/tsl/framework/bfc_allocator.cc:1046] Bin (16384): 	Total Chunks: 0, Chunks in use: 0. 0B allocated for chunks. 0B in use in bin. 0B client-requested in use in bin.
2025-06-14 22:34:13.766208: I external/local_tsl/tsl/framework/bfc_allocator.cc:1046] Bin (32768): 	Total Chunks: 0, Chunks in use: 0. 0B allocated for chunks. 0B in use in bin. 0B client-requested in use in bin.
2025-06-14 22:34:13.766583: I external/local_tsl/tsl/framework/bfc_allocator.cc:1046] Bin (65536): 	Total Chunks: 7, Chunks in use: 7. 653.0KiB allocated for chunks. 653.0KiB in use in bin. 624.0KiB client-requested in use in bin.
2025-06-14 22:34:13.766990: I external/local_tsl/tsl/framework/bfc_allocator.cc:1046] Bin (131072): 	Total Chunks: 8, Chunks in use: 8. 1.58MiB allocated for chunks. 1.58MiB in use in bin. 1.48MiB client-requested in use in bin.
2025-06-14 22:34:13.767411: I external/local_tsl/tsl/framework/bfc_allocator.cc:1046] Bin (262144): 	Total Chunks: 8, Chunks in use: 8. 2.95MiB allocated for chunks. 2.95MiB in use in bin. 2.86MiB client-requested in use in bin.
2025-06-14 22:34:13.767917: I external/local_tsl/tsl/framework/bfc_allocator.cc:1046] Bin (524288): 	Total Chunks: 7, Chunks in use: 7. 5.89MiB allocated for chunks. 5.89MiB in use in bin. 5.48MiB client-requested in use in bin.
2025-06-14 22:34:13.768322: I external/local_tsl/tsl/framework/bfc_allocator.cc:1046] Bin (1048576): 	Total Chunks: 9, Chunks in use: 9. 14.02MiB allocated for chunks. 14.02MiB in use in bin. 13.12MiB client-requested in use in bin.
2025-06-14 22:34:13.768653: I external/local_tsl/tsl/framework/bfc_allocator.cc:1046] Bin (2097152): 	Total Chunks: 5, Chunks in use: 5. 17.38MiB allocated for chunks. 17.38MiB in use in bin. 16.88MiB client-requested in use in bin.
2025-06-14 22:34:13.769045: I external/local_tsl/tsl/framework/bfc_allocator.cc:1046] Bin (4194304): 	Total Chunks: 3, Chunks in use: 3. 18.12MiB allocated for chunks. 18.12MiB in use in bin. 16.88MiB client-requested in use in bin.
2025-06-14 22:34:13.769445: I external/local_tsl/tsl/framework/bfc_allocator.cc:1046] Bin (8388608): 	Total Chunks: 3, Chunks in use: 3. 40.62MiB allocated for chunks. 40.62MiB in use in bin. 35.62MiB client-requested in use in bin.
2025-06-14 22:34:13.769847: I external/local_tsl/tsl/framework/bfc_allocator.cc:1046] Bin (16777216): 	Total Chunks: 5, Chunks in use: 4. 140.19MiB allocated for chunks. 115.50MiB in use in bin. 115.50MiB client-requested in use in bin.
2025-06-14 22:34:13.770190: I external/local_tsl/tsl/framework/bfc_allocator.cc:1046] Bin (33554432): 	Total Chunks: 2, Chunks in use: 2. 115.50MiB allocated for chunks. 115.50MiB in use in bin. 115.50MiB client-requested in use in bin.
2025-06-14 22:34:13.770560: I external/local_tsl/tsl/framework/bfc_allocator.cc:1046] Bin (67108864): 	Total Chunks: 8, Chunks in use: 8. 874.50MiB allocated for chunks. 874.50MiB in use in bin. 808.50MiB client-requested in use in bin.
2025-06-14 22:34:13.770958: I external/local_tsl/tsl/framework/bfc_allocator.cc:1046] Bin (134217728): 	Total Chunks: 5, Chunks in use: 5. 1.07GiB allocated for chunks. 1.07GiB in use in bin. 924.00MiB client-requested in use in bin.
2025-06-14 22:34:13.771316: I external/local_tsl/tsl/framework/bfc_allocator.cc:1046] Bin (268435456): 	Total Chunks: 18, Chunks in use: 15. 19.69GiB allocated for chunks. 15.34GiB in use in bin. 15.34GiB client-requested in use in bin.
2025-06-14 22:34:13.771703: I external/local_tsl/tsl/framework/bfc_allocator.cc:1062] Bin for 3.61GiB was 256.00MiB, Chunk State: 
2025-06-14 22:34:13.772116: I external/local_tsl/tsl/framework/bfc_allocator.cc:1068]   Size: 453.50MiB | Requested Size: 16.00MiB | in_use: 0 | bin_num: 20, prev:   Size: 462.00MiB | Requested Size: 462.00MiB | in_use: 1 | bin_num: -1
2025-06-14 22:34:13.772683: I external/local_tsl/tsl/framework/bfc_allocator.cc:1068]   Size: 1.80GiB | Requested Size: 1.80GiB | in_use: 0 | bin_num: 20, next:   Size: 1.80GiB | Requested Size: 1.80GiB | in_use: 1 | bin_num: -1
2025-06-14 22:34:13.773248: I external/local_tsl/tsl/framework/bfc_allocator.cc:1068]   Size: 2.10GiB | Requested Size: 1.82GiB | in_use: 0 | bin_num: 20, prev:   Size: 1.80GiB | Requested Size: 1.80GiB | in_use: 1 | bin_num: -1
2025-06-14 22:34:13.773777: I external/local_tsl/tsl/framework/bfc_allocator.cc:1075] Next region of size 6129582080
2025-06-14 22:34:13.774360: I external/local_tsl/tsl/framework/bfc_allocator.cc:1095] Free  at 7fcd8e000000 of size 1937768448 next 107
2025-06-14 22:34:13.774736: I external/local_tsl/tsl/framework/bfc_allocator.cc:1095] InUse at 7fce01800000 of size 1937768448 next 329
2025-06-14 22:34:13.775148: I external/local_tsl/tsl/framework/bfc_allocator.cc:1095] Free  at 7fce75000000 of size 2254045184 next 18446744073709551615
2025-06-14 22:34:13.775532: I external/local_tsl/tsl/framework/bfc_allocator.cc:1075] Next region of size 8589934592
2025-06-14 22:34:13.776004: I external/local_tsl/tsl/framework/bfc_allocator.cc:1095] InUse at 7fcf26000000 of size 1937768448 next 282
2025-06-14 22:34:13.776350: I external/local_tsl/tsl/framework/bfc_allocator.cc:1095] InUse at 7fcf99800000 of size 242221056 next 283
2025-06-14 22:34:13.776694: I external/local_tsl/tsl/framework/bfc_allocator.cc:1095] InUse at 7fcfa7f00000 of size 484442112 next 284
2025-06-14 22:34:13.777074: I external/local_tsl/tsl/framework/bfc_allocator.cc:1095] InUse at 7fcfc4d00000 of size 484442112 next 285
2025-06-14 22:34:13.777507: I external/local_tsl/tsl/framework/bfc_allocator.cc:1095] InUse at 7fcfe1b00000 of size 484442112 next 29
2025-06-14 22:34:13.777928: I external/local_tsl/tsl/framework/bfc_allocator.cc:1095] InUse at 7fcffe900000 of size 484442112 next 289
2025-06-14 22:34:13.778305: I external/local_tsl/tsl/framework/bfc_allocator.cc:1095] InUse at 7fd01b700000 of size 484442112 next 293
2025-06-14 22:34:13.778668: I external/local_tsl/tsl/framework/bfc_allocator.cc:1095] InUse at 7fd038500000 of size 121110528 next 47
2025-06-14 22:34:13.779016: I external/local_tsl/tsl/framework/bfc_allocator.cc:1095] InUse at 7fd03f880000 of size 121110528 next 296
2025-06-14 22:34:13.779376: I external/local_tsl/tsl/framework/bfc_allocator.cc:1095] InUse at 7fd046c00000 of size 121110528 next 300
2025-06-14 22:34:13.779769: I external/local_tsl/tsl/framework/bfc_allocator.cc:1095] InUse at 7fd04df80000 of size 30277632 next 302
2025-06-14 22:34:13.780150: I external/local_tsl/tsl/framework/bfc_allocator.cc:1095] InUse at 7fd04fc60000 of size 30277632 next 303
2025-06-14 22:34:13.780491: I external/local_tsl/tsl/framework/bfc_allocator.cc:1095] InUse at 7fd051940000 of size 30277632 next 66
2025-06-14 22:34:13.780908: I external/local_tsl/tsl/framework/bfc_allocator.cc:1095] InUse at 7fd053620000 of size 30277632 next 307
2025-06-14 22:34:13.781283: I external/local_tsl/tsl/framework/bfc_allocator.cc:1095] InUse at 7fd055300000 of size 121110528 next 76
2025-06-14 22:34:13.781610: I external/local_tsl/tsl/framework/bfc_allocator.cc:1095] InUse at 7fd05c680000 of size 121110528 next 312
2025-06-14 22:34:13.781982: I external/local_tsl/tsl/framework/bfc_allocator.cc:1095] InUse at 7fd063a00000 of size 242221056 next 311
2025-06-14 22:34:13.782347: I external/local_tsl/tsl/framework/bfc_allocator.cc:1095] InUse at 7fd072100000 of size 121110528 next 85
2025-06-14 22:34:13.782681: I external/local_tsl/tsl/framework/bfc_allocator.cc:1095] InUse at 7fd079480000 of size 484442112 next 325
2025-06-14 22:34:13.783063: I external/local_tsl/tsl/framework/bfc_allocator.cc:1095] InUse at 7fd096280000 of size 484442112 next 320
2025-06-14 22:34:13.783462: I external/local_tsl/tsl/framework/bfc_allocator.cc:1095] InUse at 7fd0b3080000 of size 968884224 next 319
2025-06-14 22:34:13.783834: I external/local_tsl/tsl/framework/bfc_allocator.cc:1095] InUse at 7fd0ecc80000 of size 484442112 next 91
2025-06-14 22:34:13.784181: I external/local_tsl/tsl/framework/bfc_allocator.cc:1095] Free  at 7fd109a80000 of size 475529216 next 18446744073709551615
2025-06-14 22:34:13.784557: I external/local_tsl/tsl/framework/bfc_allocator.cc:1075] Next region of size 4294967296
2025-06-14 22:34:13.785021: I external/local_tsl/tsl/framework/bfc_allocator.cc:1095] InUse at 7fd142000000 of size 1937768448 next 11
2025-06-14 22:34:13.785357: I external/local_tsl/tsl/framework/bfc_allocator.cc:1095] InUse at 7fd1b5800000 of size 1937768448 next 277
2025-06-14 22:34:13.785734: I external/local_tsl/tsl/framework/bfc_allocator.cc:1095] InUse at 7fd229000000 of size 242221056 next 20
2025-06-14 22:34:13.786120: I external/local_tsl/tsl/framework/bfc_allocator.cc:1095] InUse at 7fd237700000 of size 60555264 next 38
2025-06-14 22:34:13.786499: I external/local_tsl/tsl/framework/bfc_allocator.cc:1095] InUse at 7fd23b0c0000 of size 116654080 next 18446744073709551615
2025-06-14 22:34:13.786874: I external/local_tsl/tsl/framework/bfc_allocator.cc:1075] Next region of size 2147483648
2025-06-14 22:34:13.787303: I external/local_tsl/tsl/framework/bfc_allocator.cc:1095] InUse at 7fd26e000000 of size 1937768448 next 265
2025-06-14 22:34:13.787634: I external/local_tsl/tsl/framework/bfc_allocator.cc:1095] InUse at 7fd2e1800000 of size 209715200 next 18446744073709551615
2025-06-14 22:34:13.788004: I external/local_tsl/tsl/framework/bfc_allocator.cc:1075] Next region of size 2147483648
2025-06-14 22:34:13.788424: I external/local_tsl/tsl/framework/bfc_allocator.cc:1095] InUse at 7fd2f4000000 of size 1937768448 next 267
2025-06-14 22:34:13.788754: I external/local_tsl/tsl/framework/bfc_allocator.cc:1095] InUse at 7fd367800000 of size 209715200 next 18446744073709551615
2025-06-14 22:34:13.789145: I external/local_tsl/tsl/framework/bfc_allocator.cc:1075] Next region of size 134217728
2025-06-14 22:34:13.789610: I external/local_tsl/tsl/framework/bfc_allocator.cc:1095] InUse at 7fd400000000 of size 60555264 next 264
2025-06-14 22:34:13.789975: I external/local_tsl/tsl/framework/bfc_allocator.cc:1095] InUse at 7fd4039c0000 of size 73662464 next 18446744073709551615
2025-06-14 22:34:13.790329: I external/local_tsl/tsl/framework/bfc_allocator.cc:1075] Next region of size 67108864
2025-06-14 22:34:13.790761: I external/local_tsl/tsl/framework/bfc_allocator.cc:1095] InUse at 7fd408000000 of size 3538944 next 198
2025-06-14 22:34:13.791113: I external/local_tsl/tsl/framework/bfc_allocator.cc:1095] InUse at 7fd408360000 of size 1769472 next 205
2025-06-14 22:34:13.791484: I external/local_tsl/tsl/framework/bfc_allocator.cc:1095] InUse at 7fd408510000 of size 1769472 next 206
2025-06-14 22:34:13.791851: I external/local_tsl/tsl/framework/bfc_allocator.cc:1095] InUse at 7fd4086c0000 of size 262144 next 213
2025-06-14 22:34:13.792218: I external/local_tsl/tsl/framework/bfc_allocator.cc:1095] InUse at 7fd408700000 of size 262144 next 214
2025-06-14 22:34:13.792611: I external/local_tsl/tsl/framework/bfc_allocator.cc:1095] InUse at 7fd408740000 of size 884736 next 217
2025-06-14 22:34:13.792991: I external/local_tsl/tsl/framework/bfc_allocator.cc:1095] InUse at 7fd408818000 of size 884736 next 218
2025-06-14 22:34:13.793322: I external/local_tsl/tsl/framework/bfc_allocator.cc:1095] InUse at 7fd4088f0000 of size 442368 next 225
2025-06-14 22:34:13.793652: I external/local_tsl/tsl/framework/bfc_allocator.cc:1095] InUse at 7fd40895c000 of size 442368 next 226
2025-06-14 22:34:13.794225: I external/local_tsl/tsl/framework/bfc_allocator.cc:1095] InUse at 7fd4089c8000 of size 256 next 234
2025-06-14 22:34:13.794793: I external/local_tsl/tsl/framework/bfc_allocator.cc:1095] InUse at 7fd4089c8100 of size 256 next 235
2025-06-14 22:34:13.795239: I external/local_tsl/tsl/framework/bfc_allocator.cc:1095] InUse at 7fd4089c8200 of size 221184 next 236
2025-06-14 22:34:13.795607: I external/local_tsl/tsl/framework/bfc_allocator.cc:1095] InUse at 7fd4089fe200 of size 221184 next 237
2025-06-14 22:34:13.796003: I external/local_tsl/tsl/framework/bfc_allocator.cc:1095] InUse at 7fd408a34200 of size 256 next 238
2025-06-14 22:34:13.796571: I external/local_tsl/tsl/framework/bfc_allocator.cc:1095] InUse at 7fd408a34300 of size 256 next 239
2025-06-14 22:34:13.797003: I external/local_tsl/tsl/framework/bfc_allocator.cc:1095] InUse at 7fd408a34400 of size 256 next 240
2025-06-14 22:34:13.797433: I external/local_tsl/tsl/framework/bfc_allocator.cc:1095] InUse at 7fd408a34500 of size 256 next 241
2025-06-14 22:34:13.797887: I external/local_tsl/tsl/framework/bfc_allocator.cc:1095] InUse at 7fd408a34600 of size 256 next 242
2025-06-14 22:34:13.798351: I external/local_tsl/tsl/framework/bfc_allocator.cc:1095] InUse at 7fd408a34700 of size 256 next 243
2025-06-14 22:34:13.798831: I external/local_tsl/tsl/framework/bfc_allocator.cc:1095] InUse at 7fd408a34800 of size 110592 next 244
2025-06-14 22:34:13.799188: I external/local_tsl/tsl/framework/bfc_allocator.cc:1095] InUse at 7fd408a4f800 of size 110592 next 245
2025-06-14 22:34:13.799542: I external/local_tsl/tsl/framework/bfc_allocator.cc:1095] InUse at 7fd408a6a800 of size 256 next 246
2025-06-14 22:34:13.799928: I external/local_tsl/tsl/framework/bfc_allocator.cc:1095] InUse at 7fd408a6a900 of size 256 next 247
2025-06-14 22:34:13.800376: I external/local_tsl/tsl/framework/bfc_allocator.cc:1095] InUse at 7fd408a6aa00 of size 256 next 248
2025-06-14 22:34:13.800823: I external/local_tsl/tsl/framework/bfc_allocator.cc:1095] InUse at 7fd408a6ab00 of size 256 next 249
2025-06-14 22:34:13.801295: I external/local_tsl/tsl/framework/bfc_allocator.cc:1095] InUse at 7fd408a6ac00 of size 256 next 250
2025-06-14 22:34:13.801707: I external/local_tsl/tsl/framework/bfc_allocator.cc:1095] InUse at 7fd408a6ad00 of size 256 next 251
2025-06-14 22:34:13.802137: I external/local_tsl/tsl/framework/bfc_allocator.cc:1095] InUse at 7fd408a6ae00 of size 256 next 252
2025-06-14 22:34:13.802608: I external/local_tsl/tsl/framework/bfc_allocator.cc:1095] InUse at 7fd408a6af00 of size 256 next 253
2025-06-14 22:34:13.803082: I external/local_tsl/tsl/framework/bfc_allocator.cc:1095] InUse at 7fd408a6b000 of size 256 next 254
2025-06-14 22:34:13.803524: I external/local_tsl/tsl/framework/bfc_allocator.cc:1095] InUse at 7fd408a6b100 of size 256 next 255
2025-06-14 22:34:13.803954: I external/local_tsl/tsl/framework/bfc_allocator.cc:1095] InUse at 7fd408a6b200 of size 256 next 256
2025-06-14 22:34:13.804377: I external/local_tsl/tsl/framework/bfc_allocator.cc:1095] InUse at 7fd408a6b300 of size 256 next 257
2025-06-14 22:34:13.804836: I external/local_tsl/tsl/framework/bfc_allocator.cc:1095] InUse at 7fd408a6b400 of size 256 next 258
2025-06-14 22:34:13.805269: I external/local_tsl/tsl/framework/bfc_allocator.cc:1095] InUse at 7fd408a6b500 of size 256 next 259
2025-06-14 22:34:13.805717: I external/local_tsl/tsl/framework/bfc_allocator.cc:1095] InUse at 7fd408a6b600 of size 256 next 260
2025-06-14 22:34:13.806149: I external/local_tsl/tsl/framework/bfc_allocator.cc:1095] InUse at 7fd408a6b700 of size 256 next 261
2025-06-14 22:34:13.806557: I external/local_tsl/tsl/framework/bfc_allocator.cc:1095] InUse at 7fd408a6b800 of size 256 next 262
2025-06-14 22:34:13.806984: I external/local_tsl/tsl/framework/bfc_allocator.cc:1095] InUse at 7fd408a6b900 of size 256 next 263
2025-06-14 22:34:13.807420: I external/local_tsl/tsl/framework/bfc_allocator.cc:1095] InUse at 7fd408a6ba00 of size 256 next 272
2025-06-14 22:34:13.807831: I external/local_tsl/tsl/framework/bfc_allocator.cc:1095] InUse at 7fd408a6bb00 of size 256 next 274
2025-06-14 22:34:13.808273: I external/local_tsl/tsl/framework/bfc_allocator.cc:1095] InUse at 7fd408a6bc00 of size 256 next 275
2025-06-14 22:34:13.808707: I external/local_tsl/tsl/framework/bfc_allocator.cc:1095] InUse at 7fd408a6bd00 of size 256 next 276
2025-06-14 22:34:13.809147: I external/local_tsl/tsl/framework/bfc_allocator.cc:1095] InUse at 7fd408a6be00 of size 256 next 280
2025-06-14 22:34:13.809599: I external/local_tsl/tsl/framework/bfc_allocator.cc:1095] InUse at 7fd408a6bf00 of size 256 next 281
2025-06-14 22:34:13.810039: I external/local_tsl/tsl/framework/bfc_allocator.cc:1095] InUse at 7fd408a6c000 of size 256 next 287
2025-06-14 22:34:13.810473: I external/local_tsl/tsl/framework/bfc_allocator.cc:1095] InUse at 7fd408a6c100 of size 256 next 288
2025-06-14 22:34:13.810907: I external/local_tsl/tsl/framework/bfc_allocator.cc:1095] InUse at 7fd408a6c200 of size 256 next 291
2025-06-14 22:34:13.811333: I external/local_tsl/tsl/framework/bfc_allocator.cc:1095] InUse at 7fd408a6c300 of size 256 next 292
2025-06-14 22:34:13.811787: I external/local_tsl/tsl/framework/bfc_allocator.cc:1095] InUse at 7fd408a6c400 of size 512 next 294
2025-06-14 22:34:13.812219: I external/local_tsl/tsl/framework/bfc_allocator.cc:1095] InUse at 7fd408a6c600 of size 768 next 268
2025-06-14 22:34:13.812675: I external/local_tsl/tsl/framework/bfc_allocator.cc:1095] InUse at 7fd408a6c900 of size 256 next 269
2025-06-14 22:34:13.813136: I external/local_tsl/tsl/framework/bfc_allocator.cc:1095] InUse at 7fd408a6ca00 of size 256 next 270
2025-06-14 22:34:13.813603: I external/local_tsl/tsl/framework/bfc_allocator.cc:1095] InUse at 7fd408a6cb00 of size 512 next 295
2025-06-14 22:34:13.814008: I external/local_tsl/tsl/framework/bfc_allocator.cc:1095] InUse at 7fd408a6cd00 of size 512 next 298
2025-06-14 22:34:13.814439: I external/local_tsl/tsl/framework/bfc_allocator.cc:1095] InUse at 7fd408a6cf00 of size 512 next 299
2025-06-14 22:34:13.814933: I external/local_tsl/tsl/framework/bfc_allocator.cc:1095] InUse at 7fd408a6d100 of size 15138816 next 56
2025-06-14 22:34:13.815377: I external/local_tsl/tsl/framework/bfc_allocator.cc:1095] InUse at 7fd4098dd100 of size 15138816 next 301
2025-06-14 22:34:13.815740: I external/local_tsl/tsl/framework/bfc_allocator.cc:1095] InUse at 7fd40a74d100 of size 1024 next 304
2025-06-14 22:34:13.816164: I external/local_tsl/tsl/framework/bfc_allocator.cc:1095] InUse at 7fd40a74d500 of size 1024 next 305
2025-06-14 22:34:13.816631: I external/local_tsl/tsl/framework/bfc_allocator.cc:1095] InUse at 7fd40a74d900 of size 1024 next 306
2025-06-14 22:34:13.817068: I external/local_tsl/tsl/framework/bfc_allocator.cc:1095] InUse at 7fd40a74dd00 of size 1024 next 309
2025-06-14 22:34:13.817526: I external/local_tsl/tsl/framework/bfc_allocator.cc:1095] InUse at 7fd40a74e100 of size 1024 next 310
2025-06-14 22:34:13.817980: I external/local_tsl/tsl/framework/bfc_allocator.cc:1095] InUse at 7fd40a74e500 of size 512 next 317
2025-06-14 22:34:13.818415: I external/local_tsl/tsl/framework/bfc_allocator.cc:1095] InUse at 7fd40a74e700 of size 512 next 318
2025-06-14 22:34:13.818856: I external/local_tsl/tsl/framework/bfc_allocator.cc:1095] InUse at 7fd40a74e900 of size 256 next 326
2025-06-14 22:34:13.819346: I external/local_tsl/tsl/framework/bfc_allocator.cc:1095] InUse at 7fd40a74ea00 of size 256 next 327
2025-06-14 22:34:13.819850: I external/local_tsl/tsl/framework/bfc_allocator.cc:1095] Free  at 7fd40a74eb00 of size 25892096 next 18446744073709551615
2025-06-14 22:34:13.820221: I external/local_tsl/tsl/framework/bfc_allocator.cc:1075] Next region of size 33554432
2025-06-14 22:34:13.820646: I external/local_tsl/tsl/framework/bfc_allocator.cc:1095] InUse at 7fd420000000 of size 3538944 next 83
2025-06-14 22:34:13.821021: I external/local_tsl/tsl/framework/bfc_allocator.cc:1095] InUse at 7fd420360000 of size 221184 next 152
2025-06-14 22:34:13.821392: I external/local_tsl/tsl/framework/bfc_allocator.cc:1095] InUse at 7fd420396000 of size 221184 next 106
2025-06-14 22:34:13.821755: I external/local_tsl/tsl/framework/bfc_allocator.cc:1095] InUse at 7fd4203cc000 of size 442368 next 100
2025-06-14 22:34:13.822159: I external/local_tsl/tsl/framework/bfc_allocator.cc:1095] InUse at 7fd420438000 of size 884736 next 90
2025-06-14 22:34:13.822573: I external/local_tsl/tsl/framework/bfc_allocator.cc:1095] InUse at 7fd420510000 of size 1769472 next 74
2025-06-14 22:34:13.822945: I external/local_tsl/tsl/framework/bfc_allocator.cc:1095] InUse at 7fd4206c0000 of size 7077888 next 72
2025-06-14 22:34:13.823323: I external/local_tsl/tsl/framework/bfc_allocator.cc:1095] InUse at 7fd420d80000 of size 7077888 next 187
2025-06-14 22:34:13.823693: I external/local_tsl/tsl/framework/bfc_allocator.cc:1095] InUse at 7fd421440000 of size 12320768 next 18446744073709551615
2025-06-14 22:34:13.824053: I external/local_tsl/tsl/framework/bfc_allocator.cc:1075] Next region of size 16777216
2025-06-14 22:34:13.824482: I external/local_tsl/tsl/framework/bfc_allocator.cc:1095] InUse at 7fd422000000 of size 1769472 next 173
2025-06-14 22:34:13.824865: I external/local_tsl/tsl/framework/bfc_allocator.cc:1095] InUse at 7fd4221b0000 of size 1769472 next 64
2025-06-14 22:34:13.825244: I external/local_tsl/tsl/framework/bfc_allocator.cc:1095] InUse at 7fd422360000 of size 3538944 next 62
2025-06-14 22:34:13.825637: I external/local_tsl/tsl/framework/bfc_allocator.cc:1095] InUse at 7fd4226c0000 of size 3538944 next 180
2025-06-14 22:34:13.826004: I external/local_tsl/tsl/framework/bfc_allocator.cc:1095] InUse at 7fd422a20000 of size 1048576 next 194
2025-06-14 22:34:13.826363: I external/local_tsl/tsl/framework/bfc_allocator.cc:1095] InUse at 7fd422b20000 of size 1048576 next 195
2025-06-14 22:34:13.826685: I external/local_tsl/tsl/framework/bfc_allocator.cc:1095] InUse at 7fd422c20000 of size 4063232 next 18446744073709551615
2025-06-14 22:34:13.827014: I external/local_tsl/tsl/framework/bfc_allocator.cc:1075] Next region of size 2097152
2025-06-14 22:34:13.827449: I external/local_tsl/tsl/framework/bfc_allocator.cc:1095] InUse at 7fd488e00000 of size 1280 next 1
2025-06-14 22:34:13.827915: I external/local_tsl/tsl/framework/bfc_allocator.cc:1095] InUse at 7fd488e00500 of size 256 next 2
2025-06-14 22:34:13.828364: I external/local_tsl/tsl/framework/bfc_allocator.cc:1095] InUse at 7fd488e00600 of size 256 next 3
2025-06-14 22:34:13.828801: I external/local_tsl/tsl/framework/bfc_allocator.cc:1095] InUse at 7fd488e00700 of size 256 next 5
2025-06-14 22:34:13.829215: I external/local_tsl/tsl/framework/bfc_allocator.cc:1095] InUse at 7fd488e00800 of size 256 next 6
2025-06-14 22:34:13.829698: I external/local_tsl/tsl/framework/bfc_allocator.cc:1095] InUse at 7fd488e00900 of size 256 next 4
2025-06-14 22:34:13.830134: I external/local_tsl/tsl/framework/bfc_allocator.cc:1095] InUse at 7fd488e00a00 of size 256 next 7
2025-06-14 22:34:13.830567: I external/local_tsl/tsl/framework/bfc_allocator.cc:1095] InUse at 7fd488e00b00 of size 256 next 10
2025-06-14 22:34:13.830984: I external/local_tsl/tsl/framework/bfc_allocator.cc:1095] InUse at 7fd488e00c00 of size 256 next 278
2025-06-14 22:34:13.831442: I external/local_tsl/tsl/framework/bfc_allocator.cc:1095] InUse at 7fd488e00d00 of size 256 next 12
2025-06-14 22:34:13.831889: I external/local_tsl/tsl/framework/bfc_allocator.cc:1095] InUse at 7fd488e00e00 of size 256 next 13
2025-06-14 22:34:13.832339: I external/local_tsl/tsl/framework/bfc_allocator.cc:1095] InUse at 7fd488e00f00 of size 256 next 14
2025-06-14 22:34:13.832769: I external/local_tsl/tsl/framework/bfc_allocator.cc:1095] InUse at 7fd488e01000 of size 256 next 17
2025-06-14 22:34:13.833193: I external/local_tsl/tsl/framework/bfc_allocator.cc:1095] InUse at 7fd488e01100 of size 256 next 15
2025-06-14 22:34:13.833586: I external/local_tsl/tsl/framework/bfc_allocator.cc:1095] InUse at 7fd488e01200 of size 256 next 16
2025-06-14 22:34:13.834030: I external/local_tsl/tsl/framework/bfc_allocator.cc:1095] InUse at 7fd488e01300 of size 256 next 286
2025-06-14 22:34:13.834574: I external/local_tsl/tsl/framework/bfc_allocator.cc:1095] InUse at 7fd488e01400 of size 256 next 21
2025-06-14 22:34:13.835159: I external/local_tsl/tsl/framework/bfc_allocator.cc:1095] InUse at 7fd488e01500 of size 256 next 22
2025-06-14 22:34:13.835731: I external/local_tsl/tsl/framework/bfc_allocator.cc:1095] InUse at 7fd488e01600 of size 256 next 23
2025-06-14 22:34:13.836173: I external/local_tsl/tsl/framework/bfc_allocator.cc:1095] InUse at 7fd488e01700 of size 256 next 24
2025-06-14 22:34:13.836596: I external/local_tsl/tsl/framework/bfc_allocator.cc:1095] InUse at 7fd488e01800 of size 256 next 25
2025-06-14 22:34:13.837088: I external/local_tsl/tsl/framework/bfc_allocator.cc:1095] InUse at 7fd488e01900 of size 256 next 28
2025-06-14 22:34:13.837526: I external/local_tsl/tsl/framework/bfc_allocator.cc:1095] InUse at 7fd488e01a00 of size 256 next 290
2025-06-14 22:34:13.837985: I external/local_tsl/tsl/framework/bfc_allocator.cc:1095] InUse at 7fd488e01b00 of size 256 next 30
2025-06-14 22:34:13.838414: I external/local_tsl/tsl/framework/bfc_allocator.cc:1095] InUse at 7fd488e01c00 of size 256 next 31
2025-06-14 22:34:13.838912: I external/local_tsl/tsl/framework/bfc_allocator.cc:1095] InUse at 7fd488e01d00 of size 256 next 32
2025-06-14 22:34:13.839382: I external/local_tsl/tsl/framework/bfc_allocator.cc:1095] InUse at 7fd488e01e00 of size 256 next 35
2025-06-14 22:34:13.839810: I external/local_tsl/tsl/framework/bfc_allocator.cc:1095] InUse at 7fd488e01f00 of size 256 next 33
2025-06-14 22:34:13.840243: I external/local_tsl/tsl/framework/bfc_allocator.cc:1095] InUse at 7fd488e02000 of size 256 next 34
2025-06-14 22:34:13.840698: I external/local_tsl/tsl/framework/bfc_allocator.cc:1095] InUse at 7fd488e02100 of size 512 next 39
2025-06-14 22:34:13.841121: I external/local_tsl/tsl/framework/bfc_allocator.cc:1095] InUse at 7fd488e02300 of size 256 next 40
2025-06-14 22:34:13.841511: I external/local_tsl/tsl/framework/bfc_allocator.cc:1095] InUse at 7fd488e02400 of size 256 next 41
2025-06-14 22:34:13.841969: I external/local_tsl/tsl/framework/bfc_allocator.cc:1095] InUse at 7fd488e02500 of size 256 next 8
2025-06-14 22:34:13.842423: I external/local_tsl/tsl/framework/bfc_allocator.cc:1095] InUse at 7fd488e02600 of size 3584 next 9
2025-06-14 22:34:13.842877: I external/local_tsl/tsl/framework/bfc_allocator.cc:1095] InUse at 7fd488e03400 of size 512 next 42
2025-06-14 22:34:13.843303: I external/local_tsl/tsl/framework/bfc_allocator.cc:1095] InUse at 7fd488e03600 of size 512 next 45
2025-06-14 22:34:13.843740: I external/local_tsl/tsl/framework/bfc_allocator.cc:1095] InUse at 7fd488e03800 of size 512 next 46
2025-06-14 22:34:13.844191: I external/local_tsl/tsl/framework/bfc_allocator.cc:1095] InUse at 7fd488e03a00 of size 512 next 297
2025-06-14 22:34:13.844627: I external/local_tsl/tsl/framework/bfc_allocator.cc:1095] InUse at 7fd488e03c00 of size 512 next 48
2025-06-14 22:34:13.845076: I external/local_tsl/tsl/framework/bfc_allocator.cc:1095] InUse at 7fd488e03e00 of size 256 next 49
2025-06-14 22:34:13.845501: I external/local_tsl/tsl/framework/bfc_allocator.cc:1095] InUse at 7fd488e03f00 of size 512 next 50
2025-06-14 22:34:13.845963: I external/local_tsl/tsl/framework/bfc_allocator.cc:1095] InUse at 7fd488e04100 of size 512 next 51
2025-06-14 22:34:13.846437: I external/local_tsl/tsl/framework/bfc_allocator.cc:1095] InUse at 7fd488e04300 of size 512 next 55
2025-06-14 22:34:13.846875: I external/local_tsl/tsl/framework/bfc_allocator.cc:1095] InUse at 7fd488e04500 of size 1024 next 57
2025-06-14 22:34:13.847298: I external/local_tsl/tsl/framework/bfc_allocator.cc:1095] InUse at 7fd488e04900 of size 256 next 58
2025-06-14 22:34:13.847726: I external/local_tsl/tsl/framework/bfc_allocator.cc:1095] InUse at 7fd488e04a00 of size 256 next 59
2025-06-14 22:34:13.848167: I external/local_tsl/tsl/framework/bfc_allocator.cc:1095] InUse at 7fd488e04b00 of size 1024 next 60
2025-06-14 22:34:13.848596: I external/local_tsl/tsl/framework/bfc_allocator.cc:1095] InUse at 7fd488e04f00 of size 1024 next 61
2025-06-14 22:34:13.849023: I external/local_tsl/tsl/framework/bfc_allocator.cc:1095] InUse at 7fd488e05300 of size 1024 next 65
2025-06-14 22:34:13.849482: I external/local_tsl/tsl/framework/bfc_allocator.cc:1095] InUse at 7fd488e05700 of size 1024 next 308
2025-06-14 22:34:13.849953: I external/local_tsl/tsl/framework/bfc_allocator.cc:1095] InUse at 7fd488e05b00 of size 1024 next 67
2025-06-14 22:34:13.850392: I external/local_tsl/tsl/framework/bfc_allocator.cc:1095] InUse at 7fd488e05f00 of size 256 next 68
2025-06-14 22:34:13.850815: I external/local_tsl/tsl/framework/bfc_allocator.cc:1095] InUse at 7fd488e06000 of size 256 next 69
2025-06-14 22:34:13.851257: I external/local_tsl/tsl/framework/bfc_allocator.cc:1095] InUse at 7fd488e06100 of size 1024 next 70
2025-06-14 22:34:13.851696: I external/local_tsl/tsl/framework/bfc_allocator.cc:1095] InUse at 7fd488e06500 of size 1024 next 71
2025-06-14 22:34:13.852108: I external/local_tsl/tsl/framework/bfc_allocator.cc:1095] InUse at 7fd488e06900 of size 1024 next 75
2025-06-14 22:34:13.852563: I external/local_tsl/tsl/framework/bfc_allocator.cc:1095] InUse at 7fd488e06d00 of size 512 next 313
2025-06-14 22:34:13.853037: I external/local_tsl/tsl/framework/bfc_allocator.cc:1095] InUse at 7fd488e06f00 of size 512 next 314
2025-06-14 22:34:13.853499: I external/local_tsl/tsl/framework/bfc_allocator.cc:1095] InUse at 7fd488e07100 of size 512 next 315
2025-06-14 22:34:13.853967: I external/local_tsl/tsl/framework/bfc_allocator.cc:1095] InUse at 7fd488e07300 of size 512 next 77
2025-06-14 22:34:13.854456: I external/local_tsl/tsl/framework/bfc_allocator.cc:1095] InUse at 7fd488e07500 of size 256 next 78
2025-06-14 22:34:13.855082: I external/local_tsl/tsl/framework/bfc_allocator.cc:1095] InUse at 7fd488e07600 of size 256 next 79
2025-06-14 22:34:13.855472: I external/local_tsl/tsl/framework/bfc_allocator.cc:1095] InUse at 7fd488e07700 of size 512 next 80
2025-06-14 22:34:13.855928: I external/local_tsl/tsl/framework/bfc_allocator.cc:1095] InUse at 7fd488e07900 of size 512 next 81
2025-06-14 22:34:13.856380: I external/local_tsl/tsl/framework/bfc_allocator.cc:1095] InUse at 7fd488e07b00 of size 512 next 82
2025-06-14 22:34:13.856847: I external/local_tsl/tsl/framework/bfc_allocator.cc:1095] InUse at 7fd488e07d00 of size 512 next 84
2025-06-14 22:34:13.857283: I external/local_tsl/tsl/framework/bfc_allocator.cc:1095] InUse at 7fd488e07f00 of size 512 next 316
2025-06-14 22:34:13.857690: I external/local_tsl/tsl/framework/bfc_allocator.cc:1095] InUse at 7fd488e08100 of size 512 next 86
2025-06-14 22:34:13.858154: I external/local_tsl/tsl/framework/bfc_allocator.cc:1095] InUse at 7fd488e08300 of size 512 next 87
2025-06-14 22:34:13.858637: I external/local_tsl/tsl/framework/bfc_allocator.cc:1095] InUse at 7fd488e08500 of size 512 next 88
2025-06-14 22:34:13.859073: I external/local_tsl/tsl/framework/bfc_allocator.cc:1095] InUse at 7fd488e08700 of size 512 next 89
2025-06-14 22:34:13.859499: I external/local_tsl/tsl/framework/bfc_allocator.cc:1095] InUse at 7fd488e08900 of size 256 next 321
2025-06-14 22:34:13.859960: I external/local_tsl/tsl/framework/bfc_allocator.cc:1095] InUse at 7fd488e08a00 of size 256 next 323
2025-06-14 22:34:13.860403: I external/local_tsl/tsl/framework/bfc_allocator.cc:1095] InUse at 7fd488e08b00 of size 256 next 324
2025-06-14 22:34:13.860829: I external/local_tsl/tsl/framework/bfc_allocator.cc:1095] InUse at 7fd488e08c00 of size 256 next 92
2025-06-14 22:34:13.861248: I external/local_tsl/tsl/framework/bfc_allocator.cc:1095] InUse at 7fd488e08d00 of size 256 next 93
2025-06-14 22:34:13.861662: I external/local_tsl/tsl/framework/bfc_allocator.cc:1095] InUse at 7fd488e08e00 of size 256 next 94
2025-06-14 22:34:13.862056: I external/local_tsl/tsl/framework/bfc_allocator.cc:1095] InUse at 7fd488e08f00 of size 256 next 97
2025-06-14 22:34:13.862497: I external/local_tsl/tsl/framework/bfc_allocator.cc:1095] InUse at 7fd488e09000 of size 256 next 95
2025-06-14 22:34:13.862947: I external/local_tsl/tsl/framework/bfc_allocator.cc:1095] InUse at 7fd488e09100 of size 256 next 96
2025-06-14 22:34:13.863381: I external/local_tsl/tsl/framework/bfc_allocator.cc:1095] InUse at 7fd488e09200 of size 256 next 98
2025-06-14 22:34:13.863840: I external/local_tsl/tsl/framework/bfc_allocator.cc:1095] InUse at 7fd488e09300 of size 256 next 101
2025-06-14 22:34:13.864267: I external/local_tsl/tsl/framework/bfc_allocator.cc:1095] InUse at 7fd488e09400 of size 256 next 102
2025-06-14 22:34:13.864671: I external/local_tsl/tsl/framework/bfc_allocator.cc:1095] InUse at 7fd488e09500 of size 256 next 103
2025-06-14 22:34:13.865131: I external/local_tsl/tsl/framework/bfc_allocator.cc:1095] InUse at 7fd488e09600 of size 256 next 104
2025-06-14 22:34:13.865577: I external/local_tsl/tsl/framework/bfc_allocator.cc:1095] InUse at 7fd488e09700 of size 256 next 105
2025-06-14 22:34:13.866032: I external/local_tsl/tsl/framework/bfc_allocator.cc:1095] Free  at 7fd488e09800 of size 512 next 108
2025-06-14 22:34:13.866463: I external/local_tsl/tsl/framework/bfc_allocator.cc:1095] InUse at 7fd488e09a00 of size 256 next 109
2025-06-14 22:34:13.866930: I external/local_tsl/tsl/framework/bfc_allocator.cc:1095] InUse at 7fd488e09b00 of size 256 next 110
2025-06-14 22:34:13.867392: I external/local_tsl/tsl/framework/bfc_allocator.cc:1095] InUse at 7fd488e09c00 of size 256 next 146
2025-06-14 22:34:13.867833: I external/local_tsl/tsl/framework/bfc_allocator.cc:1095] InUse at 7fd488e09d00 of size 256 next 147
2025-06-14 22:34:13.868263: I external/local_tsl/tsl/framework/bfc_allocator.cc:1095] InUse at 7fd488e09e00 of size 256 next 148
2025-06-14 22:34:13.868721: I external/local_tsl/tsl/framework/bfc_allocator.cc:1095] InUse at 7fd488e09f00 of size 256 next 149
2025-06-14 22:34:13.869146: I external/local_tsl/tsl/framework/bfc_allocator.cc:1095] InUse at 7fd488e0a000 of size 256 next 150
2025-06-14 22:34:13.869548: I external/local_tsl/tsl/framework/bfc_allocator.cc:1095] InUse at 7fd488e0a100 of size 256 next 151
2025-06-14 22:34:13.869973: I external/local_tsl/tsl/framework/bfc_allocator.cc:1095] InUse at 7fd488e0a200 of size 256 next 153
2025-06-14 22:34:13.870441: I external/local_tsl/tsl/framework/bfc_allocator.cc:1095] InUse at 7fd488e0a300 of size 256 next 154
2025-06-14 22:34:13.870874: I external/local_tsl/tsl/framework/bfc_allocator.cc:1095] InUse at 7fd488e0a400 of size 256 next 155
2025-06-14 22:34:13.871304: I external/local_tsl/tsl/framework/bfc_allocator.cc:1095] InUse at 7fd488e0a500 of size 256 next 156
2025-06-14 22:34:13.871701: I external/local_tsl/tsl/framework/bfc_allocator.cc:1095] InUse at 7fd488e0a600 of size 256 next 157
2025-06-14 22:34:13.872174: I external/local_tsl/tsl/framework/bfc_allocator.cc:1095] InUse at 7fd488e0a700 of size 256 next 158
2025-06-14 22:34:13.872627: I external/local_tsl/tsl/framework/bfc_allocator.cc:1095] InUse at 7fd488e0a800 of size 256 next 160
2025-06-14 22:34:13.873105: I external/local_tsl/tsl/framework/bfc_allocator.cc:1095] InUse at 7fd488e0a900 of size 256 next 161
2025-06-14 22:34:13.873602: I external/local_tsl/tsl/framework/bfc_allocator.cc:1095] InUse at 7fd488e0aa00 of size 256 next 162
2025-06-14 22:34:13.874087: I external/local_tsl/tsl/framework/bfc_allocator.cc:1095] InUse at 7fd488e0ab00 of size 256 next 163
2025-06-14 22:34:13.874537: I external/local_tsl/tsl/framework/bfc_allocator.cc:1095] InUse at 7fd488e0ac00 of size 256 next 164
2025-06-14 22:34:13.875034: I external/local_tsl/tsl/framework/bfc_allocator.cc:1095] InUse at 7fd488e0ad00 of size 256 next 165
2025-06-14 22:34:13.875464: I external/local_tsl/tsl/framework/bfc_allocator.cc:1095] InUse at 7fd488e0ae00 of size 512 next 167
2025-06-14 22:34:13.875908: I external/local_tsl/tsl/framework/bfc_allocator.cc:1095] InUse at 7fd488e0b000 of size 512 next 168
2025-06-14 22:34:13.876327: I external/local_tsl/tsl/framework/bfc_allocator.cc:1095] InUse at 7fd488e0b200 of size 512 next 169
2025-06-14 22:34:13.876777: I external/local_tsl/tsl/framework/bfc_allocator.cc:1095] InUse at 7fd488e0b400 of size 512 next 170
2025-06-14 22:34:13.877229: I external/local_tsl/tsl/framework/bfc_allocator.cc:1095] InUse at 7fd488e0b600 of size 512 next 171
2025-06-14 22:34:13.877671: I external/local_tsl/tsl/framework/bfc_allocator.cc:1095] InUse at 7fd488e0b800 of size 512 next 172
2025-06-14 22:34:13.878124: I external/local_tsl/tsl/framework/bfc_allocator.cc:1095] InUse at 7fd488e0ba00 of size 512 next 174
2025-06-14 22:34:13.878582: I external/local_tsl/tsl/framework/bfc_allocator.cc:1095] InUse at 7fd488e0bc00 of size 512 next 175
2025-06-14 22:34:13.879041: I external/local_tsl/tsl/framework/bfc_allocator.cc:1095] InUse at 7fd488e0be00 of size 512 next 176
2025-06-14 22:34:13.879490: I external/local_tsl/tsl/framework/bfc_allocator.cc:1095] InUse at 7fd488e0c000 of size 512 next 177
2025-06-14 22:34:13.879940: I external/local_tsl/tsl/framework/bfc_allocator.cc:1095] InUse at 7fd488e0c200 of size 512 next 178
2025-06-14 22:34:13.880380: I external/local_tsl/tsl/framework/bfc_allocator.cc:1095] InUse at 7fd488e0c400 of size 512 next 179
2025-06-14 22:34:13.880812: I external/local_tsl/tsl/framework/bfc_allocator.cc:1095] InUse at 7fd488e0c600 of size 1024 next 181
2025-06-14 22:34:13.881268: I external/local_tsl/tsl/framework/bfc_allocator.cc:1095] InUse at 7fd488e0ca00 of size 1024 next 182
2025-06-14 22:34:13.881699: I external/local_tsl/tsl/framework/bfc_allocator.cc:1095] InUse at 7fd488e0ce00 of size 1024 next 183
2025-06-14 22:34:13.882147: I external/local_tsl/tsl/framework/bfc_allocator.cc:1095] InUse at 7fd488e0d200 of size 1024 next 184
2025-06-14 22:34:13.882577: I external/local_tsl/tsl/framework/bfc_allocator.cc:1095] InUse at 7fd488e0d600 of size 1024 next 185
2025-06-14 22:34:13.883014: I external/local_tsl/tsl/framework/bfc_allocator.cc:1095] InUse at 7fd488e0da00 of size 1024 next 186
2025-06-14 22:34:13.883406: I external/local_tsl/tsl/framework/bfc_allocator.cc:1095] InUse at 7fd488e0de00 of size 1024 next 188
2025-06-14 22:34:13.883833: I external/local_tsl/tsl/framework/bfc_allocator.cc:1095] InUse at 7fd488e0e200 of size 1024 next 189
2025-06-14 22:34:13.884300: I external/local_tsl/tsl/framework/bfc_allocator.cc:1095] InUse at 7fd488e0e600 of size 1024 next 190
2025-06-14 22:34:13.884797: I external/local_tsl/tsl/framework/bfc_allocator.cc:1095] InUse at 7fd488e0ea00 of size 1024 next 191
2025-06-14 22:34:13.885239: I external/local_tsl/tsl/framework/bfc_allocator.cc:1095] InUse at 7fd488e0ee00 of size 1024 next 192
2025-06-14 22:34:13.885657: I external/local_tsl/tsl/framework/bfc_allocator.cc:1095] InUse at 7fd488e0f200 of size 1024 next 193
2025-06-14 22:34:13.886077: I external/local_tsl/tsl/framework/bfc_allocator.cc:1095] InUse at 7fd488e0f600 of size 512 next 196
2025-06-14 22:34:13.886555: I external/local_tsl/tsl/framework/bfc_allocator.cc:1095] InUse at 7fd488e0f800 of size 512 next 197
2025-06-14 22:34:13.887006: I external/local_tsl/tsl/framework/bfc_allocator.cc:1095] InUse at 7fd488e0fa00 of size 512 next 199
2025-06-14 22:34:13.887445: I external/local_tsl/tsl/framework/bfc_allocator.cc:1095] InUse at 7fd488e0fc00 of size 512 next 200
2025-06-14 22:34:13.887879: I external/local_tsl/tsl/framework/bfc_allocator.cc:1095] InUse at 7fd488e0fe00 of size 512 next 201
2025-06-14 22:34:13.888334: I external/local_tsl/tsl/framework/bfc_allocator.cc:1095] InUse at 7fd488e10000 of size 512 next 202
2025-06-14 22:34:13.888757: I external/local_tsl/tsl/framework/bfc_allocator.cc:1095] InUse at 7fd488e10200 of size 512 next 203
2025-06-14 22:34:13.889171: I external/local_tsl/tsl/framework/bfc_allocator.cc:1095] InUse at 7fd488e10400 of size 512 next 204
2025-06-14 22:34:13.889606: I external/local_tsl/tsl/framework/bfc_allocator.cc:1095] InUse at 7fd488e10600 of size 512 next 207
2025-06-14 22:34:13.890040: I external/local_tsl/tsl/framework/bfc_allocator.cc:1095] InUse at 7fd488e10800 of size 512 next 208
2025-06-14 22:34:13.890424: I external/local_tsl/tsl/framework/bfc_allocator.cc:1095] InUse at 7fd488e10a00 of size 512 next 209
2025-06-14 22:34:13.890877: I external/local_tsl/tsl/framework/bfc_allocator.cc:1095] InUse at 7fd488e10c00 of size 512 next 210
2025-06-14 22:34:13.891350: I external/local_tsl/tsl/framework/bfc_allocator.cc:1095] InUse at 7fd488e10e00 of size 512 next 211
2025-06-14 22:34:13.891788: I external/local_tsl/tsl/framework/bfc_allocator.cc:1095] InUse at 7fd488e11000 of size 512 next 212
2025-06-14 22:34:13.892233: I external/local_tsl/tsl/framework/bfc_allocator.cc:1095] InUse at 7fd488e11200 of size 256 next 215
2025-06-14 22:34:13.892793: I external/local_tsl/tsl/framework/bfc_allocator.cc:1095] InUse at 7fd488e11300 of size 256 next 216
2025-06-14 22:34:13.893210: I external/local_tsl/tsl/framework/bfc_allocator.cc:1095] InUse at 7fd488e11400 of size 256 next 219
2025-06-14 22:34:13.893716: I external/local_tsl/tsl/framework/bfc_allocator.cc:1095] InUse at 7fd488e11500 of size 256 next 220
2025-06-14 22:34:13.894162: I external/local_tsl/tsl/framework/bfc_allocator.cc:1095] InUse at 7fd488e11600 of size 256 next 221
2025-06-14 22:34:13.894618: I external/local_tsl/tsl/framework/bfc_allocator.cc:1095] InUse at 7fd488e11700 of size 256 next 222
2025-06-14 22:34:13.895064: I external/local_tsl/tsl/framework/bfc_allocator.cc:1095] InUse at 7fd488e11800 of size 256 next 223
2025-06-14 22:34:13.895534: I external/local_tsl/tsl/framework/bfc_allocator.cc:1095] InUse at 7fd488e11900 of size 256 next 224
2025-06-14 22:34:13.895998: I external/local_tsl/tsl/framework/bfc_allocator.cc:1095] InUse at 7fd488e11a00 of size 256 next 227
2025-06-14 22:34:13.896486: I external/local_tsl/tsl/framework/bfc_allocator.cc:1095] InUse at 7fd488e11b00 of size 256 next 228
2025-06-14 22:34:13.896928: I external/local_tsl/tsl/framework/bfc_allocator.cc:1095] InUse at 7fd488e11c00 of size 256 next 229
2025-06-14 22:34:13.897385: I external/local_tsl/tsl/framework/bfc_allocator.cc:1095] InUse at 7fd488e11d00 of size 256 next 230
2025-06-14 22:34:13.897841: I external/local_tsl/tsl/framework/bfc_allocator.cc:1095] InUse at 7fd488e11e00 of size 256 next 231
2025-06-14 22:34:13.898278: I external/local_tsl/tsl/framework/bfc_allocator.cc:1095] InUse at 7fd488e11f00 of size 256 next 232
2025-06-14 22:34:13.898729: I external/local_tsl/tsl/framework/bfc_allocator.cc:1095] InUse at 7fd488e12000 of size 65536 next 233
2025-06-14 22:34:13.899110: I external/local_tsl/tsl/framework/bfc_allocator.cc:1095] InUse at 7fd488e22000 of size 95232 next 19
2025-06-14 22:34:13.899567: I external/local_tsl/tsl/framework/bfc_allocator.cc:1095] InUse at 7fd488e39400 of size 110592 next 18
2025-06-14 22:34:13.899915: I external/local_tsl/tsl/framework/bfc_allocator.cc:1095] InUse at 7fd488e54400 of size 65536 next 115
2025-06-14 22:34:13.900252: I external/local_tsl/tsl/framework/bfc_allocator.cc:1095] InUse at 7fd488e64400 of size 256 next 112
2025-06-14 22:34:13.900745: I external/local_tsl/tsl/framework/bfc_allocator.cc:1095] InUse at 7fd488e64500 of size 256 next 114
2025-06-14 22:34:13.901182: I external/local_tsl/tsl/framework/bfc_allocator.cc:1095] InUse at 7fd488e64600 of size 256 next 113
2025-06-14 22:34:13.901643: I external/local_tsl/tsl/framework/bfc_allocator.cc:1095] InUse at 7fd488e64700 of size 256 next 111
2025-06-14 22:34:13.902084: I external/local_tsl/tsl/framework/bfc_allocator.cc:1095] InUse at 7fd488e64800 of size 256 next 117
2025-06-14 22:34:13.902536: I external/local_tsl/tsl/framework/bfc_allocator.cc:1095] InUse at 7fd488e64900 of size 256 next 118
2025-06-14 22:34:13.902972: I external/local_tsl/tsl/framework/bfc_allocator.cc:1095] InUse at 7fd488e64a00 of size 256 next 120
2025-06-14 22:34:13.903417: I external/local_tsl/tsl/framework/bfc_allocator.cc:1095] InUse at 7fd488e64b00 of size 256 next 119
2025-06-14 22:34:13.903861: I external/local_tsl/tsl/framework/bfc_allocator.cc:1095] InUse at 7fd488e64c00 of size 256 next 121
2025-06-14 22:34:13.904294: I external/local_tsl/tsl/framework/bfc_allocator.cc:1095] InUse at 7fd488e64d00 of size 256 next 123
2025-06-14 22:34:13.904760: I external/local_tsl/tsl/framework/bfc_allocator.cc:1095] InUse at 7fd488e64e00 of size 256 next 124
2025-06-14 22:34:13.905229: I external/local_tsl/tsl/framework/bfc_allocator.cc:1095] InUse at 7fd488e64f00 of size 256 next 125
2025-06-14 22:34:13.905702: I external/local_tsl/tsl/framework/bfc_allocator.cc:1095] InUse at 7fd488e65000 of size 256 next 126
2025-06-14 22:34:13.906128: I external/local_tsl/tsl/framework/bfc_allocator.cc:1095] InUse at 7fd488e65100 of size 256 next 128
2025-06-14 22:34:13.906581: I external/local_tsl/tsl/framework/bfc_allocator.cc:1095] InUse at 7fd488e65200 of size 256 next 127
2025-06-14 22:34:13.907016: I external/local_tsl/tsl/framework/bfc_allocator.cc:1095] InUse at 7fd488e65300 of size 256 next 129
2025-06-14 22:34:13.907467: I external/local_tsl/tsl/framework/bfc_allocator.cc:1095] InUse at 7fd488e65400 of size 256 next 130
2025-06-14 22:34:13.907907: I external/local_tsl/tsl/framework/bfc_allocator.cc:1095] InUse at 7fd488e65500 of size 256 next 131
2025-06-14 22:34:13.908345: I external/local_tsl/tsl/framework/bfc_allocator.cc:1095] InUse at 7fd488e65600 of size 256 next 132
2025-06-14 22:34:13.908786: I external/local_tsl/tsl/framework/bfc_allocator.cc:1095] InUse at 7fd488e65700 of size 256 next 133
2025-06-14 22:34:13.909217: I external/local_tsl/tsl/framework/bfc_allocator.cc:1095] InUse at 7fd488e65800 of size 256 next 137
2025-06-14 22:34:13.909686: I external/local_tsl/tsl/framework/bfc_allocator.cc:1095] InUse at 7fd488e65900 of size 256 next 136
2025-06-14 22:34:13.910111: I external/local_tsl/tsl/framework/bfc_allocator.cc:1095] InUse at 7fd488e65a00 of size 3584 next 138
2025-06-14 22:34:13.910536: I external/local_tsl/tsl/framework/bfc_allocator.cc:1095] InUse at 7fd488e66800 of size 3584 next 139
2025-06-14 22:34:13.910986: I external/local_tsl/tsl/framework/bfc_allocator.cc:1095] InUse at 7fd488e67600 of size 256 next 140
2025-06-14 22:34:13.911475: I external/local_tsl/tsl/framework/bfc_allocator.cc:1095] InUse at 7fd488e67700 of size 256 next 141
2025-06-14 22:34:13.911956: I external/local_tsl/tsl/framework/bfc_allocator.cc:1095] InUse at 7fd488e67800 of size 256 next 142
2025-06-14 22:34:13.912363: I external/local_tsl/tsl/framework/bfc_allocator.cc:1095] InUse at 7fd488e67900 of size 256 next 143
2025-06-14 22:34:13.912804: I external/local_tsl/tsl/framework/bfc_allocator.cc:1095] InUse at 7fd488e67a00 of size 256 next 144
2025-06-14 22:34:13.913280: I external/local_tsl/tsl/framework/bfc_allocator.cc:1095] InUse at 7fd488e67b00 of size 256 next 145
2025-06-14 22:34:13.913725: I external/local_tsl/tsl/framework/bfc_allocator.cc:1095] InUse at 7fd488e67c00 of size 141312 next 27
2025-06-14 22:34:13.914067: I external/local_tsl/tsl/framework/bfc_allocator.cc:1095] InUse at 7fd488e8a400 of size 221184 next 26
2025-06-14 22:34:13.914393: I external/local_tsl/tsl/framework/bfc_allocator.cc:1095] InUse at 7fd488ec0400 of size 442368 next 159
2025-06-14 22:34:13.914766: I external/local_tsl/tsl/framework/bfc_allocator.cc:1095] InUse at 7fd488f2c400 of size 867328 next 18446744073709551615
2025-06-14 22:34:13.915131: I external/local_tsl/tsl/framework/bfc_allocator.cc:1075] Next region of size 4194304
2025-06-14 22:34:13.915569: I external/local_tsl/tsl/framework/bfc_allocator.cc:1095] InUse at 7fd489400000 of size 442368 next 37
2025-06-14 22:34:13.916009: I external/local_tsl/tsl/framework/bfc_allocator.cc:1095] InUse at 7fd48946c000 of size 221184 next 116
2025-06-14 22:34:13.916459: I external/local_tsl/tsl/framework/bfc_allocator.cc:1095] InUse at 7fd4894a2000 of size 110592 next 122
2025-06-14 22:34:13.916906: I external/local_tsl/tsl/framework/bfc_allocator.cc:1095] InUse at 7fd4894bd000 of size 192512 next 99
2025-06-14 22:34:13.917252: I external/local_tsl/tsl/framework/bfc_allocator.cc:1095] InUse at 7fd4894ec000 of size 360448 next 44
2025-06-14 22:34:13.917600: I external/local_tsl/tsl/framework/bfc_allocator.cc:1095] InUse at 7fd489544000 of size 884736 next 43
2025-06-14 22:34:13.917967: I external/local_tsl/tsl/framework/bfc_allocator.cc:1095] InUse at 7fd48961c000 of size 1982464 next 18446744073709551615
2025-06-14 22:34:13.918309: I external/local_tsl/tsl/framework/bfc_allocator.cc:1075] Next region of size 8388608
2025-06-14 22:34:13.918758: I external/local_tsl/tsl/framework/bfc_allocator.cc:1095] InUse at 7fd489800000 of size 884736 next 166
2025-06-14 22:34:13.919111: I external/local_tsl/tsl/framework/bfc_allocator.cc:1095] InUse at 7fd4898d8000 of size 884736 next 54
2025-06-14 22:34:13.919464: I external/local_tsl/tsl/framework/bfc_allocator.cc:1095] InUse at 7fd4899b0000 of size 1769472 next 52
2025-06-14 22:34:13.919836: I external/local_tsl/tsl/framework/bfc_allocator.cc:1095] InUse at 7fd489b60000 of size 4849664 next 18446744073709551615
2025-06-14 22:34:13.920223: I external/local_tsl/tsl/framework/bfc_allocator.cc:1100]      Summary of in-use Chunks by size: 
2025-06-14 22:34:13.920682: I external/local_tsl/tsl/framework/bfc_allocator.cc:1103] 155 Chunks of size 256 totalling 38.8KiB
2025-06-14 22:34:13.921143: I external/local_tsl/tsl/framework/bfc_allocator.cc:1103] 54 Chunks of size 512 totalling 27.0KiB
2025-06-14 22:34:13.921609: I external/local_tsl/tsl/framework/bfc_allocator.cc:1103] 1 Chunks of size 768 totalling 768B
2025-06-14 22:34:13.922060: I external/local_tsl/tsl/framework/bfc_allocator.cc:1103] 26 Chunks of size 1024 totalling 26.0KiB
2025-06-14 22:34:13.922497: I external/local_tsl/tsl/framework/bfc_allocator.cc:1103] 1 Chunks of size 1280 totalling 1.2KiB
2025-06-14 22:34:13.922941: I external/local_tsl/tsl/framework/bfc_allocator.cc:1103] 3 Chunks of size 3584 totalling 10.5KiB
2025-06-14 22:34:13.923393: I external/local_tsl/tsl/framework/bfc_allocator.cc:1103] 2 Chunks of size 65536 totalling 128.0KiB
2025-06-14 22:34:13.923825: I external/local_tsl/tsl/framework/bfc_allocator.cc:1103] 1 Chunks of size 95232 totalling 93.0KiB
2025-06-14 22:34:13.924296: I external/local_tsl/tsl/framework/bfc_allocator.cc:1103] 4 Chunks of size 110592 totalling 432.0KiB
2025-06-14 22:34:13.924760: I external/local_tsl/tsl/framework/bfc_allocator.cc:1103] 1 Chunks of size 141312 totalling 138.0KiB
2025-06-14 22:34:13.925231: I external/local_tsl/tsl/framework/bfc_allocator.cc:1103] 1 Chunks of size 192512 totalling 188.0KiB
2025-06-14 22:34:13.925669: I external/local_tsl/tsl/framework/bfc_allocator.cc:1103] 6 Chunks of size 221184 totalling 1.27MiB
2025-06-14 22:34:13.926130: I external/local_tsl/tsl/framework/bfc_allocator.cc:1103] 2 Chunks of size 262144 totalling 512.0KiB
2025-06-14 22:34:13.926575: I external/local_tsl/tsl/framework/bfc_allocator.cc:1103] 1 Chunks of size 360448 totalling 352.0KiB
2025-06-14 22:34:13.927014: I external/local_tsl/tsl/framework/bfc_allocator.cc:1103] 5 Chunks of size 442368 totalling 2.11MiB
2025-06-14 22:34:13.927453: I external/local_tsl/tsl/framework/bfc_allocator.cc:1103] 1 Chunks of size 867328 totalling 847.0KiB
2025-06-14 22:34:13.927878: I external/local_tsl/tsl/framework/bfc_allocator.cc:1103] 6 Chunks of size 884736 totalling 5.06MiB
2025-06-14 22:34:13.928350: I external/local_tsl/tsl/framework/bfc_allocator.cc:1103] 2 Chunks of size 1048576 totalling 2.00MiB
2025-06-14 22:34:13.928809: I external/local_tsl/tsl/framework/bfc_allocator.cc:1103] 6 Chunks of size 1769472 totalling 10.12MiB
2025-06-14 22:34:13.929258: I external/local_tsl/tsl/framework/bfc_allocator.cc:1103] 1 Chunks of size 1982464 totalling 1.89MiB
2025-06-14 22:34:13.929717: I external/local_tsl/tsl/framework/bfc_allocator.cc:1103] 4 Chunks of size 3538944 totalling 13.50MiB
2025-06-14 22:34:13.930137: I external/local_tsl/tsl/framework/bfc_allocator.cc:1103] 1 Chunks of size 4063232 totalling 3.88MiB
2025-06-14 22:34:13.930614: I external/local_tsl/tsl/framework/bfc_allocator.cc:1103] 1 Chunks of size 4849664 totalling 4.62MiB
2025-06-14 22:34:13.931077: I external/local_tsl/tsl/framework/bfc_allocator.cc:1103] 2 Chunks of size 7077888 totalling 13.50MiB
2025-06-14 22:34:13.931511: I external/local_tsl/tsl/framework/bfc_allocator.cc:1103] 1 Chunks of size 12320768 totalling 11.75MiB
2025-06-14 22:34:13.931894: I external/local_tsl/tsl/framework/bfc_allocator.cc:1103] 2 Chunks of size 15138816 totalling 28.88MiB
2025-06-14 22:34:13.932298: I external/local_tsl/tsl/framework/bfc_allocator.cc:1103] 4 Chunks of size 30277632 totalling 115.50MiB
2025-06-14 22:34:13.932676: I external/local_tsl/tsl/framework/bfc_allocator.cc:1103] 2 Chunks of size 60555264 totalling 115.50MiB
2025-06-14 22:34:13.933081: I external/local_tsl/tsl/framework/bfc_allocator.cc:1103] 1 Chunks of size 73662464 totalling 70.25MiB
2025-06-14 22:34:13.933428: I external/local_tsl/tsl/framework/bfc_allocator.cc:1103] 1 Chunks of size 116654080 totalling 111.25MiB
2025-06-14 22:34:13.933805: I external/local_tsl/tsl/framework/bfc_allocator.cc:1103] 6 Chunks of size 121110528 totalling 693.00MiB
2025-06-14 22:34:13.934187: I external/local_tsl/tsl/framework/bfc_allocator.cc:1103] 2 Chunks of size 209715200 totalling 400.00MiB
2025-06-14 22:34:13.934594: I external/local_tsl/tsl/framework/bfc_allocator.cc:1103] 3 Chunks of size 242221056 totalling 693.00MiB
2025-06-14 22:34:13.934966: I external/local_tsl/tsl/framework/bfc_allocator.cc:1103] 8 Chunks of size 484442112 totalling 3.61GiB
2025-06-14 22:34:13.935336: I external/local_tsl/tsl/framework/bfc_allocator.cc:1103] 1 Chunks of size 968884224 totalling 924.00MiB
2025-06-14 22:34:13.935709: I external/local_tsl/tsl/framework/bfc_allocator.cc:1103] 6 Chunks of size 1937768448 totalling 10.83GiB
2025-06-14 22:34:13.936045: I external/local_tsl/tsl/framework/bfc_allocator.cc:1107] Sum Total of in-use chunks: 17.58GiB
2025-06-14 22:34:13.936512: I external/local_tsl/tsl/framework/bfc_allocator.cc:1109] Total bytes in pool: 23575789568 memory_limit_: 23575789568 available bytes: 0 curr_region_allocation_bytes_: 34359738368
2025-06-14 22:34:13.937004: I external/local_tsl/tsl/framework/bfc_allocator.cc:1114] Stats: 
Limit:                     23575789568
InUse:                     18882554112
MaxInUse:                  22800760320
NumAllocs:                         912
MaxAllocSize:               4135495424
Reserved:                            0
PeakReserved:                        0
LargestFreeBlock:                    0

2025-06-14 22:34:13.937429: W external/local_tsl/tsl/framework/bfc_allocator.cc:497] ________*********________************************************_**************************************
2025-06-14 22:34:13.937884: W tensorflow/core/framework/op_kernel.cc:1839] OP_REQUIRES failed at concat_op.cc:165 : RESOURCE_EXHAUSTED: OOM when allocating tensor with shape[2,64,192,224,176] and type float on /job:localhost/replica:0/task:0/device:GPU:0 by allocator GPU_0_bfc
Traceback (most recent call last):
  File "/mnt/beegfs/hellgate/home/rb194958e/stroke_segmentation_sota/batch_wise_train.py", line 277, in <module>
    if main():
       ^^^^^^
  File "/mnt/beegfs/hellgate/home/rb194958e/stroke_segmentation_sota/batch_wise_train.py", line 256, in main
    history = model.fit(
              ^^^^^^^^^^
  File "/mnt/beegfs/hellgate/home/rb194958e/.conda/envs/tf215_env/lib/python3.11/site-packages/keras/src/utils/traceback_utils.py", line 70, in error_handler
    raise e.with_traceback(filtered_tb) from None
  File "/mnt/beegfs/hellgate/home/rb194958e/.conda/envs/tf215_env/lib/python3.11/site-packages/tensorflow/python/eager/execute.py", line 53, in quick_execute
    tensors = pywrap_tfe.TFE_Py_Execute(ctx._handle, device_name, op_name,
  ^^^^^^^^^^^^^^^^^^^^^^^^^^^^^^^^^^^^^^^^^^^^^^^^^^^^^^^^^^^^^^^^^^^^^^^^
tensorflow.python.framework.errors_impl.ResourceExhaustedError: Graph execution error:

Detected at node model/concatenate_2/concat defined at (most recent call last):
  File "/mnt/beegfs/hellgate/home/rb194958e/stroke_segmentation_sota/batch_wise_train.py", line 277, in <module>

  File "/mnt/beegfs/hellgate/home/rb194958e/stroke_segmentation_sota/batch_wise_train.py", line 256, in main

  File "/mnt/beegfs/hellgate/home/rb194958e/.conda/envs/tf215_env/lib/python3.11/site-packages/keras/src/utils/traceback_utils.py", line 65, in error_handler

  File "/mnt/beegfs/hellgate/home/rb194958e/.conda/envs/tf215_env/lib/python3.11/site-packages/keras/src/engine/training.py", line 1807, in fit

  File "/mnt/beegfs/hellgate/home/rb194958e/.conda/envs/tf215_env/lib/python3.11/site-packages/keras/src/engine/training.py", line 1401, in train_function

  File "/mnt/beegfs/hellgate/home/rb194958e/.conda/envs/tf215_env/lib/python3.11/site-packages/keras/src/engine/training.py", line 1384, in step_function

  File "/mnt/beegfs/hellgate/home/rb194958e/.conda/envs/tf215_env/lib/python3.11/site-packages/keras/src/engine/training.py", line 1373, in run_step

  File "/mnt/beegfs/hellgate/home/rb194958e/.conda/envs/tf215_env/lib/python3.11/site-packages/keras/src/engine/training.py", line 1150, in train_step

  File "/mnt/beegfs/hellgate/home/rb194958e/.conda/envs/tf215_env/lib/python3.11/site-packages/keras/src/utils/traceback_utils.py", line 65, in error_handler

  File "/mnt/beegfs/hellgate/home/rb194958e/.conda/envs/tf215_env/lib/python3.11/site-packages/keras/src/engine/training.py", line 590, in __call__

  File "/mnt/beegfs/hellgate/home/rb194958e/.conda/envs/tf215_env/lib/python3.11/site-packages/keras/src/utils/traceback_utils.py", line 65, in error_handler

  File "/mnt/beegfs/hellgate/home/rb194958e/.conda/envs/tf215_env/lib/python3.11/site-packages/keras/src/engine/base_layer.py", line 1149, in __call__

  File "/mnt/beegfs/hellgate/home/rb194958e/.conda/envs/tf215_env/lib/python3.11/site-packages/keras/src/utils/traceback_utils.py", line 96, in error_handler

  File "/mnt/beegfs/hellgate/home/rb194958e/.conda/envs/tf215_env/lib/python3.11/site-packages/keras/src/engine/functional.py", line 515, in call

  File "/mnt/beegfs/hellgate/home/rb194958e/.conda/envs/tf215_env/lib/python3.11/site-packages/keras/src/engine/functional.py", line 672, in _run_internal_graph

  File "/mnt/beegfs/hellgate/home/rb194958e/.conda/envs/tf215_env/lib/python3.11/site-packages/keras/src/utils/traceback_utils.py", line 65, in error_handler

  File "/mnt/beegfs/hellgate/home/rb194958e/.conda/envs/tf215_env/lib/python3.11/site-packages/keras/src/engine/base_layer.py", line 1149, in __call__

  File "/mnt/beegfs/hellgate/home/rb194958e/.conda/envs/tf215_env/lib/python3.11/site-packages/keras/src/utils/traceback_utils.py", line 96, in error_handler

  File "/mnt/beegfs/hellgate/home/rb194958e/.conda/envs/tf215_env/lib/python3.11/site-packages/keras/src/layers/merging/base_merge.py", line 196, in call

  File "/mnt/beegfs/hellgate/home/rb194958e/.conda/envs/tf215_env/lib/python3.11/site-packages/keras/src/layers/merging/concatenate.py", line 134, in _merge_function

  File "/mnt/beegfs/hellgate/home/rb194958e/.conda/envs/tf215_env/lib/python3.11/site-packages/keras/src/backend.py", line 3580, in concatenate

OOM when allocating tensor with shape[2,64,192,224,176] and type float on /job:localhost/replica:0/task:0/device:GPU:0 by allocator GPU_0_bfc
	 [[{{node model/concatenate_2/concat}}]]
Hint: If you want to see a list of allocated tensors when OOM happens, add report_tensor_allocations_upon_oom to RunOptions for current allocation info. This isn't available when running in Eager mode.
 [Op:__inference_train_function_7309]
2025-06-14 22:34:14.094547: W tensorflow/core/kernels/data/generator_dataset_op.cc:108] Error occurred when finalizing GeneratorDataset iterator: FAILED_PRECONDITION: Python interpreter state is not initialized. The process may be terminated.
	 [[{{node PyFunc}}]]
/var/spool/slurmd/job1124103/slurm_script: line 320: EOF: command not found
/var/spool/slurmd/job1124103/slurm_script: line 330: unexpected EOF while looking for matching ``'
/var/spool/slurmd/job1124103/slurm_script: line 339: syntax error: unexpected end of file
