2025-06-14 10:36:52.473482: I tensorflow/core/util/port.cc:113] oneDNN custom operations are on. You may see slightly different numerical results due to floating-point round-off errors from different computation orders. To turn them off, set the environment variable `TF_ENABLE_ONEDNN_OPTS=0`.
2025-06-14 10:36:53.270197: E external/local_xla/xla/stream_executor/cuda/cuda_dnn.cc:9261] Unable to register cuDNN factory: Attempting to register factory for plugin cuDNN when one has already been registered
2025-06-14 10:36:53.270823: E external/local_xla/xla/stream_executor/cuda/cuda_fft.cc:607] Unable to register cuFFT factory: Attempting to register factory for plugin cuFFT when one has already been registered
2025-06-14 10:36:53.393820: E external/local_xla/xla/stream_executor/cuda/cuda_blas.cc:1515] Unable to register cuBLAS factory: Attempting to register factory for plugin cuBLAS when one has already been registered
2025-06-14 10:36:53.657140: I tensorflow/core/platform/cpu_feature_guard.cc:182] This TensorFlow binary is optimized to use available CPU instructions in performance-critical operations.
To enable the following instructions: AVX2 AVX512F AVX512_VNNI FMA, in other operations, rebuild TensorFlow with the appropriate compiler flags.
2025-06-14 10:37:00.318305: W tensorflow/compiler/tf2tensorrt/utils/py_utils.cc:38] TF-TRT Warning: Could not find TensorRT
INFO:__main__:🚀 Starting Stroke Lesion Segmentation Training
INFO:__main__:Using 1 GPU(s)
INFO:__main__:Creating data generators...
INFO:__main__:Found 655 valid image/mask pairs
INFO:__main__:Found 655 valid image/mask pairs
INFO:__main__:Training batches: 262
INFO:__main__:Validation batches: 65
INFO:__main__:Building model...
2025-06-14 10:37:14.828065: I tensorflow/core/common_runtime/gpu/gpu_device.cc:1929] Created device /job:localhost/replica:0/task:0/device:GPU:0 with 22483 MB memory:  -> device: 0, name: NVIDIA RTX 4500 Ada Generation, pci bus id: 0000:1c:00.0, compute capability: 8.9
INFO:__main__:Model parameters: 5,605,345
INFO:__main__:Starting training...
pixdim[0] (qfac) should be 1 (default) or -1; setting qfac to 1
INFO:nibabel.global:pixdim[0] (qfac) should be 1 (default) or -1; setting qfac to 1
pixdim[0] (qfac) should be 1 (default) or -1; setting qfac to 1
INFO:nibabel.global:pixdim[0] (qfac) should be 1 (default) or -1; setting qfac to 1
pixdim[0] (qfac) should be 1 (default) or -1; setting qfac to 1
INFO:nibabel.global:pixdim[0] (qfac) should be 1 (default) or -1; setting qfac to 1
pixdim[0] (qfac) should be 1 (default) or -1; setting qfac to 1
INFO:nibabel.global:pixdim[0] (qfac) should be 1 (default) or -1; setting qfac to 1
pixdim[0] (qfac) should be 1 (default) or -1; setting qfac to 1
INFO:nibabel.global:pixdim[0] (qfac) should be 1 (default) or -1; setting qfac to 1
2025-06-14 10:37:22.457782: I external/local_xla/xla/stream_executor/cuda/cuda_dnn.cc:454] Loaded cuDNN version 8907
pixdim[0] (qfac) should be 1 (default) or -1; setting qfac to 1
INFO:nibabel.global:pixdim[0] (qfac) should be 1 (default) or -1; setting qfac to 1
pixdim[0] (qfac) should be 1 (default) or -1; setting qfac to 1
INFO:nibabel.global:pixdim[0] (qfac) should be 1 (default) or -1; setting qfac to 1
pixdim[0] (qfac) should be 1 (default) or -1; setting qfac to 1
INFO:nibabel.global:pixdim[0] (qfac) should be 1 (default) or -1; setting qfac to 1
pixdim[0] (qfac) should be 1 (default) or -1; setting qfac to 1
INFO:nibabel.global:pixdim[0] (qfac) should be 1 (default) or -1; setting qfac to 1
2025-06-14 10:37:39.082882: W external/local_tsl/tsl/framework/bfc_allocator.cc:296] Allocator (GPU_0_bfc) ran out of memory trying to allocate 2.27GiB with freed_by_count=0. The caller indicates that this is not a failure, but this may mean that there could be performance gains if more memory were available.
2025-06-14 10:37:39.184783: W external/local_tsl/tsl/framework/bfc_allocator.cc:296] Allocator (GPU_0_bfc) ran out of memory trying to allocate 2.30GiB with freed_by_count=0. The caller indicates that this is not a failure, but this may mean that there could be performance gains if more memory were available.
2025-06-14 10:37:39.185641: W external/local_tsl/tsl/framework/bfc_allocator.cc:296] Allocator (GPU_0_bfc) ran out of memory trying to allocate 2.27GiB with freed_by_count=0. The caller indicates that this is not a failure, but this may mean that there could be performance gains if more memory were available.
2025-06-14 10:37:39.814700: W external/local_tsl/tsl/framework/bfc_allocator.cc:296] Allocator (GPU_0_bfc) ran out of memory trying to allocate 2.27GiB with freed_by_count=0. The caller indicates that this is not a failure, but this may mean that there could be performance gains if more memory were available.
2025-06-14 10:37:39.868212: W external/local_tsl/tsl/framework/bfc_allocator.cc:296] Allocator (GPU_0_bfc) ran out of memory trying to allocate 2.30GiB with freed_by_count=0. The caller indicates that this is not a failure, but this may mean that there could be performance gains if more memory were available.
2025-06-14 10:37:39.868946: W external/local_tsl/tsl/framework/bfc_allocator.cc:296] Allocator (GPU_0_bfc) ran out of memory trying to allocate 2.27GiB with freed_by_count=0. The caller indicates that this is not a failure, but this may mean that there could be performance gains if more memory were available.
2025-06-14 10:37:50.497448: W external/local_tsl/tsl/framework/bfc_allocator.cc:485] Allocator (GPU_0_bfc) ran out of memory trying to allocate 3.61GiB (rounded to 3875536896)requested by op model/concatenate_2/concat
If the cause is memory fragmentation maybe the environment variable 'TF_GPU_ALLOCATOR=cuda_malloc_async' will improve the situation. 
Current allocation summary follows.
Current allocation summary follows.
2025-06-14 10:37:50.498444: I external/local_tsl/tsl/framework/bfc_allocator.cc:1039] BFCAllocator dump for GPU_0_bfc
2025-06-14 10:37:50.499137: I external/local_tsl/tsl/framework/bfc_allocator.cc:1046] Bin (256): 	Total Chunks: 155, Chunks in use: 155. 38.8KiB allocated for chunks. 38.8KiB in use in bin. 20.7KiB client-requested in use in bin.
2025-06-14 10:37:50.499574: I external/local_tsl/tsl/framework/bfc_allocator.cc:1046] Bin (512): 	Total Chunks: 56, Chunks in use: 55. 28.2KiB allocated for chunks. 27.8KiB in use in bin. 27.5KiB client-requested in use in bin.
2025-06-14 10:37:50.500001: I external/local_tsl/tsl/framework/bfc_allocator.cc:1046] Bin (1024): 	Total Chunks: 27, Chunks in use: 27. 27.2KiB allocated for chunks. 27.2KiB in use in bin. 27.0KiB client-requested in use in bin.
2025-06-14 10:37:50.500526: I external/local_tsl/tsl/framework/bfc_allocator.cc:1046] Bin (2048): 	Total Chunks: 3, Chunks in use: 3. 10.5KiB allocated for chunks. 10.5KiB in use in bin. 10.1KiB client-requested in use in bin.
2025-06-14 10:37:50.500989: I external/local_tsl/tsl/framework/bfc_allocator.cc:1046] Bin (4096): 	Total Chunks: 0, Chunks in use: 0. 0B allocated for chunks. 0B in use in bin. 0B client-requested in use in bin.
2025-06-14 10:37:50.501407: I external/local_tsl/tsl/framework/bfc_allocator.cc:1046] Bin (8192): 	Total Chunks: 0, Chunks in use: 0. 0B allocated for chunks. 0B in use in bin. 0B client-requested in use in bin.
2025-06-14 10:37:50.501758: I external/local_tsl/tsl/framework/bfc_allocator.cc:1046] Bin (16384): 	Total Chunks: 0, Chunks in use: 0. 0B allocated for chunks. 0B in use in bin. 0B client-requested in use in bin.
2025-06-14 10:37:50.502139: I external/local_tsl/tsl/framework/bfc_allocator.cc:1046] Bin (32768): 	Total Chunks: 0, Chunks in use: 0. 0B allocated for chunks. 0B in use in bin. 0B client-requested in use in bin.
2025-06-14 10:37:50.502467: I external/local_tsl/tsl/framework/bfc_allocator.cc:1046] Bin (65536): 	Total Chunks: 7, Chunks in use: 7. 653.0KiB allocated for chunks. 653.0KiB in use in bin. 624.0KiB client-requested in use in bin.
2025-06-14 10:37:50.502877: I external/local_tsl/tsl/framework/bfc_allocator.cc:1046] Bin (131072): 	Total Chunks: 8, Chunks in use: 8. 1.58MiB allocated for chunks. 1.58MiB in use in bin. 1.48MiB client-requested in use in bin.
2025-06-14 10:37:50.503267: I external/local_tsl/tsl/framework/bfc_allocator.cc:1046] Bin (262144): 	Total Chunks: 8, Chunks in use: 8. 2.95MiB allocated for chunks. 2.95MiB in use in bin. 2.86MiB client-requested in use in bin.
2025-06-14 10:37:50.503676: I external/local_tsl/tsl/framework/bfc_allocator.cc:1046] Bin (524288): 	Total Chunks: 7, Chunks in use: 7. 5.89MiB allocated for chunks. 5.89MiB in use in bin. 5.48MiB client-requested in use in bin.
2025-06-14 10:37:50.504026: I external/local_tsl/tsl/framework/bfc_allocator.cc:1046] Bin (1048576): 	Total Chunks: 9, Chunks in use: 9. 14.02MiB allocated for chunks. 14.02MiB in use in bin. 13.12MiB client-requested in use in bin.
2025-06-14 10:37:50.504427: I external/local_tsl/tsl/framework/bfc_allocator.cc:1046] Bin (2097152): 	Total Chunks: 5, Chunks in use: 5. 17.38MiB allocated for chunks. 17.38MiB in use in bin. 16.88MiB client-requested in use in bin.
2025-06-14 10:37:50.504814: I external/local_tsl/tsl/framework/bfc_allocator.cc:1046] Bin (4194304): 	Total Chunks: 3, Chunks in use: 3. 18.12MiB allocated for chunks. 18.12MiB in use in bin. 16.88MiB client-requested in use in bin.
2025-06-14 10:37:50.505152: I external/local_tsl/tsl/framework/bfc_allocator.cc:1046] Bin (8388608): 	Total Chunks: 3, Chunks in use: 3. 40.62MiB allocated for chunks. 40.62MiB in use in bin. 35.62MiB client-requested in use in bin.
2025-06-14 10:37:50.505489: I external/local_tsl/tsl/framework/bfc_allocator.cc:1046] Bin (16777216): 	Total Chunks: 5, Chunks in use: 4. 140.19MiB allocated for chunks. 115.50MiB in use in bin. 115.50MiB client-requested in use in bin.
2025-06-14 10:37:50.505834: I external/local_tsl/tsl/framework/bfc_allocator.cc:1046] Bin (33554432): 	Total Chunks: 2, Chunks in use: 2. 115.50MiB allocated for chunks. 115.50MiB in use in bin. 115.50MiB client-requested in use in bin.
2025-06-14 10:37:50.506214: I external/local_tsl/tsl/framework/bfc_allocator.cc:1046] Bin (67108864): 	Total Chunks: 8, Chunks in use: 8. 874.50MiB allocated for chunks. 874.50MiB in use in bin. 808.50MiB client-requested in use in bin.
2025-06-14 10:37:50.506577: I external/local_tsl/tsl/framework/bfc_allocator.cc:1046] Bin (134217728): 	Total Chunks: 5, Chunks in use: 5. 1.07GiB allocated for chunks. 1.07GiB in use in bin. 924.00MiB client-requested in use in bin.
2025-06-14 10:37:50.506941: I external/local_tsl/tsl/framework/bfc_allocator.cc:1046] Bin (268435456): 	Total Chunks: 18, Chunks in use: 15. 19.69GiB allocated for chunks. 15.34GiB in use in bin. 15.34GiB client-requested in use in bin.
2025-06-14 10:37:50.507271: I external/local_tsl/tsl/framework/bfc_allocator.cc:1062] Bin for 3.61GiB was 256.00MiB, Chunk State: 
2025-06-14 10:37:50.507584: I external/local_tsl/tsl/framework/bfc_allocator.cc:1068]   Size: 453.50MiB | Requested Size: 16.00MiB | in_use: 0 | bin_num: 20, prev:   Size: 462.00MiB | Requested Size: 462.00MiB | in_use: 1 | bin_num: -1
2025-06-14 10:37:50.507910: I external/local_tsl/tsl/framework/bfc_allocator.cc:1068]   Size: 1.80GiB | Requested Size: 1.80GiB | in_use: 0 | bin_num: 20, next:   Size: 1.80GiB | Requested Size: 1.80GiB | in_use: 1 | bin_num: -1
2025-06-14 10:37:50.508253: I external/local_tsl/tsl/framework/bfc_allocator.cc:1068]   Size: 2.10GiB | Requested Size: 1.82GiB | in_use: 0 | bin_num: 20, prev:   Size: 1.80GiB | Requested Size: 1.80GiB | in_use: 1 | bin_num: -1
2025-06-14 10:37:50.508557: I external/local_tsl/tsl/framework/bfc_allocator.cc:1075] Next region of size 6129582080
2025-06-14 10:37:50.509028: I external/local_tsl/tsl/framework/bfc_allocator.cc:1095] Free  at 7efa4e000000 of size 1937768448 next 107
2025-06-14 10:37:50.509406: I external/local_tsl/tsl/framework/bfc_allocator.cc:1095] InUse at 7efac1800000 of size 1937768448 next 329
2025-06-14 10:37:50.509821: I external/local_tsl/tsl/framework/bfc_allocator.cc:1095] Free  at 7efb35000000 of size 2254045184 next 18446744073709551615
2025-06-14 10:37:50.510192: I external/local_tsl/tsl/framework/bfc_allocator.cc:1075] Next region of size 8589934592
2025-06-14 10:37:50.510606: I external/local_tsl/tsl/framework/bfc_allocator.cc:1095] InUse at 7efbe8000000 of size 1937768448 next 282
2025-06-14 10:37:50.510913: I external/local_tsl/tsl/framework/bfc_allocator.cc:1095] InUse at 7efc5b800000 of size 242221056 next 283
2025-06-14 10:37:50.511282: I external/local_tsl/tsl/framework/bfc_allocator.cc:1095] InUse at 7efc69f00000 of size 484442112 next 284
2025-06-14 10:37:50.511615: I external/local_tsl/tsl/framework/bfc_allocator.cc:1095] InUse at 7efc86d00000 of size 484442112 next 285
2025-06-14 10:37:50.511989: I external/local_tsl/tsl/framework/bfc_allocator.cc:1095] InUse at 7efca3b00000 of size 484442112 next 29
2025-06-14 10:37:50.512367: I external/local_tsl/tsl/framework/bfc_allocator.cc:1095] InUse at 7efcc0900000 of size 484442112 next 289
2025-06-14 10:37:50.512723: I external/local_tsl/tsl/framework/bfc_allocator.cc:1095] InUse at 7efcdd700000 of size 484442112 next 293
2025-06-14 10:37:50.513121: I external/local_tsl/tsl/framework/bfc_allocator.cc:1095] InUse at 7efcfa500000 of size 121110528 next 47
2025-06-14 10:37:50.513516: I external/local_tsl/tsl/framework/bfc_allocator.cc:1095] InUse at 7efd01880000 of size 121110528 next 296
2025-06-14 10:37:50.513874: I external/local_tsl/tsl/framework/bfc_allocator.cc:1095] InUse at 7efd08c00000 of size 121110528 next 300
2025-06-14 10:37:50.514219: I external/local_tsl/tsl/framework/bfc_allocator.cc:1095] InUse at 7efd0ff80000 of size 30277632 next 302
2025-06-14 10:37:50.514552: I external/local_tsl/tsl/framework/bfc_allocator.cc:1095] InUse at 7efd11c60000 of size 30277632 next 303
2025-06-14 10:37:50.514910: I external/local_tsl/tsl/framework/bfc_allocator.cc:1095] InUse at 7efd13940000 of size 30277632 next 66
2025-06-14 10:37:50.515305: I external/local_tsl/tsl/framework/bfc_allocator.cc:1095] InUse at 7efd15620000 of size 30277632 next 307
2025-06-14 10:37:50.515674: I external/local_tsl/tsl/framework/bfc_allocator.cc:1095] InUse at 7efd17300000 of size 121110528 next 76
2025-06-14 10:37:50.516063: I external/local_tsl/tsl/framework/bfc_allocator.cc:1095] InUse at 7efd1e680000 of size 121110528 next 312
2025-06-14 10:37:50.516428: I external/local_tsl/tsl/framework/bfc_allocator.cc:1095] InUse at 7efd25a00000 of size 242221056 next 311
2025-06-14 10:37:50.516790: I external/local_tsl/tsl/framework/bfc_allocator.cc:1095] InUse at 7efd34100000 of size 121110528 next 85
2025-06-14 10:37:50.517214: I external/local_tsl/tsl/framework/bfc_allocator.cc:1095] InUse at 7efd3b480000 of size 484442112 next 325
2025-06-14 10:37:50.517546: I external/local_tsl/tsl/framework/bfc_allocator.cc:1095] InUse at 7efd58280000 of size 484442112 next 320
2025-06-14 10:37:50.517913: I external/local_tsl/tsl/framework/bfc_allocator.cc:1095] InUse at 7efd75080000 of size 968884224 next 319
2025-06-14 10:37:50.518312: I external/local_tsl/tsl/framework/bfc_allocator.cc:1095] InUse at 7efdaec80000 of size 484442112 next 91
2025-06-14 10:37:50.518698: I external/local_tsl/tsl/framework/bfc_allocator.cc:1095] Free  at 7efdcba80000 of size 475529216 next 18446744073709551615
2025-06-14 10:37:50.519095: I external/local_tsl/tsl/framework/bfc_allocator.cc:1075] Next region of size 4294967296
2025-06-14 10:37:50.519626: I external/local_tsl/tsl/framework/bfc_allocator.cc:1095] InUse at 7efe0c000000 of size 1937768448 next 11
2025-06-14 10:37:50.520030: I external/local_tsl/tsl/framework/bfc_allocator.cc:1095] InUse at 7efe7f800000 of size 1937768448 next 277
2025-06-14 10:37:50.520470: I external/local_tsl/tsl/framework/bfc_allocator.cc:1095] InUse at 7efef3000000 of size 242221056 next 20
2025-06-14 10:37:50.520848: I external/local_tsl/tsl/framework/bfc_allocator.cc:1095] InUse at 7eff01700000 of size 60555264 next 38
2025-06-14 10:37:50.521254: I external/local_tsl/tsl/framework/bfc_allocator.cc:1095] InUse at 7eff050c0000 of size 116654080 next 18446744073709551615
2025-06-14 10:37:50.521625: I external/local_tsl/tsl/framework/bfc_allocator.cc:1075] Next region of size 2147483648
2025-06-14 10:37:50.522022: I external/local_tsl/tsl/framework/bfc_allocator.cc:1095] InUse at 7eff38000000 of size 1937768448 next 272
2025-06-14 10:37:50.522410: I external/local_tsl/tsl/framework/bfc_allocator.cc:1095] InUse at 7effab800000 of size 209715200 next 18446744073709551615
2025-06-14 10:37:50.522803: I external/local_tsl/tsl/framework/bfc_allocator.cc:1075] Next region of size 2147483648
2025-06-14 10:37:50.523250: I external/local_tsl/tsl/framework/bfc_allocator.cc:1095] InUse at 7effc0000000 of size 1937768448 next 267
2025-06-14 10:37:50.523612: I external/local_tsl/tsl/framework/bfc_allocator.cc:1095] InUse at 7f0033800000 of size 209715200 next 18446744073709551615
2025-06-14 10:37:50.523950: I external/local_tsl/tsl/framework/bfc_allocator.cc:1075] Next region of size 134217728
2025-06-14 10:37:50.524398: I external/local_tsl/tsl/framework/bfc_allocator.cc:1095] InUse at 7f00d2000000 of size 60555264 next 264
2025-06-14 10:37:50.524811: I external/local_tsl/tsl/framework/bfc_allocator.cc:1095] InUse at 7f00d59c0000 of size 73662464 next 18446744073709551615
2025-06-14 10:37:50.525184: I external/local_tsl/tsl/framework/bfc_allocator.cc:1075] Next region of size 67108864
2025-06-14 10:37:50.525640: I external/local_tsl/tsl/framework/bfc_allocator.cc:1095] InUse at 7f00da000000 of size 3538944 next 198
2025-06-14 10:37:50.525998: I external/local_tsl/tsl/framework/bfc_allocator.cc:1095] InUse at 7f00da360000 of size 1769472 next 205
2025-06-14 10:37:50.526384: I external/local_tsl/tsl/framework/bfc_allocator.cc:1095] InUse at 7f00da510000 of size 1769472 next 206
2025-06-14 10:37:50.526749: I external/local_tsl/tsl/framework/bfc_allocator.cc:1095] InUse at 7f00da6c0000 of size 262144 next 213
2025-06-14 10:37:50.527142: I external/local_tsl/tsl/framework/bfc_allocator.cc:1095] InUse at 7f00da700000 of size 262144 next 214
2025-06-14 10:37:50.527526: I external/local_tsl/tsl/framework/bfc_allocator.cc:1095] InUse at 7f00da740000 of size 884736 next 217
2025-06-14 10:37:50.527887: I external/local_tsl/tsl/framework/bfc_allocator.cc:1095] InUse at 7f00da818000 of size 884736 next 218
2025-06-14 10:37:50.528254: I external/local_tsl/tsl/framework/bfc_allocator.cc:1095] InUse at 7f00da8f0000 of size 442368 next 225
2025-06-14 10:37:50.528627: I external/local_tsl/tsl/framework/bfc_allocator.cc:1095] InUse at 7f00da95c000 of size 442368 next 226
2025-06-14 10:37:50.529014: I external/local_tsl/tsl/framework/bfc_allocator.cc:1095] InUse at 7f00da9c8000 of size 256 next 234
2025-06-14 10:37:50.529475: I external/local_tsl/tsl/framework/bfc_allocator.cc:1095] InUse at 7f00da9c8100 of size 256 next 235
2025-06-14 10:37:50.529909: I external/local_tsl/tsl/framework/bfc_allocator.cc:1095] InUse at 7f00da9c8200 of size 221184 next 236
2025-06-14 10:37:50.530273: I external/local_tsl/tsl/framework/bfc_allocator.cc:1095] InUse at 7f00da9fe200 of size 221184 next 237
2025-06-14 10:37:50.530677: I external/local_tsl/tsl/framework/bfc_allocator.cc:1095] InUse at 7f00daa34200 of size 256 next 238
2025-06-14 10:37:50.531111: I external/local_tsl/tsl/framework/bfc_allocator.cc:1095] InUse at 7f00daa34300 of size 256 next 239
2025-06-14 10:37:50.531545: I external/local_tsl/tsl/framework/bfc_allocator.cc:1095] InUse at 7f00daa34400 of size 256 next 240
2025-06-14 10:37:50.531968: I external/local_tsl/tsl/framework/bfc_allocator.cc:1095] InUse at 7f00daa34500 of size 256 next 241
2025-06-14 10:37:50.532387: I external/local_tsl/tsl/framework/bfc_allocator.cc:1095] InUse at 7f00daa34600 of size 256 next 242
2025-06-14 10:37:50.532844: I external/local_tsl/tsl/framework/bfc_allocator.cc:1095] InUse at 7f00daa34700 of size 256 next 243
2025-06-14 10:37:50.533294: I external/local_tsl/tsl/framework/bfc_allocator.cc:1095] InUse at 7f00daa34800 of size 110592 next 244
2025-06-14 10:37:50.533646: I external/local_tsl/tsl/framework/bfc_allocator.cc:1095] InUse at 7f00daa4f800 of size 110592 next 245
2025-06-14 10:37:50.534030: I external/local_tsl/tsl/framework/bfc_allocator.cc:1095] InUse at 7f00daa6a800 of size 256 next 246
2025-06-14 10:37:50.534459: I external/local_tsl/tsl/framework/bfc_allocator.cc:1095] InUse at 7f00daa6a900 of size 256 next 247
2025-06-14 10:37:50.534912: I external/local_tsl/tsl/framework/bfc_allocator.cc:1095] InUse at 7f00daa6aa00 of size 256 next 248
2025-06-14 10:37:50.535346: I external/local_tsl/tsl/framework/bfc_allocator.cc:1095] InUse at 7f00daa6ab00 of size 256 next 249
2025-06-14 10:37:50.535789: I external/local_tsl/tsl/framework/bfc_allocator.cc:1095] InUse at 7f00daa6ac00 of size 256 next 250
2025-06-14 10:37:50.536242: I external/local_tsl/tsl/framework/bfc_allocator.cc:1095] InUse at 7f00daa6ad00 of size 256 next 251
2025-06-14 10:37:50.536669: I external/local_tsl/tsl/framework/bfc_allocator.cc:1095] InUse at 7f00daa6ae00 of size 256 next 252
2025-06-14 10:37:50.537089: I external/local_tsl/tsl/framework/bfc_allocator.cc:1095] InUse at 7f00daa6af00 of size 256 next 253
2025-06-14 10:37:50.537547: I external/local_tsl/tsl/framework/bfc_allocator.cc:1095] InUse at 7f00daa6b000 of size 256 next 254
2025-06-14 10:37:50.537967: I external/local_tsl/tsl/framework/bfc_allocator.cc:1095] InUse at 7f00daa6b100 of size 256 next 255
2025-06-14 10:37:50.538394: I external/local_tsl/tsl/framework/bfc_allocator.cc:1095] InUse at 7f00daa6b200 of size 256 next 256
2025-06-14 10:37:50.538861: I external/local_tsl/tsl/framework/bfc_allocator.cc:1095] InUse at 7f00daa6b300 of size 256 next 257
2025-06-14 10:37:50.539337: I external/local_tsl/tsl/framework/bfc_allocator.cc:1095] InUse at 7f00daa6b400 of size 256 next 258
2025-06-14 10:37:50.539769: I external/local_tsl/tsl/framework/bfc_allocator.cc:1095] InUse at 7f00daa6b500 of size 256 next 259
2025-06-14 10:37:50.540198: I external/local_tsl/tsl/framework/bfc_allocator.cc:1095] InUse at 7f00daa6b600 of size 256 next 260
2025-06-14 10:37:50.540637: I external/local_tsl/tsl/framework/bfc_allocator.cc:1095] InUse at 7f00daa6b700 of size 256 next 261
2025-06-14 10:37:50.541078: I external/local_tsl/tsl/framework/bfc_allocator.cc:1095] InUse at 7f00daa6b800 of size 256 next 262
2025-06-14 10:37:50.541507: I external/local_tsl/tsl/framework/bfc_allocator.cc:1095] InUse at 7f00daa6b900 of size 256 next 263
2025-06-14 10:37:50.541935: I external/local_tsl/tsl/framework/bfc_allocator.cc:1095] InUse at 7f00daa6ba00 of size 256 next 265
2025-06-14 10:37:50.542419: I external/local_tsl/tsl/framework/bfc_allocator.cc:1095] InUse at 7f00daa6bb00 of size 256 next 268
2025-06-14 10:37:50.542849: I external/local_tsl/tsl/framework/bfc_allocator.cc:1095] InUse at 7f00daa6bc00 of size 256 next 274
2025-06-14 10:37:50.543261: I external/local_tsl/tsl/framework/bfc_allocator.cc:1095] InUse at 7f00daa6bd00 of size 256 next 275
2025-06-14 10:37:50.543695: I external/local_tsl/tsl/framework/bfc_allocator.cc:1095] InUse at 7f00daa6be00 of size 256 next 276
2025-06-14 10:37:50.544123: I external/local_tsl/tsl/framework/bfc_allocator.cc:1095] InUse at 7f00daa6bf00 of size 256 next 280
2025-06-14 10:37:50.544605: I external/local_tsl/tsl/framework/bfc_allocator.cc:1095] InUse at 7f00daa6c000 of size 256 next 281
2025-06-14 10:37:50.545027: I external/local_tsl/tsl/framework/bfc_allocator.cc:1095] InUse at 7f00daa6c100 of size 256 next 287
2025-06-14 10:37:50.545491: I external/local_tsl/tsl/framework/bfc_allocator.cc:1095] InUse at 7f00daa6c200 of size 256 next 288
2025-06-14 10:37:50.545908: I external/local_tsl/tsl/framework/bfc_allocator.cc:1095] InUse at 7f00daa6c300 of size 256 next 291
2025-06-14 10:37:50.546344: I external/local_tsl/tsl/framework/bfc_allocator.cc:1095] InUse at 7f00daa6c400 of size 256 next 292
2025-06-14 10:37:50.546761: I external/local_tsl/tsl/framework/bfc_allocator.cc:1095] InUse at 7f00daa6c500 of size 512 next 294
2025-06-14 10:37:50.547233: I external/local_tsl/tsl/framework/bfc_allocator.cc:1095] InUse at 7f00daa6c700 of size 768 next 269
2025-06-14 10:37:50.547694: I external/local_tsl/tsl/framework/bfc_allocator.cc:1095] InUse at 7f00daa6ca00 of size 256 next 270
2025-06-14 10:37:50.548126: I external/local_tsl/tsl/framework/bfc_allocator.cc:1095] InUse at 7f00daa6cb00 of size 512 next 295
2025-06-14 10:37:50.548564: I external/local_tsl/tsl/framework/bfc_allocator.cc:1095] InUse at 7f00daa6cd00 of size 512 next 298
2025-06-14 10:37:50.549043: I external/local_tsl/tsl/framework/bfc_allocator.cc:1095] InUse at 7f00daa6cf00 of size 512 next 299
2025-06-14 10:37:50.549553: I external/local_tsl/tsl/framework/bfc_allocator.cc:1095] InUse at 7f00daa6d100 of size 15138816 next 56
2025-06-14 10:37:50.549935: I external/local_tsl/tsl/framework/bfc_allocator.cc:1095] InUse at 7f00db8dd100 of size 15138816 next 301
2025-06-14 10:37:50.550285: I external/local_tsl/tsl/framework/bfc_allocator.cc:1095] InUse at 7f00dc74d100 of size 1024 next 304
2025-06-14 10:37:50.550751: I external/local_tsl/tsl/framework/bfc_allocator.cc:1095] InUse at 7f00dc74d500 of size 1024 next 305
2025-06-14 10:37:50.551180: I external/local_tsl/tsl/framework/bfc_allocator.cc:1095] InUse at 7f00dc74d900 of size 1024 next 306
2025-06-14 10:37:50.551621: I external/local_tsl/tsl/framework/bfc_allocator.cc:1095] InUse at 7f00dc74dd00 of size 1024 next 309
2025-06-14 10:37:50.552112: I external/local_tsl/tsl/framework/bfc_allocator.cc:1095] InUse at 7f00dc74e100 of size 1024 next 310
2025-06-14 10:37:50.552615: I external/local_tsl/tsl/framework/bfc_allocator.cc:1095] InUse at 7f00dc74e500 of size 512 next 317
2025-06-14 10:37:50.553079: I external/local_tsl/tsl/framework/bfc_allocator.cc:1095] InUse at 7f00dc74e700 of size 512 next 318
2025-06-14 10:37:50.553517: I external/local_tsl/tsl/framework/bfc_allocator.cc:1095] InUse at 7f00dc74e900 of size 256 next 326
2025-06-14 10:37:50.553965: I external/local_tsl/tsl/framework/bfc_allocator.cc:1095] InUse at 7f00dc74ea00 of size 256 next 327
2025-06-14 10:37:50.554406: I external/local_tsl/tsl/framework/bfc_allocator.cc:1095] Free  at 7f00dc74eb00 of size 25892096 next 18446744073709551615
2025-06-14 10:37:50.554757: I external/local_tsl/tsl/framework/bfc_allocator.cc:1075] Next region of size 33554432
2025-06-14 10:37:50.555181: I external/local_tsl/tsl/framework/bfc_allocator.cc:1095] InUse at 7f00f2000000 of size 3538944 next 83
2025-06-14 10:37:50.555526: I external/local_tsl/tsl/framework/bfc_allocator.cc:1095] InUse at 7f00f2360000 of size 221184 next 152
2025-06-14 10:37:50.555888: I external/local_tsl/tsl/framework/bfc_allocator.cc:1095] InUse at 7f00f2396000 of size 221184 next 106
2025-06-14 10:37:50.556276: I external/local_tsl/tsl/framework/bfc_allocator.cc:1095] InUse at 7f00f23cc000 of size 442368 next 100
2025-06-14 10:37:50.556644: I external/local_tsl/tsl/framework/bfc_allocator.cc:1095] InUse at 7f00f2438000 of size 884736 next 90
2025-06-14 10:37:50.557033: I external/local_tsl/tsl/framework/bfc_allocator.cc:1095] InUse at 7f00f2510000 of size 1769472 next 74
2025-06-14 10:37:50.557407: I external/local_tsl/tsl/framework/bfc_allocator.cc:1095] InUse at 7f00f26c0000 of size 7077888 next 72
2025-06-14 10:37:50.557761: I external/local_tsl/tsl/framework/bfc_allocator.cc:1095] InUse at 7f00f2d80000 of size 7077888 next 187
2025-06-14 10:37:50.558143: I external/local_tsl/tsl/framework/bfc_allocator.cc:1095] InUse at 7f00f3440000 of size 12320768 next 18446744073709551615
2025-06-14 10:37:50.558525: I external/local_tsl/tsl/framework/bfc_allocator.cc:1075] Next region of size 16777216
2025-06-14 10:37:50.558948: I external/local_tsl/tsl/framework/bfc_allocator.cc:1095] InUse at 7f00fa000000 of size 1769472 next 173
2025-06-14 10:37:50.559290: I external/local_tsl/tsl/framework/bfc_allocator.cc:1095] InUse at 7f00fa1b0000 of size 1769472 next 64
2025-06-14 10:37:50.559603: I external/local_tsl/tsl/framework/bfc_allocator.cc:1095] InUse at 7f00fa360000 of size 3538944 next 62
2025-06-14 10:37:50.559923: I external/local_tsl/tsl/framework/bfc_allocator.cc:1095] InUse at 7f00fa6c0000 of size 3538944 next 180
2025-06-14 10:37:50.560285: I external/local_tsl/tsl/framework/bfc_allocator.cc:1095] InUse at 7f00faa20000 of size 1048576 next 194
2025-06-14 10:37:50.560623: I external/local_tsl/tsl/framework/bfc_allocator.cc:1095] InUse at 7f00fab20000 of size 1048576 next 195
2025-06-14 10:37:50.560981: I external/local_tsl/tsl/framework/bfc_allocator.cc:1095] InUse at 7f00fac20000 of size 4063232 next 18446744073709551615
2025-06-14 10:37:50.561324: I external/local_tsl/tsl/framework/bfc_allocator.cc:1075] Next region of size 2097152
2025-06-14 10:37:50.561791: I external/local_tsl/tsl/framework/bfc_allocator.cc:1095] InUse at 7f015ae00000 of size 1280 next 1
2025-06-14 10:37:50.562230: I external/local_tsl/tsl/framework/bfc_allocator.cc:1095] InUse at 7f015ae00500 of size 256 next 2
2025-06-14 10:37:50.562641: I external/local_tsl/tsl/framework/bfc_allocator.cc:1095] InUse at 7f015ae00600 of size 256 next 3
2025-06-14 10:37:50.563054: I external/local_tsl/tsl/framework/bfc_allocator.cc:1095] InUse at 7f015ae00700 of size 256 next 5
2025-06-14 10:37:50.563494: I external/local_tsl/tsl/framework/bfc_allocator.cc:1095] InUse at 7f015ae00800 of size 256 next 6
2025-06-14 10:37:50.563913: I external/local_tsl/tsl/framework/bfc_allocator.cc:1095] InUse at 7f015ae00900 of size 256 next 4
2025-06-14 10:37:50.564362: I external/local_tsl/tsl/framework/bfc_allocator.cc:1095] InUse at 7f015ae00a00 of size 256 next 7
2025-06-14 10:37:50.564786: I external/local_tsl/tsl/framework/bfc_allocator.cc:1095] InUse at 7f015ae00b00 of size 256 next 10
2025-06-14 10:37:50.565275: I external/local_tsl/tsl/framework/bfc_allocator.cc:1095] InUse at 7f015ae00c00 of size 256 next 278
2025-06-14 10:37:50.565754: I external/local_tsl/tsl/framework/bfc_allocator.cc:1095] InUse at 7f015ae00d00 of size 256 next 12
2025-06-14 10:37:50.566220: I external/local_tsl/tsl/framework/bfc_allocator.cc:1095] InUse at 7f015ae00e00 of size 256 next 13
2025-06-14 10:37:50.566667: I external/local_tsl/tsl/framework/bfc_allocator.cc:1095] InUse at 7f015ae00f00 of size 256 next 14
2025-06-14 10:37:50.567108: I external/local_tsl/tsl/framework/bfc_allocator.cc:1095] InUse at 7f015ae01000 of size 256 next 17
2025-06-14 10:37:50.567553: I external/local_tsl/tsl/framework/bfc_allocator.cc:1095] InUse at 7f015ae01100 of size 256 next 15
2025-06-14 10:37:50.567979: I external/local_tsl/tsl/framework/bfc_allocator.cc:1095] InUse at 7f015ae01200 of size 256 next 16
2025-06-14 10:37:50.568466: I external/local_tsl/tsl/framework/bfc_allocator.cc:1095] InUse at 7f015ae01300 of size 256 next 286
2025-06-14 10:37:50.568948: I external/local_tsl/tsl/framework/bfc_allocator.cc:1095] InUse at 7f015ae01400 of size 256 next 21
2025-06-14 10:37:50.569385: I external/local_tsl/tsl/framework/bfc_allocator.cc:1095] InUse at 7f015ae01500 of size 256 next 22
2025-06-14 10:37:50.569822: I external/local_tsl/tsl/framework/bfc_allocator.cc:1095] InUse at 7f015ae01600 of size 256 next 23
2025-06-14 10:37:50.570260: I external/local_tsl/tsl/framework/bfc_allocator.cc:1095] InUse at 7f015ae01700 of size 256 next 24
2025-06-14 10:37:50.570692: I external/local_tsl/tsl/framework/bfc_allocator.cc:1095] InUse at 7f015ae01800 of size 256 next 25
2025-06-14 10:37:50.571115: I external/local_tsl/tsl/framework/bfc_allocator.cc:1095] InUse at 7f015ae01900 of size 256 next 28
2025-06-14 10:37:50.571550: I external/local_tsl/tsl/framework/bfc_allocator.cc:1095] InUse at 7f015ae01a00 of size 256 next 290
2025-06-14 10:37:50.571964: I external/local_tsl/tsl/framework/bfc_allocator.cc:1095] InUse at 7f015ae01b00 of size 256 next 30
2025-06-14 10:37:50.572402: I external/local_tsl/tsl/framework/bfc_allocator.cc:1095] InUse at 7f015ae01c00 of size 256 next 31
2025-06-14 10:37:50.572832: I external/local_tsl/tsl/framework/bfc_allocator.cc:1095] InUse at 7f015ae01d00 of size 256 next 32
2025-06-14 10:37:50.573241: I external/local_tsl/tsl/framework/bfc_allocator.cc:1095] InUse at 7f015ae01e00 of size 256 next 35
2025-06-14 10:37:50.573645: I external/local_tsl/tsl/framework/bfc_allocator.cc:1095] InUse at 7f015ae01f00 of size 256 next 33
2025-06-14 10:37:50.574083: I external/local_tsl/tsl/framework/bfc_allocator.cc:1095] InUse at 7f015ae02000 of size 256 next 34
2025-06-14 10:37:50.574512: I external/local_tsl/tsl/framework/bfc_allocator.cc:1095] InUse at 7f015ae02100 of size 512 next 39
2025-06-14 10:37:50.574929: I external/local_tsl/tsl/framework/bfc_allocator.cc:1095] InUse at 7f015ae02300 of size 256 next 40
2025-06-14 10:37:50.575342: I external/local_tsl/tsl/framework/bfc_allocator.cc:1095] InUse at 7f015ae02400 of size 256 next 41
2025-06-14 10:37:50.575745: I external/local_tsl/tsl/framework/bfc_allocator.cc:1095] InUse at 7f015ae02500 of size 256 next 8
2025-06-14 10:37:50.576173: I external/local_tsl/tsl/framework/bfc_allocator.cc:1095] InUse at 7f015ae02600 of size 3584 next 9
2025-06-14 10:37:50.576647: I external/local_tsl/tsl/framework/bfc_allocator.cc:1095] InUse at 7f015ae03400 of size 512 next 42
2025-06-14 10:37:50.577132: I external/local_tsl/tsl/framework/bfc_allocator.cc:1095] InUse at 7f015ae03600 of size 512 next 45
2025-06-14 10:37:50.577558: I external/local_tsl/tsl/framework/bfc_allocator.cc:1095] InUse at 7f015ae03800 of size 512 next 46
2025-06-14 10:37:50.577973: I external/local_tsl/tsl/framework/bfc_allocator.cc:1095] InUse at 7f015ae03a00 of size 512 next 297
2025-06-14 10:37:50.578389: I external/local_tsl/tsl/framework/bfc_allocator.cc:1095] InUse at 7f015ae03c00 of size 512 next 48
2025-06-14 10:37:50.578824: I external/local_tsl/tsl/framework/bfc_allocator.cc:1095] InUse at 7f015ae03e00 of size 256 next 49
2025-06-14 10:37:50.579236: I external/local_tsl/tsl/framework/bfc_allocator.cc:1095] InUse at 7f015ae03f00 of size 512 next 50
2025-06-14 10:37:50.579676: I external/local_tsl/tsl/framework/bfc_allocator.cc:1095] InUse at 7f015ae04100 of size 512 next 51
2025-06-14 10:37:50.580088: I external/local_tsl/tsl/framework/bfc_allocator.cc:1095] InUse at 7f015ae04300 of size 512 next 55
2025-06-14 10:37:50.580525: I external/local_tsl/tsl/framework/bfc_allocator.cc:1095] InUse at 7f015ae04500 of size 1024 next 57
2025-06-14 10:37:50.580959: I external/local_tsl/tsl/framework/bfc_allocator.cc:1095] InUse at 7f015ae04900 of size 256 next 58
2025-06-14 10:37:50.581370: I external/local_tsl/tsl/framework/bfc_allocator.cc:1095] InUse at 7f015ae04a00 of size 256 next 59
2025-06-14 10:37:50.581806: I external/local_tsl/tsl/framework/bfc_allocator.cc:1095] InUse at 7f015ae04b00 of size 1024 next 60
2025-06-14 10:37:50.582211: I external/local_tsl/tsl/framework/bfc_allocator.cc:1095] InUse at 7f015ae04f00 of size 1024 next 61
2025-06-14 10:37:50.582615: I external/local_tsl/tsl/framework/bfc_allocator.cc:1095] InUse at 7f015ae05300 of size 1024 next 65
2025-06-14 10:37:50.583063: I external/local_tsl/tsl/framework/bfc_allocator.cc:1095] InUse at 7f015ae05700 of size 1024 next 308
2025-06-14 10:37:50.583559: I external/local_tsl/tsl/framework/bfc_allocator.cc:1095] InUse at 7f015ae05b00 of size 1024 next 67
2025-06-14 10:37:50.584006: I external/local_tsl/tsl/framework/bfc_allocator.cc:1095] InUse at 7f015ae05f00 of size 256 next 68
2025-06-14 10:37:50.584460: I external/local_tsl/tsl/framework/bfc_allocator.cc:1095] InUse at 7f015ae06000 of size 256 next 69
2025-06-14 10:37:50.584906: I external/local_tsl/tsl/framework/bfc_allocator.cc:1095] InUse at 7f015ae06100 of size 1024 next 70
2025-06-14 10:37:50.585418: I external/local_tsl/tsl/framework/bfc_allocator.cc:1095] InUse at 7f015ae06500 of size 1024 next 71
2025-06-14 10:37:50.585937: I external/local_tsl/tsl/framework/bfc_allocator.cc:1095] InUse at 7f015ae06900 of size 1024 next 75
2025-06-14 10:37:50.586385: I external/local_tsl/tsl/framework/bfc_allocator.cc:1095] InUse at 7f015ae06d00 of size 512 next 313
2025-06-14 10:37:50.586811: I external/local_tsl/tsl/framework/bfc_allocator.cc:1095] InUse at 7f015ae06f00 of size 512 next 314
2025-06-14 10:37:50.587249: I external/local_tsl/tsl/framework/bfc_allocator.cc:1095] InUse at 7f015ae07100 of size 512 next 315
2025-06-14 10:37:50.587679: I external/local_tsl/tsl/framework/bfc_allocator.cc:1095] InUse at 7f015ae07300 of size 512 next 77
2025-06-14 10:37:50.588101: I external/local_tsl/tsl/framework/bfc_allocator.cc:1095] InUse at 7f015ae07500 of size 256 next 78
2025-06-14 10:37:50.588529: I external/local_tsl/tsl/framework/bfc_allocator.cc:1095] InUse at 7f015ae07600 of size 256 next 79
2025-06-14 10:37:50.588959: I external/local_tsl/tsl/framework/bfc_allocator.cc:1095] InUse at 7f015ae07700 of size 512 next 80
2025-06-14 10:37:50.589421: I external/local_tsl/tsl/framework/bfc_allocator.cc:1095] InUse at 7f015ae07900 of size 512 next 81
2025-06-14 10:37:50.589894: I external/local_tsl/tsl/framework/bfc_allocator.cc:1095] InUse at 7f015ae07b00 of size 512 next 82
2025-06-14 10:37:50.590351: I external/local_tsl/tsl/framework/bfc_allocator.cc:1095] InUse at 7f015ae07d00 of size 512 next 84
2025-06-14 10:37:50.590794: I external/local_tsl/tsl/framework/bfc_allocator.cc:1095] InUse at 7f015ae07f00 of size 512 next 316
2025-06-14 10:37:50.591229: I external/local_tsl/tsl/framework/bfc_allocator.cc:1095] InUse at 7f015ae08100 of size 512 next 86
2025-06-14 10:37:50.591661: I external/local_tsl/tsl/framework/bfc_allocator.cc:1095] InUse at 7f015ae08300 of size 512 next 87
2025-06-14 10:37:50.592073: I external/local_tsl/tsl/framework/bfc_allocator.cc:1095] InUse at 7f015ae08500 of size 512 next 88
2025-06-14 10:37:50.592513: I external/local_tsl/tsl/framework/bfc_allocator.cc:1095] InUse at 7f015ae08700 of size 512 next 89
2025-06-14 10:37:50.592934: I external/local_tsl/tsl/framework/bfc_allocator.cc:1095] InUse at 7f015ae08900 of size 256 next 321
2025-06-14 10:37:50.593369: I external/local_tsl/tsl/framework/bfc_allocator.cc:1095] InUse at 7f015ae08a00 of size 256 next 323
2025-06-14 10:37:50.593864: I external/local_tsl/tsl/framework/bfc_allocator.cc:1095] InUse at 7f015ae08b00 of size 256 next 324
2025-06-14 10:37:50.594419: I external/local_tsl/tsl/framework/bfc_allocator.cc:1095] InUse at 7f015ae08c00 of size 256 next 92
2025-06-14 10:37:50.594931: I external/local_tsl/tsl/framework/bfc_allocator.cc:1095] InUse at 7f015ae08d00 of size 256 next 93
2025-06-14 10:37:50.595424: I external/local_tsl/tsl/framework/bfc_allocator.cc:1095] InUse at 7f015ae08e00 of size 256 next 94
2025-06-14 10:37:50.595856: I external/local_tsl/tsl/framework/bfc_allocator.cc:1095] InUse at 7f015ae08f00 of size 256 next 97
2025-06-14 10:37:50.596279: I external/local_tsl/tsl/framework/bfc_allocator.cc:1095] InUse at 7f015ae09000 of size 256 next 95
2025-06-14 10:37:50.596733: I external/local_tsl/tsl/framework/bfc_allocator.cc:1095] InUse at 7f015ae09100 of size 256 next 96
2025-06-14 10:37:50.597168: I external/local_tsl/tsl/framework/bfc_allocator.cc:1095] InUse at 7f015ae09200 of size 256 next 98
2025-06-14 10:37:50.597732: I external/local_tsl/tsl/framework/bfc_allocator.cc:1095] InUse at 7f015ae09300 of size 256 next 101
2025-06-14 10:37:50.598299: I external/local_tsl/tsl/framework/bfc_allocator.cc:1095] InUse at 7f015ae09400 of size 256 next 102
2025-06-14 10:37:50.598852: I external/local_tsl/tsl/framework/bfc_allocator.cc:1095] InUse at 7f015ae09500 of size 256 next 103
2025-06-14 10:37:50.599387: I external/local_tsl/tsl/framework/bfc_allocator.cc:1095] InUse at 7f015ae09600 of size 256 next 104
2025-06-14 10:37:50.599795: I external/local_tsl/tsl/framework/bfc_allocator.cc:1095] InUse at 7f015ae09700 of size 256 next 105
2025-06-14 10:37:50.600272: I external/local_tsl/tsl/framework/bfc_allocator.cc:1095] Free  at 7f015ae09800 of size 512 next 108
2025-06-14 10:37:50.600854: I external/local_tsl/tsl/framework/bfc_allocator.cc:1095] InUse at 7f015ae09a00 of size 256 next 109
2025-06-14 10:37:50.601363: I external/local_tsl/tsl/framework/bfc_allocator.cc:1095] InUse at 7f015ae09b00 of size 256 next 110
2025-06-14 10:37:50.601819: I external/local_tsl/tsl/framework/bfc_allocator.cc:1095] InUse at 7f015ae09c00 of size 256 next 146
2025-06-14 10:37:50.602229: I external/local_tsl/tsl/framework/bfc_allocator.cc:1095] InUse at 7f015ae09d00 of size 256 next 147
2025-06-14 10:37:50.602656: I external/local_tsl/tsl/framework/bfc_allocator.cc:1095] InUse at 7f015ae09e00 of size 256 next 148
2025-06-14 10:37:50.603086: I external/local_tsl/tsl/framework/bfc_allocator.cc:1095] InUse at 7f015ae09f00 of size 256 next 149
2025-06-14 10:37:50.603503: I external/local_tsl/tsl/framework/bfc_allocator.cc:1095] InUse at 7f015ae0a000 of size 256 next 150
2025-06-14 10:37:50.603929: I external/local_tsl/tsl/framework/bfc_allocator.cc:1095] InUse at 7f015ae0a100 of size 256 next 151
2025-06-14 10:37:50.604374: I external/local_tsl/tsl/framework/bfc_allocator.cc:1095] InUse at 7f015ae0a200 of size 256 next 153
2025-06-14 10:37:50.604789: I external/local_tsl/tsl/framework/bfc_allocator.cc:1095] InUse at 7f015ae0a300 of size 256 next 154
2025-06-14 10:37:50.605242: I external/local_tsl/tsl/framework/bfc_allocator.cc:1095] InUse at 7f015ae0a400 of size 256 next 155
2025-06-14 10:37:50.605697: I external/local_tsl/tsl/framework/bfc_allocator.cc:1095] InUse at 7f015ae0a500 of size 256 next 156
2025-06-14 10:37:50.606142: I external/local_tsl/tsl/framework/bfc_allocator.cc:1095] InUse at 7f015ae0a600 of size 256 next 157
2025-06-14 10:37:50.606556: I external/local_tsl/tsl/framework/bfc_allocator.cc:1095] InUse at 7f015ae0a700 of size 256 next 158
2025-06-14 10:37:50.606955: I external/local_tsl/tsl/framework/bfc_allocator.cc:1095] InUse at 7f015ae0a800 of size 256 next 160
2025-06-14 10:37:50.607375: I external/local_tsl/tsl/framework/bfc_allocator.cc:1095] InUse at 7f015ae0a900 of size 256 next 161
2025-06-14 10:37:50.607817: I external/local_tsl/tsl/framework/bfc_allocator.cc:1095] InUse at 7f015ae0aa00 of size 256 next 162
2025-06-14 10:37:50.608246: I external/local_tsl/tsl/framework/bfc_allocator.cc:1095] InUse at 7f015ae0ab00 of size 256 next 163
2025-06-14 10:37:50.608680: I external/local_tsl/tsl/framework/bfc_allocator.cc:1095] InUse at 7f015ae0ac00 of size 256 next 164
2025-06-14 10:37:50.609088: I external/local_tsl/tsl/framework/bfc_allocator.cc:1095] InUse at 7f015ae0ad00 of size 256 next 165
2025-06-14 10:37:50.609547: I external/local_tsl/tsl/framework/bfc_allocator.cc:1095] InUse at 7f015ae0ae00 of size 512 next 167
2025-06-14 10:37:50.609964: I external/local_tsl/tsl/framework/bfc_allocator.cc:1095] InUse at 7f015ae0b000 of size 512 next 168
2025-06-14 10:37:50.610368: I external/local_tsl/tsl/framework/bfc_allocator.cc:1095] InUse at 7f015ae0b200 of size 512 next 169
2025-06-14 10:37:50.610779: I external/local_tsl/tsl/framework/bfc_allocator.cc:1095] InUse at 7f015ae0b400 of size 512 next 170
2025-06-14 10:37:50.611179: I external/local_tsl/tsl/framework/bfc_allocator.cc:1095] InUse at 7f015ae0b600 of size 512 next 171
2025-06-14 10:37:50.611639: I external/local_tsl/tsl/framework/bfc_allocator.cc:1095] InUse at 7f015ae0b800 of size 512 next 172
2025-06-14 10:37:50.612100: I external/local_tsl/tsl/framework/bfc_allocator.cc:1095] InUse at 7f015ae0ba00 of size 512 next 174
2025-06-14 10:37:50.612536: I external/local_tsl/tsl/framework/bfc_allocator.cc:1095] InUse at 7f015ae0bc00 of size 512 next 175
2025-06-14 10:37:50.612957: I external/local_tsl/tsl/framework/bfc_allocator.cc:1095] InUse at 7f015ae0be00 of size 512 next 176
2025-06-14 10:37:50.613380: I external/local_tsl/tsl/framework/bfc_allocator.cc:1095] InUse at 7f015ae0c000 of size 512 next 177
2025-06-14 10:37:50.613811: I external/local_tsl/tsl/framework/bfc_allocator.cc:1095] InUse at 7f015ae0c200 of size 512 next 178
2025-06-14 10:37:50.614243: I external/local_tsl/tsl/framework/bfc_allocator.cc:1095] InUse at 7f015ae0c400 of size 512 next 179
2025-06-14 10:37:50.614745: I external/local_tsl/tsl/framework/bfc_allocator.cc:1095] InUse at 7f015ae0c600 of size 1024 next 181
2025-06-14 10:37:50.615222: I external/local_tsl/tsl/framework/bfc_allocator.cc:1095] InUse at 7f015ae0ca00 of size 1024 next 182
2025-06-14 10:37:50.615634: I external/local_tsl/tsl/framework/bfc_allocator.cc:1095] InUse at 7f015ae0ce00 of size 1024 next 183
2025-06-14 10:37:50.616030: I external/local_tsl/tsl/framework/bfc_allocator.cc:1095] InUse at 7f015ae0d200 of size 1024 next 184
2025-06-14 10:37:50.616459: I external/local_tsl/tsl/framework/bfc_allocator.cc:1095] InUse at 7f015ae0d600 of size 1024 next 185
2025-06-14 10:37:50.616852: I external/local_tsl/tsl/framework/bfc_allocator.cc:1095] InUse at 7f015ae0da00 of size 1024 next 186
2025-06-14 10:37:50.617291: I external/local_tsl/tsl/framework/bfc_allocator.cc:1095] InUse at 7f015ae0de00 of size 1024 next 188
2025-06-14 10:37:50.617708: I external/local_tsl/tsl/framework/bfc_allocator.cc:1095] InUse at 7f015ae0e200 of size 1024 next 189
2025-06-14 10:37:50.618201: I external/local_tsl/tsl/framework/bfc_allocator.cc:1095] InUse at 7f015ae0e600 of size 1024 next 190
2025-06-14 10:37:50.618635: I external/local_tsl/tsl/framework/bfc_allocator.cc:1095] InUse at 7f015ae0ea00 of size 1024 next 191
2025-06-14 10:37:50.619041: I external/local_tsl/tsl/framework/bfc_allocator.cc:1095] InUse at 7f015ae0ee00 of size 1024 next 192
2025-06-14 10:37:50.619447: I external/local_tsl/tsl/framework/bfc_allocator.cc:1095] InUse at 7f015ae0f200 of size 1024 next 193
2025-06-14 10:37:50.620114: I external/local_tsl/tsl/framework/bfc_allocator.cc:1095] InUse at 7f015ae0f600 of size 512 next 196
2025-06-14 10:37:50.620623: I external/local_tsl/tsl/framework/bfc_allocator.cc:1095] InUse at 7f015ae0f800 of size 512 next 197
2025-06-14 10:37:50.621081: I external/local_tsl/tsl/framework/bfc_allocator.cc:1095] InUse at 7f015ae0fa00 of size 512 next 199
2025-06-14 10:37:50.621514: I external/local_tsl/tsl/framework/bfc_allocator.cc:1095] InUse at 7f015ae0fc00 of size 512 next 200
2025-06-14 10:37:50.621948: I external/local_tsl/tsl/framework/bfc_allocator.cc:1095] InUse at 7f015ae0fe00 of size 512 next 201
2025-06-14 10:37:50.622393: I external/local_tsl/tsl/framework/bfc_allocator.cc:1095] InUse at 7f015ae10000 of size 512 next 202
2025-06-14 10:37:50.622840: I external/local_tsl/tsl/framework/bfc_allocator.cc:1095] InUse at 7f015ae10200 of size 512 next 203
2025-06-14 10:37:50.623265: I external/local_tsl/tsl/framework/bfc_allocator.cc:1095] InUse at 7f015ae10400 of size 512 next 204
2025-06-14 10:37:50.623678: I external/local_tsl/tsl/framework/bfc_allocator.cc:1095] InUse at 7f015ae10600 of size 512 next 207
2025-06-14 10:37:50.624094: I external/local_tsl/tsl/framework/bfc_allocator.cc:1095] InUse at 7f015ae10800 of size 512 next 208
2025-06-14 10:37:50.624512: I external/local_tsl/tsl/framework/bfc_allocator.cc:1095] InUse at 7f015ae10a00 of size 512 next 209
2025-06-14 10:37:50.624939: I external/local_tsl/tsl/framework/bfc_allocator.cc:1095] InUse at 7f015ae10c00 of size 512 next 210
2025-06-14 10:37:50.625384: I external/local_tsl/tsl/framework/bfc_allocator.cc:1095] InUse at 7f015ae10e00 of size 512 next 211
2025-06-14 10:37:50.625810: I external/local_tsl/tsl/framework/bfc_allocator.cc:1095] InUse at 7f015ae11000 of size 512 next 212
2025-06-14 10:37:50.626225: I external/local_tsl/tsl/framework/bfc_allocator.cc:1095] InUse at 7f015ae11200 of size 256 next 215
2025-06-14 10:37:50.626631: I external/local_tsl/tsl/framework/bfc_allocator.cc:1095] InUse at 7f015ae11300 of size 256 next 216
2025-06-14 10:37:50.627071: I external/local_tsl/tsl/framework/bfc_allocator.cc:1095] InUse at 7f015ae11400 of size 256 next 219
2025-06-14 10:37:50.627535: I external/local_tsl/tsl/framework/bfc_allocator.cc:1095] InUse at 7f015ae11500 of size 256 next 220
2025-06-14 10:37:50.627996: I external/local_tsl/tsl/framework/bfc_allocator.cc:1095] InUse at 7f015ae11600 of size 256 next 221
2025-06-14 10:37:50.628434: I external/local_tsl/tsl/framework/bfc_allocator.cc:1095] InUse at 7f015ae11700 of size 256 next 222
2025-06-14 10:37:50.628845: I external/local_tsl/tsl/framework/bfc_allocator.cc:1095] InUse at 7f015ae11800 of size 256 next 223
2025-06-14 10:37:50.629251: I external/local_tsl/tsl/framework/bfc_allocator.cc:1095] InUse at 7f015ae11900 of size 256 next 224
2025-06-14 10:37:50.629684: I external/local_tsl/tsl/framework/bfc_allocator.cc:1095] InUse at 7f015ae11a00 of size 256 next 227
2025-06-14 10:37:50.630086: I external/local_tsl/tsl/framework/bfc_allocator.cc:1095] InUse at 7f015ae11b00 of size 256 next 228
2025-06-14 10:37:50.630522: I external/local_tsl/tsl/framework/bfc_allocator.cc:1095] InUse at 7f015ae11c00 of size 256 next 229
2025-06-14 10:37:50.631001: I external/local_tsl/tsl/framework/bfc_allocator.cc:1095] InUse at 7f015ae11d00 of size 256 next 230
2025-06-14 10:37:50.631503: I external/local_tsl/tsl/framework/bfc_allocator.cc:1095] InUse at 7f015ae11e00 of size 256 next 231
2025-06-14 10:37:50.631919: I external/local_tsl/tsl/framework/bfc_allocator.cc:1095] InUse at 7f015ae11f00 of size 256 next 232
2025-06-14 10:37:50.632365: I external/local_tsl/tsl/framework/bfc_allocator.cc:1095] InUse at 7f015ae12000 of size 65536 next 233
2025-06-14 10:37:50.632681: I external/local_tsl/tsl/framework/bfc_allocator.cc:1095] InUse at 7f015ae22000 of size 95232 next 19
2025-06-14 10:37:50.633096: I external/local_tsl/tsl/framework/bfc_allocator.cc:1095] InUse at 7f015ae39400 of size 110592 next 18
2025-06-14 10:37:50.633472: I external/local_tsl/tsl/framework/bfc_allocator.cc:1095] InUse at 7f015ae54400 of size 65536 next 115
2025-06-14 10:37:50.633948: I external/local_tsl/tsl/framework/bfc_allocator.cc:1095] InUse at 7f015ae64400 of size 256 next 112
2025-06-14 10:37:50.634469: I external/local_tsl/tsl/framework/bfc_allocator.cc:1095] InUse at 7f015ae64500 of size 256 next 114
2025-06-14 10:37:50.634989: I external/local_tsl/tsl/framework/bfc_allocator.cc:1095] InUse at 7f015ae64600 of size 256 next 113
2025-06-14 10:37:50.635469: I external/local_tsl/tsl/framework/bfc_allocator.cc:1095] InUse at 7f015ae64700 of size 256 next 111
2025-06-14 10:37:50.635887: I external/local_tsl/tsl/framework/bfc_allocator.cc:1095] InUse at 7f015ae64800 of size 256 next 117
2025-06-14 10:37:50.636305: I external/local_tsl/tsl/framework/bfc_allocator.cc:1095] InUse at 7f015ae64900 of size 256 next 118
2025-06-14 10:37:50.636704: I external/local_tsl/tsl/framework/bfc_allocator.cc:1095] InUse at 7f015ae64a00 of size 256 next 120
2025-06-14 10:37:50.637109: I external/local_tsl/tsl/framework/bfc_allocator.cc:1095] InUse at 7f015ae64b00 of size 256 next 119
2025-06-14 10:37:50.637567: I external/local_tsl/tsl/framework/bfc_allocator.cc:1095] InUse at 7f015ae64c00 of size 256 next 121
2025-06-14 10:37:50.638004: I external/local_tsl/tsl/framework/bfc_allocator.cc:1095] InUse at 7f015ae64d00 of size 256 next 123
2025-06-14 10:37:50.638427: I external/local_tsl/tsl/framework/bfc_allocator.cc:1095] InUse at 7f015ae64e00 of size 256 next 124
2025-06-14 10:37:50.638860: I external/local_tsl/tsl/framework/bfc_allocator.cc:1095] InUse at 7f015ae64f00 of size 256 next 125
2025-06-14 10:37:50.639306: I external/local_tsl/tsl/framework/bfc_allocator.cc:1095] InUse at 7f015ae65000 of size 256 next 126
2025-06-14 10:37:50.639754: I external/local_tsl/tsl/framework/bfc_allocator.cc:1095] InUse at 7f015ae65100 of size 256 next 128
2025-06-14 10:37:50.640171: I external/local_tsl/tsl/framework/bfc_allocator.cc:1095] InUse at 7f015ae65200 of size 256 next 127
2025-06-14 10:37:50.640569: I external/local_tsl/tsl/framework/bfc_allocator.cc:1095] InUse at 7f015ae65300 of size 256 next 129
2025-06-14 10:37:50.640991: I external/local_tsl/tsl/framework/bfc_allocator.cc:1095] InUse at 7f015ae65400 of size 256 next 130
2025-06-14 10:37:50.641415: I external/local_tsl/tsl/framework/bfc_allocator.cc:1095] InUse at 7f015ae65500 of size 256 next 131
2025-06-14 10:37:50.641832: I external/local_tsl/tsl/framework/bfc_allocator.cc:1095] InUse at 7f015ae65600 of size 256 next 132
2025-06-14 10:37:50.642288: I external/local_tsl/tsl/framework/bfc_allocator.cc:1095] InUse at 7f015ae65700 of size 256 next 133
2025-06-14 10:37:50.642689: I external/local_tsl/tsl/framework/bfc_allocator.cc:1095] InUse at 7f015ae65800 of size 256 next 137
2025-06-14 10:37:50.643130: I external/local_tsl/tsl/framework/bfc_allocator.cc:1095] InUse at 7f015ae65900 of size 256 next 136
2025-06-14 10:37:50.643549: I external/local_tsl/tsl/framework/bfc_allocator.cc:1095] InUse at 7f015ae65a00 of size 3584 next 138
2025-06-14 10:37:50.643953: I external/local_tsl/tsl/framework/bfc_allocator.cc:1095] InUse at 7f015ae66800 of size 3584 next 139
2025-06-14 10:37:50.644356: I external/local_tsl/tsl/framework/bfc_allocator.cc:1095] InUse at 7f015ae67600 of size 256 next 140
2025-06-14 10:37:50.644777: I external/local_tsl/tsl/framework/bfc_allocator.cc:1095] InUse at 7f015ae67700 of size 256 next 141
2025-06-14 10:37:50.645172: I external/local_tsl/tsl/framework/bfc_allocator.cc:1095] InUse at 7f015ae67800 of size 256 next 142
2025-06-14 10:37:50.645644: I external/local_tsl/tsl/framework/bfc_allocator.cc:1095] InUse at 7f015ae67900 of size 256 next 143
2025-06-14 10:37:50.646065: I external/local_tsl/tsl/framework/bfc_allocator.cc:1095] InUse at 7f015ae67a00 of size 256 next 144
2025-06-14 10:37:50.646476: I external/local_tsl/tsl/framework/bfc_allocator.cc:1095] InUse at 7f015ae67b00 of size 256 next 145
2025-06-14 10:37:50.646896: I external/local_tsl/tsl/framework/bfc_allocator.cc:1095] InUse at 7f015ae67c00 of size 141312 next 27
2025-06-14 10:37:50.647357: I external/local_tsl/tsl/framework/bfc_allocator.cc:1095] InUse at 7f015ae8a400 of size 221184 next 26
2025-06-14 10:37:50.647756: I external/local_tsl/tsl/framework/bfc_allocator.cc:1095] InUse at 7f015aec0400 of size 442368 next 159
2025-06-14 10:37:50.648122: I external/local_tsl/tsl/framework/bfc_allocator.cc:1095] InUse at 7f015af2c400 of size 867328 next 18446744073709551615
2025-06-14 10:37:50.648485: I external/local_tsl/tsl/framework/bfc_allocator.cc:1075] Next region of size 4194304
2025-06-14 10:37:50.648934: I external/local_tsl/tsl/framework/bfc_allocator.cc:1095] InUse at 7f015b400000 of size 442368 next 37
2025-06-14 10:37:50.649283: I external/local_tsl/tsl/framework/bfc_allocator.cc:1095] InUse at 7f015b46c000 of size 221184 next 116
2025-06-14 10:37:50.649612: I external/local_tsl/tsl/framework/bfc_allocator.cc:1095] InUse at 7f015b4a2000 of size 110592 next 122
2025-06-14 10:37:50.649977: I external/local_tsl/tsl/framework/bfc_allocator.cc:1095] InUse at 7f015b4bd000 of size 192512 next 99
2025-06-14 10:37:50.650345: I external/local_tsl/tsl/framework/bfc_allocator.cc:1095] InUse at 7f015b4ec000 of size 360448 next 44
2025-06-14 10:37:50.650695: I external/local_tsl/tsl/framework/bfc_allocator.cc:1095] InUse at 7f015b544000 of size 884736 next 43
2025-06-14 10:37:50.650997: I external/local_tsl/tsl/framework/bfc_allocator.cc:1095] InUse at 7f015b61c000 of size 1982464 next 18446744073709551615
2025-06-14 10:37:50.651327: I external/local_tsl/tsl/framework/bfc_allocator.cc:1075] Next region of size 8388608
2025-06-14 10:37:50.651746: I external/local_tsl/tsl/framework/bfc_allocator.cc:1095] InUse at 7f015b800000 of size 884736 next 166
2025-06-14 10:37:50.652093: I external/local_tsl/tsl/framework/bfc_allocator.cc:1095] InUse at 7f015b8d8000 of size 884736 next 54
2025-06-14 10:37:50.652459: I external/local_tsl/tsl/framework/bfc_allocator.cc:1095] InUse at 7f015b9b0000 of size 1769472 next 52
2025-06-14 10:37:50.652805: I external/local_tsl/tsl/framework/bfc_allocator.cc:1095] InUse at 7f015bb60000 of size 4849664 next 18446744073709551615
2025-06-14 10:37:50.653135: I external/local_tsl/tsl/framework/bfc_allocator.cc:1100]      Summary of in-use Chunks by size: 
2025-06-14 10:37:50.653588: I external/local_tsl/tsl/framework/bfc_allocator.cc:1103] 155 Chunks of size 256 totalling 38.8KiB
2025-06-14 10:37:50.654010: I external/local_tsl/tsl/framework/bfc_allocator.cc:1103] 54 Chunks of size 512 totalling 27.0KiB
2025-06-14 10:37:50.654452: I external/local_tsl/tsl/framework/bfc_allocator.cc:1103] 1 Chunks of size 768 totalling 768B
2025-06-14 10:37:50.654895: I external/local_tsl/tsl/framework/bfc_allocator.cc:1103] 26 Chunks of size 1024 totalling 26.0KiB
2025-06-14 10:37:50.655331: I external/local_tsl/tsl/framework/bfc_allocator.cc:1103] 1 Chunks of size 1280 totalling 1.2KiB
2025-06-14 10:37:50.655768: I external/local_tsl/tsl/framework/bfc_allocator.cc:1103] 3 Chunks of size 3584 totalling 10.5KiB
2025-06-14 10:37:50.656245: I external/local_tsl/tsl/framework/bfc_allocator.cc:1103] 2 Chunks of size 65536 totalling 128.0KiB
2025-06-14 10:37:50.656684: I external/local_tsl/tsl/framework/bfc_allocator.cc:1103] 1 Chunks of size 95232 totalling 93.0KiB
2025-06-14 10:37:50.657102: I external/local_tsl/tsl/framework/bfc_allocator.cc:1103] 4 Chunks of size 110592 totalling 432.0KiB
2025-06-14 10:37:50.657529: I external/local_tsl/tsl/framework/bfc_allocator.cc:1103] 1 Chunks of size 141312 totalling 138.0KiB
2025-06-14 10:37:50.657952: I external/local_tsl/tsl/framework/bfc_allocator.cc:1103] 1 Chunks of size 192512 totalling 188.0KiB
2025-06-14 10:37:50.658395: I external/local_tsl/tsl/framework/bfc_allocator.cc:1103] 6 Chunks of size 221184 totalling 1.27MiB
2025-06-14 10:37:50.658842: I external/local_tsl/tsl/framework/bfc_allocator.cc:1103] 2 Chunks of size 262144 totalling 512.0KiB
2025-06-14 10:37:50.659294: I external/local_tsl/tsl/framework/bfc_allocator.cc:1103] 1 Chunks of size 360448 totalling 352.0KiB
2025-06-14 10:37:50.659733: I external/local_tsl/tsl/framework/bfc_allocator.cc:1103] 5 Chunks of size 442368 totalling 2.11MiB
2025-06-14 10:37:50.660161: I external/local_tsl/tsl/framework/bfc_allocator.cc:1103] 1 Chunks of size 867328 totalling 847.0KiB
2025-06-14 10:37:50.660593: I external/local_tsl/tsl/framework/bfc_allocator.cc:1103] 6 Chunks of size 884736 totalling 5.06MiB
2025-06-14 10:37:50.661013: I external/local_tsl/tsl/framework/bfc_allocator.cc:1103] 2 Chunks of size 1048576 totalling 2.00MiB
2025-06-14 10:37:50.661440: I external/local_tsl/tsl/framework/bfc_allocator.cc:1103] 6 Chunks of size 1769472 totalling 10.12MiB
2025-06-14 10:37:50.661898: I external/local_tsl/tsl/framework/bfc_allocator.cc:1103] 1 Chunks of size 1982464 totalling 1.89MiB
2025-06-14 10:37:50.662387: I external/local_tsl/tsl/framework/bfc_allocator.cc:1103] 4 Chunks of size 3538944 totalling 13.50MiB
2025-06-14 10:37:50.662833: I external/local_tsl/tsl/framework/bfc_allocator.cc:1103] 1 Chunks of size 4063232 totalling 3.88MiB
2025-06-14 10:37:50.663295: I external/local_tsl/tsl/framework/bfc_allocator.cc:1103] 1 Chunks of size 4849664 totalling 4.62MiB
2025-06-14 10:37:50.663731: I external/local_tsl/tsl/framework/bfc_allocator.cc:1103] 2 Chunks of size 7077888 totalling 13.50MiB
2025-06-14 10:37:50.664195: I external/local_tsl/tsl/framework/bfc_allocator.cc:1103] 1 Chunks of size 12320768 totalling 11.75MiB
2025-06-14 10:37:50.664546: I external/local_tsl/tsl/framework/bfc_allocator.cc:1103] 2 Chunks of size 15138816 totalling 28.88MiB
2025-06-14 10:37:50.664906: I external/local_tsl/tsl/framework/bfc_allocator.cc:1103] 4 Chunks of size 30277632 totalling 115.50MiB
2025-06-14 10:37:50.665272: I external/local_tsl/tsl/framework/bfc_allocator.cc:1103] 2 Chunks of size 60555264 totalling 115.50MiB
2025-06-14 10:37:50.665610: I external/local_tsl/tsl/framework/bfc_allocator.cc:1103] 1 Chunks of size 73662464 totalling 70.25MiB
2025-06-14 10:37:50.665921: I external/local_tsl/tsl/framework/bfc_allocator.cc:1103] 1 Chunks of size 116654080 totalling 111.25MiB
2025-06-14 10:37:50.666279: I external/local_tsl/tsl/framework/bfc_allocator.cc:1103] 6 Chunks of size 121110528 totalling 693.00MiB
2025-06-14 10:37:50.666611: I external/local_tsl/tsl/framework/bfc_allocator.cc:1103] 2 Chunks of size 209715200 totalling 400.00MiB
2025-06-14 10:37:50.666966: I external/local_tsl/tsl/framework/bfc_allocator.cc:1103] 3 Chunks of size 242221056 totalling 693.00MiB
2025-06-14 10:37:50.667379: I external/local_tsl/tsl/framework/bfc_allocator.cc:1103] 8 Chunks of size 484442112 totalling 3.61GiB
2025-06-14 10:37:50.667756: I external/local_tsl/tsl/framework/bfc_allocator.cc:1103] 1 Chunks of size 968884224 totalling 924.00MiB
2025-06-14 10:37:50.668123: I external/local_tsl/tsl/framework/bfc_allocator.cc:1103] 6 Chunks of size 1937768448 totalling 10.83GiB
2025-06-14 10:37:50.668465: I external/local_tsl/tsl/framework/bfc_allocator.cc:1107] Sum Total of in-use chunks: 17.58GiB
2025-06-14 10:37:50.668855: I external/local_tsl/tsl/framework/bfc_allocator.cc:1109] Total bytes in pool: 23575789568 memory_limit_: 23575789568 available bytes: 0 curr_region_allocation_bytes_: 34359738368
2025-06-14 10:37:50.669193: I external/local_tsl/tsl/framework/bfc_allocator.cc:1114] Stats: 
Limit:                     23575789568
InUse:                     18882554112
MaxInUse:                  22800760320
NumAllocs:                         912
MaxAllocSize:               4135495424
Reserved:                            0
PeakReserved:                        0
LargestFreeBlock:                    0

2025-06-14 10:37:50.669500: W external/local_tsl/tsl/framework/bfc_allocator.cc:497] ________*********________************************************_**************************************
2025-06-14 10:37:50.669869: W tensorflow/core/framework/op_kernel.cc:1839] OP_REQUIRES failed at concat_op.cc:165 : RESOURCE_EXHAUSTED: OOM when allocating tensor with shape[2,64,192,224,176] and type float on /job:localhost/replica:0/task:0/device:GPU:0 by allocator GPU_0_bfc
Traceback (most recent call last):
  File "/mnt/beegfs/hellgate/home/rb194958e/stroke_segmentation_sota/batch_wise_train.py", line 277, in <module>
    if main():
       ^^^^^^
  File "/mnt/beegfs/hellgate/home/rb194958e/stroke_segmentation_sota/batch_wise_train.py", line 256, in main
    history = model.fit(
              ^^^^^^^^^^
  File "/mnt/beegfs/hellgate/home/rb194958e/.conda/envs/tf215_env/lib/python3.11/site-packages/keras/src/utils/traceback_utils.py", line 70, in error_handler
    raise e.with_traceback(filtered_tb) from None
  File "/mnt/beegfs/hellgate/home/rb194958e/.conda/envs/tf215_env/lib/python3.11/site-packages/tensorflow/python/eager/execute.py", line 53, in quick_execute
    tensors = pywrap_tfe.TFE_Py_Execute(ctx._handle, device_name, op_name,
  ^^^^^^^^^^^^^^^^^^^^^^^^^^^^^^^^^^^^^^^^^^^^^^^^^^^^^^^^^^^^^^^^^^^^^^^^
tensorflow.python.framework.errors_impl.ResourceExhaustedError: Graph execution error:

Detected at node model/concatenate_2/concat defined at (most recent call last):
  File "/mnt/beegfs/hellgate/home/rb194958e/stroke_segmentation_sota/batch_wise_train.py", line 277, in <module>

  File "/mnt/beegfs/hellgate/home/rb194958e/stroke_segmentation_sota/batch_wise_train.py", line 256, in main

  File "/mnt/beegfs/hellgate/home/rb194958e/.conda/envs/tf215_env/lib/python3.11/site-packages/keras/src/utils/traceback_utils.py", line 65, in error_handler

  File "/mnt/beegfs/hellgate/home/rb194958e/.conda/envs/tf215_env/lib/python3.11/site-packages/keras/src/engine/training.py", line 1807, in fit

  File "/mnt/beegfs/hellgate/home/rb194958e/.conda/envs/tf215_env/lib/python3.11/site-packages/keras/src/engine/training.py", line 1401, in train_function

  File "/mnt/beegfs/hellgate/home/rb194958e/.conda/envs/tf215_env/lib/python3.11/site-packages/keras/src/engine/training.py", line 1384, in step_function

  File "/mnt/beegfs/hellgate/home/rb194958e/.conda/envs/tf215_env/lib/python3.11/site-packages/keras/src/engine/training.py", line 1373, in run_step

  File "/mnt/beegfs/hellgate/home/rb194958e/.conda/envs/tf215_env/lib/python3.11/site-packages/keras/src/engine/training.py", line 1150, in train_step

  File "/mnt/beegfs/hellgate/home/rb194958e/.conda/envs/tf215_env/lib/python3.11/site-packages/keras/src/utils/traceback_utils.py", line 65, in error_handler

  File "/mnt/beegfs/hellgate/home/rb194958e/.conda/envs/tf215_env/lib/python3.11/site-packages/keras/src/engine/training.py", line 590, in __call__

  File "/mnt/beegfs/hellgate/home/rb194958e/.conda/envs/tf215_env/lib/python3.11/site-packages/keras/src/utils/traceback_utils.py", line 65, in error_handler

  File "/mnt/beegfs/hellgate/home/rb194958e/.conda/envs/tf215_env/lib/python3.11/site-packages/keras/src/engine/base_layer.py", line 1149, in __call__

  File "/mnt/beegfs/hellgate/home/rb194958e/.conda/envs/tf215_env/lib/python3.11/site-packages/keras/src/utils/traceback_utils.py", line 96, in error_handler

  File "/mnt/beegfs/hellgate/home/rb194958e/.conda/envs/tf215_env/lib/python3.11/site-packages/keras/src/engine/functional.py", line 515, in call

  File "/mnt/beegfs/hellgate/home/rb194958e/.conda/envs/tf215_env/lib/python3.11/site-packages/keras/src/engine/functional.py", line 672, in _run_internal_graph

  File "/mnt/beegfs/hellgate/home/rb194958e/.conda/envs/tf215_env/lib/python3.11/site-packages/keras/src/utils/traceback_utils.py", line 65, in error_handler

  File "/mnt/beegfs/hellgate/home/rb194958e/.conda/envs/tf215_env/lib/python3.11/site-packages/keras/src/engine/base_layer.py", line 1149, in __call__

  File "/mnt/beegfs/hellgate/home/rb194958e/.conda/envs/tf215_env/lib/python3.11/site-packages/keras/src/utils/traceback_utils.py", line 96, in error_handler

  File "/mnt/beegfs/hellgate/home/rb194958e/.conda/envs/tf215_env/lib/python3.11/site-packages/keras/src/layers/merging/base_merge.py", line 196, in call

  File "/mnt/beegfs/hellgate/home/rb194958e/.conda/envs/tf215_env/lib/python3.11/site-packages/keras/src/layers/merging/concatenate.py", line 134, in _merge_function

  File "/mnt/beegfs/hellgate/home/rb194958e/.conda/envs/tf215_env/lib/python3.11/site-packages/keras/src/backend.py", line 3580, in concatenate

OOM when allocating tensor with shape[2,64,192,224,176] and type float on /job:localhost/replica:0/task:0/device:GPU:0 by allocator GPU_0_bfc
	 [[{{node model/concatenate_2/concat}}]]
Hint: If you want to see a list of allocated tensors when OOM happens, add report_tensor_allocations_upon_oom to RunOptions for current allocation info. This isn't available when running in Eager mode.
 [Op:__inference_train_function_7309]
2025-06-14 10:37:50.830882: W tensorflow/core/kernels/data/generator_dataset_op.cc:108] Error occurred when finalizing GeneratorDataset iterator: FAILED_PRECONDITION: Python interpreter state is not initialized. The process may be terminated.
	 [[{{node PyFunc}}]]
/var/spool/slurmd/job1123650/slurm_script: line 320: EOF: command not found
/var/spool/slurmd/job1123650/slurm_script: line 330: unexpected EOF while looking for matching ``'
/var/spool/slurmd/job1123650/slurm_script: line 339: syntax error: unexpected end of file
