2025-06-15 03:47:54.911487: I tensorflow/core/util/port.cc:113] oneDNN custom operations are on. You may see slightly different numerical results due to floating-point round-off errors from different computation orders. To turn them off, set the environment variable `TF_ENABLE_ONEDNN_OPTS=0`.
2025-06-15 03:47:55.653670: E external/local_xla/xla/stream_executor/cuda/cuda_dnn.cc:9261] Unable to register cuDNN factory: Attempting to register factory for plugin cuDNN when one has already been registered
2025-06-15 03:47:55.654307: E external/local_xla/xla/stream_executor/cuda/cuda_fft.cc:607] Unable to register cuFFT factory: Attempting to register factory for plugin cuFFT when one has already been registered
2025-06-15 03:47:55.769596: E external/local_xla/xla/stream_executor/cuda/cuda_blas.cc:1515] Unable to register cuBLAS factory: Attempting to register factory for plugin cuBLAS when one has already been registered
2025-06-15 03:47:56.030154: I tensorflow/core/platform/cpu_feature_guard.cc:182] This TensorFlow binary is optimized to use available CPU instructions in performance-critical operations.
To enable the following instructions: AVX2 AVX512F AVX512_VNNI FMA, in other operations, rebuild TensorFlow with the appropriate compiler flags.
2025-06-15 03:48:02.807731: W tensorflow/compiler/tf2tensorrt/utils/py_utils.cc:38] TF-TRT Warning: Could not find TensorRT
INFO:__main__:🚀 Starting Stroke Lesion Segmentation Training
INFO:__main__:Using 1 GPU(s)
INFO:__main__:Creating data generators...
INFO:__main__:Found 655 valid image/mask pairs
INFO:__main__:Found 655 valid image/mask pairs
INFO:__main__:Training batches: 262
INFO:__main__:Validation batches: 65
INFO:__main__:Building model...
2025-06-15 03:48:17.343336: I tensorflow/core/common_runtime/gpu/gpu_device.cc:1929] Created device /job:localhost/replica:0/task:0/device:GPU:0 with 22483 MB memory:  -> device: 0, name: NVIDIA RTX 4500 Ada Generation, pci bus id: 0000:1c:00.0, compute capability: 8.9
INFO:__main__:Model parameters: 5,605,345
INFO:__main__:Starting training...
pixdim[0] (qfac) should be 1 (default) or -1; setting qfac to 1
INFO:nibabel.global:pixdim[0] (qfac) should be 1 (default) or -1; setting qfac to 1
pixdim[0] (qfac) should be 1 (default) or -1; setting qfac to 1
INFO:nibabel.global:pixdim[0] (qfac) should be 1 (default) or -1; setting qfac to 1
pixdim[0] (qfac) should be 1 (default) or -1; setting qfac to 1
INFO:nibabel.global:pixdim[0] (qfac) should be 1 (default) or -1; setting qfac to 1
pixdim[0] (qfac) should be 1 (default) or -1; setting qfac to 1
INFO:nibabel.global:pixdim[0] (qfac) should be 1 (default) or -1; setting qfac to 1
2025-06-15 03:48:25.055270: I external/local_xla/xla/stream_executor/cuda/cuda_dnn.cc:454] Loaded cuDNN version 8907
pixdim[0] (qfac) should be 1 (default) or -1; setting qfac to 1
INFO:nibabel.global:pixdim[0] (qfac) should be 1 (default) or -1; setting qfac to 1
pixdim[0] (qfac) should be 1 (default) or -1; setting qfac to 1
INFO:nibabel.global:pixdim[0] (qfac) should be 1 (default) or -1; setting qfac to 1
pixdim[0] (qfac) should be 1 (default) or -1; setting qfac to 1
INFO:nibabel.global:pixdim[0] (qfac) should be 1 (default) or -1; setting qfac to 1
pixdim[0] (qfac) should be 1 (default) or -1; setting qfac to 1
INFO:nibabel.global:pixdim[0] (qfac) should be 1 (default) or -1; setting qfac to 1
2025-06-15 03:48:41.490275: W external/local_tsl/tsl/framework/bfc_allocator.cc:296] Allocator (GPU_0_bfc) ran out of memory trying to allocate 2.27GiB with freed_by_count=0. The caller indicates that this is not a failure, but this may mean that there could be performance gains if more memory were available.
2025-06-15 03:48:41.592049: W external/local_tsl/tsl/framework/bfc_allocator.cc:296] Allocator (GPU_0_bfc) ran out of memory trying to allocate 2.30GiB with freed_by_count=0. The caller indicates that this is not a failure, but this may mean that there could be performance gains if more memory were available.
2025-06-15 03:48:41.593126: W external/local_tsl/tsl/framework/bfc_allocator.cc:296] Allocator (GPU_0_bfc) ran out of memory trying to allocate 2.27GiB with freed_by_count=0. The caller indicates that this is not a failure, but this may mean that there could be performance gains if more memory were available.
2025-06-15 03:48:42.213796: W external/local_tsl/tsl/framework/bfc_allocator.cc:296] Allocator (GPU_0_bfc) ran out of memory trying to allocate 2.27GiB with freed_by_count=0. The caller indicates that this is not a failure, but this may mean that there could be performance gains if more memory were available.
2025-06-15 03:48:42.267331: W external/local_tsl/tsl/framework/bfc_allocator.cc:296] Allocator (GPU_0_bfc) ran out of memory trying to allocate 2.30GiB with freed_by_count=0. The caller indicates that this is not a failure, but this may mean that there could be performance gains if more memory were available.
2025-06-15 03:48:42.268319: W external/local_tsl/tsl/framework/bfc_allocator.cc:296] Allocator (GPU_0_bfc) ran out of memory trying to allocate 2.27GiB with freed_by_count=0. The caller indicates that this is not a failure, but this may mean that there could be performance gains if more memory were available.
2025-06-15 03:48:52.890712: W external/local_tsl/tsl/framework/bfc_allocator.cc:485] Allocator (GPU_0_bfc) ran out of memory trying to allocate 3.61GiB (rounded to 3875536896)requested by op model/concatenate_2/concat
If the cause is memory fragmentation maybe the environment variable 'TF_GPU_ALLOCATOR=cuda_malloc_async' will improve the situation. 
Current allocation summary follows.
Current allocation summary follows.
2025-06-15 03:48:52.891791: I external/local_tsl/tsl/framework/bfc_allocator.cc:1039] BFCAllocator dump for GPU_0_bfc
2025-06-15 03:48:52.892655: I external/local_tsl/tsl/framework/bfc_allocator.cc:1046] Bin (256): 	Total Chunks: 155, Chunks in use: 155. 38.8KiB allocated for chunks. 38.8KiB in use in bin. 20.7KiB client-requested in use in bin.
2025-06-15 03:48:52.893194: I external/local_tsl/tsl/framework/bfc_allocator.cc:1046] Bin (512): 	Total Chunks: 56, Chunks in use: 55. 28.0KiB allocated for chunks. 27.5KiB in use in bin. 27.5KiB client-requested in use in bin.
2025-06-15 03:48:52.893678: I external/local_tsl/tsl/framework/bfc_allocator.cc:1046] Bin (1024): 	Total Chunks: 27, Chunks in use: 27. 27.2KiB allocated for chunks. 27.2KiB in use in bin. 27.0KiB client-requested in use in bin.
2025-06-15 03:48:52.894128: I external/local_tsl/tsl/framework/bfc_allocator.cc:1046] Bin (2048): 	Total Chunks: 3, Chunks in use: 3. 10.5KiB allocated for chunks. 10.5KiB in use in bin. 10.1KiB client-requested in use in bin.
2025-06-15 03:48:52.894587: I external/local_tsl/tsl/framework/bfc_allocator.cc:1046] Bin (4096): 	Total Chunks: 0, Chunks in use: 0. 0B allocated for chunks. 0B in use in bin. 0B client-requested in use in bin.
2025-06-15 03:48:52.895011: I external/local_tsl/tsl/framework/bfc_allocator.cc:1046] Bin (8192): 	Total Chunks: 0, Chunks in use: 0. 0B allocated for chunks. 0B in use in bin. 0B client-requested in use in bin.
2025-06-15 03:48:52.895413: I external/local_tsl/tsl/framework/bfc_allocator.cc:1046] Bin (16384): 	Total Chunks: 0, Chunks in use: 0. 0B allocated for chunks. 0B in use in bin. 0B client-requested in use in bin.
2025-06-15 03:48:52.895840: I external/local_tsl/tsl/framework/bfc_allocator.cc:1046] Bin (32768): 	Total Chunks: 0, Chunks in use: 0. 0B allocated for chunks. 0B in use in bin. 0B client-requested in use in bin.
2025-06-15 03:48:52.896308: I external/local_tsl/tsl/framework/bfc_allocator.cc:1046] Bin (65536): 	Total Chunks: 7, Chunks in use: 7. 653.0KiB allocated for chunks. 653.0KiB in use in bin. 624.0KiB client-requested in use in bin.
2025-06-15 03:48:52.896744: I external/local_tsl/tsl/framework/bfc_allocator.cc:1046] Bin (131072): 	Total Chunks: 8, Chunks in use: 8. 1.58MiB allocated for chunks. 1.58MiB in use in bin. 1.48MiB client-requested in use in bin.
2025-06-15 03:48:52.897194: I external/local_tsl/tsl/framework/bfc_allocator.cc:1046] Bin (262144): 	Total Chunks: 8, Chunks in use: 8. 2.95MiB allocated for chunks. 2.95MiB in use in bin. 2.86MiB client-requested in use in bin.
2025-06-15 03:48:52.897673: I external/local_tsl/tsl/framework/bfc_allocator.cc:1046] Bin (524288): 	Total Chunks: 7, Chunks in use: 7. 5.89MiB allocated for chunks. 5.89MiB in use in bin. 5.48MiB client-requested in use in bin.
2025-06-15 03:48:52.898096: I external/local_tsl/tsl/framework/bfc_allocator.cc:1046] Bin (1048576): 	Total Chunks: 9, Chunks in use: 9. 14.02MiB allocated for chunks. 14.02MiB in use in bin. 13.12MiB client-requested in use in bin.
2025-06-15 03:48:52.898579: I external/local_tsl/tsl/framework/bfc_allocator.cc:1046] Bin (2097152): 	Total Chunks: 5, Chunks in use: 5. 17.38MiB allocated for chunks. 17.38MiB in use in bin. 16.88MiB client-requested in use in bin.
2025-06-15 03:48:52.899066: I external/local_tsl/tsl/framework/bfc_allocator.cc:1046] Bin (4194304): 	Total Chunks: 3, Chunks in use: 3. 18.12MiB allocated for chunks. 18.12MiB in use in bin. 16.88MiB client-requested in use in bin.
2025-06-15 03:48:52.899481: I external/local_tsl/tsl/framework/bfc_allocator.cc:1046] Bin (8388608): 	Total Chunks: 3, Chunks in use: 3. 40.62MiB allocated for chunks. 40.62MiB in use in bin. 35.62MiB client-requested in use in bin.
2025-06-15 03:48:52.899907: I external/local_tsl/tsl/framework/bfc_allocator.cc:1046] Bin (16777216): 	Total Chunks: 5, Chunks in use: 4. 140.19MiB allocated for chunks. 115.50MiB in use in bin. 115.50MiB client-requested in use in bin.
2025-06-15 03:48:52.900419: I external/local_tsl/tsl/framework/bfc_allocator.cc:1046] Bin (33554432): 	Total Chunks: 2, Chunks in use: 2. 115.50MiB allocated for chunks. 115.50MiB in use in bin. 115.50MiB client-requested in use in bin.
2025-06-15 03:48:52.900929: I external/local_tsl/tsl/framework/bfc_allocator.cc:1046] Bin (67108864): 	Total Chunks: 8, Chunks in use: 8. 874.50MiB allocated for chunks. 874.50MiB in use in bin. 808.50MiB client-requested in use in bin.
2025-06-15 03:48:52.901366: I external/local_tsl/tsl/framework/bfc_allocator.cc:1046] Bin (134217728): 	Total Chunks: 5, Chunks in use: 5. 1.07GiB allocated for chunks. 1.07GiB in use in bin. 924.00MiB client-requested in use in bin.
2025-06-15 03:48:52.901782: I external/local_tsl/tsl/framework/bfc_allocator.cc:1046] Bin (268435456): 	Total Chunks: 18, Chunks in use: 15. 19.69GiB allocated for chunks. 15.34GiB in use in bin. 15.34GiB client-requested in use in bin.
2025-06-15 03:48:52.902166: I external/local_tsl/tsl/framework/bfc_allocator.cc:1062] Bin for 3.61GiB was 256.00MiB, Chunk State: 
2025-06-15 03:48:52.902587: I external/local_tsl/tsl/framework/bfc_allocator.cc:1068]   Size: 453.50MiB | Requested Size: 16.00MiB | in_use: 0 | bin_num: 20, prev:   Size: 462.00MiB | Requested Size: 462.00MiB | in_use: 1 | bin_num: -1
2025-06-15 03:48:52.903020: I external/local_tsl/tsl/framework/bfc_allocator.cc:1068]   Size: 1.80GiB | Requested Size: 1.80GiB | in_use: 0 | bin_num: 20, next:   Size: 1.80GiB | Requested Size: 1.80GiB | in_use: 1 | bin_num: -1
2025-06-15 03:48:52.903528: I external/local_tsl/tsl/framework/bfc_allocator.cc:1068]   Size: 2.10GiB | Requested Size: 1.82GiB | in_use: 0 | bin_num: 20, prev:   Size: 1.80GiB | Requested Size: 1.80GiB | in_use: 1 | bin_num: -1
2025-06-15 03:48:52.903946: I external/local_tsl/tsl/framework/bfc_allocator.cc:1075] Next region of size 6129582080
2025-06-15 03:48:52.904460: I external/local_tsl/tsl/framework/bfc_allocator.cc:1095] Free  at 7fbf26000000 of size 1937768448 next 107
2025-06-15 03:48:52.904887: I external/local_tsl/tsl/framework/bfc_allocator.cc:1095] InUse at 7fbf99800000 of size 1937768448 next 329
2025-06-15 03:48:52.905319: I external/local_tsl/tsl/framework/bfc_allocator.cc:1095] Free  at 7fc00d000000 of size 2254045184 next 18446744073709551615
2025-06-15 03:48:52.905823: I external/local_tsl/tsl/framework/bfc_allocator.cc:1075] Next region of size 8589934592
2025-06-15 03:48:52.906398: I external/local_tsl/tsl/framework/bfc_allocator.cc:1095] InUse at 7fc0be000000 of size 1937768448 next 281
2025-06-15 03:48:52.906814: I external/local_tsl/tsl/framework/bfc_allocator.cc:1095] InUse at 7fc131800000 of size 242221056 next 282
2025-06-15 03:48:52.907255: I external/local_tsl/tsl/framework/bfc_allocator.cc:1095] InUse at 7fc13ff00000 of size 484442112 next 283
2025-06-15 03:48:52.907697: I external/local_tsl/tsl/framework/bfc_allocator.cc:1095] InUse at 7fc15cd00000 of size 484442112 next 284
2025-06-15 03:48:52.908128: I external/local_tsl/tsl/framework/bfc_allocator.cc:1095] InUse at 7fc179b00000 of size 484442112 next 29
2025-06-15 03:48:52.908531: I external/local_tsl/tsl/framework/bfc_allocator.cc:1095] InUse at 7fc196900000 of size 484442112 next 288
2025-06-15 03:48:52.908978: I external/local_tsl/tsl/framework/bfc_allocator.cc:1095] InUse at 7fc1b3700000 of size 484442112 next 292
2025-06-15 03:48:52.909404: I external/local_tsl/tsl/framework/bfc_allocator.cc:1095] InUse at 7fc1d0500000 of size 121110528 next 47
2025-06-15 03:48:52.909820: I external/local_tsl/tsl/framework/bfc_allocator.cc:1095] InUse at 7fc1d7880000 of size 121110528 next 296
2025-06-15 03:48:52.910240: I external/local_tsl/tsl/framework/bfc_allocator.cc:1095] InUse at 7fc1dec00000 of size 121110528 next 300
2025-06-15 03:48:52.910700: I external/local_tsl/tsl/framework/bfc_allocator.cc:1095] InUse at 7fc1e5f80000 of size 30277632 next 302
2025-06-15 03:48:52.911131: I external/local_tsl/tsl/framework/bfc_allocator.cc:1095] InUse at 7fc1e7c60000 of size 30277632 next 303
2025-06-15 03:48:52.911612: I external/local_tsl/tsl/framework/bfc_allocator.cc:1095] InUse at 7fc1e9940000 of size 30277632 next 66
2025-06-15 03:48:52.912021: I external/local_tsl/tsl/framework/bfc_allocator.cc:1095] InUse at 7fc1eb620000 of size 30277632 next 307
2025-06-15 03:48:52.912495: I external/local_tsl/tsl/framework/bfc_allocator.cc:1095] InUse at 7fc1ed300000 of size 121110528 next 76
2025-06-15 03:48:52.912922: I external/local_tsl/tsl/framework/bfc_allocator.cc:1095] InUse at 7fc1f4680000 of size 121110528 next 312
2025-06-15 03:48:52.913347: I external/local_tsl/tsl/framework/bfc_allocator.cc:1095] InUse at 7fc1fba00000 of size 242221056 next 311
2025-06-15 03:48:52.913751: I external/local_tsl/tsl/framework/bfc_allocator.cc:1095] InUse at 7fc20a100000 of size 121110528 next 85
2025-06-15 03:48:52.914152: I external/local_tsl/tsl/framework/bfc_allocator.cc:1095] InUse at 7fc211480000 of size 484442112 next 325
2025-06-15 03:48:52.914582: I external/local_tsl/tsl/framework/bfc_allocator.cc:1095] InUse at 7fc22e280000 of size 484442112 next 320
2025-06-15 03:48:52.915011: I external/local_tsl/tsl/framework/bfc_allocator.cc:1095] InUse at 7fc24b080000 of size 968884224 next 319
2025-06-15 03:48:52.915433: I external/local_tsl/tsl/framework/bfc_allocator.cc:1095] InUse at 7fc284c80000 of size 484442112 next 91
2025-06-15 03:48:52.915821: I external/local_tsl/tsl/framework/bfc_allocator.cc:1095] Free  at 7fc2a1a80000 of size 475529216 next 18446744073709551615
2025-06-15 03:48:52.916206: I external/local_tsl/tsl/framework/bfc_allocator.cc:1075] Next region of size 4294967296
2025-06-15 03:48:52.916684: I external/local_tsl/tsl/framework/bfc_allocator.cc:1095] InUse at 7fc2dc000000 of size 1937768448 next 11
2025-06-15 03:48:52.917074: I external/local_tsl/tsl/framework/bfc_allocator.cc:1095] InUse at 7fc34f800000 of size 1937768448 next 276
2025-06-15 03:48:52.917466: I external/local_tsl/tsl/framework/bfc_allocator.cc:1095] InUse at 7fc3c3000000 of size 242221056 next 20
2025-06-15 03:48:52.917858: I external/local_tsl/tsl/framework/bfc_allocator.cc:1095] InUse at 7fc3d1700000 of size 60555264 next 38
2025-06-15 03:48:52.918253: I external/local_tsl/tsl/framework/bfc_allocator.cc:1095] InUse at 7fc3d50c0000 of size 116654080 next 18446744073709551615
2025-06-15 03:48:52.918615: I external/local_tsl/tsl/framework/bfc_allocator.cc:1075] Next region of size 2147483648
2025-06-15 03:48:52.919097: I external/local_tsl/tsl/framework/bfc_allocator.cc:1095] InUse at 7fc408000000 of size 1937768448 next 270
2025-06-15 03:48:52.919520: I external/local_tsl/tsl/framework/bfc_allocator.cc:1095] InUse at 7fc47b800000 of size 209715200 next 18446744073709551615
2025-06-15 03:48:52.919913: I external/local_tsl/tsl/framework/bfc_allocator.cc:1075] Next region of size 2147483648
2025-06-15 03:48:52.920382: I external/local_tsl/tsl/framework/bfc_allocator.cc:1095] InUse at 7fc490000000 of size 1937768448 next 267
2025-06-15 03:48:52.920781: I external/local_tsl/tsl/framework/bfc_allocator.cc:1095] InUse at 7fc503800000 of size 209715200 next 18446744073709551615
2025-06-15 03:48:52.921229: I external/local_tsl/tsl/framework/bfc_allocator.cc:1075] Next region of size 134217728
2025-06-15 03:48:52.921687: I external/local_tsl/tsl/framework/bfc_allocator.cc:1095] InUse at 7fc5a0000000 of size 60555264 next 264
2025-06-15 03:48:52.922056: I external/local_tsl/tsl/framework/bfc_allocator.cc:1095] InUse at 7fc5a39c0000 of size 73662464 next 18446744073709551615
2025-06-15 03:48:52.922444: I external/local_tsl/tsl/framework/bfc_allocator.cc:1075] Next region of size 67108864
2025-06-15 03:48:52.922892: I external/local_tsl/tsl/framework/bfc_allocator.cc:1095] InUse at 7fc5a8000000 of size 3538944 next 198
2025-06-15 03:48:52.923294: I external/local_tsl/tsl/framework/bfc_allocator.cc:1095] InUse at 7fc5a8360000 of size 1769472 next 205
2025-06-15 03:48:52.923677: I external/local_tsl/tsl/framework/bfc_allocator.cc:1095] InUse at 7fc5a8510000 of size 1769472 next 206
2025-06-15 03:48:52.924074: I external/local_tsl/tsl/framework/bfc_allocator.cc:1095] InUse at 7fc5a86c0000 of size 262144 next 213
2025-06-15 03:48:52.924467: I external/local_tsl/tsl/framework/bfc_allocator.cc:1095] InUse at 7fc5a8700000 of size 262144 next 214
2025-06-15 03:48:52.924812: I external/local_tsl/tsl/framework/bfc_allocator.cc:1095] InUse at 7fc5a8740000 of size 884736 next 217
2025-06-15 03:48:52.925209: I external/local_tsl/tsl/framework/bfc_allocator.cc:1095] InUse at 7fc5a8818000 of size 884736 next 218
2025-06-15 03:48:52.925604: I external/local_tsl/tsl/framework/bfc_allocator.cc:1095] InUse at 7fc5a88f0000 of size 442368 next 225
2025-06-15 03:48:52.925998: I external/local_tsl/tsl/framework/bfc_allocator.cc:1095] InUse at 7fc5a895c000 of size 442368 next 226
2025-06-15 03:48:52.926360: I external/local_tsl/tsl/framework/bfc_allocator.cc:1095] InUse at 7fc5a89c8000 of size 256 next 234
2025-06-15 03:48:52.926804: I external/local_tsl/tsl/framework/bfc_allocator.cc:1095] InUse at 7fc5a89c8100 of size 256 next 235
2025-06-15 03:48:52.927271: I external/local_tsl/tsl/framework/bfc_allocator.cc:1095] InUse at 7fc5a89c8200 of size 221184 next 236
2025-06-15 03:48:52.927601: I external/local_tsl/tsl/framework/bfc_allocator.cc:1095] InUse at 7fc5a89fe200 of size 221184 next 237
2025-06-15 03:48:52.927993: I external/local_tsl/tsl/framework/bfc_allocator.cc:1095] InUse at 7fc5a8a34200 of size 256 next 238
2025-06-15 03:48:52.928453: I external/local_tsl/tsl/framework/bfc_allocator.cc:1095] InUse at 7fc5a8a34300 of size 256 next 239
2025-06-15 03:48:52.928902: I external/local_tsl/tsl/framework/bfc_allocator.cc:1095] InUse at 7fc5a8a34400 of size 256 next 240
2025-06-15 03:48:52.929348: I external/local_tsl/tsl/framework/bfc_allocator.cc:1095] InUse at 7fc5a8a34500 of size 256 next 241
2025-06-15 03:48:52.929781: I external/local_tsl/tsl/framework/bfc_allocator.cc:1095] InUse at 7fc5a8a34600 of size 256 next 242
2025-06-15 03:48:52.930214: I external/local_tsl/tsl/framework/bfc_allocator.cc:1095] InUse at 7fc5a8a34700 of size 256 next 243
2025-06-15 03:48:52.930687: I external/local_tsl/tsl/framework/bfc_allocator.cc:1095] InUse at 7fc5a8a34800 of size 110592 next 244
2025-06-15 03:48:52.931051: I external/local_tsl/tsl/framework/bfc_allocator.cc:1095] InUse at 7fc5a8a4f800 of size 110592 next 245
2025-06-15 03:48:52.931394: I external/local_tsl/tsl/framework/bfc_allocator.cc:1095] InUse at 7fc5a8a6a800 of size 256 next 246
2025-06-15 03:48:52.931833: I external/local_tsl/tsl/framework/bfc_allocator.cc:1095] InUse at 7fc5a8a6a900 of size 256 next 247
2025-06-15 03:48:52.932294: I external/local_tsl/tsl/framework/bfc_allocator.cc:1095] InUse at 7fc5a8a6aa00 of size 256 next 248
2025-06-15 03:48:52.932755: I external/local_tsl/tsl/framework/bfc_allocator.cc:1095] InUse at 7fc5a8a6ab00 of size 256 next 249
2025-06-15 03:48:52.933193: I external/local_tsl/tsl/framework/bfc_allocator.cc:1095] InUse at 7fc5a8a6ac00 of size 256 next 250
2025-06-15 03:48:52.933648: I external/local_tsl/tsl/framework/bfc_allocator.cc:1095] InUse at 7fc5a8a6ad00 of size 256 next 251
2025-06-15 03:48:52.934087: I external/local_tsl/tsl/framework/bfc_allocator.cc:1095] InUse at 7fc5a8a6ae00 of size 256 next 252
2025-06-15 03:48:52.934503: I external/local_tsl/tsl/framework/bfc_allocator.cc:1095] InUse at 7fc5a8a6af00 of size 256 next 253
2025-06-15 03:48:52.934947: I external/local_tsl/tsl/framework/bfc_allocator.cc:1095] InUse at 7fc5a8a6b000 of size 256 next 254
2025-06-15 03:48:52.935396: I external/local_tsl/tsl/framework/bfc_allocator.cc:1095] InUse at 7fc5a8a6b100 of size 256 next 255
2025-06-15 03:48:52.935837: I external/local_tsl/tsl/framework/bfc_allocator.cc:1095] InUse at 7fc5a8a6b200 of size 256 next 256
2025-06-15 03:48:52.936322: I external/local_tsl/tsl/framework/bfc_allocator.cc:1095] InUse at 7fc5a8a6b300 of size 256 next 257
2025-06-15 03:48:52.936792: I external/local_tsl/tsl/framework/bfc_allocator.cc:1095] InUse at 7fc5a8a6b400 of size 256 next 258
2025-06-15 03:48:52.937231: I external/local_tsl/tsl/framework/bfc_allocator.cc:1095] InUse at 7fc5a8a6b500 of size 256 next 259
2025-06-15 03:48:52.937691: I external/local_tsl/tsl/framework/bfc_allocator.cc:1095] InUse at 7fc5a8a6b600 of size 256 next 260
2025-06-15 03:48:52.938115: I external/local_tsl/tsl/framework/bfc_allocator.cc:1095] InUse at 7fc5a8a6b700 of size 256 next 261
2025-06-15 03:48:52.938589: I external/local_tsl/tsl/framework/bfc_allocator.cc:1095] InUse at 7fc5a8a6b800 of size 256 next 262
2025-06-15 03:48:52.939036: I external/local_tsl/tsl/framework/bfc_allocator.cc:1095] InUse at 7fc5a8a6b900 of size 256 next 263
2025-06-15 03:48:52.939518: I external/local_tsl/tsl/framework/bfc_allocator.cc:1095] InUse at 7fc5a8a6ba00 of size 256 next 265
2025-06-15 03:48:52.939959: I external/local_tsl/tsl/framework/bfc_allocator.cc:1095] InUse at 7fc5a8a6bb00 of size 256 next 268
2025-06-15 03:48:52.940415: I external/local_tsl/tsl/framework/bfc_allocator.cc:1095] InUse at 7fc5a8a6bc00 of size 256 next 269
2025-06-15 03:48:52.940831: I external/local_tsl/tsl/framework/bfc_allocator.cc:1095] InUse at 7fc5a8a6bd00 of size 256 next 272
2025-06-15 03:48:52.941263: I external/local_tsl/tsl/framework/bfc_allocator.cc:1095] InUse at 7fc5a8a6be00 of size 256 next 274
2025-06-15 03:48:52.941720: I external/local_tsl/tsl/framework/bfc_allocator.cc:1095] InUse at 7fc5a8a6bf00 of size 256 next 275
2025-06-15 03:48:52.942191: I external/local_tsl/tsl/framework/bfc_allocator.cc:1095] InUse at 7fc5a8a6c000 of size 256 next 279
2025-06-15 03:48:52.942626: I external/local_tsl/tsl/framework/bfc_allocator.cc:1095] InUse at 7fc5a8a6c100 of size 256 next 280
2025-06-15 03:48:52.943043: I external/local_tsl/tsl/framework/bfc_allocator.cc:1095] InUse at 7fc5a8a6c200 of size 256 next 286
2025-06-15 03:48:52.943477: I external/local_tsl/tsl/framework/bfc_allocator.cc:1095] InUse at 7fc5a8a6c300 of size 256 next 287
2025-06-15 03:48:52.943935: I external/local_tsl/tsl/framework/bfc_allocator.cc:1095] InUse at 7fc5a8a6c400 of size 256 next 290
2025-06-15 03:48:52.944384: I external/local_tsl/tsl/framework/bfc_allocator.cc:1095] InUse at 7fc5a8a6c500 of size 256 next 291
2025-06-15 03:48:52.944827: I external/local_tsl/tsl/framework/bfc_allocator.cc:1095] InUse at 7fc5a8a6c600 of size 512 next 293
2025-06-15 03:48:52.945288: I external/local_tsl/tsl/framework/bfc_allocator.cc:1095] InUse at 7fc5a8a6c800 of size 512 next 294
2025-06-15 03:48:52.945753: I external/local_tsl/tsl/framework/bfc_allocator.cc:1095] InUse at 7fc5a8a6ca00 of size 512 next 295
2025-06-15 03:48:52.946231: I external/local_tsl/tsl/framework/bfc_allocator.cc:1095] InUse at 7fc5a8a6cc00 of size 512 next 298
2025-06-15 03:48:52.946697: I external/local_tsl/tsl/framework/bfc_allocator.cc:1095] InUse at 7fc5a8a6ce00 of size 512 next 299
2025-06-15 03:48:52.947132: I external/local_tsl/tsl/framework/bfc_allocator.cc:1095] InUse at 7fc5a8a6d000 of size 15138816 next 56
2025-06-15 03:48:52.947508: I external/local_tsl/tsl/framework/bfc_allocator.cc:1095] InUse at 7fc5a98dd000 of size 15138816 next 301
2025-06-15 03:48:52.947870: I external/local_tsl/tsl/framework/bfc_allocator.cc:1095] InUse at 7fc5aa74d000 of size 1024 next 304
2025-06-15 03:48:52.948342: I external/local_tsl/tsl/framework/bfc_allocator.cc:1095] InUse at 7fc5aa74d400 of size 1024 next 305
2025-06-15 03:48:52.948782: I external/local_tsl/tsl/framework/bfc_allocator.cc:1095] InUse at 7fc5aa74d800 of size 1024 next 306
2025-06-15 03:48:52.949257: I external/local_tsl/tsl/framework/bfc_allocator.cc:1095] InUse at 7fc5aa74dc00 of size 1024 next 309
2025-06-15 03:48:52.949704: I external/local_tsl/tsl/framework/bfc_allocator.cc:1095] InUse at 7fc5aa74e000 of size 1024 next 310
2025-06-15 03:48:52.950201: I external/local_tsl/tsl/framework/bfc_allocator.cc:1095] InUse at 7fc5aa74e400 of size 512 next 317
2025-06-15 03:48:52.950681: I external/local_tsl/tsl/framework/bfc_allocator.cc:1095] InUse at 7fc5aa74e600 of size 512 next 318
2025-06-15 03:48:52.951131: I external/local_tsl/tsl/framework/bfc_allocator.cc:1095] InUse at 7fc5aa74e800 of size 256 next 326
2025-06-15 03:48:52.951589: I external/local_tsl/tsl/framework/bfc_allocator.cc:1095] InUse at 7fc5aa74e900 of size 256 next 327
2025-06-15 03:48:52.952064: I external/local_tsl/tsl/framework/bfc_allocator.cc:1095] Free  at 7fc5aa74ea00 of size 25892352 next 18446744073709551615
2025-06-15 03:48:52.952440: I external/local_tsl/tsl/framework/bfc_allocator.cc:1075] Next region of size 33554432
2025-06-15 03:48:52.952894: I external/local_tsl/tsl/framework/bfc_allocator.cc:1095] InUse at 7fc5c0000000 of size 3538944 next 83
2025-06-15 03:48:52.953288: I external/local_tsl/tsl/framework/bfc_allocator.cc:1095] InUse at 7fc5c0360000 of size 221184 next 152
2025-06-15 03:48:52.953655: I external/local_tsl/tsl/framework/bfc_allocator.cc:1095] InUse at 7fc5c0396000 of size 221184 next 106
2025-06-15 03:48:52.954037: I external/local_tsl/tsl/framework/bfc_allocator.cc:1095] InUse at 7fc5c03cc000 of size 442368 next 100
2025-06-15 03:48:52.954422: I external/local_tsl/tsl/framework/bfc_allocator.cc:1095] InUse at 7fc5c0438000 of size 884736 next 90
2025-06-15 03:48:52.954799: I external/local_tsl/tsl/framework/bfc_allocator.cc:1095] InUse at 7fc5c0510000 of size 1769472 next 74
2025-06-15 03:48:52.955198: I external/local_tsl/tsl/framework/bfc_allocator.cc:1095] InUse at 7fc5c06c0000 of size 7077888 next 72
2025-06-15 03:48:52.955549: I external/local_tsl/tsl/framework/bfc_allocator.cc:1095] InUse at 7fc5c0d80000 of size 7077888 next 187
2025-06-15 03:48:52.955934: I external/local_tsl/tsl/framework/bfc_allocator.cc:1095] InUse at 7fc5c1440000 of size 12320768 next 18446744073709551615
2025-06-15 03:48:52.956313: I external/local_tsl/tsl/framework/bfc_allocator.cc:1075] Next region of size 16777216
2025-06-15 03:48:52.956751: I external/local_tsl/tsl/framework/bfc_allocator.cc:1095] InUse at 7fc5c2000000 of size 1769472 next 173
2025-06-15 03:48:52.957102: I external/local_tsl/tsl/framework/bfc_allocator.cc:1095] InUse at 7fc5c21b0000 of size 1769472 next 64
2025-06-15 03:48:52.957465: I external/local_tsl/tsl/framework/bfc_allocator.cc:1095] InUse at 7fc5c2360000 of size 3538944 next 62
2025-06-15 03:48:52.957843: I external/local_tsl/tsl/framework/bfc_allocator.cc:1095] InUse at 7fc5c26c0000 of size 3538944 next 180
2025-06-15 03:48:52.958271: I external/local_tsl/tsl/framework/bfc_allocator.cc:1095] InUse at 7fc5c2a20000 of size 1048576 next 194
2025-06-15 03:48:52.958648: I external/local_tsl/tsl/framework/bfc_allocator.cc:1095] InUse at 7fc5c2b20000 of size 1048576 next 195
2025-06-15 03:48:52.959025: I external/local_tsl/tsl/framework/bfc_allocator.cc:1095] InUse at 7fc5c2c20000 of size 4063232 next 18446744073709551615
2025-06-15 03:48:52.959428: I external/local_tsl/tsl/framework/bfc_allocator.cc:1075] Next region of size 2097152
2025-06-15 03:48:52.959882: I external/local_tsl/tsl/framework/bfc_allocator.cc:1095] InUse at 7fc628e00000 of size 1280 next 1
2025-06-15 03:48:52.960355: I external/local_tsl/tsl/framework/bfc_allocator.cc:1095] InUse at 7fc628e00500 of size 256 next 2
2025-06-15 03:48:52.960832: I external/local_tsl/tsl/framework/bfc_allocator.cc:1095] InUse at 7fc628e00600 of size 256 next 3
2025-06-15 03:48:52.961320: I external/local_tsl/tsl/framework/bfc_allocator.cc:1095] InUse at 7fc628e00700 of size 256 next 5
2025-06-15 03:48:52.961768: I external/local_tsl/tsl/framework/bfc_allocator.cc:1095] InUse at 7fc628e00800 of size 256 next 6
2025-06-15 03:48:52.962240: I external/local_tsl/tsl/framework/bfc_allocator.cc:1095] InUse at 7fc628e00900 of size 256 next 4
2025-06-15 03:48:52.962664: I external/local_tsl/tsl/framework/bfc_allocator.cc:1095] InUse at 7fc628e00a00 of size 256 next 7
2025-06-15 03:48:52.963128: I external/local_tsl/tsl/framework/bfc_allocator.cc:1095] InUse at 7fc628e00b00 of size 256 next 10
2025-06-15 03:48:52.963613: I external/local_tsl/tsl/framework/bfc_allocator.cc:1095] InUse at 7fc628e00c00 of size 256 next 277
2025-06-15 03:48:52.964090: I external/local_tsl/tsl/framework/bfc_allocator.cc:1095] InUse at 7fc628e00d00 of size 256 next 12
2025-06-15 03:48:52.964537: I external/local_tsl/tsl/framework/bfc_allocator.cc:1095] InUse at 7fc628e00e00 of size 256 next 13
2025-06-15 03:48:52.965006: I external/local_tsl/tsl/framework/bfc_allocator.cc:1095] InUse at 7fc628e00f00 of size 256 next 14
2025-06-15 03:48:52.965466: I external/local_tsl/tsl/framework/bfc_allocator.cc:1095] InUse at 7fc628e01000 of size 256 next 17
2025-06-15 03:48:52.965925: I external/local_tsl/tsl/framework/bfc_allocator.cc:1095] InUse at 7fc628e01100 of size 256 next 15
2025-06-15 03:48:52.966456: I external/local_tsl/tsl/framework/bfc_allocator.cc:1095] InUse at 7fc628e01200 of size 256 next 16
2025-06-15 03:48:52.966931: I external/local_tsl/tsl/framework/bfc_allocator.cc:1095] InUse at 7fc628e01300 of size 256 next 285
2025-06-15 03:48:52.967407: I external/local_tsl/tsl/framework/bfc_allocator.cc:1095] InUse at 7fc628e01400 of size 256 next 21
2025-06-15 03:48:52.967865: I external/local_tsl/tsl/framework/bfc_allocator.cc:1095] InUse at 7fc628e01500 of size 256 next 22
2025-06-15 03:48:52.968330: I external/local_tsl/tsl/framework/bfc_allocator.cc:1095] InUse at 7fc628e01600 of size 256 next 23
2025-06-15 03:48:52.968778: I external/local_tsl/tsl/framework/bfc_allocator.cc:1095] InUse at 7fc628e01700 of size 256 next 24
2025-06-15 03:48:52.969223: I external/local_tsl/tsl/framework/bfc_allocator.cc:1095] InUse at 7fc628e01800 of size 256 next 25
2025-06-15 03:48:52.969666: I external/local_tsl/tsl/framework/bfc_allocator.cc:1095] InUse at 7fc628e01900 of size 256 next 28
2025-06-15 03:48:52.970117: I external/local_tsl/tsl/framework/bfc_allocator.cc:1095] InUse at 7fc628e01a00 of size 256 next 289
2025-06-15 03:48:52.970578: I external/local_tsl/tsl/framework/bfc_allocator.cc:1095] InUse at 7fc628e01b00 of size 256 next 30
2025-06-15 03:48:52.971002: I external/local_tsl/tsl/framework/bfc_allocator.cc:1095] InUse at 7fc628e01c00 of size 256 next 31
2025-06-15 03:48:52.971428: I external/local_tsl/tsl/framework/bfc_allocator.cc:1095] InUse at 7fc628e01d00 of size 256 next 32
2025-06-15 03:48:52.971863: I external/local_tsl/tsl/framework/bfc_allocator.cc:1095] InUse at 7fc628e01e00 of size 256 next 35
2025-06-15 03:48:52.972304: I external/local_tsl/tsl/framework/bfc_allocator.cc:1095] InUse at 7fc628e01f00 of size 256 next 33
2025-06-15 03:48:52.972740: I external/local_tsl/tsl/framework/bfc_allocator.cc:1095] InUse at 7fc628e02000 of size 256 next 34
2025-06-15 03:48:52.973196: I external/local_tsl/tsl/framework/bfc_allocator.cc:1095] InUse at 7fc628e02100 of size 512 next 39
2025-06-15 03:48:52.973658: I external/local_tsl/tsl/framework/bfc_allocator.cc:1095] InUse at 7fc628e02300 of size 256 next 40
2025-06-15 03:48:52.974084: I external/local_tsl/tsl/framework/bfc_allocator.cc:1095] InUse at 7fc628e02400 of size 256 next 41
2025-06-15 03:48:52.974505: I external/local_tsl/tsl/framework/bfc_allocator.cc:1095] InUse at 7fc628e02500 of size 256 next 8
2025-06-15 03:48:52.974950: I external/local_tsl/tsl/framework/bfc_allocator.cc:1095] InUse at 7fc628e02600 of size 3584 next 9
2025-06-15 03:48:52.975379: I external/local_tsl/tsl/framework/bfc_allocator.cc:1095] InUse at 7fc628e03400 of size 512 next 42
2025-06-15 03:48:52.975782: I external/local_tsl/tsl/framework/bfc_allocator.cc:1095] InUse at 7fc628e03600 of size 512 next 45
2025-06-15 03:48:52.976222: I external/local_tsl/tsl/framework/bfc_allocator.cc:1095] InUse at 7fc628e03800 of size 512 next 46
2025-06-15 03:48:52.976688: I external/local_tsl/tsl/framework/bfc_allocator.cc:1095] InUse at 7fc628e03a00 of size 512 next 297
2025-06-15 03:48:52.977106: I external/local_tsl/tsl/framework/bfc_allocator.cc:1095] InUse at 7fc628e03c00 of size 512 next 48
2025-06-15 03:48:52.977524: I external/local_tsl/tsl/framework/bfc_allocator.cc:1095] InUse at 7fc628e03e00 of size 256 next 49
2025-06-15 03:48:52.977936: I external/local_tsl/tsl/framework/bfc_allocator.cc:1095] InUse at 7fc628e03f00 of size 512 next 50
2025-06-15 03:48:52.978380: I external/local_tsl/tsl/framework/bfc_allocator.cc:1095] InUse at 7fc628e04100 of size 512 next 51
2025-06-15 03:48:52.978814: I external/local_tsl/tsl/framework/bfc_allocator.cc:1095] InUse at 7fc628e04300 of size 512 next 55
2025-06-15 03:48:52.979247: I external/local_tsl/tsl/framework/bfc_allocator.cc:1095] InUse at 7fc628e04500 of size 1024 next 57
2025-06-15 03:48:52.979689: I external/local_tsl/tsl/framework/bfc_allocator.cc:1095] InUse at 7fc628e04900 of size 256 next 58
2025-06-15 03:48:52.980144: I external/local_tsl/tsl/framework/bfc_allocator.cc:1095] InUse at 7fc628e04a00 of size 256 next 59
2025-06-15 03:48:52.980582: I external/local_tsl/tsl/framework/bfc_allocator.cc:1095] InUse at 7fc628e04b00 of size 1024 next 60
2025-06-15 03:48:52.980984: I external/local_tsl/tsl/framework/bfc_allocator.cc:1095] InUse at 7fc628e04f00 of size 1024 next 61
2025-06-15 03:48:52.981415: I external/local_tsl/tsl/framework/bfc_allocator.cc:1095] InUse at 7fc628e05300 of size 1024 next 65
2025-06-15 03:48:52.981867: I external/local_tsl/tsl/framework/bfc_allocator.cc:1095] InUse at 7fc628e05700 of size 1024 next 308
2025-06-15 03:48:52.982311: I external/local_tsl/tsl/framework/bfc_allocator.cc:1095] InUse at 7fc628e05b00 of size 1024 next 67
2025-06-15 03:48:52.982737: I external/local_tsl/tsl/framework/bfc_allocator.cc:1095] InUse at 7fc628e05f00 of size 256 next 68
2025-06-15 03:48:52.983176: I external/local_tsl/tsl/framework/bfc_allocator.cc:1095] InUse at 7fc628e06000 of size 256 next 69
2025-06-15 03:48:52.983607: I external/local_tsl/tsl/framework/bfc_allocator.cc:1095] InUse at 7fc628e06100 of size 1024 next 70
2025-06-15 03:48:52.984058: I external/local_tsl/tsl/framework/bfc_allocator.cc:1095] InUse at 7fc628e06500 of size 1024 next 71
2025-06-15 03:48:52.984482: I external/local_tsl/tsl/framework/bfc_allocator.cc:1095] InUse at 7fc628e06900 of size 1024 next 75
2025-06-15 03:48:52.984904: I external/local_tsl/tsl/framework/bfc_allocator.cc:1095] InUse at 7fc628e06d00 of size 512 next 313
2025-06-15 03:48:52.985337: I external/local_tsl/tsl/framework/bfc_allocator.cc:1095] InUse at 7fc628e06f00 of size 512 next 314
2025-06-15 03:48:52.985798: I external/local_tsl/tsl/framework/bfc_allocator.cc:1095] InUse at 7fc628e07100 of size 512 next 315
2025-06-15 03:48:52.986240: I external/local_tsl/tsl/framework/bfc_allocator.cc:1095] InUse at 7fc628e07300 of size 512 next 77
2025-06-15 03:48:52.986751: I external/local_tsl/tsl/framework/bfc_allocator.cc:1095] InUse at 7fc628e07500 of size 256 next 78
2025-06-15 03:48:52.987211: I external/local_tsl/tsl/framework/bfc_allocator.cc:1095] InUse at 7fc628e07600 of size 256 next 79
2025-06-15 03:48:52.987665: I external/local_tsl/tsl/framework/bfc_allocator.cc:1095] InUse at 7fc628e07700 of size 512 next 80
2025-06-15 03:48:52.988133: I external/local_tsl/tsl/framework/bfc_allocator.cc:1095] InUse at 7fc628e07900 of size 512 next 81
2025-06-15 03:48:52.988604: I external/local_tsl/tsl/framework/bfc_allocator.cc:1095] InUse at 7fc628e07b00 of size 512 next 82
2025-06-15 03:48:52.989140: I external/local_tsl/tsl/framework/bfc_allocator.cc:1095] InUse at 7fc628e07d00 of size 512 next 84
2025-06-15 03:48:52.989638: I external/local_tsl/tsl/framework/bfc_allocator.cc:1095] InUse at 7fc628e07f00 of size 512 next 316
2025-06-15 03:48:52.990110: I external/local_tsl/tsl/framework/bfc_allocator.cc:1095] InUse at 7fc628e08100 of size 512 next 86
2025-06-15 03:48:52.990535: I external/local_tsl/tsl/framework/bfc_allocator.cc:1095] InUse at 7fc628e08300 of size 512 next 87
2025-06-15 03:48:52.990977: I external/local_tsl/tsl/framework/bfc_allocator.cc:1095] InUse at 7fc628e08500 of size 512 next 88
2025-06-15 03:48:52.991406: I external/local_tsl/tsl/framework/bfc_allocator.cc:1095] InUse at 7fc628e08700 of size 512 next 89
2025-06-15 03:48:52.991849: I external/local_tsl/tsl/framework/bfc_allocator.cc:1095] InUse at 7fc628e08900 of size 256 next 321
2025-06-15 03:48:52.992336: I external/local_tsl/tsl/framework/bfc_allocator.cc:1095] InUse at 7fc628e08a00 of size 256 next 323
2025-06-15 03:48:52.992818: I external/local_tsl/tsl/framework/bfc_allocator.cc:1095] InUse at 7fc628e08b00 of size 256 next 324
2025-06-15 03:48:52.993266: I external/local_tsl/tsl/framework/bfc_allocator.cc:1095] InUse at 7fc628e08c00 of size 256 next 92
2025-06-15 03:48:52.993726: I external/local_tsl/tsl/framework/bfc_allocator.cc:1095] InUse at 7fc628e08d00 of size 256 next 93
2025-06-15 03:48:52.994198: I external/local_tsl/tsl/framework/bfc_allocator.cc:1095] InUse at 7fc628e08e00 of size 256 next 94
2025-06-15 03:48:52.994687: I external/local_tsl/tsl/framework/bfc_allocator.cc:1095] InUse at 7fc628e08f00 of size 256 next 97
2025-06-15 03:48:52.995161: I external/local_tsl/tsl/framework/bfc_allocator.cc:1095] InUse at 7fc628e09000 of size 256 next 95
2025-06-15 03:48:52.995629: I external/local_tsl/tsl/framework/bfc_allocator.cc:1095] InUse at 7fc628e09100 of size 256 next 96
2025-06-15 03:48:52.996116: I external/local_tsl/tsl/framework/bfc_allocator.cc:1095] InUse at 7fc628e09200 of size 256 next 98
2025-06-15 03:48:52.996598: I external/local_tsl/tsl/framework/bfc_allocator.cc:1095] InUse at 7fc628e09300 of size 256 next 101
2025-06-15 03:48:52.997046: I external/local_tsl/tsl/framework/bfc_allocator.cc:1095] InUse at 7fc628e09400 of size 256 next 102
2025-06-15 03:48:52.997511: I external/local_tsl/tsl/framework/bfc_allocator.cc:1095] InUse at 7fc628e09500 of size 256 next 103
2025-06-15 03:48:52.997945: I external/local_tsl/tsl/framework/bfc_allocator.cc:1095] InUse at 7fc628e09600 of size 256 next 104
2025-06-15 03:48:52.998428: I external/local_tsl/tsl/framework/bfc_allocator.cc:1095] InUse at 7fc628e09700 of size 256 next 105
2025-06-15 03:48:52.998875: I external/local_tsl/tsl/framework/bfc_allocator.cc:1095] Free  at 7fc628e09800 of size 512 next 108
2025-06-15 03:48:52.999312: I external/local_tsl/tsl/framework/bfc_allocator.cc:1095] InUse at 7fc628e09a00 of size 256 next 109
2025-06-15 03:48:52.999728: I external/local_tsl/tsl/framework/bfc_allocator.cc:1095] InUse at 7fc628e09b00 of size 256 next 110
2025-06-15 03:48:53.000195: I external/local_tsl/tsl/framework/bfc_allocator.cc:1095] InUse at 7fc628e09c00 of size 256 next 146
2025-06-15 03:48:53.000634: I external/local_tsl/tsl/framework/bfc_allocator.cc:1095] InUse at 7fc628e09d00 of size 256 next 147
2025-06-15 03:48:53.001059: I external/local_tsl/tsl/framework/bfc_allocator.cc:1095] InUse at 7fc628e09e00 of size 256 next 148
2025-06-15 03:48:53.001529: I external/local_tsl/tsl/framework/bfc_allocator.cc:1095] InUse at 7fc628e09f00 of size 256 next 149
2025-06-15 03:48:53.001975: I external/local_tsl/tsl/framework/bfc_allocator.cc:1095] InUse at 7fc628e0a000 of size 256 next 150
2025-06-15 03:48:53.002396: I external/local_tsl/tsl/framework/bfc_allocator.cc:1095] InUse at 7fc628e0a100 of size 256 next 151
2025-06-15 03:48:53.002831: I external/local_tsl/tsl/framework/bfc_allocator.cc:1095] InUse at 7fc628e0a200 of size 256 next 153
2025-06-15 03:48:53.003289: I external/local_tsl/tsl/framework/bfc_allocator.cc:1095] InUse at 7fc628e0a300 of size 256 next 154
2025-06-15 03:48:53.003714: I external/local_tsl/tsl/framework/bfc_allocator.cc:1095] InUse at 7fc628e0a400 of size 256 next 155
2025-06-15 03:48:53.004147: I external/local_tsl/tsl/framework/bfc_allocator.cc:1095] InUse at 7fc628e0a500 of size 256 next 156
2025-06-15 03:48:53.004574: I external/local_tsl/tsl/framework/bfc_allocator.cc:1095] InUse at 7fc628e0a600 of size 256 next 157
2025-06-15 03:48:53.005048: I external/local_tsl/tsl/framework/bfc_allocator.cc:1095] InUse at 7fc628e0a700 of size 256 next 158
2025-06-15 03:48:53.005553: I external/local_tsl/tsl/framework/bfc_allocator.cc:1095] InUse at 7fc628e0a800 of size 256 next 160
2025-06-15 03:48:53.005967: I external/local_tsl/tsl/framework/bfc_allocator.cc:1095] InUse at 7fc628e0a900 of size 256 next 161
2025-06-15 03:48:53.006391: I external/local_tsl/tsl/framework/bfc_allocator.cc:1095] InUse at 7fc628e0aa00 of size 256 next 162
2025-06-15 03:48:53.006823: I external/local_tsl/tsl/framework/bfc_allocator.cc:1095] InUse at 7fc628e0ab00 of size 256 next 163
2025-06-15 03:48:53.007262: I external/local_tsl/tsl/framework/bfc_allocator.cc:1095] InUse at 7fc628e0ac00 of size 256 next 164
2025-06-15 03:48:53.007691: I external/local_tsl/tsl/framework/bfc_allocator.cc:1095] InUse at 7fc628e0ad00 of size 256 next 165
2025-06-15 03:48:53.008113: I external/local_tsl/tsl/framework/bfc_allocator.cc:1095] InUse at 7fc628e0ae00 of size 512 next 167
2025-06-15 03:48:53.008571: I external/local_tsl/tsl/framework/bfc_allocator.cc:1095] InUse at 7fc628e0b000 of size 512 next 168
2025-06-15 03:48:53.009000: I external/local_tsl/tsl/framework/bfc_allocator.cc:1095] InUse at 7fc628e0b200 of size 512 next 169
2025-06-15 03:48:53.009442: I external/local_tsl/tsl/framework/bfc_allocator.cc:1095] InUse at 7fc628e0b400 of size 512 next 170
2025-06-15 03:48:53.009916: I external/local_tsl/tsl/framework/bfc_allocator.cc:1095] InUse at 7fc628e0b600 of size 512 next 171
2025-06-15 03:48:53.010368: I external/local_tsl/tsl/framework/bfc_allocator.cc:1095] InUse at 7fc628e0b800 of size 512 next 172
2025-06-15 03:48:53.010798: I external/local_tsl/tsl/framework/bfc_allocator.cc:1095] InUse at 7fc628e0ba00 of size 512 next 174
2025-06-15 03:48:53.011236: I external/local_tsl/tsl/framework/bfc_allocator.cc:1095] InUse at 7fc628e0bc00 of size 512 next 175
2025-06-15 03:48:53.011675: I external/local_tsl/tsl/framework/bfc_allocator.cc:1095] InUse at 7fc628e0be00 of size 512 next 176
2025-06-15 03:48:53.012098: I external/local_tsl/tsl/framework/bfc_allocator.cc:1095] InUse at 7fc628e0c000 of size 512 next 177
2025-06-15 03:48:53.012539: I external/local_tsl/tsl/framework/bfc_allocator.cc:1095] InUse at 7fc628e0c200 of size 512 next 178
2025-06-15 03:48:53.012968: I external/local_tsl/tsl/framework/bfc_allocator.cc:1095] InUse at 7fc628e0c400 of size 512 next 179
2025-06-15 03:48:53.013382: I external/local_tsl/tsl/framework/bfc_allocator.cc:1095] InUse at 7fc628e0c600 of size 1024 next 181
2025-06-15 03:48:53.013802: I external/local_tsl/tsl/framework/bfc_allocator.cc:1095] InUse at 7fc628e0ca00 of size 1024 next 182
2025-06-15 03:48:53.014220: I external/local_tsl/tsl/framework/bfc_allocator.cc:1095] InUse at 7fc628e0ce00 of size 1024 next 183
2025-06-15 03:48:53.014650: I external/local_tsl/tsl/framework/bfc_allocator.cc:1095] InUse at 7fc628e0d200 of size 1024 next 184
2025-06-15 03:48:53.015064: I external/local_tsl/tsl/framework/bfc_allocator.cc:1095] InUse at 7fc628e0d600 of size 1024 next 185
2025-06-15 03:48:53.015609: I external/local_tsl/tsl/framework/bfc_allocator.cc:1095] InUse at 7fc628e0da00 of size 1024 next 186
2025-06-15 03:48:53.016031: I external/local_tsl/tsl/framework/bfc_allocator.cc:1095] InUse at 7fc628e0de00 of size 1024 next 188
2025-06-15 03:48:53.016449: I external/local_tsl/tsl/framework/bfc_allocator.cc:1095] InUse at 7fc628e0e200 of size 1024 next 189
2025-06-15 03:48:53.016882: I external/local_tsl/tsl/framework/bfc_allocator.cc:1095] InUse at 7fc628e0e600 of size 1024 next 190
2025-06-15 03:48:53.017342: I external/local_tsl/tsl/framework/bfc_allocator.cc:1095] InUse at 7fc628e0ea00 of size 1024 next 191
2025-06-15 03:48:53.017807: I external/local_tsl/tsl/framework/bfc_allocator.cc:1095] InUse at 7fc628e0ee00 of size 1024 next 192
2025-06-15 03:48:53.018286: I external/local_tsl/tsl/framework/bfc_allocator.cc:1095] InUse at 7fc628e0f200 of size 1024 next 193
2025-06-15 03:48:53.018726: I external/local_tsl/tsl/framework/bfc_allocator.cc:1095] InUse at 7fc628e0f600 of size 512 next 196
2025-06-15 03:48:53.019180: I external/local_tsl/tsl/framework/bfc_allocator.cc:1095] InUse at 7fc628e0f800 of size 512 next 197
2025-06-15 03:48:53.019611: I external/local_tsl/tsl/framework/bfc_allocator.cc:1095] InUse at 7fc628e0fa00 of size 512 next 199
2025-06-15 03:48:53.020031: I external/local_tsl/tsl/framework/bfc_allocator.cc:1095] InUse at 7fc628e0fc00 of size 512 next 200
2025-06-15 03:48:53.020443: I external/local_tsl/tsl/framework/bfc_allocator.cc:1095] InUse at 7fc628e0fe00 of size 512 next 201
2025-06-15 03:48:53.020912: I external/local_tsl/tsl/framework/bfc_allocator.cc:1095] InUse at 7fc628e10000 of size 512 next 202
2025-06-15 03:48:53.021350: I external/local_tsl/tsl/framework/bfc_allocator.cc:1095] InUse at 7fc628e10200 of size 512 next 203
2025-06-15 03:48:53.021782: I external/local_tsl/tsl/framework/bfc_allocator.cc:1095] InUse at 7fc628e10400 of size 512 next 204
2025-06-15 03:48:53.022213: I external/local_tsl/tsl/framework/bfc_allocator.cc:1095] InUse at 7fc628e10600 of size 512 next 207
2025-06-15 03:48:53.022686: I external/local_tsl/tsl/framework/bfc_allocator.cc:1095] InUse at 7fc628e10800 of size 512 next 208
2025-06-15 03:48:53.023107: I external/local_tsl/tsl/framework/bfc_allocator.cc:1095] InUse at 7fc628e10a00 of size 512 next 209
2025-06-15 03:48:53.023553: I external/local_tsl/tsl/framework/bfc_allocator.cc:1095] InUse at 7fc628e10c00 of size 512 next 210
2025-06-15 03:48:53.023976: I external/local_tsl/tsl/framework/bfc_allocator.cc:1095] InUse at 7fc628e10e00 of size 512 next 211
2025-06-15 03:48:53.024435: I external/local_tsl/tsl/framework/bfc_allocator.cc:1095] InUse at 7fc628e11000 of size 512 next 212
2025-06-15 03:48:53.024853: I external/local_tsl/tsl/framework/bfc_allocator.cc:1095] InUse at 7fc628e11200 of size 256 next 215
2025-06-15 03:48:53.025292: I external/local_tsl/tsl/framework/bfc_allocator.cc:1095] InUse at 7fc628e11300 of size 256 next 216
2025-06-15 03:48:53.025762: I external/local_tsl/tsl/framework/bfc_allocator.cc:1095] InUse at 7fc628e11400 of size 256 next 219
2025-06-15 03:48:53.026243: I external/local_tsl/tsl/framework/bfc_allocator.cc:1095] InUse at 7fc628e11500 of size 256 next 220
2025-06-15 03:48:53.026664: I external/local_tsl/tsl/framework/bfc_allocator.cc:1095] InUse at 7fc628e11600 of size 256 next 221
2025-06-15 03:48:53.027081: I external/local_tsl/tsl/framework/bfc_allocator.cc:1095] InUse at 7fc628e11700 of size 256 next 222
2025-06-15 03:48:53.027516: I external/local_tsl/tsl/framework/bfc_allocator.cc:1095] InUse at 7fc628e11800 of size 256 next 223
2025-06-15 03:48:53.027969: I external/local_tsl/tsl/framework/bfc_allocator.cc:1095] InUse at 7fc628e11900 of size 256 next 224
2025-06-15 03:48:53.028385: I external/local_tsl/tsl/framework/bfc_allocator.cc:1095] InUse at 7fc628e11a00 of size 256 next 227
2025-06-15 03:48:53.028825: I external/local_tsl/tsl/framework/bfc_allocator.cc:1095] InUse at 7fc628e11b00 of size 256 next 228
2025-06-15 03:48:53.029258: I external/local_tsl/tsl/framework/bfc_allocator.cc:1095] InUse at 7fc628e11c00 of size 256 next 229
2025-06-15 03:48:53.029689: I external/local_tsl/tsl/framework/bfc_allocator.cc:1095] InUse at 7fc628e11d00 of size 256 next 230
2025-06-15 03:48:53.030131: I external/local_tsl/tsl/framework/bfc_allocator.cc:1095] InUse at 7fc628e11e00 of size 256 next 231
2025-06-15 03:48:53.030559: I external/local_tsl/tsl/framework/bfc_allocator.cc:1095] InUse at 7fc628e11f00 of size 256 next 232
2025-06-15 03:48:53.030990: I external/local_tsl/tsl/framework/bfc_allocator.cc:1095] InUse at 7fc628e12000 of size 65536 next 233
2025-06-15 03:48:53.031360: I external/local_tsl/tsl/framework/bfc_allocator.cc:1095] InUse at 7fc628e22000 of size 95232 next 19
2025-06-15 03:48:53.031776: I external/local_tsl/tsl/framework/bfc_allocator.cc:1095] InUse at 7fc628e39400 of size 110592 next 18
2025-06-15 03:48:53.032108: I external/local_tsl/tsl/framework/bfc_allocator.cc:1095] InUse at 7fc628e54400 of size 65536 next 115
2025-06-15 03:48:53.032456: I external/local_tsl/tsl/framework/bfc_allocator.cc:1095] InUse at 7fc628e64400 of size 256 next 112
2025-06-15 03:48:53.032941: I external/local_tsl/tsl/framework/bfc_allocator.cc:1095] InUse at 7fc628e64500 of size 256 next 114
2025-06-15 03:48:53.033379: I external/local_tsl/tsl/framework/bfc_allocator.cc:1095] InUse at 7fc628e64600 of size 256 next 113
2025-06-15 03:48:53.033799: I external/local_tsl/tsl/framework/bfc_allocator.cc:1095] InUse at 7fc628e64700 of size 256 next 111
2025-06-15 03:48:53.034218: I external/local_tsl/tsl/framework/bfc_allocator.cc:1095] InUse at 7fc628e64800 of size 256 next 117
2025-06-15 03:48:53.034654: I external/local_tsl/tsl/framework/bfc_allocator.cc:1095] InUse at 7fc628e64900 of size 256 next 118
2025-06-15 03:48:53.035079: I external/local_tsl/tsl/framework/bfc_allocator.cc:1095] InUse at 7fc628e64a00 of size 256 next 120
2025-06-15 03:48:53.035494: I external/local_tsl/tsl/framework/bfc_allocator.cc:1095] InUse at 7fc628e64b00 of size 256 next 119
2025-06-15 03:48:53.035908: I external/local_tsl/tsl/framework/bfc_allocator.cc:1095] InUse at 7fc628e64c00 of size 256 next 121
2025-06-15 03:48:53.036372: I external/local_tsl/tsl/framework/bfc_allocator.cc:1095] InUse at 7fc628e64d00 of size 256 next 123
2025-06-15 03:48:53.036786: I external/local_tsl/tsl/framework/bfc_allocator.cc:1095] InUse at 7fc628e64e00 of size 256 next 124
2025-06-15 03:48:53.037202: I external/local_tsl/tsl/framework/bfc_allocator.cc:1095] InUse at 7fc628e64f00 of size 256 next 125
2025-06-15 03:48:53.037628: I external/local_tsl/tsl/framework/bfc_allocator.cc:1095] InUse at 7fc628e65000 of size 256 next 126
2025-06-15 03:48:53.038079: I external/local_tsl/tsl/framework/bfc_allocator.cc:1095] InUse at 7fc628e65100 of size 256 next 128
2025-06-15 03:48:53.038517: I external/local_tsl/tsl/framework/bfc_allocator.cc:1095] InUse at 7fc628e65200 of size 256 next 127
2025-06-15 03:48:53.038941: I external/local_tsl/tsl/framework/bfc_allocator.cc:1095] InUse at 7fc628e65300 of size 256 next 129
2025-06-15 03:48:53.039383: I external/local_tsl/tsl/framework/bfc_allocator.cc:1095] InUse at 7fc628e65400 of size 256 next 130
2025-06-15 03:48:53.039855: I external/local_tsl/tsl/framework/bfc_allocator.cc:1095] InUse at 7fc628e65500 of size 256 next 131
2025-06-15 03:48:53.040271: I external/local_tsl/tsl/framework/bfc_allocator.cc:1095] InUse at 7fc628e65600 of size 256 next 132
2025-06-15 03:48:53.040703: I external/local_tsl/tsl/framework/bfc_allocator.cc:1095] InUse at 7fc628e65700 of size 256 next 133
2025-06-15 03:48:53.041136: I external/local_tsl/tsl/framework/bfc_allocator.cc:1095] InUse at 7fc628e65800 of size 256 next 137
2025-06-15 03:48:53.041567: I external/local_tsl/tsl/framework/bfc_allocator.cc:1095] InUse at 7fc628e65900 of size 256 next 136
2025-06-15 03:48:53.041969: I external/local_tsl/tsl/framework/bfc_allocator.cc:1095] InUse at 7fc628e65a00 of size 3584 next 138
2025-06-15 03:48:53.042389: I external/local_tsl/tsl/framework/bfc_allocator.cc:1095] InUse at 7fc628e66800 of size 3584 next 139
2025-06-15 03:48:53.042814: I external/local_tsl/tsl/framework/bfc_allocator.cc:1095] InUse at 7fc628e67600 of size 256 next 140
2025-06-15 03:48:53.043329: I external/local_tsl/tsl/framework/bfc_allocator.cc:1095] InUse at 7fc628e67700 of size 256 next 141
2025-06-15 03:48:53.043823: I external/local_tsl/tsl/framework/bfc_allocator.cc:1095] InUse at 7fc628e67800 of size 256 next 142
2025-06-15 03:48:53.044241: I external/local_tsl/tsl/framework/bfc_allocator.cc:1095] InUse at 7fc628e67900 of size 256 next 143
2025-06-15 03:48:53.044674: I external/local_tsl/tsl/framework/bfc_allocator.cc:1095] InUse at 7fc628e67a00 of size 256 next 144
2025-06-15 03:48:53.045130: I external/local_tsl/tsl/framework/bfc_allocator.cc:1095] InUse at 7fc628e67b00 of size 256 next 145
2025-06-15 03:48:53.045692: I external/local_tsl/tsl/framework/bfc_allocator.cc:1095] InUse at 7fc628e67c00 of size 141312 next 27
2025-06-15 03:48:53.046292: I external/local_tsl/tsl/framework/bfc_allocator.cc:1095] InUse at 7fc628e8a400 of size 221184 next 26
2025-06-15 03:48:53.046741: I external/local_tsl/tsl/framework/bfc_allocator.cc:1095] InUse at 7fc628ec0400 of size 442368 next 159
2025-06-15 03:48:53.047088: I external/local_tsl/tsl/framework/bfc_allocator.cc:1095] InUse at 7fc628f2c400 of size 867328 next 18446744073709551615
2025-06-15 03:48:53.047435: I external/local_tsl/tsl/framework/bfc_allocator.cc:1075] Next region of size 4194304
2025-06-15 03:48:53.047843: I external/local_tsl/tsl/framework/bfc_allocator.cc:1095] InUse at 7fc629400000 of size 442368 next 37
2025-06-15 03:48:53.048205: I external/local_tsl/tsl/framework/bfc_allocator.cc:1095] InUse at 7fc62946c000 of size 221184 next 116
2025-06-15 03:48:53.048579: I external/local_tsl/tsl/framework/bfc_allocator.cc:1095] InUse at 7fc6294a2000 of size 110592 next 122
2025-06-15 03:48:53.048910: I external/local_tsl/tsl/framework/bfc_allocator.cc:1095] InUse at 7fc6294bd000 of size 192512 next 99
2025-06-15 03:48:53.049270: I external/local_tsl/tsl/framework/bfc_allocator.cc:1095] InUse at 7fc6294ec000 of size 360448 next 44
2025-06-15 03:48:53.049644: I external/local_tsl/tsl/framework/bfc_allocator.cc:1095] InUse at 7fc629544000 of size 884736 next 43
2025-06-15 03:48:53.049992: I external/local_tsl/tsl/framework/bfc_allocator.cc:1095] InUse at 7fc62961c000 of size 1982464 next 18446744073709551615
2025-06-15 03:48:53.050353: I external/local_tsl/tsl/framework/bfc_allocator.cc:1075] Next region of size 8388608
2025-06-15 03:48:53.050788: I external/local_tsl/tsl/framework/bfc_allocator.cc:1095] InUse at 7fc629800000 of size 884736 next 166
2025-06-15 03:48:53.051112: I external/local_tsl/tsl/framework/bfc_allocator.cc:1095] InUse at 7fc6298d8000 of size 884736 next 54
2025-06-15 03:48:53.051478: I external/local_tsl/tsl/framework/bfc_allocator.cc:1095] InUse at 7fc6299b0000 of size 1769472 next 52
2025-06-15 03:48:53.051877: I external/local_tsl/tsl/framework/bfc_allocator.cc:1095] InUse at 7fc629b60000 of size 4849664 next 18446744073709551615
2025-06-15 03:48:53.052237: I external/local_tsl/tsl/framework/bfc_allocator.cc:1100]      Summary of in-use Chunks by size: 
2025-06-15 03:48:53.052650: I external/local_tsl/tsl/framework/bfc_allocator.cc:1103] 155 Chunks of size 256 totalling 38.8KiB
2025-06-15 03:48:53.053075: I external/local_tsl/tsl/framework/bfc_allocator.cc:1103] 55 Chunks of size 512 totalling 27.5KiB
2025-06-15 03:48:53.053503: I external/local_tsl/tsl/framework/bfc_allocator.cc:1103] 26 Chunks of size 1024 totalling 26.0KiB
2025-06-15 03:48:53.053926: I external/local_tsl/tsl/framework/bfc_allocator.cc:1103] 1 Chunks of size 1280 totalling 1.2KiB
2025-06-15 03:48:53.054388: I external/local_tsl/tsl/framework/bfc_allocator.cc:1103] 3 Chunks of size 3584 totalling 10.5KiB
2025-06-15 03:48:53.054811: I external/local_tsl/tsl/framework/bfc_allocator.cc:1103] 2 Chunks of size 65536 totalling 128.0KiB
2025-06-15 03:48:53.055245: I external/local_tsl/tsl/framework/bfc_allocator.cc:1103] 1 Chunks of size 95232 totalling 93.0KiB
2025-06-15 03:48:53.055675: I external/local_tsl/tsl/framework/bfc_allocator.cc:1103] 4 Chunks of size 110592 totalling 432.0KiB
2025-06-15 03:48:53.056150: I external/local_tsl/tsl/framework/bfc_allocator.cc:1103] 1 Chunks of size 141312 totalling 138.0KiB
2025-06-15 03:48:53.056578: I external/local_tsl/tsl/framework/bfc_allocator.cc:1103] 1 Chunks of size 192512 totalling 188.0KiB
2025-06-15 03:48:53.057014: I external/local_tsl/tsl/framework/bfc_allocator.cc:1103] 6 Chunks of size 221184 totalling 1.27MiB
2025-06-15 03:48:53.057455: I external/local_tsl/tsl/framework/bfc_allocator.cc:1103] 2 Chunks of size 262144 totalling 512.0KiB
2025-06-15 03:48:53.057923: I external/local_tsl/tsl/framework/bfc_allocator.cc:1103] 1 Chunks of size 360448 totalling 352.0KiB
2025-06-15 03:48:53.058356: I external/local_tsl/tsl/framework/bfc_allocator.cc:1103] 5 Chunks of size 442368 totalling 2.11MiB
2025-06-15 03:48:53.058766: I external/local_tsl/tsl/framework/bfc_allocator.cc:1103] 1 Chunks of size 867328 totalling 847.0KiB
2025-06-15 03:48:53.059191: I external/local_tsl/tsl/framework/bfc_allocator.cc:1103] 6 Chunks of size 884736 totalling 5.06MiB
2025-06-15 03:48:53.059645: I external/local_tsl/tsl/framework/bfc_allocator.cc:1103] 2 Chunks of size 1048576 totalling 2.00MiB
2025-06-15 03:48:53.060097: I external/local_tsl/tsl/framework/bfc_allocator.cc:1103] 6 Chunks of size 1769472 totalling 10.12MiB
2025-06-15 03:48:53.060533: I external/local_tsl/tsl/framework/bfc_allocator.cc:1103] 1 Chunks of size 1982464 totalling 1.89MiB
2025-06-15 03:48:53.060955: I external/local_tsl/tsl/framework/bfc_allocator.cc:1103] 4 Chunks of size 3538944 totalling 13.50MiB
2025-06-15 03:48:53.061418: I external/local_tsl/tsl/framework/bfc_allocator.cc:1103] 1 Chunks of size 4063232 totalling 3.88MiB
2025-06-15 03:48:53.061845: I external/local_tsl/tsl/framework/bfc_allocator.cc:1103] 1 Chunks of size 4849664 totalling 4.62MiB
2025-06-15 03:48:53.062268: I external/local_tsl/tsl/framework/bfc_allocator.cc:1103] 2 Chunks of size 7077888 totalling 13.50MiB
2025-06-15 03:48:53.062693: I external/local_tsl/tsl/framework/bfc_allocator.cc:1103] 1 Chunks of size 12320768 totalling 11.75MiB
2025-06-15 03:48:53.063078: I external/local_tsl/tsl/framework/bfc_allocator.cc:1103] 2 Chunks of size 15138816 totalling 28.88MiB
2025-06-15 03:48:53.063431: I external/local_tsl/tsl/framework/bfc_allocator.cc:1103] 4 Chunks of size 30277632 totalling 115.50MiB
2025-06-15 03:48:53.063764: I external/local_tsl/tsl/framework/bfc_allocator.cc:1103] 2 Chunks of size 60555264 totalling 115.50MiB
2025-06-15 03:48:53.064109: I external/local_tsl/tsl/framework/bfc_allocator.cc:1103] 1 Chunks of size 73662464 totalling 70.25MiB
2025-06-15 03:48:53.064498: I external/local_tsl/tsl/framework/bfc_allocator.cc:1103] 1 Chunks of size 116654080 totalling 111.25MiB
2025-06-15 03:48:53.064828: I external/local_tsl/tsl/framework/bfc_allocator.cc:1103] 6 Chunks of size 121110528 totalling 693.00MiB
2025-06-15 03:48:53.065199: I external/local_tsl/tsl/framework/bfc_allocator.cc:1103] 2 Chunks of size 209715200 totalling 400.00MiB
2025-06-15 03:48:53.065567: I external/local_tsl/tsl/framework/bfc_allocator.cc:1103] 3 Chunks of size 242221056 totalling 693.00MiB
2025-06-15 03:48:53.066026: I external/local_tsl/tsl/framework/bfc_allocator.cc:1103] 8 Chunks of size 484442112 totalling 3.61GiB
2025-06-15 03:48:53.066525: I external/local_tsl/tsl/framework/bfc_allocator.cc:1103] 1 Chunks of size 968884224 totalling 924.00MiB
2025-06-15 03:48:53.066919: I external/local_tsl/tsl/framework/bfc_allocator.cc:1103] 6 Chunks of size 1937768448 totalling 10.83GiB
2025-06-15 03:48:53.067373: I external/local_tsl/tsl/framework/bfc_allocator.cc:1107] Sum Total of in-use chunks: 17.58GiB
2025-06-15 03:48:53.067834: I external/local_tsl/tsl/framework/bfc_allocator.cc:1109] Total bytes in pool: 23575789568 memory_limit_: 23575789568 available bytes: 0 curr_region_allocation_bytes_: 34359738368
2025-06-15 03:48:53.068185: I external/local_tsl/tsl/framework/bfc_allocator.cc:1114] Stats: 
Limit:                     23575789568
InUse:                     18882553856
MaxInUse:                  22800760320
NumAllocs:                         912
MaxAllocSize:               4135495424
Reserved:                            0
PeakReserved:                        0
LargestFreeBlock:                    0

2025-06-15 03:48:53.068563: W external/local_tsl/tsl/framework/bfc_allocator.cc:497] ________*********________************************************_**************************************
2025-06-15 03:48:53.068921: W tensorflow/core/framework/op_kernel.cc:1839] OP_REQUIRES failed at concat_op.cc:165 : RESOURCE_EXHAUSTED: OOM when allocating tensor with shape[2,64,192,224,176] and type float on /job:localhost/replica:0/task:0/device:GPU:0 by allocator GPU_0_bfc
Traceback (most recent call last):
  File "/mnt/beegfs/hellgate/home/rb194958e/stroke_segmentation_sota/batch_wise_train.py", line 277, in <module>
    if main():
       ^^^^^^
  File "/mnt/beegfs/hellgate/home/rb194958e/stroke_segmentation_sota/batch_wise_train.py", line 256, in main
    history = model.fit(
              ^^^^^^^^^^
  File "/mnt/beegfs/hellgate/home/rb194958e/.conda/envs/tf215_env/lib/python3.11/site-packages/keras/src/utils/traceback_utils.py", line 70, in error_handler
    raise e.with_traceback(filtered_tb) from None
  File "/mnt/beegfs/hellgate/home/rb194958e/.conda/envs/tf215_env/lib/python3.11/site-packages/tensorflow/python/eager/execute.py", line 53, in quick_execute
    tensors = pywrap_tfe.TFE_Py_Execute(ctx._handle, device_name, op_name,
  ^^^^^^^^^^^^^^^^^^^^^^^^^^^^^^^^^^^^^^^^^^^^^^^^^^^^^^^^^^^^^^^^^^^^^^^^
tensorflow.python.framework.errors_impl.ResourceExhaustedError: Graph execution error:

Detected at node model/concatenate_2/concat defined at (most recent call last):
  File "/mnt/beegfs/hellgate/home/rb194958e/stroke_segmentation_sota/batch_wise_train.py", line 277, in <module>

  File "/mnt/beegfs/hellgate/home/rb194958e/stroke_segmentation_sota/batch_wise_train.py", line 256, in main

  File "/mnt/beegfs/hellgate/home/rb194958e/.conda/envs/tf215_env/lib/python3.11/site-packages/keras/src/utils/traceback_utils.py", line 65, in error_handler

  File "/mnt/beegfs/hellgate/home/rb194958e/.conda/envs/tf215_env/lib/python3.11/site-packages/keras/src/engine/training.py", line 1807, in fit

  File "/mnt/beegfs/hellgate/home/rb194958e/.conda/envs/tf215_env/lib/python3.11/site-packages/keras/src/engine/training.py", line 1401, in train_function

  File "/mnt/beegfs/hellgate/home/rb194958e/.conda/envs/tf215_env/lib/python3.11/site-packages/keras/src/engine/training.py", line 1384, in step_function

  File "/mnt/beegfs/hellgate/home/rb194958e/.conda/envs/tf215_env/lib/python3.11/site-packages/keras/src/engine/training.py", line 1373, in run_step

  File "/mnt/beegfs/hellgate/home/rb194958e/.conda/envs/tf215_env/lib/python3.11/site-packages/keras/src/engine/training.py", line 1150, in train_step

  File "/mnt/beegfs/hellgate/home/rb194958e/.conda/envs/tf215_env/lib/python3.11/site-packages/keras/src/utils/traceback_utils.py", line 65, in error_handler

  File "/mnt/beegfs/hellgate/home/rb194958e/.conda/envs/tf215_env/lib/python3.11/site-packages/keras/src/engine/training.py", line 590, in __call__

  File "/mnt/beegfs/hellgate/home/rb194958e/.conda/envs/tf215_env/lib/python3.11/site-packages/keras/src/utils/traceback_utils.py", line 65, in error_handler

  File "/mnt/beegfs/hellgate/home/rb194958e/.conda/envs/tf215_env/lib/python3.11/site-packages/keras/src/engine/base_layer.py", line 1149, in __call__

  File "/mnt/beegfs/hellgate/home/rb194958e/.conda/envs/tf215_env/lib/python3.11/site-packages/keras/src/utils/traceback_utils.py", line 96, in error_handler

  File "/mnt/beegfs/hellgate/home/rb194958e/.conda/envs/tf215_env/lib/python3.11/site-packages/keras/src/engine/functional.py", line 515, in call

  File "/mnt/beegfs/hellgate/home/rb194958e/.conda/envs/tf215_env/lib/python3.11/site-packages/keras/src/engine/functional.py", line 672, in _run_internal_graph

  File "/mnt/beegfs/hellgate/home/rb194958e/.conda/envs/tf215_env/lib/python3.11/site-packages/keras/src/utils/traceback_utils.py", line 65, in error_handler

  File "/mnt/beegfs/hellgate/home/rb194958e/.conda/envs/tf215_env/lib/python3.11/site-packages/keras/src/engine/base_layer.py", line 1149, in __call__

  File "/mnt/beegfs/hellgate/home/rb194958e/.conda/envs/tf215_env/lib/python3.11/site-packages/keras/src/utils/traceback_utils.py", line 96, in error_handler

  File "/mnt/beegfs/hellgate/home/rb194958e/.conda/envs/tf215_env/lib/python3.11/site-packages/keras/src/layers/merging/base_merge.py", line 196, in call

  File "/mnt/beegfs/hellgate/home/rb194958e/.conda/envs/tf215_env/lib/python3.11/site-packages/keras/src/layers/merging/concatenate.py", line 134, in _merge_function

  File "/mnt/beegfs/hellgate/home/rb194958e/.conda/envs/tf215_env/lib/python3.11/site-packages/keras/src/backend.py", line 3580, in concatenate

OOM when allocating tensor with shape[2,64,192,224,176] and type float on /job:localhost/replica:0/task:0/device:GPU:0 by allocator GPU_0_bfc
	 [[{{node model/concatenate_2/concat}}]]
Hint: If you want to see a list of allocated tensors when OOM happens, add report_tensor_allocations_upon_oom to RunOptions for current allocation info. This isn't available when running in Eager mode.
 [Op:__inference_train_function_7309]
2025-06-15 03:48:53.231794: W tensorflow/core/kernels/data/generator_dataset_op.cc:108] Error occurred when finalizing GeneratorDataset iterator: FAILED_PRECONDITION: Python interpreter state is not initialized. The process may be terminated.
	 [[{{node PyFunc}}]]
/var/spool/slurmd/job1124294/slurm_script: line 320: EOF: command not found
/var/spool/slurmd/job1124294/slurm_script: line 330: unexpected EOF while looking for matching ``'
/var/spool/slurmd/job1124294/slurm_script: line 339: syntax error: unexpected end of file
