2025-06-15 02:32:25.565233: I tensorflow/core/util/port.cc:113] oneDNN custom operations are on. You may see slightly different numerical results due to floating-point round-off errors from different computation orders. To turn them off, set the environment variable `TF_ENABLE_ONEDNN_OPTS=0`.
2025-06-15 02:32:26.314545: E external/local_xla/xla/stream_executor/cuda/cuda_dnn.cc:9261] Unable to register cuDNN factory: Attempting to register factory for plugin cuDNN when one has already been registered
2025-06-15 02:32:26.315255: E external/local_xla/xla/stream_executor/cuda/cuda_fft.cc:607] Unable to register cuFFT factory: Attempting to register factory for plugin cuFFT when one has already been registered
2025-06-15 02:32:26.430816: E external/local_xla/xla/stream_executor/cuda/cuda_blas.cc:1515] Unable to register cuBLAS factory: Attempting to register factory for plugin cuBLAS when one has already been registered
2025-06-15 02:32:26.688880: I tensorflow/core/platform/cpu_feature_guard.cc:182] This TensorFlow binary is optimized to use available CPU instructions in performance-critical operations.
To enable the following instructions: AVX2 AVX512F AVX512_VNNI FMA, in other operations, rebuild TensorFlow with the appropriate compiler flags.
2025-06-15 02:32:33.495509: W tensorflow/compiler/tf2tensorrt/utils/py_utils.cc:38] TF-TRT Warning: Could not find TensorRT
INFO:__main__:🚀 Starting Stroke Lesion Segmentation Training
INFO:__main__:Using 1 GPU(s)
INFO:__main__:Creating data generators...
INFO:__main__:Found 655 valid image/mask pairs
INFO:__main__:Found 655 valid image/mask pairs
INFO:__main__:Training batches: 262
INFO:__main__:Validation batches: 65
INFO:__main__:Building model...
2025-06-15 02:32:48.141682: I tensorflow/core/common_runtime/gpu/gpu_device.cc:1929] Created device /job:localhost/replica:0/task:0/device:GPU:0 with 22483 MB memory:  -> device: 0, name: NVIDIA RTX 4500 Ada Generation, pci bus id: 0000:1c:00.0, compute capability: 8.9
INFO:__main__:Model parameters: 5,605,345
INFO:__main__:Starting training...
pixdim[0] (qfac) should be 1 (default) or -1; setting qfac to 1
INFO:nibabel.global:pixdim[0] (qfac) should be 1 (default) or -1; setting qfac to 1
pixdim[0] (qfac) should be 1 (default) or -1; setting qfac to 1
INFO:nibabel.global:pixdim[0] (qfac) should be 1 (default) or -1; setting qfac to 1
pixdim[0] (qfac) should be 1 (default) or -1; setting qfac to 1
INFO:nibabel.global:pixdim[0] (qfac) should be 1 (default) or -1; setting qfac to 1
pixdim[0] (qfac) should be 1 (default) or -1; setting qfac to 1
INFO:nibabel.global:pixdim[0] (qfac) should be 1 (default) or -1; setting qfac to 1
2025-06-15 02:32:55.837388: I external/local_xla/xla/stream_executor/cuda/cuda_dnn.cc:454] Loaded cuDNN version 8907
pixdim[0] (qfac) should be 1 (default) or -1; setting qfac to 1
INFO:nibabel.global:pixdim[0] (qfac) should be 1 (default) or -1; setting qfac to 1
pixdim[0] (qfac) should be 1 (default) or -1; setting qfac to 1
INFO:nibabel.global:pixdim[0] (qfac) should be 1 (default) or -1; setting qfac to 1
pixdim[0] (qfac) should be 1 (default) or -1; setting qfac to 1
INFO:nibabel.global:pixdim[0] (qfac) should be 1 (default) or -1; setting qfac to 1
pixdim[0] (qfac) should be 1 (default) or -1; setting qfac to 1
INFO:nibabel.global:pixdim[0] (qfac) should be 1 (default) or -1; setting qfac to 1
2025-06-15 02:33:12.280964: W external/local_tsl/tsl/framework/bfc_allocator.cc:296] Allocator (GPU_0_bfc) ran out of memory trying to allocate 2.27GiB with freed_by_count=0. The caller indicates that this is not a failure, but this may mean that there could be performance gains if more memory were available.
2025-06-15 02:33:12.382934: W external/local_tsl/tsl/framework/bfc_allocator.cc:296] Allocator (GPU_0_bfc) ran out of memory trying to allocate 2.30GiB with freed_by_count=0. The caller indicates that this is not a failure, but this may mean that there could be performance gains if more memory were available.
2025-06-15 02:33:12.384053: W external/local_tsl/tsl/framework/bfc_allocator.cc:296] Allocator (GPU_0_bfc) ran out of memory trying to allocate 2.27GiB with freed_by_count=0. The caller indicates that this is not a failure, but this may mean that there could be performance gains if more memory were available.
2025-06-15 02:33:13.005895: W external/local_tsl/tsl/framework/bfc_allocator.cc:296] Allocator (GPU_0_bfc) ran out of memory trying to allocate 2.27GiB with freed_by_count=0. The caller indicates that this is not a failure, but this may mean that there could be performance gains if more memory were available.
2025-06-15 02:33:13.059372: W external/local_tsl/tsl/framework/bfc_allocator.cc:296] Allocator (GPU_0_bfc) ran out of memory trying to allocate 2.30GiB with freed_by_count=0. The caller indicates that this is not a failure, but this may mean that there could be performance gains if more memory were available.
2025-06-15 02:33:13.060293: W external/local_tsl/tsl/framework/bfc_allocator.cc:296] Allocator (GPU_0_bfc) ran out of memory trying to allocate 2.27GiB with freed_by_count=0. The caller indicates that this is not a failure, but this may mean that there could be performance gains if more memory were available.
2025-06-15 02:33:23.681476: W external/local_tsl/tsl/framework/bfc_allocator.cc:485] Allocator (GPU_0_bfc) ran out of memory trying to allocate 3.61GiB (rounded to 3875536896)requested by op model/concatenate_2/concat
If the cause is memory fragmentation maybe the environment variable 'TF_GPU_ALLOCATOR=cuda_malloc_async' will improve the situation. 
Current allocation summary follows.
Current allocation summary follows.
2025-06-15 02:33:23.682186: I external/local_tsl/tsl/framework/bfc_allocator.cc:1039] BFCAllocator dump for GPU_0_bfc
2025-06-15 02:33:23.682803: I external/local_tsl/tsl/framework/bfc_allocator.cc:1046] Bin (256): 	Total Chunks: 155, Chunks in use: 155. 38.8KiB allocated for chunks. 38.8KiB in use in bin. 20.7KiB client-requested in use in bin.
2025-06-15 02:33:23.683306: I external/local_tsl/tsl/framework/bfc_allocator.cc:1046] Bin (512): 	Total Chunks: 56, Chunks in use: 55. 28.2KiB allocated for chunks. 27.8KiB in use in bin. 27.5KiB client-requested in use in bin.
2025-06-15 02:33:23.683829: I external/local_tsl/tsl/framework/bfc_allocator.cc:1046] Bin (1024): 	Total Chunks: 27, Chunks in use: 27. 27.2KiB allocated for chunks. 27.2KiB in use in bin. 27.0KiB client-requested in use in bin.
2025-06-15 02:33:23.684301: I external/local_tsl/tsl/framework/bfc_allocator.cc:1046] Bin (2048): 	Total Chunks: 3, Chunks in use: 3. 10.5KiB allocated for chunks. 10.5KiB in use in bin. 10.1KiB client-requested in use in bin.
2025-06-15 02:33:23.684859: I external/local_tsl/tsl/framework/bfc_allocator.cc:1046] Bin (4096): 	Total Chunks: 0, Chunks in use: 0. 0B allocated for chunks. 0B in use in bin. 0B client-requested in use in bin.
2025-06-15 02:33:23.685267: I external/local_tsl/tsl/framework/bfc_allocator.cc:1046] Bin (8192): 	Total Chunks: 0, Chunks in use: 0. 0B allocated for chunks. 0B in use in bin. 0B client-requested in use in bin.
2025-06-15 02:33:23.685703: I external/local_tsl/tsl/framework/bfc_allocator.cc:1046] Bin (16384): 	Total Chunks: 0, Chunks in use: 0. 0B allocated for chunks. 0B in use in bin. 0B client-requested in use in bin.
2025-06-15 02:33:23.686064: I external/local_tsl/tsl/framework/bfc_allocator.cc:1046] Bin (32768): 	Total Chunks: 0, Chunks in use: 0. 0B allocated for chunks. 0B in use in bin. 0B client-requested in use in bin.
2025-06-15 02:33:23.686428: I external/local_tsl/tsl/framework/bfc_allocator.cc:1046] Bin (65536): 	Total Chunks: 7, Chunks in use: 7. 653.0KiB allocated for chunks. 653.0KiB in use in bin. 624.0KiB client-requested in use in bin.
2025-06-15 02:33:23.686821: I external/local_tsl/tsl/framework/bfc_allocator.cc:1046] Bin (131072): 	Total Chunks: 8, Chunks in use: 8. 1.58MiB allocated for chunks. 1.58MiB in use in bin. 1.48MiB client-requested in use in bin.
2025-06-15 02:33:23.687170: I external/local_tsl/tsl/framework/bfc_allocator.cc:1046] Bin (262144): 	Total Chunks: 8, Chunks in use: 8. 2.95MiB allocated for chunks. 2.95MiB in use in bin. 2.86MiB client-requested in use in bin.
2025-06-15 02:33:23.687506: I external/local_tsl/tsl/framework/bfc_allocator.cc:1046] Bin (524288): 	Total Chunks: 7, Chunks in use: 7. 5.89MiB allocated for chunks. 5.89MiB in use in bin. 5.48MiB client-requested in use in bin.
2025-06-15 02:33:23.687889: I external/local_tsl/tsl/framework/bfc_allocator.cc:1046] Bin (1048576): 	Total Chunks: 9, Chunks in use: 9. 14.02MiB allocated for chunks. 14.02MiB in use in bin. 13.12MiB client-requested in use in bin.
2025-06-15 02:33:23.688233: I external/local_tsl/tsl/framework/bfc_allocator.cc:1046] Bin (2097152): 	Total Chunks: 5, Chunks in use: 5. 17.38MiB allocated for chunks. 17.38MiB in use in bin. 16.88MiB client-requested in use in bin.
2025-06-15 02:33:23.688565: I external/local_tsl/tsl/framework/bfc_allocator.cc:1046] Bin (4194304): 	Total Chunks: 3, Chunks in use: 3. 18.12MiB allocated for chunks. 18.12MiB in use in bin. 16.88MiB client-requested in use in bin.
2025-06-15 02:33:23.688914: I external/local_tsl/tsl/framework/bfc_allocator.cc:1046] Bin (8388608): 	Total Chunks: 3, Chunks in use: 3. 40.62MiB allocated for chunks. 40.62MiB in use in bin. 35.62MiB client-requested in use in bin.
2025-06-15 02:33:23.689237: I external/local_tsl/tsl/framework/bfc_allocator.cc:1046] Bin (16777216): 	Total Chunks: 5, Chunks in use: 4. 140.19MiB allocated for chunks. 115.50MiB in use in bin. 115.50MiB client-requested in use in bin.
2025-06-15 02:33:23.689571: I external/local_tsl/tsl/framework/bfc_allocator.cc:1046] Bin (33554432): 	Total Chunks: 2, Chunks in use: 2. 115.50MiB allocated for chunks. 115.50MiB in use in bin. 115.50MiB client-requested in use in bin.
2025-06-15 02:33:23.689893: I external/local_tsl/tsl/framework/bfc_allocator.cc:1046] Bin (67108864): 	Total Chunks: 8, Chunks in use: 8. 874.50MiB allocated for chunks. 874.50MiB in use in bin. 808.50MiB client-requested in use in bin.
2025-06-15 02:33:23.690233: I external/local_tsl/tsl/framework/bfc_allocator.cc:1046] Bin (134217728): 	Total Chunks: 5, Chunks in use: 5. 1.07GiB allocated for chunks. 1.07GiB in use in bin. 924.00MiB client-requested in use in bin.
2025-06-15 02:33:23.690558: I external/local_tsl/tsl/framework/bfc_allocator.cc:1046] Bin (268435456): 	Total Chunks: 18, Chunks in use: 15. 19.69GiB allocated for chunks. 15.34GiB in use in bin. 15.34GiB client-requested in use in bin.
2025-06-15 02:33:23.690885: I external/local_tsl/tsl/framework/bfc_allocator.cc:1062] Bin for 3.61GiB was 256.00MiB, Chunk State: 
2025-06-15 02:33:23.691180: I external/local_tsl/tsl/framework/bfc_allocator.cc:1068]   Size: 453.50MiB | Requested Size: 16.00MiB | in_use: 0 | bin_num: 20, prev:   Size: 462.00MiB | Requested Size: 462.00MiB | in_use: 1 | bin_num: -1
2025-06-15 02:33:23.691497: I external/local_tsl/tsl/framework/bfc_allocator.cc:1068]   Size: 1.80GiB | Requested Size: 1.80GiB | in_use: 0 | bin_num: 20, next:   Size: 1.80GiB | Requested Size: 1.80GiB | in_use: 1 | bin_num: -1
2025-06-15 02:33:23.691820: I external/local_tsl/tsl/framework/bfc_allocator.cc:1068]   Size: 2.10GiB | Requested Size: 1.82GiB | in_use: 0 | bin_num: 20, prev:   Size: 1.80GiB | Requested Size: 1.80GiB | in_use: 1 | bin_num: -1
2025-06-15 02:33:23.692126: I external/local_tsl/tsl/framework/bfc_allocator.cc:1075] Next region of size 6129582080
2025-06-15 02:33:23.692535: I external/local_tsl/tsl/framework/bfc_allocator.cc:1095] Free  at 7fcbaa000000 of size 1937768448 next 107
2025-06-15 02:33:23.692900: I external/local_tsl/tsl/framework/bfc_allocator.cc:1095] InUse at 7fcc1d800000 of size 1937768448 next 329
2025-06-15 02:33:23.693261: I external/local_tsl/tsl/framework/bfc_allocator.cc:1095] Free  at 7fcc91000000 of size 2254045184 next 18446744073709551615
2025-06-15 02:33:23.693645: I external/local_tsl/tsl/framework/bfc_allocator.cc:1075] Next region of size 8589934592
2025-06-15 02:33:23.694114: I external/local_tsl/tsl/framework/bfc_allocator.cc:1095] InUse at 7fcd44000000 of size 1937768448 next 282
2025-06-15 02:33:23.694445: I external/local_tsl/tsl/framework/bfc_allocator.cc:1095] InUse at 7fcdb7800000 of size 242221056 next 283
2025-06-15 02:33:23.694765: I external/local_tsl/tsl/framework/bfc_allocator.cc:1095] InUse at 7fcdc5f00000 of size 484442112 next 284
2025-06-15 02:33:23.695116: I external/local_tsl/tsl/framework/bfc_allocator.cc:1095] InUse at 7fcde2d00000 of size 484442112 next 285
2025-06-15 02:33:23.695526: I external/local_tsl/tsl/framework/bfc_allocator.cc:1095] InUse at 7fcdffb00000 of size 484442112 next 29
2025-06-15 02:33:23.695907: I external/local_tsl/tsl/framework/bfc_allocator.cc:1095] InUse at 7fce1c900000 of size 484442112 next 289
2025-06-15 02:33:23.696317: I external/local_tsl/tsl/framework/bfc_allocator.cc:1095] InUse at 7fce39700000 of size 484442112 next 293
2025-06-15 02:33:23.696662: I external/local_tsl/tsl/framework/bfc_allocator.cc:1095] InUse at 7fce56500000 of size 121110528 next 47
2025-06-15 02:33:23.696959: I external/local_tsl/tsl/framework/bfc_allocator.cc:1095] InUse at 7fce5d880000 of size 121110528 next 296
2025-06-15 02:33:23.697325: I external/local_tsl/tsl/framework/bfc_allocator.cc:1095] InUse at 7fce64c00000 of size 121110528 next 300
2025-06-15 02:33:23.697653: I external/local_tsl/tsl/framework/bfc_allocator.cc:1095] InUse at 7fce6bf80000 of size 30277632 next 302
2025-06-15 02:33:23.697963: I external/local_tsl/tsl/framework/bfc_allocator.cc:1095] InUse at 7fce6dc60000 of size 30277632 next 303
2025-06-15 02:33:23.698269: I external/local_tsl/tsl/framework/bfc_allocator.cc:1095] InUse at 7fce6f940000 of size 30277632 next 66
2025-06-15 02:33:23.698601: I external/local_tsl/tsl/framework/bfc_allocator.cc:1095] InUse at 7fce71620000 of size 30277632 next 307
2025-06-15 02:33:23.698918: I external/local_tsl/tsl/framework/bfc_allocator.cc:1095] InUse at 7fce73300000 of size 121110528 next 76
2025-06-15 02:33:23.699216: I external/local_tsl/tsl/framework/bfc_allocator.cc:1095] InUse at 7fce7a680000 of size 121110528 next 312
2025-06-15 02:33:23.699526: I external/local_tsl/tsl/framework/bfc_allocator.cc:1095] InUse at 7fce81a00000 of size 242221056 next 311
2025-06-15 02:33:23.699868: I external/local_tsl/tsl/framework/bfc_allocator.cc:1095] InUse at 7fce90100000 of size 121110528 next 85
2025-06-15 02:33:23.700212: I external/local_tsl/tsl/framework/bfc_allocator.cc:1095] InUse at 7fce97480000 of size 484442112 next 325
2025-06-15 02:33:23.700524: I external/local_tsl/tsl/framework/bfc_allocator.cc:1095] InUse at 7fceb4280000 of size 484442112 next 320
2025-06-15 02:33:23.700820: I external/local_tsl/tsl/framework/bfc_allocator.cc:1095] InUse at 7fced1080000 of size 968884224 next 319
2025-06-15 02:33:23.701164: I external/local_tsl/tsl/framework/bfc_allocator.cc:1095] InUse at 7fcf0ac80000 of size 484442112 next 91
2025-06-15 02:33:23.701489: I external/local_tsl/tsl/framework/bfc_allocator.cc:1095] Free  at 7fcf27a80000 of size 475529216 next 18446744073709551615
2025-06-15 02:33:23.701787: I external/local_tsl/tsl/framework/bfc_allocator.cc:1075] Next region of size 4294967296
2025-06-15 02:33:23.702210: I external/local_tsl/tsl/framework/bfc_allocator.cc:1095] InUse at 7fcf66000000 of size 1937768448 next 11
2025-06-15 02:33:23.702528: I external/local_tsl/tsl/framework/bfc_allocator.cc:1095] InUse at 7fcfd9800000 of size 1937768448 next 277
2025-06-15 02:33:23.702871: I external/local_tsl/tsl/framework/bfc_allocator.cc:1095] InUse at 7fd04d000000 of size 242221056 next 20
2025-06-15 02:33:23.703187: I external/local_tsl/tsl/framework/bfc_allocator.cc:1095] InUse at 7fd05b700000 of size 60555264 next 38
2025-06-15 02:33:23.703502: I external/local_tsl/tsl/framework/bfc_allocator.cc:1095] InUse at 7fd05f0c0000 of size 116654080 next 18446744073709551615
2025-06-15 02:33:23.703810: I external/local_tsl/tsl/framework/bfc_allocator.cc:1075] Next region of size 2147483648
2025-06-15 02:33:23.704270: I external/local_tsl/tsl/framework/bfc_allocator.cc:1095] InUse at 7fd092000000 of size 1937768448 next 265
2025-06-15 02:33:23.704638: I external/local_tsl/tsl/framework/bfc_allocator.cc:1095] InUse at 7fd105800000 of size 209715200 next 18446744073709551615
2025-06-15 02:33:23.704953: I external/local_tsl/tsl/framework/bfc_allocator.cc:1075] Next region of size 2147483648
2025-06-15 02:33:23.705365: I external/local_tsl/tsl/framework/bfc_allocator.cc:1095] InUse at 7fd11c000000 of size 1937768448 next 267
2025-06-15 02:33:23.705740: I external/local_tsl/tsl/framework/bfc_allocator.cc:1095] InUse at 7fd18f800000 of size 209715200 next 18446744073709551615
2025-06-15 02:33:23.706060: I external/local_tsl/tsl/framework/bfc_allocator.cc:1075] Next region of size 134217728
2025-06-15 02:33:23.706497: I external/local_tsl/tsl/framework/bfc_allocator.cc:1095] InUse at 7fd22e000000 of size 60555264 next 264
2025-06-15 02:33:23.706859: I external/local_tsl/tsl/framework/bfc_allocator.cc:1095] InUse at 7fd2319c0000 of size 73662464 next 18446744073709551615
2025-06-15 02:33:23.707167: I external/local_tsl/tsl/framework/bfc_allocator.cc:1075] Next region of size 67108864
2025-06-15 02:33:23.707620: I external/local_tsl/tsl/framework/bfc_allocator.cc:1095] InUse at 7fd236000000 of size 3538944 next 198
2025-06-15 02:33:23.707984: I external/local_tsl/tsl/framework/bfc_allocator.cc:1095] InUse at 7fd236360000 of size 1769472 next 205
2025-06-15 02:33:23.708388: I external/local_tsl/tsl/framework/bfc_allocator.cc:1095] InUse at 7fd236510000 of size 1769472 next 206
2025-06-15 02:33:23.708716: I external/local_tsl/tsl/framework/bfc_allocator.cc:1095] InUse at 7fd2366c0000 of size 262144 next 213
2025-06-15 02:33:23.709022: I external/local_tsl/tsl/framework/bfc_allocator.cc:1095] InUse at 7fd236700000 of size 262144 next 214
2025-06-15 02:33:23.709360: I external/local_tsl/tsl/framework/bfc_allocator.cc:1095] InUse at 7fd236740000 of size 884736 next 217
2025-06-15 02:33:23.709680: I external/local_tsl/tsl/framework/bfc_allocator.cc:1095] InUse at 7fd236818000 of size 884736 next 218
2025-06-15 02:33:23.710002: I external/local_tsl/tsl/framework/bfc_allocator.cc:1095] InUse at 7fd2368f0000 of size 442368 next 225
2025-06-15 02:33:23.710357: I external/local_tsl/tsl/framework/bfc_allocator.cc:1095] InUse at 7fd23695c000 of size 442368 next 226
2025-06-15 02:33:23.710701: I external/local_tsl/tsl/framework/bfc_allocator.cc:1095] InUse at 7fd2369c8000 of size 256 next 234
2025-06-15 02:33:23.711091: I external/local_tsl/tsl/framework/bfc_allocator.cc:1095] InUse at 7fd2369c8100 of size 256 next 235
2025-06-15 02:33:23.711494: I external/local_tsl/tsl/framework/bfc_allocator.cc:1095] InUse at 7fd2369c8200 of size 221184 next 236
2025-06-15 02:33:23.711797: I external/local_tsl/tsl/framework/bfc_allocator.cc:1095] InUse at 7fd2369fe200 of size 221184 next 237
2025-06-15 02:33:23.712104: I external/local_tsl/tsl/framework/bfc_allocator.cc:1095] InUse at 7fd236a34200 of size 256 next 238
2025-06-15 02:33:23.712506: I external/local_tsl/tsl/framework/bfc_allocator.cc:1095] InUse at 7fd236a34300 of size 256 next 239
2025-06-15 02:33:23.712921: I external/local_tsl/tsl/framework/bfc_allocator.cc:1095] InUse at 7fd236a34400 of size 256 next 240
2025-06-15 02:33:23.713341: I external/local_tsl/tsl/framework/bfc_allocator.cc:1095] InUse at 7fd236a34500 of size 256 next 241
2025-06-15 02:33:23.713735: I external/local_tsl/tsl/framework/bfc_allocator.cc:1095] InUse at 7fd236a34600 of size 256 next 242
2025-06-15 02:33:23.714130: I external/local_tsl/tsl/framework/bfc_allocator.cc:1095] InUse at 7fd236a34700 of size 256 next 243
2025-06-15 02:33:23.714589: I external/local_tsl/tsl/framework/bfc_allocator.cc:1095] InUse at 7fd236a34800 of size 110592 next 244
2025-06-15 02:33:23.714918: I external/local_tsl/tsl/framework/bfc_allocator.cc:1095] InUse at 7fd236a4f800 of size 110592 next 245
2025-06-15 02:33:23.715228: I external/local_tsl/tsl/framework/bfc_allocator.cc:1095] InUse at 7fd236a6a800 of size 256 next 246
2025-06-15 02:33:23.715888: I external/local_tsl/tsl/framework/bfc_allocator.cc:1095] InUse at 7fd236a6a900 of size 256 next 247
2025-06-15 02:33:23.716491: I external/local_tsl/tsl/framework/bfc_allocator.cc:1095] InUse at 7fd236a6aa00 of size 256 next 248
2025-06-15 02:33:23.716915: I external/local_tsl/tsl/framework/bfc_allocator.cc:1095] InUse at 7fd236a6ab00 of size 256 next 249
2025-06-15 02:33:23.717380: I external/local_tsl/tsl/framework/bfc_allocator.cc:1095] InUse at 7fd236a6ac00 of size 256 next 250
2025-06-15 02:33:23.717786: I external/local_tsl/tsl/framework/bfc_allocator.cc:1095] InUse at 7fd236a6ad00 of size 256 next 251
2025-06-15 02:33:23.718174: I external/local_tsl/tsl/framework/bfc_allocator.cc:1095] InUse at 7fd236a6ae00 of size 256 next 252
2025-06-15 02:33:23.718644: I external/local_tsl/tsl/framework/bfc_allocator.cc:1095] InUse at 7fd236a6af00 of size 256 next 253
2025-06-15 02:33:23.719056: I external/local_tsl/tsl/framework/bfc_allocator.cc:1095] InUse at 7fd236a6b000 of size 256 next 254
2025-06-15 02:33:23.719460: I external/local_tsl/tsl/framework/bfc_allocator.cc:1095] InUse at 7fd236a6b100 of size 256 next 255
2025-06-15 02:33:23.719858: I external/local_tsl/tsl/framework/bfc_allocator.cc:1095] InUse at 7fd236a6b200 of size 256 next 256
2025-06-15 02:33:23.720252: I external/local_tsl/tsl/framework/bfc_allocator.cc:1095] InUse at 7fd236a6b300 of size 256 next 257
2025-06-15 02:33:23.720654: I external/local_tsl/tsl/framework/bfc_allocator.cc:1095] InUse at 7fd236a6b400 of size 256 next 258
2025-06-15 02:33:23.721044: I external/local_tsl/tsl/framework/bfc_allocator.cc:1095] InUse at 7fd236a6b500 of size 256 next 259
2025-06-15 02:33:23.721430: I external/local_tsl/tsl/framework/bfc_allocator.cc:1095] InUse at 7fd236a6b600 of size 256 next 260
2025-06-15 02:33:23.721857: I external/local_tsl/tsl/framework/bfc_allocator.cc:1095] InUse at 7fd236a6b700 of size 256 next 261
2025-06-15 02:33:23.722268: I external/local_tsl/tsl/framework/bfc_allocator.cc:1095] InUse at 7fd236a6b800 of size 256 next 262
2025-06-15 02:33:23.722662: I external/local_tsl/tsl/framework/bfc_allocator.cc:1095] InUse at 7fd236a6b900 of size 256 next 263
2025-06-15 02:33:23.723056: I external/local_tsl/tsl/framework/bfc_allocator.cc:1095] InUse at 7fd236a6ba00 of size 256 next 272
2025-06-15 02:33:23.723496: I external/local_tsl/tsl/framework/bfc_allocator.cc:1095] InUse at 7fd236a6bb00 of size 256 next 274
2025-06-15 02:33:23.723925: I external/local_tsl/tsl/framework/bfc_allocator.cc:1095] InUse at 7fd236a6bc00 of size 256 next 275
2025-06-15 02:33:23.724312: I external/local_tsl/tsl/framework/bfc_allocator.cc:1095] InUse at 7fd236a6bd00 of size 256 next 276
2025-06-15 02:33:23.724703: I external/local_tsl/tsl/framework/bfc_allocator.cc:1095] InUse at 7fd236a6be00 of size 256 next 280
2025-06-15 02:33:23.725089: I external/local_tsl/tsl/framework/bfc_allocator.cc:1095] InUse at 7fd236a6bf00 of size 256 next 281
2025-06-15 02:33:23.725522: I external/local_tsl/tsl/framework/bfc_allocator.cc:1095] InUse at 7fd236a6c000 of size 256 next 287
2025-06-15 02:33:23.725951: I external/local_tsl/tsl/framework/bfc_allocator.cc:1095] InUse at 7fd236a6c100 of size 256 next 288
2025-06-15 02:33:23.726349: I external/local_tsl/tsl/framework/bfc_allocator.cc:1095] InUse at 7fd236a6c200 of size 256 next 291
2025-06-15 02:33:23.726776: I external/local_tsl/tsl/framework/bfc_allocator.cc:1095] InUse at 7fd236a6c300 of size 256 next 292
2025-06-15 02:33:23.727222: I external/local_tsl/tsl/framework/bfc_allocator.cc:1095] InUse at 7fd236a6c400 of size 512 next 294
2025-06-15 02:33:23.727695: I external/local_tsl/tsl/framework/bfc_allocator.cc:1095] InUse at 7fd236a6c600 of size 768 next 268
2025-06-15 02:33:23.728099: I external/local_tsl/tsl/framework/bfc_allocator.cc:1095] InUse at 7fd236a6c900 of size 256 next 269
2025-06-15 02:33:23.728506: I external/local_tsl/tsl/framework/bfc_allocator.cc:1095] InUse at 7fd236a6ca00 of size 256 next 270
2025-06-15 02:33:23.728951: I external/local_tsl/tsl/framework/bfc_allocator.cc:1095] InUse at 7fd236a6cb00 of size 512 next 295
2025-06-15 02:33:23.729348: I external/local_tsl/tsl/framework/bfc_allocator.cc:1095] InUse at 7fd236a6cd00 of size 512 next 298
2025-06-15 02:33:23.729793: I external/local_tsl/tsl/framework/bfc_allocator.cc:1095] InUse at 7fd236a6cf00 of size 512 next 299
2025-06-15 02:33:23.730215: I external/local_tsl/tsl/framework/bfc_allocator.cc:1095] InUse at 7fd236a6d100 of size 15138816 next 56
2025-06-15 02:33:23.730613: I external/local_tsl/tsl/framework/bfc_allocator.cc:1095] InUse at 7fd2378dd100 of size 15138816 next 301
2025-06-15 02:33:23.730955: I external/local_tsl/tsl/framework/bfc_allocator.cc:1095] InUse at 7fd23874d100 of size 1024 next 304
2025-06-15 02:33:23.731370: I external/local_tsl/tsl/framework/bfc_allocator.cc:1095] InUse at 7fd23874d500 of size 1024 next 305
2025-06-15 02:33:23.732038: I external/local_tsl/tsl/framework/bfc_allocator.cc:1095] InUse at 7fd23874d900 of size 1024 next 306
2025-06-15 02:33:23.732548: I external/local_tsl/tsl/framework/bfc_allocator.cc:1095] InUse at 7fd23874dd00 of size 1024 next 309
2025-06-15 02:33:23.732993: I external/local_tsl/tsl/framework/bfc_allocator.cc:1095] InUse at 7fd23874e100 of size 1024 next 310
2025-06-15 02:33:23.733408: I external/local_tsl/tsl/framework/bfc_allocator.cc:1095] InUse at 7fd23874e500 of size 512 next 317
2025-06-15 02:33:23.733837: I external/local_tsl/tsl/framework/bfc_allocator.cc:1095] InUse at 7fd23874e700 of size 512 next 318
2025-06-15 02:33:23.734219: I external/local_tsl/tsl/framework/bfc_allocator.cc:1095] InUse at 7fd23874e900 of size 256 next 326
2025-06-15 02:33:23.734633: I external/local_tsl/tsl/framework/bfc_allocator.cc:1095] InUse at 7fd23874ea00 of size 256 next 327
2025-06-15 02:33:23.735027: I external/local_tsl/tsl/framework/bfc_allocator.cc:1095] Free  at 7fd23874eb00 of size 25892096 next 18446744073709551615
2025-06-15 02:33:23.735359: I external/local_tsl/tsl/framework/bfc_allocator.cc:1075] Next region of size 33554432
2025-06-15 02:33:23.735766: I external/local_tsl/tsl/framework/bfc_allocator.cc:1095] InUse at 7fd24e000000 of size 3538944 next 83
2025-06-15 02:33:23.736108: I external/local_tsl/tsl/framework/bfc_allocator.cc:1095] InUse at 7fd24e360000 of size 221184 next 152
2025-06-15 02:33:23.736563: I external/local_tsl/tsl/framework/bfc_allocator.cc:1095] InUse at 7fd24e396000 of size 221184 next 106
2025-06-15 02:33:23.736891: I external/local_tsl/tsl/framework/bfc_allocator.cc:1095] InUse at 7fd24e3cc000 of size 442368 next 100
2025-06-15 02:33:23.737189: I external/local_tsl/tsl/framework/bfc_allocator.cc:1095] InUse at 7fd24e438000 of size 884736 next 90
2025-06-15 02:33:23.737502: I external/local_tsl/tsl/framework/bfc_allocator.cc:1095] InUse at 7fd24e510000 of size 1769472 next 74
2025-06-15 02:33:23.737866: I external/local_tsl/tsl/framework/bfc_allocator.cc:1095] InUse at 7fd24e6c0000 of size 7077888 next 72
2025-06-15 02:33:23.738190: I external/local_tsl/tsl/framework/bfc_allocator.cc:1095] InUse at 7fd24ed80000 of size 7077888 next 187
2025-06-15 02:33:23.738498: I external/local_tsl/tsl/framework/bfc_allocator.cc:1095] InUse at 7fd24f440000 of size 12320768 next 18446744073709551615
2025-06-15 02:33:23.738784: I external/local_tsl/tsl/framework/bfc_allocator.cc:1075] Next region of size 16777216
2025-06-15 02:33:23.739267: I external/local_tsl/tsl/framework/bfc_allocator.cc:1095] InUse at 7fd256000000 of size 1769472 next 173
2025-06-15 02:33:23.739600: I external/local_tsl/tsl/framework/bfc_allocator.cc:1095] InUse at 7fd2561b0000 of size 1769472 next 64
2025-06-15 02:33:23.739947: I external/local_tsl/tsl/framework/bfc_allocator.cc:1095] InUse at 7fd256360000 of size 3538944 next 62
2025-06-15 02:33:23.740265: I external/local_tsl/tsl/framework/bfc_allocator.cc:1095] InUse at 7fd2566c0000 of size 3538944 next 180
2025-06-15 02:33:23.740581: I external/local_tsl/tsl/framework/bfc_allocator.cc:1095] InUse at 7fd256a20000 of size 1048576 next 194
2025-06-15 02:33:23.740939: I external/local_tsl/tsl/framework/bfc_allocator.cc:1095] InUse at 7fd256b20000 of size 1048576 next 195
2025-06-15 02:33:23.741263: I external/local_tsl/tsl/framework/bfc_allocator.cc:1095] InUse at 7fd256c20000 of size 4063232 next 18446744073709551615
2025-06-15 02:33:23.741582: I external/local_tsl/tsl/framework/bfc_allocator.cc:1075] Next region of size 2097152
2025-06-15 02:33:23.741967: I external/local_tsl/tsl/framework/bfc_allocator.cc:1095] InUse at 7fd2b4e00000 of size 1280 next 1
2025-06-15 02:33:23.742366: I external/local_tsl/tsl/framework/bfc_allocator.cc:1095] InUse at 7fd2b4e00500 of size 256 next 2
2025-06-15 02:33:23.742758: I external/local_tsl/tsl/framework/bfc_allocator.cc:1095] InUse at 7fd2b4e00600 of size 256 next 3
2025-06-15 02:33:23.743198: I external/local_tsl/tsl/framework/bfc_allocator.cc:1095] InUse at 7fd2b4e00700 of size 256 next 5
2025-06-15 02:33:23.743610: I external/local_tsl/tsl/framework/bfc_allocator.cc:1095] InUse at 7fd2b4e00800 of size 256 next 6
2025-06-15 02:33:23.744081: I external/local_tsl/tsl/framework/bfc_allocator.cc:1095] InUse at 7fd2b4e00900 of size 256 next 4
2025-06-15 02:33:23.744489: I external/local_tsl/tsl/framework/bfc_allocator.cc:1095] InUse at 7fd2b4e00a00 of size 256 next 7
2025-06-15 02:33:23.744895: I external/local_tsl/tsl/framework/bfc_allocator.cc:1095] InUse at 7fd2b4e00b00 of size 256 next 10
2025-06-15 02:33:23.745303: I external/local_tsl/tsl/framework/bfc_allocator.cc:1095] InUse at 7fd2b4e00c00 of size 256 next 278
2025-06-15 02:33:23.745754: I external/local_tsl/tsl/framework/bfc_allocator.cc:1095] InUse at 7fd2b4e00d00 of size 256 next 12
2025-06-15 02:33:23.746176: I external/local_tsl/tsl/framework/bfc_allocator.cc:1095] InUse at 7fd2b4e00e00 of size 256 next 13
2025-06-15 02:33:23.746593: I external/local_tsl/tsl/framework/bfc_allocator.cc:1095] InUse at 7fd2b4e00f00 of size 256 next 14
2025-06-15 02:33:23.747007: I external/local_tsl/tsl/framework/bfc_allocator.cc:1095] InUse at 7fd2b4e01000 of size 256 next 17
2025-06-15 02:33:23.747493: I external/local_tsl/tsl/framework/bfc_allocator.cc:1095] InUse at 7fd2b4e01100 of size 256 next 15
2025-06-15 02:33:23.747913: I external/local_tsl/tsl/framework/bfc_allocator.cc:1095] InUse at 7fd2b4e01200 of size 256 next 16
2025-06-15 02:33:23.748359: I external/local_tsl/tsl/framework/bfc_allocator.cc:1095] InUse at 7fd2b4e01300 of size 256 next 286
2025-06-15 02:33:23.748782: I external/local_tsl/tsl/framework/bfc_allocator.cc:1095] InUse at 7fd2b4e01400 of size 256 next 21
2025-06-15 02:33:23.749257: I external/local_tsl/tsl/framework/bfc_allocator.cc:1095] InUse at 7fd2b4e01500 of size 256 next 22
2025-06-15 02:33:23.749669: I external/local_tsl/tsl/framework/bfc_allocator.cc:1095] InUse at 7fd2b4e01600 of size 256 next 23
2025-06-15 02:33:23.750071: I external/local_tsl/tsl/framework/bfc_allocator.cc:1095] InUse at 7fd2b4e01700 of size 256 next 24
2025-06-15 02:33:23.750551: I external/local_tsl/tsl/framework/bfc_allocator.cc:1095] InUse at 7fd2b4e01800 of size 256 next 25
2025-06-15 02:33:23.751006: I external/local_tsl/tsl/framework/bfc_allocator.cc:1095] InUse at 7fd2b4e01900 of size 256 next 28
2025-06-15 02:33:23.751487: I external/local_tsl/tsl/framework/bfc_allocator.cc:1095] InUse at 7fd2b4e01a00 of size 256 next 290
2025-06-15 02:33:23.751995: I external/local_tsl/tsl/framework/bfc_allocator.cc:1095] InUse at 7fd2b4e01b00 of size 256 next 30
2025-06-15 02:33:23.752552: I external/local_tsl/tsl/framework/bfc_allocator.cc:1095] InUse at 7fd2b4e01c00 of size 256 next 31
2025-06-15 02:33:23.753031: I external/local_tsl/tsl/framework/bfc_allocator.cc:1095] InUse at 7fd2b4e01d00 of size 256 next 32
2025-06-15 02:33:23.753521: I external/local_tsl/tsl/framework/bfc_allocator.cc:1095] InUse at 7fd2b4e01e00 of size 256 next 35
2025-06-15 02:33:23.753946: I external/local_tsl/tsl/framework/bfc_allocator.cc:1095] InUse at 7fd2b4e01f00 of size 256 next 33
2025-06-15 02:33:23.754458: I external/local_tsl/tsl/framework/bfc_allocator.cc:1095] InUse at 7fd2b4e02000 of size 256 next 34
2025-06-15 02:33:23.754958: I external/local_tsl/tsl/framework/bfc_allocator.cc:1095] InUse at 7fd2b4e02100 of size 512 next 39
2025-06-15 02:33:23.755371: I external/local_tsl/tsl/framework/bfc_allocator.cc:1095] InUse at 7fd2b4e02300 of size 256 next 40
2025-06-15 02:33:23.755818: I external/local_tsl/tsl/framework/bfc_allocator.cc:1095] InUse at 7fd2b4e02400 of size 256 next 41
2025-06-15 02:33:23.756300: I external/local_tsl/tsl/framework/bfc_allocator.cc:1095] InUse at 7fd2b4e02500 of size 256 next 8
2025-06-15 02:33:23.756806: I external/local_tsl/tsl/framework/bfc_allocator.cc:1095] InUse at 7fd2b4e02600 of size 3584 next 9
2025-06-15 02:33:23.757311: I external/local_tsl/tsl/framework/bfc_allocator.cc:1095] InUse at 7fd2b4e03400 of size 512 next 42
2025-06-15 02:33:23.757729: I external/local_tsl/tsl/framework/bfc_allocator.cc:1095] InUse at 7fd2b4e03600 of size 512 next 45
2025-06-15 02:33:23.758113: I external/local_tsl/tsl/framework/bfc_allocator.cc:1095] InUse at 7fd2b4e03800 of size 512 next 46
2025-06-15 02:33:23.758514: I external/local_tsl/tsl/framework/bfc_allocator.cc:1095] InUse at 7fd2b4e03a00 of size 512 next 297
2025-06-15 02:33:23.758910: I external/local_tsl/tsl/framework/bfc_allocator.cc:1095] InUse at 7fd2b4e03c00 of size 512 next 48
2025-06-15 02:33:23.759318: I external/local_tsl/tsl/framework/bfc_allocator.cc:1095] InUse at 7fd2b4e03e00 of size 256 next 49
2025-06-15 02:33:23.759710: I external/local_tsl/tsl/framework/bfc_allocator.cc:1095] InUse at 7fd2b4e03f00 of size 512 next 50
2025-06-15 02:33:23.760120: I external/local_tsl/tsl/framework/bfc_allocator.cc:1095] InUse at 7fd2b4e04100 of size 512 next 51
2025-06-15 02:33:23.760522: I external/local_tsl/tsl/framework/bfc_allocator.cc:1095] InUse at 7fd2b4e04300 of size 512 next 55
2025-06-15 02:33:23.760926: I external/local_tsl/tsl/framework/bfc_allocator.cc:1095] InUse at 7fd2b4e04500 of size 1024 next 57
2025-06-15 02:33:23.761319: I external/local_tsl/tsl/framework/bfc_allocator.cc:1095] InUse at 7fd2b4e04900 of size 256 next 58
2025-06-15 02:33:23.761771: I external/local_tsl/tsl/framework/bfc_allocator.cc:1095] InUse at 7fd2b4e04a00 of size 256 next 59
2025-06-15 02:33:23.762163: I external/local_tsl/tsl/framework/bfc_allocator.cc:1095] InUse at 7fd2b4e04b00 of size 1024 next 60
2025-06-15 02:33:23.762559: I external/local_tsl/tsl/framework/bfc_allocator.cc:1095] InUse at 7fd2b4e04f00 of size 1024 next 61
2025-06-15 02:33:23.762957: I external/local_tsl/tsl/framework/bfc_allocator.cc:1095] InUse at 7fd2b4e05300 of size 1024 next 65
2025-06-15 02:33:23.763461: I external/local_tsl/tsl/framework/bfc_allocator.cc:1095] InUse at 7fd2b4e05700 of size 1024 next 308
2025-06-15 02:33:23.763953: I external/local_tsl/tsl/framework/bfc_allocator.cc:1095] InUse at 7fd2b4e05b00 of size 1024 next 67
2025-06-15 02:33:23.764475: I external/local_tsl/tsl/framework/bfc_allocator.cc:1095] InUse at 7fd2b4e05f00 of size 256 next 68
2025-06-15 02:33:23.764944: I external/local_tsl/tsl/framework/bfc_allocator.cc:1095] InUse at 7fd2b4e06000 of size 256 next 69
2025-06-15 02:33:23.765339: I external/local_tsl/tsl/framework/bfc_allocator.cc:1095] InUse at 7fd2b4e06100 of size 1024 next 70
2025-06-15 02:33:23.765796: I external/local_tsl/tsl/framework/bfc_allocator.cc:1095] InUse at 7fd2b4e06500 of size 1024 next 71
2025-06-15 02:33:23.766205: I external/local_tsl/tsl/framework/bfc_allocator.cc:1095] InUse at 7fd2b4e06900 of size 1024 next 75
2025-06-15 02:33:23.766598: I external/local_tsl/tsl/framework/bfc_allocator.cc:1095] InUse at 7fd2b4e06d00 of size 512 next 313
2025-06-15 02:33:23.767008: I external/local_tsl/tsl/framework/bfc_allocator.cc:1095] InUse at 7fd2b4e06f00 of size 512 next 314
2025-06-15 02:33:23.767399: I external/local_tsl/tsl/framework/bfc_allocator.cc:1095] InUse at 7fd2b4e07100 of size 512 next 315
2025-06-15 02:33:23.767783: I external/local_tsl/tsl/framework/bfc_allocator.cc:1095] InUse at 7fd2b4e07300 of size 512 next 77
2025-06-15 02:33:23.768174: I external/local_tsl/tsl/framework/bfc_allocator.cc:1095] InUse at 7fd2b4e07500 of size 256 next 78
2025-06-15 02:33:23.768570: I external/local_tsl/tsl/framework/bfc_allocator.cc:1095] InUse at 7fd2b4e07600 of size 256 next 79
2025-06-15 02:33:23.769011: I external/local_tsl/tsl/framework/bfc_allocator.cc:1095] InUse at 7fd2b4e07700 of size 512 next 80
2025-06-15 02:33:23.769415: I external/local_tsl/tsl/framework/bfc_allocator.cc:1095] InUse at 7fd2b4e07900 of size 512 next 81
2025-06-15 02:33:23.769809: I external/local_tsl/tsl/framework/bfc_allocator.cc:1095] InUse at 7fd2b4e07b00 of size 512 next 82
2025-06-15 02:33:23.770306: I external/local_tsl/tsl/framework/bfc_allocator.cc:1095] InUse at 7fd2b4e07d00 of size 512 next 84
2025-06-15 02:33:23.770854: I external/local_tsl/tsl/framework/bfc_allocator.cc:1095] InUse at 7fd2b4e07f00 of size 512 next 316
2025-06-15 02:33:23.771333: I external/local_tsl/tsl/framework/bfc_allocator.cc:1095] InUse at 7fd2b4e08100 of size 512 next 86
2025-06-15 02:33:23.771792: I external/local_tsl/tsl/framework/bfc_allocator.cc:1095] InUse at 7fd2b4e08300 of size 512 next 87
2025-06-15 02:33:23.772258: I external/local_tsl/tsl/framework/bfc_allocator.cc:1095] InUse at 7fd2b4e08500 of size 512 next 88
2025-06-15 02:33:23.772698: I external/local_tsl/tsl/framework/bfc_allocator.cc:1095] InUse at 7fd2b4e08700 of size 512 next 89
2025-06-15 02:33:23.773103: I external/local_tsl/tsl/framework/bfc_allocator.cc:1095] InUse at 7fd2b4e08900 of size 256 next 321
2025-06-15 02:33:23.773523: I external/local_tsl/tsl/framework/bfc_allocator.cc:1095] InUse at 7fd2b4e08a00 of size 256 next 323
2025-06-15 02:33:23.774003: I external/local_tsl/tsl/framework/bfc_allocator.cc:1095] InUse at 7fd2b4e08b00 of size 256 next 324
2025-06-15 02:33:23.774433: I external/local_tsl/tsl/framework/bfc_allocator.cc:1095] InUse at 7fd2b4e08c00 of size 256 next 92
2025-06-15 02:33:23.774909: I external/local_tsl/tsl/framework/bfc_allocator.cc:1095] InUse at 7fd2b4e08d00 of size 256 next 93
2025-06-15 02:33:23.775316: I external/local_tsl/tsl/framework/bfc_allocator.cc:1095] InUse at 7fd2b4e08e00 of size 256 next 94
2025-06-15 02:33:23.775717: I external/local_tsl/tsl/framework/bfc_allocator.cc:1095] InUse at 7fd2b4e08f00 of size 256 next 97
2025-06-15 02:33:23.776180: I external/local_tsl/tsl/framework/bfc_allocator.cc:1095] InUse at 7fd2b4e09000 of size 256 next 95
2025-06-15 02:33:23.776621: I external/local_tsl/tsl/framework/bfc_allocator.cc:1095] InUse at 7fd2b4e09100 of size 256 next 96
2025-06-15 02:33:23.777036: I external/local_tsl/tsl/framework/bfc_allocator.cc:1095] InUse at 7fd2b4e09200 of size 256 next 98
2025-06-15 02:33:23.777536: I external/local_tsl/tsl/framework/bfc_allocator.cc:1095] InUse at 7fd2b4e09300 of size 256 next 101
2025-06-15 02:33:23.777995: I external/local_tsl/tsl/framework/bfc_allocator.cc:1095] InUse at 7fd2b4e09400 of size 256 next 102
2025-06-15 02:33:23.778412: I external/local_tsl/tsl/framework/bfc_allocator.cc:1095] InUse at 7fd2b4e09500 of size 256 next 103
2025-06-15 02:33:23.778824: I external/local_tsl/tsl/framework/bfc_allocator.cc:1095] InUse at 7fd2b4e09600 of size 256 next 104
2025-06-15 02:33:23.779305: I external/local_tsl/tsl/framework/bfc_allocator.cc:1095] InUse at 7fd2b4e09700 of size 256 next 105
2025-06-15 02:33:23.779785: I external/local_tsl/tsl/framework/bfc_allocator.cc:1095] Free  at 7fd2b4e09800 of size 512 next 108
2025-06-15 02:33:23.780278: I external/local_tsl/tsl/framework/bfc_allocator.cc:1095] InUse at 7fd2b4e09a00 of size 256 next 109
2025-06-15 02:33:23.780720: I external/local_tsl/tsl/framework/bfc_allocator.cc:1095] InUse at 7fd2b4e09b00 of size 256 next 110
2025-06-15 02:33:23.781187: I external/local_tsl/tsl/framework/bfc_allocator.cc:1095] InUse at 7fd2b4e09c00 of size 256 next 146
2025-06-15 02:33:23.781613: I external/local_tsl/tsl/framework/bfc_allocator.cc:1095] InUse at 7fd2b4e09d00 of size 256 next 147
2025-06-15 02:33:23.782030: I external/local_tsl/tsl/framework/bfc_allocator.cc:1095] InUse at 7fd2b4e09e00 of size 256 next 148
2025-06-15 02:33:23.782515: I external/local_tsl/tsl/framework/bfc_allocator.cc:1095] InUse at 7fd2b4e09f00 of size 256 next 149
2025-06-15 02:33:23.782945: I external/local_tsl/tsl/framework/bfc_allocator.cc:1095] InUse at 7fd2b4e0a000 of size 256 next 150
2025-06-15 02:33:23.783365: I external/local_tsl/tsl/framework/bfc_allocator.cc:1095] InUse at 7fd2b4e0a100 of size 256 next 151
2025-06-15 02:33:23.783795: I external/local_tsl/tsl/framework/bfc_allocator.cc:1095] InUse at 7fd2b4e0a200 of size 256 next 153
2025-06-15 02:33:23.784202: I external/local_tsl/tsl/framework/bfc_allocator.cc:1095] InUse at 7fd2b4e0a300 of size 256 next 154
2025-06-15 02:33:23.784630: I external/local_tsl/tsl/framework/bfc_allocator.cc:1095] InUse at 7fd2b4e0a400 of size 256 next 155
2025-06-15 02:33:23.785063: I external/local_tsl/tsl/framework/bfc_allocator.cc:1095] InUse at 7fd2b4e0a500 of size 256 next 156
2025-06-15 02:33:23.785453: I external/local_tsl/tsl/framework/bfc_allocator.cc:1095] InUse at 7fd2b4e0a600 of size 256 next 157
2025-06-15 02:33:23.785890: I external/local_tsl/tsl/framework/bfc_allocator.cc:1095] InUse at 7fd2b4e0a700 of size 256 next 158
2025-06-15 02:33:23.786293: I external/local_tsl/tsl/framework/bfc_allocator.cc:1095] InUse at 7fd2b4e0a800 of size 256 next 160
2025-06-15 02:33:23.786692: I external/local_tsl/tsl/framework/bfc_allocator.cc:1095] InUse at 7fd2b4e0a900 of size 256 next 161
2025-06-15 02:33:23.787085: I external/local_tsl/tsl/framework/bfc_allocator.cc:1095] InUse at 7fd2b4e0aa00 of size 256 next 162
2025-06-15 02:33:23.787517: I external/local_tsl/tsl/framework/bfc_allocator.cc:1095] InUse at 7fd2b4e0ab00 of size 256 next 163
2025-06-15 02:33:23.787924: I external/local_tsl/tsl/framework/bfc_allocator.cc:1095] InUse at 7fd2b4e0ac00 of size 256 next 164
2025-06-15 02:33:23.788311: I external/local_tsl/tsl/framework/bfc_allocator.cc:1095] InUse at 7fd2b4e0ad00 of size 256 next 165
2025-06-15 02:33:23.788765: I external/local_tsl/tsl/framework/bfc_allocator.cc:1095] InUse at 7fd2b4e0ae00 of size 512 next 167
2025-06-15 02:33:23.789171: I external/local_tsl/tsl/framework/bfc_allocator.cc:1095] InUse at 7fd2b4e0b000 of size 512 next 168
2025-06-15 02:33:23.789573: I external/local_tsl/tsl/framework/bfc_allocator.cc:1095] InUse at 7fd2b4e0b200 of size 512 next 169
2025-06-15 02:33:23.790121: I external/local_tsl/tsl/framework/bfc_allocator.cc:1095] InUse at 7fd2b4e0b400 of size 512 next 170
2025-06-15 02:33:23.790708: I external/local_tsl/tsl/framework/bfc_allocator.cc:1095] InUse at 7fd2b4e0b600 of size 512 next 171
2025-06-15 02:33:23.791140: I external/local_tsl/tsl/framework/bfc_allocator.cc:1095] InUse at 7fd2b4e0b800 of size 512 next 172
2025-06-15 02:33:23.791590: I external/local_tsl/tsl/framework/bfc_allocator.cc:1095] InUse at 7fd2b4e0ba00 of size 512 next 174
2025-06-15 02:33:23.791993: I external/local_tsl/tsl/framework/bfc_allocator.cc:1095] InUse at 7fd2b4e0bc00 of size 512 next 175
2025-06-15 02:33:23.792374: I external/local_tsl/tsl/framework/bfc_allocator.cc:1095] InUse at 7fd2b4e0be00 of size 512 next 176
2025-06-15 02:33:23.792846: I external/local_tsl/tsl/framework/bfc_allocator.cc:1095] InUse at 7fd2b4e0c000 of size 512 next 177
2025-06-15 02:33:23.793265: I external/local_tsl/tsl/framework/bfc_allocator.cc:1095] InUse at 7fd2b4e0c200 of size 512 next 178
2025-06-15 02:33:23.793656: I external/local_tsl/tsl/framework/bfc_allocator.cc:1095] InUse at 7fd2b4e0c400 of size 512 next 179
2025-06-15 02:33:23.794062: I external/local_tsl/tsl/framework/bfc_allocator.cc:1095] InUse at 7fd2b4e0c600 of size 1024 next 181
2025-06-15 02:33:23.794462: I external/local_tsl/tsl/framework/bfc_allocator.cc:1095] InUse at 7fd2b4e0ca00 of size 1024 next 182
2025-06-15 02:33:23.794854: I external/local_tsl/tsl/framework/bfc_allocator.cc:1095] InUse at 7fd2b4e0ce00 of size 1024 next 183
2025-06-15 02:33:23.795262: I external/local_tsl/tsl/framework/bfc_allocator.cc:1095] InUse at 7fd2b4e0d200 of size 1024 next 184
2025-06-15 02:33:23.795651: I external/local_tsl/tsl/framework/bfc_allocator.cc:1095] InUse at 7fd2b4e0d600 of size 1024 next 185
2025-06-15 02:33:23.796112: I external/local_tsl/tsl/framework/bfc_allocator.cc:1095] InUse at 7fd2b4e0da00 of size 1024 next 186
2025-06-15 02:33:23.796522: I external/local_tsl/tsl/framework/bfc_allocator.cc:1095] InUse at 7fd2b4e0de00 of size 1024 next 188
2025-06-15 02:33:23.796913: I external/local_tsl/tsl/framework/bfc_allocator.cc:1095] InUse at 7fd2b4e0e200 of size 1024 next 189
2025-06-15 02:33:23.797319: I external/local_tsl/tsl/framework/bfc_allocator.cc:1095] InUse at 7fd2b4e0e600 of size 1024 next 190
2025-06-15 02:33:23.797756: I external/local_tsl/tsl/framework/bfc_allocator.cc:1095] InUse at 7fd2b4e0ea00 of size 1024 next 191
2025-06-15 02:33:23.798217: I external/local_tsl/tsl/framework/bfc_allocator.cc:1095] InUse at 7fd2b4e0ee00 of size 1024 next 192
2025-06-15 02:33:23.798637: I external/local_tsl/tsl/framework/bfc_allocator.cc:1095] InUse at 7fd2b4e0f200 of size 1024 next 193
2025-06-15 02:33:23.799019: I external/local_tsl/tsl/framework/bfc_allocator.cc:1095] InUse at 7fd2b4e0f600 of size 512 next 196
2025-06-15 02:33:23.799411: I external/local_tsl/tsl/framework/bfc_allocator.cc:1095] InUse at 7fd2b4e0f800 of size 512 next 197
2025-06-15 02:33:23.799838: I external/local_tsl/tsl/framework/bfc_allocator.cc:1095] InUse at 7fd2b4e0fa00 of size 512 next 199
2025-06-15 02:33:23.800262: I external/local_tsl/tsl/framework/bfc_allocator.cc:1095] InUse at 7fd2b4e0fc00 of size 512 next 200
2025-06-15 02:33:23.800665: I external/local_tsl/tsl/framework/bfc_allocator.cc:1095] InUse at 7fd2b4e0fe00 of size 512 next 201
2025-06-15 02:33:23.801067: I external/local_tsl/tsl/framework/bfc_allocator.cc:1095] InUse at 7fd2b4e10000 of size 512 next 202
2025-06-15 02:33:23.801537: I external/local_tsl/tsl/framework/bfc_allocator.cc:1095] InUse at 7fd2b4e10200 of size 512 next 203
2025-06-15 02:33:23.801961: I external/local_tsl/tsl/framework/bfc_allocator.cc:1095] InUse at 7fd2b4e10400 of size 512 next 204
2025-06-15 02:33:23.802398: I external/local_tsl/tsl/framework/bfc_allocator.cc:1095] InUse at 7fd2b4e10600 of size 512 next 207
2025-06-15 02:33:23.802801: I external/local_tsl/tsl/framework/bfc_allocator.cc:1095] InUse at 7fd2b4e10800 of size 512 next 208
2025-06-15 02:33:23.803191: I external/local_tsl/tsl/framework/bfc_allocator.cc:1095] InUse at 7fd2b4e10a00 of size 512 next 209
2025-06-15 02:33:23.803627: I external/local_tsl/tsl/framework/bfc_allocator.cc:1095] InUse at 7fd2b4e10c00 of size 512 next 210
2025-06-15 02:33:23.804043: I external/local_tsl/tsl/framework/bfc_allocator.cc:1095] InUse at 7fd2b4e10e00 of size 512 next 211
2025-06-15 02:33:23.804467: I external/local_tsl/tsl/framework/bfc_allocator.cc:1095] InUse at 7fd2b4e11000 of size 512 next 212
2025-06-15 02:33:23.804913: I external/local_tsl/tsl/framework/bfc_allocator.cc:1095] InUse at 7fd2b4e11200 of size 256 next 215
2025-06-15 02:33:23.805348: I external/local_tsl/tsl/framework/bfc_allocator.cc:1095] InUse at 7fd2b4e11300 of size 256 next 216
2025-06-15 02:33:23.805745: I external/local_tsl/tsl/framework/bfc_allocator.cc:1095] InUse at 7fd2b4e11400 of size 256 next 219
2025-06-15 02:33:23.806142: I external/local_tsl/tsl/framework/bfc_allocator.cc:1095] InUse at 7fd2b4e11500 of size 256 next 220
2025-06-15 02:33:23.806607: I external/local_tsl/tsl/framework/bfc_allocator.cc:1095] InUse at 7fd2b4e11600 of size 256 next 221
2025-06-15 02:33:23.807045: I external/local_tsl/tsl/framework/bfc_allocator.cc:1095] InUse at 7fd2b4e11700 of size 256 next 222
2025-06-15 02:33:23.807522: I external/local_tsl/tsl/framework/bfc_allocator.cc:1095] InUse at 7fd2b4e11800 of size 256 next 223
2025-06-15 02:33:23.807944: I external/local_tsl/tsl/framework/bfc_allocator.cc:1095] InUse at 7fd2b4e11900 of size 256 next 224
2025-06-15 02:33:23.808390: I external/local_tsl/tsl/framework/bfc_allocator.cc:1095] InUse at 7fd2b4e11a00 of size 256 next 227
2025-06-15 02:33:23.808901: I external/local_tsl/tsl/framework/bfc_allocator.cc:1095] InUse at 7fd2b4e11b00 of size 256 next 228
2025-06-15 02:33:23.809383: I external/local_tsl/tsl/framework/bfc_allocator.cc:1095] InUse at 7fd2b4e11c00 of size 256 next 229
2025-06-15 02:33:23.809943: I external/local_tsl/tsl/framework/bfc_allocator.cc:1095] InUse at 7fd2b4e11d00 of size 256 next 230
2025-06-15 02:33:23.810367: I external/local_tsl/tsl/framework/bfc_allocator.cc:1095] InUse at 7fd2b4e11e00 of size 256 next 231
2025-06-15 02:33:23.810768: I external/local_tsl/tsl/framework/bfc_allocator.cc:1095] InUse at 7fd2b4e11f00 of size 256 next 232
2025-06-15 02:33:23.811175: I external/local_tsl/tsl/framework/bfc_allocator.cc:1095] InUse at 7fd2b4e12000 of size 65536 next 233
2025-06-15 02:33:23.811533: I external/local_tsl/tsl/framework/bfc_allocator.cc:1095] InUse at 7fd2b4e22000 of size 95232 next 19
2025-06-15 02:33:23.811924: I external/local_tsl/tsl/framework/bfc_allocator.cc:1095] InUse at 7fd2b4e39400 of size 110592 next 18
2025-06-15 02:33:23.812224: I external/local_tsl/tsl/framework/bfc_allocator.cc:1095] InUse at 7fd2b4e54400 of size 65536 next 115
2025-06-15 02:33:23.812530: I external/local_tsl/tsl/framework/bfc_allocator.cc:1095] InUse at 7fd2b4e64400 of size 256 next 112
2025-06-15 02:33:23.812944: I external/local_tsl/tsl/framework/bfc_allocator.cc:1095] InUse at 7fd2b4e64500 of size 256 next 114
2025-06-15 02:33:23.813337: I external/local_tsl/tsl/framework/bfc_allocator.cc:1095] InUse at 7fd2b4e64600 of size 256 next 113
2025-06-15 02:33:23.813742: I external/local_tsl/tsl/framework/bfc_allocator.cc:1095] InUse at 7fd2b4e64700 of size 256 next 111
2025-06-15 02:33:23.814143: I external/local_tsl/tsl/framework/bfc_allocator.cc:1095] InUse at 7fd2b4e64800 of size 256 next 117
2025-06-15 02:33:23.814573: I external/local_tsl/tsl/framework/bfc_allocator.cc:1095] InUse at 7fd2b4e64900 of size 256 next 118
2025-06-15 02:33:23.814997: I external/local_tsl/tsl/framework/bfc_allocator.cc:1095] InUse at 7fd2b4e64a00 of size 256 next 120
2025-06-15 02:33:23.815384: I external/local_tsl/tsl/framework/bfc_allocator.cc:1095] InUse at 7fd2b4e64b00 of size 256 next 119
2025-06-15 02:33:23.815829: I external/local_tsl/tsl/framework/bfc_allocator.cc:1095] InUse at 7fd2b4e64c00 of size 256 next 121
2025-06-15 02:33:23.816264: I external/local_tsl/tsl/framework/bfc_allocator.cc:1095] InUse at 7fd2b4e64d00 of size 256 next 123
2025-06-15 02:33:23.816660: I external/local_tsl/tsl/framework/bfc_allocator.cc:1095] InUse at 7fd2b4e64e00 of size 256 next 124
2025-06-15 02:33:23.817043: I external/local_tsl/tsl/framework/bfc_allocator.cc:1095] InUse at 7fd2b4e64f00 of size 256 next 125
2025-06-15 02:33:23.817526: I external/local_tsl/tsl/framework/bfc_allocator.cc:1095] InUse at 7fd2b4e65000 of size 256 next 126
2025-06-15 02:33:23.817966: I external/local_tsl/tsl/framework/bfc_allocator.cc:1095] InUse at 7fd2b4e65100 of size 256 next 128
2025-06-15 02:33:23.818437: I external/local_tsl/tsl/framework/bfc_allocator.cc:1095] InUse at 7fd2b4e65200 of size 256 next 127
2025-06-15 02:33:23.818850: I external/local_tsl/tsl/framework/bfc_allocator.cc:1095] InUse at 7fd2b4e65300 of size 256 next 129
2025-06-15 02:33:23.819266: I external/local_tsl/tsl/framework/bfc_allocator.cc:1095] InUse at 7fd2b4e65400 of size 256 next 130
2025-06-15 02:33:23.819706: I external/local_tsl/tsl/framework/bfc_allocator.cc:1095] InUse at 7fd2b4e65500 of size 256 next 131
2025-06-15 02:33:23.820103: I external/local_tsl/tsl/framework/bfc_allocator.cc:1095] InUse at 7fd2b4e65600 of size 256 next 132
2025-06-15 02:33:23.820500: I external/local_tsl/tsl/framework/bfc_allocator.cc:1095] InUse at 7fd2b4e65700 of size 256 next 133
2025-06-15 02:33:23.820897: I external/local_tsl/tsl/framework/bfc_allocator.cc:1095] InUse at 7fd2b4e65800 of size 256 next 137
2025-06-15 02:33:23.821292: I external/local_tsl/tsl/framework/bfc_allocator.cc:1095] InUse at 7fd2b4e65900 of size 256 next 136
2025-06-15 02:33:23.821704: I external/local_tsl/tsl/framework/bfc_allocator.cc:1095] InUse at 7fd2b4e65a00 of size 3584 next 138
2025-06-15 02:33:23.822104: I external/local_tsl/tsl/framework/bfc_allocator.cc:1095] InUse at 7fd2b4e66800 of size 3584 next 139
2025-06-15 02:33:23.822496: I external/local_tsl/tsl/framework/bfc_allocator.cc:1095] InUse at 7fd2b4e67600 of size 256 next 140
2025-06-15 02:33:23.822971: I external/local_tsl/tsl/framework/bfc_allocator.cc:1095] InUse at 7fd2b4e67700 of size 256 next 141
2025-06-15 02:33:23.823387: I external/local_tsl/tsl/framework/bfc_allocator.cc:1095] InUse at 7fd2b4e67800 of size 256 next 142
2025-06-15 02:33:23.823772: I external/local_tsl/tsl/framework/bfc_allocator.cc:1095] InUse at 7fd2b4e67900 of size 256 next 143
2025-06-15 02:33:23.824168: I external/local_tsl/tsl/framework/bfc_allocator.cc:1095] InUse at 7fd2b4e67a00 of size 256 next 144
2025-06-15 02:33:23.824598: I external/local_tsl/tsl/framework/bfc_allocator.cc:1095] InUse at 7fd2b4e67b00 of size 256 next 145
2025-06-15 02:33:23.825020: I external/local_tsl/tsl/framework/bfc_allocator.cc:1095] InUse at 7fd2b4e67c00 of size 141312 next 27
2025-06-15 02:33:23.825408: I external/local_tsl/tsl/framework/bfc_allocator.cc:1095] InUse at 7fd2b4e8a400 of size 221184 next 26
2025-06-15 02:33:23.825767: I external/local_tsl/tsl/framework/bfc_allocator.cc:1095] InUse at 7fd2b4ec0400 of size 442368 next 159
2025-06-15 02:33:23.826092: I external/local_tsl/tsl/framework/bfc_allocator.cc:1095] InUse at 7fd2b4f2c400 of size 867328 next 18446744073709551615
2025-06-15 02:33:23.826411: I external/local_tsl/tsl/framework/bfc_allocator.cc:1075] Next region of size 4194304
2025-06-15 02:33:23.826838: I external/local_tsl/tsl/framework/bfc_allocator.cc:1095] InUse at 7fd2b5400000 of size 442368 next 37
2025-06-15 02:33:23.827160: I external/local_tsl/tsl/framework/bfc_allocator.cc:1095] InUse at 7fd2b546c000 of size 221184 next 116
2025-06-15 02:33:23.827515: I external/local_tsl/tsl/framework/bfc_allocator.cc:1095] InUse at 7fd2b54a2000 of size 110592 next 122
2025-06-15 02:33:23.827962: I external/local_tsl/tsl/framework/bfc_allocator.cc:1095] InUse at 7fd2b54bd000 of size 192512 next 99
2025-06-15 02:33:23.828357: I external/local_tsl/tsl/framework/bfc_allocator.cc:1095] InUse at 7fd2b54ec000 of size 360448 next 44
2025-06-15 02:33:23.828801: I external/local_tsl/tsl/framework/bfc_allocator.cc:1095] InUse at 7fd2b5544000 of size 884736 next 43
2025-06-15 02:33:23.829228: I external/local_tsl/tsl/framework/bfc_allocator.cc:1095] InUse at 7fd2b561c000 of size 1982464 next 18446744073709551615
2025-06-15 02:33:23.829627: I external/local_tsl/tsl/framework/bfc_allocator.cc:1075] Next region of size 8388608
2025-06-15 02:33:23.830055: I external/local_tsl/tsl/framework/bfc_allocator.cc:1095] InUse at 7fd2b5800000 of size 884736 next 166
2025-06-15 02:33:23.830395: I external/local_tsl/tsl/framework/bfc_allocator.cc:1095] InUse at 7fd2b58d8000 of size 884736 next 54
2025-06-15 02:33:23.830698: I external/local_tsl/tsl/framework/bfc_allocator.cc:1095] InUse at 7fd2b59b0000 of size 1769472 next 52
2025-06-15 02:33:23.831023: I external/local_tsl/tsl/framework/bfc_allocator.cc:1095] InUse at 7fd2b5b60000 of size 4849664 next 18446744073709551615
2025-06-15 02:33:23.831339: I external/local_tsl/tsl/framework/bfc_allocator.cc:1100]      Summary of in-use Chunks by size: 
2025-06-15 02:33:23.831795: I external/local_tsl/tsl/framework/bfc_allocator.cc:1103] 155 Chunks of size 256 totalling 38.8KiB
2025-06-15 02:33:23.832195: I external/local_tsl/tsl/framework/bfc_allocator.cc:1103] 54 Chunks of size 512 totalling 27.0KiB
2025-06-15 02:33:23.832600: I external/local_tsl/tsl/framework/bfc_allocator.cc:1103] 1 Chunks of size 768 totalling 768B
2025-06-15 02:33:23.832998: I external/local_tsl/tsl/framework/bfc_allocator.cc:1103] 26 Chunks of size 1024 totalling 26.0KiB
2025-06-15 02:33:23.833399: I external/local_tsl/tsl/framework/bfc_allocator.cc:1103] 1 Chunks of size 1280 totalling 1.2KiB
2025-06-15 02:33:23.833816: I external/local_tsl/tsl/framework/bfc_allocator.cc:1103] 3 Chunks of size 3584 totalling 10.5KiB
2025-06-15 02:33:23.834214: I external/local_tsl/tsl/framework/bfc_allocator.cc:1103] 2 Chunks of size 65536 totalling 128.0KiB
2025-06-15 02:33:23.834665: I external/local_tsl/tsl/framework/bfc_allocator.cc:1103] 1 Chunks of size 95232 totalling 93.0KiB
2025-06-15 02:33:23.835130: I external/local_tsl/tsl/framework/bfc_allocator.cc:1103] 4 Chunks of size 110592 totalling 432.0KiB
2025-06-15 02:33:23.835561: I external/local_tsl/tsl/framework/bfc_allocator.cc:1103] 1 Chunks of size 141312 totalling 138.0KiB
2025-06-15 02:33:23.835970: I external/local_tsl/tsl/framework/bfc_allocator.cc:1103] 1 Chunks of size 192512 totalling 188.0KiB
2025-06-15 02:33:23.836409: I external/local_tsl/tsl/framework/bfc_allocator.cc:1103] 6 Chunks of size 221184 totalling 1.27MiB
2025-06-15 02:33:23.836862: I external/local_tsl/tsl/framework/bfc_allocator.cc:1103] 2 Chunks of size 262144 totalling 512.0KiB
2025-06-15 02:33:23.837269: I external/local_tsl/tsl/framework/bfc_allocator.cc:1103] 1 Chunks of size 360448 totalling 352.0KiB
2025-06-15 02:33:23.837685: I external/local_tsl/tsl/framework/bfc_allocator.cc:1103] 5 Chunks of size 442368 totalling 2.11MiB
2025-06-15 02:33:23.838121: I external/local_tsl/tsl/framework/bfc_allocator.cc:1103] 1 Chunks of size 867328 totalling 847.0KiB
2025-06-15 02:33:23.838596: I external/local_tsl/tsl/framework/bfc_allocator.cc:1103] 6 Chunks of size 884736 totalling 5.06MiB
2025-06-15 02:33:23.839116: I external/local_tsl/tsl/framework/bfc_allocator.cc:1103] 2 Chunks of size 1048576 totalling 2.00MiB
2025-06-15 02:33:23.839647: I external/local_tsl/tsl/framework/bfc_allocator.cc:1103] 6 Chunks of size 1769472 totalling 10.12MiB
2025-06-15 02:33:23.840156: I external/local_tsl/tsl/framework/bfc_allocator.cc:1103] 1 Chunks of size 1982464 totalling 1.89MiB
2025-06-15 02:33:23.840689: I external/local_tsl/tsl/framework/bfc_allocator.cc:1103] 4 Chunks of size 3538944 totalling 13.50MiB
2025-06-15 02:33:23.841099: I external/local_tsl/tsl/framework/bfc_allocator.cc:1103] 1 Chunks of size 4063232 totalling 3.88MiB
2025-06-15 02:33:23.841503: I external/local_tsl/tsl/framework/bfc_allocator.cc:1103] 1 Chunks of size 4849664 totalling 4.62MiB
2025-06-15 02:33:23.841903: I external/local_tsl/tsl/framework/bfc_allocator.cc:1103] 2 Chunks of size 7077888 totalling 13.50MiB
2025-06-15 02:33:23.842368: I external/local_tsl/tsl/framework/bfc_allocator.cc:1103] 1 Chunks of size 12320768 totalling 11.75MiB
2025-06-15 02:33:23.842683: I external/local_tsl/tsl/framework/bfc_allocator.cc:1103] 2 Chunks of size 15138816 totalling 28.88MiB
2025-06-15 02:33:23.843037: I external/local_tsl/tsl/framework/bfc_allocator.cc:1103] 4 Chunks of size 30277632 totalling 115.50MiB
2025-06-15 02:33:23.843402: I external/local_tsl/tsl/framework/bfc_allocator.cc:1103] 2 Chunks of size 60555264 totalling 115.50MiB
2025-06-15 02:33:23.843732: I external/local_tsl/tsl/framework/bfc_allocator.cc:1103] 1 Chunks of size 73662464 totalling 70.25MiB
2025-06-15 02:33:23.844013: I external/local_tsl/tsl/framework/bfc_allocator.cc:1103] 1 Chunks of size 116654080 totalling 111.25MiB
2025-06-15 02:33:23.844320: I external/local_tsl/tsl/framework/bfc_allocator.cc:1103] 6 Chunks of size 121110528 totalling 693.00MiB
2025-06-15 02:33:23.844626: I external/local_tsl/tsl/framework/bfc_allocator.cc:1103] 2 Chunks of size 209715200 totalling 400.00MiB
2025-06-15 02:33:23.844976: I external/local_tsl/tsl/framework/bfc_allocator.cc:1103] 3 Chunks of size 242221056 totalling 693.00MiB
2025-06-15 02:33:23.845302: I external/local_tsl/tsl/framework/bfc_allocator.cc:1103] 8 Chunks of size 484442112 totalling 3.61GiB
2025-06-15 02:33:23.845639: I external/local_tsl/tsl/framework/bfc_allocator.cc:1103] 1 Chunks of size 968884224 totalling 924.00MiB
2025-06-15 02:33:23.845954: I external/local_tsl/tsl/framework/bfc_allocator.cc:1103] 6 Chunks of size 1937768448 totalling 10.83GiB
2025-06-15 02:33:23.846324: I external/local_tsl/tsl/framework/bfc_allocator.cc:1107] Sum Total of in-use chunks: 17.58GiB
2025-06-15 02:33:23.846763: I external/local_tsl/tsl/framework/bfc_allocator.cc:1109] Total bytes in pool: 23575789568 memory_limit_: 23575789568 available bytes: 0 curr_region_allocation_bytes_: 34359738368
2025-06-15 02:33:23.847094: I external/local_tsl/tsl/framework/bfc_allocator.cc:1114] Stats: 
Limit:                     23575789568
InUse:                     18882554112
MaxInUse:                  22800760320
NumAllocs:                         912
MaxAllocSize:               4135495424
Reserved:                            0
PeakReserved:                        0
LargestFreeBlock:                    0

2025-06-15 02:33:23.847431: W external/local_tsl/tsl/framework/bfc_allocator.cc:497] ________*********________************************************_**************************************
2025-06-15 02:33:23.847758: W tensorflow/core/framework/op_kernel.cc:1839] OP_REQUIRES failed at concat_op.cc:165 : RESOURCE_EXHAUSTED: OOM when allocating tensor with shape[2,64,192,224,176] and type float on /job:localhost/replica:0/task:0/device:GPU:0 by allocator GPU_0_bfc
Traceback (most recent call last):
  File "/mnt/beegfs/hellgate/home/rb194958e/stroke_segmentation_sota/batch_wise_train.py", line 277, in <module>
    if main():
       ^^^^^^
  File "/mnt/beegfs/hellgate/home/rb194958e/stroke_segmentation_sota/batch_wise_train.py", line 256, in main
    history = model.fit(
              ^^^^^^^^^^
  File "/mnt/beegfs/hellgate/home/rb194958e/.conda/envs/tf215_env/lib/python3.11/site-packages/keras/src/utils/traceback_utils.py", line 70, in error_handler
    raise e.with_traceback(filtered_tb) from None
  File "/mnt/beegfs/hellgate/home/rb194958e/.conda/envs/tf215_env/lib/python3.11/site-packages/tensorflow/python/eager/execute.py", line 53, in quick_execute
    tensors = pywrap_tfe.TFE_Py_Execute(ctx._handle, device_name, op_name,
  ^^^^^^^^^^^^^^^^^^^^^^^^^^^^^^^^^^^^^^^^^^^^^^^^^^^^^^^^^^^^^^^^^^^^^^^^
tensorflow.python.framework.errors_impl.ResourceExhaustedError: Graph execution error:

Detected at node model/concatenate_2/concat defined at (most recent call last):
  File "/mnt/beegfs/hellgate/home/rb194958e/stroke_segmentation_sota/batch_wise_train.py", line 277, in <module>

  File "/mnt/beegfs/hellgate/home/rb194958e/stroke_segmentation_sota/batch_wise_train.py", line 256, in main

  File "/mnt/beegfs/hellgate/home/rb194958e/.conda/envs/tf215_env/lib/python3.11/site-packages/keras/src/utils/traceback_utils.py", line 65, in error_handler

  File "/mnt/beegfs/hellgate/home/rb194958e/.conda/envs/tf215_env/lib/python3.11/site-packages/keras/src/engine/training.py", line 1807, in fit

  File "/mnt/beegfs/hellgate/home/rb194958e/.conda/envs/tf215_env/lib/python3.11/site-packages/keras/src/engine/training.py", line 1401, in train_function

  File "/mnt/beegfs/hellgate/home/rb194958e/.conda/envs/tf215_env/lib/python3.11/site-packages/keras/src/engine/training.py", line 1384, in step_function

  File "/mnt/beegfs/hellgate/home/rb194958e/.conda/envs/tf215_env/lib/python3.11/site-packages/keras/src/engine/training.py", line 1373, in run_step

  File "/mnt/beegfs/hellgate/home/rb194958e/.conda/envs/tf215_env/lib/python3.11/site-packages/keras/src/engine/training.py", line 1150, in train_step

  File "/mnt/beegfs/hellgate/home/rb194958e/.conda/envs/tf215_env/lib/python3.11/site-packages/keras/src/utils/traceback_utils.py", line 65, in error_handler

  File "/mnt/beegfs/hellgate/home/rb194958e/.conda/envs/tf215_env/lib/python3.11/site-packages/keras/src/engine/training.py", line 590, in __call__

  File "/mnt/beegfs/hellgate/home/rb194958e/.conda/envs/tf215_env/lib/python3.11/site-packages/keras/src/utils/traceback_utils.py", line 65, in error_handler

  File "/mnt/beegfs/hellgate/home/rb194958e/.conda/envs/tf215_env/lib/python3.11/site-packages/keras/src/engine/base_layer.py", line 1149, in __call__

  File "/mnt/beegfs/hellgate/home/rb194958e/.conda/envs/tf215_env/lib/python3.11/site-packages/keras/src/utils/traceback_utils.py", line 96, in error_handler

  File "/mnt/beegfs/hellgate/home/rb194958e/.conda/envs/tf215_env/lib/python3.11/site-packages/keras/src/engine/functional.py", line 515, in call

  File "/mnt/beegfs/hellgate/home/rb194958e/.conda/envs/tf215_env/lib/python3.11/site-packages/keras/src/engine/functional.py", line 672, in _run_internal_graph

  File "/mnt/beegfs/hellgate/home/rb194958e/.conda/envs/tf215_env/lib/python3.11/site-packages/keras/src/utils/traceback_utils.py", line 65, in error_handler

  File "/mnt/beegfs/hellgate/home/rb194958e/.conda/envs/tf215_env/lib/python3.11/site-packages/keras/src/engine/base_layer.py", line 1149, in __call__

  File "/mnt/beegfs/hellgate/home/rb194958e/.conda/envs/tf215_env/lib/python3.11/site-packages/keras/src/utils/traceback_utils.py", line 96, in error_handler

  File "/mnt/beegfs/hellgate/home/rb194958e/.conda/envs/tf215_env/lib/python3.11/site-packages/keras/src/layers/merging/base_merge.py", line 196, in call

  File "/mnt/beegfs/hellgate/home/rb194958e/.conda/envs/tf215_env/lib/python3.11/site-packages/keras/src/layers/merging/concatenate.py", line 134, in _merge_function

  File "/mnt/beegfs/hellgate/home/rb194958e/.conda/envs/tf215_env/lib/python3.11/site-packages/keras/src/backend.py", line 3580, in concatenate

OOM when allocating tensor with shape[2,64,192,224,176] and type float on /job:localhost/replica:0/task:0/device:GPU:0 by allocator GPU_0_bfc
	 [[{{node model/concatenate_2/concat}}]]
Hint: If you want to see a list of allocated tensors when OOM happens, add report_tensor_allocations_upon_oom to RunOptions for current allocation info. This isn't available when running in Eager mode.
 [Op:__inference_train_function_7309]
2025-06-15 02:33:24.004489: W tensorflow/core/kernels/data/generator_dataset_op.cc:108] Error occurred when finalizing GeneratorDataset iterator: FAILED_PRECONDITION: Python interpreter state is not initialized. The process may be terminated.
	 [[{{node PyFunc}}]]
/var/spool/slurmd/job1124247/slurm_script: line 320: EOF: command not found
/var/spool/slurmd/job1124247/slurm_script: line 330: unexpected EOF while looking for matching ``'
/var/spool/slurmd/job1124247/slurm_script: line 339: syntax error: unexpected end of file
