2025-06-14 17:08:56.834811: I tensorflow/core/util/port.cc:113] oneDNN custom operations are on. You may see slightly different numerical results due to floating-point round-off errors from different computation orders. To turn them off, set the environment variable `TF_ENABLE_ONEDNN_OPTS=0`.
2025-06-14 17:08:57.543414: E external/local_xla/xla/stream_executor/cuda/cuda_dnn.cc:9261] Unable to register cuDNN factory: Attempting to register factory for plugin cuDNN when one has already been registered
2025-06-14 17:08:57.544015: E external/local_xla/xla/stream_executor/cuda/cuda_fft.cc:607] Unable to register cuFFT factory: Attempting to register factory for plugin cuFFT when one has already been registered
2025-06-14 17:08:57.658157: E external/local_xla/xla/stream_executor/cuda/cuda_blas.cc:1515] Unable to register cuBLAS factory: Attempting to register factory for plugin cuBLAS when one has already been registered
2025-06-14 17:08:57.907762: I tensorflow/core/platform/cpu_feature_guard.cc:182] This TensorFlow binary is optimized to use available CPU instructions in performance-critical operations.
To enable the following instructions: AVX2 AVX512F AVX512_VNNI FMA, in other operations, rebuild TensorFlow with the appropriate compiler flags.
2025-06-14 17:09:04.593039: W tensorflow/compiler/tf2tensorrt/utils/py_utils.cc:38] TF-TRT Warning: Could not find TensorRT
INFO:__main__:🚀 Starting Stroke Lesion Segmentation Training
INFO:__main__:Using 1 GPU(s)
INFO:__main__:Creating data generators...
INFO:__main__:Found 655 valid image/mask pairs
INFO:__main__:Found 655 valid image/mask pairs
INFO:__main__:Training batches: 262
INFO:__main__:Validation batches: 65
INFO:__main__:Building model...
2025-06-14 17:09:19.214354: I tensorflow/core/common_runtime/gpu/gpu_device.cc:1929] Created device /job:localhost/replica:0/task:0/device:GPU:0 with 22483 MB memory:  -> device: 0, name: NVIDIA RTX 4500 Ada Generation, pci bus id: 0000:1c:00.0, compute capability: 8.9
INFO:__main__:Model parameters: 5,605,345
INFO:__main__:Starting training...
pixdim[0] (qfac) should be 1 (default) or -1; setting qfac to 1
INFO:nibabel.global:pixdim[0] (qfac) should be 1 (default) or -1; setting qfac to 1
pixdim[0] (qfac) should be 1 (default) or -1; setting qfac to 1
INFO:nibabel.global:pixdim[0] (qfac) should be 1 (default) or -1; setting qfac to 1
pixdim[0] (qfac) should be 1 (default) or -1; setting qfac to 1
INFO:nibabel.global:pixdim[0] (qfac) should be 1 (default) or -1; setting qfac to 1
pixdim[0] (qfac) should be 1 (default) or -1; setting qfac to 1
INFO:nibabel.global:pixdim[0] (qfac) should be 1 (default) or -1; setting qfac to 1
2025-06-14 17:09:26.765732: I external/local_xla/xla/stream_executor/cuda/cuda_dnn.cc:454] Loaded cuDNN version 8907
pixdim[0] (qfac) should be 1 (default) or -1; setting qfac to 1
INFO:nibabel.global:pixdim[0] (qfac) should be 1 (default) or -1; setting qfac to 1
pixdim[0] (qfac) should be 1 (default) or -1; setting qfac to 1
INFO:nibabel.global:pixdim[0] (qfac) should be 1 (default) or -1; setting qfac to 1
pixdim[0] (qfac) should be 1 (default) or -1; setting qfac to 1
INFO:nibabel.global:pixdim[0] (qfac) should be 1 (default) or -1; setting qfac to 1
pixdim[0] (qfac) should be 1 (default) or -1; setting qfac to 1
INFO:nibabel.global:pixdim[0] (qfac) should be 1 (default) or -1; setting qfac to 1
pixdim[0] (qfac) should be 1 (default) or -1; setting qfac to 1
INFO:nibabel.global:pixdim[0] (qfac) should be 1 (default) or -1; setting qfac to 1
2025-06-14 17:09:43.250912: W external/local_tsl/tsl/framework/bfc_allocator.cc:296] Allocator (GPU_0_bfc) ran out of memory trying to allocate 2.27GiB with freed_by_count=0. The caller indicates that this is not a failure, but this may mean that there could be performance gains if more memory were available.
2025-06-14 17:09:43.352139: W external/local_tsl/tsl/framework/bfc_allocator.cc:296] Allocator (GPU_0_bfc) ran out of memory trying to allocate 2.30GiB with freed_by_count=0. The caller indicates that this is not a failure, but this may mean that there could be performance gains if more memory were available.
2025-06-14 17:09:43.353285: W external/local_tsl/tsl/framework/bfc_allocator.cc:296] Allocator (GPU_0_bfc) ran out of memory trying to allocate 2.27GiB with freed_by_count=0. The caller indicates that this is not a failure, but this may mean that there could be performance gains if more memory were available.
2025-06-14 17:09:43.974035: W external/local_tsl/tsl/framework/bfc_allocator.cc:296] Allocator (GPU_0_bfc) ran out of memory trying to allocate 2.27GiB with freed_by_count=0. The caller indicates that this is not a failure, but this may mean that there could be performance gains if more memory were available.
2025-06-14 17:09:44.027430: W external/local_tsl/tsl/framework/bfc_allocator.cc:296] Allocator (GPU_0_bfc) ran out of memory trying to allocate 2.30GiB with freed_by_count=0. The caller indicates that this is not a failure, but this may mean that there could be performance gains if more memory were available.
2025-06-14 17:09:44.028464: W external/local_tsl/tsl/framework/bfc_allocator.cc:296] Allocator (GPU_0_bfc) ran out of memory trying to allocate 2.27GiB with freed_by_count=0. The caller indicates that this is not a failure, but this may mean that there could be performance gains if more memory were available.
2025-06-14 17:09:54.649789: W external/local_tsl/tsl/framework/bfc_allocator.cc:485] Allocator (GPU_0_bfc) ran out of memory trying to allocate 3.61GiB (rounded to 3875536896)requested by op model/concatenate_2/concat
If the cause is memory fragmentation maybe the environment variable 'TF_GPU_ALLOCATOR=cuda_malloc_async' will improve the situation. 
Current allocation summary follows.
Current allocation summary follows.
2025-06-14 17:09:54.650856: I external/local_tsl/tsl/framework/bfc_allocator.cc:1039] BFCAllocator dump for GPU_0_bfc
2025-06-14 17:09:54.651590: I external/local_tsl/tsl/framework/bfc_allocator.cc:1046] Bin (256): 	Total Chunks: 155, Chunks in use: 155. 38.8KiB allocated for chunks. 38.8KiB in use in bin. 20.7KiB client-requested in use in bin.
2025-06-14 17:09:54.652096: I external/local_tsl/tsl/framework/bfc_allocator.cc:1046] Bin (512): 	Total Chunks: 56, Chunks in use: 55. 28.2KiB allocated for chunks. 27.8KiB in use in bin. 27.5KiB client-requested in use in bin.
2025-06-14 17:09:54.652519: I external/local_tsl/tsl/framework/bfc_allocator.cc:1046] Bin (1024): 	Total Chunks: 27, Chunks in use: 27. 27.2KiB allocated for chunks. 27.2KiB in use in bin. 27.0KiB client-requested in use in bin.
2025-06-14 17:09:54.652917: I external/local_tsl/tsl/framework/bfc_allocator.cc:1046] Bin (2048): 	Total Chunks: 3, Chunks in use: 3. 10.5KiB allocated for chunks. 10.5KiB in use in bin. 10.1KiB client-requested in use in bin.
2025-06-14 17:09:54.653290: I external/local_tsl/tsl/framework/bfc_allocator.cc:1046] Bin (4096): 	Total Chunks: 0, Chunks in use: 0. 0B allocated for chunks. 0B in use in bin. 0B client-requested in use in bin.
2025-06-14 17:09:54.653671: I external/local_tsl/tsl/framework/bfc_allocator.cc:1046] Bin (8192): 	Total Chunks: 0, Chunks in use: 0. 0B allocated for chunks. 0B in use in bin. 0B client-requested in use in bin.
2025-06-14 17:09:54.654085: I external/local_tsl/tsl/framework/bfc_allocator.cc:1046] Bin (16384): 	Total Chunks: 0, Chunks in use: 0. 0B allocated for chunks. 0B in use in bin. 0B client-requested in use in bin.
2025-06-14 17:09:54.654506: I external/local_tsl/tsl/framework/bfc_allocator.cc:1046] Bin (32768): 	Total Chunks: 0, Chunks in use: 0. 0B allocated for chunks. 0B in use in bin. 0B client-requested in use in bin.
2025-06-14 17:09:54.654901: I external/local_tsl/tsl/framework/bfc_allocator.cc:1046] Bin (65536): 	Total Chunks: 7, Chunks in use: 7. 653.0KiB allocated for chunks. 653.0KiB in use in bin. 624.0KiB client-requested in use in bin.
2025-06-14 17:09:54.655253: I external/local_tsl/tsl/framework/bfc_allocator.cc:1046] Bin (131072): 	Total Chunks: 8, Chunks in use: 8. 1.58MiB allocated for chunks. 1.58MiB in use in bin. 1.48MiB client-requested in use in bin.
2025-06-14 17:09:54.655663: I external/local_tsl/tsl/framework/bfc_allocator.cc:1046] Bin (262144): 	Total Chunks: 8, Chunks in use: 8. 2.95MiB allocated for chunks. 2.95MiB in use in bin. 2.86MiB client-requested in use in bin.
2025-06-14 17:09:54.656071: I external/local_tsl/tsl/framework/bfc_allocator.cc:1046] Bin (524288): 	Total Chunks: 7, Chunks in use: 7. 5.89MiB allocated for chunks. 5.89MiB in use in bin. 5.48MiB client-requested in use in bin.
2025-06-14 17:09:54.656444: I external/local_tsl/tsl/framework/bfc_allocator.cc:1046] Bin (1048576): 	Total Chunks: 9, Chunks in use: 9. 14.02MiB allocated for chunks. 14.02MiB in use in bin. 13.12MiB client-requested in use in bin.
2025-06-14 17:09:54.656827: I external/local_tsl/tsl/framework/bfc_allocator.cc:1046] Bin (2097152): 	Total Chunks: 5, Chunks in use: 5. 17.38MiB allocated for chunks. 17.38MiB in use in bin. 16.88MiB client-requested in use in bin.
2025-06-14 17:09:54.657183: I external/local_tsl/tsl/framework/bfc_allocator.cc:1046] Bin (4194304): 	Total Chunks: 3, Chunks in use: 3. 18.12MiB allocated for chunks. 18.12MiB in use in bin. 16.88MiB client-requested in use in bin.
2025-06-14 17:09:54.657536: I external/local_tsl/tsl/framework/bfc_allocator.cc:1046] Bin (8388608): 	Total Chunks: 3, Chunks in use: 3. 40.62MiB allocated for chunks. 40.62MiB in use in bin. 35.62MiB client-requested in use in bin.
2025-06-14 17:09:54.657926: I external/local_tsl/tsl/framework/bfc_allocator.cc:1046] Bin (16777216): 	Total Chunks: 5, Chunks in use: 4. 140.19MiB allocated for chunks. 115.50MiB in use in bin. 115.50MiB client-requested in use in bin.
2025-06-14 17:09:54.658301: I external/local_tsl/tsl/framework/bfc_allocator.cc:1046] Bin (33554432): 	Total Chunks: 2, Chunks in use: 2. 115.50MiB allocated for chunks. 115.50MiB in use in bin. 115.50MiB client-requested in use in bin.
2025-06-14 17:09:54.658664: I external/local_tsl/tsl/framework/bfc_allocator.cc:1046] Bin (67108864): 	Total Chunks: 8, Chunks in use: 8. 874.50MiB allocated for chunks. 874.50MiB in use in bin. 808.50MiB client-requested in use in bin.
2025-06-14 17:09:54.659062: I external/local_tsl/tsl/framework/bfc_allocator.cc:1046] Bin (134217728): 	Total Chunks: 5, Chunks in use: 5. 1.07GiB allocated for chunks. 1.07GiB in use in bin. 924.00MiB client-requested in use in bin.
2025-06-14 17:09:54.659419: I external/local_tsl/tsl/framework/bfc_allocator.cc:1046] Bin (268435456): 	Total Chunks: 18, Chunks in use: 15. 19.69GiB allocated for chunks. 15.34GiB in use in bin. 15.34GiB client-requested in use in bin.
2025-06-14 17:09:54.659834: I external/local_tsl/tsl/framework/bfc_allocator.cc:1062] Bin for 3.61GiB was 256.00MiB, Chunk State: 
2025-06-14 17:09:54.660203: I external/local_tsl/tsl/framework/bfc_allocator.cc:1068]   Size: 453.50MiB | Requested Size: 16.00MiB | in_use: 0 | bin_num: 20, prev:   Size: 462.00MiB | Requested Size: 462.00MiB | in_use: 1 | bin_num: -1
2025-06-14 17:09:54.660560: I external/local_tsl/tsl/framework/bfc_allocator.cc:1068]   Size: 1.80GiB | Requested Size: 1.80GiB | in_use: 0 | bin_num: 20, next:   Size: 1.80GiB | Requested Size: 1.80GiB | in_use: 1 | bin_num: -1
2025-06-14 17:09:54.660945: I external/local_tsl/tsl/framework/bfc_allocator.cc:1068]   Size: 2.10GiB | Requested Size: 1.82GiB | in_use: 0 | bin_num: 20, prev:   Size: 1.80GiB | Requested Size: 1.80GiB | in_use: 1 | bin_num: -1
2025-06-14 17:09:54.661349: I external/local_tsl/tsl/framework/bfc_allocator.cc:1075] Next region of size 6129582080
2025-06-14 17:09:54.661860: I external/local_tsl/tsl/framework/bfc_allocator.cc:1095] Free  at 7fdf36000000 of size 1937768448 next 107
2025-06-14 17:09:54.662268: I external/local_tsl/tsl/framework/bfc_allocator.cc:1095] InUse at 7fdfa9800000 of size 1937768448 next 329
2025-06-14 17:09:54.662668: I external/local_tsl/tsl/framework/bfc_allocator.cc:1095] Free  at 7fe01d000000 of size 2254045184 next 18446744073709551615
2025-06-14 17:09:54.663047: I external/local_tsl/tsl/framework/bfc_allocator.cc:1075] Next region of size 8589934592
2025-06-14 17:09:54.663469: I external/local_tsl/tsl/framework/bfc_allocator.cc:1095] InUse at 7fe0d8000000 of size 1937768448 next 282
2025-06-14 17:09:54.663810: I external/local_tsl/tsl/framework/bfc_allocator.cc:1095] InUse at 7fe14b800000 of size 242221056 next 283
2025-06-14 17:09:54.664198: I external/local_tsl/tsl/framework/bfc_allocator.cc:1095] InUse at 7fe159f00000 of size 484442112 next 284
2025-06-14 17:09:54.664623: I external/local_tsl/tsl/framework/bfc_allocator.cc:1095] InUse at 7fe176d00000 of size 484442112 next 285
2025-06-14 17:09:54.664998: I external/local_tsl/tsl/framework/bfc_allocator.cc:1095] InUse at 7fe193b00000 of size 484442112 next 29
2025-06-14 17:09:54.665379: I external/local_tsl/tsl/framework/bfc_allocator.cc:1095] InUse at 7fe1b0900000 of size 484442112 next 289
2025-06-14 17:09:54.665756: I external/local_tsl/tsl/framework/bfc_allocator.cc:1095] InUse at 7fe1cd700000 of size 484442112 next 293
2025-06-14 17:09:54.666173: I external/local_tsl/tsl/framework/bfc_allocator.cc:1095] InUse at 7fe1ea500000 of size 121110528 next 47
2025-06-14 17:09:54.666576: I external/local_tsl/tsl/framework/bfc_allocator.cc:1095] InUse at 7fe1f1880000 of size 121110528 next 296
2025-06-14 17:09:54.667017: I external/local_tsl/tsl/framework/bfc_allocator.cc:1095] InUse at 7fe1f8c00000 of size 121110528 next 300
2025-06-14 17:09:54.667488: I external/local_tsl/tsl/framework/bfc_allocator.cc:1095] InUse at 7fe1fff80000 of size 30277632 next 302
2025-06-14 17:09:54.667935: I external/local_tsl/tsl/framework/bfc_allocator.cc:1095] InUse at 7fe201c60000 of size 30277632 next 303
2025-06-14 17:09:54.668285: I external/local_tsl/tsl/framework/bfc_allocator.cc:1095] InUse at 7fe203940000 of size 30277632 next 66
2025-06-14 17:09:54.668669: I external/local_tsl/tsl/framework/bfc_allocator.cc:1095] InUse at 7fe205620000 of size 30277632 next 307
2025-06-14 17:09:54.669009: I external/local_tsl/tsl/framework/bfc_allocator.cc:1095] InUse at 7fe207300000 of size 121110528 next 76
2025-06-14 17:09:54.669355: I external/local_tsl/tsl/framework/bfc_allocator.cc:1095] InUse at 7fe20e680000 of size 121110528 next 312
2025-06-14 17:09:54.669769: I external/local_tsl/tsl/framework/bfc_allocator.cc:1095] InUse at 7fe215a00000 of size 242221056 next 311
2025-06-14 17:09:54.670114: I external/local_tsl/tsl/framework/bfc_allocator.cc:1095] InUse at 7fe224100000 of size 121110528 next 85
2025-06-14 17:09:54.670510: I external/local_tsl/tsl/framework/bfc_allocator.cc:1095] InUse at 7fe22b480000 of size 484442112 next 325
2025-06-14 17:09:54.670892: I external/local_tsl/tsl/framework/bfc_allocator.cc:1095] InUse at 7fe248280000 of size 484442112 next 320
2025-06-14 17:09:54.671251: I external/local_tsl/tsl/framework/bfc_allocator.cc:1095] InUse at 7fe265080000 of size 968884224 next 319
2025-06-14 17:09:54.671667: I external/local_tsl/tsl/framework/bfc_allocator.cc:1095] InUse at 7fe29ec80000 of size 484442112 next 91
2025-06-14 17:09:54.672065: I external/local_tsl/tsl/framework/bfc_allocator.cc:1095] Free  at 7fe2bba80000 of size 475529216 next 18446744073709551615
2025-06-14 17:09:54.672409: I external/local_tsl/tsl/framework/bfc_allocator.cc:1075] Next region of size 4294967296
2025-06-14 17:09:54.672848: I external/local_tsl/tsl/framework/bfc_allocator.cc:1095] InUse at 7fe2fc000000 of size 1937768448 next 11
2025-06-14 17:09:54.673229: I external/local_tsl/tsl/framework/bfc_allocator.cc:1095] InUse at 7fe36f800000 of size 1937768448 next 277
2025-06-14 17:09:54.673638: I external/local_tsl/tsl/framework/bfc_allocator.cc:1095] InUse at 7fe3e3000000 of size 242221056 next 20
2025-06-14 17:09:54.674080: I external/local_tsl/tsl/framework/bfc_allocator.cc:1095] InUse at 7fe3f1700000 of size 60555264 next 38
2025-06-14 17:09:54.674556: I external/local_tsl/tsl/framework/bfc_allocator.cc:1095] InUse at 7fe3f50c0000 of size 116654080 next 18446744073709551615
2025-06-14 17:09:54.674996: I external/local_tsl/tsl/framework/bfc_allocator.cc:1075] Next region of size 2147483648
2025-06-14 17:09:54.675449: I external/local_tsl/tsl/framework/bfc_allocator.cc:1095] InUse at 7fe428000000 of size 1937768448 next 265
2025-06-14 17:09:54.675823: I external/local_tsl/tsl/framework/bfc_allocator.cc:1095] InUse at 7fe49b800000 of size 209715200 next 18446744073709551615
2025-06-14 17:09:54.676210: I external/local_tsl/tsl/framework/bfc_allocator.cc:1075] Next region of size 2147483648
2025-06-14 17:09:54.676646: I external/local_tsl/tsl/framework/bfc_allocator.cc:1095] InUse at 7fe4b0000000 of size 1937768448 next 267
2025-06-14 17:09:54.677069: I external/local_tsl/tsl/framework/bfc_allocator.cc:1095] InUse at 7fe523800000 of size 209715200 next 18446744073709551615
2025-06-14 17:09:54.677441: I external/local_tsl/tsl/framework/bfc_allocator.cc:1075] Next region of size 134217728
2025-06-14 17:09:54.677880: I external/local_tsl/tsl/framework/bfc_allocator.cc:1095] InUse at 7fe5bc000000 of size 60555264 next 264
2025-06-14 17:09:54.678270: I external/local_tsl/tsl/framework/bfc_allocator.cc:1095] InUse at 7fe5bf9c0000 of size 73662464 next 18446744073709551615
2025-06-14 17:09:54.678652: I external/local_tsl/tsl/framework/bfc_allocator.cc:1075] Next region of size 67108864
2025-06-14 17:09:54.679097: I external/local_tsl/tsl/framework/bfc_allocator.cc:1095] InUse at 7fe5c4000000 of size 3538944 next 198
2025-06-14 17:09:54.679482: I external/local_tsl/tsl/framework/bfc_allocator.cc:1095] InUse at 7fe5c4360000 of size 1769472 next 205
2025-06-14 17:09:54.679890: I external/local_tsl/tsl/framework/bfc_allocator.cc:1095] InUse at 7fe5c4510000 of size 1769472 next 206
2025-06-14 17:09:54.680241: I external/local_tsl/tsl/framework/bfc_allocator.cc:1095] InUse at 7fe5c46c0000 of size 262144 next 213
2025-06-14 17:09:54.680631: I external/local_tsl/tsl/framework/bfc_allocator.cc:1095] InUse at 7fe5c4700000 of size 262144 next 214
2025-06-14 17:09:54.681021: I external/local_tsl/tsl/framework/bfc_allocator.cc:1095] InUse at 7fe5c4740000 of size 884736 next 217
2025-06-14 17:09:54.681406: I external/local_tsl/tsl/framework/bfc_allocator.cc:1095] InUse at 7fe5c4818000 of size 884736 next 218
2025-06-14 17:09:54.681777: I external/local_tsl/tsl/framework/bfc_allocator.cc:1095] InUse at 7fe5c48f0000 of size 442368 next 225
2025-06-14 17:09:54.682144: I external/local_tsl/tsl/framework/bfc_allocator.cc:1095] InUse at 7fe5c495c000 of size 442368 next 226
2025-06-14 17:09:54.682485: I external/local_tsl/tsl/framework/bfc_allocator.cc:1095] InUse at 7fe5c49c8000 of size 256 next 234
2025-06-14 17:09:54.682925: I external/local_tsl/tsl/framework/bfc_allocator.cc:1095] InUse at 7fe5c49c8100 of size 256 next 235
2025-06-14 17:09:54.683354: I external/local_tsl/tsl/framework/bfc_allocator.cc:1095] InUse at 7fe5c49c8200 of size 221184 next 236
2025-06-14 17:09:54.683733: I external/local_tsl/tsl/framework/bfc_allocator.cc:1095] InUse at 7fe5c49fe200 of size 221184 next 237
2025-06-14 17:09:54.684065: I external/local_tsl/tsl/framework/bfc_allocator.cc:1095] InUse at 7fe5c4a34200 of size 256 next 238
2025-06-14 17:09:54.684503: I external/local_tsl/tsl/framework/bfc_allocator.cc:1095] InUse at 7fe5c4a34300 of size 256 next 239
2025-06-14 17:09:54.684917: I external/local_tsl/tsl/framework/bfc_allocator.cc:1095] InUse at 7fe5c4a34400 of size 256 next 240
2025-06-14 17:09:54.685366: I external/local_tsl/tsl/framework/bfc_allocator.cc:1095] InUse at 7fe5c4a34500 of size 256 next 241
2025-06-14 17:09:54.685805: I external/local_tsl/tsl/framework/bfc_allocator.cc:1095] InUse at 7fe5c4a34600 of size 256 next 242
2025-06-14 17:09:54.686256: I external/local_tsl/tsl/framework/bfc_allocator.cc:1095] InUse at 7fe5c4a34700 of size 256 next 243
2025-06-14 17:09:54.686698: I external/local_tsl/tsl/framework/bfc_allocator.cc:1095] InUse at 7fe5c4a34800 of size 110592 next 244
2025-06-14 17:09:54.687165: I external/local_tsl/tsl/framework/bfc_allocator.cc:1095] InUse at 7fe5c4a4f800 of size 110592 next 245
2025-06-14 17:09:54.687539: I external/local_tsl/tsl/framework/bfc_allocator.cc:1095] InUse at 7fe5c4a6a800 of size 256 next 246
2025-06-14 17:09:54.687985: I external/local_tsl/tsl/framework/bfc_allocator.cc:1095] InUse at 7fe5c4a6a900 of size 256 next 247
2025-06-14 17:09:54.688441: I external/local_tsl/tsl/framework/bfc_allocator.cc:1095] InUse at 7fe5c4a6aa00 of size 256 next 248
2025-06-14 17:09:54.688888: I external/local_tsl/tsl/framework/bfc_allocator.cc:1095] InUse at 7fe5c4a6ab00 of size 256 next 249
2025-06-14 17:09:54.689289: I external/local_tsl/tsl/framework/bfc_allocator.cc:1095] InUse at 7fe5c4a6ac00 of size 256 next 250
2025-06-14 17:09:54.689768: I external/local_tsl/tsl/framework/bfc_allocator.cc:1095] InUse at 7fe5c4a6ad00 of size 256 next 251
2025-06-14 17:09:54.690216: I external/local_tsl/tsl/framework/bfc_allocator.cc:1095] InUse at 7fe5c4a6ae00 of size 256 next 252
2025-06-14 17:09:54.690692: I external/local_tsl/tsl/framework/bfc_allocator.cc:1095] InUse at 7fe5c4a6af00 of size 256 next 253
2025-06-14 17:09:54.691152: I external/local_tsl/tsl/framework/bfc_allocator.cc:1095] InUse at 7fe5c4a6b000 of size 256 next 254
2025-06-14 17:09:54.691602: I external/local_tsl/tsl/framework/bfc_allocator.cc:1095] InUse at 7fe5c4a6b100 of size 256 next 255
2025-06-14 17:09:54.692032: I external/local_tsl/tsl/framework/bfc_allocator.cc:1095] InUse at 7fe5c4a6b200 of size 256 next 256
2025-06-14 17:09:54.692512: I external/local_tsl/tsl/framework/bfc_allocator.cc:1095] InUse at 7fe5c4a6b300 of size 256 next 257
2025-06-14 17:09:54.692939: I external/local_tsl/tsl/framework/bfc_allocator.cc:1095] InUse at 7fe5c4a6b400 of size 256 next 258
2025-06-14 17:09:54.693364: I external/local_tsl/tsl/framework/bfc_allocator.cc:1095] InUse at 7fe5c4a6b500 of size 256 next 259
2025-06-14 17:09:54.693795: I external/local_tsl/tsl/framework/bfc_allocator.cc:1095] InUse at 7fe5c4a6b600 of size 256 next 260
2025-06-14 17:09:54.694216: I external/local_tsl/tsl/framework/bfc_allocator.cc:1095] InUse at 7fe5c4a6b700 of size 256 next 261
2025-06-14 17:09:54.694640: I external/local_tsl/tsl/framework/bfc_allocator.cc:1095] InUse at 7fe5c4a6b800 of size 256 next 262
2025-06-14 17:09:54.695043: I external/local_tsl/tsl/framework/bfc_allocator.cc:1095] InUse at 7fe5c4a6b900 of size 256 next 263
2025-06-14 17:09:54.695438: I external/local_tsl/tsl/framework/bfc_allocator.cc:1095] InUse at 7fe5c4a6ba00 of size 256 next 272
2025-06-14 17:09:54.695921: I external/local_tsl/tsl/framework/bfc_allocator.cc:1095] InUse at 7fe5c4a6bb00 of size 256 next 274
2025-06-14 17:09:54.696332: I external/local_tsl/tsl/framework/bfc_allocator.cc:1095] InUse at 7fe5c4a6bc00 of size 256 next 275
2025-06-14 17:09:54.696775: I external/local_tsl/tsl/framework/bfc_allocator.cc:1095] InUse at 7fe5c4a6bd00 of size 256 next 276
2025-06-14 17:09:54.697196: I external/local_tsl/tsl/framework/bfc_allocator.cc:1095] InUse at 7fe5c4a6be00 of size 256 next 280
2025-06-14 17:09:54.697623: I external/local_tsl/tsl/framework/bfc_allocator.cc:1095] InUse at 7fe5c4a6bf00 of size 256 next 281
2025-06-14 17:09:54.698085: I external/local_tsl/tsl/framework/bfc_allocator.cc:1095] InUse at 7fe5c4a6c000 of size 256 next 287
2025-06-14 17:09:54.698556: I external/local_tsl/tsl/framework/bfc_allocator.cc:1095] InUse at 7fe5c4a6c100 of size 256 next 288
2025-06-14 17:09:54.698990: I external/local_tsl/tsl/framework/bfc_allocator.cc:1095] InUse at 7fe5c4a6c200 of size 256 next 291
2025-06-14 17:09:54.699399: I external/local_tsl/tsl/framework/bfc_allocator.cc:1095] InUse at 7fe5c4a6c300 of size 256 next 292
2025-06-14 17:09:54.699853: I external/local_tsl/tsl/framework/bfc_allocator.cc:1095] InUse at 7fe5c4a6c400 of size 512 next 294
2025-06-14 17:09:54.700268: I external/local_tsl/tsl/framework/bfc_allocator.cc:1095] InUse at 7fe5c4a6c600 of size 768 next 268
2025-06-14 17:09:54.700758: I external/local_tsl/tsl/framework/bfc_allocator.cc:1095] InUse at 7fe5c4a6c900 of size 256 next 269
2025-06-14 17:09:54.701189: I external/local_tsl/tsl/framework/bfc_allocator.cc:1095] InUse at 7fe5c4a6ca00 of size 256 next 270
2025-06-14 17:09:54.701620: I external/local_tsl/tsl/framework/bfc_allocator.cc:1095] InUse at 7fe5c4a6cb00 of size 512 next 295
2025-06-14 17:09:54.702066: I external/local_tsl/tsl/framework/bfc_allocator.cc:1095] InUse at 7fe5c4a6cd00 of size 512 next 298
2025-06-14 17:09:54.702526: I external/local_tsl/tsl/framework/bfc_allocator.cc:1095] InUse at 7fe5c4a6cf00 of size 512 next 299
2025-06-14 17:09:54.702961: I external/local_tsl/tsl/framework/bfc_allocator.cc:1095] InUse at 7fe5c4a6d100 of size 15138816 next 56
2025-06-14 17:09:54.703320: I external/local_tsl/tsl/framework/bfc_allocator.cc:1095] InUse at 7fe5c58dd100 of size 15138816 next 301
2025-06-14 17:09:54.703704: I external/local_tsl/tsl/framework/bfc_allocator.cc:1095] InUse at 7fe5c674d100 of size 1024 next 304
2025-06-14 17:09:54.704135: I external/local_tsl/tsl/framework/bfc_allocator.cc:1095] InUse at 7fe5c674d500 of size 1024 next 305
2025-06-14 17:09:54.704573: I external/local_tsl/tsl/framework/bfc_allocator.cc:1095] InUse at 7fe5c674d900 of size 1024 next 306
2025-06-14 17:09:54.705004: I external/local_tsl/tsl/framework/bfc_allocator.cc:1095] InUse at 7fe5c674dd00 of size 1024 next 309
2025-06-14 17:09:54.705460: I external/local_tsl/tsl/framework/bfc_allocator.cc:1095] InUse at 7fe5c674e100 of size 1024 next 310
2025-06-14 17:09:54.706057: I external/local_tsl/tsl/framework/bfc_allocator.cc:1095] InUse at 7fe5c674e500 of size 512 next 317
2025-06-14 17:09:54.706611: I external/local_tsl/tsl/framework/bfc_allocator.cc:1095] InUse at 7fe5c674e700 of size 512 next 318
2025-06-14 17:09:54.707083: I external/local_tsl/tsl/framework/bfc_allocator.cc:1095] InUse at 7fe5c674e900 of size 256 next 326
2025-06-14 17:09:54.707500: I external/local_tsl/tsl/framework/bfc_allocator.cc:1095] InUse at 7fe5c674ea00 of size 256 next 327
2025-06-14 17:09:54.707942: I external/local_tsl/tsl/framework/bfc_allocator.cc:1095] Free  at 7fe5c674eb00 of size 25892096 next 18446744073709551615
2025-06-14 17:09:54.708310: I external/local_tsl/tsl/framework/bfc_allocator.cc:1075] Next region of size 33554432
2025-06-14 17:09:54.708757: I external/local_tsl/tsl/framework/bfc_allocator.cc:1095] InUse at 7fe5dc000000 of size 3538944 next 83
2025-06-14 17:09:54.709096: I external/local_tsl/tsl/framework/bfc_allocator.cc:1095] InUse at 7fe5dc360000 of size 221184 next 152
2025-06-14 17:09:54.709468: I external/local_tsl/tsl/framework/bfc_allocator.cc:1095] InUse at 7fe5dc396000 of size 221184 next 106
2025-06-14 17:09:54.709798: I external/local_tsl/tsl/framework/bfc_allocator.cc:1095] InUse at 7fe5dc3cc000 of size 442368 next 100
2025-06-14 17:09:54.710146: I external/local_tsl/tsl/framework/bfc_allocator.cc:1095] InUse at 7fe5dc438000 of size 884736 next 90
2025-06-14 17:09:54.710487: I external/local_tsl/tsl/framework/bfc_allocator.cc:1095] InUse at 7fe5dc510000 of size 1769472 next 74
2025-06-14 17:09:54.710838: I external/local_tsl/tsl/framework/bfc_allocator.cc:1095] InUse at 7fe5dc6c0000 of size 7077888 next 72
2025-06-14 17:09:54.711174: I external/local_tsl/tsl/framework/bfc_allocator.cc:1095] InUse at 7fe5dcd80000 of size 7077888 next 187
2025-06-14 17:09:54.711525: I external/local_tsl/tsl/framework/bfc_allocator.cc:1095] InUse at 7fe5dd440000 of size 12320768 next 18446744073709551615
2025-06-14 17:09:54.711872: I external/local_tsl/tsl/framework/bfc_allocator.cc:1075] Next region of size 16777216
2025-06-14 17:09:54.712332: I external/local_tsl/tsl/framework/bfc_allocator.cc:1095] InUse at 7fe5de000000 of size 1769472 next 173
2025-06-14 17:09:54.712697: I external/local_tsl/tsl/framework/bfc_allocator.cc:1095] InUse at 7fe5de1b0000 of size 1769472 next 64
2025-06-14 17:09:54.713035: I external/local_tsl/tsl/framework/bfc_allocator.cc:1095] InUse at 7fe5de360000 of size 3538944 next 62
2025-06-14 17:09:54.713392: I external/local_tsl/tsl/framework/bfc_allocator.cc:1095] InUse at 7fe5de6c0000 of size 3538944 next 180
2025-06-14 17:09:54.713758: I external/local_tsl/tsl/framework/bfc_allocator.cc:1095] InUse at 7fe5dea20000 of size 1048576 next 194
2025-06-14 17:09:54.714106: I external/local_tsl/tsl/framework/bfc_allocator.cc:1095] InUse at 7fe5deb20000 of size 1048576 next 195
2025-06-14 17:09:54.714445: I external/local_tsl/tsl/framework/bfc_allocator.cc:1095] InUse at 7fe5dec20000 of size 4063232 next 18446744073709551615
2025-06-14 17:09:54.714836: I external/local_tsl/tsl/framework/bfc_allocator.cc:1075] Next region of size 2097152
2025-06-14 17:09:54.715269: I external/local_tsl/tsl/framework/bfc_allocator.cc:1095] InUse at 7fe646e00000 of size 1280 next 1
2025-06-14 17:09:54.715673: I external/local_tsl/tsl/framework/bfc_allocator.cc:1095] InUse at 7fe646e00500 of size 256 next 2
2025-06-14 17:09:54.716089: I external/local_tsl/tsl/framework/bfc_allocator.cc:1095] InUse at 7fe646e00600 of size 256 next 3
2025-06-14 17:09:54.716517: I external/local_tsl/tsl/framework/bfc_allocator.cc:1095] InUse at 7fe646e00700 of size 256 next 5
2025-06-14 17:09:54.716972: I external/local_tsl/tsl/framework/bfc_allocator.cc:1095] InUse at 7fe646e00800 of size 256 next 6
2025-06-14 17:09:54.717409: I external/local_tsl/tsl/framework/bfc_allocator.cc:1095] InUse at 7fe646e00900 of size 256 next 4
2025-06-14 17:09:54.717875: I external/local_tsl/tsl/framework/bfc_allocator.cc:1095] InUse at 7fe646e00a00 of size 256 next 7
2025-06-14 17:09:54.718315: I external/local_tsl/tsl/framework/bfc_allocator.cc:1095] InUse at 7fe646e00b00 of size 256 next 10
2025-06-14 17:09:54.718788: I external/local_tsl/tsl/framework/bfc_allocator.cc:1095] InUse at 7fe646e00c00 of size 256 next 278
2025-06-14 17:09:54.719212: I external/local_tsl/tsl/framework/bfc_allocator.cc:1095] InUse at 7fe646e00d00 of size 256 next 12
2025-06-14 17:09:54.719640: I external/local_tsl/tsl/framework/bfc_allocator.cc:1095] InUse at 7fe646e00e00 of size 256 next 13
2025-06-14 17:09:54.720084: I external/local_tsl/tsl/framework/bfc_allocator.cc:1095] InUse at 7fe646e00f00 of size 256 next 14
2025-06-14 17:09:54.720534: I external/local_tsl/tsl/framework/bfc_allocator.cc:1095] InUse at 7fe646e01000 of size 256 next 17
2025-06-14 17:09:54.720962: I external/local_tsl/tsl/framework/bfc_allocator.cc:1095] InUse at 7fe646e01100 of size 256 next 15
2025-06-14 17:09:54.721444: I external/local_tsl/tsl/framework/bfc_allocator.cc:1095] InUse at 7fe646e01200 of size 256 next 16
2025-06-14 17:09:54.721877: I external/local_tsl/tsl/framework/bfc_allocator.cc:1095] InUse at 7fe646e01300 of size 256 next 286
2025-06-14 17:09:54.722318: I external/local_tsl/tsl/framework/bfc_allocator.cc:1095] InUse at 7fe646e01400 of size 256 next 21
2025-06-14 17:09:54.722794: I external/local_tsl/tsl/framework/bfc_allocator.cc:1095] InUse at 7fe646e01500 of size 256 next 22
2025-06-14 17:09:54.723225: I external/local_tsl/tsl/framework/bfc_allocator.cc:1095] InUse at 7fe646e01600 of size 256 next 23
2025-06-14 17:09:54.723658: I external/local_tsl/tsl/framework/bfc_allocator.cc:1095] InUse at 7fe646e01700 of size 256 next 24
2025-06-14 17:09:54.724140: I external/local_tsl/tsl/framework/bfc_allocator.cc:1095] InUse at 7fe646e01800 of size 256 next 25
2025-06-14 17:09:54.724585: I external/local_tsl/tsl/framework/bfc_allocator.cc:1095] InUse at 7fe646e01900 of size 256 next 28
2025-06-14 17:09:54.725037: I external/local_tsl/tsl/framework/bfc_allocator.cc:1095] InUse at 7fe646e01a00 of size 256 next 290
2025-06-14 17:09:54.725502: I external/local_tsl/tsl/framework/bfc_allocator.cc:1095] InUse at 7fe646e01b00 of size 256 next 30
2025-06-14 17:09:54.726010: I external/local_tsl/tsl/framework/bfc_allocator.cc:1095] InUse at 7fe646e01c00 of size 256 next 31
2025-06-14 17:09:54.726440: I external/local_tsl/tsl/framework/bfc_allocator.cc:1095] InUse at 7fe646e01d00 of size 256 next 32
2025-06-14 17:09:54.726904: I external/local_tsl/tsl/framework/bfc_allocator.cc:1095] InUse at 7fe646e01e00 of size 256 next 35
2025-06-14 17:09:54.727321: I external/local_tsl/tsl/framework/bfc_allocator.cc:1095] InUse at 7fe646e01f00 of size 256 next 33
2025-06-14 17:09:54.727784: I external/local_tsl/tsl/framework/bfc_allocator.cc:1095] InUse at 7fe646e02000 of size 256 next 34
2025-06-14 17:09:54.728195: I external/local_tsl/tsl/framework/bfc_allocator.cc:1095] InUse at 7fe646e02100 of size 512 next 39
2025-06-14 17:09:54.728607: I external/local_tsl/tsl/framework/bfc_allocator.cc:1095] InUse at 7fe646e02300 of size 256 next 40
2025-06-14 17:09:54.729036: I external/local_tsl/tsl/framework/bfc_allocator.cc:1095] InUse at 7fe646e02400 of size 256 next 41
2025-06-14 17:09:54.729484: I external/local_tsl/tsl/framework/bfc_allocator.cc:1095] InUse at 7fe646e02500 of size 256 next 8
2025-06-14 17:09:54.729937: I external/local_tsl/tsl/framework/bfc_allocator.cc:1095] InUse at 7fe646e02600 of size 3584 next 9
2025-06-14 17:09:54.730360: I external/local_tsl/tsl/framework/bfc_allocator.cc:1095] InUse at 7fe646e03400 of size 512 next 42
2025-06-14 17:09:54.730815: I external/local_tsl/tsl/framework/bfc_allocator.cc:1095] InUse at 7fe646e03600 of size 512 next 45
2025-06-14 17:09:54.731284: I external/local_tsl/tsl/framework/bfc_allocator.cc:1095] InUse at 7fe646e03800 of size 512 next 46
2025-06-14 17:09:54.731732: I external/local_tsl/tsl/framework/bfc_allocator.cc:1095] InUse at 7fe646e03a00 of size 512 next 297
2025-06-14 17:09:54.732159: I external/local_tsl/tsl/framework/bfc_allocator.cc:1095] InUse at 7fe646e03c00 of size 512 next 48
2025-06-14 17:09:54.732610: I external/local_tsl/tsl/framework/bfc_allocator.cc:1095] InUse at 7fe646e03e00 of size 256 next 49
2025-06-14 17:09:54.733045: I external/local_tsl/tsl/framework/bfc_allocator.cc:1095] InUse at 7fe646e03f00 of size 512 next 50
2025-06-14 17:09:54.733498: I external/local_tsl/tsl/framework/bfc_allocator.cc:1095] InUse at 7fe646e04100 of size 512 next 51
2025-06-14 17:09:54.733974: I external/local_tsl/tsl/framework/bfc_allocator.cc:1095] InUse at 7fe646e04300 of size 512 next 55
2025-06-14 17:09:54.734388: I external/local_tsl/tsl/framework/bfc_allocator.cc:1095] InUse at 7fe646e04500 of size 1024 next 57
2025-06-14 17:09:54.734810: I external/local_tsl/tsl/framework/bfc_allocator.cc:1095] InUse at 7fe646e04900 of size 256 next 58
2025-06-14 17:09:54.735246: I external/local_tsl/tsl/framework/bfc_allocator.cc:1095] InUse at 7fe646e04a00 of size 256 next 59
2025-06-14 17:09:54.735662: I external/local_tsl/tsl/framework/bfc_allocator.cc:1095] InUse at 7fe646e04b00 of size 1024 next 60
2025-06-14 17:09:54.736080: I external/local_tsl/tsl/framework/bfc_allocator.cc:1095] InUse at 7fe646e04f00 of size 1024 next 61
2025-06-14 17:09:54.736516: I external/local_tsl/tsl/framework/bfc_allocator.cc:1095] InUse at 7fe646e05300 of size 1024 next 65
2025-06-14 17:09:54.736953: I external/local_tsl/tsl/framework/bfc_allocator.cc:1095] InUse at 7fe646e05700 of size 1024 next 308
2025-06-14 17:09:54.737376: I external/local_tsl/tsl/framework/bfc_allocator.cc:1095] InUse at 7fe646e05b00 of size 1024 next 67
2025-06-14 17:09:54.737846: I external/local_tsl/tsl/framework/bfc_allocator.cc:1095] InUse at 7fe646e05f00 of size 256 next 68
2025-06-14 17:09:54.738291: I external/local_tsl/tsl/framework/bfc_allocator.cc:1095] InUse at 7fe646e06000 of size 256 next 69
2025-06-14 17:09:54.738701: I external/local_tsl/tsl/framework/bfc_allocator.cc:1095] InUse at 7fe646e06100 of size 1024 next 70
2025-06-14 17:09:54.739121: I external/local_tsl/tsl/framework/bfc_allocator.cc:1095] InUse at 7fe646e06500 of size 1024 next 71
2025-06-14 17:09:54.739568: I external/local_tsl/tsl/framework/bfc_allocator.cc:1095] InUse at 7fe646e06900 of size 1024 next 75
2025-06-14 17:09:54.740017: I external/local_tsl/tsl/framework/bfc_allocator.cc:1095] InUse at 7fe646e06d00 of size 512 next 313
2025-06-14 17:09:54.740446: I external/local_tsl/tsl/framework/bfc_allocator.cc:1095] InUse at 7fe646e06f00 of size 512 next 314
2025-06-14 17:09:54.740869: I external/local_tsl/tsl/framework/bfc_allocator.cc:1095] InUse at 7fe646e07100 of size 512 next 315
2025-06-14 17:09:54.741305: I external/local_tsl/tsl/framework/bfc_allocator.cc:1095] InUse at 7fe646e07300 of size 512 next 77
2025-06-14 17:09:54.741738: I external/local_tsl/tsl/framework/bfc_allocator.cc:1095] InUse at 7fe646e07500 of size 256 next 78
2025-06-14 17:09:54.742173: I external/local_tsl/tsl/framework/bfc_allocator.cc:1095] InUse at 7fe646e07600 of size 256 next 79
2025-06-14 17:09:54.742574: I external/local_tsl/tsl/framework/bfc_allocator.cc:1095] InUse at 7fe646e07700 of size 512 next 80
2025-06-14 17:09:54.743037: I external/local_tsl/tsl/framework/bfc_allocator.cc:1095] InUse at 7fe646e07900 of size 512 next 81
2025-06-14 17:09:54.743487: I external/local_tsl/tsl/framework/bfc_allocator.cc:1095] InUse at 7fe646e07b00 of size 512 next 82
2025-06-14 17:09:54.743897: I external/local_tsl/tsl/framework/bfc_allocator.cc:1095] InUse at 7fe646e07d00 of size 512 next 84
2025-06-14 17:09:54.744306: I external/local_tsl/tsl/framework/bfc_allocator.cc:1095] InUse at 7fe646e07f00 of size 512 next 316
2025-06-14 17:09:54.744776: I external/local_tsl/tsl/framework/bfc_allocator.cc:1095] InUse at 7fe646e08100 of size 512 next 86
2025-06-14 17:09:54.745233: I external/local_tsl/tsl/framework/bfc_allocator.cc:1095] InUse at 7fe646e08300 of size 512 next 87
2025-06-14 17:09:54.745659: I external/local_tsl/tsl/framework/bfc_allocator.cc:1095] InUse at 7fe646e08500 of size 512 next 88
2025-06-14 17:09:54.746124: I external/local_tsl/tsl/framework/bfc_allocator.cc:1095] InUse at 7fe646e08700 of size 512 next 89
2025-06-14 17:09:54.746586: I external/local_tsl/tsl/framework/bfc_allocator.cc:1095] InUse at 7fe646e08900 of size 256 next 321
2025-06-14 17:09:54.747041: I external/local_tsl/tsl/framework/bfc_allocator.cc:1095] InUse at 7fe646e08a00 of size 256 next 323
2025-06-14 17:09:54.747470: I external/local_tsl/tsl/framework/bfc_allocator.cc:1095] InUse at 7fe646e08b00 of size 256 next 324
2025-06-14 17:09:54.747889: I external/local_tsl/tsl/framework/bfc_allocator.cc:1095] InUse at 7fe646e08c00 of size 256 next 92
2025-06-14 17:09:54.748345: I external/local_tsl/tsl/framework/bfc_allocator.cc:1095] InUse at 7fe646e08d00 of size 256 next 93
2025-06-14 17:09:54.748750: I external/local_tsl/tsl/framework/bfc_allocator.cc:1095] InUse at 7fe646e08e00 of size 256 next 94
2025-06-14 17:09:54.749150: I external/local_tsl/tsl/framework/bfc_allocator.cc:1095] InUse at 7fe646e08f00 of size 256 next 97
2025-06-14 17:09:54.749573: I external/local_tsl/tsl/framework/bfc_allocator.cc:1095] InUse at 7fe646e09000 of size 256 next 95
2025-06-14 17:09:54.749992: I external/local_tsl/tsl/framework/bfc_allocator.cc:1095] InUse at 7fe646e09100 of size 256 next 96
2025-06-14 17:09:54.750397: I external/local_tsl/tsl/framework/bfc_allocator.cc:1095] InUse at 7fe646e09200 of size 256 next 98
2025-06-14 17:09:54.750848: I external/local_tsl/tsl/framework/bfc_allocator.cc:1095] InUse at 7fe646e09300 of size 256 next 101
2025-06-14 17:09:54.751262: I external/local_tsl/tsl/framework/bfc_allocator.cc:1095] InUse at 7fe646e09400 of size 256 next 102
2025-06-14 17:09:54.751740: I external/local_tsl/tsl/framework/bfc_allocator.cc:1095] InUse at 7fe646e09500 of size 256 next 103
2025-06-14 17:09:54.752437: I external/local_tsl/tsl/framework/bfc_allocator.cc:1095] InUse at 7fe646e09600 of size 256 next 104
2025-06-14 17:09:54.752919: I external/local_tsl/tsl/framework/bfc_allocator.cc:1095] InUse at 7fe646e09700 of size 256 next 105
2025-06-14 17:09:54.753399: I external/local_tsl/tsl/framework/bfc_allocator.cc:1095] Free  at 7fe646e09800 of size 512 next 108
2025-06-14 17:09:54.753931: I external/local_tsl/tsl/framework/bfc_allocator.cc:1095] InUse at 7fe646e09a00 of size 256 next 109
2025-06-14 17:09:54.754444: I external/local_tsl/tsl/framework/bfc_allocator.cc:1095] InUse at 7fe646e09b00 of size 256 next 110
2025-06-14 17:09:54.754923: I external/local_tsl/tsl/framework/bfc_allocator.cc:1095] InUse at 7fe646e09c00 of size 256 next 146
2025-06-14 17:09:54.755360: I external/local_tsl/tsl/framework/bfc_allocator.cc:1095] InUse at 7fe646e09d00 of size 256 next 147
2025-06-14 17:09:54.755828: I external/local_tsl/tsl/framework/bfc_allocator.cc:1095] InUse at 7fe646e09e00 of size 256 next 148
2025-06-14 17:09:54.756277: I external/local_tsl/tsl/framework/bfc_allocator.cc:1095] InUse at 7fe646e09f00 of size 256 next 149
2025-06-14 17:09:54.756698: I external/local_tsl/tsl/framework/bfc_allocator.cc:1095] InUse at 7fe646e0a000 of size 256 next 150
2025-06-14 17:09:54.757113: I external/local_tsl/tsl/framework/bfc_allocator.cc:1095] InUse at 7fe646e0a100 of size 256 next 151
2025-06-14 17:09:54.757596: I external/local_tsl/tsl/framework/bfc_allocator.cc:1095] InUse at 7fe646e0a200 of size 256 next 153
2025-06-14 17:09:54.758030: I external/local_tsl/tsl/framework/bfc_allocator.cc:1095] InUse at 7fe646e0a300 of size 256 next 154
2025-06-14 17:09:54.758478: I external/local_tsl/tsl/framework/bfc_allocator.cc:1095] InUse at 7fe646e0a400 of size 256 next 155
2025-06-14 17:09:54.758940: I external/local_tsl/tsl/framework/bfc_allocator.cc:1095] InUse at 7fe646e0a500 of size 256 next 156
2025-06-14 17:09:54.759436: I external/local_tsl/tsl/framework/bfc_allocator.cc:1095] InUse at 7fe646e0a600 of size 256 next 157
2025-06-14 17:09:54.759880: I external/local_tsl/tsl/framework/bfc_allocator.cc:1095] InUse at 7fe646e0a700 of size 256 next 158
2025-06-14 17:09:54.760323: I external/local_tsl/tsl/framework/bfc_allocator.cc:1095] InUse at 7fe646e0a800 of size 256 next 160
2025-06-14 17:09:54.760746: I external/local_tsl/tsl/framework/bfc_allocator.cc:1095] InUse at 7fe646e0a900 of size 256 next 161
2025-06-14 17:09:54.761250: I external/local_tsl/tsl/framework/bfc_allocator.cc:1095] InUse at 7fe646e0aa00 of size 256 next 162
2025-06-14 17:09:54.761679: I external/local_tsl/tsl/framework/bfc_allocator.cc:1095] InUse at 7fe646e0ab00 of size 256 next 163
2025-06-14 17:09:54.762125: I external/local_tsl/tsl/framework/bfc_allocator.cc:1095] InUse at 7fe646e0ac00 of size 256 next 164
2025-06-14 17:09:54.762578: I external/local_tsl/tsl/framework/bfc_allocator.cc:1095] InUse at 7fe646e0ad00 of size 256 next 165
2025-06-14 17:09:54.763016: I external/local_tsl/tsl/framework/bfc_allocator.cc:1095] InUse at 7fe646e0ae00 of size 512 next 167
2025-06-14 17:09:54.763412: I external/local_tsl/tsl/framework/bfc_allocator.cc:1095] InUse at 7fe646e0b000 of size 512 next 168
2025-06-14 17:09:54.763856: I external/local_tsl/tsl/framework/bfc_allocator.cc:1095] InUse at 7fe646e0b200 of size 512 next 169
2025-06-14 17:09:54.764390: I external/local_tsl/tsl/framework/bfc_allocator.cc:1095] InUse at 7fe646e0b400 of size 512 next 170
2025-06-14 17:09:54.764932: I external/local_tsl/tsl/framework/bfc_allocator.cc:1095] InUse at 7fe646e0b600 of size 512 next 171
2025-06-14 17:09:54.765396: I external/local_tsl/tsl/framework/bfc_allocator.cc:1095] InUse at 7fe646e0b800 of size 512 next 172
2025-06-14 17:09:54.765811: I external/local_tsl/tsl/framework/bfc_allocator.cc:1095] InUse at 7fe646e0ba00 of size 512 next 174
2025-06-14 17:09:54.766254: I external/local_tsl/tsl/framework/bfc_allocator.cc:1095] InUse at 7fe646e0bc00 of size 512 next 175
2025-06-14 17:09:54.766692: I external/local_tsl/tsl/framework/bfc_allocator.cc:1095] InUse at 7fe646e0be00 of size 512 next 176
2025-06-14 17:09:54.767113: I external/local_tsl/tsl/framework/bfc_allocator.cc:1095] InUse at 7fe646e0c000 of size 512 next 177
2025-06-14 17:09:54.767520: I external/local_tsl/tsl/framework/bfc_allocator.cc:1095] InUse at 7fe646e0c200 of size 512 next 178
2025-06-14 17:09:54.767933: I external/local_tsl/tsl/framework/bfc_allocator.cc:1095] InUse at 7fe646e0c400 of size 512 next 179
2025-06-14 17:09:54.768396: I external/local_tsl/tsl/framework/bfc_allocator.cc:1095] InUse at 7fe646e0c600 of size 1024 next 181
2025-06-14 17:09:54.768858: I external/local_tsl/tsl/framework/bfc_allocator.cc:1095] InUse at 7fe646e0ca00 of size 1024 next 182
2025-06-14 17:09:54.769289: I external/local_tsl/tsl/framework/bfc_allocator.cc:1095] InUse at 7fe646e0ce00 of size 1024 next 183
2025-06-14 17:09:54.769688: I external/local_tsl/tsl/framework/bfc_allocator.cc:1095] InUse at 7fe646e0d200 of size 1024 next 184
2025-06-14 17:09:54.770108: I external/local_tsl/tsl/framework/bfc_allocator.cc:1095] InUse at 7fe646e0d600 of size 1024 next 185
2025-06-14 17:09:54.770558: I external/local_tsl/tsl/framework/bfc_allocator.cc:1095] InUse at 7fe646e0da00 of size 1024 next 186
2025-06-14 17:09:54.770985: I external/local_tsl/tsl/framework/bfc_allocator.cc:1095] InUse at 7fe646e0de00 of size 1024 next 188
2025-06-14 17:09:54.771395: I external/local_tsl/tsl/framework/bfc_allocator.cc:1095] InUse at 7fe646e0e200 of size 1024 next 189
2025-06-14 17:09:54.771868: I external/local_tsl/tsl/framework/bfc_allocator.cc:1095] InUse at 7fe646e0e600 of size 1024 next 190
2025-06-14 17:09:54.772316: I external/local_tsl/tsl/framework/bfc_allocator.cc:1095] InUse at 7fe646e0ea00 of size 1024 next 191
2025-06-14 17:09:54.772764: I external/local_tsl/tsl/framework/bfc_allocator.cc:1095] InUse at 7fe646e0ee00 of size 1024 next 192
2025-06-14 17:09:54.773186: I external/local_tsl/tsl/framework/bfc_allocator.cc:1095] InUse at 7fe646e0f200 of size 1024 next 193
2025-06-14 17:09:54.773671: I external/local_tsl/tsl/framework/bfc_allocator.cc:1095] InUse at 7fe646e0f600 of size 512 next 196
2025-06-14 17:09:54.774103: I external/local_tsl/tsl/framework/bfc_allocator.cc:1095] InUse at 7fe646e0f800 of size 512 next 197
2025-06-14 17:09:54.774530: I external/local_tsl/tsl/framework/bfc_allocator.cc:1095] InUse at 7fe646e0fa00 of size 512 next 199
2025-06-14 17:09:54.774979: I external/local_tsl/tsl/framework/bfc_allocator.cc:1095] InUse at 7fe646e0fc00 of size 512 next 200
2025-06-14 17:09:54.775472: I external/local_tsl/tsl/framework/bfc_allocator.cc:1095] InUse at 7fe646e0fe00 of size 512 next 201
2025-06-14 17:09:54.775914: I external/local_tsl/tsl/framework/bfc_allocator.cc:1095] InUse at 7fe646e10000 of size 512 next 202
2025-06-14 17:09:54.776312: I external/local_tsl/tsl/framework/bfc_allocator.cc:1095] InUse at 7fe646e10200 of size 512 next 203
2025-06-14 17:09:54.776724: I external/local_tsl/tsl/framework/bfc_allocator.cc:1095] InUse at 7fe646e10400 of size 512 next 204
2025-06-14 17:09:54.777143: I external/local_tsl/tsl/framework/bfc_allocator.cc:1095] InUse at 7fe646e10600 of size 512 next 207
2025-06-14 17:09:54.777561: I external/local_tsl/tsl/framework/bfc_allocator.cc:1095] InUse at 7fe646e10800 of size 512 next 208
2025-06-14 17:09:54.777965: I external/local_tsl/tsl/framework/bfc_allocator.cc:1095] InUse at 7fe646e10a00 of size 512 next 209
2025-06-14 17:09:54.778387: I external/local_tsl/tsl/framework/bfc_allocator.cc:1095] InUse at 7fe646e10c00 of size 512 next 210
2025-06-14 17:09:54.778808: I external/local_tsl/tsl/framework/bfc_allocator.cc:1095] InUse at 7fe646e10e00 of size 512 next 211
2025-06-14 17:09:54.779209: I external/local_tsl/tsl/framework/bfc_allocator.cc:1095] InUse at 7fe646e11000 of size 512 next 212
2025-06-14 17:09:54.779700: I external/local_tsl/tsl/framework/bfc_allocator.cc:1095] InUse at 7fe646e11200 of size 256 next 215
2025-06-14 17:09:54.780119: I external/local_tsl/tsl/framework/bfc_allocator.cc:1095] InUse at 7fe646e11300 of size 256 next 216
2025-06-14 17:09:54.780621: I external/local_tsl/tsl/framework/bfc_allocator.cc:1095] InUse at 7fe646e11400 of size 256 next 219
2025-06-14 17:09:54.781075: I external/local_tsl/tsl/framework/bfc_allocator.cc:1095] InUse at 7fe646e11500 of size 256 next 220
2025-06-14 17:09:54.781486: I external/local_tsl/tsl/framework/bfc_allocator.cc:1095] InUse at 7fe646e11600 of size 256 next 221
2025-06-14 17:09:54.781938: I external/local_tsl/tsl/framework/bfc_allocator.cc:1095] InUse at 7fe646e11700 of size 256 next 222
2025-06-14 17:09:54.782471: I external/local_tsl/tsl/framework/bfc_allocator.cc:1095] InUse at 7fe646e11800 of size 256 next 223
2025-06-14 17:09:54.782953: I external/local_tsl/tsl/framework/bfc_allocator.cc:1095] InUse at 7fe646e11900 of size 256 next 224
2025-06-14 17:09:54.783384: I external/local_tsl/tsl/framework/bfc_allocator.cc:1095] InUse at 7fe646e11a00 of size 256 next 227
2025-06-14 17:09:54.784177: I external/local_tsl/tsl/framework/bfc_allocator.cc:1095] InUse at 7fe646e11b00 of size 256 next 228
2025-06-14 17:09:54.784695: I external/local_tsl/tsl/framework/bfc_allocator.cc:1095] InUse at 7fe646e11c00 of size 256 next 229
2025-06-14 17:09:54.785133: I external/local_tsl/tsl/framework/bfc_allocator.cc:1095] InUse at 7fe646e11d00 of size 256 next 230
2025-06-14 17:09:54.785561: I external/local_tsl/tsl/framework/bfc_allocator.cc:1095] InUse at 7fe646e11e00 of size 256 next 231
2025-06-14 17:09:54.785993: I external/local_tsl/tsl/framework/bfc_allocator.cc:1095] InUse at 7fe646e11f00 of size 256 next 232
2025-06-14 17:09:54.786482: I external/local_tsl/tsl/framework/bfc_allocator.cc:1095] InUse at 7fe646e12000 of size 65536 next 233
2025-06-14 17:09:54.786911: I external/local_tsl/tsl/framework/bfc_allocator.cc:1095] InUse at 7fe646e22000 of size 95232 next 19
2025-06-14 17:09:54.787364: I external/local_tsl/tsl/framework/bfc_allocator.cc:1095] InUse at 7fe646e39400 of size 110592 next 18
2025-06-14 17:09:54.787802: I external/local_tsl/tsl/framework/bfc_allocator.cc:1095] InUse at 7fe646e54400 of size 65536 next 115
2025-06-14 17:09:54.788216: I external/local_tsl/tsl/framework/bfc_allocator.cc:1095] InUse at 7fe646e64400 of size 256 next 112
2025-06-14 17:09:54.788649: I external/local_tsl/tsl/framework/bfc_allocator.cc:1095] InUse at 7fe646e64500 of size 256 next 114
2025-06-14 17:09:54.789081: I external/local_tsl/tsl/framework/bfc_allocator.cc:1095] InUse at 7fe646e64600 of size 256 next 113
2025-06-14 17:09:54.789523: I external/local_tsl/tsl/framework/bfc_allocator.cc:1095] InUse at 7fe646e64700 of size 256 next 111
2025-06-14 17:09:54.789970: I external/local_tsl/tsl/framework/bfc_allocator.cc:1095] InUse at 7fe646e64800 of size 256 next 117
2025-06-14 17:09:54.790423: I external/local_tsl/tsl/framework/bfc_allocator.cc:1095] InUse at 7fe646e64900 of size 256 next 118
2025-06-14 17:09:54.790880: I external/local_tsl/tsl/framework/bfc_allocator.cc:1095] InUse at 7fe646e64a00 of size 256 next 120
2025-06-14 17:09:54.791287: I external/local_tsl/tsl/framework/bfc_allocator.cc:1095] InUse at 7fe646e64b00 of size 256 next 119
2025-06-14 17:09:54.791741: I external/local_tsl/tsl/framework/bfc_allocator.cc:1095] InUse at 7fe646e64c00 of size 256 next 121
2025-06-14 17:09:54.792167: I external/local_tsl/tsl/framework/bfc_allocator.cc:1095] InUse at 7fe646e64d00 of size 256 next 123
2025-06-14 17:09:54.792612: I external/local_tsl/tsl/framework/bfc_allocator.cc:1095] InUse at 7fe646e64e00 of size 256 next 124
2025-06-14 17:09:54.793012: I external/local_tsl/tsl/framework/bfc_allocator.cc:1095] InUse at 7fe646e64f00 of size 256 next 125
2025-06-14 17:09:54.793487: I external/local_tsl/tsl/framework/bfc_allocator.cc:1095] InUse at 7fe646e65000 of size 256 next 126
2025-06-14 17:09:54.793928: I external/local_tsl/tsl/framework/bfc_allocator.cc:1095] InUse at 7fe646e65100 of size 256 next 128
2025-06-14 17:09:54.794353: I external/local_tsl/tsl/framework/bfc_allocator.cc:1095] InUse at 7fe646e65200 of size 256 next 127
2025-06-14 17:09:54.794774: I external/local_tsl/tsl/framework/bfc_allocator.cc:1095] InUse at 7fe646e65300 of size 256 next 129
2025-06-14 17:09:54.795211: I external/local_tsl/tsl/framework/bfc_allocator.cc:1095] InUse at 7fe646e65400 of size 256 next 130
2025-06-14 17:09:54.795617: I external/local_tsl/tsl/framework/bfc_allocator.cc:1095] InUse at 7fe646e65500 of size 256 next 131
2025-06-14 17:09:54.796043: I external/local_tsl/tsl/framework/bfc_allocator.cc:1095] InUse at 7fe646e65600 of size 256 next 132
2025-06-14 17:09:54.796511: I external/local_tsl/tsl/framework/bfc_allocator.cc:1095] InUse at 7fe646e65700 of size 256 next 133
2025-06-14 17:09:54.796958: I external/local_tsl/tsl/framework/bfc_allocator.cc:1095] InUse at 7fe646e65800 of size 256 next 137
2025-06-14 17:09:54.797376: I external/local_tsl/tsl/framework/bfc_allocator.cc:1095] InUse at 7fe646e65900 of size 256 next 136
2025-06-14 17:09:54.797775: I external/local_tsl/tsl/framework/bfc_allocator.cc:1095] InUse at 7fe646e65a00 of size 3584 next 138
2025-06-14 17:09:54.798191: I external/local_tsl/tsl/framework/bfc_allocator.cc:1095] InUse at 7fe646e66800 of size 3584 next 139
2025-06-14 17:09:54.798633: I external/local_tsl/tsl/framework/bfc_allocator.cc:1095] InUse at 7fe646e67600 of size 256 next 140
2025-06-14 17:09:54.799071: I external/local_tsl/tsl/framework/bfc_allocator.cc:1095] InUse at 7fe646e67700 of size 256 next 141
2025-06-14 17:09:54.799485: I external/local_tsl/tsl/framework/bfc_allocator.cc:1095] InUse at 7fe646e67800 of size 256 next 142
2025-06-14 17:09:54.800034: I external/local_tsl/tsl/framework/bfc_allocator.cc:1095] InUse at 7fe646e67900 of size 256 next 143
2025-06-14 17:09:54.800535: I external/local_tsl/tsl/framework/bfc_allocator.cc:1095] InUse at 7fe646e67a00 of size 256 next 144
2025-06-14 17:09:54.800982: I external/local_tsl/tsl/framework/bfc_allocator.cc:1095] InUse at 7fe646e67b00 of size 256 next 145
2025-06-14 17:09:54.801391: I external/local_tsl/tsl/framework/bfc_allocator.cc:1095] InUse at 7fe646e67c00 of size 141312 next 27
2025-06-14 17:09:54.801780: I external/local_tsl/tsl/framework/bfc_allocator.cc:1095] InUse at 7fe646e8a400 of size 221184 next 26
2025-06-14 17:09:54.802198: I external/local_tsl/tsl/framework/bfc_allocator.cc:1095] InUse at 7fe646ec0400 of size 442368 next 159
2025-06-14 17:09:54.802631: I external/local_tsl/tsl/framework/bfc_allocator.cc:1095] InUse at 7fe646f2c400 of size 867328 next 18446744073709551615
2025-06-14 17:09:54.803107: I external/local_tsl/tsl/framework/bfc_allocator.cc:1075] Next region of size 4194304
2025-06-14 17:09:54.803631: I external/local_tsl/tsl/framework/bfc_allocator.cc:1095] InUse at 7fe647400000 of size 442368 next 37
2025-06-14 17:09:54.803997: I external/local_tsl/tsl/framework/bfc_allocator.cc:1095] InUse at 7fe64746c000 of size 221184 next 116
2025-06-14 17:09:54.804341: I external/local_tsl/tsl/framework/bfc_allocator.cc:1095] InUse at 7fe6474a2000 of size 110592 next 122
2025-06-14 17:09:54.804677: I external/local_tsl/tsl/framework/bfc_allocator.cc:1095] InUse at 7fe6474bd000 of size 192512 next 99
2025-06-14 17:09:54.805125: I external/local_tsl/tsl/framework/bfc_allocator.cc:1095] InUse at 7fe6474ec000 of size 360448 next 44
2025-06-14 17:09:54.805455: I external/local_tsl/tsl/framework/bfc_allocator.cc:1095] InUse at 7fe647544000 of size 884736 next 43
2025-06-14 17:09:54.805822: I external/local_tsl/tsl/framework/bfc_allocator.cc:1095] InUse at 7fe64761c000 of size 1982464 next 18446744073709551615
2025-06-14 17:09:54.806150: I external/local_tsl/tsl/framework/bfc_allocator.cc:1075] Next region of size 8388608
2025-06-14 17:09:54.806600: I external/local_tsl/tsl/framework/bfc_allocator.cc:1095] InUse at 7fe647800000 of size 884736 next 166
2025-06-14 17:09:54.807015: I external/local_tsl/tsl/framework/bfc_allocator.cc:1095] InUse at 7fe6478d8000 of size 884736 next 54
2025-06-14 17:09:54.807415: I external/local_tsl/tsl/framework/bfc_allocator.cc:1095] InUse at 7fe6479b0000 of size 1769472 next 52
2025-06-14 17:09:54.807758: I external/local_tsl/tsl/framework/bfc_allocator.cc:1095] InUse at 7fe647b60000 of size 4849664 next 18446744073709551615
2025-06-14 17:09:54.808156: I external/local_tsl/tsl/framework/bfc_allocator.cc:1100]      Summary of in-use Chunks by size: 
2025-06-14 17:09:54.808600: I external/local_tsl/tsl/framework/bfc_allocator.cc:1103] 155 Chunks of size 256 totalling 38.8KiB
2025-06-14 17:09:54.809043: I external/local_tsl/tsl/framework/bfc_allocator.cc:1103] 54 Chunks of size 512 totalling 27.0KiB
2025-06-14 17:09:54.809482: I external/local_tsl/tsl/framework/bfc_allocator.cc:1103] 1 Chunks of size 768 totalling 768B
2025-06-14 17:09:54.809954: I external/local_tsl/tsl/framework/bfc_allocator.cc:1103] 26 Chunks of size 1024 totalling 26.0KiB
2025-06-14 17:09:54.810358: I external/local_tsl/tsl/framework/bfc_allocator.cc:1103] 1 Chunks of size 1280 totalling 1.2KiB
2025-06-14 17:09:54.810786: I external/local_tsl/tsl/framework/bfc_allocator.cc:1103] 3 Chunks of size 3584 totalling 10.5KiB
2025-06-14 17:09:54.811286: I external/local_tsl/tsl/framework/bfc_allocator.cc:1103] 2 Chunks of size 65536 totalling 128.0KiB
2025-06-14 17:09:54.811754: I external/local_tsl/tsl/framework/bfc_allocator.cc:1103] 1 Chunks of size 95232 totalling 93.0KiB
2025-06-14 17:09:54.812211: I external/local_tsl/tsl/framework/bfc_allocator.cc:1103] 4 Chunks of size 110592 totalling 432.0KiB
2025-06-14 17:09:54.812629: I external/local_tsl/tsl/framework/bfc_allocator.cc:1103] 1 Chunks of size 141312 totalling 138.0KiB
2025-06-14 17:09:54.813054: I external/local_tsl/tsl/framework/bfc_allocator.cc:1103] 1 Chunks of size 192512 totalling 188.0KiB
2025-06-14 17:09:54.813564: I external/local_tsl/tsl/framework/bfc_allocator.cc:1103] 6 Chunks of size 221184 totalling 1.27MiB
2025-06-14 17:09:54.814023: I external/local_tsl/tsl/framework/bfc_allocator.cc:1103] 2 Chunks of size 262144 totalling 512.0KiB
2025-06-14 17:09:54.814469: I external/local_tsl/tsl/framework/bfc_allocator.cc:1103] 1 Chunks of size 360448 totalling 352.0KiB
2025-06-14 17:09:54.814925: I external/local_tsl/tsl/framework/bfc_allocator.cc:1103] 5 Chunks of size 442368 totalling 2.11MiB
2025-06-14 17:09:54.815437: I external/local_tsl/tsl/framework/bfc_allocator.cc:1103] 1 Chunks of size 867328 totalling 847.0KiB
2025-06-14 17:09:54.815934: I external/local_tsl/tsl/framework/bfc_allocator.cc:1103] 6 Chunks of size 884736 totalling 5.06MiB
2025-06-14 17:09:54.816400: I external/local_tsl/tsl/framework/bfc_allocator.cc:1103] 2 Chunks of size 1048576 totalling 2.00MiB
2025-06-14 17:09:54.816835: I external/local_tsl/tsl/framework/bfc_allocator.cc:1103] 6 Chunks of size 1769472 totalling 10.12MiB
2025-06-14 17:09:54.817293: I external/local_tsl/tsl/framework/bfc_allocator.cc:1103] 1 Chunks of size 1982464 totalling 1.89MiB
2025-06-14 17:09:54.817720: I external/local_tsl/tsl/framework/bfc_allocator.cc:1103] 4 Chunks of size 3538944 totalling 13.50MiB
2025-06-14 17:09:54.818161: I external/local_tsl/tsl/framework/bfc_allocator.cc:1103] 1 Chunks of size 4063232 totalling 3.88MiB
2025-06-14 17:09:54.818610: I external/local_tsl/tsl/framework/bfc_allocator.cc:1103] 1 Chunks of size 4849664 totalling 4.62MiB
2025-06-14 17:09:54.819061: I external/local_tsl/tsl/framework/bfc_allocator.cc:1103] 2 Chunks of size 7077888 totalling 13.50MiB
2025-06-14 17:09:54.819460: I external/local_tsl/tsl/framework/bfc_allocator.cc:1103] 1 Chunks of size 12320768 totalling 11.75MiB
2025-06-14 17:09:54.819821: I external/local_tsl/tsl/framework/bfc_allocator.cc:1103] 2 Chunks of size 15138816 totalling 28.88MiB
2025-06-14 17:09:54.820183: I external/local_tsl/tsl/framework/bfc_allocator.cc:1103] 4 Chunks of size 30277632 totalling 115.50MiB
2025-06-14 17:09:54.820634: I external/local_tsl/tsl/framework/bfc_allocator.cc:1103] 2 Chunks of size 60555264 totalling 115.50MiB
2025-06-14 17:09:54.821051: I external/local_tsl/tsl/framework/bfc_allocator.cc:1103] 1 Chunks of size 73662464 totalling 70.25MiB
2025-06-14 17:09:54.821414: I external/local_tsl/tsl/framework/bfc_allocator.cc:1103] 1 Chunks of size 116654080 totalling 111.25MiB
2025-06-14 17:09:54.821803: I external/local_tsl/tsl/framework/bfc_allocator.cc:1103] 6 Chunks of size 121110528 totalling 693.00MiB
2025-06-14 17:09:54.822239: I external/local_tsl/tsl/framework/bfc_allocator.cc:1103] 2 Chunks of size 209715200 totalling 400.00MiB
2025-06-14 17:09:54.822654: I external/local_tsl/tsl/framework/bfc_allocator.cc:1103] 3 Chunks of size 242221056 totalling 693.00MiB
2025-06-14 17:09:54.822992: I external/local_tsl/tsl/framework/bfc_allocator.cc:1103] 8 Chunks of size 484442112 totalling 3.61GiB
2025-06-14 17:09:54.823335: I external/local_tsl/tsl/framework/bfc_allocator.cc:1103] 1 Chunks of size 968884224 totalling 924.00MiB
2025-06-14 17:09:54.823679: I external/local_tsl/tsl/framework/bfc_allocator.cc:1103] 6 Chunks of size 1937768448 totalling 10.83GiB
2025-06-14 17:09:54.824044: I external/local_tsl/tsl/framework/bfc_allocator.cc:1107] Sum Total of in-use chunks: 17.58GiB
2025-06-14 17:09:54.824457: I external/local_tsl/tsl/framework/bfc_allocator.cc:1109] Total bytes in pool: 23575789568 memory_limit_: 23575789568 available bytes: 0 curr_region_allocation_bytes_: 34359738368
2025-06-14 17:09:54.824835: I external/local_tsl/tsl/framework/bfc_allocator.cc:1114] Stats: 
Limit:                     23575789568
InUse:                     18882554112
MaxInUse:                  22800760320
NumAllocs:                         912
MaxAllocSize:               4135495424
Reserved:                            0
PeakReserved:                        0
LargestFreeBlock:                    0

2025-06-14 17:09:54.825177: W external/local_tsl/tsl/framework/bfc_allocator.cc:497] ________*********________************************************_**************************************
2025-06-14 17:09:54.825587: W tensorflow/core/framework/op_kernel.cc:1839] OP_REQUIRES failed at concat_op.cc:165 : RESOURCE_EXHAUSTED: OOM when allocating tensor with shape[2,64,192,224,176] and type float on /job:localhost/replica:0/task:0/device:GPU:0 by allocator GPU_0_bfc
Traceback (most recent call last):
  File "/mnt/beegfs/hellgate/home/rb194958e/stroke_segmentation_sota/batch_wise_train.py", line 277, in <module>
    if main():
       ^^^^^^
  File "/mnt/beegfs/hellgate/home/rb194958e/stroke_segmentation_sota/batch_wise_train.py", line 256, in main
    history = model.fit(
              ^^^^^^^^^^
  File "/mnt/beegfs/hellgate/home/rb194958e/.conda/envs/tf215_env/lib/python3.11/site-packages/keras/src/utils/traceback_utils.py", line 70, in error_handler
    raise e.with_traceback(filtered_tb) from None
  File "/mnt/beegfs/hellgate/home/rb194958e/.conda/envs/tf215_env/lib/python3.11/site-packages/tensorflow/python/eager/execute.py", line 53, in quick_execute
    tensors = pywrap_tfe.TFE_Py_Execute(ctx._handle, device_name, op_name,
  ^^^^^^^^^^^^^^^^^^^^^^^^^^^^^^^^^^^^^^^^^^^^^^^^^^^^^^^^^^^^^^^^^^^^^^^^
tensorflow.python.framework.errors_impl.ResourceExhaustedError: Graph execution error:

Detected at node model/concatenate_2/concat defined at (most recent call last):
  File "/mnt/beegfs/hellgate/home/rb194958e/stroke_segmentation_sota/batch_wise_train.py", line 277, in <module>

  File "/mnt/beegfs/hellgate/home/rb194958e/stroke_segmentation_sota/batch_wise_train.py", line 256, in main

  File "/mnt/beegfs/hellgate/home/rb194958e/.conda/envs/tf215_env/lib/python3.11/site-packages/keras/src/utils/traceback_utils.py", line 65, in error_handler

  File "/mnt/beegfs/hellgate/home/rb194958e/.conda/envs/tf215_env/lib/python3.11/site-packages/keras/src/engine/training.py", line 1807, in fit

  File "/mnt/beegfs/hellgate/home/rb194958e/.conda/envs/tf215_env/lib/python3.11/site-packages/keras/src/engine/training.py", line 1401, in train_function

  File "/mnt/beegfs/hellgate/home/rb194958e/.conda/envs/tf215_env/lib/python3.11/site-packages/keras/src/engine/training.py", line 1384, in step_function

  File "/mnt/beegfs/hellgate/home/rb194958e/.conda/envs/tf215_env/lib/python3.11/site-packages/keras/src/engine/training.py", line 1373, in run_step

  File "/mnt/beegfs/hellgate/home/rb194958e/.conda/envs/tf215_env/lib/python3.11/site-packages/keras/src/engine/training.py", line 1150, in train_step

  File "/mnt/beegfs/hellgate/home/rb194958e/.conda/envs/tf215_env/lib/python3.11/site-packages/keras/src/utils/traceback_utils.py", line 65, in error_handler

  File "/mnt/beegfs/hellgate/home/rb194958e/.conda/envs/tf215_env/lib/python3.11/site-packages/keras/src/engine/training.py", line 590, in __call__

  File "/mnt/beegfs/hellgate/home/rb194958e/.conda/envs/tf215_env/lib/python3.11/site-packages/keras/src/utils/traceback_utils.py", line 65, in error_handler

  File "/mnt/beegfs/hellgate/home/rb194958e/.conda/envs/tf215_env/lib/python3.11/site-packages/keras/src/engine/base_layer.py", line 1149, in __call__

  File "/mnt/beegfs/hellgate/home/rb194958e/.conda/envs/tf215_env/lib/python3.11/site-packages/keras/src/utils/traceback_utils.py", line 96, in error_handler

  File "/mnt/beegfs/hellgate/home/rb194958e/.conda/envs/tf215_env/lib/python3.11/site-packages/keras/src/engine/functional.py", line 515, in call

  File "/mnt/beegfs/hellgate/home/rb194958e/.conda/envs/tf215_env/lib/python3.11/site-packages/keras/src/engine/functional.py", line 672, in _run_internal_graph

  File "/mnt/beegfs/hellgate/home/rb194958e/.conda/envs/tf215_env/lib/python3.11/site-packages/keras/src/utils/traceback_utils.py", line 65, in error_handler

  File "/mnt/beegfs/hellgate/home/rb194958e/.conda/envs/tf215_env/lib/python3.11/site-packages/keras/src/engine/base_layer.py", line 1149, in __call__

  File "/mnt/beegfs/hellgate/home/rb194958e/.conda/envs/tf215_env/lib/python3.11/site-packages/keras/src/utils/traceback_utils.py", line 96, in error_handler

  File "/mnt/beegfs/hellgate/home/rb194958e/.conda/envs/tf215_env/lib/python3.11/site-packages/keras/src/layers/merging/base_merge.py", line 196, in call

  File "/mnt/beegfs/hellgate/home/rb194958e/.conda/envs/tf215_env/lib/python3.11/site-packages/keras/src/layers/merging/concatenate.py", line 134, in _merge_function

  File "/mnt/beegfs/hellgate/home/rb194958e/.conda/envs/tf215_env/lib/python3.11/site-packages/keras/src/backend.py", line 3580, in concatenate

OOM when allocating tensor with shape[2,64,192,224,176] and type float on /job:localhost/replica:0/task:0/device:GPU:0 by allocator GPU_0_bfc
	 [[{{node model/concatenate_2/concat}}]]
Hint: If you want to see a list of allocated tensors when OOM happens, add report_tensor_allocations_upon_oom to RunOptions for current allocation info. This isn't available when running in Eager mode.
 [Op:__inference_train_function_7309]
2025-06-14 17:09:54.980683: W tensorflow/core/kernels/data/generator_dataset_op.cc:108] Error occurred when finalizing GeneratorDataset iterator: FAILED_PRECONDITION: Python interpreter state is not initialized. The process may be terminated.
	 [[{{node PyFunc}}]]
/var/spool/slurmd/job1123892/slurm_script: line 320: EOF: command not found
/var/spool/slurmd/job1123892/slurm_script: line 330: unexpected EOF while looking for matching ``'
/var/spool/slurmd/job1123892/slurm_script: line 339: syntax error: unexpected end of file
