2025-06-15 01:04:18.181978: I tensorflow/core/util/port.cc:113] oneDNN custom operations are on. You may see slightly different numerical results due to floating-point round-off errors from different computation orders. To turn them off, set the environment variable `TF_ENABLE_ONEDNN_OPTS=0`.
2025-06-15 01:04:18.923042: E external/local_xla/xla/stream_executor/cuda/cuda_dnn.cc:9261] Unable to register cuDNN factory: Attempting to register factory for plugin cuDNN when one has already been registered
2025-06-15 01:04:18.923674: E external/local_xla/xla/stream_executor/cuda/cuda_fft.cc:607] Unable to register cuFFT factory: Attempting to register factory for plugin cuFFT when one has already been registered
2025-06-15 01:04:19.037179: E external/local_xla/xla/stream_executor/cuda/cuda_blas.cc:1515] Unable to register cuBLAS factory: Attempting to register factory for plugin cuBLAS when one has already been registered
2025-06-15 01:04:19.292375: I tensorflow/core/platform/cpu_feature_guard.cc:182] This TensorFlow binary is optimized to use available CPU instructions in performance-critical operations.
To enable the following instructions: AVX2 AVX512F AVX512_VNNI FMA, in other operations, rebuild TensorFlow with the appropriate compiler flags.
2025-06-15 01:04:26.063366: W tensorflow/compiler/tf2tensorrt/utils/py_utils.cc:38] TF-TRT Warning: Could not find TensorRT
INFO:__main__:🚀 Starting Stroke Lesion Segmentation Training
INFO:__main__:Using 1 GPU(s)
INFO:__main__:Creating data generators...
INFO:__main__:Found 655 valid image/mask pairs
INFO:__main__:Found 655 valid image/mask pairs
INFO:__main__:Training batches: 262
INFO:__main__:Validation batches: 65
INFO:__main__:Building model...
2025-06-15 01:04:40.625130: I tensorflow/core/common_runtime/gpu/gpu_device.cc:1929] Created device /job:localhost/replica:0/task:0/device:GPU:0 with 22483 MB memory:  -> device: 0, name: NVIDIA RTX 4500 Ada Generation, pci bus id: 0000:1c:00.0, compute capability: 8.9
INFO:__main__:Model parameters: 5,605,345
INFO:__main__:Starting training...
pixdim[0] (qfac) should be 1 (default) or -1; setting qfac to 1
INFO:nibabel.global:pixdim[0] (qfac) should be 1 (default) or -1; setting qfac to 1
pixdim[0] (qfac) should be 1 (default) or -1; setting qfac to 1
INFO:nibabel.global:pixdim[0] (qfac) should be 1 (default) or -1; setting qfac to 1
pixdim[0] (qfac) should be 1 (default) or -1; setting qfac to 1
INFO:nibabel.global:pixdim[0] (qfac) should be 1 (default) or -1; setting qfac to 1
pixdim[0] (qfac) should be 1 (default) or -1; setting qfac to 1
INFO:nibabel.global:pixdim[0] (qfac) should be 1 (default) or -1; setting qfac to 1
2025-06-15 01:04:48.327375: I external/local_xla/xla/stream_executor/cuda/cuda_dnn.cc:454] Loaded cuDNN version 8907
pixdim[0] (qfac) should be 1 (default) or -1; setting qfac to 1
INFO:nibabel.global:pixdim[0] (qfac) should be 1 (default) or -1; setting qfac to 1
pixdim[0] (qfac) should be 1 (default) or -1; setting qfac to 1
INFO:nibabel.global:pixdim[0] (qfac) should be 1 (default) or -1; setting qfac to 1
pixdim[0] (qfac) should be 1 (default) or -1; setting qfac to 1
INFO:nibabel.global:pixdim[0] (qfac) should be 1 (default) or -1; setting qfac to 1
pixdim[0] (qfac) should be 1 (default) or -1; setting qfac to 1
INFO:nibabel.global:pixdim[0] (qfac) should be 1 (default) or -1; setting qfac to 1
2025-06-15 01:05:04.792213: W external/local_tsl/tsl/framework/bfc_allocator.cc:296] Allocator (GPU_0_bfc) ran out of memory trying to allocate 2.27GiB with freed_by_count=0. The caller indicates that this is not a failure, but this may mean that there could be performance gains if more memory were available.
2025-06-15 01:05:04.893975: W external/local_tsl/tsl/framework/bfc_allocator.cc:296] Allocator (GPU_0_bfc) ran out of memory trying to allocate 2.30GiB with freed_by_count=0. The caller indicates that this is not a failure, but this may mean that there could be performance gains if more memory were available.
2025-06-15 01:05:04.895048: W external/local_tsl/tsl/framework/bfc_allocator.cc:296] Allocator (GPU_0_bfc) ran out of memory trying to allocate 2.27GiB with freed_by_count=0. The caller indicates that this is not a failure, but this may mean that there could be performance gains if more memory were available.
2025-06-15 01:05:05.515522: W external/local_tsl/tsl/framework/bfc_allocator.cc:296] Allocator (GPU_0_bfc) ran out of memory trying to allocate 2.27GiB with freed_by_count=0. The caller indicates that this is not a failure, but this may mean that there could be performance gains if more memory were available.
2025-06-15 01:05:05.568738: W external/local_tsl/tsl/framework/bfc_allocator.cc:296] Allocator (GPU_0_bfc) ran out of memory trying to allocate 2.30GiB with freed_by_count=0. The caller indicates that this is not a failure, but this may mean that there could be performance gains if more memory were available.
2025-06-15 01:05:05.569709: W external/local_tsl/tsl/framework/bfc_allocator.cc:296] Allocator (GPU_0_bfc) ran out of memory trying to allocate 2.27GiB with freed_by_count=0. The caller indicates that this is not a failure, but this may mean that there could be performance gains if more memory were available.
2025-06-15 01:05:16.189906: W external/local_tsl/tsl/framework/bfc_allocator.cc:485] Allocator (GPU_0_bfc) ran out of memory trying to allocate 3.61GiB (rounded to 3875536896)requested by op model/concatenate_2/concat
If the cause is memory fragmentation maybe the environment variable 'TF_GPU_ALLOCATOR=cuda_malloc_async' will improve the situation. 
Current allocation summary follows.
Current allocation summary follows.
2025-06-15 01:05:16.190903: I external/local_tsl/tsl/framework/bfc_allocator.cc:1039] BFCAllocator dump for GPU_0_bfc
2025-06-15 01:05:16.191596: I external/local_tsl/tsl/framework/bfc_allocator.cc:1046] Bin (256): 	Total Chunks: 155, Chunks in use: 155. 38.8KiB allocated for chunks. 38.8KiB in use in bin. 20.7KiB client-requested in use in bin.
2025-06-15 01:05:16.192042: I external/local_tsl/tsl/framework/bfc_allocator.cc:1046] Bin (512): 	Total Chunks: 56, Chunks in use: 55. 28.0KiB allocated for chunks. 27.5KiB in use in bin. 27.5KiB client-requested in use in bin.
2025-06-15 01:05:16.192471: I external/local_tsl/tsl/framework/bfc_allocator.cc:1046] Bin (1024): 	Total Chunks: 27, Chunks in use: 27. 27.2KiB allocated for chunks. 27.2KiB in use in bin. 27.0KiB client-requested in use in bin.
2025-06-15 01:05:16.192876: I external/local_tsl/tsl/framework/bfc_allocator.cc:1046] Bin (2048): 	Total Chunks: 3, Chunks in use: 3. 10.5KiB allocated for chunks. 10.5KiB in use in bin. 10.1KiB client-requested in use in bin.
2025-06-15 01:05:16.193251: I external/local_tsl/tsl/framework/bfc_allocator.cc:1046] Bin (4096): 	Total Chunks: 0, Chunks in use: 0. 0B allocated for chunks. 0B in use in bin. 0B client-requested in use in bin.
2025-06-15 01:05:16.193649: I external/local_tsl/tsl/framework/bfc_allocator.cc:1046] Bin (8192): 	Total Chunks: 0, Chunks in use: 0. 0B allocated for chunks. 0B in use in bin. 0B client-requested in use in bin.
2025-06-15 01:05:16.193999: I external/local_tsl/tsl/framework/bfc_allocator.cc:1046] Bin (16384): 	Total Chunks: 0, Chunks in use: 0. 0B allocated for chunks. 0B in use in bin. 0B client-requested in use in bin.
2025-06-15 01:05:16.194437: I external/local_tsl/tsl/framework/bfc_allocator.cc:1046] Bin (32768): 	Total Chunks: 0, Chunks in use: 0. 0B allocated for chunks. 0B in use in bin. 0B client-requested in use in bin.
2025-06-15 01:05:16.194807: I external/local_tsl/tsl/framework/bfc_allocator.cc:1046] Bin (65536): 	Total Chunks: 7, Chunks in use: 7. 653.0KiB allocated for chunks. 653.0KiB in use in bin. 624.0KiB client-requested in use in bin.
2025-06-15 01:05:16.195140: I external/local_tsl/tsl/framework/bfc_allocator.cc:1046] Bin (131072): 	Total Chunks: 8, Chunks in use: 8. 1.58MiB allocated for chunks. 1.58MiB in use in bin. 1.48MiB client-requested in use in bin.
2025-06-15 01:05:16.195530: I external/local_tsl/tsl/framework/bfc_allocator.cc:1046] Bin (262144): 	Total Chunks: 8, Chunks in use: 8. 2.95MiB allocated for chunks. 2.95MiB in use in bin. 2.86MiB client-requested in use in bin.
2025-06-15 01:05:16.195914: I external/local_tsl/tsl/framework/bfc_allocator.cc:1046] Bin (524288): 	Total Chunks: 7, Chunks in use: 7. 5.89MiB allocated for chunks. 5.89MiB in use in bin. 5.48MiB client-requested in use in bin.
2025-06-15 01:05:16.196290: I external/local_tsl/tsl/framework/bfc_allocator.cc:1046] Bin (1048576): 	Total Chunks: 9, Chunks in use: 9. 14.02MiB allocated for chunks. 14.02MiB in use in bin. 13.12MiB client-requested in use in bin.
2025-06-15 01:05:16.196710: I external/local_tsl/tsl/framework/bfc_allocator.cc:1046] Bin (2097152): 	Total Chunks: 5, Chunks in use: 5. 17.38MiB allocated for chunks. 17.38MiB in use in bin. 16.88MiB client-requested in use in bin.
2025-06-15 01:05:16.197096: I external/local_tsl/tsl/framework/bfc_allocator.cc:1046] Bin (4194304): 	Total Chunks: 3, Chunks in use: 3. 18.12MiB allocated for chunks. 18.12MiB in use in bin. 16.88MiB client-requested in use in bin.
2025-06-15 01:05:16.197466: I external/local_tsl/tsl/framework/bfc_allocator.cc:1046] Bin (8388608): 	Total Chunks: 3, Chunks in use: 3. 40.62MiB allocated for chunks. 40.62MiB in use in bin. 35.62MiB client-requested in use in bin.
2025-06-15 01:05:16.197849: I external/local_tsl/tsl/framework/bfc_allocator.cc:1046] Bin (16777216): 	Total Chunks: 5, Chunks in use: 4. 140.19MiB allocated for chunks. 115.50MiB in use in bin. 115.50MiB client-requested in use in bin.
2025-06-15 01:05:16.198212: I external/local_tsl/tsl/framework/bfc_allocator.cc:1046] Bin (33554432): 	Total Chunks: 2, Chunks in use: 2. 115.50MiB allocated for chunks. 115.50MiB in use in bin. 115.50MiB client-requested in use in bin.
2025-06-15 01:05:16.198695: I external/local_tsl/tsl/framework/bfc_allocator.cc:1046] Bin (67108864): 	Total Chunks: 8, Chunks in use: 8. 874.50MiB allocated for chunks. 874.50MiB in use in bin. 808.50MiB client-requested in use in bin.
2025-06-15 01:05:16.199144: I external/local_tsl/tsl/framework/bfc_allocator.cc:1046] Bin (134217728): 	Total Chunks: 5, Chunks in use: 5. 1.07GiB allocated for chunks. 1.07GiB in use in bin. 924.00MiB client-requested in use in bin.
2025-06-15 01:05:16.199556: I external/local_tsl/tsl/framework/bfc_allocator.cc:1046] Bin (268435456): 	Total Chunks: 18, Chunks in use: 15. 19.69GiB allocated for chunks. 15.34GiB in use in bin. 15.34GiB client-requested in use in bin.
2025-06-15 01:05:16.199964: I external/local_tsl/tsl/framework/bfc_allocator.cc:1062] Bin for 3.61GiB was 256.00MiB, Chunk State: 
2025-06-15 01:05:16.200397: I external/local_tsl/tsl/framework/bfc_allocator.cc:1068]   Size: 453.50MiB | Requested Size: 16.00MiB | in_use: 0 | bin_num: 20, prev:   Size: 462.00MiB | Requested Size: 462.00MiB | in_use: 1 | bin_num: -1
2025-06-15 01:05:16.200826: I external/local_tsl/tsl/framework/bfc_allocator.cc:1068]   Size: 1.80GiB | Requested Size: 1.80GiB | in_use: 0 | bin_num: 20, next:   Size: 1.80GiB | Requested Size: 1.80GiB | in_use: 1 | bin_num: -1
2025-06-15 01:05:16.201266: I external/local_tsl/tsl/framework/bfc_allocator.cc:1068]   Size: 2.10GiB | Requested Size: 1.82GiB | in_use: 0 | bin_num: 20, prev:   Size: 1.80GiB | Requested Size: 1.80GiB | in_use: 1 | bin_num: -1
2025-06-15 01:05:16.201706: I external/local_tsl/tsl/framework/bfc_allocator.cc:1075] Next region of size 6129582080
2025-06-15 01:05:16.202156: I external/local_tsl/tsl/framework/bfc_allocator.cc:1095] Free  at 7f2cc6000000 of size 1937768448 next 107
2025-06-15 01:05:16.202531: I external/local_tsl/tsl/framework/bfc_allocator.cc:1095] InUse at 7f2d39800000 of size 1937768448 next 329
2025-06-15 01:05:16.202878: I external/local_tsl/tsl/framework/bfc_allocator.cc:1095] Free  at 7f2dad000000 of size 2254045184 next 18446744073709551615
2025-06-15 01:05:16.203261: I external/local_tsl/tsl/framework/bfc_allocator.cc:1075] Next region of size 8589934592
2025-06-15 01:05:16.203702: I external/local_tsl/tsl/framework/bfc_allocator.cc:1095] InUse at 7f2e5e000000 of size 1937768448 next 281
2025-06-15 01:05:16.204081: I external/local_tsl/tsl/framework/bfc_allocator.cc:1095] InUse at 7f2ed1800000 of size 242221056 next 282
2025-06-15 01:05:16.204486: I external/local_tsl/tsl/framework/bfc_allocator.cc:1095] InUse at 7f2edff00000 of size 484442112 next 283
2025-06-15 01:05:16.204828: I external/local_tsl/tsl/framework/bfc_allocator.cc:1095] InUse at 7f2efcd00000 of size 484442112 next 284
2025-06-15 01:05:16.205176: I external/local_tsl/tsl/framework/bfc_allocator.cc:1095] InUse at 7f2f19b00000 of size 484442112 next 29
2025-06-15 01:05:16.205547: I external/local_tsl/tsl/framework/bfc_allocator.cc:1095] InUse at 7f2f36900000 of size 484442112 next 288
2025-06-15 01:05:16.205916: I external/local_tsl/tsl/framework/bfc_allocator.cc:1095] InUse at 7f2f53700000 of size 484442112 next 292
2025-06-15 01:05:16.206260: I external/local_tsl/tsl/framework/bfc_allocator.cc:1095] InUse at 7f2f70500000 of size 121110528 next 47
2025-06-15 01:05:16.206595: I external/local_tsl/tsl/framework/bfc_allocator.cc:1095] InUse at 7f2f77880000 of size 121110528 next 296
2025-06-15 01:05:16.206944: I external/local_tsl/tsl/framework/bfc_allocator.cc:1095] InUse at 7f2f7ec00000 of size 121110528 next 300
2025-06-15 01:05:16.207304: I external/local_tsl/tsl/framework/bfc_allocator.cc:1095] InUse at 7f2f85f80000 of size 30277632 next 302
2025-06-15 01:05:16.207653: I external/local_tsl/tsl/framework/bfc_allocator.cc:1095] InUse at 7f2f87c60000 of size 30277632 next 303
2025-06-15 01:05:16.207993: I external/local_tsl/tsl/framework/bfc_allocator.cc:1095] InUse at 7f2f89940000 of size 30277632 next 66
2025-06-15 01:05:16.208376: I external/local_tsl/tsl/framework/bfc_allocator.cc:1095] InUse at 7f2f8b620000 of size 30277632 next 307
2025-06-15 01:05:16.208740: I external/local_tsl/tsl/framework/bfc_allocator.cc:1095] InUse at 7f2f8d300000 of size 121110528 next 76
2025-06-15 01:05:16.209113: I external/local_tsl/tsl/framework/bfc_allocator.cc:1095] InUse at 7f2f94680000 of size 121110528 next 312
2025-06-15 01:05:16.209475: I external/local_tsl/tsl/framework/bfc_allocator.cc:1095] InUse at 7f2f9ba00000 of size 242221056 next 311
2025-06-15 01:05:16.209816: I external/local_tsl/tsl/framework/bfc_allocator.cc:1095] InUse at 7f2faa100000 of size 121110528 next 85
2025-06-15 01:05:16.210162: I external/local_tsl/tsl/framework/bfc_allocator.cc:1095] InUse at 7f2fb1480000 of size 484442112 next 325
2025-06-15 01:05:16.210514: I external/local_tsl/tsl/framework/bfc_allocator.cc:1095] InUse at 7f2fce280000 of size 484442112 next 320
2025-06-15 01:05:16.210866: I external/local_tsl/tsl/framework/bfc_allocator.cc:1095] InUse at 7f2feb080000 of size 968884224 next 319
2025-06-15 01:05:16.211255: I external/local_tsl/tsl/framework/bfc_allocator.cc:1095] InUse at 7f3024c80000 of size 484442112 next 91
2025-06-15 01:05:16.211651: I external/local_tsl/tsl/framework/bfc_allocator.cc:1095] Free  at 7f3041a80000 of size 475529216 next 18446744073709551615
2025-06-15 01:05:16.212002: I external/local_tsl/tsl/framework/bfc_allocator.cc:1075] Next region of size 4294967296
2025-06-15 01:05:16.212469: I external/local_tsl/tsl/framework/bfc_allocator.cc:1095] InUse at 7f307a000000 of size 1937768448 next 11
2025-06-15 01:05:16.212816: I external/local_tsl/tsl/framework/bfc_allocator.cc:1095] InUse at 7f30ed800000 of size 1937768448 next 276
2025-06-15 01:05:16.213155: I external/local_tsl/tsl/framework/bfc_allocator.cc:1095] InUse at 7f3161000000 of size 242221056 next 20
2025-06-15 01:05:16.213502: I external/local_tsl/tsl/framework/bfc_allocator.cc:1095] InUse at 7f316f700000 of size 60555264 next 38
2025-06-15 01:05:16.213910: I external/local_tsl/tsl/framework/bfc_allocator.cc:1095] InUse at 7f31730c0000 of size 116654080 next 18446744073709551615
2025-06-15 01:05:16.214306: I external/local_tsl/tsl/framework/bfc_allocator.cc:1075] Next region of size 2147483648
2025-06-15 01:05:16.214761: I external/local_tsl/tsl/framework/bfc_allocator.cc:1095] InUse at 7f31a6000000 of size 1937768448 next 270
2025-06-15 01:05:16.215130: I external/local_tsl/tsl/framework/bfc_allocator.cc:1095] InUse at 7f3219800000 of size 209715200 next 18446744073709551615
2025-06-15 01:05:16.215528: I external/local_tsl/tsl/framework/bfc_allocator.cc:1075] Next region of size 2147483648
2025-06-15 01:05:16.215962: I external/local_tsl/tsl/framework/bfc_allocator.cc:1095] InUse at 7f322c000000 of size 1937768448 next 267
2025-06-15 01:05:16.216305: I external/local_tsl/tsl/framework/bfc_allocator.cc:1095] InUse at 7f329f800000 of size 209715200 next 18446744073709551615
2025-06-15 01:05:16.216671: I external/local_tsl/tsl/framework/bfc_allocator.cc:1075] Next region of size 134217728
2025-06-15 01:05:16.217138: I external/local_tsl/tsl/framework/bfc_allocator.cc:1095] InUse at 7f333e000000 of size 60555264 next 264
2025-06-15 01:05:16.217499: I external/local_tsl/tsl/framework/bfc_allocator.cc:1095] InUse at 7f33419c0000 of size 73662464 next 18446744073709551615
2025-06-15 01:05:16.217836: I external/local_tsl/tsl/framework/bfc_allocator.cc:1075] Next region of size 67108864
2025-06-15 01:05:16.218287: I external/local_tsl/tsl/framework/bfc_allocator.cc:1095] InUse at 7f3346000000 of size 3538944 next 198
2025-06-15 01:05:16.218672: I external/local_tsl/tsl/framework/bfc_allocator.cc:1095] InUse at 7f3346360000 of size 1769472 next 205
2025-06-15 01:05:16.219002: I external/local_tsl/tsl/framework/bfc_allocator.cc:1095] InUse at 7f3346510000 of size 1769472 next 206
2025-06-15 01:05:16.219347: I external/local_tsl/tsl/framework/bfc_allocator.cc:1095] InUse at 7f33466c0000 of size 262144 next 213
2025-06-15 01:05:16.219704: I external/local_tsl/tsl/framework/bfc_allocator.cc:1095] InUse at 7f3346700000 of size 262144 next 214
2025-06-15 01:05:16.220122: I external/local_tsl/tsl/framework/bfc_allocator.cc:1095] InUse at 7f3346740000 of size 884736 next 217
2025-06-15 01:05:16.220566: I external/local_tsl/tsl/framework/bfc_allocator.cc:1095] InUse at 7f3346818000 of size 884736 next 218
2025-06-15 01:05:16.221022: I external/local_tsl/tsl/framework/bfc_allocator.cc:1095] InUse at 7f33468f0000 of size 442368 next 225
2025-06-15 01:05:16.221453: I external/local_tsl/tsl/framework/bfc_allocator.cc:1095] InUse at 7f334695c000 of size 442368 next 226
2025-06-15 01:05:16.221813: I external/local_tsl/tsl/framework/bfc_allocator.cc:1095] InUse at 7f33469c8000 of size 256 next 234
2025-06-15 01:05:16.222245: I external/local_tsl/tsl/framework/bfc_allocator.cc:1095] InUse at 7f33469c8100 of size 256 next 235
2025-06-15 01:05:16.222685: I external/local_tsl/tsl/framework/bfc_allocator.cc:1095] InUse at 7f33469c8200 of size 221184 next 236
2025-06-15 01:05:16.223053: I external/local_tsl/tsl/framework/bfc_allocator.cc:1095] InUse at 7f33469fe200 of size 221184 next 237
2025-06-15 01:05:16.223442: I external/local_tsl/tsl/framework/bfc_allocator.cc:1095] InUse at 7f3346a34200 of size 256 next 238
2025-06-15 01:05:16.223853: I external/local_tsl/tsl/framework/bfc_allocator.cc:1095] InUse at 7f3346a34300 of size 256 next 239
2025-06-15 01:05:16.224292: I external/local_tsl/tsl/framework/bfc_allocator.cc:1095] InUse at 7f3346a34400 of size 256 next 240
2025-06-15 01:05:16.224713: I external/local_tsl/tsl/framework/bfc_allocator.cc:1095] InUse at 7f3346a34500 of size 256 next 241
2025-06-15 01:05:16.225168: I external/local_tsl/tsl/framework/bfc_allocator.cc:1095] InUse at 7f3346a34600 of size 256 next 242
2025-06-15 01:05:16.225613: I external/local_tsl/tsl/framework/bfc_allocator.cc:1095] InUse at 7f3346a34700 of size 256 next 243
2025-06-15 01:05:16.226042: I external/local_tsl/tsl/framework/bfc_allocator.cc:1095] InUse at 7f3346a34800 of size 110592 next 244
2025-06-15 01:05:16.226400: I external/local_tsl/tsl/framework/bfc_allocator.cc:1095] InUse at 7f3346a4f800 of size 110592 next 245
2025-06-15 01:05:16.226757: I external/local_tsl/tsl/framework/bfc_allocator.cc:1095] InUse at 7f3346a6a800 of size 256 next 246
2025-06-15 01:05:16.227179: I external/local_tsl/tsl/framework/bfc_allocator.cc:1095] InUse at 7f3346a6a900 of size 256 next 247
2025-06-15 01:05:16.227631: I external/local_tsl/tsl/framework/bfc_allocator.cc:1095] InUse at 7f3346a6aa00 of size 256 next 248
2025-06-15 01:05:16.228064: I external/local_tsl/tsl/framework/bfc_allocator.cc:1095] InUse at 7f3346a6ab00 of size 256 next 249
2025-06-15 01:05:16.228536: I external/local_tsl/tsl/framework/bfc_allocator.cc:1095] InUse at 7f3346a6ac00 of size 256 next 250
2025-06-15 01:05:16.228989: I external/local_tsl/tsl/framework/bfc_allocator.cc:1095] InUse at 7f3346a6ad00 of size 256 next 251
2025-06-15 01:05:16.229444: I external/local_tsl/tsl/framework/bfc_allocator.cc:1095] InUse at 7f3346a6ae00 of size 256 next 252
2025-06-15 01:05:16.229891: I external/local_tsl/tsl/framework/bfc_allocator.cc:1095] InUse at 7f3346a6af00 of size 256 next 253
2025-06-15 01:05:16.230340: I external/local_tsl/tsl/framework/bfc_allocator.cc:1095] InUse at 7f3346a6b000 of size 256 next 254
2025-06-15 01:05:16.230772: I external/local_tsl/tsl/framework/bfc_allocator.cc:1095] InUse at 7f3346a6b100 of size 256 next 255
2025-06-15 01:05:16.231191: I external/local_tsl/tsl/framework/bfc_allocator.cc:1095] InUse at 7f3346a6b200 of size 256 next 256
2025-06-15 01:05:16.231633: I external/local_tsl/tsl/framework/bfc_allocator.cc:1095] InUse at 7f3346a6b300 of size 256 next 257
2025-06-15 01:05:16.232051: I external/local_tsl/tsl/framework/bfc_allocator.cc:1095] InUse at 7f3346a6b400 of size 256 next 258
2025-06-15 01:05:16.232468: I external/local_tsl/tsl/framework/bfc_allocator.cc:1095] InUse at 7f3346a6b500 of size 256 next 259
2025-06-15 01:05:16.232908: I external/local_tsl/tsl/framework/bfc_allocator.cc:1095] InUse at 7f3346a6b600 of size 256 next 260
2025-06-15 01:05:16.233367: I external/local_tsl/tsl/framework/bfc_allocator.cc:1095] InUse at 7f3346a6b700 of size 256 next 261
2025-06-15 01:05:16.233802: I external/local_tsl/tsl/framework/bfc_allocator.cc:1095] InUse at 7f3346a6b800 of size 256 next 262
2025-06-15 01:05:16.234266: I external/local_tsl/tsl/framework/bfc_allocator.cc:1095] InUse at 7f3346a6b900 of size 256 next 263
2025-06-15 01:05:16.234693: I external/local_tsl/tsl/framework/bfc_allocator.cc:1095] InUse at 7f3346a6ba00 of size 256 next 265
2025-06-15 01:05:16.235111: I external/local_tsl/tsl/framework/bfc_allocator.cc:1095] InUse at 7f3346a6bb00 of size 256 next 268
2025-06-15 01:05:16.235552: I external/local_tsl/tsl/framework/bfc_allocator.cc:1095] InUse at 7f3346a6bc00 of size 256 next 269
2025-06-15 01:05:16.235982: I external/local_tsl/tsl/framework/bfc_allocator.cc:1095] InUse at 7f3346a6bd00 of size 256 next 272
2025-06-15 01:05:16.236420: I external/local_tsl/tsl/framework/bfc_allocator.cc:1095] InUse at 7f3346a6be00 of size 256 next 274
2025-06-15 01:05:16.236856: I external/local_tsl/tsl/framework/bfc_allocator.cc:1095] InUse at 7f3346a6bf00 of size 256 next 275
2025-06-15 01:05:16.237345: I external/local_tsl/tsl/framework/bfc_allocator.cc:1095] InUse at 7f3346a6c000 of size 256 next 279
2025-06-15 01:05:16.237772: I external/local_tsl/tsl/framework/bfc_allocator.cc:1095] InUse at 7f3346a6c100 of size 256 next 280
2025-06-15 01:05:16.238215: I external/local_tsl/tsl/framework/bfc_allocator.cc:1095] InUse at 7f3346a6c200 of size 256 next 286
2025-06-15 01:05:16.238632: I external/local_tsl/tsl/framework/bfc_allocator.cc:1095] InUse at 7f3346a6c300 of size 256 next 287
2025-06-15 01:05:16.239047: I external/local_tsl/tsl/framework/bfc_allocator.cc:1095] InUse at 7f3346a6c400 of size 256 next 290
2025-06-15 01:05:16.239517: I external/local_tsl/tsl/framework/bfc_allocator.cc:1095] InUse at 7f3346a6c500 of size 256 next 291
2025-06-15 01:05:16.240003: I external/local_tsl/tsl/framework/bfc_allocator.cc:1095] InUse at 7f3346a6c600 of size 512 next 293
2025-06-15 01:05:16.240486: I external/local_tsl/tsl/framework/bfc_allocator.cc:1095] InUse at 7f3346a6c800 of size 512 next 294
2025-06-15 01:05:16.240943: I external/local_tsl/tsl/framework/bfc_allocator.cc:1095] InUse at 7f3346a6ca00 of size 512 next 295
2025-06-15 01:05:16.241377: I external/local_tsl/tsl/framework/bfc_allocator.cc:1095] InUse at 7f3346a6cc00 of size 512 next 298
2025-06-15 01:05:16.241819: I external/local_tsl/tsl/framework/bfc_allocator.cc:1095] InUse at 7f3346a6ce00 of size 512 next 299
2025-06-15 01:05:16.242237: I external/local_tsl/tsl/framework/bfc_allocator.cc:1095] InUse at 7f3346a6d000 of size 15138816 next 56
2025-06-15 01:05:16.242666: I external/local_tsl/tsl/framework/bfc_allocator.cc:1095] InUse at 7f33478dd000 of size 15138816 next 301
2025-06-15 01:05:16.243057: I external/local_tsl/tsl/framework/bfc_allocator.cc:1095] InUse at 7f334874d000 of size 1024 next 304
2025-06-15 01:05:16.243517: I external/local_tsl/tsl/framework/bfc_allocator.cc:1095] InUse at 7f334874d400 of size 1024 next 305
2025-06-15 01:05:16.243956: I external/local_tsl/tsl/framework/bfc_allocator.cc:1095] InUse at 7f334874d800 of size 1024 next 306
2025-06-15 01:05:16.244375: I external/local_tsl/tsl/framework/bfc_allocator.cc:1095] InUse at 7f334874dc00 of size 1024 next 309
2025-06-15 01:05:16.244818: I external/local_tsl/tsl/framework/bfc_allocator.cc:1095] InUse at 7f334874e000 of size 1024 next 310
2025-06-15 01:05:16.245231: I external/local_tsl/tsl/framework/bfc_allocator.cc:1095] InUse at 7f334874e400 of size 512 next 317
2025-06-15 01:05:16.245680: I external/local_tsl/tsl/framework/bfc_allocator.cc:1095] InUse at 7f334874e600 of size 512 next 318
2025-06-15 01:05:16.246106: I external/local_tsl/tsl/framework/bfc_allocator.cc:1095] InUse at 7f334874e800 of size 256 next 326
2025-06-15 01:05:16.246522: I external/local_tsl/tsl/framework/bfc_allocator.cc:1095] InUse at 7f334874e900 of size 256 next 327
2025-06-15 01:05:16.246967: I external/local_tsl/tsl/framework/bfc_allocator.cc:1095] Free  at 7f334874ea00 of size 25892352 next 18446744073709551615
2025-06-15 01:05:16.247333: I external/local_tsl/tsl/framework/bfc_allocator.cc:1075] Next region of size 33554432
2025-06-15 01:05:16.247753: I external/local_tsl/tsl/framework/bfc_allocator.cc:1095] InUse at 7f335e000000 of size 3538944 next 83
2025-06-15 01:05:16.248122: I external/local_tsl/tsl/framework/bfc_allocator.cc:1095] InUse at 7f335e360000 of size 221184 next 152
2025-06-15 01:05:16.248483: I external/local_tsl/tsl/framework/bfc_allocator.cc:1095] InUse at 7f335e396000 of size 221184 next 106
2025-06-15 01:05:16.248849: I external/local_tsl/tsl/framework/bfc_allocator.cc:1095] InUse at 7f335e3cc000 of size 442368 next 100
2025-06-15 01:05:16.249221: I external/local_tsl/tsl/framework/bfc_allocator.cc:1095] InUse at 7f335e438000 of size 884736 next 90
2025-06-15 01:05:16.249591: I external/local_tsl/tsl/framework/bfc_allocator.cc:1095] InUse at 7f335e510000 of size 1769472 next 74
2025-06-15 01:05:16.249946: I external/local_tsl/tsl/framework/bfc_allocator.cc:1095] InUse at 7f335e6c0000 of size 7077888 next 72
2025-06-15 01:05:16.250320: I external/local_tsl/tsl/framework/bfc_allocator.cc:1095] InUse at 7f335ed80000 of size 7077888 next 187
2025-06-15 01:05:16.250678: I external/local_tsl/tsl/framework/bfc_allocator.cc:1095] InUse at 7f335f440000 of size 12320768 next 18446744073709551615
2025-06-15 01:05:16.251024: I external/local_tsl/tsl/framework/bfc_allocator.cc:1075] Next region of size 16777216
2025-06-15 01:05:16.251431: I external/local_tsl/tsl/framework/bfc_allocator.cc:1095] InUse at 7f3366000000 of size 1769472 next 173
2025-06-15 01:05:16.251800: I external/local_tsl/tsl/framework/bfc_allocator.cc:1095] InUse at 7f33661b0000 of size 1769472 next 64
2025-06-15 01:05:16.252161: I external/local_tsl/tsl/framework/bfc_allocator.cc:1095] InUse at 7f3366360000 of size 3538944 next 62
2025-06-15 01:05:16.252513: I external/local_tsl/tsl/framework/bfc_allocator.cc:1095] InUse at 7f33666c0000 of size 3538944 next 180
2025-06-15 01:05:16.252854: I external/local_tsl/tsl/framework/bfc_allocator.cc:1095] InUse at 7f3366a20000 of size 1048576 next 194
2025-06-15 01:05:16.253240: I external/local_tsl/tsl/framework/bfc_allocator.cc:1095] InUse at 7f3366b20000 of size 1048576 next 195
2025-06-15 01:05:16.253609: I external/local_tsl/tsl/framework/bfc_allocator.cc:1095] InUse at 7f3366c20000 of size 4063232 next 18446744073709551615
2025-06-15 01:05:16.253955: I external/local_tsl/tsl/framework/bfc_allocator.cc:1075] Next region of size 2097152
2025-06-15 01:05:16.254387: I external/local_tsl/tsl/framework/bfc_allocator.cc:1095] InUse at 7f33c2e00000 of size 1280 next 1
2025-06-15 01:05:16.254836: I external/local_tsl/tsl/framework/bfc_allocator.cc:1095] InUse at 7f33c2e00500 of size 256 next 2
2025-06-15 01:05:16.255256: I external/local_tsl/tsl/framework/bfc_allocator.cc:1095] InUse at 7f33c2e00600 of size 256 next 3
2025-06-15 01:05:16.255690: I external/local_tsl/tsl/framework/bfc_allocator.cc:1095] InUse at 7f33c2e00700 of size 256 next 5
2025-06-15 01:05:16.256112: I external/local_tsl/tsl/framework/bfc_allocator.cc:1095] InUse at 7f33c2e00800 of size 256 next 6
2025-06-15 01:05:16.256585: I external/local_tsl/tsl/framework/bfc_allocator.cc:1095] InUse at 7f33c2e00900 of size 256 next 4
2025-06-15 01:05:16.257027: I external/local_tsl/tsl/framework/bfc_allocator.cc:1095] InUse at 7f33c2e00a00 of size 256 next 7
2025-06-15 01:05:16.257474: I external/local_tsl/tsl/framework/bfc_allocator.cc:1095] InUse at 7f33c2e00b00 of size 256 next 10
2025-06-15 01:05:16.257880: I external/local_tsl/tsl/framework/bfc_allocator.cc:1095] InUse at 7f33c2e00c00 of size 256 next 277
2025-06-15 01:05:16.258336: I external/local_tsl/tsl/framework/bfc_allocator.cc:1095] InUse at 7f33c2e00d00 of size 256 next 12
2025-06-15 01:05:16.258835: I external/local_tsl/tsl/framework/bfc_allocator.cc:1095] InUse at 7f33c2e00e00 of size 256 next 13
2025-06-15 01:05:16.259281: I external/local_tsl/tsl/framework/bfc_allocator.cc:1095] InUse at 7f33c2e00f00 of size 256 next 14
2025-06-15 01:05:16.259738: I external/local_tsl/tsl/framework/bfc_allocator.cc:1095] InUse at 7f33c2e01000 of size 256 next 17
2025-06-15 01:05:16.260200: I external/local_tsl/tsl/framework/bfc_allocator.cc:1095] InUse at 7f33c2e01100 of size 256 next 15
2025-06-15 01:05:16.260631: I external/local_tsl/tsl/framework/bfc_allocator.cc:1095] InUse at 7f33c2e01200 of size 256 next 16
2025-06-15 01:05:16.261077: I external/local_tsl/tsl/framework/bfc_allocator.cc:1095] InUse at 7f33c2e01300 of size 256 next 285
2025-06-15 01:05:16.261497: I external/local_tsl/tsl/framework/bfc_allocator.cc:1095] InUse at 7f33c2e01400 of size 256 next 21
2025-06-15 01:05:16.261910: I external/local_tsl/tsl/framework/bfc_allocator.cc:1095] InUse at 7f33c2e01500 of size 256 next 22
2025-06-15 01:05:16.262368: I external/local_tsl/tsl/framework/bfc_allocator.cc:1095] InUse at 7f33c2e01600 of size 256 next 23
2025-06-15 01:05:16.262833: I external/local_tsl/tsl/framework/bfc_allocator.cc:1095] InUse at 7f33c2e01700 of size 256 next 24
2025-06-15 01:05:16.263330: I external/local_tsl/tsl/framework/bfc_allocator.cc:1095] InUse at 7f33c2e01800 of size 256 next 25
2025-06-15 01:05:16.263964: I external/local_tsl/tsl/framework/bfc_allocator.cc:1095] InUse at 7f33c2e01900 of size 256 next 28
2025-06-15 01:05:16.264509: I external/local_tsl/tsl/framework/bfc_allocator.cc:1095] InUse at 7f33c2e01a00 of size 256 next 289
2025-06-15 01:05:16.264965: I external/local_tsl/tsl/framework/bfc_allocator.cc:1095] InUse at 7f33c2e01b00 of size 256 next 30
2025-06-15 01:05:16.265388: I external/local_tsl/tsl/framework/bfc_allocator.cc:1095] InUse at 7f33c2e01c00 of size 256 next 31
2025-06-15 01:05:16.265841: I external/local_tsl/tsl/framework/bfc_allocator.cc:1095] InUse at 7f33c2e01d00 of size 256 next 32
2025-06-15 01:05:16.266264: I external/local_tsl/tsl/framework/bfc_allocator.cc:1095] InUse at 7f33c2e01e00 of size 256 next 35
2025-06-15 01:05:16.266705: I external/local_tsl/tsl/framework/bfc_allocator.cc:1095] InUse at 7f33c2e01f00 of size 256 next 33
2025-06-15 01:05:16.267166: I external/local_tsl/tsl/framework/bfc_allocator.cc:1095] InUse at 7f33c2e02000 of size 256 next 34
2025-06-15 01:05:16.267661: I external/local_tsl/tsl/framework/bfc_allocator.cc:1095] InUse at 7f33c2e02100 of size 512 next 39
2025-06-15 01:05:16.268129: I external/local_tsl/tsl/framework/bfc_allocator.cc:1095] InUse at 7f33c2e02300 of size 256 next 40
2025-06-15 01:05:16.268562: I external/local_tsl/tsl/framework/bfc_allocator.cc:1095] InUse at 7f33c2e02400 of size 256 next 41
2025-06-15 01:05:16.268978: I external/local_tsl/tsl/framework/bfc_allocator.cc:1095] InUse at 7f33c2e02500 of size 256 next 8
2025-06-15 01:05:16.269445: I external/local_tsl/tsl/framework/bfc_allocator.cc:1095] InUse at 7f33c2e02600 of size 3584 next 9
2025-06-15 01:05:16.269871: I external/local_tsl/tsl/framework/bfc_allocator.cc:1095] InUse at 7f33c2e03400 of size 512 next 42
2025-06-15 01:05:16.270298: I external/local_tsl/tsl/framework/bfc_allocator.cc:1095] InUse at 7f33c2e03600 of size 512 next 45
2025-06-15 01:05:16.270720: I external/local_tsl/tsl/framework/bfc_allocator.cc:1095] InUse at 7f33c2e03800 of size 512 next 46
2025-06-15 01:05:16.271161: I external/local_tsl/tsl/framework/bfc_allocator.cc:1095] InUse at 7f33c2e03a00 of size 512 next 297
2025-06-15 01:05:16.271571: I external/local_tsl/tsl/framework/bfc_allocator.cc:1095] InUse at 7f33c2e03c00 of size 512 next 48
2025-06-15 01:05:16.271978: I external/local_tsl/tsl/framework/bfc_allocator.cc:1095] InUse at 7f33c2e03e00 of size 256 next 49
2025-06-15 01:05:16.272398: I external/local_tsl/tsl/framework/bfc_allocator.cc:1095] InUse at 7f33c2e03f00 of size 512 next 50
2025-06-15 01:05:16.272852: I external/local_tsl/tsl/framework/bfc_allocator.cc:1095] InUse at 7f33c2e04100 of size 512 next 51
2025-06-15 01:05:16.273281: I external/local_tsl/tsl/framework/bfc_allocator.cc:1095] InUse at 7f33c2e04300 of size 512 next 55
2025-06-15 01:05:16.273705: I external/local_tsl/tsl/framework/bfc_allocator.cc:1095] InUse at 7f33c2e04500 of size 1024 next 57
2025-06-15 01:05:16.274131: I external/local_tsl/tsl/framework/bfc_allocator.cc:1095] InUse at 7f33c2e04900 of size 256 next 58
2025-06-15 01:05:16.274627: I external/local_tsl/tsl/framework/bfc_allocator.cc:1095] InUse at 7f33c2e04a00 of size 256 next 59
2025-06-15 01:05:16.275068: I external/local_tsl/tsl/framework/bfc_allocator.cc:1095] InUse at 7f33c2e04b00 of size 1024 next 60
2025-06-15 01:05:16.275535: I external/local_tsl/tsl/framework/bfc_allocator.cc:1095] InUse at 7f33c2e04f00 of size 1024 next 61
2025-06-15 01:05:16.275964: I external/local_tsl/tsl/framework/bfc_allocator.cc:1095] InUse at 7f33c2e05300 of size 1024 next 65
2025-06-15 01:05:16.276412: I external/local_tsl/tsl/framework/bfc_allocator.cc:1095] InUse at 7f33c2e05700 of size 1024 next 308
2025-06-15 01:05:16.276839: I external/local_tsl/tsl/framework/bfc_allocator.cc:1095] InUse at 7f33c2e05b00 of size 1024 next 67
2025-06-15 01:05:16.277268: I external/local_tsl/tsl/framework/bfc_allocator.cc:1095] InUse at 7f33c2e05f00 of size 256 next 68
2025-06-15 01:05:16.277783: I external/local_tsl/tsl/framework/bfc_allocator.cc:1095] InUse at 7f33c2e06000 of size 256 next 69
2025-06-15 01:05:16.278266: I external/local_tsl/tsl/framework/bfc_allocator.cc:1095] InUse at 7f33c2e06100 of size 1024 next 70
2025-06-15 01:05:16.278732: I external/local_tsl/tsl/framework/bfc_allocator.cc:1095] InUse at 7f33c2e06500 of size 1024 next 71
2025-06-15 01:05:16.279152: I external/local_tsl/tsl/framework/bfc_allocator.cc:1095] InUse at 7f33c2e06900 of size 1024 next 75
2025-06-15 01:05:16.279590: I external/local_tsl/tsl/framework/bfc_allocator.cc:1095] InUse at 7f33c2e06d00 of size 512 next 313
2025-06-15 01:05:16.280075: I external/local_tsl/tsl/framework/bfc_allocator.cc:1095] InUse at 7f33c2e06f00 of size 512 next 314
2025-06-15 01:05:16.280529: I external/local_tsl/tsl/framework/bfc_allocator.cc:1095] InUse at 7f33c2e07100 of size 512 next 315
2025-06-15 01:05:16.280936: I external/local_tsl/tsl/framework/bfc_allocator.cc:1095] InUse at 7f33c2e07300 of size 512 next 77
2025-06-15 01:05:16.281355: I external/local_tsl/tsl/framework/bfc_allocator.cc:1095] InUse at 7f33c2e07500 of size 256 next 78
2025-06-15 01:05:16.281824: I external/local_tsl/tsl/framework/bfc_allocator.cc:1095] InUse at 7f33c2e07600 of size 256 next 79
2025-06-15 01:05:16.282254: I external/local_tsl/tsl/framework/bfc_allocator.cc:1095] InUse at 7f33c2e07700 of size 512 next 80
2025-06-15 01:05:16.282687: I external/local_tsl/tsl/framework/bfc_allocator.cc:1095] InUse at 7f33c2e07900 of size 512 next 81
2025-06-15 01:05:16.283118: I external/local_tsl/tsl/framework/bfc_allocator.cc:1095] InUse at 7f33c2e07b00 of size 512 next 82
2025-06-15 01:05:16.283624: I external/local_tsl/tsl/framework/bfc_allocator.cc:1095] InUse at 7f33c2e07d00 of size 512 next 84
2025-06-15 01:05:16.284186: I external/local_tsl/tsl/framework/bfc_allocator.cc:1095] InUse at 7f33c2e07f00 of size 512 next 316
2025-06-15 01:05:16.284615: I external/local_tsl/tsl/framework/bfc_allocator.cc:1095] InUse at 7f33c2e08100 of size 512 next 86
2025-06-15 01:05:16.285023: I external/local_tsl/tsl/framework/bfc_allocator.cc:1095] InUse at 7f33c2e08300 of size 512 next 87
2025-06-15 01:05:16.285487: I external/local_tsl/tsl/framework/bfc_allocator.cc:1095] InUse at 7f33c2e08500 of size 512 next 88
2025-06-15 01:05:16.285894: I external/local_tsl/tsl/framework/bfc_allocator.cc:1095] InUse at 7f33c2e08700 of size 512 next 89
2025-06-15 01:05:16.286322: I external/local_tsl/tsl/framework/bfc_allocator.cc:1095] InUse at 7f33c2e08900 of size 256 next 321
2025-06-15 01:05:16.286734: I external/local_tsl/tsl/framework/bfc_allocator.cc:1095] InUse at 7f33c2e08a00 of size 256 next 323
2025-06-15 01:05:16.287199: I external/local_tsl/tsl/framework/bfc_allocator.cc:1095] InUse at 7f33c2e08b00 of size 256 next 324
2025-06-15 01:05:16.287625: I external/local_tsl/tsl/framework/bfc_allocator.cc:1095] InUse at 7f33c2e08c00 of size 256 next 92
2025-06-15 01:05:16.288036: I external/local_tsl/tsl/framework/bfc_allocator.cc:1095] InUse at 7f33c2e08d00 of size 256 next 93
2025-06-15 01:05:16.288457: I external/local_tsl/tsl/framework/bfc_allocator.cc:1095] InUse at 7f33c2e08e00 of size 256 next 94
2025-06-15 01:05:16.288932: I external/local_tsl/tsl/framework/bfc_allocator.cc:1095] InUse at 7f33c2e08f00 of size 256 next 97
2025-06-15 01:05:16.289358: I external/local_tsl/tsl/framework/bfc_allocator.cc:1095] InUse at 7f33c2e09000 of size 256 next 95
2025-06-15 01:05:16.289783: I external/local_tsl/tsl/framework/bfc_allocator.cc:1095] InUse at 7f33c2e09100 of size 256 next 96
2025-06-15 01:05:16.290179: I external/local_tsl/tsl/framework/bfc_allocator.cc:1095] InUse at 7f33c2e09200 of size 256 next 98
2025-06-15 01:05:16.290610: I external/local_tsl/tsl/framework/bfc_allocator.cc:1095] InUse at 7f33c2e09300 of size 256 next 101
2025-06-15 01:05:16.291053: I external/local_tsl/tsl/framework/bfc_allocator.cc:1095] InUse at 7f33c2e09400 of size 256 next 102
2025-06-15 01:05:16.291500: I external/local_tsl/tsl/framework/bfc_allocator.cc:1095] InUse at 7f33c2e09500 of size 256 next 103
2025-06-15 01:05:16.291913: I external/local_tsl/tsl/framework/bfc_allocator.cc:1095] InUse at 7f33c2e09600 of size 256 next 104
2025-06-15 01:05:16.292370: I external/local_tsl/tsl/framework/bfc_allocator.cc:1095] InUse at 7f33c2e09700 of size 256 next 105
2025-06-15 01:05:16.292815: I external/local_tsl/tsl/framework/bfc_allocator.cc:1095] Free  at 7f33c2e09800 of size 512 next 108
2025-06-15 01:05:16.293241: I external/local_tsl/tsl/framework/bfc_allocator.cc:1095] InUse at 7f33c2e09a00 of size 256 next 109
2025-06-15 01:05:16.293686: I external/local_tsl/tsl/framework/bfc_allocator.cc:1095] InUse at 7f33c2e09b00 of size 256 next 110
2025-06-15 01:05:16.294156: I external/local_tsl/tsl/framework/bfc_allocator.cc:1095] InUse at 7f33c2e09c00 of size 256 next 146
2025-06-15 01:05:16.294579: I external/local_tsl/tsl/framework/bfc_allocator.cc:1095] InUse at 7f33c2e09d00 of size 256 next 147
2025-06-15 01:05:16.294991: I external/local_tsl/tsl/framework/bfc_allocator.cc:1095] InUse at 7f33c2e09e00 of size 256 next 148
2025-06-15 01:05:16.295474: I external/local_tsl/tsl/framework/bfc_allocator.cc:1095] InUse at 7f33c2e09f00 of size 256 next 149
2025-06-15 01:05:16.295926: I external/local_tsl/tsl/framework/bfc_allocator.cc:1095] InUse at 7f33c2e0a000 of size 256 next 150
2025-06-15 01:05:16.296375: I external/local_tsl/tsl/framework/bfc_allocator.cc:1095] InUse at 7f33c2e0a100 of size 256 next 151
2025-06-15 01:05:16.296793: I external/local_tsl/tsl/framework/bfc_allocator.cc:1095] InUse at 7f33c2e0a200 of size 256 next 153
2025-06-15 01:05:16.297276: I external/local_tsl/tsl/framework/bfc_allocator.cc:1095] InUse at 7f33c2e0a300 of size 256 next 154
2025-06-15 01:05:16.297813: I external/local_tsl/tsl/framework/bfc_allocator.cc:1095] InUse at 7f33c2e0a400 of size 256 next 155
2025-06-15 01:05:16.298231: I external/local_tsl/tsl/framework/bfc_allocator.cc:1095] InUse at 7f33c2e0a500 of size 256 next 156
2025-06-15 01:05:16.298657: I external/local_tsl/tsl/framework/bfc_allocator.cc:1095] InUse at 7f33c2e0a600 of size 256 next 157
2025-06-15 01:05:16.299077: I external/local_tsl/tsl/framework/bfc_allocator.cc:1095] InUse at 7f33c2e0a700 of size 256 next 158
2025-06-15 01:05:16.299502: I external/local_tsl/tsl/framework/bfc_allocator.cc:1095] InUse at 7f33c2e0a800 of size 256 next 160
2025-06-15 01:05:16.299920: I external/local_tsl/tsl/framework/bfc_allocator.cc:1095] InUse at 7f33c2e0a900 of size 256 next 161
2025-06-15 01:05:16.300370: I external/local_tsl/tsl/framework/bfc_allocator.cc:1095] InUse at 7f33c2e0aa00 of size 256 next 162
2025-06-15 01:05:16.300822: I external/local_tsl/tsl/framework/bfc_allocator.cc:1095] InUse at 7f33c2e0ab00 of size 256 next 163
2025-06-15 01:05:16.301240: I external/local_tsl/tsl/framework/bfc_allocator.cc:1095] InUse at 7f33c2e0ac00 of size 256 next 164
2025-06-15 01:05:16.301668: I external/local_tsl/tsl/framework/bfc_allocator.cc:1095] InUse at 7f33c2e0ad00 of size 256 next 165
2025-06-15 01:05:16.302081: I external/local_tsl/tsl/framework/bfc_allocator.cc:1095] InUse at 7f33c2e0ae00 of size 512 next 167
2025-06-15 01:05:16.302534: I external/local_tsl/tsl/framework/bfc_allocator.cc:1095] InUse at 7f33c2e0b000 of size 512 next 168
2025-06-15 01:05:16.302957: I external/local_tsl/tsl/framework/bfc_allocator.cc:1095] InUse at 7f33c2e0b200 of size 512 next 169
2025-06-15 01:05:16.303396: I external/local_tsl/tsl/framework/bfc_allocator.cc:1095] InUse at 7f33c2e0b400 of size 512 next 170
2025-06-15 01:05:16.303871: I external/local_tsl/tsl/framework/bfc_allocator.cc:1095] InUse at 7f33c2e0b600 of size 512 next 171
2025-06-15 01:05:16.304362: I external/local_tsl/tsl/framework/bfc_allocator.cc:1095] InUse at 7f33c2e0b800 of size 512 next 172
2025-06-15 01:05:16.304865: I external/local_tsl/tsl/framework/bfc_allocator.cc:1095] InUse at 7f33c2e0ba00 of size 512 next 174
2025-06-15 01:05:16.305289: I external/local_tsl/tsl/framework/bfc_allocator.cc:1095] InUse at 7f33c2e0bc00 of size 512 next 175
2025-06-15 01:05:16.305708: I external/local_tsl/tsl/framework/bfc_allocator.cc:1095] InUse at 7f33c2e0be00 of size 512 next 176
2025-06-15 01:05:16.306126: I external/local_tsl/tsl/framework/bfc_allocator.cc:1095] InUse at 7f33c2e0c000 of size 512 next 177
2025-06-15 01:05:16.306533: I external/local_tsl/tsl/framework/bfc_allocator.cc:1095] InUse at 7f33c2e0c200 of size 512 next 178
2025-06-15 01:05:16.306958: I external/local_tsl/tsl/framework/bfc_allocator.cc:1095] InUse at 7f33c2e0c400 of size 512 next 179
2025-06-15 01:05:16.307388: I external/local_tsl/tsl/framework/bfc_allocator.cc:1095] InUse at 7f33c2e0c600 of size 1024 next 181
2025-06-15 01:05:16.307836: I external/local_tsl/tsl/framework/bfc_allocator.cc:1095] InUse at 7f33c2e0ca00 of size 1024 next 182
2025-06-15 01:05:16.308268: I external/local_tsl/tsl/framework/bfc_allocator.cc:1095] InUse at 7f33c2e0ce00 of size 1024 next 183
2025-06-15 01:05:16.308704: I external/local_tsl/tsl/framework/bfc_allocator.cc:1095] InUse at 7f33c2e0d200 of size 1024 next 184
2025-06-15 01:05:16.309138: I external/local_tsl/tsl/framework/bfc_allocator.cc:1095] InUse at 7f33c2e0d600 of size 1024 next 185
2025-06-15 01:05:16.309608: I external/local_tsl/tsl/framework/bfc_allocator.cc:1095] InUse at 7f33c2e0da00 of size 1024 next 186
2025-06-15 01:05:16.310031: I external/local_tsl/tsl/framework/bfc_allocator.cc:1095] InUse at 7f33c2e0de00 of size 1024 next 188
2025-06-15 01:05:16.310478: I external/local_tsl/tsl/framework/bfc_allocator.cc:1095] InUse at 7f33c2e0e200 of size 1024 next 189
2025-06-15 01:05:16.310912: I external/local_tsl/tsl/framework/bfc_allocator.cc:1095] InUse at 7f33c2e0e600 of size 1024 next 190
2025-06-15 01:05:16.311349: I external/local_tsl/tsl/framework/bfc_allocator.cc:1095] InUse at 7f33c2e0ea00 of size 1024 next 191
2025-06-15 01:05:16.311798: I external/local_tsl/tsl/framework/bfc_allocator.cc:1095] InUse at 7f33c2e0ee00 of size 1024 next 192
2025-06-15 01:05:16.312213: I external/local_tsl/tsl/framework/bfc_allocator.cc:1095] InUse at 7f33c2e0f200 of size 1024 next 193
2025-06-15 01:05:16.312640: I external/local_tsl/tsl/framework/bfc_allocator.cc:1095] InUse at 7f33c2e0f600 of size 512 next 196
2025-06-15 01:05:16.313043: I external/local_tsl/tsl/framework/bfc_allocator.cc:1095] InUse at 7f33c2e0f800 of size 512 next 197
2025-06-15 01:05:16.313468: I external/local_tsl/tsl/framework/bfc_allocator.cc:1095] InUse at 7f33c2e0fa00 of size 512 next 199
2025-06-15 01:05:16.313890: I external/local_tsl/tsl/framework/bfc_allocator.cc:1095] InUse at 7f33c2e0fc00 of size 512 next 200
2025-06-15 01:05:16.314300: I external/local_tsl/tsl/framework/bfc_allocator.cc:1095] InUse at 7f33c2e0fe00 of size 512 next 201
2025-06-15 01:05:16.314752: I external/local_tsl/tsl/framework/bfc_allocator.cc:1095] InUse at 7f33c2e10000 of size 512 next 202
2025-06-15 01:05:16.315194: I external/local_tsl/tsl/framework/bfc_allocator.cc:1095] InUse at 7f33c2e10200 of size 512 next 203
2025-06-15 01:05:16.315627: I external/local_tsl/tsl/framework/bfc_allocator.cc:1095] InUse at 7f33c2e10400 of size 512 next 204
2025-06-15 01:05:16.316092: I external/local_tsl/tsl/framework/bfc_allocator.cc:1095] InUse at 7f33c2e10600 of size 512 next 207
2025-06-15 01:05:16.316576: I external/local_tsl/tsl/framework/bfc_allocator.cc:1095] InUse at 7f33c2e10800 of size 512 next 208
2025-06-15 01:05:16.317049: I external/local_tsl/tsl/framework/bfc_allocator.cc:1095] InUse at 7f33c2e10a00 of size 512 next 209
2025-06-15 01:05:16.317503: I external/local_tsl/tsl/framework/bfc_allocator.cc:1095] InUse at 7f33c2e10c00 of size 512 next 210
2025-06-15 01:05:16.317933: I external/local_tsl/tsl/framework/bfc_allocator.cc:1095] InUse at 7f33c2e10e00 of size 512 next 211
2025-06-15 01:05:16.318359: I external/local_tsl/tsl/framework/bfc_allocator.cc:1095] InUse at 7f33c2e11000 of size 512 next 212
2025-06-15 01:05:16.318784: I external/local_tsl/tsl/framework/bfc_allocator.cc:1095] InUse at 7f33c2e11200 of size 256 next 215
2025-06-15 01:05:16.319239: I external/local_tsl/tsl/framework/bfc_allocator.cc:1095] InUse at 7f33c2e11300 of size 256 next 216
2025-06-15 01:05:16.319662: I external/local_tsl/tsl/framework/bfc_allocator.cc:1095] InUse at 7f33c2e11400 of size 256 next 219
2025-06-15 01:05:16.320116: I external/local_tsl/tsl/framework/bfc_allocator.cc:1095] InUse at 7f33c2e11500 of size 256 next 220
2025-06-15 01:05:16.320531: I external/local_tsl/tsl/framework/bfc_allocator.cc:1095] InUse at 7f33c2e11600 of size 256 next 221
2025-06-15 01:05:16.320956: I external/local_tsl/tsl/framework/bfc_allocator.cc:1095] InUse at 7f33c2e11700 of size 256 next 222
2025-06-15 01:05:16.321382: I external/local_tsl/tsl/framework/bfc_allocator.cc:1095] InUse at 7f33c2e11800 of size 256 next 223
2025-06-15 01:05:16.321880: I external/local_tsl/tsl/framework/bfc_allocator.cc:1095] InUse at 7f33c2e11900 of size 256 next 224
2025-06-15 01:05:16.322329: I external/local_tsl/tsl/framework/bfc_allocator.cc:1095] InUse at 7f33c2e11a00 of size 256 next 227
2025-06-15 01:05:16.322784: I external/local_tsl/tsl/framework/bfc_allocator.cc:1095] InUse at 7f33c2e11b00 of size 256 next 228
2025-06-15 01:05:16.323212: I external/local_tsl/tsl/framework/bfc_allocator.cc:1095] InUse at 7f33c2e11c00 of size 256 next 229
2025-06-15 01:05:16.323674: I external/local_tsl/tsl/framework/bfc_allocator.cc:1095] InUse at 7f33c2e11d00 of size 256 next 230
2025-06-15 01:05:16.324102: I external/local_tsl/tsl/framework/bfc_allocator.cc:1095] InUse at 7f33c2e11e00 of size 256 next 231
2025-06-15 01:05:16.324614: I external/local_tsl/tsl/framework/bfc_allocator.cc:1095] InUse at 7f33c2e11f00 of size 256 next 232
2025-06-15 01:05:16.325072: I external/local_tsl/tsl/framework/bfc_allocator.cc:1095] InUse at 7f33c2e12000 of size 65536 next 233
2025-06-15 01:05:16.325426: I external/local_tsl/tsl/framework/bfc_allocator.cc:1095] InUse at 7f33c2e22000 of size 95232 next 19
2025-06-15 01:05:16.325831: I external/local_tsl/tsl/framework/bfc_allocator.cc:1095] InUse at 7f33c2e39400 of size 110592 next 18
2025-06-15 01:05:16.326152: I external/local_tsl/tsl/framework/bfc_allocator.cc:1095] InUse at 7f33c2e54400 of size 65536 next 115
2025-06-15 01:05:16.326496: I external/local_tsl/tsl/framework/bfc_allocator.cc:1095] InUse at 7f33c2e64400 of size 256 next 112
2025-06-15 01:05:16.326903: I external/local_tsl/tsl/framework/bfc_allocator.cc:1095] InUse at 7f33c2e64500 of size 256 next 114
2025-06-15 01:05:16.327347: I external/local_tsl/tsl/framework/bfc_allocator.cc:1095] InUse at 7f33c2e64600 of size 256 next 113
2025-06-15 01:05:16.327766: I external/local_tsl/tsl/framework/bfc_allocator.cc:1095] InUse at 7f33c2e64700 of size 256 next 111
2025-06-15 01:05:16.328187: I external/local_tsl/tsl/framework/bfc_allocator.cc:1095] InUse at 7f33c2e64800 of size 256 next 117
2025-06-15 01:05:16.328628: I external/local_tsl/tsl/framework/bfc_allocator.cc:1095] InUse at 7f33c2e64900 of size 256 next 118
2025-06-15 01:05:16.329047: I external/local_tsl/tsl/framework/bfc_allocator.cc:1095] InUse at 7f33c2e64a00 of size 256 next 120
2025-06-15 01:05:16.329462: I external/local_tsl/tsl/framework/bfc_allocator.cc:1095] InUse at 7f33c2e64b00 of size 256 next 119
2025-06-15 01:05:16.329914: I external/local_tsl/tsl/framework/bfc_allocator.cc:1095] InUse at 7f33c2e64c00 of size 256 next 121
2025-06-15 01:05:16.330383: I external/local_tsl/tsl/framework/bfc_allocator.cc:1095] InUse at 7f33c2e64d00 of size 256 next 123
2025-06-15 01:05:16.330834: I external/local_tsl/tsl/framework/bfc_allocator.cc:1095] InUse at 7f33c2e64e00 of size 256 next 124
2025-06-15 01:05:16.331290: I external/local_tsl/tsl/framework/bfc_allocator.cc:1095] InUse at 7f33c2e64f00 of size 256 next 125
2025-06-15 01:05:16.331718: I external/local_tsl/tsl/framework/bfc_allocator.cc:1095] InUse at 7f33c2e65000 of size 256 next 126
2025-06-15 01:05:16.332185: I external/local_tsl/tsl/framework/bfc_allocator.cc:1095] InUse at 7f33c2e65100 of size 256 next 128
2025-06-15 01:05:16.332597: I external/local_tsl/tsl/framework/bfc_allocator.cc:1095] InUse at 7f33c2e65200 of size 256 next 127
2025-06-15 01:05:16.332997: I external/local_tsl/tsl/framework/bfc_allocator.cc:1095] InUse at 7f33c2e65300 of size 256 next 129
2025-06-15 01:05:16.333434: I external/local_tsl/tsl/framework/bfc_allocator.cc:1095] InUse at 7f33c2e65400 of size 256 next 130
2025-06-15 01:05:16.333855: I external/local_tsl/tsl/framework/bfc_allocator.cc:1095] InUse at 7f33c2e65500 of size 256 next 131
2025-06-15 01:05:16.334327: I external/local_tsl/tsl/framework/bfc_allocator.cc:1095] InUse at 7f33c2e65600 of size 256 next 132
2025-06-15 01:05:16.334767: I external/local_tsl/tsl/framework/bfc_allocator.cc:1095] InUse at 7f33c2e65700 of size 256 next 133
2025-06-15 01:05:16.335189: I external/local_tsl/tsl/framework/bfc_allocator.cc:1095] InUse at 7f33c2e65800 of size 256 next 137
2025-06-15 01:05:16.335675: I external/local_tsl/tsl/framework/bfc_allocator.cc:1095] InUse at 7f33c2e65900 of size 256 next 136
2025-06-15 01:05:16.336113: I external/local_tsl/tsl/framework/bfc_allocator.cc:1095] InUse at 7f33c2e65a00 of size 3584 next 138
2025-06-15 01:05:16.336567: I external/local_tsl/tsl/framework/bfc_allocator.cc:1095] InUse at 7f33c2e66800 of size 3584 next 139
2025-06-15 01:05:16.337007: I external/local_tsl/tsl/framework/bfc_allocator.cc:1095] InUse at 7f33c2e67600 of size 256 next 140
2025-06-15 01:05:16.337491: I external/local_tsl/tsl/framework/bfc_allocator.cc:1095] InUse at 7f33c2e67700 of size 256 next 141
2025-06-15 01:05:16.337932: I external/local_tsl/tsl/framework/bfc_allocator.cc:1095] InUse at 7f33c2e67800 of size 256 next 142
2025-06-15 01:05:16.338364: I external/local_tsl/tsl/framework/bfc_allocator.cc:1095] InUse at 7f33c2e67900 of size 256 next 143
2025-06-15 01:05:16.338805: I external/local_tsl/tsl/framework/bfc_allocator.cc:1095] InUse at 7f33c2e67a00 of size 256 next 144
2025-06-15 01:05:16.339242: I external/local_tsl/tsl/framework/bfc_allocator.cc:1095] InUse at 7f33c2e67b00 of size 256 next 145
2025-06-15 01:05:16.339687: I external/local_tsl/tsl/framework/bfc_allocator.cc:1095] InUse at 7f33c2e67c00 of size 141312 next 27
2025-06-15 01:05:16.340083: I external/local_tsl/tsl/framework/bfc_allocator.cc:1095] InUse at 7f33c2e8a400 of size 221184 next 26
2025-06-15 01:05:16.340449: I external/local_tsl/tsl/framework/bfc_allocator.cc:1095] InUse at 7f33c2ec0400 of size 442368 next 159
2025-06-15 01:05:16.340772: I external/local_tsl/tsl/framework/bfc_allocator.cc:1095] InUse at 7f33c2f2c400 of size 867328 next 18446744073709551615
2025-06-15 01:05:16.341141: I external/local_tsl/tsl/framework/bfc_allocator.cc:1075] Next region of size 4194304
2025-06-15 01:05:16.341578: I external/local_tsl/tsl/framework/bfc_allocator.cc:1095] InUse at 7f33c3400000 of size 442368 next 37
2025-06-15 01:05:16.341918: I external/local_tsl/tsl/framework/bfc_allocator.cc:1095] InUse at 7f33c346c000 of size 221184 next 116
2025-06-15 01:05:16.342312: I external/local_tsl/tsl/framework/bfc_allocator.cc:1095] InUse at 7f33c34a2000 of size 110592 next 122
2025-06-15 01:05:16.342773: I external/local_tsl/tsl/framework/bfc_allocator.cc:1095] InUse at 7f33c34bd000 of size 192512 next 99
2025-06-15 01:05:16.343131: I external/local_tsl/tsl/framework/bfc_allocator.cc:1095] InUse at 7f33c34ec000 of size 360448 next 44
2025-06-15 01:05:16.343523: I external/local_tsl/tsl/framework/bfc_allocator.cc:1095] InUse at 7f33c3544000 of size 884736 next 43
2025-06-15 01:05:16.343928: I external/local_tsl/tsl/framework/bfc_allocator.cc:1095] InUse at 7f33c361c000 of size 1982464 next 18446744073709551615
2025-06-15 01:05:16.344336: I external/local_tsl/tsl/framework/bfc_allocator.cc:1075] Next region of size 8388608
2025-06-15 01:05:16.344864: I external/local_tsl/tsl/framework/bfc_allocator.cc:1095] InUse at 7f33c3800000 of size 884736 next 166
2025-06-15 01:05:16.345250: I external/local_tsl/tsl/framework/bfc_allocator.cc:1095] InUse at 7f33c38d8000 of size 884736 next 54
2025-06-15 01:05:16.345649: I external/local_tsl/tsl/framework/bfc_allocator.cc:1095] InUse at 7f33c39b0000 of size 1769472 next 52
2025-06-15 01:05:16.345968: I external/local_tsl/tsl/framework/bfc_allocator.cc:1095] InUse at 7f33c3b60000 of size 4849664 next 18446744073709551615
2025-06-15 01:05:16.346310: I external/local_tsl/tsl/framework/bfc_allocator.cc:1100]      Summary of in-use Chunks by size: 
2025-06-15 01:05:16.346744: I external/local_tsl/tsl/framework/bfc_allocator.cc:1103] 155 Chunks of size 256 totalling 38.8KiB
2025-06-15 01:05:16.347179: I external/local_tsl/tsl/framework/bfc_allocator.cc:1103] 55 Chunks of size 512 totalling 27.5KiB
2025-06-15 01:05:16.347610: I external/local_tsl/tsl/framework/bfc_allocator.cc:1103] 26 Chunks of size 1024 totalling 26.0KiB
2025-06-15 01:05:16.348028: I external/local_tsl/tsl/framework/bfc_allocator.cc:1103] 1 Chunks of size 1280 totalling 1.2KiB
2025-06-15 01:05:16.348476: I external/local_tsl/tsl/framework/bfc_allocator.cc:1103] 3 Chunks of size 3584 totalling 10.5KiB
2025-06-15 01:05:16.348930: I external/local_tsl/tsl/framework/bfc_allocator.cc:1103] 2 Chunks of size 65536 totalling 128.0KiB
2025-06-15 01:05:16.349389: I external/local_tsl/tsl/framework/bfc_allocator.cc:1103] 1 Chunks of size 95232 totalling 93.0KiB
2025-06-15 01:05:16.349821: I external/local_tsl/tsl/framework/bfc_allocator.cc:1103] 4 Chunks of size 110592 totalling 432.0KiB
2025-06-15 01:05:16.350284: I external/local_tsl/tsl/framework/bfc_allocator.cc:1103] 1 Chunks of size 141312 totalling 138.0KiB
2025-06-15 01:05:16.350716: I external/local_tsl/tsl/framework/bfc_allocator.cc:1103] 1 Chunks of size 192512 totalling 188.0KiB
2025-06-15 01:05:16.351140: I external/local_tsl/tsl/framework/bfc_allocator.cc:1103] 6 Chunks of size 221184 totalling 1.27MiB
2025-06-15 01:05:16.351580: I external/local_tsl/tsl/framework/bfc_allocator.cc:1103] 2 Chunks of size 262144 totalling 512.0KiB
2025-06-15 01:05:16.352018: I external/local_tsl/tsl/framework/bfc_allocator.cc:1103] 1 Chunks of size 360448 totalling 352.0KiB
2025-06-15 01:05:16.352428: I external/local_tsl/tsl/framework/bfc_allocator.cc:1103] 5 Chunks of size 442368 totalling 2.11MiB
2025-06-15 01:05:16.352836: I external/local_tsl/tsl/framework/bfc_allocator.cc:1103] 1 Chunks of size 867328 totalling 847.0KiB
2025-06-15 01:05:16.353243: I external/local_tsl/tsl/framework/bfc_allocator.cc:1103] 6 Chunks of size 884736 totalling 5.06MiB
2025-06-15 01:05:16.353708: I external/local_tsl/tsl/framework/bfc_allocator.cc:1103] 2 Chunks of size 1048576 totalling 2.00MiB
2025-06-15 01:05:16.354128: I external/local_tsl/tsl/framework/bfc_allocator.cc:1103] 6 Chunks of size 1769472 totalling 10.12MiB
2025-06-15 01:05:16.354584: I external/local_tsl/tsl/framework/bfc_allocator.cc:1103] 1 Chunks of size 1982464 totalling 1.89MiB
2025-06-15 01:05:16.355002: I external/local_tsl/tsl/framework/bfc_allocator.cc:1103] 4 Chunks of size 3538944 totalling 13.50MiB
2025-06-15 01:05:16.355492: I external/local_tsl/tsl/framework/bfc_allocator.cc:1103] 1 Chunks of size 4063232 totalling 3.88MiB
2025-06-15 01:05:16.355953: I external/local_tsl/tsl/framework/bfc_allocator.cc:1103] 1 Chunks of size 4849664 totalling 4.62MiB
2025-06-15 01:05:16.356385: I external/local_tsl/tsl/framework/bfc_allocator.cc:1103] 2 Chunks of size 7077888 totalling 13.50MiB
2025-06-15 01:05:16.356820: I external/local_tsl/tsl/framework/bfc_allocator.cc:1103] 1 Chunks of size 12320768 totalling 11.75MiB
2025-06-15 01:05:16.357275: I external/local_tsl/tsl/framework/bfc_allocator.cc:1103] 2 Chunks of size 15138816 totalling 28.88MiB
2025-06-15 01:05:16.357692: I external/local_tsl/tsl/framework/bfc_allocator.cc:1103] 4 Chunks of size 30277632 totalling 115.50MiB
2025-06-15 01:05:16.358119: I external/local_tsl/tsl/framework/bfc_allocator.cc:1103] 2 Chunks of size 60555264 totalling 115.50MiB
2025-06-15 01:05:16.358501: I external/local_tsl/tsl/framework/bfc_allocator.cc:1103] 1 Chunks of size 73662464 totalling 70.25MiB
2025-06-15 01:05:16.358924: I external/local_tsl/tsl/framework/bfc_allocator.cc:1103] 1 Chunks of size 116654080 totalling 111.25MiB
2025-06-15 01:05:16.359250: I external/local_tsl/tsl/framework/bfc_allocator.cc:1103] 6 Chunks of size 121110528 totalling 693.00MiB
2025-06-15 01:05:16.359573: I external/local_tsl/tsl/framework/bfc_allocator.cc:1103] 2 Chunks of size 209715200 totalling 400.00MiB
2025-06-15 01:05:16.359899: I external/local_tsl/tsl/framework/bfc_allocator.cc:1103] 3 Chunks of size 242221056 totalling 693.00MiB
2025-06-15 01:05:16.360280: I external/local_tsl/tsl/framework/bfc_allocator.cc:1103] 8 Chunks of size 484442112 totalling 3.61GiB
2025-06-15 01:05:16.360638: I external/local_tsl/tsl/framework/bfc_allocator.cc:1103] 1 Chunks of size 968884224 totalling 924.00MiB
2025-06-15 01:05:16.361041: I external/local_tsl/tsl/framework/bfc_allocator.cc:1103] 6 Chunks of size 1937768448 totalling 10.83GiB
2025-06-15 01:05:16.361410: I external/local_tsl/tsl/framework/bfc_allocator.cc:1107] Sum Total of in-use chunks: 17.58GiB
2025-06-15 01:05:16.361844: I external/local_tsl/tsl/framework/bfc_allocator.cc:1109] Total bytes in pool: 23575789568 memory_limit_: 23575789568 available bytes: 0 curr_region_allocation_bytes_: 34359738368
2025-06-15 01:05:16.362232: I external/local_tsl/tsl/framework/bfc_allocator.cc:1114] Stats: 
Limit:                     23575789568
InUse:                     18882553856
MaxInUse:                  22800760320
NumAllocs:                         912
MaxAllocSize:               4135495424
Reserved:                            0
PeakReserved:                        0
LargestFreeBlock:                    0

2025-06-15 01:05:16.362633: W external/local_tsl/tsl/framework/bfc_allocator.cc:497] ________*********________************************************_**************************************
2025-06-15 01:05:16.363000: W tensorflow/core/framework/op_kernel.cc:1839] OP_REQUIRES failed at concat_op.cc:165 : RESOURCE_EXHAUSTED: OOM when allocating tensor with shape[2,64,192,224,176] and type float on /job:localhost/replica:0/task:0/device:GPU:0 by allocator GPU_0_bfc
Traceback (most recent call last):
  File "/mnt/beegfs/hellgate/home/rb194958e/stroke_segmentation_sota/batch_wise_train.py", line 277, in <module>
    if main():
       ^^^^^^
  File "/mnt/beegfs/hellgate/home/rb194958e/stroke_segmentation_sota/batch_wise_train.py", line 256, in main
    history = model.fit(
              ^^^^^^^^^^
  File "/mnt/beegfs/hellgate/home/rb194958e/.conda/envs/tf215_env/lib/python3.11/site-packages/keras/src/utils/traceback_utils.py", line 70, in error_handler
    raise e.with_traceback(filtered_tb) from None
  File "/mnt/beegfs/hellgate/home/rb194958e/.conda/envs/tf215_env/lib/python3.11/site-packages/tensorflow/python/eager/execute.py", line 53, in quick_execute
    tensors = pywrap_tfe.TFE_Py_Execute(ctx._handle, device_name, op_name,
  ^^^^^^^^^^^^^^^^^^^^^^^^^^^^^^^^^^^^^^^^^^^^^^^^^^^^^^^^^^^^^^^^^^^^^^^^
tensorflow.python.framework.errors_impl.ResourceExhaustedError: Graph execution error:

Detected at node model/concatenate_2/concat defined at (most recent call last):
  File "/mnt/beegfs/hellgate/home/rb194958e/stroke_segmentation_sota/batch_wise_train.py", line 277, in <module>

  File "/mnt/beegfs/hellgate/home/rb194958e/stroke_segmentation_sota/batch_wise_train.py", line 256, in main

  File "/mnt/beegfs/hellgate/home/rb194958e/.conda/envs/tf215_env/lib/python3.11/site-packages/keras/src/utils/traceback_utils.py", line 65, in error_handler

  File "/mnt/beegfs/hellgate/home/rb194958e/.conda/envs/tf215_env/lib/python3.11/site-packages/keras/src/engine/training.py", line 1807, in fit

  File "/mnt/beegfs/hellgate/home/rb194958e/.conda/envs/tf215_env/lib/python3.11/site-packages/keras/src/engine/training.py", line 1401, in train_function

  File "/mnt/beegfs/hellgate/home/rb194958e/.conda/envs/tf215_env/lib/python3.11/site-packages/keras/src/engine/training.py", line 1384, in step_function

  File "/mnt/beegfs/hellgate/home/rb194958e/.conda/envs/tf215_env/lib/python3.11/site-packages/keras/src/engine/training.py", line 1373, in run_step

  File "/mnt/beegfs/hellgate/home/rb194958e/.conda/envs/tf215_env/lib/python3.11/site-packages/keras/src/engine/training.py", line 1150, in train_step

  File "/mnt/beegfs/hellgate/home/rb194958e/.conda/envs/tf215_env/lib/python3.11/site-packages/keras/src/utils/traceback_utils.py", line 65, in error_handler

  File "/mnt/beegfs/hellgate/home/rb194958e/.conda/envs/tf215_env/lib/python3.11/site-packages/keras/src/engine/training.py", line 590, in __call__

  File "/mnt/beegfs/hellgate/home/rb194958e/.conda/envs/tf215_env/lib/python3.11/site-packages/keras/src/utils/traceback_utils.py", line 65, in error_handler

  File "/mnt/beegfs/hellgate/home/rb194958e/.conda/envs/tf215_env/lib/python3.11/site-packages/keras/src/engine/base_layer.py", line 1149, in __call__

  File "/mnt/beegfs/hellgate/home/rb194958e/.conda/envs/tf215_env/lib/python3.11/site-packages/keras/src/utils/traceback_utils.py", line 96, in error_handler

  File "/mnt/beegfs/hellgate/home/rb194958e/.conda/envs/tf215_env/lib/python3.11/site-packages/keras/src/engine/functional.py", line 515, in call

  File "/mnt/beegfs/hellgate/home/rb194958e/.conda/envs/tf215_env/lib/python3.11/site-packages/keras/src/engine/functional.py", line 672, in _run_internal_graph

  File "/mnt/beegfs/hellgate/home/rb194958e/.conda/envs/tf215_env/lib/python3.11/site-packages/keras/src/utils/traceback_utils.py", line 65, in error_handler

  File "/mnt/beegfs/hellgate/home/rb194958e/.conda/envs/tf215_env/lib/python3.11/site-packages/keras/src/engine/base_layer.py", line 1149, in __call__

  File "/mnt/beegfs/hellgate/home/rb194958e/.conda/envs/tf215_env/lib/python3.11/site-packages/keras/src/utils/traceback_utils.py", line 96, in error_handler

  File "/mnt/beegfs/hellgate/home/rb194958e/.conda/envs/tf215_env/lib/python3.11/site-packages/keras/src/layers/merging/base_merge.py", line 196, in call

  File "/mnt/beegfs/hellgate/home/rb194958e/.conda/envs/tf215_env/lib/python3.11/site-packages/keras/src/layers/merging/concatenate.py", line 134, in _merge_function

  File "/mnt/beegfs/hellgate/home/rb194958e/.conda/envs/tf215_env/lib/python3.11/site-packages/keras/src/backend.py", line 3580, in concatenate

OOM when allocating tensor with shape[2,64,192,224,176] and type float on /job:localhost/replica:0/task:0/device:GPU:0 by allocator GPU_0_bfc
	 [[{{node model/concatenate_2/concat}}]]
Hint: If you want to see a list of allocated tensors when OOM happens, add report_tensor_allocations_upon_oom to RunOptions for current allocation info. This isn't available when running in Eager mode.
 [Op:__inference_train_function_7309]
2025-06-15 01:05:16.525026: W tensorflow/core/kernels/data/generator_dataset_op.cc:108] Error occurred when finalizing GeneratorDataset iterator: FAILED_PRECONDITION: Python interpreter state is not initialized. The process may be terminated.
	 [[{{node PyFunc}}]]
/var/spool/slurmd/job1124194/slurm_script: line 320: EOF: command not found
/var/spool/slurmd/job1124194/slurm_script: line 330: unexpected EOF while looking for matching ``'
/var/spool/slurmd/job1124194/slurm_script: line 339: syntax error: unexpected end of file
