2025-06-15 02:30:46.061061: I tensorflow/core/util/port.cc:113] oneDNN custom operations are on. You may see slightly different numerical results due to floating-point round-off errors from different computation orders. To turn them off, set the environment variable `TF_ENABLE_ONEDNN_OPTS=0`.
2025-06-15 02:30:46.815524: E external/local_xla/xla/stream_executor/cuda/cuda_dnn.cc:9261] Unable to register cuDNN factory: Attempting to register factory for plugin cuDNN when one has already been registered
2025-06-15 02:30:46.816177: E external/local_xla/xla/stream_executor/cuda/cuda_fft.cc:607] Unable to register cuFFT factory: Attempting to register factory for plugin cuFFT when one has already been registered
2025-06-15 02:30:46.931215: E external/local_xla/xla/stream_executor/cuda/cuda_blas.cc:1515] Unable to register cuBLAS factory: Attempting to register factory for plugin cuBLAS when one has already been registered
2025-06-15 02:30:47.190908: I tensorflow/core/platform/cpu_feature_guard.cc:182] This TensorFlow binary is optimized to use available CPU instructions in performance-critical operations.
To enable the following instructions: AVX2 AVX512F AVX512_VNNI FMA, in other operations, rebuild TensorFlow with the appropriate compiler flags.
2025-06-15 02:30:53.910831: W tensorflow/compiler/tf2tensorrt/utils/py_utils.cc:38] TF-TRT Warning: Could not find TensorRT
INFO:__main__:🚀 Starting Stroke Lesion Segmentation Training
INFO:__main__:Using 1 GPU(s)
INFO:__main__:Creating data generators...
INFO:__main__:Found 655 valid image/mask pairs
INFO:__main__:Found 655 valid image/mask pairs
INFO:__main__:Training batches: 262
INFO:__main__:Validation batches: 65
INFO:__main__:Building model...
2025-06-15 02:31:08.377814: I tensorflow/core/common_runtime/gpu/gpu_device.cc:1929] Created device /job:localhost/replica:0/task:0/device:GPU:0 with 22483 MB memory:  -> device: 0, name: NVIDIA RTX 4500 Ada Generation, pci bus id: 0000:1c:00.0, compute capability: 8.9
INFO:__main__:Model parameters: 5,605,345
INFO:__main__:Starting training...
pixdim[0] (qfac) should be 1 (default) or -1; setting qfac to 1
INFO:nibabel.global:pixdim[0] (qfac) should be 1 (default) or -1; setting qfac to 1
pixdim[0] (qfac) should be 1 (default) or -1; setting qfac to 1
INFO:nibabel.global:pixdim[0] (qfac) should be 1 (default) or -1; setting qfac to 1
pixdim[0] (qfac) should be 1 (default) or -1; setting qfac to 1
INFO:nibabel.global:pixdim[0] (qfac) should be 1 (default) or -1; setting qfac to 1
pixdim[0] (qfac) should be 1 (default) or -1; setting qfac to 1
INFO:nibabel.global:pixdim[0] (qfac) should be 1 (default) or -1; setting qfac to 1
2025-06-15 02:31:15.874505: I external/local_xla/xla/stream_executor/cuda/cuda_dnn.cc:454] Loaded cuDNN version 8907
pixdim[0] (qfac) should be 1 (default) or -1; setting qfac to 1
INFO:nibabel.global:pixdim[0] (qfac) should be 1 (default) or -1; setting qfac to 1
pixdim[0] (qfac) should be 1 (default) or -1; setting qfac to 1
INFO:nibabel.global:pixdim[0] (qfac) should be 1 (default) or -1; setting qfac to 1
pixdim[0] (qfac) should be 1 (default) or -1; setting qfac to 1
INFO:nibabel.global:pixdim[0] (qfac) should be 1 (default) or -1; setting qfac to 1
pixdim[0] (qfac) should be 1 (default) or -1; setting qfac to 1
INFO:nibabel.global:pixdim[0] (qfac) should be 1 (default) or -1; setting qfac to 1
2025-06-15 02:31:32.377072: W external/local_tsl/tsl/framework/bfc_allocator.cc:296] Allocator (GPU_0_bfc) ran out of memory trying to allocate 2.27GiB with freed_by_count=0. The caller indicates that this is not a failure, but this may mean that there could be performance gains if more memory were available.
2025-06-15 02:31:32.478423: W external/local_tsl/tsl/framework/bfc_allocator.cc:296] Allocator (GPU_0_bfc) ran out of memory trying to allocate 2.30GiB with freed_by_count=0. The caller indicates that this is not a failure, but this may mean that there could be performance gains if more memory were available.
2025-06-15 02:31:32.479461: W external/local_tsl/tsl/framework/bfc_allocator.cc:296] Allocator (GPU_0_bfc) ran out of memory trying to allocate 2.27GiB with freed_by_count=0. The caller indicates that this is not a failure, but this may mean that there could be performance gains if more memory were available.
2025-06-15 02:31:33.100059: W external/local_tsl/tsl/framework/bfc_allocator.cc:296] Allocator (GPU_0_bfc) ran out of memory trying to allocate 2.27GiB with freed_by_count=0. The caller indicates that this is not a failure, but this may mean that there could be performance gains if more memory were available.
2025-06-15 02:31:33.153367: W external/local_tsl/tsl/framework/bfc_allocator.cc:296] Allocator (GPU_0_bfc) ran out of memory trying to allocate 2.30GiB with freed_by_count=0. The caller indicates that this is not a failure, but this may mean that there could be performance gains if more memory were available.
2025-06-15 02:31:33.154422: W external/local_tsl/tsl/framework/bfc_allocator.cc:296] Allocator (GPU_0_bfc) ran out of memory trying to allocate 2.27GiB with freed_by_count=0. The caller indicates that this is not a failure, but this may mean that there could be performance gains if more memory were available.
2025-06-15 02:31:43.775577: W external/local_tsl/tsl/framework/bfc_allocator.cc:485] Allocator (GPU_0_bfc) ran out of memory trying to allocate 3.61GiB (rounded to 3875536896)requested by op model/concatenate_2/concat
If the cause is memory fragmentation maybe the environment variable 'TF_GPU_ALLOCATOR=cuda_malloc_async' will improve the situation. 
Current allocation summary follows.
Current allocation summary follows.
2025-06-15 02:31:43.776643: I external/local_tsl/tsl/framework/bfc_allocator.cc:1039] BFCAllocator dump for GPU_0_bfc
2025-06-15 02:31:43.777398: I external/local_tsl/tsl/framework/bfc_allocator.cc:1046] Bin (256): 	Total Chunks: 155, Chunks in use: 155. 38.8KiB allocated for chunks. 38.8KiB in use in bin. 20.7KiB client-requested in use in bin.
2025-06-15 02:31:43.777991: I external/local_tsl/tsl/framework/bfc_allocator.cc:1046] Bin (512): 	Total Chunks: 56, Chunks in use: 55. 28.2KiB allocated for chunks. 27.8KiB in use in bin. 27.5KiB client-requested in use in bin.
2025-06-15 02:31:43.778543: I external/local_tsl/tsl/framework/bfc_allocator.cc:1046] Bin (1024): 	Total Chunks: 27, Chunks in use: 27. 27.2KiB allocated for chunks. 27.2KiB in use in bin. 27.0KiB client-requested in use in bin.
2025-06-15 02:31:43.779058: I external/local_tsl/tsl/framework/bfc_allocator.cc:1046] Bin (2048): 	Total Chunks: 3, Chunks in use: 3. 10.5KiB allocated for chunks. 10.5KiB in use in bin. 10.1KiB client-requested in use in bin.
2025-06-15 02:31:43.779563: I external/local_tsl/tsl/framework/bfc_allocator.cc:1046] Bin (4096): 	Total Chunks: 0, Chunks in use: 0. 0B allocated for chunks. 0B in use in bin. 0B client-requested in use in bin.
2025-06-15 02:31:43.780031: I external/local_tsl/tsl/framework/bfc_allocator.cc:1046] Bin (8192): 	Total Chunks: 0, Chunks in use: 0. 0B allocated for chunks. 0B in use in bin. 0B client-requested in use in bin.
2025-06-15 02:31:43.780496: I external/local_tsl/tsl/framework/bfc_allocator.cc:1046] Bin (16384): 	Total Chunks: 0, Chunks in use: 0. 0B allocated for chunks. 0B in use in bin. 0B client-requested in use in bin.
2025-06-15 02:31:43.780896: I external/local_tsl/tsl/framework/bfc_allocator.cc:1046] Bin (32768): 	Total Chunks: 0, Chunks in use: 0. 0B allocated for chunks. 0B in use in bin. 0B client-requested in use in bin.
2025-06-15 02:31:43.781252: I external/local_tsl/tsl/framework/bfc_allocator.cc:1046] Bin (65536): 	Total Chunks: 7, Chunks in use: 7. 653.0KiB allocated for chunks. 653.0KiB in use in bin. 624.0KiB client-requested in use in bin.
2025-06-15 02:31:43.781623: I external/local_tsl/tsl/framework/bfc_allocator.cc:1046] Bin (131072): 	Total Chunks: 8, Chunks in use: 8. 1.58MiB allocated for chunks. 1.58MiB in use in bin. 1.48MiB client-requested in use in bin.
2025-06-15 02:31:43.781995: I external/local_tsl/tsl/framework/bfc_allocator.cc:1046] Bin (262144): 	Total Chunks: 8, Chunks in use: 8. 2.95MiB allocated for chunks. 2.95MiB in use in bin. 2.86MiB client-requested in use in bin.
2025-06-15 02:31:43.782361: I external/local_tsl/tsl/framework/bfc_allocator.cc:1046] Bin (524288): 	Total Chunks: 7, Chunks in use: 7. 5.89MiB allocated for chunks. 5.89MiB in use in bin. 5.48MiB client-requested in use in bin.
2025-06-15 02:31:43.782777: I external/local_tsl/tsl/framework/bfc_allocator.cc:1046] Bin (1048576): 	Total Chunks: 9, Chunks in use: 9. 14.02MiB allocated for chunks. 14.02MiB in use in bin. 13.12MiB client-requested in use in bin.
2025-06-15 02:31:43.783141: I external/local_tsl/tsl/framework/bfc_allocator.cc:1046] Bin (2097152): 	Total Chunks: 5, Chunks in use: 5. 17.38MiB allocated for chunks. 17.38MiB in use in bin. 16.88MiB client-requested in use in bin.
2025-06-15 02:31:43.783537: I external/local_tsl/tsl/framework/bfc_allocator.cc:1046] Bin (4194304): 	Total Chunks: 3, Chunks in use: 3. 18.12MiB allocated for chunks. 18.12MiB in use in bin. 16.88MiB client-requested in use in bin.
2025-06-15 02:31:43.783894: I external/local_tsl/tsl/framework/bfc_allocator.cc:1046] Bin (8388608): 	Total Chunks: 3, Chunks in use: 3. 40.62MiB allocated for chunks. 40.62MiB in use in bin. 35.62MiB client-requested in use in bin.
2025-06-15 02:31:43.784277: I external/local_tsl/tsl/framework/bfc_allocator.cc:1046] Bin (16777216): 	Total Chunks: 5, Chunks in use: 4. 140.19MiB allocated for chunks. 115.50MiB in use in bin. 115.50MiB client-requested in use in bin.
2025-06-15 02:31:43.784644: I external/local_tsl/tsl/framework/bfc_allocator.cc:1046] Bin (33554432): 	Total Chunks: 2, Chunks in use: 2. 115.50MiB allocated for chunks. 115.50MiB in use in bin. 115.50MiB client-requested in use in bin.
2025-06-15 02:31:43.785065: I external/local_tsl/tsl/framework/bfc_allocator.cc:1046] Bin (67108864): 	Total Chunks: 8, Chunks in use: 8. 874.50MiB allocated for chunks. 874.50MiB in use in bin. 808.50MiB client-requested in use in bin.
2025-06-15 02:31:43.785475: I external/local_tsl/tsl/framework/bfc_allocator.cc:1046] Bin (134217728): 	Total Chunks: 5, Chunks in use: 5. 1.07GiB allocated for chunks. 1.07GiB in use in bin. 924.00MiB client-requested in use in bin.
2025-06-15 02:31:43.785857: I external/local_tsl/tsl/framework/bfc_allocator.cc:1046] Bin (268435456): 	Total Chunks: 18, Chunks in use: 15. 19.69GiB allocated for chunks. 15.34GiB in use in bin. 15.34GiB client-requested in use in bin.
2025-06-15 02:31:43.786221: I external/local_tsl/tsl/framework/bfc_allocator.cc:1062] Bin for 3.61GiB was 256.00MiB, Chunk State: 
2025-06-15 02:31:43.786615: I external/local_tsl/tsl/framework/bfc_allocator.cc:1068]   Size: 453.50MiB | Requested Size: 16.00MiB | in_use: 0 | bin_num: 20, prev:   Size: 462.00MiB | Requested Size: 462.00MiB | in_use: 1 | bin_num: -1
2025-06-15 02:31:43.787010: I external/local_tsl/tsl/framework/bfc_allocator.cc:1068]   Size: 1.80GiB | Requested Size: 1.80GiB | in_use: 0 | bin_num: 20, next:   Size: 1.80GiB | Requested Size: 1.80GiB | in_use: 1 | bin_num: -1
2025-06-15 02:31:43.787374: I external/local_tsl/tsl/framework/bfc_allocator.cc:1068]   Size: 2.10GiB | Requested Size: 1.82GiB | in_use: 0 | bin_num: 20, prev:   Size: 1.80GiB | Requested Size: 1.80GiB | in_use: 1 | bin_num: -1
2025-06-15 02:31:43.787737: I external/local_tsl/tsl/framework/bfc_allocator.cc:1075] Next region of size 6129582080
2025-06-15 02:31:43.788188: I external/local_tsl/tsl/framework/bfc_allocator.cc:1095] Free  at 7f4b3a000000 of size 1937768448 next 107
2025-06-15 02:31:43.788574: I external/local_tsl/tsl/framework/bfc_allocator.cc:1095] InUse at 7f4bad800000 of size 1937768448 next 329
2025-06-15 02:31:43.788963: I external/local_tsl/tsl/framework/bfc_allocator.cc:1095] Free  at 7f4c21000000 of size 2254045184 next 18446744073709551615
2025-06-15 02:31:43.789338: I external/local_tsl/tsl/framework/bfc_allocator.cc:1075] Next region of size 8589934592
2025-06-15 02:31:43.789823: I external/local_tsl/tsl/framework/bfc_allocator.cc:1095] InUse at 7f4cd4000000 of size 1937768448 next 282
2025-06-15 02:31:43.790182: I external/local_tsl/tsl/framework/bfc_allocator.cc:1095] InUse at 7f4d47800000 of size 242221056 next 283
2025-06-15 02:31:43.790548: I external/local_tsl/tsl/framework/bfc_allocator.cc:1095] InUse at 7f4d55f00000 of size 484442112 next 284
2025-06-15 02:31:43.790909: I external/local_tsl/tsl/framework/bfc_allocator.cc:1095] InUse at 7f4d72d00000 of size 484442112 next 285
2025-06-15 02:31:43.791371: I external/local_tsl/tsl/framework/bfc_allocator.cc:1095] InUse at 7f4d8fb00000 of size 484442112 next 29
2025-06-15 02:31:43.791838: I external/local_tsl/tsl/framework/bfc_allocator.cc:1095] InUse at 7f4dac900000 of size 484442112 next 289
2025-06-15 02:31:43.792306: I external/local_tsl/tsl/framework/bfc_allocator.cc:1095] InUse at 7f4dc9700000 of size 484442112 next 293
2025-06-15 02:31:43.792690: I external/local_tsl/tsl/framework/bfc_allocator.cc:1095] InUse at 7f4de6500000 of size 121110528 next 47
2025-06-15 02:31:43.793051: I external/local_tsl/tsl/framework/bfc_allocator.cc:1095] InUse at 7f4ded880000 of size 121110528 next 296
2025-06-15 02:31:43.793448: I external/local_tsl/tsl/framework/bfc_allocator.cc:1095] InUse at 7f4df4c00000 of size 121110528 next 300
2025-06-15 02:31:43.793852: I external/local_tsl/tsl/framework/bfc_allocator.cc:1095] InUse at 7f4dfbf80000 of size 30277632 next 302
2025-06-15 02:31:43.794288: I external/local_tsl/tsl/framework/bfc_allocator.cc:1095] InUse at 7f4dfdc60000 of size 30277632 next 303
2025-06-15 02:31:43.794670: I external/local_tsl/tsl/framework/bfc_allocator.cc:1095] InUse at 7f4dff940000 of size 30277632 next 66
2025-06-15 02:31:43.795019: I external/local_tsl/tsl/framework/bfc_allocator.cc:1095] InUse at 7f4e01620000 of size 30277632 next 307
2025-06-15 02:31:43.795398: I external/local_tsl/tsl/framework/bfc_allocator.cc:1095] InUse at 7f4e03300000 of size 121110528 next 76
2025-06-15 02:31:43.795783: I external/local_tsl/tsl/framework/bfc_allocator.cc:1095] InUse at 7f4e0a680000 of size 121110528 next 312
2025-06-15 02:31:43.796156: I external/local_tsl/tsl/framework/bfc_allocator.cc:1095] InUse at 7f4e11a00000 of size 242221056 next 311
2025-06-15 02:31:43.796544: I external/local_tsl/tsl/framework/bfc_allocator.cc:1095] InUse at 7f4e20100000 of size 121110528 next 85
2025-06-15 02:31:43.796890: I external/local_tsl/tsl/framework/bfc_allocator.cc:1095] InUse at 7f4e27480000 of size 484442112 next 325
2025-06-15 02:31:43.797328: I external/local_tsl/tsl/framework/bfc_allocator.cc:1095] InUse at 7f4e44280000 of size 484442112 next 320
2025-06-15 02:31:43.797719: I external/local_tsl/tsl/framework/bfc_allocator.cc:1095] InUse at 7f4e61080000 of size 968884224 next 319
2025-06-15 02:31:43.798076: I external/local_tsl/tsl/framework/bfc_allocator.cc:1095] InUse at 7f4e9ac80000 of size 484442112 next 91
2025-06-15 02:31:43.798499: I external/local_tsl/tsl/framework/bfc_allocator.cc:1095] Free  at 7f4eb7a80000 of size 475529216 next 18446744073709551615
2025-06-15 02:31:43.798873: I external/local_tsl/tsl/framework/bfc_allocator.cc:1075] Next region of size 4294967296
2025-06-15 02:31:43.799320: I external/local_tsl/tsl/framework/bfc_allocator.cc:1095] InUse at 7f4ef6000000 of size 1937768448 next 11
2025-06-15 02:31:43.799684: I external/local_tsl/tsl/framework/bfc_allocator.cc:1095] InUse at 7f4f69800000 of size 1937768448 next 277
2025-06-15 02:31:43.800131: I external/local_tsl/tsl/framework/bfc_allocator.cc:1095] InUse at 7f4fdd000000 of size 242221056 next 20
2025-06-15 02:31:43.800542: I external/local_tsl/tsl/framework/bfc_allocator.cc:1095] InUse at 7f4feb700000 of size 60555264 next 38
2025-06-15 02:31:43.800971: I external/local_tsl/tsl/framework/bfc_allocator.cc:1095] InUse at 7f4fef0c0000 of size 116654080 next 18446744073709551615
2025-06-15 02:31:43.801323: I external/local_tsl/tsl/framework/bfc_allocator.cc:1075] Next region of size 2147483648
2025-06-15 02:31:43.801742: I external/local_tsl/tsl/framework/bfc_allocator.cc:1095] InUse at 7f5022000000 of size 1937768448 next 265
2025-06-15 02:31:43.802070: I external/local_tsl/tsl/framework/bfc_allocator.cc:1095] InUse at 7f5095800000 of size 209715200 next 18446744073709551615
2025-06-15 02:31:43.802414: I external/local_tsl/tsl/framework/bfc_allocator.cc:1075] Next region of size 2147483648
2025-06-15 02:31:43.802836: I external/local_tsl/tsl/framework/bfc_allocator.cc:1095] InUse at 7f50a8000000 of size 1937768448 next 267
2025-06-15 02:31:43.803183: I external/local_tsl/tsl/framework/bfc_allocator.cc:1095] InUse at 7f511b800000 of size 209715200 next 18446744073709551615
2025-06-15 02:31:43.803577: I external/local_tsl/tsl/framework/bfc_allocator.cc:1075] Next region of size 134217728
2025-06-15 02:31:43.804016: I external/local_tsl/tsl/framework/bfc_allocator.cc:1095] InUse at 7f51b8000000 of size 60555264 next 264
2025-06-15 02:31:43.804394: I external/local_tsl/tsl/framework/bfc_allocator.cc:1095] InUse at 7f51bb9c0000 of size 73662464 next 18446744073709551615
2025-06-15 02:31:43.804751: I external/local_tsl/tsl/framework/bfc_allocator.cc:1075] Next region of size 67108864
2025-06-15 02:31:43.805187: I external/local_tsl/tsl/framework/bfc_allocator.cc:1095] InUse at 7f51c0000000 of size 3538944 next 198
2025-06-15 02:31:43.805554: I external/local_tsl/tsl/framework/bfc_allocator.cc:1095] InUse at 7f51c0360000 of size 1769472 next 205
2025-06-15 02:31:43.805906: I external/local_tsl/tsl/framework/bfc_allocator.cc:1095] InUse at 7f51c0510000 of size 1769472 next 206
2025-06-15 02:31:43.806244: I external/local_tsl/tsl/framework/bfc_allocator.cc:1095] InUse at 7f51c06c0000 of size 262144 next 213
2025-06-15 02:31:43.806578: I external/local_tsl/tsl/framework/bfc_allocator.cc:1095] InUse at 7f51c0700000 of size 262144 next 214
2025-06-15 02:31:43.806917: I external/local_tsl/tsl/framework/bfc_allocator.cc:1095] InUse at 7f51c0740000 of size 884736 next 217
2025-06-15 02:31:43.807281: I external/local_tsl/tsl/framework/bfc_allocator.cc:1095] InUse at 7f51c0818000 of size 884736 next 218
2025-06-15 02:31:43.807601: I external/local_tsl/tsl/framework/bfc_allocator.cc:1095] InUse at 7f51c08f0000 of size 442368 next 225
2025-06-15 02:31:43.807927: I external/local_tsl/tsl/framework/bfc_allocator.cc:1095] InUse at 7f51c095c000 of size 442368 next 226
2025-06-15 02:31:43.808256: I external/local_tsl/tsl/framework/bfc_allocator.cc:1095] InUse at 7f51c09c8000 of size 256 next 234
2025-06-15 02:31:43.808693: I external/local_tsl/tsl/framework/bfc_allocator.cc:1095] InUse at 7f51c09c8100 of size 256 next 235
2025-06-15 02:31:43.809117: I external/local_tsl/tsl/framework/bfc_allocator.cc:1095] InUse at 7f51c09c8200 of size 221184 next 236
2025-06-15 02:31:43.809470: I external/local_tsl/tsl/framework/bfc_allocator.cc:1095] InUse at 7f51c09fe200 of size 221184 next 237
2025-06-15 02:31:43.809838: I external/local_tsl/tsl/framework/bfc_allocator.cc:1095] InUse at 7f51c0a34200 of size 256 next 238
2025-06-15 02:31:43.810280: I external/local_tsl/tsl/framework/bfc_allocator.cc:1095] InUse at 7f51c0a34300 of size 256 next 239
2025-06-15 02:31:43.810763: I external/local_tsl/tsl/framework/bfc_allocator.cc:1095] InUse at 7f51c0a34400 of size 256 next 240
2025-06-15 02:31:43.811198: I external/local_tsl/tsl/framework/bfc_allocator.cc:1095] InUse at 7f51c0a34500 of size 256 next 241
2025-06-15 02:31:43.811662: I external/local_tsl/tsl/framework/bfc_allocator.cc:1095] InUse at 7f51c0a34600 of size 256 next 242
2025-06-15 02:31:43.812130: I external/local_tsl/tsl/framework/bfc_allocator.cc:1095] InUse at 7f51c0a34700 of size 256 next 243
2025-06-15 02:31:43.812586: I external/local_tsl/tsl/framework/bfc_allocator.cc:1095] InUse at 7f51c0a34800 of size 110592 next 244
2025-06-15 02:31:43.812940: I external/local_tsl/tsl/framework/bfc_allocator.cc:1095] InUse at 7f51c0a4f800 of size 110592 next 245
2025-06-15 02:31:43.813322: I external/local_tsl/tsl/framework/bfc_allocator.cc:1095] InUse at 7f51c0a6a800 of size 256 next 246
2025-06-15 02:31:43.813791: I external/local_tsl/tsl/framework/bfc_allocator.cc:1095] InUse at 7f51c0a6a900 of size 256 next 247
2025-06-15 02:31:43.814254: I external/local_tsl/tsl/framework/bfc_allocator.cc:1095] InUse at 7f51c0a6aa00 of size 256 next 248
2025-06-15 02:31:43.814707: I external/local_tsl/tsl/framework/bfc_allocator.cc:1095] InUse at 7f51c0a6ab00 of size 256 next 249
2025-06-15 02:31:43.815189: I external/local_tsl/tsl/framework/bfc_allocator.cc:1095] InUse at 7f51c0a6ac00 of size 256 next 250
2025-06-15 02:31:43.815655: I external/local_tsl/tsl/framework/bfc_allocator.cc:1095] InUse at 7f51c0a6ad00 of size 256 next 251
2025-06-15 02:31:43.816108: I external/local_tsl/tsl/framework/bfc_allocator.cc:1095] InUse at 7f51c0a6ae00 of size 256 next 252
2025-06-15 02:31:43.816567: I external/local_tsl/tsl/framework/bfc_allocator.cc:1095] InUse at 7f51c0a6af00 of size 256 next 253
2025-06-15 02:31:43.817005: I external/local_tsl/tsl/framework/bfc_allocator.cc:1095] InUse at 7f51c0a6b000 of size 256 next 254
2025-06-15 02:31:43.817423: I external/local_tsl/tsl/framework/bfc_allocator.cc:1095] InUse at 7f51c0a6b100 of size 256 next 255
2025-06-15 02:31:43.817874: I external/local_tsl/tsl/framework/bfc_allocator.cc:1095] InUse at 7f51c0a6b200 of size 256 next 256
2025-06-15 02:31:43.818319: I external/local_tsl/tsl/framework/bfc_allocator.cc:1095] InUse at 7f51c0a6b300 of size 256 next 257
2025-06-15 02:31:43.818797: I external/local_tsl/tsl/framework/bfc_allocator.cc:1095] InUse at 7f51c0a6b400 of size 256 next 258
2025-06-15 02:31:43.819265: I external/local_tsl/tsl/framework/bfc_allocator.cc:1095] InUse at 7f51c0a6b500 of size 256 next 259
2025-06-15 02:31:43.819741: I external/local_tsl/tsl/framework/bfc_allocator.cc:1095] InUse at 7f51c0a6b600 of size 256 next 260
2025-06-15 02:31:43.820191: I external/local_tsl/tsl/framework/bfc_allocator.cc:1095] InUse at 7f51c0a6b700 of size 256 next 261
2025-06-15 02:31:43.820673: I external/local_tsl/tsl/framework/bfc_allocator.cc:1095] InUse at 7f51c0a6b800 of size 256 next 262
2025-06-15 02:31:43.821100: I external/local_tsl/tsl/framework/bfc_allocator.cc:1095] InUse at 7f51c0a6b900 of size 256 next 263
2025-06-15 02:31:43.821560: I external/local_tsl/tsl/framework/bfc_allocator.cc:1095] InUse at 7f51c0a6ba00 of size 256 next 272
2025-06-15 02:31:43.822016: I external/local_tsl/tsl/framework/bfc_allocator.cc:1095] InUse at 7f51c0a6bb00 of size 256 next 274
2025-06-15 02:31:43.822494: I external/local_tsl/tsl/framework/bfc_allocator.cc:1095] InUse at 7f51c0a6bc00 of size 256 next 275
2025-06-15 02:31:43.822942: I external/local_tsl/tsl/framework/bfc_allocator.cc:1095] InUse at 7f51c0a6bd00 of size 256 next 276
2025-06-15 02:31:43.823471: I external/local_tsl/tsl/framework/bfc_allocator.cc:1095] InUse at 7f51c0a6be00 of size 256 next 280
2025-06-15 02:31:43.824003: I external/local_tsl/tsl/framework/bfc_allocator.cc:1095] InUse at 7f51c0a6bf00 of size 256 next 281
2025-06-15 02:31:43.824470: I external/local_tsl/tsl/framework/bfc_allocator.cc:1095] InUse at 7f51c0a6c000 of size 256 next 287
2025-06-15 02:31:43.824944: I external/local_tsl/tsl/framework/bfc_allocator.cc:1095] InUse at 7f51c0a6c100 of size 256 next 288
2025-06-15 02:31:43.825440: I external/local_tsl/tsl/framework/bfc_allocator.cc:1095] InUse at 7f51c0a6c200 of size 256 next 291
2025-06-15 02:31:43.825916: I external/local_tsl/tsl/framework/bfc_allocator.cc:1095] InUse at 7f51c0a6c300 of size 256 next 292
2025-06-15 02:31:43.826409: I external/local_tsl/tsl/framework/bfc_allocator.cc:1095] InUse at 7f51c0a6c400 of size 512 next 294
2025-06-15 02:31:43.826890: I external/local_tsl/tsl/framework/bfc_allocator.cc:1095] InUse at 7f51c0a6c600 of size 768 next 268
2025-06-15 02:31:43.827363: I external/local_tsl/tsl/framework/bfc_allocator.cc:1095] InUse at 7f51c0a6c900 of size 256 next 269
2025-06-15 02:31:43.827844: I external/local_tsl/tsl/framework/bfc_allocator.cc:1095] InUse at 7f51c0a6ca00 of size 256 next 270
2025-06-15 02:31:43.828345: I external/local_tsl/tsl/framework/bfc_allocator.cc:1095] InUse at 7f51c0a6cb00 of size 512 next 295
2025-06-15 02:31:43.828832: I external/local_tsl/tsl/framework/bfc_allocator.cc:1095] InUse at 7f51c0a6cd00 of size 512 next 298
2025-06-15 02:31:43.829300: I external/local_tsl/tsl/framework/bfc_allocator.cc:1095] InUse at 7f51c0a6cf00 of size 512 next 299
2025-06-15 02:31:43.829775: I external/local_tsl/tsl/framework/bfc_allocator.cc:1095] InUse at 7f51c0a6d100 of size 15138816 next 56
2025-06-15 02:31:43.830191: I external/local_tsl/tsl/framework/bfc_allocator.cc:1095] InUse at 7f51c18dd100 of size 15138816 next 301
2025-06-15 02:31:43.830576: I external/local_tsl/tsl/framework/bfc_allocator.cc:1095] InUse at 7f51c274d100 of size 1024 next 304
2025-06-15 02:31:43.831043: I external/local_tsl/tsl/framework/bfc_allocator.cc:1095] InUse at 7f51c274d500 of size 1024 next 305
2025-06-15 02:31:43.831565: I external/local_tsl/tsl/framework/bfc_allocator.cc:1095] InUse at 7f51c274d900 of size 1024 next 306
2025-06-15 02:31:43.832044: I external/local_tsl/tsl/framework/bfc_allocator.cc:1095] InUse at 7f51c274dd00 of size 1024 next 309
2025-06-15 02:31:43.832530: I external/local_tsl/tsl/framework/bfc_allocator.cc:1095] InUse at 7f51c274e100 of size 1024 next 310
2025-06-15 02:31:43.833012: I external/local_tsl/tsl/framework/bfc_allocator.cc:1095] InUse at 7f51c274e500 of size 512 next 317
2025-06-15 02:31:43.833503: I external/local_tsl/tsl/framework/bfc_allocator.cc:1095] InUse at 7f51c274e700 of size 512 next 318
2025-06-15 02:31:43.833982: I external/local_tsl/tsl/framework/bfc_allocator.cc:1095] InUse at 7f51c274e900 of size 256 next 326
2025-06-15 02:31:43.834466: I external/local_tsl/tsl/framework/bfc_allocator.cc:1095] InUse at 7f51c274ea00 of size 256 next 327
2025-06-15 02:31:43.834938: I external/local_tsl/tsl/framework/bfc_allocator.cc:1095] Free  at 7f51c274eb00 of size 25892096 next 18446744073709551615
2025-06-15 02:31:43.835357: I external/local_tsl/tsl/framework/bfc_allocator.cc:1075] Next region of size 33554432
2025-06-15 02:31:43.835761: I external/local_tsl/tsl/framework/bfc_allocator.cc:1095] InUse at 7f51d8000000 of size 3538944 next 83
2025-06-15 02:31:43.836148: I external/local_tsl/tsl/framework/bfc_allocator.cc:1095] InUse at 7f51d8360000 of size 221184 next 152
2025-06-15 02:31:43.836473: I external/local_tsl/tsl/framework/bfc_allocator.cc:1095] InUse at 7f51d8396000 of size 221184 next 106
2025-06-15 02:31:43.836858: I external/local_tsl/tsl/framework/bfc_allocator.cc:1095] InUse at 7f51d83cc000 of size 442368 next 100
2025-06-15 02:31:43.837250: I external/local_tsl/tsl/framework/bfc_allocator.cc:1095] InUse at 7f51d8438000 of size 884736 next 90
2025-06-15 02:31:43.837659: I external/local_tsl/tsl/framework/bfc_allocator.cc:1095] InUse at 7f51d8510000 of size 1769472 next 74
2025-06-15 02:31:43.838041: I external/local_tsl/tsl/framework/bfc_allocator.cc:1095] InUse at 7f51d86c0000 of size 7077888 next 72
2025-06-15 02:31:43.838510: I external/local_tsl/tsl/framework/bfc_allocator.cc:1095] InUse at 7f51d8d80000 of size 7077888 next 187
2025-06-15 02:31:43.838924: I external/local_tsl/tsl/framework/bfc_allocator.cc:1095] InUse at 7f51d9440000 of size 12320768 next 18446744073709551615
2025-06-15 02:31:43.839320: I external/local_tsl/tsl/framework/bfc_allocator.cc:1075] Next region of size 16777216
2025-06-15 02:31:43.839757: I external/local_tsl/tsl/framework/bfc_allocator.cc:1095] InUse at 7f51da000000 of size 1769472 next 173
2025-06-15 02:31:43.840128: I external/local_tsl/tsl/framework/bfc_allocator.cc:1095] InUse at 7f51da1b0000 of size 1769472 next 64
2025-06-15 02:31:43.840523: I external/local_tsl/tsl/framework/bfc_allocator.cc:1095] InUse at 7f51da360000 of size 3538944 next 62
2025-06-15 02:31:43.840902: I external/local_tsl/tsl/framework/bfc_allocator.cc:1095] InUse at 7f51da6c0000 of size 3538944 next 180
2025-06-15 02:31:43.841240: I external/local_tsl/tsl/framework/bfc_allocator.cc:1095] InUse at 7f51daa20000 of size 1048576 next 194
2025-06-15 02:31:43.841708: I external/local_tsl/tsl/framework/bfc_allocator.cc:1095] InUse at 7f51dab20000 of size 1048576 next 195
2025-06-15 02:31:43.842102: I external/local_tsl/tsl/framework/bfc_allocator.cc:1095] InUse at 7f51dac20000 of size 4063232 next 18446744073709551615
2025-06-15 02:31:43.842467: I external/local_tsl/tsl/framework/bfc_allocator.cc:1075] Next region of size 2097152
2025-06-15 02:31:43.842907: I external/local_tsl/tsl/framework/bfc_allocator.cc:1095] InUse at 7f5240e00000 of size 1280 next 1
2025-06-15 02:31:43.843367: I external/local_tsl/tsl/framework/bfc_allocator.cc:1095] InUse at 7f5240e00500 of size 256 next 2
2025-06-15 02:31:43.843820: I external/local_tsl/tsl/framework/bfc_allocator.cc:1095] InUse at 7f5240e00600 of size 256 next 3
2025-06-15 02:31:43.844282: I external/local_tsl/tsl/framework/bfc_allocator.cc:1095] InUse at 7f5240e00700 of size 256 next 5
2025-06-15 02:31:43.844717: I external/local_tsl/tsl/framework/bfc_allocator.cc:1095] InUse at 7f5240e00800 of size 256 next 6
2025-06-15 02:31:43.845191: I external/local_tsl/tsl/framework/bfc_allocator.cc:1095] InUse at 7f5240e00900 of size 256 next 4
2025-06-15 02:31:43.845642: I external/local_tsl/tsl/framework/bfc_allocator.cc:1095] InUse at 7f5240e00a00 of size 256 next 7
2025-06-15 02:31:43.846095: I external/local_tsl/tsl/framework/bfc_allocator.cc:1095] InUse at 7f5240e00b00 of size 256 next 10
2025-06-15 02:31:43.846539: I external/local_tsl/tsl/framework/bfc_allocator.cc:1095] InUse at 7f5240e00c00 of size 256 next 278
2025-06-15 02:31:43.846997: I external/local_tsl/tsl/framework/bfc_allocator.cc:1095] InUse at 7f5240e00d00 of size 256 next 12
2025-06-15 02:31:43.847476: I external/local_tsl/tsl/framework/bfc_allocator.cc:1095] InUse at 7f5240e00e00 of size 256 next 13
2025-06-15 02:31:43.847936: I external/local_tsl/tsl/framework/bfc_allocator.cc:1095] InUse at 7f5240e00f00 of size 256 next 14
2025-06-15 02:31:43.848423: I external/local_tsl/tsl/framework/bfc_allocator.cc:1095] InUse at 7f5240e01000 of size 256 next 17
2025-06-15 02:31:43.848886: I external/local_tsl/tsl/framework/bfc_allocator.cc:1095] InUse at 7f5240e01100 of size 256 next 15
2025-06-15 02:31:43.849316: I external/local_tsl/tsl/framework/bfc_allocator.cc:1095] InUse at 7f5240e01200 of size 256 next 16
2025-06-15 02:31:43.849743: I external/local_tsl/tsl/framework/bfc_allocator.cc:1095] InUse at 7f5240e01300 of size 256 next 286
2025-06-15 02:31:43.850196: I external/local_tsl/tsl/framework/bfc_allocator.cc:1095] InUse at 7f5240e01400 of size 256 next 21
2025-06-15 02:31:43.850661: I external/local_tsl/tsl/framework/bfc_allocator.cc:1095] InUse at 7f5240e01500 of size 256 next 22
2025-06-15 02:31:43.851088: I external/local_tsl/tsl/framework/bfc_allocator.cc:1095] InUse at 7f5240e01600 of size 256 next 23
2025-06-15 02:31:43.851531: I external/local_tsl/tsl/framework/bfc_allocator.cc:1095] InUse at 7f5240e01700 of size 256 next 24
2025-06-15 02:31:43.852030: I external/local_tsl/tsl/framework/bfc_allocator.cc:1095] InUse at 7f5240e01800 of size 256 next 25
2025-06-15 02:31:43.852480: I external/local_tsl/tsl/framework/bfc_allocator.cc:1095] InUse at 7f5240e01900 of size 256 next 28
2025-06-15 02:31:43.852927: I external/local_tsl/tsl/framework/bfc_allocator.cc:1095] InUse at 7f5240e01a00 of size 256 next 290
2025-06-15 02:31:43.853458: I external/local_tsl/tsl/framework/bfc_allocator.cc:1095] InUse at 7f5240e01b00 of size 256 next 30
2025-06-15 02:31:43.853938: I external/local_tsl/tsl/framework/bfc_allocator.cc:1095] InUse at 7f5240e01c00 of size 256 next 31
2025-06-15 02:31:43.854423: I external/local_tsl/tsl/framework/bfc_allocator.cc:1095] InUse at 7f5240e01d00 of size 256 next 32
2025-06-15 02:31:43.854902: I external/local_tsl/tsl/framework/bfc_allocator.cc:1095] InUse at 7f5240e01e00 of size 256 next 35
2025-06-15 02:31:43.855386: I external/local_tsl/tsl/framework/bfc_allocator.cc:1095] InUse at 7f5240e01f00 of size 256 next 33
2025-06-15 02:31:43.855869: I external/local_tsl/tsl/framework/bfc_allocator.cc:1095] InUse at 7f5240e02000 of size 256 next 34
2025-06-15 02:31:43.856344: I external/local_tsl/tsl/framework/bfc_allocator.cc:1095] InUse at 7f5240e02100 of size 512 next 39
2025-06-15 02:31:43.856823: I external/local_tsl/tsl/framework/bfc_allocator.cc:1095] InUse at 7f5240e02300 of size 256 next 40
2025-06-15 02:31:43.857302: I external/local_tsl/tsl/framework/bfc_allocator.cc:1095] InUse at 7f5240e02400 of size 256 next 41
2025-06-15 02:31:43.857783: I external/local_tsl/tsl/framework/bfc_allocator.cc:1095] InUse at 7f5240e02500 of size 256 next 8
2025-06-15 02:31:43.858282: I external/local_tsl/tsl/framework/bfc_allocator.cc:1095] InUse at 7f5240e02600 of size 3584 next 9
2025-06-15 02:31:43.858773: I external/local_tsl/tsl/framework/bfc_allocator.cc:1095] InUse at 7f5240e03400 of size 512 next 42
2025-06-15 02:31:43.859264: I external/local_tsl/tsl/framework/bfc_allocator.cc:1095] InUse at 7f5240e03600 of size 512 next 45
2025-06-15 02:31:43.859777: I external/local_tsl/tsl/framework/bfc_allocator.cc:1095] InUse at 7f5240e03800 of size 512 next 46
2025-06-15 02:31:43.860284: I external/local_tsl/tsl/framework/bfc_allocator.cc:1095] InUse at 7f5240e03a00 of size 512 next 297
2025-06-15 02:31:43.860775: I external/local_tsl/tsl/framework/bfc_allocator.cc:1095] InUse at 7f5240e03c00 of size 512 next 48
2025-06-15 02:31:43.861249: I external/local_tsl/tsl/framework/bfc_allocator.cc:1095] InUse at 7f5240e03e00 of size 256 next 49
2025-06-15 02:31:43.861742: I external/local_tsl/tsl/framework/bfc_allocator.cc:1095] InUse at 7f5240e03f00 of size 512 next 50
2025-06-15 02:31:43.862233: I external/local_tsl/tsl/framework/bfc_allocator.cc:1095] InUse at 7f5240e04100 of size 512 next 51
2025-06-15 02:31:43.862705: I external/local_tsl/tsl/framework/bfc_allocator.cc:1095] InUse at 7f5240e04300 of size 512 next 55
2025-06-15 02:31:43.863189: I external/local_tsl/tsl/framework/bfc_allocator.cc:1095] InUse at 7f5240e04500 of size 1024 next 57
2025-06-15 02:31:43.863676: I external/local_tsl/tsl/framework/bfc_allocator.cc:1095] InUse at 7f5240e04900 of size 256 next 58
2025-06-15 02:31:43.864190: I external/local_tsl/tsl/framework/bfc_allocator.cc:1095] InUse at 7f5240e04a00 of size 256 next 59
2025-06-15 02:31:43.864672: I external/local_tsl/tsl/framework/bfc_allocator.cc:1095] InUse at 7f5240e04b00 of size 1024 next 60
2025-06-15 02:31:43.865149: I external/local_tsl/tsl/framework/bfc_allocator.cc:1095] InUse at 7f5240e04f00 of size 1024 next 61
2025-06-15 02:31:43.865626: I external/local_tsl/tsl/framework/bfc_allocator.cc:1095] InUse at 7f5240e05300 of size 1024 next 65
2025-06-15 02:31:43.866099: I external/local_tsl/tsl/framework/bfc_allocator.cc:1095] InUse at 7f5240e05700 of size 1024 next 308
2025-06-15 02:31:43.866594: I external/local_tsl/tsl/framework/bfc_allocator.cc:1095] InUse at 7f5240e05b00 of size 1024 next 67
2025-06-15 02:31:43.867065: I external/local_tsl/tsl/framework/bfc_allocator.cc:1095] InUse at 7f5240e05f00 of size 256 next 68
2025-06-15 02:31:43.867574: I external/local_tsl/tsl/framework/bfc_allocator.cc:1095] InUse at 7f5240e06000 of size 256 next 69
2025-06-15 02:31:43.868067: I external/local_tsl/tsl/framework/bfc_allocator.cc:1095] InUse at 7f5240e06100 of size 1024 next 70
2025-06-15 02:31:43.868559: I external/local_tsl/tsl/framework/bfc_allocator.cc:1095] InUse at 7f5240e06500 of size 1024 next 71
2025-06-15 02:31:43.869019: I external/local_tsl/tsl/framework/bfc_allocator.cc:1095] InUse at 7f5240e06900 of size 1024 next 75
2025-06-15 02:31:43.869477: I external/local_tsl/tsl/framework/bfc_allocator.cc:1095] InUse at 7f5240e06d00 of size 512 next 313
2025-06-15 02:31:43.869937: I external/local_tsl/tsl/framework/bfc_allocator.cc:1095] InUse at 7f5240e06f00 of size 512 next 314
2025-06-15 02:31:43.870378: I external/local_tsl/tsl/framework/bfc_allocator.cc:1095] InUse at 7f5240e07100 of size 512 next 315
2025-06-15 02:31:43.870797: I external/local_tsl/tsl/framework/bfc_allocator.cc:1095] InUse at 7f5240e07300 of size 512 next 77
2025-06-15 02:31:43.871240: I external/local_tsl/tsl/framework/bfc_allocator.cc:1095] InUse at 7f5240e07500 of size 256 next 78
2025-06-15 02:31:43.871723: I external/local_tsl/tsl/framework/bfc_allocator.cc:1095] InUse at 7f5240e07600 of size 256 next 79
2025-06-15 02:31:43.872169: I external/local_tsl/tsl/framework/bfc_allocator.cc:1095] InUse at 7f5240e07700 of size 512 next 80
2025-06-15 02:31:43.872607: I external/local_tsl/tsl/framework/bfc_allocator.cc:1095] InUse at 7f5240e07900 of size 512 next 81
2025-06-15 02:31:43.873078: I external/local_tsl/tsl/framework/bfc_allocator.cc:1095] InUse at 7f5240e07b00 of size 512 next 82
2025-06-15 02:31:43.873552: I external/local_tsl/tsl/framework/bfc_allocator.cc:1095] InUse at 7f5240e07d00 of size 512 next 84
2025-06-15 02:31:43.873997: I external/local_tsl/tsl/framework/bfc_allocator.cc:1095] InUse at 7f5240e07f00 of size 512 next 316
2025-06-15 02:31:43.874462: I external/local_tsl/tsl/framework/bfc_allocator.cc:1095] InUse at 7f5240e08100 of size 512 next 86
2025-06-15 02:31:43.874910: I external/local_tsl/tsl/framework/bfc_allocator.cc:1095] InUse at 7f5240e08300 of size 512 next 87
2025-06-15 02:31:43.875365: I external/local_tsl/tsl/framework/bfc_allocator.cc:1095] InUse at 7f5240e08500 of size 512 next 88
2025-06-15 02:31:43.875813: I external/local_tsl/tsl/framework/bfc_allocator.cc:1095] InUse at 7f5240e08700 of size 512 next 89
2025-06-15 02:31:43.876264: I external/local_tsl/tsl/framework/bfc_allocator.cc:1095] InUse at 7f5240e08900 of size 256 next 321
2025-06-15 02:31:43.876708: I external/local_tsl/tsl/framework/bfc_allocator.cc:1095] InUse at 7f5240e08a00 of size 256 next 323
2025-06-15 02:31:43.877166: I external/local_tsl/tsl/framework/bfc_allocator.cc:1095] InUse at 7f5240e08b00 of size 256 next 324
2025-06-15 02:31:43.877620: I external/local_tsl/tsl/framework/bfc_allocator.cc:1095] InUse at 7f5240e08c00 of size 256 next 92
2025-06-15 02:31:43.878104: I external/local_tsl/tsl/framework/bfc_allocator.cc:1095] InUse at 7f5240e08d00 of size 256 next 93
2025-06-15 02:31:43.878560: I external/local_tsl/tsl/framework/bfc_allocator.cc:1095] InUse at 7f5240e08e00 of size 256 next 94
2025-06-15 02:31:43.879000: I external/local_tsl/tsl/framework/bfc_allocator.cc:1095] InUse at 7f5240e08f00 of size 256 next 97
2025-06-15 02:31:43.879448: I external/local_tsl/tsl/framework/bfc_allocator.cc:1095] InUse at 7f5240e09000 of size 256 next 95
2025-06-15 02:31:43.879904: I external/local_tsl/tsl/framework/bfc_allocator.cc:1095] InUse at 7f5240e09100 of size 256 next 96
2025-06-15 02:31:43.880362: I external/local_tsl/tsl/framework/bfc_allocator.cc:1095] InUse at 7f5240e09200 of size 256 next 98
2025-06-15 02:31:43.880811: I external/local_tsl/tsl/framework/bfc_allocator.cc:1095] InUse at 7f5240e09300 of size 256 next 101
2025-06-15 02:31:43.881247: I external/local_tsl/tsl/framework/bfc_allocator.cc:1095] InUse at 7f5240e09400 of size 256 next 102
2025-06-15 02:31:43.881719: I external/local_tsl/tsl/framework/bfc_allocator.cc:1095] InUse at 7f5240e09500 of size 256 next 103
2025-06-15 02:31:43.882171: I external/local_tsl/tsl/framework/bfc_allocator.cc:1095] InUse at 7f5240e09600 of size 256 next 104
2025-06-15 02:31:43.882635: I external/local_tsl/tsl/framework/bfc_allocator.cc:1095] InUse at 7f5240e09700 of size 256 next 105
2025-06-15 02:31:43.883160: I external/local_tsl/tsl/framework/bfc_allocator.cc:1095] Free  at 7f5240e09800 of size 512 next 108
2025-06-15 02:31:43.883649: I external/local_tsl/tsl/framework/bfc_allocator.cc:1095] InUse at 7f5240e09a00 of size 256 next 109
2025-06-15 02:31:43.884119: I external/local_tsl/tsl/framework/bfc_allocator.cc:1095] InUse at 7f5240e09b00 of size 256 next 110
2025-06-15 02:31:43.884627: I external/local_tsl/tsl/framework/bfc_allocator.cc:1095] InUse at 7f5240e09c00 of size 256 next 146
2025-06-15 02:31:43.885107: I external/local_tsl/tsl/framework/bfc_allocator.cc:1095] InUse at 7f5240e09d00 of size 256 next 147
2025-06-15 02:31:43.885594: I external/local_tsl/tsl/framework/bfc_allocator.cc:1095] InUse at 7f5240e09e00 of size 256 next 148
2025-06-15 02:31:43.886083: I external/local_tsl/tsl/framework/bfc_allocator.cc:1095] InUse at 7f5240e09f00 of size 256 next 149
2025-06-15 02:31:43.886565: I external/local_tsl/tsl/framework/bfc_allocator.cc:1095] InUse at 7f5240e0a000 of size 256 next 150
2025-06-15 02:31:43.887044: I external/local_tsl/tsl/framework/bfc_allocator.cc:1095] InUse at 7f5240e0a100 of size 256 next 151
2025-06-15 02:31:43.887529: I external/local_tsl/tsl/framework/bfc_allocator.cc:1095] InUse at 7f5240e0a200 of size 256 next 153
2025-06-15 02:31:43.888024: I external/local_tsl/tsl/framework/bfc_allocator.cc:1095] InUse at 7f5240e0a300 of size 256 next 154
2025-06-15 02:31:43.888526: I external/local_tsl/tsl/framework/bfc_allocator.cc:1095] InUse at 7f5240e0a400 of size 256 next 155
2025-06-15 02:31:43.889017: I external/local_tsl/tsl/framework/bfc_allocator.cc:1095] InUse at 7f5240e0a500 of size 256 next 156
2025-06-15 02:31:43.889555: I external/local_tsl/tsl/framework/bfc_allocator.cc:1095] InUse at 7f5240e0a600 of size 256 next 157
2025-06-15 02:31:43.890068: I external/local_tsl/tsl/framework/bfc_allocator.cc:1095] InUse at 7f5240e0a700 of size 256 next 158
2025-06-15 02:31:43.890562: I external/local_tsl/tsl/framework/bfc_allocator.cc:1095] InUse at 7f5240e0a800 of size 256 next 160
2025-06-15 02:31:43.891038: I external/local_tsl/tsl/framework/bfc_allocator.cc:1095] InUse at 7f5240e0a900 of size 256 next 161
2025-06-15 02:31:43.891520: I external/local_tsl/tsl/framework/bfc_allocator.cc:1095] InUse at 7f5240e0aa00 of size 256 next 162
2025-06-15 02:31:43.892001: I external/local_tsl/tsl/framework/bfc_allocator.cc:1095] InUse at 7f5240e0ab00 of size 256 next 163
2025-06-15 02:31:43.892479: I external/local_tsl/tsl/framework/bfc_allocator.cc:1095] InUse at 7f5240e0ac00 of size 256 next 164
2025-06-15 02:31:43.892954: I external/local_tsl/tsl/framework/bfc_allocator.cc:1095] InUse at 7f5240e0ad00 of size 256 next 165
2025-06-15 02:31:43.893442: I external/local_tsl/tsl/framework/bfc_allocator.cc:1095] InUse at 7f5240e0ae00 of size 512 next 167
2025-06-15 02:31:43.893921: I external/local_tsl/tsl/framework/bfc_allocator.cc:1095] InUse at 7f5240e0b000 of size 512 next 168
2025-06-15 02:31:43.894394: I external/local_tsl/tsl/framework/bfc_allocator.cc:1095] InUse at 7f5240e0b200 of size 512 next 169
2025-06-15 02:31:43.894873: I external/local_tsl/tsl/framework/bfc_allocator.cc:1095] InUse at 7f5240e0b400 of size 512 next 170
2025-06-15 02:31:43.895351: I external/local_tsl/tsl/framework/bfc_allocator.cc:1095] InUse at 7f5240e0b600 of size 512 next 171
2025-06-15 02:31:43.895837: I external/local_tsl/tsl/framework/bfc_allocator.cc:1095] InUse at 7f5240e0b800 of size 512 next 172
2025-06-15 02:31:43.896319: I external/local_tsl/tsl/framework/bfc_allocator.cc:1095] InUse at 7f5240e0ba00 of size 512 next 174
2025-06-15 02:31:43.896799: I external/local_tsl/tsl/framework/bfc_allocator.cc:1095] InUse at 7f5240e0bc00 of size 512 next 175
2025-06-15 02:31:43.897325: I external/local_tsl/tsl/framework/bfc_allocator.cc:1095] InUse at 7f5240e0be00 of size 512 next 176
2025-06-15 02:31:43.897817: I external/local_tsl/tsl/framework/bfc_allocator.cc:1095] InUse at 7f5240e0c000 of size 512 next 177
2025-06-15 02:31:43.898291: I external/local_tsl/tsl/framework/bfc_allocator.cc:1095] InUse at 7f5240e0c200 of size 512 next 178
2025-06-15 02:31:43.898751: I external/local_tsl/tsl/framework/bfc_allocator.cc:1095] InUse at 7f5240e0c400 of size 512 next 179
2025-06-15 02:31:43.899157: I external/local_tsl/tsl/framework/bfc_allocator.cc:1095] InUse at 7f5240e0c600 of size 1024 next 181
2025-06-15 02:31:43.899604: I external/local_tsl/tsl/framework/bfc_allocator.cc:1095] InUse at 7f5240e0ca00 of size 1024 next 182
2025-06-15 02:31:43.900054: I external/local_tsl/tsl/framework/bfc_allocator.cc:1095] InUse at 7f5240e0ce00 of size 1024 next 183
2025-06-15 02:31:43.900516: I external/local_tsl/tsl/framework/bfc_allocator.cc:1095] InUse at 7f5240e0d200 of size 1024 next 184
2025-06-15 02:31:43.900980: I external/local_tsl/tsl/framework/bfc_allocator.cc:1095] InUse at 7f5240e0d600 of size 1024 next 185
2025-06-15 02:31:43.901435: I external/local_tsl/tsl/framework/bfc_allocator.cc:1095] InUse at 7f5240e0da00 of size 1024 next 186
2025-06-15 02:31:43.901887: I external/local_tsl/tsl/framework/bfc_allocator.cc:1095] InUse at 7f5240e0de00 of size 1024 next 188
2025-06-15 02:31:43.902348: I external/local_tsl/tsl/framework/bfc_allocator.cc:1095] InUse at 7f5240e0e200 of size 1024 next 189
2025-06-15 02:31:43.902807: I external/local_tsl/tsl/framework/bfc_allocator.cc:1095] InUse at 7f5240e0e600 of size 1024 next 190
2025-06-15 02:31:43.903290: I external/local_tsl/tsl/framework/bfc_allocator.cc:1095] InUse at 7f5240e0ea00 of size 1024 next 191
2025-06-15 02:31:43.903769: I external/local_tsl/tsl/framework/bfc_allocator.cc:1095] InUse at 7f5240e0ee00 of size 1024 next 192
2025-06-15 02:31:43.904216: I external/local_tsl/tsl/framework/bfc_allocator.cc:1095] InUse at 7f5240e0f200 of size 1024 next 193
2025-06-15 02:31:43.904669: I external/local_tsl/tsl/framework/bfc_allocator.cc:1095] InUse at 7f5240e0f600 of size 512 next 196
2025-06-15 02:31:43.905137: I external/local_tsl/tsl/framework/bfc_allocator.cc:1095] InUse at 7f5240e0f800 of size 512 next 197
2025-06-15 02:31:43.905608: I external/local_tsl/tsl/framework/bfc_allocator.cc:1095] InUse at 7f5240e0fa00 of size 512 next 199
2025-06-15 02:31:43.906075: I external/local_tsl/tsl/framework/bfc_allocator.cc:1095] InUse at 7f5240e0fc00 of size 512 next 200
2025-06-15 02:31:43.906532: I external/local_tsl/tsl/framework/bfc_allocator.cc:1095] InUse at 7f5240e0fe00 of size 512 next 201
2025-06-15 02:31:43.906981: I external/local_tsl/tsl/framework/bfc_allocator.cc:1095] InUse at 7f5240e10000 of size 512 next 202
2025-06-15 02:31:43.907441: I external/local_tsl/tsl/framework/bfc_allocator.cc:1095] InUse at 7f5240e10200 of size 512 next 203
2025-06-15 02:31:43.907905: I external/local_tsl/tsl/framework/bfc_allocator.cc:1095] InUse at 7f5240e10400 of size 512 next 204
2025-06-15 02:31:43.908355: I external/local_tsl/tsl/framework/bfc_allocator.cc:1095] InUse at 7f5240e10600 of size 512 next 207
2025-06-15 02:31:43.908804: I external/local_tsl/tsl/framework/bfc_allocator.cc:1095] InUse at 7f5240e10800 of size 512 next 208
2025-06-15 02:31:43.909223: I external/local_tsl/tsl/framework/bfc_allocator.cc:1095] InUse at 7f5240e10a00 of size 512 next 209
2025-06-15 02:31:43.909711: I external/local_tsl/tsl/framework/bfc_allocator.cc:1095] InUse at 7f5240e10c00 of size 512 next 210
2025-06-15 02:31:43.910177: I external/local_tsl/tsl/framework/bfc_allocator.cc:1095] InUse at 7f5240e10e00 of size 512 next 211
2025-06-15 02:31:43.910645: I external/local_tsl/tsl/framework/bfc_allocator.cc:1095] InUse at 7f5240e11000 of size 512 next 212
2025-06-15 02:31:43.911105: I external/local_tsl/tsl/framework/bfc_allocator.cc:1095] InUse at 7f5240e11200 of size 256 next 215
2025-06-15 02:31:43.911573: I external/local_tsl/tsl/framework/bfc_allocator.cc:1095] InUse at 7f5240e11300 of size 256 next 216
2025-06-15 02:31:43.912028: I external/local_tsl/tsl/framework/bfc_allocator.cc:1095] InUse at 7f5240e11400 of size 256 next 219
2025-06-15 02:31:43.912493: I external/local_tsl/tsl/framework/bfc_allocator.cc:1095] InUse at 7f5240e11500 of size 256 next 220
2025-06-15 02:31:43.912969: I external/local_tsl/tsl/framework/bfc_allocator.cc:1095] InUse at 7f5240e11600 of size 256 next 221
2025-06-15 02:31:43.913451: I external/local_tsl/tsl/framework/bfc_allocator.cc:1095] InUse at 7f5240e11700 of size 256 next 222
2025-06-15 02:31:43.913927: I external/local_tsl/tsl/framework/bfc_allocator.cc:1095] InUse at 7f5240e11800 of size 256 next 223
2025-06-15 02:31:43.914413: I external/local_tsl/tsl/framework/bfc_allocator.cc:1095] InUse at 7f5240e11900 of size 256 next 224
2025-06-15 02:31:43.914890: I external/local_tsl/tsl/framework/bfc_allocator.cc:1095] InUse at 7f5240e11a00 of size 256 next 227
2025-06-15 02:31:43.915368: I external/local_tsl/tsl/framework/bfc_allocator.cc:1095] InUse at 7f5240e11b00 of size 256 next 228
2025-06-15 02:31:43.915855: I external/local_tsl/tsl/framework/bfc_allocator.cc:1095] InUse at 7f5240e11c00 of size 256 next 229
2025-06-15 02:31:43.916340: I external/local_tsl/tsl/framework/bfc_allocator.cc:1095] InUse at 7f5240e11d00 of size 256 next 230
2025-06-15 02:31:43.916829: I external/local_tsl/tsl/framework/bfc_allocator.cc:1095] InUse at 7f5240e11e00 of size 256 next 231
2025-06-15 02:31:43.917341: I external/local_tsl/tsl/framework/bfc_allocator.cc:1095] InUse at 7f5240e11f00 of size 256 next 232
2025-06-15 02:31:43.917844: I external/local_tsl/tsl/framework/bfc_allocator.cc:1095] InUse at 7f5240e12000 of size 65536 next 233
2025-06-15 02:31:43.918262: I external/local_tsl/tsl/framework/bfc_allocator.cc:1095] InUse at 7f5240e22000 of size 95232 next 19
2025-06-15 02:31:43.918749: I external/local_tsl/tsl/framework/bfc_allocator.cc:1095] InUse at 7f5240e39400 of size 110592 next 18
2025-06-15 02:31:43.919142: I external/local_tsl/tsl/framework/bfc_allocator.cc:1095] InUse at 7f5240e54400 of size 65536 next 115
2025-06-15 02:31:43.919558: I external/local_tsl/tsl/framework/bfc_allocator.cc:1095] InUse at 7f5240e64400 of size 256 next 112
2025-06-15 02:31:43.920043: I external/local_tsl/tsl/framework/bfc_allocator.cc:1095] InUse at 7f5240e64500 of size 256 next 114
2025-06-15 02:31:43.920526: I external/local_tsl/tsl/framework/bfc_allocator.cc:1095] InUse at 7f5240e64600 of size 256 next 113
2025-06-15 02:31:43.920995: I external/local_tsl/tsl/framework/bfc_allocator.cc:1095] InUse at 7f5240e64700 of size 256 next 111
2025-06-15 02:31:43.921475: I external/local_tsl/tsl/framework/bfc_allocator.cc:1095] InUse at 7f5240e64800 of size 256 next 117
2025-06-15 02:31:43.921978: I external/local_tsl/tsl/framework/bfc_allocator.cc:1095] InUse at 7f5240e64900 of size 256 next 118
2025-06-15 02:31:43.922458: I external/local_tsl/tsl/framework/bfc_allocator.cc:1095] InUse at 7f5240e64a00 of size 256 next 120
2025-06-15 02:31:43.922937: I external/local_tsl/tsl/framework/bfc_allocator.cc:1095] InUse at 7f5240e64b00 of size 256 next 119
2025-06-15 02:31:43.923369: I external/local_tsl/tsl/framework/bfc_allocator.cc:1095] InUse at 7f5240e64c00 of size 256 next 121
2025-06-15 02:31:43.923897: I external/local_tsl/tsl/framework/bfc_allocator.cc:1095] InUse at 7f5240e64d00 of size 256 next 123
2025-06-15 02:31:43.924401: I external/local_tsl/tsl/framework/bfc_allocator.cc:1095] InUse at 7f5240e64e00 of size 256 next 124
2025-06-15 02:31:43.924886: I external/local_tsl/tsl/framework/bfc_allocator.cc:1095] InUse at 7f5240e64f00 of size 256 next 125
2025-06-15 02:31:43.925389: I external/local_tsl/tsl/framework/bfc_allocator.cc:1095] InUse at 7f5240e65000 of size 256 next 126
2025-06-15 02:31:43.925918: I external/local_tsl/tsl/framework/bfc_allocator.cc:1095] InUse at 7f5240e65100 of size 256 next 128
2025-06-15 02:31:43.926396: I external/local_tsl/tsl/framework/bfc_allocator.cc:1095] InUse at 7f5240e65200 of size 256 next 127
2025-06-15 02:31:43.926877: I external/local_tsl/tsl/framework/bfc_allocator.cc:1095] InUse at 7f5240e65300 of size 256 next 129
2025-06-15 02:31:43.927360: I external/local_tsl/tsl/framework/bfc_allocator.cc:1095] InUse at 7f5240e65400 of size 256 next 130
2025-06-15 02:31:43.927812: I external/local_tsl/tsl/framework/bfc_allocator.cc:1095] InUse at 7f5240e65500 of size 256 next 131
2025-06-15 02:31:43.928292: I external/local_tsl/tsl/framework/bfc_allocator.cc:1095] InUse at 7f5240e65600 of size 256 next 132
2025-06-15 02:31:43.928721: I external/local_tsl/tsl/framework/bfc_allocator.cc:1095] InUse at 7f5240e65700 of size 256 next 133
2025-06-15 02:31:43.929201: I external/local_tsl/tsl/framework/bfc_allocator.cc:1095] InUse at 7f5240e65800 of size 256 next 137
2025-06-15 02:31:43.929689: I external/local_tsl/tsl/framework/bfc_allocator.cc:1095] InUse at 7f5240e65900 of size 256 next 136
2025-06-15 02:31:43.930144: I external/local_tsl/tsl/framework/bfc_allocator.cc:1095] InUse at 7f5240e65a00 of size 3584 next 138
2025-06-15 02:31:43.930595: I external/local_tsl/tsl/framework/bfc_allocator.cc:1095] InUse at 7f5240e66800 of size 3584 next 139
2025-06-15 02:31:43.931051: I external/local_tsl/tsl/framework/bfc_allocator.cc:1095] InUse at 7f5240e67600 of size 256 next 140
2025-06-15 02:31:43.931525: I external/local_tsl/tsl/framework/bfc_allocator.cc:1095] InUse at 7f5240e67700 of size 256 next 141
2025-06-15 02:31:43.931977: I external/local_tsl/tsl/framework/bfc_allocator.cc:1095] InUse at 7f5240e67800 of size 256 next 142
2025-06-15 02:31:43.932430: I external/local_tsl/tsl/framework/bfc_allocator.cc:1095] InUse at 7f5240e67900 of size 256 next 143
2025-06-15 02:31:43.932880: I external/local_tsl/tsl/framework/bfc_allocator.cc:1095] InUse at 7f5240e67a00 of size 256 next 144
2025-06-15 02:31:43.933332: I external/local_tsl/tsl/framework/bfc_allocator.cc:1095] InUse at 7f5240e67b00 of size 256 next 145
2025-06-15 02:31:43.933779: I external/local_tsl/tsl/framework/bfc_allocator.cc:1095] InUse at 7f5240e67c00 of size 141312 next 27
2025-06-15 02:31:43.934148: I external/local_tsl/tsl/framework/bfc_allocator.cc:1095] InUse at 7f5240e8a400 of size 221184 next 26
2025-06-15 02:31:43.934512: I external/local_tsl/tsl/framework/bfc_allocator.cc:1095] InUse at 7f5240ec0400 of size 442368 next 159
2025-06-15 02:31:43.934878: I external/local_tsl/tsl/framework/bfc_allocator.cc:1095] InUse at 7f5240f2c400 of size 867328 next 18446744073709551615
2025-06-15 02:31:43.935251: I external/local_tsl/tsl/framework/bfc_allocator.cc:1075] Next region of size 4194304
2025-06-15 02:31:43.935758: I external/local_tsl/tsl/framework/bfc_allocator.cc:1095] InUse at 7f5241400000 of size 442368 next 37
2025-06-15 02:31:43.936123: I external/local_tsl/tsl/framework/bfc_allocator.cc:1095] InUse at 7f524146c000 of size 221184 next 116
2025-06-15 02:31:43.936479: I external/local_tsl/tsl/framework/bfc_allocator.cc:1095] InUse at 7f52414a2000 of size 110592 next 122
2025-06-15 02:31:43.936838: I external/local_tsl/tsl/framework/bfc_allocator.cc:1095] InUse at 7f52414bd000 of size 192512 next 99
2025-06-15 02:31:43.937218: I external/local_tsl/tsl/framework/bfc_allocator.cc:1095] InUse at 7f52414ec000 of size 360448 next 44
2025-06-15 02:31:43.937587: I external/local_tsl/tsl/framework/bfc_allocator.cc:1095] InUse at 7f5241544000 of size 884736 next 43
2025-06-15 02:31:43.937942: I external/local_tsl/tsl/framework/bfc_allocator.cc:1095] InUse at 7f524161c000 of size 1982464 next 18446744073709551615
2025-06-15 02:31:43.938305: I external/local_tsl/tsl/framework/bfc_allocator.cc:1075] Next region of size 8388608
2025-06-15 02:31:43.938793: I external/local_tsl/tsl/framework/bfc_allocator.cc:1095] InUse at 7f5241800000 of size 884736 next 166
2025-06-15 02:31:43.939191: I external/local_tsl/tsl/framework/bfc_allocator.cc:1095] InUse at 7f52418d8000 of size 884736 next 54
2025-06-15 02:31:43.939553: I external/local_tsl/tsl/framework/bfc_allocator.cc:1095] InUse at 7f52419b0000 of size 1769472 next 52
2025-06-15 02:31:43.939942: I external/local_tsl/tsl/framework/bfc_allocator.cc:1095] InUse at 7f5241b60000 of size 4849664 next 18446744073709551615
2025-06-15 02:31:43.940320: I external/local_tsl/tsl/framework/bfc_allocator.cc:1100]      Summary of in-use Chunks by size: 
2025-06-15 02:31:43.940774: I external/local_tsl/tsl/framework/bfc_allocator.cc:1103] 155 Chunks of size 256 totalling 38.8KiB
2025-06-15 02:31:43.941216: I external/local_tsl/tsl/framework/bfc_allocator.cc:1103] 54 Chunks of size 512 totalling 27.0KiB
2025-06-15 02:31:43.941656: I external/local_tsl/tsl/framework/bfc_allocator.cc:1103] 1 Chunks of size 768 totalling 768B
2025-06-15 02:31:43.942074: I external/local_tsl/tsl/framework/bfc_allocator.cc:1103] 26 Chunks of size 1024 totalling 26.0KiB
2025-06-15 02:31:43.942528: I external/local_tsl/tsl/framework/bfc_allocator.cc:1103] 1 Chunks of size 1280 totalling 1.2KiB
2025-06-15 02:31:43.942967: I external/local_tsl/tsl/framework/bfc_allocator.cc:1103] 3 Chunks of size 3584 totalling 10.5KiB
2025-06-15 02:31:43.943406: I external/local_tsl/tsl/framework/bfc_allocator.cc:1103] 2 Chunks of size 65536 totalling 128.0KiB
2025-06-15 02:31:43.943848: I external/local_tsl/tsl/framework/bfc_allocator.cc:1103] 1 Chunks of size 95232 totalling 93.0KiB
2025-06-15 02:31:43.944298: I external/local_tsl/tsl/framework/bfc_allocator.cc:1103] 4 Chunks of size 110592 totalling 432.0KiB
2025-06-15 02:31:43.944763: I external/local_tsl/tsl/framework/bfc_allocator.cc:1103] 1 Chunks of size 141312 totalling 138.0KiB
2025-06-15 02:31:43.945220: I external/local_tsl/tsl/framework/bfc_allocator.cc:1103] 1 Chunks of size 192512 totalling 188.0KiB
2025-06-15 02:31:43.945716: I external/local_tsl/tsl/framework/bfc_allocator.cc:1103] 6 Chunks of size 221184 totalling 1.27MiB
2025-06-15 02:31:43.946173: I external/local_tsl/tsl/framework/bfc_allocator.cc:1103] 2 Chunks of size 262144 totalling 512.0KiB
2025-06-15 02:31:43.946632: I external/local_tsl/tsl/framework/bfc_allocator.cc:1103] 1 Chunks of size 360448 totalling 352.0KiB
2025-06-15 02:31:43.947098: I external/local_tsl/tsl/framework/bfc_allocator.cc:1103] 5 Chunks of size 442368 totalling 2.11MiB
2025-06-15 02:31:43.947536: I external/local_tsl/tsl/framework/bfc_allocator.cc:1103] 1 Chunks of size 867328 totalling 847.0KiB
2025-06-15 02:31:43.947981: I external/local_tsl/tsl/framework/bfc_allocator.cc:1103] 6 Chunks of size 884736 totalling 5.06MiB
2025-06-15 02:31:43.948425: I external/local_tsl/tsl/framework/bfc_allocator.cc:1103] 2 Chunks of size 1048576 totalling 2.00MiB
2025-06-15 02:31:43.948878: I external/local_tsl/tsl/framework/bfc_allocator.cc:1103] 6 Chunks of size 1769472 totalling 10.12MiB
2025-06-15 02:31:43.949325: I external/local_tsl/tsl/framework/bfc_allocator.cc:1103] 1 Chunks of size 1982464 totalling 1.89MiB
2025-06-15 02:31:43.949774: I external/local_tsl/tsl/framework/bfc_allocator.cc:1103] 4 Chunks of size 3538944 totalling 13.50MiB
2025-06-15 02:31:43.950214: I external/local_tsl/tsl/framework/bfc_allocator.cc:1103] 1 Chunks of size 4063232 totalling 3.88MiB
2025-06-15 02:31:43.950672: I external/local_tsl/tsl/framework/bfc_allocator.cc:1103] 1 Chunks of size 4849664 totalling 4.62MiB
2025-06-15 02:31:43.951110: I external/local_tsl/tsl/framework/bfc_allocator.cc:1103] 2 Chunks of size 7077888 totalling 13.50MiB
2025-06-15 02:31:43.951566: I external/local_tsl/tsl/framework/bfc_allocator.cc:1103] 1 Chunks of size 12320768 totalling 11.75MiB
2025-06-15 02:31:43.951925: I external/local_tsl/tsl/framework/bfc_allocator.cc:1103] 2 Chunks of size 15138816 totalling 28.88MiB
2025-06-15 02:31:43.952287: I external/local_tsl/tsl/framework/bfc_allocator.cc:1103] 4 Chunks of size 30277632 totalling 115.50MiB
2025-06-15 02:31:43.952690: I external/local_tsl/tsl/framework/bfc_allocator.cc:1103] 2 Chunks of size 60555264 totalling 115.50MiB
2025-06-15 02:31:43.953068: I external/local_tsl/tsl/framework/bfc_allocator.cc:1103] 1 Chunks of size 73662464 totalling 70.25MiB
2025-06-15 02:31:43.953440: I external/local_tsl/tsl/framework/bfc_allocator.cc:1103] 1 Chunks of size 116654080 totalling 111.25MiB
2025-06-15 02:31:43.953805: I external/local_tsl/tsl/framework/bfc_allocator.cc:1103] 6 Chunks of size 121110528 totalling 693.00MiB
2025-06-15 02:31:43.954157: I external/local_tsl/tsl/framework/bfc_allocator.cc:1103] 2 Chunks of size 209715200 totalling 400.00MiB
2025-06-15 02:31:43.954534: I external/local_tsl/tsl/framework/bfc_allocator.cc:1103] 3 Chunks of size 242221056 totalling 693.00MiB
2025-06-15 02:31:43.954905: I external/local_tsl/tsl/framework/bfc_allocator.cc:1103] 8 Chunks of size 484442112 totalling 3.61GiB
2025-06-15 02:31:43.955260: I external/local_tsl/tsl/framework/bfc_allocator.cc:1103] 1 Chunks of size 968884224 totalling 924.00MiB
2025-06-15 02:31:43.955615: I external/local_tsl/tsl/framework/bfc_allocator.cc:1103] 6 Chunks of size 1937768448 totalling 10.83GiB
2025-06-15 02:31:43.955997: I external/local_tsl/tsl/framework/bfc_allocator.cc:1107] Sum Total of in-use chunks: 17.58GiB
2025-06-15 02:31:43.956458: I external/local_tsl/tsl/framework/bfc_allocator.cc:1109] Total bytes in pool: 23575789568 memory_limit_: 23575789568 available bytes: 0 curr_region_allocation_bytes_: 34359738368
2025-06-15 02:31:43.956816: I external/local_tsl/tsl/framework/bfc_allocator.cc:1114] Stats: 
Limit:                     23575789568
InUse:                     18882554112
MaxInUse:                  22800760320
NumAllocs:                         912
MaxAllocSize:               4135495424
Reserved:                            0
PeakReserved:                        0
LargestFreeBlock:                    0

2025-06-15 02:31:43.957195: W external/local_tsl/tsl/framework/bfc_allocator.cc:497] ________*********________************************************_**************************************
2025-06-15 02:31:43.957588: W tensorflow/core/framework/op_kernel.cc:1839] OP_REQUIRES failed at concat_op.cc:165 : RESOURCE_EXHAUSTED: OOM when allocating tensor with shape[2,64,192,224,176] and type float on /job:localhost/replica:0/task:0/device:GPU:0 by allocator GPU_0_bfc
Traceback (most recent call last):
  File "/mnt/beegfs/hellgate/home/rb194958e/stroke_segmentation_sota/batch_wise_train.py", line 277, in <module>
    if main():
       ^^^^^^
  File "/mnt/beegfs/hellgate/home/rb194958e/stroke_segmentation_sota/batch_wise_train.py", line 256, in main
    history = model.fit(
              ^^^^^^^^^^
  File "/mnt/beegfs/hellgate/home/rb194958e/.conda/envs/tf215_env/lib/python3.11/site-packages/keras/src/utils/traceback_utils.py", line 70, in error_handler
    raise e.with_traceback(filtered_tb) from None
  File "/mnt/beegfs/hellgate/home/rb194958e/.conda/envs/tf215_env/lib/python3.11/site-packages/tensorflow/python/eager/execute.py", line 53, in quick_execute
    tensors = pywrap_tfe.TFE_Py_Execute(ctx._handle, device_name, op_name,
  ^^^^^^^^^^^^^^^^^^^^^^^^^^^^^^^^^^^^^^^^^^^^^^^^^^^^^^^^^^^^^^^^^^^^^^^^
tensorflow.python.framework.errors_impl.ResourceExhaustedError: Graph execution error:

Detected at node model/concatenate_2/concat defined at (most recent call last):
  File "/mnt/beegfs/hellgate/home/rb194958e/stroke_segmentation_sota/batch_wise_train.py", line 277, in <module>

  File "/mnt/beegfs/hellgate/home/rb194958e/stroke_segmentation_sota/batch_wise_train.py", line 256, in main

  File "/mnt/beegfs/hellgate/home/rb194958e/.conda/envs/tf215_env/lib/python3.11/site-packages/keras/src/utils/traceback_utils.py", line 65, in error_handler

  File "/mnt/beegfs/hellgate/home/rb194958e/.conda/envs/tf215_env/lib/python3.11/site-packages/keras/src/engine/training.py", line 1807, in fit

  File "/mnt/beegfs/hellgate/home/rb194958e/.conda/envs/tf215_env/lib/python3.11/site-packages/keras/src/engine/training.py", line 1401, in train_function

  File "/mnt/beegfs/hellgate/home/rb194958e/.conda/envs/tf215_env/lib/python3.11/site-packages/keras/src/engine/training.py", line 1384, in step_function

  File "/mnt/beegfs/hellgate/home/rb194958e/.conda/envs/tf215_env/lib/python3.11/site-packages/keras/src/engine/training.py", line 1373, in run_step

  File "/mnt/beegfs/hellgate/home/rb194958e/.conda/envs/tf215_env/lib/python3.11/site-packages/keras/src/engine/training.py", line 1150, in train_step

  File "/mnt/beegfs/hellgate/home/rb194958e/.conda/envs/tf215_env/lib/python3.11/site-packages/keras/src/utils/traceback_utils.py", line 65, in error_handler

  File "/mnt/beegfs/hellgate/home/rb194958e/.conda/envs/tf215_env/lib/python3.11/site-packages/keras/src/engine/training.py", line 590, in __call__

  File "/mnt/beegfs/hellgate/home/rb194958e/.conda/envs/tf215_env/lib/python3.11/site-packages/keras/src/utils/traceback_utils.py", line 65, in error_handler

  File "/mnt/beegfs/hellgate/home/rb194958e/.conda/envs/tf215_env/lib/python3.11/site-packages/keras/src/engine/base_layer.py", line 1149, in __call__

  File "/mnt/beegfs/hellgate/home/rb194958e/.conda/envs/tf215_env/lib/python3.11/site-packages/keras/src/utils/traceback_utils.py", line 96, in error_handler

  File "/mnt/beegfs/hellgate/home/rb194958e/.conda/envs/tf215_env/lib/python3.11/site-packages/keras/src/engine/functional.py", line 515, in call

  File "/mnt/beegfs/hellgate/home/rb194958e/.conda/envs/tf215_env/lib/python3.11/site-packages/keras/src/engine/functional.py", line 672, in _run_internal_graph

  File "/mnt/beegfs/hellgate/home/rb194958e/.conda/envs/tf215_env/lib/python3.11/site-packages/keras/src/utils/traceback_utils.py", line 65, in error_handler

  File "/mnt/beegfs/hellgate/home/rb194958e/.conda/envs/tf215_env/lib/python3.11/site-packages/keras/src/engine/base_layer.py", line 1149, in __call__

  File "/mnt/beegfs/hellgate/home/rb194958e/.conda/envs/tf215_env/lib/python3.11/site-packages/keras/src/utils/traceback_utils.py", line 96, in error_handler

  File "/mnt/beegfs/hellgate/home/rb194958e/.conda/envs/tf215_env/lib/python3.11/site-packages/keras/src/layers/merging/base_merge.py", line 196, in call

  File "/mnt/beegfs/hellgate/home/rb194958e/.conda/envs/tf215_env/lib/python3.11/site-packages/keras/src/layers/merging/concatenate.py", line 134, in _merge_function

  File "/mnt/beegfs/hellgate/home/rb194958e/.conda/envs/tf215_env/lib/python3.11/site-packages/keras/src/backend.py", line 3580, in concatenate

OOM when allocating tensor with shape[2,64,192,224,176] and type float on /job:localhost/replica:0/task:0/device:GPU:0 by allocator GPU_0_bfc
	 [[{{node model/concatenate_2/concat}}]]
Hint: If you want to see a list of allocated tensors when OOM happens, add report_tensor_allocations_upon_oom to RunOptions for current allocation info. This isn't available when running in Eager mode.
 [Op:__inference_train_function_7309]
2025-06-15 02:31:44.118755: W tensorflow/core/kernels/data/generator_dataset_op.cc:108] Error occurred when finalizing GeneratorDataset iterator: FAILED_PRECONDITION: Python interpreter state is not initialized. The process may be terminated.
	 [[{{node PyFunc}}]]
/var/spool/slurmd/job1124246/slurm_script: line 320: EOF: command not found
/var/spool/slurmd/job1124246/slurm_script: line 330: unexpected EOF while looking for matching ``'
/var/spool/slurmd/job1124246/slurm_script: line 339: syntax error: unexpected end of file
