2025-06-14 14:50:01.633931: I tensorflow/core/util/port.cc:113] oneDNN custom operations are on. You may see slightly different numerical results due to floating-point round-off errors from different computation orders. To turn them off, set the environment variable `TF_ENABLE_ONEDNN_OPTS=0`.
2025-06-14 14:50:02.412986: E external/local_xla/xla/stream_executor/cuda/cuda_dnn.cc:9261] Unable to register cuDNN factory: Attempting to register factory for plugin cuDNN when one has already been registered
2025-06-14 14:50:02.413644: E external/local_xla/xla/stream_executor/cuda/cuda_fft.cc:607] Unable to register cuFFT factory: Attempting to register factory for plugin cuFFT when one has already been registered
2025-06-14 14:50:02.527128: E external/local_xla/xla/stream_executor/cuda/cuda_blas.cc:1515] Unable to register cuBLAS factory: Attempting to register factory for plugin cuBLAS when one has already been registered
2025-06-14 14:50:02.785654: I tensorflow/core/platform/cpu_feature_guard.cc:182] This TensorFlow binary is optimized to use available CPU instructions in performance-critical operations.
To enable the following instructions: AVX2 AVX512F AVX512_VNNI FMA, in other operations, rebuild TensorFlow with the appropriate compiler flags.
2025-06-14 14:50:09.546474: W tensorflow/compiler/tf2tensorrt/utils/py_utils.cc:38] TF-TRT Warning: Could not find TensorRT
INFO:__main__:🚀 Starting Stroke Lesion Segmentation Training
INFO:__main__:Using 1 GPU(s)
INFO:__main__:Creating data generators...
INFO:__main__:Found 655 valid image/mask pairs
INFO:__main__:Found 655 valid image/mask pairs
INFO:__main__:Training batches: 262
INFO:__main__:Validation batches: 65
INFO:__main__:Building model...
2025-06-14 14:50:24.157792: I tensorflow/core/common_runtime/gpu/gpu_device.cc:1929] Created device /job:localhost/replica:0/task:0/device:GPU:0 with 22483 MB memory:  -> device: 0, name: NVIDIA RTX 4500 Ada Generation, pci bus id: 0000:1c:00.0, compute capability: 8.9
INFO:__main__:Model parameters: 5,605,345
INFO:__main__:Starting training...
pixdim[0] (qfac) should be 1 (default) or -1; setting qfac to 1
INFO:nibabel.global:pixdim[0] (qfac) should be 1 (default) or -1; setting qfac to 1
pixdim[0] (qfac) should be 1 (default) or -1; setting qfac to 1
INFO:nibabel.global:pixdim[0] (qfac) should be 1 (default) or -1; setting qfac to 1
pixdim[0] (qfac) should be 1 (default) or -1; setting qfac to 1
INFO:nibabel.global:pixdim[0] (qfac) should be 1 (default) or -1; setting qfac to 1
pixdim[0] (qfac) should be 1 (default) or -1; setting qfac to 1
INFO:nibabel.global:pixdim[0] (qfac) should be 1 (default) or -1; setting qfac to 1
2025-06-14 14:50:31.707504: I external/local_xla/xla/stream_executor/cuda/cuda_dnn.cc:454] Loaded cuDNN version 8907
pixdim[0] (qfac) should be 1 (default) or -1; setting qfac to 1
INFO:nibabel.global:pixdim[0] (qfac) should be 1 (default) or -1; setting qfac to 1
pixdim[0] (qfac) should be 1 (default) or -1; setting qfac to 1
INFO:nibabel.global:pixdim[0] (qfac) should be 1 (default) or -1; setting qfac to 1
pixdim[0] (qfac) should be 1 (default) or -1; setting qfac to 1
INFO:nibabel.global:pixdim[0] (qfac) should be 1 (default) or -1; setting qfac to 1
pixdim[0] (qfac) should be 1 (default) or -1; setting qfac to 1
INFO:nibabel.global:pixdim[0] (qfac) should be 1 (default) or -1; setting qfac to 1
2025-06-14 14:50:48.161832: W external/local_tsl/tsl/framework/bfc_allocator.cc:296] Allocator (GPU_0_bfc) ran out of memory trying to allocate 2.27GiB with freed_by_count=0. The caller indicates that this is not a failure, but this may mean that there could be performance gains if more memory were available.
2025-06-14 14:50:48.263160: W external/local_tsl/tsl/framework/bfc_allocator.cc:296] Allocator (GPU_0_bfc) ran out of memory trying to allocate 2.30GiB with freed_by_count=0. The caller indicates that this is not a failure, but this may mean that there could be performance gains if more memory were available.
2025-06-14 14:50:48.263908: W external/local_tsl/tsl/framework/bfc_allocator.cc:296] Allocator (GPU_0_bfc) ran out of memory trying to allocate 2.27GiB with freed_by_count=0. The caller indicates that this is not a failure, but this may mean that there could be performance gains if more memory were available.
2025-06-14 14:50:48.884173: W external/local_tsl/tsl/framework/bfc_allocator.cc:296] Allocator (GPU_0_bfc) ran out of memory trying to allocate 2.27GiB with freed_by_count=0. The caller indicates that this is not a failure, but this may mean that there could be performance gains if more memory were available.
2025-06-14 14:50:48.937758: W external/local_tsl/tsl/framework/bfc_allocator.cc:296] Allocator (GPU_0_bfc) ran out of memory trying to allocate 2.30GiB with freed_by_count=0. The caller indicates that this is not a failure, but this may mean that there could be performance gains if more memory were available.
2025-06-14 14:50:48.938554: W external/local_tsl/tsl/framework/bfc_allocator.cc:296] Allocator (GPU_0_bfc) ran out of memory trying to allocate 2.27GiB with freed_by_count=0. The caller indicates that this is not a failure, but this may mean that there could be performance gains if more memory were available.
2025-06-14 14:50:59.559262: W external/local_tsl/tsl/framework/bfc_allocator.cc:485] Allocator (GPU_0_bfc) ran out of memory trying to allocate 3.61GiB (rounded to 3875536896)requested by op model/concatenate_2/concat
If the cause is memory fragmentation maybe the environment variable 'TF_GPU_ALLOCATOR=cuda_malloc_async' will improve the situation. 
Current allocation summary follows.
Current allocation summary follows.
2025-06-14 14:50:59.560223: I external/local_tsl/tsl/framework/bfc_allocator.cc:1039] BFCAllocator dump for GPU_0_bfc
2025-06-14 14:50:59.560992: I external/local_tsl/tsl/framework/bfc_allocator.cc:1046] Bin (256): 	Total Chunks: 155, Chunks in use: 155. 38.8KiB allocated for chunks. 38.8KiB in use in bin. 20.7KiB client-requested in use in bin.
2025-06-14 14:50:59.561492: I external/local_tsl/tsl/framework/bfc_allocator.cc:1046] Bin (512): 	Total Chunks: 56, Chunks in use: 55. 28.0KiB allocated for chunks. 27.5KiB in use in bin. 27.5KiB client-requested in use in bin.
2025-06-14 14:50:59.561881: I external/local_tsl/tsl/framework/bfc_allocator.cc:1046] Bin (1024): 	Total Chunks: 27, Chunks in use: 27. 27.2KiB allocated for chunks. 27.2KiB in use in bin. 27.0KiB client-requested in use in bin.
2025-06-14 14:50:59.562231: I external/local_tsl/tsl/framework/bfc_allocator.cc:1046] Bin (2048): 	Total Chunks: 3, Chunks in use: 3. 10.5KiB allocated for chunks. 10.5KiB in use in bin. 10.1KiB client-requested in use in bin.
2025-06-14 14:50:59.562588: I external/local_tsl/tsl/framework/bfc_allocator.cc:1046] Bin (4096): 	Total Chunks: 0, Chunks in use: 0. 0B allocated for chunks. 0B in use in bin. 0B client-requested in use in bin.
2025-06-14 14:50:59.562966: I external/local_tsl/tsl/framework/bfc_allocator.cc:1046] Bin (8192): 	Total Chunks: 0, Chunks in use: 0. 0B allocated for chunks. 0B in use in bin. 0B client-requested in use in bin.
2025-06-14 14:50:59.563418: I external/local_tsl/tsl/framework/bfc_allocator.cc:1046] Bin (16384): 	Total Chunks: 0, Chunks in use: 0. 0B allocated for chunks. 0B in use in bin. 0B client-requested in use in bin.
2025-06-14 14:50:59.563940: I external/local_tsl/tsl/framework/bfc_allocator.cc:1046] Bin (32768): 	Total Chunks: 0, Chunks in use: 0. 0B allocated for chunks. 0B in use in bin. 0B client-requested in use in bin.
2025-06-14 14:50:59.564363: I external/local_tsl/tsl/framework/bfc_allocator.cc:1046] Bin (65536): 	Total Chunks: 7, Chunks in use: 7. 653.0KiB allocated for chunks. 653.0KiB in use in bin. 624.0KiB client-requested in use in bin.
2025-06-14 14:50:59.564848: I external/local_tsl/tsl/framework/bfc_allocator.cc:1046] Bin (131072): 	Total Chunks: 8, Chunks in use: 8. 1.58MiB allocated for chunks. 1.58MiB in use in bin. 1.48MiB client-requested in use in bin.
2025-06-14 14:50:59.565290: I external/local_tsl/tsl/framework/bfc_allocator.cc:1046] Bin (262144): 	Total Chunks: 8, Chunks in use: 8. 2.95MiB allocated for chunks. 2.95MiB in use in bin. 2.86MiB client-requested in use in bin.
2025-06-14 14:50:59.565807: I external/local_tsl/tsl/framework/bfc_allocator.cc:1046] Bin (524288): 	Total Chunks: 7, Chunks in use: 7. 5.89MiB allocated for chunks. 5.89MiB in use in bin. 5.48MiB client-requested in use in bin.
2025-06-14 14:50:59.566325: I external/local_tsl/tsl/framework/bfc_allocator.cc:1046] Bin (1048576): 	Total Chunks: 9, Chunks in use: 9. 14.02MiB allocated for chunks. 14.02MiB in use in bin. 13.12MiB client-requested in use in bin.
2025-06-14 14:50:59.566772: I external/local_tsl/tsl/framework/bfc_allocator.cc:1046] Bin (2097152): 	Total Chunks: 5, Chunks in use: 5. 17.38MiB allocated for chunks. 17.38MiB in use in bin. 16.88MiB client-requested in use in bin.
2025-06-14 14:50:59.567242: I external/local_tsl/tsl/framework/bfc_allocator.cc:1046] Bin (4194304): 	Total Chunks: 3, Chunks in use: 3. 18.12MiB allocated for chunks. 18.12MiB in use in bin. 16.88MiB client-requested in use in bin.
2025-06-14 14:50:59.567646: I external/local_tsl/tsl/framework/bfc_allocator.cc:1046] Bin (8388608): 	Total Chunks: 3, Chunks in use: 3. 40.62MiB allocated for chunks. 40.62MiB in use in bin. 35.62MiB client-requested in use in bin.
2025-06-14 14:50:59.568035: I external/local_tsl/tsl/framework/bfc_allocator.cc:1046] Bin (16777216): 	Total Chunks: 5, Chunks in use: 4. 140.19MiB allocated for chunks. 115.50MiB in use in bin. 115.50MiB client-requested in use in bin.
2025-06-14 14:50:59.568394: I external/local_tsl/tsl/framework/bfc_allocator.cc:1046] Bin (33554432): 	Total Chunks: 2, Chunks in use: 2. 115.50MiB allocated for chunks. 115.50MiB in use in bin. 115.50MiB client-requested in use in bin.
2025-06-14 14:50:59.568801: I external/local_tsl/tsl/framework/bfc_allocator.cc:1046] Bin (67108864): 	Total Chunks: 8, Chunks in use: 8. 874.50MiB allocated for chunks. 874.50MiB in use in bin. 808.50MiB client-requested in use in bin.
2025-06-14 14:50:59.569186: I external/local_tsl/tsl/framework/bfc_allocator.cc:1046] Bin (134217728): 	Total Chunks: 5, Chunks in use: 5. 1.07GiB allocated for chunks. 1.07GiB in use in bin. 924.00MiB client-requested in use in bin.
2025-06-14 14:50:59.569585: I external/local_tsl/tsl/framework/bfc_allocator.cc:1046] Bin (268435456): 	Total Chunks: 18, Chunks in use: 15. 19.69GiB allocated for chunks. 15.34GiB in use in bin. 15.34GiB client-requested in use in bin.
2025-06-14 14:50:59.569968: I external/local_tsl/tsl/framework/bfc_allocator.cc:1062] Bin for 3.61GiB was 256.00MiB, Chunk State: 
2025-06-14 14:50:59.570310: I external/local_tsl/tsl/framework/bfc_allocator.cc:1068]   Size: 453.50MiB | Requested Size: 16.00MiB | in_use: 0 | bin_num: 20, prev:   Size: 462.00MiB | Requested Size: 462.00MiB | in_use: 1 | bin_num: -1
2025-06-14 14:50:59.570670: I external/local_tsl/tsl/framework/bfc_allocator.cc:1068]   Size: 1.80GiB | Requested Size: 1.80GiB | in_use: 0 | bin_num: 20, next:   Size: 1.80GiB | Requested Size: 1.80GiB | in_use: 1 | bin_num: -1
2025-06-14 14:50:59.571063: I external/local_tsl/tsl/framework/bfc_allocator.cc:1068]   Size: 2.10GiB | Requested Size: 1.82GiB | in_use: 0 | bin_num: 20, prev:   Size: 1.80GiB | Requested Size: 1.80GiB | in_use: 1 | bin_num: -1
2025-06-14 14:50:59.571438: I external/local_tsl/tsl/framework/bfc_allocator.cc:1075] Next region of size 6129582080
2025-06-14 14:50:59.571875: I external/local_tsl/tsl/framework/bfc_allocator.cc:1095] Free  at 7f6f9e000000 of size 1937768448 next 107
2025-06-14 14:50:59.572288: I external/local_tsl/tsl/framework/bfc_allocator.cc:1095] InUse at 7f7011800000 of size 1937768448 next 329
2025-06-14 14:50:59.572670: I external/local_tsl/tsl/framework/bfc_allocator.cc:1095] Free  at 7f7085000000 of size 2254045184 next 18446744073709551615
2025-06-14 14:50:59.572996: I external/local_tsl/tsl/framework/bfc_allocator.cc:1075] Next region of size 8589934592
2025-06-14 14:50:59.573452: I external/local_tsl/tsl/framework/bfc_allocator.cc:1095] InUse at 7f7138000000 of size 1937768448 next 281
2025-06-14 14:50:59.573827: I external/local_tsl/tsl/framework/bfc_allocator.cc:1095] InUse at 7f71ab800000 of size 242221056 next 282
2025-06-14 14:50:59.574211: I external/local_tsl/tsl/framework/bfc_allocator.cc:1095] InUse at 7f71b9f00000 of size 484442112 next 283
2025-06-14 14:50:59.574565: I external/local_tsl/tsl/framework/bfc_allocator.cc:1095] InUse at 7f71d6d00000 of size 484442112 next 284
2025-06-14 14:50:59.574928: I external/local_tsl/tsl/framework/bfc_allocator.cc:1095] InUse at 7f71f3b00000 of size 484442112 next 29
2025-06-14 14:50:59.575290: I external/local_tsl/tsl/framework/bfc_allocator.cc:1095] InUse at 7f7210900000 of size 484442112 next 288
2025-06-14 14:50:59.575675: I external/local_tsl/tsl/framework/bfc_allocator.cc:1095] InUse at 7f722d700000 of size 484442112 next 292
2025-06-14 14:50:59.576079: I external/local_tsl/tsl/framework/bfc_allocator.cc:1095] InUse at 7f724a500000 of size 121110528 next 47
2025-06-14 14:50:59.576437: I external/local_tsl/tsl/framework/bfc_allocator.cc:1095] InUse at 7f7251880000 of size 121110528 next 296
2025-06-14 14:50:59.576848: I external/local_tsl/tsl/framework/bfc_allocator.cc:1095] InUse at 7f7258c00000 of size 121110528 next 300
2025-06-14 14:50:59.577290: I external/local_tsl/tsl/framework/bfc_allocator.cc:1095] InUse at 7f725ff80000 of size 30277632 next 302
2025-06-14 14:50:59.577697: I external/local_tsl/tsl/framework/bfc_allocator.cc:1095] InUse at 7f7261c60000 of size 30277632 next 303
2025-06-14 14:50:59.578121: I external/local_tsl/tsl/framework/bfc_allocator.cc:1095] InUse at 7f7263940000 of size 30277632 next 66
2025-06-14 14:50:59.578485: I external/local_tsl/tsl/framework/bfc_allocator.cc:1095] InUse at 7f7265620000 of size 30277632 next 307
2025-06-14 14:50:59.578849: I external/local_tsl/tsl/framework/bfc_allocator.cc:1095] InUse at 7f7267300000 of size 121110528 next 76
2025-06-14 14:50:59.579183: I external/local_tsl/tsl/framework/bfc_allocator.cc:1095] InUse at 7f726e680000 of size 121110528 next 312
2025-06-14 14:50:59.579529: I external/local_tsl/tsl/framework/bfc_allocator.cc:1095] InUse at 7f7275a00000 of size 242221056 next 311
2025-06-14 14:50:59.579923: I external/local_tsl/tsl/framework/bfc_allocator.cc:1095] InUse at 7f7284100000 of size 121110528 next 85
2025-06-14 14:50:59.580296: I external/local_tsl/tsl/framework/bfc_allocator.cc:1095] InUse at 7f728b480000 of size 484442112 next 325
2025-06-14 14:50:59.580640: I external/local_tsl/tsl/framework/bfc_allocator.cc:1095] InUse at 7f72a8280000 of size 484442112 next 320
2025-06-14 14:50:59.581021: I external/local_tsl/tsl/framework/bfc_allocator.cc:1095] InUse at 7f72c5080000 of size 968884224 next 319
2025-06-14 14:50:59.581382: I external/local_tsl/tsl/framework/bfc_allocator.cc:1095] InUse at 7f72fec80000 of size 484442112 next 91
2025-06-14 14:50:59.581781: I external/local_tsl/tsl/framework/bfc_allocator.cc:1095] Free  at 7f731ba80000 of size 475529216 next 18446744073709551615
2025-06-14 14:50:59.582155: I external/local_tsl/tsl/framework/bfc_allocator.cc:1075] Next region of size 4294967296
2025-06-14 14:50:59.582615: I external/local_tsl/tsl/framework/bfc_allocator.cc:1095] InUse at 7f7356000000 of size 1937768448 next 11
2025-06-14 14:50:59.582980: I external/local_tsl/tsl/framework/bfc_allocator.cc:1095] InUse at 7f73c9800000 of size 1937768448 next 276
2025-06-14 14:50:59.583325: I external/local_tsl/tsl/framework/bfc_allocator.cc:1095] InUse at 7f743d000000 of size 242221056 next 20
2025-06-14 14:50:59.583651: I external/local_tsl/tsl/framework/bfc_allocator.cc:1095] InUse at 7f744b700000 of size 60555264 next 38
2025-06-14 14:50:59.584032: I external/local_tsl/tsl/framework/bfc_allocator.cc:1095] InUse at 7f744f0c0000 of size 116654080 next 18446744073709551615
2025-06-14 14:50:59.584439: I external/local_tsl/tsl/framework/bfc_allocator.cc:1075] Next region of size 2147483648
2025-06-14 14:50:59.584947: I external/local_tsl/tsl/framework/bfc_allocator.cc:1095] InUse at 7f7482000000 of size 1937768448 next 270
2025-06-14 14:50:59.585305: I external/local_tsl/tsl/framework/bfc_allocator.cc:1095] InUse at 7f74f5800000 of size 209715200 next 18446744073709551615
2025-06-14 14:50:59.585724: I external/local_tsl/tsl/framework/bfc_allocator.cc:1075] Next region of size 2147483648
2025-06-14 14:50:59.586165: I external/local_tsl/tsl/framework/bfc_allocator.cc:1095] InUse at 7f750c000000 of size 1937768448 next 268
2025-06-14 14:50:59.586503: I external/local_tsl/tsl/framework/bfc_allocator.cc:1095] InUse at 7f757f800000 of size 209715200 next 18446744073709551615
2025-06-14 14:50:59.586842: I external/local_tsl/tsl/framework/bfc_allocator.cc:1075] Next region of size 134217728
2025-06-14 14:50:59.587284: I external/local_tsl/tsl/framework/bfc_allocator.cc:1095] InUse at 7f761a000000 of size 60555264 next 264
2025-06-14 14:50:59.587626: I external/local_tsl/tsl/framework/bfc_allocator.cc:1095] InUse at 7f761d9c0000 of size 73662464 next 18446744073709551615
2025-06-14 14:50:59.587970: I external/local_tsl/tsl/framework/bfc_allocator.cc:1075] Next region of size 67108864
2025-06-14 14:50:59.588393: I external/local_tsl/tsl/framework/bfc_allocator.cc:1095] InUse at 7f7622000000 of size 3538944 next 198
2025-06-14 14:50:59.588789: I external/local_tsl/tsl/framework/bfc_allocator.cc:1095] InUse at 7f7622360000 of size 1769472 next 205
2025-06-14 14:50:59.589148: I external/local_tsl/tsl/framework/bfc_allocator.cc:1095] InUse at 7f7622510000 of size 1769472 next 206
2025-06-14 14:50:59.589494: I external/local_tsl/tsl/framework/bfc_allocator.cc:1095] InUse at 7f76226c0000 of size 262144 next 213
2025-06-14 14:50:59.589902: I external/local_tsl/tsl/framework/bfc_allocator.cc:1095] InUse at 7f7622700000 of size 262144 next 214
2025-06-14 14:50:59.590285: I external/local_tsl/tsl/framework/bfc_allocator.cc:1095] InUse at 7f7622740000 of size 884736 next 217
2025-06-14 14:50:59.590654: I external/local_tsl/tsl/framework/bfc_allocator.cc:1095] InUse at 7f7622818000 of size 884736 next 218
2025-06-14 14:50:59.591040: I external/local_tsl/tsl/framework/bfc_allocator.cc:1095] InUse at 7f76228f0000 of size 442368 next 225
2025-06-14 14:50:59.591396: I external/local_tsl/tsl/framework/bfc_allocator.cc:1095] InUse at 7f762295c000 of size 442368 next 226
2025-06-14 14:50:59.591744: I external/local_tsl/tsl/framework/bfc_allocator.cc:1095] InUse at 7f76229c8000 of size 256 next 234
2025-06-14 14:50:59.592198: I external/local_tsl/tsl/framework/bfc_allocator.cc:1095] InUse at 7f76229c8100 of size 256 next 235
2025-06-14 14:50:59.592614: I external/local_tsl/tsl/framework/bfc_allocator.cc:1095] InUse at 7f76229c8200 of size 221184 next 236
2025-06-14 14:50:59.592981: I external/local_tsl/tsl/framework/bfc_allocator.cc:1095] InUse at 7f76229fe200 of size 221184 next 237
2025-06-14 14:50:59.593474: I external/local_tsl/tsl/framework/bfc_allocator.cc:1095] InUse at 7f7622a34200 of size 256 next 238
2025-06-14 14:50:59.593952: I external/local_tsl/tsl/framework/bfc_allocator.cc:1095] InUse at 7f7622a34300 of size 256 next 239
2025-06-14 14:50:59.594437: I external/local_tsl/tsl/framework/bfc_allocator.cc:1095] InUse at 7f7622a34400 of size 256 next 240
2025-06-14 14:50:59.594892: I external/local_tsl/tsl/framework/bfc_allocator.cc:1095] InUse at 7f7622a34500 of size 256 next 241
2025-06-14 14:50:59.595345: I external/local_tsl/tsl/framework/bfc_allocator.cc:1095] InUse at 7f7622a34600 of size 256 next 242
2025-06-14 14:50:59.595778: I external/local_tsl/tsl/framework/bfc_allocator.cc:1095] InUse at 7f7622a34700 of size 256 next 243
2025-06-14 14:50:59.596384: I external/local_tsl/tsl/framework/bfc_allocator.cc:1095] InUse at 7f7622a34800 of size 110592 next 244
2025-06-14 14:50:59.596775: I external/local_tsl/tsl/framework/bfc_allocator.cc:1095] InUse at 7f7622a4f800 of size 110592 next 245
2025-06-14 14:50:59.597168: I external/local_tsl/tsl/framework/bfc_allocator.cc:1095] InUse at 7f7622a6a800 of size 256 next 246
2025-06-14 14:50:59.597682: I external/local_tsl/tsl/framework/bfc_allocator.cc:1095] InUse at 7f7622a6a900 of size 256 next 247
2025-06-14 14:50:59.598144: I external/local_tsl/tsl/framework/bfc_allocator.cc:1095] InUse at 7f7622a6aa00 of size 256 next 248
2025-06-14 14:50:59.598589: I external/local_tsl/tsl/framework/bfc_allocator.cc:1095] InUse at 7f7622a6ab00 of size 256 next 249
2025-06-14 14:50:59.599107: I external/local_tsl/tsl/framework/bfc_allocator.cc:1095] InUse at 7f7622a6ac00 of size 256 next 250
2025-06-14 14:50:59.599573: I external/local_tsl/tsl/framework/bfc_allocator.cc:1095] InUse at 7f7622a6ad00 of size 256 next 251
2025-06-14 14:50:59.600021: I external/local_tsl/tsl/framework/bfc_allocator.cc:1095] InUse at 7f7622a6ae00 of size 256 next 252
2025-06-14 14:50:59.600483: I external/local_tsl/tsl/framework/bfc_allocator.cc:1095] InUse at 7f7622a6af00 of size 256 next 253
2025-06-14 14:50:59.600955: I external/local_tsl/tsl/framework/bfc_allocator.cc:1095] InUse at 7f7622a6b000 of size 256 next 254
2025-06-14 14:50:59.601423: I external/local_tsl/tsl/framework/bfc_allocator.cc:1095] InUse at 7f7622a6b100 of size 256 next 255
2025-06-14 14:50:59.601889: I external/local_tsl/tsl/framework/bfc_allocator.cc:1095] InUse at 7f7622a6b200 of size 256 next 256
2025-06-14 14:50:59.602360: I external/local_tsl/tsl/framework/bfc_allocator.cc:1095] InUse at 7f7622a6b300 of size 256 next 257
2025-06-14 14:50:59.602831: I external/local_tsl/tsl/framework/bfc_allocator.cc:1095] InUse at 7f7622a6b400 of size 256 next 258
2025-06-14 14:50:59.603293: I external/local_tsl/tsl/framework/bfc_allocator.cc:1095] InUse at 7f7622a6b500 of size 256 next 259
2025-06-14 14:50:59.603779: I external/local_tsl/tsl/framework/bfc_allocator.cc:1095] InUse at 7f7622a6b600 of size 256 next 260
2025-06-14 14:50:59.604226: I external/local_tsl/tsl/framework/bfc_allocator.cc:1095] InUse at 7f7622a6b700 of size 256 next 261
2025-06-14 14:50:59.604711: I external/local_tsl/tsl/framework/bfc_allocator.cc:1095] InUse at 7f7622a6b800 of size 256 next 262
2025-06-14 14:50:59.605183: I external/local_tsl/tsl/framework/bfc_allocator.cc:1095] InUse at 7f7622a6b900 of size 256 next 263
2025-06-14 14:50:59.605648: I external/local_tsl/tsl/framework/bfc_allocator.cc:1095] InUse at 7f7622a6ba00 of size 256 next 265
2025-06-14 14:50:59.606077: I external/local_tsl/tsl/framework/bfc_allocator.cc:1095] InUse at 7f7622a6bb00 of size 256 next 266
2025-06-14 14:50:59.606518: I external/local_tsl/tsl/framework/bfc_allocator.cc:1095] InUse at 7f7622a6bc00 of size 256 next 269
2025-06-14 14:50:59.606929: I external/local_tsl/tsl/framework/bfc_allocator.cc:1095] InUse at 7f7622a6bd00 of size 256 next 272
2025-06-14 14:50:59.607341: I external/local_tsl/tsl/framework/bfc_allocator.cc:1095] InUse at 7f7622a6be00 of size 256 next 274
2025-06-14 14:50:59.607760: I external/local_tsl/tsl/framework/bfc_allocator.cc:1095] InUse at 7f7622a6bf00 of size 256 next 275
2025-06-14 14:50:59.608242: I external/local_tsl/tsl/framework/bfc_allocator.cc:1095] InUse at 7f7622a6c000 of size 256 next 279
2025-06-14 14:50:59.608664: I external/local_tsl/tsl/framework/bfc_allocator.cc:1095] InUse at 7f7622a6c100 of size 256 next 280
2025-06-14 14:50:59.609141: I external/local_tsl/tsl/framework/bfc_allocator.cc:1095] InUse at 7f7622a6c200 of size 256 next 286
2025-06-14 14:50:59.609687: I external/local_tsl/tsl/framework/bfc_allocator.cc:1095] InUse at 7f7622a6c300 of size 256 next 287
2025-06-14 14:50:59.610175: I external/local_tsl/tsl/framework/bfc_allocator.cc:1095] InUse at 7f7622a6c400 of size 256 next 290
2025-06-14 14:50:59.610755: I external/local_tsl/tsl/framework/bfc_allocator.cc:1095] InUse at 7f7622a6c500 of size 256 next 291
2025-06-14 14:50:59.611185: I external/local_tsl/tsl/framework/bfc_allocator.cc:1095] InUse at 7f7622a6c600 of size 512 next 293
2025-06-14 14:50:59.611590: I external/local_tsl/tsl/framework/bfc_allocator.cc:1095] InUse at 7f7622a6c800 of size 512 next 294
2025-06-14 14:50:59.612114: I external/local_tsl/tsl/framework/bfc_allocator.cc:1095] InUse at 7f7622a6ca00 of size 512 next 295
2025-06-14 14:50:59.612724: I external/local_tsl/tsl/framework/bfc_allocator.cc:1095] InUse at 7f7622a6cc00 of size 512 next 298
2025-06-14 14:50:59.613213: I external/local_tsl/tsl/framework/bfc_allocator.cc:1095] InUse at 7f7622a6ce00 of size 512 next 299
2025-06-14 14:50:59.613651: I external/local_tsl/tsl/framework/bfc_allocator.cc:1095] InUse at 7f7622a6d000 of size 15138816 next 56
2025-06-14 14:50:59.614042: I external/local_tsl/tsl/framework/bfc_allocator.cc:1095] InUse at 7f76238dd000 of size 15138816 next 301
2025-06-14 14:50:59.614384: I external/local_tsl/tsl/framework/bfc_allocator.cc:1095] InUse at 7f762474d000 of size 1024 next 304
2025-06-14 14:50:59.614805: I external/local_tsl/tsl/framework/bfc_allocator.cc:1095] InUse at 7f762474d400 of size 1024 next 305
2025-06-14 14:50:59.615249: I external/local_tsl/tsl/framework/bfc_allocator.cc:1095] InUse at 7f762474d800 of size 1024 next 306
2025-06-14 14:50:59.615646: I external/local_tsl/tsl/framework/bfc_allocator.cc:1095] InUse at 7f762474dc00 of size 1024 next 309
2025-06-14 14:50:59.616066: I external/local_tsl/tsl/framework/bfc_allocator.cc:1095] InUse at 7f762474e000 of size 1024 next 310
2025-06-14 14:50:59.616475: I external/local_tsl/tsl/framework/bfc_allocator.cc:1095] InUse at 7f762474e400 of size 512 next 317
2025-06-14 14:50:59.616971: I external/local_tsl/tsl/framework/bfc_allocator.cc:1095] InUse at 7f762474e600 of size 512 next 318
2025-06-14 14:50:59.617425: I external/local_tsl/tsl/framework/bfc_allocator.cc:1095] InUse at 7f762474e800 of size 256 next 326
2025-06-14 14:50:59.617864: I external/local_tsl/tsl/framework/bfc_allocator.cc:1095] InUse at 7f762474e900 of size 256 next 327
2025-06-14 14:50:59.618282: I external/local_tsl/tsl/framework/bfc_allocator.cc:1095] Free  at 7f762474ea00 of size 25892352 next 18446744073709551615
2025-06-14 14:50:59.618704: I external/local_tsl/tsl/framework/bfc_allocator.cc:1075] Next region of size 33554432
2025-06-14 14:50:59.619137: I external/local_tsl/tsl/framework/bfc_allocator.cc:1095] InUse at 7f763a000000 of size 3538944 next 83
2025-06-14 14:50:59.619508: I external/local_tsl/tsl/framework/bfc_allocator.cc:1095] InUse at 7f763a360000 of size 221184 next 152
2025-06-14 14:50:59.619896: I external/local_tsl/tsl/framework/bfc_allocator.cc:1095] InUse at 7f763a396000 of size 221184 next 106
2025-06-14 14:50:59.620271: I external/local_tsl/tsl/framework/bfc_allocator.cc:1095] InUse at 7f763a3cc000 of size 442368 next 100
2025-06-14 14:50:59.620639: I external/local_tsl/tsl/framework/bfc_allocator.cc:1095] InUse at 7f763a438000 of size 884736 next 90
2025-06-14 14:50:59.621052: I external/local_tsl/tsl/framework/bfc_allocator.cc:1095] InUse at 7f763a510000 of size 1769472 next 74
2025-06-14 14:50:59.621422: I external/local_tsl/tsl/framework/bfc_allocator.cc:1095] InUse at 7f763a6c0000 of size 7077888 next 72
2025-06-14 14:50:59.621760: I external/local_tsl/tsl/framework/bfc_allocator.cc:1095] InUse at 7f763ad80000 of size 7077888 next 187
2025-06-14 14:50:59.622183: I external/local_tsl/tsl/framework/bfc_allocator.cc:1095] InUse at 7f763b440000 of size 12320768 next 18446744073709551615
2025-06-14 14:50:59.622568: I external/local_tsl/tsl/framework/bfc_allocator.cc:1075] Next region of size 16777216
2025-06-14 14:50:59.623064: I external/local_tsl/tsl/framework/bfc_allocator.cc:1095] InUse at 7f7642000000 of size 1769472 next 173
2025-06-14 14:50:59.623423: I external/local_tsl/tsl/framework/bfc_allocator.cc:1095] InUse at 7f76421b0000 of size 1769472 next 64
2025-06-14 14:50:59.623818: I external/local_tsl/tsl/framework/bfc_allocator.cc:1095] InUse at 7f7642360000 of size 3538944 next 62
2025-06-14 14:50:59.624184: I external/local_tsl/tsl/framework/bfc_allocator.cc:1095] InUse at 7f76426c0000 of size 3538944 next 180
2025-06-14 14:50:59.624577: I external/local_tsl/tsl/framework/bfc_allocator.cc:1095] InUse at 7f7642a20000 of size 1048576 next 194
2025-06-14 14:50:59.624975: I external/local_tsl/tsl/framework/bfc_allocator.cc:1095] InUse at 7f7642b20000 of size 1048576 next 195
2025-06-14 14:50:59.625369: I external/local_tsl/tsl/framework/bfc_allocator.cc:1095] InUse at 7f7642c20000 of size 4063232 next 18446744073709551615
2025-06-14 14:50:59.625756: I external/local_tsl/tsl/framework/bfc_allocator.cc:1075] Next region of size 2097152
2025-06-14 14:50:59.626201: I external/local_tsl/tsl/framework/bfc_allocator.cc:1095] InUse at 7f76a0e00000 of size 1280 next 1
2025-06-14 14:50:59.626770: I external/local_tsl/tsl/framework/bfc_allocator.cc:1095] InUse at 7f76a0e00500 of size 256 next 2
2025-06-14 14:50:59.627283: I external/local_tsl/tsl/framework/bfc_allocator.cc:1095] InUse at 7f76a0e00600 of size 256 next 3
2025-06-14 14:50:59.627761: I external/local_tsl/tsl/framework/bfc_allocator.cc:1095] InUse at 7f76a0e00700 of size 256 next 5
2025-06-14 14:50:59.628222: I external/local_tsl/tsl/framework/bfc_allocator.cc:1095] InUse at 7f76a0e00800 of size 256 next 6
2025-06-14 14:50:59.628765: I external/local_tsl/tsl/framework/bfc_allocator.cc:1095] InUse at 7f76a0e00900 of size 256 next 4
2025-06-14 14:50:59.629210: I external/local_tsl/tsl/framework/bfc_allocator.cc:1095] InUse at 7f76a0e00a00 of size 256 next 7
2025-06-14 14:50:59.629710: I external/local_tsl/tsl/framework/bfc_allocator.cc:1095] InUse at 7f76a0e00b00 of size 256 next 10
2025-06-14 14:50:59.630163: I external/local_tsl/tsl/framework/bfc_allocator.cc:1095] InUse at 7f76a0e00c00 of size 256 next 277
2025-06-14 14:50:59.630613: I external/local_tsl/tsl/framework/bfc_allocator.cc:1095] InUse at 7f76a0e00d00 of size 256 next 12
2025-06-14 14:50:59.631099: I external/local_tsl/tsl/framework/bfc_allocator.cc:1095] InUse at 7f76a0e00e00 of size 256 next 13
2025-06-14 14:50:59.631542: I external/local_tsl/tsl/framework/bfc_allocator.cc:1095] InUse at 7f76a0e00f00 of size 256 next 14
2025-06-14 14:50:59.632031: I external/local_tsl/tsl/framework/bfc_allocator.cc:1095] InUse at 7f76a0e01000 of size 256 next 17
2025-06-14 14:50:59.632530: I external/local_tsl/tsl/framework/bfc_allocator.cc:1095] InUse at 7f76a0e01100 of size 256 next 15
2025-06-14 14:50:59.633042: I external/local_tsl/tsl/framework/bfc_allocator.cc:1095] InUse at 7f76a0e01200 of size 256 next 16
2025-06-14 14:50:59.633536: I external/local_tsl/tsl/framework/bfc_allocator.cc:1095] InUse at 7f76a0e01300 of size 256 next 285
2025-06-14 14:50:59.634020: I external/local_tsl/tsl/framework/bfc_allocator.cc:1095] InUse at 7f76a0e01400 of size 256 next 21
2025-06-14 14:50:59.634503: I external/local_tsl/tsl/framework/bfc_allocator.cc:1095] InUse at 7f76a0e01500 of size 256 next 22
2025-06-14 14:50:59.634979: I external/local_tsl/tsl/framework/bfc_allocator.cc:1095] InUse at 7f76a0e01600 of size 256 next 23
2025-06-14 14:50:59.635467: I external/local_tsl/tsl/framework/bfc_allocator.cc:1095] InUse at 7f76a0e01700 of size 256 next 24
2025-06-14 14:50:59.635930: I external/local_tsl/tsl/framework/bfc_allocator.cc:1095] InUse at 7f76a0e01800 of size 256 next 25
2025-06-14 14:50:59.636434: I external/local_tsl/tsl/framework/bfc_allocator.cc:1095] InUse at 7f76a0e01900 of size 256 next 28
2025-06-14 14:50:59.636923: I external/local_tsl/tsl/framework/bfc_allocator.cc:1095] InUse at 7f76a0e01a00 of size 256 next 289
2025-06-14 14:50:59.637463: I external/local_tsl/tsl/framework/bfc_allocator.cc:1095] InUse at 7f76a0e01b00 of size 256 next 30
2025-06-14 14:50:59.637963: I external/local_tsl/tsl/framework/bfc_allocator.cc:1095] InUse at 7f76a0e01c00 of size 256 next 31
2025-06-14 14:50:59.638497: I external/local_tsl/tsl/framework/bfc_allocator.cc:1095] InUse at 7f76a0e01d00 of size 256 next 32
2025-06-14 14:50:59.638974: I external/local_tsl/tsl/framework/bfc_allocator.cc:1095] InUse at 7f76a0e01e00 of size 256 next 35
2025-06-14 14:50:59.639454: I external/local_tsl/tsl/framework/bfc_allocator.cc:1095] InUse at 7f76a0e01f00 of size 256 next 33
2025-06-14 14:50:59.639983: I external/local_tsl/tsl/framework/bfc_allocator.cc:1095] InUse at 7f76a0e02000 of size 256 next 34
2025-06-14 14:50:59.640545: I external/local_tsl/tsl/framework/bfc_allocator.cc:1095] InUse at 7f76a0e02100 of size 512 next 39
2025-06-14 14:50:59.641080: I external/local_tsl/tsl/framework/bfc_allocator.cc:1095] InUse at 7f76a0e02300 of size 256 next 40
2025-06-14 14:50:59.641578: I external/local_tsl/tsl/framework/bfc_allocator.cc:1095] InUse at 7f76a0e02400 of size 256 next 41
2025-06-14 14:50:59.642107: I external/local_tsl/tsl/framework/bfc_allocator.cc:1095] InUse at 7f76a0e02500 of size 256 next 8
2025-06-14 14:50:59.642616: I external/local_tsl/tsl/framework/bfc_allocator.cc:1095] InUse at 7f76a0e02600 of size 3584 next 9
2025-06-14 14:50:59.643101: I external/local_tsl/tsl/framework/bfc_allocator.cc:1095] InUse at 7f76a0e03400 of size 512 next 42
2025-06-14 14:50:59.643510: I external/local_tsl/tsl/framework/bfc_allocator.cc:1095] InUse at 7f76a0e03600 of size 512 next 45
2025-06-14 14:50:59.643982: I external/local_tsl/tsl/framework/bfc_allocator.cc:1095] InUse at 7f76a0e03800 of size 512 next 46
2025-06-14 14:50:59.644566: I external/local_tsl/tsl/framework/bfc_allocator.cc:1095] InUse at 7f76a0e03a00 of size 512 next 297
2025-06-14 14:50:59.645072: I external/local_tsl/tsl/framework/bfc_allocator.cc:1095] InUse at 7f76a0e03c00 of size 512 next 48
2025-06-14 14:50:59.645660: I external/local_tsl/tsl/framework/bfc_allocator.cc:1095] InUse at 7f76a0e03e00 of size 256 next 49
2025-06-14 14:50:59.646174: I external/local_tsl/tsl/framework/bfc_allocator.cc:1095] InUse at 7f76a0e03f00 of size 512 next 50
2025-06-14 14:50:59.646701: I external/local_tsl/tsl/framework/bfc_allocator.cc:1095] InUse at 7f76a0e04100 of size 512 next 51
2025-06-14 14:50:59.647182: I external/local_tsl/tsl/framework/bfc_allocator.cc:1095] InUse at 7f76a0e04300 of size 512 next 55
2025-06-14 14:50:59.647731: I external/local_tsl/tsl/framework/bfc_allocator.cc:1095] InUse at 7f76a0e04500 of size 1024 next 57
2025-06-14 14:50:59.648184: I external/local_tsl/tsl/framework/bfc_allocator.cc:1095] InUse at 7f76a0e04900 of size 256 next 58
2025-06-14 14:50:59.648662: I external/local_tsl/tsl/framework/bfc_allocator.cc:1095] InUse at 7f76a0e04a00 of size 256 next 59
2025-06-14 14:50:59.649174: I external/local_tsl/tsl/framework/bfc_allocator.cc:1095] InUse at 7f76a0e04b00 of size 1024 next 60
2025-06-14 14:50:59.649627: I external/local_tsl/tsl/framework/bfc_allocator.cc:1095] InUse at 7f76a0e04f00 of size 1024 next 61
2025-06-14 14:50:59.650092: I external/local_tsl/tsl/framework/bfc_allocator.cc:1095] InUse at 7f76a0e05300 of size 1024 next 65
2025-06-14 14:50:59.650578: I external/local_tsl/tsl/framework/bfc_allocator.cc:1095] InUse at 7f76a0e05700 of size 1024 next 308
2025-06-14 14:50:59.651039: I external/local_tsl/tsl/framework/bfc_allocator.cc:1095] InUse at 7f76a0e05b00 of size 1024 next 67
2025-06-14 14:50:59.651484: I external/local_tsl/tsl/framework/bfc_allocator.cc:1095] InUse at 7f76a0e05f00 of size 256 next 68
2025-06-14 14:50:59.651980: I external/local_tsl/tsl/framework/bfc_allocator.cc:1095] InUse at 7f76a0e06000 of size 256 next 69
2025-06-14 14:50:59.652439: I external/local_tsl/tsl/framework/bfc_allocator.cc:1095] InUse at 7f76a0e06100 of size 1024 next 70
2025-06-14 14:50:59.652923: I external/local_tsl/tsl/framework/bfc_allocator.cc:1095] InUse at 7f76a0e06500 of size 1024 next 71
2025-06-14 14:50:59.653388: I external/local_tsl/tsl/framework/bfc_allocator.cc:1095] InUse at 7f76a0e06900 of size 1024 next 75
2025-06-14 14:50:59.653830: I external/local_tsl/tsl/framework/bfc_allocator.cc:1095] InUse at 7f76a0e06d00 of size 512 next 313
2025-06-14 14:50:59.654271: I external/local_tsl/tsl/framework/bfc_allocator.cc:1095] InUse at 7f76a0e06f00 of size 512 next 314
2025-06-14 14:50:59.654750: I external/local_tsl/tsl/framework/bfc_allocator.cc:1095] InUse at 7f76a0e07100 of size 512 next 315
2025-06-14 14:50:59.655248: I external/local_tsl/tsl/framework/bfc_allocator.cc:1095] InUse at 7f76a0e07300 of size 512 next 77
2025-06-14 14:50:59.655703: I external/local_tsl/tsl/framework/bfc_allocator.cc:1095] InUse at 7f76a0e07500 of size 256 next 78
2025-06-14 14:50:59.656206: I external/local_tsl/tsl/framework/bfc_allocator.cc:1095] InUse at 7f76a0e07600 of size 256 next 79
2025-06-14 14:50:59.656667: I external/local_tsl/tsl/framework/bfc_allocator.cc:1095] InUse at 7f76a0e07700 of size 512 next 80
2025-06-14 14:50:59.657119: I external/local_tsl/tsl/framework/bfc_allocator.cc:1095] InUse at 7f76a0e07900 of size 512 next 81
2025-06-14 14:50:59.657603: I external/local_tsl/tsl/framework/bfc_allocator.cc:1095] InUse at 7f76a0e07b00 of size 512 next 82
2025-06-14 14:50:59.658071: I external/local_tsl/tsl/framework/bfc_allocator.cc:1095] InUse at 7f76a0e07d00 of size 512 next 84
2025-06-14 14:50:59.658589: I external/local_tsl/tsl/framework/bfc_allocator.cc:1095] InUse at 7f76a0e07f00 of size 512 next 316
2025-06-14 14:50:59.659130: I external/local_tsl/tsl/framework/bfc_allocator.cc:1095] InUse at 7f76a0e08100 of size 512 next 86
2025-06-14 14:50:59.659590: I external/local_tsl/tsl/framework/bfc_allocator.cc:1095] InUse at 7f76a0e08300 of size 512 next 87
2025-06-14 14:50:59.660097: I external/local_tsl/tsl/framework/bfc_allocator.cc:1095] InUse at 7f76a0e08500 of size 512 next 88
2025-06-14 14:50:59.660550: I external/local_tsl/tsl/framework/bfc_allocator.cc:1095] InUse at 7f76a0e08700 of size 512 next 89
2025-06-14 14:50:59.661038: I external/local_tsl/tsl/framework/bfc_allocator.cc:1095] InUse at 7f76a0e08900 of size 256 next 321
2025-06-14 14:50:59.661535: I external/local_tsl/tsl/framework/bfc_allocator.cc:1095] InUse at 7f76a0e08a00 of size 256 next 323
2025-06-14 14:50:59.661998: I external/local_tsl/tsl/framework/bfc_allocator.cc:1095] InUse at 7f76a0e08b00 of size 256 next 324
2025-06-14 14:50:59.662464: I external/local_tsl/tsl/framework/bfc_allocator.cc:1095] InUse at 7f76a0e08c00 of size 256 next 92
2025-06-14 14:50:59.662941: I external/local_tsl/tsl/framework/bfc_allocator.cc:1095] InUse at 7f76a0e08d00 of size 256 next 93
2025-06-14 14:50:59.663384: I external/local_tsl/tsl/framework/bfc_allocator.cc:1095] InUse at 7f76a0e08e00 of size 256 next 94
2025-06-14 14:50:59.663862: I external/local_tsl/tsl/framework/bfc_allocator.cc:1095] InUse at 7f76a0e08f00 of size 256 next 97
2025-06-14 14:50:59.664355: I external/local_tsl/tsl/framework/bfc_allocator.cc:1095] InUse at 7f76a0e09000 of size 256 next 95
2025-06-14 14:50:59.664826: I external/local_tsl/tsl/framework/bfc_allocator.cc:1095] InUse at 7f76a0e09100 of size 256 next 96
2025-06-14 14:50:59.665291: I external/local_tsl/tsl/framework/bfc_allocator.cc:1095] InUse at 7f76a0e09200 of size 256 next 98
2025-06-14 14:50:59.665771: I external/local_tsl/tsl/framework/bfc_allocator.cc:1095] InUse at 7f76a0e09300 of size 256 next 101
2025-06-14 14:50:59.666234: I external/local_tsl/tsl/framework/bfc_allocator.cc:1095] InUse at 7f76a0e09400 of size 256 next 102
2025-06-14 14:50:59.666709: I external/local_tsl/tsl/framework/bfc_allocator.cc:1095] InUse at 7f76a0e09500 of size 256 next 103
2025-06-14 14:50:59.667240: I external/local_tsl/tsl/framework/bfc_allocator.cc:1095] InUse at 7f76a0e09600 of size 256 next 104
2025-06-14 14:50:59.667735: I external/local_tsl/tsl/framework/bfc_allocator.cc:1095] InUse at 7f76a0e09700 of size 256 next 105
2025-06-14 14:50:59.668265: I external/local_tsl/tsl/framework/bfc_allocator.cc:1095] Free  at 7f76a0e09800 of size 512 next 108
2025-06-14 14:50:59.668781: I external/local_tsl/tsl/framework/bfc_allocator.cc:1095] InUse at 7f76a0e09a00 of size 256 next 109
2025-06-14 14:50:59.669308: I external/local_tsl/tsl/framework/bfc_allocator.cc:1095] InUse at 7f76a0e09b00 of size 256 next 110
2025-06-14 14:50:59.669848: I external/local_tsl/tsl/framework/bfc_allocator.cc:1095] InUse at 7f76a0e09c00 of size 256 next 146
2025-06-14 14:50:59.670326: I external/local_tsl/tsl/framework/bfc_allocator.cc:1095] InUse at 7f76a0e09d00 of size 256 next 147
2025-06-14 14:50:59.670822: I external/local_tsl/tsl/framework/bfc_allocator.cc:1095] InUse at 7f76a0e09e00 of size 256 next 148
2025-06-14 14:50:59.671358: I external/local_tsl/tsl/framework/bfc_allocator.cc:1095] InUse at 7f76a0e09f00 of size 256 next 149
2025-06-14 14:50:59.671893: I external/local_tsl/tsl/framework/bfc_allocator.cc:1095] InUse at 7f76a0e0a000 of size 256 next 150
2025-06-14 14:50:59.672445: I external/local_tsl/tsl/framework/bfc_allocator.cc:1095] InUse at 7f76a0e0a100 of size 256 next 151
2025-06-14 14:50:59.672923: I external/local_tsl/tsl/framework/bfc_allocator.cc:1095] InUse at 7f76a0e0a200 of size 256 next 153
2025-06-14 14:50:59.673483: I external/local_tsl/tsl/framework/bfc_allocator.cc:1095] InUse at 7f76a0e0a300 of size 256 next 154
2025-06-14 14:50:59.673975: I external/local_tsl/tsl/framework/bfc_allocator.cc:1095] InUse at 7f76a0e0a400 of size 256 next 155
2025-06-14 14:50:59.674456: I external/local_tsl/tsl/framework/bfc_allocator.cc:1095] InUse at 7f76a0e0a500 of size 256 next 156
2025-06-14 14:50:59.674965: I external/local_tsl/tsl/framework/bfc_allocator.cc:1095] InUse at 7f76a0e0a600 of size 256 next 157
2025-06-14 14:50:59.675507: I external/local_tsl/tsl/framework/bfc_allocator.cc:1095] InUse at 7f76a0e0a700 of size 256 next 158
2025-06-14 14:50:59.675984: I external/local_tsl/tsl/framework/bfc_allocator.cc:1095] InUse at 7f76a0e0a800 of size 256 next 160
2025-06-14 14:50:59.676448: I external/local_tsl/tsl/framework/bfc_allocator.cc:1095] InUse at 7f76a0e0a900 of size 256 next 161
2025-06-14 14:50:59.676974: I external/local_tsl/tsl/framework/bfc_allocator.cc:1095] InUse at 7f76a0e0aa00 of size 256 next 162
2025-06-14 14:50:59.677504: I external/local_tsl/tsl/framework/bfc_allocator.cc:1095] InUse at 7f76a0e0ab00 of size 256 next 163
2025-06-14 14:50:59.678006: I external/local_tsl/tsl/framework/bfc_allocator.cc:1095] InUse at 7f76a0e0ac00 of size 256 next 164
2025-06-14 14:50:59.678513: I external/local_tsl/tsl/framework/bfc_allocator.cc:1095] InUse at 7f76a0e0ad00 of size 256 next 165
2025-06-14 14:50:59.679007: I external/local_tsl/tsl/framework/bfc_allocator.cc:1095] InUse at 7f76a0e0ae00 of size 512 next 167
2025-06-14 14:50:59.679462: I external/local_tsl/tsl/framework/bfc_allocator.cc:1095] InUse at 7f76a0e0b000 of size 512 next 168
2025-06-14 14:50:59.679950: I external/local_tsl/tsl/framework/bfc_allocator.cc:1095] InUse at 7f76a0e0b200 of size 512 next 169
2025-06-14 14:50:59.680432: I external/local_tsl/tsl/framework/bfc_allocator.cc:1095] InUse at 7f76a0e0b400 of size 512 next 170
2025-06-14 14:50:59.680898: I external/local_tsl/tsl/framework/bfc_allocator.cc:1095] InUse at 7f76a0e0b600 of size 512 next 171
2025-06-14 14:50:59.681353: I external/local_tsl/tsl/framework/bfc_allocator.cc:1095] InUse at 7f76a0e0b800 of size 512 next 172
2025-06-14 14:50:59.681869: I external/local_tsl/tsl/framework/bfc_allocator.cc:1095] InUse at 7f76a0e0ba00 of size 512 next 174
2025-06-14 14:50:59.682428: I external/local_tsl/tsl/framework/bfc_allocator.cc:1095] InUse at 7f76a0e0bc00 of size 512 next 175
2025-06-14 14:50:59.682876: I external/local_tsl/tsl/framework/bfc_allocator.cc:1095] InUse at 7f76a0e0be00 of size 512 next 176
2025-06-14 14:50:59.683378: I external/local_tsl/tsl/framework/bfc_allocator.cc:1095] InUse at 7f76a0e0c000 of size 512 next 177
2025-06-14 14:50:59.683870: I external/local_tsl/tsl/framework/bfc_allocator.cc:1095] InUse at 7f76a0e0c200 of size 512 next 178
2025-06-14 14:50:59.684361: I external/local_tsl/tsl/framework/bfc_allocator.cc:1095] InUse at 7f76a0e0c400 of size 512 next 179
2025-06-14 14:50:59.684845: I external/local_tsl/tsl/framework/bfc_allocator.cc:1095] InUse at 7f76a0e0c600 of size 1024 next 181
2025-06-14 14:50:59.685297: I external/local_tsl/tsl/framework/bfc_allocator.cc:1095] InUse at 7f76a0e0ca00 of size 1024 next 182
2025-06-14 14:50:59.685745: I external/local_tsl/tsl/framework/bfc_allocator.cc:1095] InUse at 7f76a0e0ce00 of size 1024 next 183
2025-06-14 14:50:59.686225: I external/local_tsl/tsl/framework/bfc_allocator.cc:1095] InUse at 7f76a0e0d200 of size 1024 next 184
2025-06-14 14:50:59.686682: I external/local_tsl/tsl/framework/bfc_allocator.cc:1095] InUse at 7f76a0e0d600 of size 1024 next 185
2025-06-14 14:50:59.687143: I external/local_tsl/tsl/framework/bfc_allocator.cc:1095] InUse at 7f76a0e0da00 of size 1024 next 186
2025-06-14 14:50:59.687622: I external/local_tsl/tsl/framework/bfc_allocator.cc:1095] InUse at 7f76a0e0de00 of size 1024 next 188
2025-06-14 14:50:59.688095: I external/local_tsl/tsl/framework/bfc_allocator.cc:1095] InUse at 7f76a0e0e200 of size 1024 next 189
2025-06-14 14:50:59.688533: I external/local_tsl/tsl/framework/bfc_allocator.cc:1095] InUse at 7f76a0e0e600 of size 1024 next 190
2025-06-14 14:50:59.689019: I external/local_tsl/tsl/framework/bfc_allocator.cc:1095] InUse at 7f76a0e0ea00 of size 1024 next 191
2025-06-14 14:50:59.689508: I external/local_tsl/tsl/framework/bfc_allocator.cc:1095] InUse at 7f76a0e0ee00 of size 1024 next 192
2025-06-14 14:50:59.689967: I external/local_tsl/tsl/framework/bfc_allocator.cc:1095] InUse at 7f76a0e0f200 of size 1024 next 193
2025-06-14 14:50:59.690490: I external/local_tsl/tsl/framework/bfc_allocator.cc:1095] InUse at 7f76a0e0f600 of size 512 next 196
2025-06-14 14:50:59.691082: I external/local_tsl/tsl/framework/bfc_allocator.cc:1095] InUse at 7f76a0e0f800 of size 512 next 197
2025-06-14 14:50:59.691601: I external/local_tsl/tsl/framework/bfc_allocator.cc:1095] InUse at 7f76a0e0fa00 of size 512 next 199
2025-06-14 14:50:59.692073: I external/local_tsl/tsl/framework/bfc_allocator.cc:1095] InUse at 7f76a0e0fc00 of size 512 next 200
2025-06-14 14:50:59.692531: I external/local_tsl/tsl/framework/bfc_allocator.cc:1095] InUse at 7f76a0e0fe00 of size 512 next 201
2025-06-14 14:50:59.692999: I external/local_tsl/tsl/framework/bfc_allocator.cc:1095] InUse at 7f76a0e10000 of size 512 next 202
2025-06-14 14:50:59.693456: I external/local_tsl/tsl/framework/bfc_allocator.cc:1095] InUse at 7f76a0e10200 of size 512 next 203
2025-06-14 14:50:59.693911: I external/local_tsl/tsl/framework/bfc_allocator.cc:1095] InUse at 7f76a0e10400 of size 512 next 204
2025-06-14 14:50:59.694357: I external/local_tsl/tsl/framework/bfc_allocator.cc:1095] InUse at 7f76a0e10600 of size 512 next 207
2025-06-14 14:50:59.694832: I external/local_tsl/tsl/framework/bfc_allocator.cc:1095] InUse at 7f76a0e10800 of size 512 next 208
2025-06-14 14:50:59.695266: I external/local_tsl/tsl/framework/bfc_allocator.cc:1095] InUse at 7f76a0e10a00 of size 512 next 209
2025-06-14 14:50:59.695735: I external/local_tsl/tsl/framework/bfc_allocator.cc:1095] InUse at 7f76a0e10c00 of size 512 next 210
2025-06-14 14:50:59.696247: I external/local_tsl/tsl/framework/bfc_allocator.cc:1095] InUse at 7f76a0e10e00 of size 512 next 211
2025-06-14 14:50:59.696705: I external/local_tsl/tsl/framework/bfc_allocator.cc:1095] InUse at 7f76a0e11000 of size 512 next 212
2025-06-14 14:50:59.697110: I external/local_tsl/tsl/framework/bfc_allocator.cc:1095] InUse at 7f76a0e11200 of size 256 next 215
2025-06-14 14:50:59.697513: I external/local_tsl/tsl/framework/bfc_allocator.cc:1095] InUse at 7f76a0e11300 of size 256 next 216
2025-06-14 14:50:59.697916: I external/local_tsl/tsl/framework/bfc_allocator.cc:1095] InUse at 7f76a0e11400 of size 256 next 219
2025-06-14 14:50:59.698410: I external/local_tsl/tsl/framework/bfc_allocator.cc:1095] InUse at 7f76a0e11500 of size 256 next 220
2025-06-14 14:50:59.698852: I external/local_tsl/tsl/framework/bfc_allocator.cc:1095] InUse at 7f76a0e11600 of size 256 next 221
2025-06-14 14:50:59.699336: I external/local_tsl/tsl/framework/bfc_allocator.cc:1095] InUse at 7f76a0e11700 of size 256 next 222
2025-06-14 14:50:59.699787: I external/local_tsl/tsl/framework/bfc_allocator.cc:1095] InUse at 7f76a0e11800 of size 256 next 223
2025-06-14 14:50:59.700279: I external/local_tsl/tsl/framework/bfc_allocator.cc:1095] InUse at 7f76a0e11900 of size 256 next 224
2025-06-14 14:50:59.700701: I external/local_tsl/tsl/framework/bfc_allocator.cc:1095] InUse at 7f76a0e11a00 of size 256 next 227
2025-06-14 14:50:59.701122: I external/local_tsl/tsl/framework/bfc_allocator.cc:1095] InUse at 7f76a0e11b00 of size 256 next 228
2025-06-14 14:50:59.701519: I external/local_tsl/tsl/framework/bfc_allocator.cc:1095] InUse at 7f76a0e11c00 of size 256 next 229
2025-06-14 14:50:59.701978: I external/local_tsl/tsl/framework/bfc_allocator.cc:1095] InUse at 7f76a0e11d00 of size 256 next 230
2025-06-14 14:50:59.702460: I external/local_tsl/tsl/framework/bfc_allocator.cc:1095] InUse at 7f76a0e11e00 of size 256 next 231
2025-06-14 14:50:59.702930: I external/local_tsl/tsl/framework/bfc_allocator.cc:1095] InUse at 7f76a0e11f00 of size 256 next 232
2025-06-14 14:50:59.703371: I external/local_tsl/tsl/framework/bfc_allocator.cc:1095] InUse at 7f76a0e12000 of size 65536 next 233
2025-06-14 14:50:59.703800: I external/local_tsl/tsl/framework/bfc_allocator.cc:1095] InUse at 7f76a0e22000 of size 95232 next 19
2025-06-14 14:50:59.704203: I external/local_tsl/tsl/framework/bfc_allocator.cc:1095] InUse at 7f76a0e39400 of size 110592 next 18
2025-06-14 14:50:59.704525: I external/local_tsl/tsl/framework/bfc_allocator.cc:1095] InUse at 7f76a0e54400 of size 65536 next 115
2025-06-14 14:50:59.704844: I external/local_tsl/tsl/framework/bfc_allocator.cc:1095] InUse at 7f76a0e64400 of size 256 next 112
2025-06-14 14:50:59.705296: I external/local_tsl/tsl/framework/bfc_allocator.cc:1095] InUse at 7f76a0e64500 of size 256 next 114
2025-06-14 14:50:59.705726: I external/local_tsl/tsl/framework/bfc_allocator.cc:1095] InUse at 7f76a0e64600 of size 256 next 113
2025-06-14 14:50:59.706145: I external/local_tsl/tsl/framework/bfc_allocator.cc:1095] InUse at 7f76a0e64700 of size 256 next 111
2025-06-14 14:50:59.706582: I external/local_tsl/tsl/framework/bfc_allocator.cc:1095] InUse at 7f76a0e64800 of size 256 next 117
2025-06-14 14:50:59.707130: I external/local_tsl/tsl/framework/bfc_allocator.cc:1095] InUse at 7f76a0e64900 of size 256 next 118
2025-06-14 14:50:59.707626: I external/local_tsl/tsl/framework/bfc_allocator.cc:1095] InUse at 7f76a0e64a00 of size 256 next 120
2025-06-14 14:50:59.708142: I external/local_tsl/tsl/framework/bfc_allocator.cc:1095] InUse at 7f76a0e64b00 of size 256 next 119
2025-06-14 14:50:59.708608: I external/local_tsl/tsl/framework/bfc_allocator.cc:1095] InUse at 7f76a0e64c00 of size 256 next 121
2025-06-14 14:50:59.709073: I external/local_tsl/tsl/framework/bfc_allocator.cc:1095] InUse at 7f76a0e64d00 of size 256 next 123
2025-06-14 14:50:59.709511: I external/local_tsl/tsl/framework/bfc_allocator.cc:1095] InUse at 7f76a0e64e00 of size 256 next 124
2025-06-14 14:50:59.709963: I external/local_tsl/tsl/framework/bfc_allocator.cc:1095] InUse at 7f76a0e64f00 of size 256 next 125
2025-06-14 14:50:59.710393: I external/local_tsl/tsl/framework/bfc_allocator.cc:1095] InUse at 7f76a0e65000 of size 256 next 126
2025-06-14 14:50:59.710836: I external/local_tsl/tsl/framework/bfc_allocator.cc:1095] InUse at 7f76a0e65100 of size 256 next 128
2025-06-14 14:50:59.711274: I external/local_tsl/tsl/framework/bfc_allocator.cc:1095] InUse at 7f76a0e65200 of size 256 next 127
2025-06-14 14:50:59.711823: I external/local_tsl/tsl/framework/bfc_allocator.cc:1095] InUse at 7f76a0e65300 of size 256 next 129
2025-06-14 14:50:59.712303: I external/local_tsl/tsl/framework/bfc_allocator.cc:1095] InUse at 7f76a0e65400 of size 256 next 130
2025-06-14 14:50:59.712802: I external/local_tsl/tsl/framework/bfc_allocator.cc:1095] InUse at 7f76a0e65500 of size 256 next 131
2025-06-14 14:50:59.713256: I external/local_tsl/tsl/framework/bfc_allocator.cc:1095] InUse at 7f76a0e65600 of size 256 next 132
2025-06-14 14:50:59.713709: I external/local_tsl/tsl/framework/bfc_allocator.cc:1095] InUse at 7f76a0e65700 of size 256 next 133
2025-06-14 14:50:59.714131: I external/local_tsl/tsl/framework/bfc_allocator.cc:1095] InUse at 7f76a0e65800 of size 256 next 137
2025-06-14 14:50:59.714577: I external/local_tsl/tsl/framework/bfc_allocator.cc:1095] InUse at 7f76a0e65900 of size 256 next 136
2025-06-14 14:50:59.714983: I external/local_tsl/tsl/framework/bfc_allocator.cc:1095] InUse at 7f76a0e65a00 of size 3584 next 138
2025-06-14 14:50:59.715443: I external/local_tsl/tsl/framework/bfc_allocator.cc:1095] InUse at 7f76a0e66800 of size 3584 next 139
2025-06-14 14:50:59.715875: I external/local_tsl/tsl/framework/bfc_allocator.cc:1095] InUse at 7f76a0e67600 of size 256 next 140
2025-06-14 14:50:59.716344: I external/local_tsl/tsl/framework/bfc_allocator.cc:1095] InUse at 7f76a0e67700 of size 256 next 141
2025-06-14 14:50:59.716787: I external/local_tsl/tsl/framework/bfc_allocator.cc:1095] InUse at 7f76a0e67800 of size 256 next 142
2025-06-14 14:50:59.717242: I external/local_tsl/tsl/framework/bfc_allocator.cc:1095] InUse at 7f76a0e67900 of size 256 next 143
2025-06-14 14:50:59.717651: I external/local_tsl/tsl/framework/bfc_allocator.cc:1095] InUse at 7f76a0e67a00 of size 256 next 144
2025-06-14 14:50:59.718139: I external/local_tsl/tsl/framework/bfc_allocator.cc:1095] InUse at 7f76a0e67b00 of size 256 next 145
2025-06-14 14:50:59.718588: I external/local_tsl/tsl/framework/bfc_allocator.cc:1095] InUse at 7f76a0e67c00 of size 141312 next 27
2025-06-14 14:50:59.718953: I external/local_tsl/tsl/framework/bfc_allocator.cc:1095] InUse at 7f76a0e8a400 of size 221184 next 26
2025-06-14 14:50:59.719292: I external/local_tsl/tsl/framework/bfc_allocator.cc:1095] InUse at 7f76a0ec0400 of size 442368 next 159
2025-06-14 14:50:59.719656: I external/local_tsl/tsl/framework/bfc_allocator.cc:1095] InUse at 7f76a0f2c400 of size 867328 next 18446744073709551615
2025-06-14 14:50:59.720034: I external/local_tsl/tsl/framework/bfc_allocator.cc:1075] Next region of size 4194304
2025-06-14 14:50:59.720456: I external/local_tsl/tsl/framework/bfc_allocator.cc:1095] InUse at 7f76a1400000 of size 442368 next 37
2025-06-14 14:50:59.720813: I external/local_tsl/tsl/framework/bfc_allocator.cc:1095] InUse at 7f76a146c000 of size 221184 next 116
2025-06-14 14:50:59.721181: I external/local_tsl/tsl/framework/bfc_allocator.cc:1095] InUse at 7f76a14a2000 of size 110592 next 122
2025-06-14 14:50:59.721518: I external/local_tsl/tsl/framework/bfc_allocator.cc:1095] InUse at 7f76a14bd000 of size 192512 next 99
2025-06-14 14:50:59.721879: I external/local_tsl/tsl/framework/bfc_allocator.cc:1095] InUse at 7f76a14ec000 of size 360448 next 44
2025-06-14 14:50:59.722233: I external/local_tsl/tsl/framework/bfc_allocator.cc:1095] InUse at 7f76a1544000 of size 884736 next 43
2025-06-14 14:50:59.722573: I external/local_tsl/tsl/framework/bfc_allocator.cc:1095] InUse at 7f76a161c000 of size 1982464 next 18446744073709551615
2025-06-14 14:50:59.722902: I external/local_tsl/tsl/framework/bfc_allocator.cc:1075] Next region of size 8388608
2025-06-14 14:50:59.723322: I external/local_tsl/tsl/framework/bfc_allocator.cc:1095] InUse at 7f76a1800000 of size 884736 next 166
2025-06-14 14:50:59.723745: I external/local_tsl/tsl/framework/bfc_allocator.cc:1095] InUse at 7f76a18d8000 of size 884736 next 54
2025-06-14 14:50:59.724158: I external/local_tsl/tsl/framework/bfc_allocator.cc:1095] InUse at 7f76a19b0000 of size 1769472 next 52
2025-06-14 14:50:59.724501: I external/local_tsl/tsl/framework/bfc_allocator.cc:1095] InUse at 7f76a1b60000 of size 4849664 next 18446744073709551615
2025-06-14 14:50:59.724850: I external/local_tsl/tsl/framework/bfc_allocator.cc:1100]      Summary of in-use Chunks by size: 
2025-06-14 14:50:59.725283: I external/local_tsl/tsl/framework/bfc_allocator.cc:1103] 155 Chunks of size 256 totalling 38.8KiB
2025-06-14 14:50:59.725726: I external/local_tsl/tsl/framework/bfc_allocator.cc:1103] 55 Chunks of size 512 totalling 27.5KiB
2025-06-14 14:50:59.726157: I external/local_tsl/tsl/framework/bfc_allocator.cc:1103] 26 Chunks of size 1024 totalling 26.0KiB
2025-06-14 14:50:59.726604: I external/local_tsl/tsl/framework/bfc_allocator.cc:1103] 1 Chunks of size 1280 totalling 1.2KiB
2025-06-14 14:50:59.727109: I external/local_tsl/tsl/framework/bfc_allocator.cc:1103] 3 Chunks of size 3584 totalling 10.5KiB
2025-06-14 14:50:59.727555: I external/local_tsl/tsl/framework/bfc_allocator.cc:1103] 2 Chunks of size 65536 totalling 128.0KiB
2025-06-14 14:50:59.727990: I external/local_tsl/tsl/framework/bfc_allocator.cc:1103] 1 Chunks of size 95232 totalling 93.0KiB
2025-06-14 14:50:59.728427: I external/local_tsl/tsl/framework/bfc_allocator.cc:1103] 4 Chunks of size 110592 totalling 432.0KiB
2025-06-14 14:50:59.728880: I external/local_tsl/tsl/framework/bfc_allocator.cc:1103] 1 Chunks of size 141312 totalling 138.0KiB
2025-06-14 14:50:59.729359: I external/local_tsl/tsl/framework/bfc_allocator.cc:1103] 1 Chunks of size 192512 totalling 188.0KiB
2025-06-14 14:50:59.729839: I external/local_tsl/tsl/framework/bfc_allocator.cc:1103] 6 Chunks of size 221184 totalling 1.27MiB
2025-06-14 14:50:59.730270: I external/local_tsl/tsl/framework/bfc_allocator.cc:1103] 2 Chunks of size 262144 totalling 512.0KiB
2025-06-14 14:50:59.730704: I external/local_tsl/tsl/framework/bfc_allocator.cc:1103] 1 Chunks of size 360448 totalling 352.0KiB
2025-06-14 14:50:59.731142: I external/local_tsl/tsl/framework/bfc_allocator.cc:1103] 5 Chunks of size 442368 totalling 2.11MiB
2025-06-14 14:50:59.731567: I external/local_tsl/tsl/framework/bfc_allocator.cc:1103] 1 Chunks of size 867328 totalling 847.0KiB
2025-06-14 14:50:59.731985: I external/local_tsl/tsl/framework/bfc_allocator.cc:1103] 6 Chunks of size 884736 totalling 5.06MiB
2025-06-14 14:50:59.732445: I external/local_tsl/tsl/framework/bfc_allocator.cc:1103] 2 Chunks of size 1048576 totalling 2.00MiB
2025-06-14 14:50:59.732843: I external/local_tsl/tsl/framework/bfc_allocator.cc:1103] 6 Chunks of size 1769472 totalling 10.12MiB
2025-06-14 14:50:59.733283: I external/local_tsl/tsl/framework/bfc_allocator.cc:1103] 1 Chunks of size 1982464 totalling 1.89MiB
2025-06-14 14:50:59.733748: I external/local_tsl/tsl/framework/bfc_allocator.cc:1103] 4 Chunks of size 3538944 totalling 13.50MiB
2025-06-14 14:50:59.734228: I external/local_tsl/tsl/framework/bfc_allocator.cc:1103] 1 Chunks of size 4063232 totalling 3.88MiB
2025-06-14 14:50:59.734657: I external/local_tsl/tsl/framework/bfc_allocator.cc:1103] 1 Chunks of size 4849664 totalling 4.62MiB
2025-06-14 14:50:59.735160: I external/local_tsl/tsl/framework/bfc_allocator.cc:1103] 2 Chunks of size 7077888 totalling 13.50MiB
2025-06-14 14:50:59.735635: I external/local_tsl/tsl/framework/bfc_allocator.cc:1103] 1 Chunks of size 12320768 totalling 11.75MiB
2025-06-14 14:50:59.736018: I external/local_tsl/tsl/framework/bfc_allocator.cc:1103] 2 Chunks of size 15138816 totalling 28.88MiB
2025-06-14 14:50:59.736402: I external/local_tsl/tsl/framework/bfc_allocator.cc:1103] 4 Chunks of size 30277632 totalling 115.50MiB
2025-06-14 14:50:59.736743: I external/local_tsl/tsl/framework/bfc_allocator.cc:1103] 2 Chunks of size 60555264 totalling 115.50MiB
2025-06-14 14:50:59.737074: I external/local_tsl/tsl/framework/bfc_allocator.cc:1103] 1 Chunks of size 73662464 totalling 70.25MiB
2025-06-14 14:50:59.737482: I external/local_tsl/tsl/framework/bfc_allocator.cc:1103] 1 Chunks of size 116654080 totalling 111.25MiB
2025-06-14 14:50:59.737823: I external/local_tsl/tsl/framework/bfc_allocator.cc:1103] 6 Chunks of size 121110528 totalling 693.00MiB
2025-06-14 14:50:59.738162: I external/local_tsl/tsl/framework/bfc_allocator.cc:1103] 2 Chunks of size 209715200 totalling 400.00MiB
2025-06-14 14:50:59.738554: I external/local_tsl/tsl/framework/bfc_allocator.cc:1103] 3 Chunks of size 242221056 totalling 693.00MiB
2025-06-14 14:50:59.738959: I external/local_tsl/tsl/framework/bfc_allocator.cc:1103] 8 Chunks of size 484442112 totalling 3.61GiB
2025-06-14 14:50:59.739330: I external/local_tsl/tsl/framework/bfc_allocator.cc:1103] 1 Chunks of size 968884224 totalling 924.00MiB
2025-06-14 14:50:59.739784: I external/local_tsl/tsl/framework/bfc_allocator.cc:1103] 6 Chunks of size 1937768448 totalling 10.83GiB
2025-06-14 14:50:59.740138: I external/local_tsl/tsl/framework/bfc_allocator.cc:1107] Sum Total of in-use chunks: 17.58GiB
2025-06-14 14:50:59.740634: I external/local_tsl/tsl/framework/bfc_allocator.cc:1109] Total bytes in pool: 23575789568 memory_limit_: 23575789568 available bytes: 0 curr_region_allocation_bytes_: 34359738368
2025-06-14 14:50:59.741025: I external/local_tsl/tsl/framework/bfc_allocator.cc:1114] Stats: 
Limit:                     23575789568
InUse:                     18882553856
MaxInUse:                  22800760320
NumAllocs:                         912
MaxAllocSize:               4135495424
Reserved:                            0
PeakReserved:                        0
LargestFreeBlock:                    0

2025-06-14 14:50:59.741390: W external/local_tsl/tsl/framework/bfc_allocator.cc:497] ________*********________************************************_**************************************
2025-06-14 14:50:59.741747: W tensorflow/core/framework/op_kernel.cc:1839] OP_REQUIRES failed at concat_op.cc:165 : RESOURCE_EXHAUSTED: OOM when allocating tensor with shape[2,64,192,224,176] and type float on /job:localhost/replica:0/task:0/device:GPU:0 by allocator GPU_0_bfc
Traceback (most recent call last):
  File "/mnt/beegfs/hellgate/home/rb194958e/stroke_segmentation_sota/batch_wise_train.py", line 277, in <module>
    if main():
       ^^^^^^
  File "/mnt/beegfs/hellgate/home/rb194958e/stroke_segmentation_sota/batch_wise_train.py", line 256, in main
    history = model.fit(
              ^^^^^^^^^^
  File "/mnt/beegfs/hellgate/home/rb194958e/.conda/envs/tf215_env/lib/python3.11/site-packages/keras/src/utils/traceback_utils.py", line 70, in error_handler
    raise e.with_traceback(filtered_tb) from None
  File "/mnt/beegfs/hellgate/home/rb194958e/.conda/envs/tf215_env/lib/python3.11/site-packages/tensorflow/python/eager/execute.py", line 53, in quick_execute
    tensors = pywrap_tfe.TFE_Py_Execute(ctx._handle, device_name, op_name,
  ^^^^^^^^^^^^^^^^^^^^^^^^^^^^^^^^^^^^^^^^^^^^^^^^^^^^^^^^^^^^^^^^^^^^^^^^
tensorflow.python.framework.errors_impl.ResourceExhaustedError: Graph execution error:

Detected at node model/concatenate_2/concat defined at (most recent call last):
  File "/mnt/beegfs/hellgate/home/rb194958e/stroke_segmentation_sota/batch_wise_train.py", line 277, in <module>

  File "/mnt/beegfs/hellgate/home/rb194958e/stroke_segmentation_sota/batch_wise_train.py", line 256, in main

  File "/mnt/beegfs/hellgate/home/rb194958e/.conda/envs/tf215_env/lib/python3.11/site-packages/keras/src/utils/traceback_utils.py", line 65, in error_handler

  File "/mnt/beegfs/hellgate/home/rb194958e/.conda/envs/tf215_env/lib/python3.11/site-packages/keras/src/engine/training.py", line 1807, in fit

  File "/mnt/beegfs/hellgate/home/rb194958e/.conda/envs/tf215_env/lib/python3.11/site-packages/keras/src/engine/training.py", line 1401, in train_function

  File "/mnt/beegfs/hellgate/home/rb194958e/.conda/envs/tf215_env/lib/python3.11/site-packages/keras/src/engine/training.py", line 1384, in step_function

  File "/mnt/beegfs/hellgate/home/rb194958e/.conda/envs/tf215_env/lib/python3.11/site-packages/keras/src/engine/training.py", line 1373, in run_step

  File "/mnt/beegfs/hellgate/home/rb194958e/.conda/envs/tf215_env/lib/python3.11/site-packages/keras/src/engine/training.py", line 1150, in train_step

  File "/mnt/beegfs/hellgate/home/rb194958e/.conda/envs/tf215_env/lib/python3.11/site-packages/keras/src/utils/traceback_utils.py", line 65, in error_handler

  File "/mnt/beegfs/hellgate/home/rb194958e/.conda/envs/tf215_env/lib/python3.11/site-packages/keras/src/engine/training.py", line 590, in __call__

  File "/mnt/beegfs/hellgate/home/rb194958e/.conda/envs/tf215_env/lib/python3.11/site-packages/keras/src/utils/traceback_utils.py", line 65, in error_handler

  File "/mnt/beegfs/hellgate/home/rb194958e/.conda/envs/tf215_env/lib/python3.11/site-packages/keras/src/engine/base_layer.py", line 1149, in __call__

  File "/mnt/beegfs/hellgate/home/rb194958e/.conda/envs/tf215_env/lib/python3.11/site-packages/keras/src/utils/traceback_utils.py", line 96, in error_handler

  File "/mnt/beegfs/hellgate/home/rb194958e/.conda/envs/tf215_env/lib/python3.11/site-packages/keras/src/engine/functional.py", line 515, in call

  File "/mnt/beegfs/hellgate/home/rb194958e/.conda/envs/tf215_env/lib/python3.11/site-packages/keras/src/engine/functional.py", line 672, in _run_internal_graph

  File "/mnt/beegfs/hellgate/home/rb194958e/.conda/envs/tf215_env/lib/python3.11/site-packages/keras/src/utils/traceback_utils.py", line 65, in error_handler

  File "/mnt/beegfs/hellgate/home/rb194958e/.conda/envs/tf215_env/lib/python3.11/site-packages/keras/src/engine/base_layer.py", line 1149, in __call__

  File "/mnt/beegfs/hellgate/home/rb194958e/.conda/envs/tf215_env/lib/python3.11/site-packages/keras/src/utils/traceback_utils.py", line 96, in error_handler

  File "/mnt/beegfs/hellgate/home/rb194958e/.conda/envs/tf215_env/lib/python3.11/site-packages/keras/src/layers/merging/base_merge.py", line 196, in call

  File "/mnt/beegfs/hellgate/home/rb194958e/.conda/envs/tf215_env/lib/python3.11/site-packages/keras/src/layers/merging/concatenate.py", line 134, in _merge_function

  File "/mnt/beegfs/hellgate/home/rb194958e/.conda/envs/tf215_env/lib/python3.11/site-packages/keras/src/backend.py", line 3580, in concatenate

OOM when allocating tensor with shape[2,64,192,224,176] and type float on /job:localhost/replica:0/task:0/device:GPU:0 by allocator GPU_0_bfc
	 [[{{node model/concatenate_2/concat}}]]
Hint: If you want to see a list of allocated tensors when OOM happens, add report_tensor_allocations_upon_oom to RunOptions for current allocation info. This isn't available when running in Eager mode.
 [Op:__inference_train_function_7309]
2025-06-14 14:50:59.902604: W tensorflow/core/kernels/data/generator_dataset_op.cc:108] Error occurred when finalizing GeneratorDataset iterator: FAILED_PRECONDITION: Python interpreter state is not initialized. The process may be terminated.
	 [[{{node PyFunc}}]]
/var/spool/slurmd/job1123808/slurm_script: line 320: EOF: command not found
/var/spool/slurmd/job1123808/slurm_script: line 330: unexpected EOF while looking for matching ``'
/var/spool/slurmd/job1123808/slurm_script: line 339: syntax error: unexpected end of file
