2025-06-14 17:33:33.140637: I tensorflow/core/util/port.cc:113] oneDNN custom operations are on. You may see slightly different numerical results due to floating-point round-off errors from different computation orders. To turn them off, set the environment variable `TF_ENABLE_ONEDNN_OPTS=0`.
2025-06-14 17:33:33.828533: E external/local_xla/xla/stream_executor/cuda/cuda_dnn.cc:9261] Unable to register cuDNN factory: Attempting to register factory for plugin cuDNN when one has already been registered
2025-06-14 17:33:33.829222: E external/local_xla/xla/stream_executor/cuda/cuda_fft.cc:607] Unable to register cuFFT factory: Attempting to register factory for plugin cuFFT when one has already been registered
2025-06-14 17:33:33.946282: E external/local_xla/xla/stream_executor/cuda/cuda_blas.cc:1515] Unable to register cuBLAS factory: Attempting to register factory for plugin cuBLAS when one has already been registered
2025-06-14 17:33:34.193097: I tensorflow/core/platform/cpu_feature_guard.cc:182] This TensorFlow binary is optimized to use available CPU instructions in performance-critical operations.
To enable the following instructions: AVX2 AVX512F AVX512_VNNI FMA, in other operations, rebuild TensorFlow with the appropriate compiler flags.
2025-06-14 17:33:40.861983: W tensorflow/compiler/tf2tensorrt/utils/py_utils.cc:38] TF-TRT Warning: Could not find TensorRT
INFO:__main__:🚀 Starting Stroke Lesion Segmentation Training
INFO:__main__:Using 1 GPU(s)
INFO:__main__:Creating data generators...
INFO:__main__:Found 655 valid image/mask pairs
INFO:__main__:Found 655 valid image/mask pairs
INFO:__main__:Training batches: 262
INFO:__main__:Validation batches: 65
INFO:__main__:Building model...
2025-06-14 17:33:55.284299: I tensorflow/core/common_runtime/gpu/gpu_device.cc:1929] Created device /job:localhost/replica:0/task:0/device:GPU:0 with 22483 MB memory:  -> device: 0, name: NVIDIA RTX 4500 Ada Generation, pci bus id: 0000:1c:00.0, compute capability: 8.9
INFO:__main__:Model parameters: 5,605,345
INFO:__main__:Starting training...
pixdim[0] (qfac) should be 1 (default) or -1; setting qfac to 1
INFO:nibabel.global:pixdim[0] (qfac) should be 1 (default) or -1; setting qfac to 1
pixdim[0] (qfac) should be 1 (default) or -1; setting qfac to 1
INFO:nibabel.global:pixdim[0] (qfac) should be 1 (default) or -1; setting qfac to 1
pixdim[0] (qfac) should be 1 (default) or -1; setting qfac to 1
INFO:nibabel.global:pixdim[0] (qfac) should be 1 (default) or -1; setting qfac to 1
pixdim[0] (qfac) should be 1 (default) or -1; setting qfac to 1
INFO:nibabel.global:pixdim[0] (qfac) should be 1 (default) or -1; setting qfac to 1
2025-06-14 17:34:02.830377: I external/local_xla/xla/stream_executor/cuda/cuda_dnn.cc:454] Loaded cuDNN version 8907
pixdim[0] (qfac) should be 1 (default) or -1; setting qfac to 1
INFO:nibabel.global:pixdim[0] (qfac) should be 1 (default) or -1; setting qfac to 1
pixdim[0] (qfac) should be 1 (default) or -1; setting qfac to 1
INFO:nibabel.global:pixdim[0] (qfac) should be 1 (default) or -1; setting qfac to 1
pixdim[0] (qfac) should be 1 (default) or -1; setting qfac to 1
INFO:nibabel.global:pixdim[0] (qfac) should be 1 (default) or -1; setting qfac to 1
pixdim[0] (qfac) should be 1 (default) or -1; setting qfac to 1
INFO:nibabel.global:pixdim[0] (qfac) should be 1 (default) or -1; setting qfac to 1
pixdim[0] (qfac) should be 1 (default) or -1; setting qfac to 1
INFO:nibabel.global:pixdim[0] (qfac) should be 1 (default) or -1; setting qfac to 1
2025-06-14 17:34:19.198934: W external/local_tsl/tsl/framework/bfc_allocator.cc:296] Allocator (GPU_0_bfc) ran out of memory trying to allocate 2.27GiB with freed_by_count=0. The caller indicates that this is not a failure, but this may mean that there could be performance gains if more memory were available.
2025-06-14 17:34:19.300755: W external/local_tsl/tsl/framework/bfc_allocator.cc:296] Allocator (GPU_0_bfc) ran out of memory trying to allocate 2.30GiB with freed_by_count=0. The caller indicates that this is not a failure, but this may mean that there could be performance gains if more memory were available.
2025-06-14 17:34:19.301856: W external/local_tsl/tsl/framework/bfc_allocator.cc:296] Allocator (GPU_0_bfc) ran out of memory trying to allocate 2.27GiB with freed_by_count=0. The caller indicates that this is not a failure, but this may mean that there could be performance gains if more memory were available.
2025-06-14 17:34:19.923605: W external/local_tsl/tsl/framework/bfc_allocator.cc:296] Allocator (GPU_0_bfc) ran out of memory trying to allocate 2.27GiB with freed_by_count=0. The caller indicates that this is not a failure, but this may mean that there could be performance gains if more memory were available.
2025-06-14 17:34:19.977113: W external/local_tsl/tsl/framework/bfc_allocator.cc:296] Allocator (GPU_0_bfc) ran out of memory trying to allocate 2.30GiB with freed_by_count=0. The caller indicates that this is not a failure, but this may mean that there could be performance gains if more memory were available.
2025-06-14 17:34:19.978082: W external/local_tsl/tsl/framework/bfc_allocator.cc:296] Allocator (GPU_0_bfc) ran out of memory trying to allocate 2.27GiB with freed_by_count=0. The caller indicates that this is not a failure, but this may mean that there could be performance gains if more memory were available.
2025-06-14 17:34:30.600738: W external/local_tsl/tsl/framework/bfc_allocator.cc:485] Allocator (GPU_0_bfc) ran out of memory trying to allocate 3.61GiB (rounded to 3875536896)requested by op model/concatenate_2/concat
If the cause is memory fragmentation maybe the environment variable 'TF_GPU_ALLOCATOR=cuda_malloc_async' will improve the situation. 
Current allocation summary follows.
Current allocation summary follows.
2025-06-14 17:34:30.601910: I external/local_tsl/tsl/framework/bfc_allocator.cc:1039] BFCAllocator dump for GPU_0_bfc
2025-06-14 17:34:30.602658: I external/local_tsl/tsl/framework/bfc_allocator.cc:1046] Bin (256): 	Total Chunks: 155, Chunks in use: 155. 38.8KiB allocated for chunks. 38.8KiB in use in bin. 20.7KiB client-requested in use in bin.
2025-06-14 17:34:30.603074: I external/local_tsl/tsl/framework/bfc_allocator.cc:1046] Bin (512): 	Total Chunks: 56, Chunks in use: 55. 28.2KiB allocated for chunks. 27.8KiB in use in bin. 27.5KiB client-requested in use in bin.
2025-06-14 17:34:30.603471: I external/local_tsl/tsl/framework/bfc_allocator.cc:1046] Bin (1024): 	Total Chunks: 27, Chunks in use: 27. 27.2KiB allocated for chunks. 27.2KiB in use in bin. 27.0KiB client-requested in use in bin.
2025-06-14 17:34:30.603814: I external/local_tsl/tsl/framework/bfc_allocator.cc:1046] Bin (2048): 	Total Chunks: 3, Chunks in use: 3. 10.5KiB allocated for chunks. 10.5KiB in use in bin. 10.1KiB client-requested in use in bin.
2025-06-14 17:34:30.604197: I external/local_tsl/tsl/framework/bfc_allocator.cc:1046] Bin (4096): 	Total Chunks: 0, Chunks in use: 0. 0B allocated for chunks. 0B in use in bin. 0B client-requested in use in bin.
2025-06-14 17:34:30.604586: I external/local_tsl/tsl/framework/bfc_allocator.cc:1046] Bin (8192): 	Total Chunks: 0, Chunks in use: 0. 0B allocated for chunks. 0B in use in bin. 0B client-requested in use in bin.
2025-06-14 17:34:30.604968: I external/local_tsl/tsl/framework/bfc_allocator.cc:1046] Bin (16384): 	Total Chunks: 0, Chunks in use: 0. 0B allocated for chunks. 0B in use in bin. 0B client-requested in use in bin.
2025-06-14 17:34:30.605321: I external/local_tsl/tsl/framework/bfc_allocator.cc:1046] Bin (32768): 	Total Chunks: 0, Chunks in use: 0. 0B allocated for chunks. 0B in use in bin. 0B client-requested in use in bin.
2025-06-14 17:34:30.605674: I external/local_tsl/tsl/framework/bfc_allocator.cc:1046] Bin (65536): 	Total Chunks: 7, Chunks in use: 7. 653.0KiB allocated for chunks. 653.0KiB in use in bin. 624.0KiB client-requested in use in bin.
2025-06-14 17:34:30.606027: I external/local_tsl/tsl/framework/bfc_allocator.cc:1046] Bin (131072): 	Total Chunks: 8, Chunks in use: 8. 1.58MiB allocated for chunks. 1.58MiB in use in bin. 1.48MiB client-requested in use in bin.
2025-06-14 17:34:30.606422: I external/local_tsl/tsl/framework/bfc_allocator.cc:1046] Bin (262144): 	Total Chunks: 8, Chunks in use: 8. 2.95MiB allocated for chunks. 2.95MiB in use in bin. 2.86MiB client-requested in use in bin.
2025-06-14 17:34:30.606795: I external/local_tsl/tsl/framework/bfc_allocator.cc:1046] Bin (524288): 	Total Chunks: 7, Chunks in use: 7. 5.89MiB allocated for chunks. 5.89MiB in use in bin. 5.48MiB client-requested in use in bin.
2025-06-14 17:34:30.607126: I external/local_tsl/tsl/framework/bfc_allocator.cc:1046] Bin (1048576): 	Total Chunks: 9, Chunks in use: 9. 14.02MiB allocated for chunks. 14.02MiB in use in bin. 13.12MiB client-requested in use in bin.
2025-06-14 17:34:30.607465: I external/local_tsl/tsl/framework/bfc_allocator.cc:1046] Bin (2097152): 	Total Chunks: 5, Chunks in use: 5. 17.38MiB allocated for chunks. 17.38MiB in use in bin. 16.88MiB client-requested in use in bin.
2025-06-14 17:34:30.607789: I external/local_tsl/tsl/framework/bfc_allocator.cc:1046] Bin (4194304): 	Total Chunks: 3, Chunks in use: 3. 18.12MiB allocated for chunks. 18.12MiB in use in bin. 16.88MiB client-requested in use in bin.
2025-06-14 17:34:30.608138: I external/local_tsl/tsl/framework/bfc_allocator.cc:1046] Bin (8388608): 	Total Chunks: 3, Chunks in use: 3. 40.62MiB allocated for chunks. 40.62MiB in use in bin. 35.62MiB client-requested in use in bin.
2025-06-14 17:34:30.608486: I external/local_tsl/tsl/framework/bfc_allocator.cc:1046] Bin (16777216): 	Total Chunks: 5, Chunks in use: 4. 140.19MiB allocated for chunks. 115.50MiB in use in bin. 115.50MiB client-requested in use in bin.
2025-06-14 17:34:30.608823: I external/local_tsl/tsl/framework/bfc_allocator.cc:1046] Bin (33554432): 	Total Chunks: 2, Chunks in use: 2. 115.50MiB allocated for chunks. 115.50MiB in use in bin. 115.50MiB client-requested in use in bin.
2025-06-14 17:34:30.609182: I external/local_tsl/tsl/framework/bfc_allocator.cc:1046] Bin (67108864): 	Total Chunks: 8, Chunks in use: 8. 874.50MiB allocated for chunks. 874.50MiB in use in bin. 808.50MiB client-requested in use in bin.
2025-06-14 17:34:30.609525: I external/local_tsl/tsl/framework/bfc_allocator.cc:1046] Bin (134217728): 	Total Chunks: 5, Chunks in use: 5. 1.07GiB allocated for chunks. 1.07GiB in use in bin. 924.00MiB client-requested in use in bin.
2025-06-14 17:34:30.609857: I external/local_tsl/tsl/framework/bfc_allocator.cc:1046] Bin (268435456): 	Total Chunks: 18, Chunks in use: 15. 19.69GiB allocated for chunks. 15.34GiB in use in bin. 15.34GiB client-requested in use in bin.
2025-06-14 17:34:30.610248: I external/local_tsl/tsl/framework/bfc_allocator.cc:1062] Bin for 3.61GiB was 256.00MiB, Chunk State: 
2025-06-14 17:34:30.610590: I external/local_tsl/tsl/framework/bfc_allocator.cc:1068]   Size: 453.50MiB | Requested Size: 16.00MiB | in_use: 0 | bin_num: 20, prev:   Size: 462.00MiB | Requested Size: 462.00MiB | in_use: 1 | bin_num: -1
2025-06-14 17:34:30.611012: I external/local_tsl/tsl/framework/bfc_allocator.cc:1068]   Size: 1.80GiB | Requested Size: 1.80GiB | in_use: 0 | bin_num: 20, next:   Size: 1.80GiB | Requested Size: 1.80GiB | in_use: 1 | bin_num: -1
2025-06-14 17:34:30.611501: I external/local_tsl/tsl/framework/bfc_allocator.cc:1068]   Size: 2.10GiB | Requested Size: 1.82GiB | in_use: 0 | bin_num: 20, prev:   Size: 1.80GiB | Requested Size: 1.80GiB | in_use: 1 | bin_num: -1
2025-06-14 17:34:30.611893: I external/local_tsl/tsl/framework/bfc_allocator.cc:1075] Next region of size 6129582080
2025-06-14 17:34:30.612328: I external/local_tsl/tsl/framework/bfc_allocator.cc:1095] Free  at 7f7c8a000000 of size 1937768448 next 107
2025-06-14 17:34:30.612660: I external/local_tsl/tsl/framework/bfc_allocator.cc:1095] InUse at 7f7cfd800000 of size 1937768448 next 329
2025-06-14 17:34:30.613031: I external/local_tsl/tsl/framework/bfc_allocator.cc:1095] Free  at 7f7d71000000 of size 2254045184 next 18446744073709551615
2025-06-14 17:34:30.613403: I external/local_tsl/tsl/framework/bfc_allocator.cc:1075] Next region of size 8589934592
2025-06-14 17:34:30.613823: I external/local_tsl/tsl/framework/bfc_allocator.cc:1095] InUse at 7f7e22000000 of size 1937768448 next 282
2025-06-14 17:34:30.614170: I external/local_tsl/tsl/framework/bfc_allocator.cc:1095] InUse at 7f7e95800000 of size 242221056 next 283
2025-06-14 17:34:30.614520: I external/local_tsl/tsl/framework/bfc_allocator.cc:1095] InUse at 7f7ea3f00000 of size 484442112 next 284
2025-06-14 17:34:30.614912: I external/local_tsl/tsl/framework/bfc_allocator.cc:1095] InUse at 7f7ec0d00000 of size 484442112 next 285
2025-06-14 17:34:30.615271: I external/local_tsl/tsl/framework/bfc_allocator.cc:1095] InUse at 7f7eddb00000 of size 484442112 next 29
2025-06-14 17:34:30.615603: I external/local_tsl/tsl/framework/bfc_allocator.cc:1095] InUse at 7f7efa900000 of size 484442112 next 289
2025-06-14 17:34:30.615949: I external/local_tsl/tsl/framework/bfc_allocator.cc:1095] InUse at 7f7f17700000 of size 484442112 next 293
2025-06-14 17:34:30.616329: I external/local_tsl/tsl/framework/bfc_allocator.cc:1095] InUse at 7f7f34500000 of size 121110528 next 47
2025-06-14 17:34:30.616683: I external/local_tsl/tsl/framework/bfc_allocator.cc:1095] InUse at 7f7f3b880000 of size 121110528 next 296
2025-06-14 17:34:30.617015: I external/local_tsl/tsl/framework/bfc_allocator.cc:1095] InUse at 7f7f42c00000 of size 121110528 next 300
2025-06-14 17:34:30.617401: I external/local_tsl/tsl/framework/bfc_allocator.cc:1095] InUse at 7f7f49f80000 of size 30277632 next 302
2025-06-14 17:34:30.617746: I external/local_tsl/tsl/framework/bfc_allocator.cc:1095] InUse at 7f7f4bc60000 of size 30277632 next 303
2025-06-14 17:34:30.618191: I external/local_tsl/tsl/framework/bfc_allocator.cc:1095] InUse at 7f7f4d940000 of size 30277632 next 66
2025-06-14 17:34:30.618546: I external/local_tsl/tsl/framework/bfc_allocator.cc:1095] InUse at 7f7f4f620000 of size 30277632 next 307
2025-06-14 17:34:30.618891: I external/local_tsl/tsl/framework/bfc_allocator.cc:1095] InUse at 7f7f51300000 of size 121110528 next 76
2025-06-14 17:34:30.619268: I external/local_tsl/tsl/framework/bfc_allocator.cc:1095] InUse at 7f7f58680000 of size 121110528 next 312
2025-06-14 17:34:30.619621: I external/local_tsl/tsl/framework/bfc_allocator.cc:1095] InUse at 7f7f5fa00000 of size 242221056 next 311
2025-06-14 17:34:30.619988: I external/local_tsl/tsl/framework/bfc_allocator.cc:1095] InUse at 7f7f6e100000 of size 121110528 next 85
2025-06-14 17:34:30.620329: I external/local_tsl/tsl/framework/bfc_allocator.cc:1095] InUse at 7f7f75480000 of size 484442112 next 325
2025-06-14 17:34:30.620666: I external/local_tsl/tsl/framework/bfc_allocator.cc:1095] InUse at 7f7f92280000 of size 484442112 next 320
2025-06-14 17:34:30.620993: I external/local_tsl/tsl/framework/bfc_allocator.cc:1095] InUse at 7f7faf080000 of size 968884224 next 319
2025-06-14 17:34:30.621380: I external/local_tsl/tsl/framework/bfc_allocator.cc:1095] InUse at 7f7fe8c80000 of size 484442112 next 91
2025-06-14 17:34:30.621729: I external/local_tsl/tsl/framework/bfc_allocator.cc:1095] Free  at 7f8005a80000 of size 475529216 next 18446744073709551615
2025-06-14 17:34:30.622077: I external/local_tsl/tsl/framework/bfc_allocator.cc:1075] Next region of size 4294967296
2025-06-14 17:34:30.622553: I external/local_tsl/tsl/framework/bfc_allocator.cc:1095] InUse at 7f803e000000 of size 1937768448 next 11
2025-06-14 17:34:30.622893: I external/local_tsl/tsl/framework/bfc_allocator.cc:1095] InUse at 7f80b1800000 of size 1937768448 next 277
2025-06-14 17:34:30.623252: I external/local_tsl/tsl/framework/bfc_allocator.cc:1095] InUse at 7f8125000000 of size 242221056 next 20
2025-06-14 17:34:30.623585: I external/local_tsl/tsl/framework/bfc_allocator.cc:1095] InUse at 7f8133700000 of size 60555264 next 38
2025-06-14 17:34:30.623960: I external/local_tsl/tsl/framework/bfc_allocator.cc:1095] InUse at 7f81370c0000 of size 116654080 next 18446744073709551615
2025-06-14 17:34:30.624303: I external/local_tsl/tsl/framework/bfc_allocator.cc:1075] Next region of size 2147483648
2025-06-14 17:34:30.624739: I external/local_tsl/tsl/framework/bfc_allocator.cc:1095] InUse at 7f816a000000 of size 1937768448 next 265
2025-06-14 17:34:30.625105: I external/local_tsl/tsl/framework/bfc_allocator.cc:1095] InUse at 7f81dd800000 of size 209715200 next 18446744073709551615
2025-06-14 17:34:30.625473: I external/local_tsl/tsl/framework/bfc_allocator.cc:1075] Next region of size 2147483648
2025-06-14 17:34:30.625880: I external/local_tsl/tsl/framework/bfc_allocator.cc:1095] InUse at 7f81f0000000 of size 1937768448 next 267
2025-06-14 17:34:30.626288: I external/local_tsl/tsl/framework/bfc_allocator.cc:1095] InUse at 7f8263800000 of size 209715200 next 18446744073709551615
2025-06-14 17:34:30.626660: I external/local_tsl/tsl/framework/bfc_allocator.cc:1075] Next region of size 134217728
2025-06-14 17:34:30.627137: I external/local_tsl/tsl/framework/bfc_allocator.cc:1095] InUse at 7f82fc000000 of size 60555264 next 264
2025-06-14 17:34:30.627517: I external/local_tsl/tsl/framework/bfc_allocator.cc:1095] InUse at 7f82ff9c0000 of size 73662464 next 18446744073709551615
2025-06-14 17:34:30.627903: I external/local_tsl/tsl/framework/bfc_allocator.cc:1075] Next region of size 67108864
2025-06-14 17:34:30.628379: I external/local_tsl/tsl/framework/bfc_allocator.cc:1095] InUse at 7f8304000000 of size 3538944 next 198
2025-06-14 17:34:30.628726: I external/local_tsl/tsl/framework/bfc_allocator.cc:1095] InUse at 7f8304360000 of size 1769472 next 205
2025-06-14 17:34:30.629069: I external/local_tsl/tsl/framework/bfc_allocator.cc:1095] InUse at 7f8304510000 of size 1769472 next 206
2025-06-14 17:34:30.629436: I external/local_tsl/tsl/framework/bfc_allocator.cc:1095] InUse at 7f83046c0000 of size 262144 next 213
2025-06-14 17:34:30.629806: I external/local_tsl/tsl/framework/bfc_allocator.cc:1095] InUse at 7f8304700000 of size 262144 next 214
2025-06-14 17:34:30.630136: I external/local_tsl/tsl/framework/bfc_allocator.cc:1095] InUse at 7f8304740000 of size 884736 next 217
2025-06-14 17:34:30.630478: I external/local_tsl/tsl/framework/bfc_allocator.cc:1095] InUse at 7f8304818000 of size 884736 next 218
2025-06-14 17:34:30.630828: I external/local_tsl/tsl/framework/bfc_allocator.cc:1095] InUse at 7f83048f0000 of size 442368 next 225
2025-06-14 17:34:30.631200: I external/local_tsl/tsl/framework/bfc_allocator.cc:1095] InUse at 7f830495c000 of size 442368 next 226
2025-06-14 17:34:30.631563: I external/local_tsl/tsl/framework/bfc_allocator.cc:1095] InUse at 7f83049c8000 of size 256 next 234
2025-06-14 17:34:30.631991: I external/local_tsl/tsl/framework/bfc_allocator.cc:1095] InUse at 7f83049c8100 of size 256 next 235
2025-06-14 17:34:30.632488: I external/local_tsl/tsl/framework/bfc_allocator.cc:1095] InUse at 7f83049c8200 of size 221184 next 236
2025-06-14 17:34:30.632882: I external/local_tsl/tsl/framework/bfc_allocator.cc:1095] InUse at 7f83049fe200 of size 221184 next 237
2025-06-14 17:34:30.633241: I external/local_tsl/tsl/framework/bfc_allocator.cc:1095] InUse at 7f8304a34200 of size 256 next 238
2025-06-14 17:34:30.633704: I external/local_tsl/tsl/framework/bfc_allocator.cc:1095] InUse at 7f8304a34300 of size 256 next 239
2025-06-14 17:34:30.634160: I external/local_tsl/tsl/framework/bfc_allocator.cc:1095] InUse at 7f8304a34400 of size 256 next 240
2025-06-14 17:34:30.634620: I external/local_tsl/tsl/framework/bfc_allocator.cc:1095] InUse at 7f8304a34500 of size 256 next 241
2025-06-14 17:34:30.635089: I external/local_tsl/tsl/framework/bfc_allocator.cc:1095] InUse at 7f8304a34600 of size 256 next 242
2025-06-14 17:34:30.635548: I external/local_tsl/tsl/framework/bfc_allocator.cc:1095] InUse at 7f8304a34700 of size 256 next 243
2025-06-14 17:34:30.636014: I external/local_tsl/tsl/framework/bfc_allocator.cc:1095] InUse at 7f8304a34800 of size 110592 next 244
2025-06-14 17:34:30.636394: I external/local_tsl/tsl/framework/bfc_allocator.cc:1095] InUse at 7f8304a4f800 of size 110592 next 245
2025-06-14 17:34:30.636757: I external/local_tsl/tsl/framework/bfc_allocator.cc:1095] InUse at 7f8304a6a800 of size 256 next 246
2025-06-14 17:34:30.637221: I external/local_tsl/tsl/framework/bfc_allocator.cc:1095] InUse at 7f8304a6a900 of size 256 next 247
2025-06-14 17:34:30.637671: I external/local_tsl/tsl/framework/bfc_allocator.cc:1095] InUse at 7f8304a6aa00 of size 256 next 248
2025-06-14 17:34:30.638086: I external/local_tsl/tsl/framework/bfc_allocator.cc:1095] InUse at 7f8304a6ab00 of size 256 next 249
2025-06-14 17:34:30.638523: I external/local_tsl/tsl/framework/bfc_allocator.cc:1095] InUse at 7f8304a6ac00 of size 256 next 250
2025-06-14 17:34:30.638940: I external/local_tsl/tsl/framework/bfc_allocator.cc:1095] InUse at 7f8304a6ad00 of size 256 next 251
2025-06-14 17:34:30.639378: I external/local_tsl/tsl/framework/bfc_allocator.cc:1095] InUse at 7f8304a6ae00 of size 256 next 252
2025-06-14 17:34:30.639800: I external/local_tsl/tsl/framework/bfc_allocator.cc:1095] InUse at 7f8304a6af00 of size 256 next 253
2025-06-14 17:34:30.640226: I external/local_tsl/tsl/framework/bfc_allocator.cc:1095] InUse at 7f8304a6b000 of size 256 next 254
2025-06-14 17:34:30.640638: I external/local_tsl/tsl/framework/bfc_allocator.cc:1095] InUse at 7f8304a6b100 of size 256 next 255
2025-06-14 17:34:30.641090: I external/local_tsl/tsl/framework/bfc_allocator.cc:1095] InUse at 7f8304a6b200 of size 256 next 256
2025-06-14 17:34:30.641533: I external/local_tsl/tsl/framework/bfc_allocator.cc:1095] InUse at 7f8304a6b300 of size 256 next 257
2025-06-14 17:34:30.641951: I external/local_tsl/tsl/framework/bfc_allocator.cc:1095] InUse at 7f8304a6b400 of size 256 next 258
2025-06-14 17:34:30.642401: I external/local_tsl/tsl/framework/bfc_allocator.cc:1095] InUse at 7f8304a6b500 of size 256 next 259
2025-06-14 17:34:30.642835: I external/local_tsl/tsl/framework/bfc_allocator.cc:1095] InUse at 7f8304a6b600 of size 256 next 260
2025-06-14 17:34:30.643294: I external/local_tsl/tsl/framework/bfc_allocator.cc:1095] InUse at 7f8304a6b700 of size 256 next 261
2025-06-14 17:34:30.643737: I external/local_tsl/tsl/framework/bfc_allocator.cc:1095] InUse at 7f8304a6b800 of size 256 next 262
2025-06-14 17:34:30.644161: I external/local_tsl/tsl/framework/bfc_allocator.cc:1095] InUse at 7f8304a6b900 of size 256 next 263
2025-06-14 17:34:30.644610: I external/local_tsl/tsl/framework/bfc_allocator.cc:1095] InUse at 7f8304a6ba00 of size 256 next 272
2025-06-14 17:34:30.645040: I external/local_tsl/tsl/framework/bfc_allocator.cc:1095] InUse at 7f8304a6bb00 of size 256 next 274
2025-06-14 17:34:30.645501: I external/local_tsl/tsl/framework/bfc_allocator.cc:1095] InUse at 7f8304a6bc00 of size 256 next 275
2025-06-14 17:34:30.645924: I external/local_tsl/tsl/framework/bfc_allocator.cc:1095] InUse at 7f8304a6bd00 of size 256 next 276
2025-06-14 17:34:30.646339: I external/local_tsl/tsl/framework/bfc_allocator.cc:1095] InUse at 7f8304a6be00 of size 256 next 280
2025-06-14 17:34:30.646762: I external/local_tsl/tsl/framework/bfc_allocator.cc:1095] InUse at 7f8304a6bf00 of size 256 next 281
2025-06-14 17:34:30.647231: I external/local_tsl/tsl/framework/bfc_allocator.cc:1095] InUse at 7f8304a6c000 of size 256 next 287
2025-06-14 17:34:30.647654: I external/local_tsl/tsl/framework/bfc_allocator.cc:1095] InUse at 7f8304a6c100 of size 256 next 288
2025-06-14 17:34:30.648083: I external/local_tsl/tsl/framework/bfc_allocator.cc:1095] InUse at 7f8304a6c200 of size 256 next 291
2025-06-14 17:34:30.648555: I external/local_tsl/tsl/framework/bfc_allocator.cc:1095] InUse at 7f8304a6c300 of size 256 next 292
2025-06-14 17:34:30.648994: I external/local_tsl/tsl/framework/bfc_allocator.cc:1095] InUse at 7f8304a6c400 of size 512 next 294
2025-06-14 17:34:30.649442: I external/local_tsl/tsl/framework/bfc_allocator.cc:1095] InUse at 7f8304a6c600 of size 768 next 268
2025-06-14 17:34:30.649864: I external/local_tsl/tsl/framework/bfc_allocator.cc:1095] InUse at 7f8304a6c900 of size 256 next 269
2025-06-14 17:34:30.650296: I external/local_tsl/tsl/framework/bfc_allocator.cc:1095] InUse at 7f8304a6ca00 of size 256 next 270
2025-06-14 17:34:30.650742: I external/local_tsl/tsl/framework/bfc_allocator.cc:1095] InUse at 7f8304a6cb00 of size 512 next 295
2025-06-14 17:34:30.651155: I external/local_tsl/tsl/framework/bfc_allocator.cc:1095] InUse at 7f8304a6cd00 of size 512 next 298
2025-06-14 17:34:30.651642: I external/local_tsl/tsl/framework/bfc_allocator.cc:1095] InUse at 7f8304a6cf00 of size 512 next 299
2025-06-14 17:34:30.652101: I external/local_tsl/tsl/framework/bfc_allocator.cc:1095] InUse at 7f8304a6d100 of size 15138816 next 56
2025-06-14 17:34:30.652487: I external/local_tsl/tsl/framework/bfc_allocator.cc:1095] InUse at 7f83058dd100 of size 15138816 next 301
2025-06-14 17:34:30.652844: I external/local_tsl/tsl/framework/bfc_allocator.cc:1095] InUse at 7f830674d100 of size 1024 next 304
2025-06-14 17:34:30.653349: I external/local_tsl/tsl/framework/bfc_allocator.cc:1095] InUse at 7f830674d500 of size 1024 next 305
2025-06-14 17:34:30.653792: I external/local_tsl/tsl/framework/bfc_allocator.cc:1095] InUse at 7f830674d900 of size 1024 next 306
2025-06-14 17:34:30.654263: I external/local_tsl/tsl/framework/bfc_allocator.cc:1095] InUse at 7f830674dd00 of size 1024 next 309
2025-06-14 17:34:30.654700: I external/local_tsl/tsl/framework/bfc_allocator.cc:1095] InUse at 7f830674e100 of size 1024 next 310
2025-06-14 17:34:30.655184: I external/local_tsl/tsl/framework/bfc_allocator.cc:1095] InUse at 7f830674e500 of size 512 next 317
2025-06-14 17:34:30.655636: I external/local_tsl/tsl/framework/bfc_allocator.cc:1095] InUse at 7f830674e700 of size 512 next 318
2025-06-14 17:34:30.656078: I external/local_tsl/tsl/framework/bfc_allocator.cc:1095] InUse at 7f830674e900 of size 256 next 326
2025-06-14 17:34:30.656518: I external/local_tsl/tsl/framework/bfc_allocator.cc:1095] InUse at 7f830674ea00 of size 256 next 327
2025-06-14 17:34:30.656967: I external/local_tsl/tsl/framework/bfc_allocator.cc:1095] Free  at 7f830674eb00 of size 25892096 next 18446744073709551615
2025-06-14 17:34:30.657340: I external/local_tsl/tsl/framework/bfc_allocator.cc:1075] Next region of size 33554432
2025-06-14 17:34:30.657783: I external/local_tsl/tsl/framework/bfc_allocator.cc:1095] InUse at 7f831c000000 of size 3538944 next 83
2025-06-14 17:34:30.658093: I external/local_tsl/tsl/framework/bfc_allocator.cc:1095] InUse at 7f831c360000 of size 221184 next 152
2025-06-14 17:34:30.658463: I external/local_tsl/tsl/framework/bfc_allocator.cc:1095] InUse at 7f831c396000 of size 221184 next 106
2025-06-14 17:34:30.658829: I external/local_tsl/tsl/framework/bfc_allocator.cc:1095] InUse at 7f831c3cc000 of size 442368 next 100
2025-06-14 17:34:30.659181: I external/local_tsl/tsl/framework/bfc_allocator.cc:1095] InUse at 7f831c438000 of size 884736 next 90
2025-06-14 17:34:30.659535: I external/local_tsl/tsl/framework/bfc_allocator.cc:1095] InUse at 7f831c510000 of size 1769472 next 74
2025-06-14 17:34:30.659929: I external/local_tsl/tsl/framework/bfc_allocator.cc:1095] InUse at 7f831c6c0000 of size 7077888 next 72
2025-06-14 17:34:30.660296: I external/local_tsl/tsl/framework/bfc_allocator.cc:1095] InUse at 7f831cd80000 of size 7077888 next 187
2025-06-14 17:34:30.660635: I external/local_tsl/tsl/framework/bfc_allocator.cc:1095] InUse at 7f831d440000 of size 12320768 next 18446744073709551615
2025-06-14 17:34:30.661030: I external/local_tsl/tsl/framework/bfc_allocator.cc:1075] Next region of size 16777216
2025-06-14 17:34:30.661499: I external/local_tsl/tsl/framework/bfc_allocator.cc:1095] InUse at 7f831e000000 of size 1769472 next 173
2025-06-14 17:34:30.661858: I external/local_tsl/tsl/framework/bfc_allocator.cc:1095] InUse at 7f831e1b0000 of size 1769472 next 64
2025-06-14 17:34:30.662242: I external/local_tsl/tsl/framework/bfc_allocator.cc:1095] InUse at 7f831e360000 of size 3538944 next 62
2025-06-14 17:34:30.662599: I external/local_tsl/tsl/framework/bfc_allocator.cc:1095] InUse at 7f831e6c0000 of size 3538944 next 180
2025-06-14 17:34:30.662974: I external/local_tsl/tsl/framework/bfc_allocator.cc:1095] InUse at 7f831ea20000 of size 1048576 next 194
2025-06-14 17:34:30.663339: I external/local_tsl/tsl/framework/bfc_allocator.cc:1095] InUse at 7f831eb20000 of size 1048576 next 195
2025-06-14 17:34:30.663689: I external/local_tsl/tsl/framework/bfc_allocator.cc:1095] InUse at 7f831ec20000 of size 4063232 next 18446744073709551615
2025-06-14 17:34:30.664067: I external/local_tsl/tsl/framework/bfc_allocator.cc:1075] Next region of size 2097152
2025-06-14 17:34:30.664532: I external/local_tsl/tsl/framework/bfc_allocator.cc:1095] InUse at 7f8384e00000 of size 1280 next 1
2025-06-14 17:34:30.664972: I external/local_tsl/tsl/framework/bfc_allocator.cc:1095] InUse at 7f8384e00500 of size 256 next 2
2025-06-14 17:34:30.665394: I external/local_tsl/tsl/framework/bfc_allocator.cc:1095] InUse at 7f8384e00600 of size 256 next 3
2025-06-14 17:34:30.665806: I external/local_tsl/tsl/framework/bfc_allocator.cc:1095] InUse at 7f8384e00700 of size 256 next 5
2025-06-14 17:34:30.666236: I external/local_tsl/tsl/framework/bfc_allocator.cc:1095] InUse at 7f8384e00800 of size 256 next 6
2025-06-14 17:34:30.666661: I external/local_tsl/tsl/framework/bfc_allocator.cc:1095] InUse at 7f8384e00900 of size 256 next 4
2025-06-14 17:34:30.667075: I external/local_tsl/tsl/framework/bfc_allocator.cc:1095] InUse at 7f8384e00a00 of size 256 next 7
2025-06-14 17:34:30.667501: I external/local_tsl/tsl/framework/bfc_allocator.cc:1095] InUse at 7f8384e00b00 of size 256 next 10
2025-06-14 17:34:30.667961: I external/local_tsl/tsl/framework/bfc_allocator.cc:1095] InUse at 7f8384e00c00 of size 256 next 278
2025-06-14 17:34:30.668389: I external/local_tsl/tsl/framework/bfc_allocator.cc:1095] InUse at 7f8384e00d00 of size 256 next 12
2025-06-14 17:34:30.668802: I external/local_tsl/tsl/framework/bfc_allocator.cc:1095] InUse at 7f8384e00e00 of size 256 next 13
2025-06-14 17:34:30.669251: I external/local_tsl/tsl/framework/bfc_allocator.cc:1095] InUse at 7f8384e00f00 of size 256 next 14
2025-06-14 17:34:30.669671: I external/local_tsl/tsl/framework/bfc_allocator.cc:1095] InUse at 7f8384e01000 of size 256 next 17
2025-06-14 17:34:30.670146: I external/local_tsl/tsl/framework/bfc_allocator.cc:1095] InUse at 7f8384e01100 of size 256 next 15
2025-06-14 17:34:30.670591: I external/local_tsl/tsl/framework/bfc_allocator.cc:1095] InUse at 7f8384e01200 of size 256 next 16
2025-06-14 17:34:30.671009: I external/local_tsl/tsl/framework/bfc_allocator.cc:1095] InUse at 7f8384e01300 of size 256 next 286
2025-06-14 17:34:30.671470: I external/local_tsl/tsl/framework/bfc_allocator.cc:1095] InUse at 7f8384e01400 of size 256 next 21
2025-06-14 17:34:30.671923: I external/local_tsl/tsl/framework/bfc_allocator.cc:1095] InUse at 7f8384e01500 of size 256 next 22
2025-06-14 17:34:30.672368: I external/local_tsl/tsl/framework/bfc_allocator.cc:1095] InUse at 7f8384e01600 of size 256 next 23
2025-06-14 17:34:30.672799: I external/local_tsl/tsl/framework/bfc_allocator.cc:1095] InUse at 7f8384e01700 of size 256 next 24
2025-06-14 17:34:30.673261: I external/local_tsl/tsl/framework/bfc_allocator.cc:1095] InUse at 7f8384e01800 of size 256 next 25
2025-06-14 17:34:30.673675: I external/local_tsl/tsl/framework/bfc_allocator.cc:1095] InUse at 7f8384e01900 of size 256 next 28
2025-06-14 17:34:30.674137: I external/local_tsl/tsl/framework/bfc_allocator.cc:1095] InUse at 7f8384e01a00 of size 256 next 290
2025-06-14 17:34:30.674574: I external/local_tsl/tsl/framework/bfc_allocator.cc:1095] InUse at 7f8384e01b00 of size 256 next 30
2025-06-14 17:34:30.675007: I external/local_tsl/tsl/framework/bfc_allocator.cc:1095] InUse at 7f8384e01c00 of size 256 next 31
2025-06-14 17:34:30.675475: I external/local_tsl/tsl/framework/bfc_allocator.cc:1095] InUse at 7f8384e01d00 of size 256 next 32
2025-06-14 17:34:30.675905: I external/local_tsl/tsl/framework/bfc_allocator.cc:1095] InUse at 7f8384e01e00 of size 256 next 35
2025-06-14 17:34:30.676344: I external/local_tsl/tsl/framework/bfc_allocator.cc:1095] InUse at 7f8384e01f00 of size 256 next 33
2025-06-14 17:34:30.676773: I external/local_tsl/tsl/framework/bfc_allocator.cc:1095] InUse at 7f8384e02000 of size 256 next 34
2025-06-14 17:34:30.677213: I external/local_tsl/tsl/framework/bfc_allocator.cc:1095] InUse at 7f8384e02100 of size 512 next 39
2025-06-14 17:34:30.677651: I external/local_tsl/tsl/framework/bfc_allocator.cc:1095] InUse at 7f8384e02300 of size 256 next 40
2025-06-14 17:34:30.678083: I external/local_tsl/tsl/framework/bfc_allocator.cc:1095] InUse at 7f8384e02400 of size 256 next 41
2025-06-14 17:34:30.678515: I external/local_tsl/tsl/framework/bfc_allocator.cc:1095] InUse at 7f8384e02500 of size 256 next 8
2025-06-14 17:34:30.678959: I external/local_tsl/tsl/framework/bfc_allocator.cc:1095] InUse at 7f8384e02600 of size 3584 next 9
2025-06-14 17:34:30.679405: I external/local_tsl/tsl/framework/bfc_allocator.cc:1095] InUse at 7f8384e03400 of size 512 next 42
2025-06-14 17:34:30.679852: I external/local_tsl/tsl/framework/bfc_allocator.cc:1095] InUse at 7f8384e03600 of size 512 next 45
2025-06-14 17:34:30.680339: I external/local_tsl/tsl/framework/bfc_allocator.cc:1095] InUse at 7f8384e03800 of size 512 next 46
2025-06-14 17:34:30.680783: I external/local_tsl/tsl/framework/bfc_allocator.cc:1095] InUse at 7f8384e03a00 of size 512 next 297
2025-06-14 17:34:30.681247: I external/local_tsl/tsl/framework/bfc_allocator.cc:1095] InUse at 7f8384e03c00 of size 512 next 48
2025-06-14 17:34:30.681713: I external/local_tsl/tsl/framework/bfc_allocator.cc:1095] InUse at 7f8384e03e00 of size 256 next 49
2025-06-14 17:34:30.682187: I external/local_tsl/tsl/framework/bfc_allocator.cc:1095] InUse at 7f8384e03f00 of size 512 next 50
2025-06-14 17:34:30.682650: I external/local_tsl/tsl/framework/bfc_allocator.cc:1095] InUse at 7f8384e04100 of size 512 next 51
2025-06-14 17:34:30.683090: I external/local_tsl/tsl/framework/bfc_allocator.cc:1095] InUse at 7f8384e04300 of size 512 next 55
2025-06-14 17:34:30.683535: I external/local_tsl/tsl/framework/bfc_allocator.cc:1095] InUse at 7f8384e04500 of size 1024 next 57
2025-06-14 17:34:30.683988: I external/local_tsl/tsl/framework/bfc_allocator.cc:1095] InUse at 7f8384e04900 of size 256 next 58
2025-06-14 17:34:30.684454: I external/local_tsl/tsl/framework/bfc_allocator.cc:1095] InUse at 7f8384e04a00 of size 256 next 59
2025-06-14 17:34:30.684888: I external/local_tsl/tsl/framework/bfc_allocator.cc:1095] InUse at 7f8384e04b00 of size 1024 next 60
2025-06-14 17:34:30.685338: I external/local_tsl/tsl/framework/bfc_allocator.cc:1095] InUse at 7f8384e04f00 of size 1024 next 61
2025-06-14 17:34:30.685793: I external/local_tsl/tsl/framework/bfc_allocator.cc:1095] InUse at 7f8384e05300 of size 1024 next 65
2025-06-14 17:34:30.686240: I external/local_tsl/tsl/framework/bfc_allocator.cc:1095] InUse at 7f8384e05700 of size 1024 next 308
2025-06-14 17:34:30.686674: I external/local_tsl/tsl/framework/bfc_allocator.cc:1095] InUse at 7f8384e05b00 of size 1024 next 67
2025-06-14 17:34:30.687117: I external/local_tsl/tsl/framework/bfc_allocator.cc:1095] InUse at 7f8384e05f00 of size 256 next 68
2025-06-14 17:34:30.687598: I external/local_tsl/tsl/framework/bfc_allocator.cc:1095] InUse at 7f8384e06000 of size 256 next 69
2025-06-14 17:34:30.688051: I external/local_tsl/tsl/framework/bfc_allocator.cc:1095] InUse at 7f8384e06100 of size 1024 next 70
2025-06-14 17:34:30.688501: I external/local_tsl/tsl/framework/bfc_allocator.cc:1095] InUse at 7f8384e06500 of size 1024 next 71
2025-06-14 17:34:30.688974: I external/local_tsl/tsl/framework/bfc_allocator.cc:1095] InUse at 7f8384e06900 of size 1024 next 75
2025-06-14 17:34:30.689433: I external/local_tsl/tsl/framework/bfc_allocator.cc:1095] InUse at 7f8384e06d00 of size 512 next 313
2025-06-14 17:34:30.689890: I external/local_tsl/tsl/framework/bfc_allocator.cc:1095] InUse at 7f8384e06f00 of size 512 next 314
2025-06-14 17:34:30.690358: I external/local_tsl/tsl/framework/bfc_allocator.cc:1095] InUse at 7f8384e07100 of size 512 next 315
2025-06-14 17:34:30.690814: I external/local_tsl/tsl/framework/bfc_allocator.cc:1095] InUse at 7f8384e07300 of size 512 next 77
2025-06-14 17:34:30.691278: I external/local_tsl/tsl/framework/bfc_allocator.cc:1095] InUse at 7f8384e07500 of size 256 next 78
2025-06-14 17:34:30.691722: I external/local_tsl/tsl/framework/bfc_allocator.cc:1095] InUse at 7f8384e07600 of size 256 next 79
2025-06-14 17:34:30.692158: I external/local_tsl/tsl/framework/bfc_allocator.cc:1095] InUse at 7f8384e07700 of size 512 next 80
2025-06-14 17:34:30.692640: I external/local_tsl/tsl/framework/bfc_allocator.cc:1095] InUse at 7f8384e07900 of size 512 next 81
2025-06-14 17:34:30.693131: I external/local_tsl/tsl/framework/bfc_allocator.cc:1095] InUse at 7f8384e07b00 of size 512 next 82
2025-06-14 17:34:30.693575: I external/local_tsl/tsl/framework/bfc_allocator.cc:1095] InUse at 7f8384e07d00 of size 512 next 84
2025-06-14 17:34:30.693992: I external/local_tsl/tsl/framework/bfc_allocator.cc:1095] InUse at 7f8384e07f00 of size 512 next 316
2025-06-14 17:34:30.694423: I external/local_tsl/tsl/framework/bfc_allocator.cc:1095] InUse at 7f8384e08100 of size 512 next 86
2025-06-14 17:34:30.694864: I external/local_tsl/tsl/framework/bfc_allocator.cc:1095] InUse at 7f8384e08300 of size 512 next 87
2025-06-14 17:34:30.695282: I external/local_tsl/tsl/framework/bfc_allocator.cc:1095] InUse at 7f8384e08500 of size 512 next 88
2025-06-14 17:34:30.695706: I external/local_tsl/tsl/framework/bfc_allocator.cc:1095] InUse at 7f8384e08700 of size 512 next 89
2025-06-14 17:34:30.696126: I external/local_tsl/tsl/framework/bfc_allocator.cc:1095] InUse at 7f8384e08900 of size 256 next 321
2025-06-14 17:34:30.696578: I external/local_tsl/tsl/framework/bfc_allocator.cc:1095] InUse at 7f8384e08a00 of size 256 next 323
2025-06-14 17:34:30.697000: I external/local_tsl/tsl/framework/bfc_allocator.cc:1095] InUse at 7f8384e08b00 of size 256 next 324
2025-06-14 17:34:30.697423: I external/local_tsl/tsl/framework/bfc_allocator.cc:1095] InUse at 7f8384e08c00 of size 256 next 92
2025-06-14 17:34:30.697987: I external/local_tsl/tsl/framework/bfc_allocator.cc:1095] InUse at 7f8384e08d00 of size 256 next 93
2025-06-14 17:34:30.698420: I external/local_tsl/tsl/framework/bfc_allocator.cc:1095] InUse at 7f8384e08e00 of size 256 next 94
2025-06-14 17:34:30.698893: I external/local_tsl/tsl/framework/bfc_allocator.cc:1095] InUse at 7f8384e08f00 of size 256 next 97
2025-06-14 17:34:30.699333: I external/local_tsl/tsl/framework/bfc_allocator.cc:1095] InUse at 7f8384e09000 of size 256 next 95
2025-06-14 17:34:30.699769: I external/local_tsl/tsl/framework/bfc_allocator.cc:1095] InUse at 7f8384e09100 of size 256 next 96
2025-06-14 17:34:30.700228: I external/local_tsl/tsl/framework/bfc_allocator.cc:1095] InUse at 7f8384e09200 of size 256 next 98
2025-06-14 17:34:30.700662: I external/local_tsl/tsl/framework/bfc_allocator.cc:1095] InUse at 7f8384e09300 of size 256 next 101
2025-06-14 17:34:30.701097: I external/local_tsl/tsl/framework/bfc_allocator.cc:1095] InUse at 7f8384e09400 of size 256 next 102
2025-06-14 17:34:30.701530: I external/local_tsl/tsl/framework/bfc_allocator.cc:1095] InUse at 7f8384e09500 of size 256 next 103
2025-06-14 17:34:30.701945: I external/local_tsl/tsl/framework/bfc_allocator.cc:1095] InUse at 7f8384e09600 of size 256 next 104
2025-06-14 17:34:30.702364: I external/local_tsl/tsl/framework/bfc_allocator.cc:1095] InUse at 7f8384e09700 of size 256 next 105
2025-06-14 17:34:30.702806: I external/local_tsl/tsl/framework/bfc_allocator.cc:1095] Free  at 7f8384e09800 of size 512 next 108
2025-06-14 17:34:30.703221: I external/local_tsl/tsl/framework/bfc_allocator.cc:1095] InUse at 7f8384e09a00 of size 256 next 109
2025-06-14 17:34:30.703652: I external/local_tsl/tsl/framework/bfc_allocator.cc:1095] InUse at 7f8384e09b00 of size 256 next 110
2025-06-14 17:34:30.704114: I external/local_tsl/tsl/framework/bfc_allocator.cc:1095] InUse at 7f8384e09c00 of size 256 next 146
2025-06-14 17:34:30.704575: I external/local_tsl/tsl/framework/bfc_allocator.cc:1095] InUse at 7f8384e09d00 of size 256 next 147
2025-06-14 17:34:30.705005: I external/local_tsl/tsl/framework/bfc_allocator.cc:1095] InUse at 7f8384e09e00 of size 256 next 148
2025-06-14 17:34:30.705455: I external/local_tsl/tsl/framework/bfc_allocator.cc:1095] InUse at 7f8384e09f00 of size 256 next 149
2025-06-14 17:34:30.705863: I external/local_tsl/tsl/framework/bfc_allocator.cc:1095] InUse at 7f8384e0a000 of size 256 next 150
2025-06-14 17:34:30.706314: I external/local_tsl/tsl/framework/bfc_allocator.cc:1095] InUse at 7f8384e0a100 of size 256 next 151
2025-06-14 17:34:30.706738: I external/local_tsl/tsl/framework/bfc_allocator.cc:1095] InUse at 7f8384e0a200 of size 256 next 153
2025-06-14 17:34:30.707165: I external/local_tsl/tsl/framework/bfc_allocator.cc:1095] InUse at 7f8384e0a300 of size 256 next 154
2025-06-14 17:34:30.707587: I external/local_tsl/tsl/framework/bfc_allocator.cc:1095] InUse at 7f8384e0a400 of size 256 next 155
2025-06-14 17:34:30.708019: I external/local_tsl/tsl/framework/bfc_allocator.cc:1095] InUse at 7f8384e0a500 of size 256 next 156
2025-06-14 17:34:30.708481: I external/local_tsl/tsl/framework/bfc_allocator.cc:1095] InUse at 7f8384e0a600 of size 256 next 157
2025-06-14 17:34:30.708948: I external/local_tsl/tsl/framework/bfc_allocator.cc:1095] InUse at 7f8384e0a700 of size 256 next 158
2025-06-14 17:34:30.709400: I external/local_tsl/tsl/framework/bfc_allocator.cc:1095] InUse at 7f8384e0a800 of size 256 next 160
2025-06-14 17:34:30.709858: I external/local_tsl/tsl/framework/bfc_allocator.cc:1095] InUse at 7f8384e0a900 of size 256 next 161
2025-06-14 17:34:30.710326: I external/local_tsl/tsl/framework/bfc_allocator.cc:1095] InUse at 7f8384e0aa00 of size 256 next 162
2025-06-14 17:34:30.710808: I external/local_tsl/tsl/framework/bfc_allocator.cc:1095] InUse at 7f8384e0ab00 of size 256 next 163
2025-06-14 17:34:30.711263: I external/local_tsl/tsl/framework/bfc_allocator.cc:1095] InUse at 7f8384e0ac00 of size 256 next 164
2025-06-14 17:34:30.711700: I external/local_tsl/tsl/framework/bfc_allocator.cc:1095] InUse at 7f8384e0ad00 of size 256 next 165
2025-06-14 17:34:30.712147: I external/local_tsl/tsl/framework/bfc_allocator.cc:1095] InUse at 7f8384e0ae00 of size 512 next 167
2025-06-14 17:34:30.712589: I external/local_tsl/tsl/framework/bfc_allocator.cc:1095] InUse at 7f8384e0b000 of size 512 next 168
2025-06-14 17:34:30.713020: I external/local_tsl/tsl/framework/bfc_allocator.cc:1095] InUse at 7f8384e0b200 of size 512 next 169
2025-06-14 17:34:30.713559: I external/local_tsl/tsl/framework/bfc_allocator.cc:1095] InUse at 7f8384e0b400 of size 512 next 170
2025-06-14 17:34:30.713986: I external/local_tsl/tsl/framework/bfc_allocator.cc:1095] InUse at 7f8384e0b600 of size 512 next 171
2025-06-14 17:34:30.714442: I external/local_tsl/tsl/framework/bfc_allocator.cc:1095] InUse at 7f8384e0b800 of size 512 next 172
2025-06-14 17:34:30.714871: I external/local_tsl/tsl/framework/bfc_allocator.cc:1095] InUse at 7f8384e0ba00 of size 512 next 174
2025-06-14 17:34:30.715313: I external/local_tsl/tsl/framework/bfc_allocator.cc:1095] InUse at 7f8384e0bc00 of size 512 next 175
2025-06-14 17:34:30.715744: I external/local_tsl/tsl/framework/bfc_allocator.cc:1095] InUse at 7f8384e0be00 of size 512 next 176
2025-06-14 17:34:30.716193: I external/local_tsl/tsl/framework/bfc_allocator.cc:1095] InUse at 7f8384e0c000 of size 512 next 177
2025-06-14 17:34:30.716660: I external/local_tsl/tsl/framework/bfc_allocator.cc:1095] InUse at 7f8384e0c200 of size 512 next 178
2025-06-14 17:34:30.717107: I external/local_tsl/tsl/framework/bfc_allocator.cc:1095] InUse at 7f8384e0c400 of size 512 next 179
2025-06-14 17:34:30.717581: I external/local_tsl/tsl/framework/bfc_allocator.cc:1095] InUse at 7f8384e0c600 of size 1024 next 181
2025-06-14 17:34:30.718021: I external/local_tsl/tsl/framework/bfc_allocator.cc:1095] InUse at 7f8384e0ca00 of size 1024 next 182
2025-06-14 17:34:30.718467: I external/local_tsl/tsl/framework/bfc_allocator.cc:1095] InUse at 7f8384e0ce00 of size 1024 next 183
2025-06-14 17:34:30.718890: I external/local_tsl/tsl/framework/bfc_allocator.cc:1095] InUse at 7f8384e0d200 of size 1024 next 184
2025-06-14 17:34:30.719357: I external/local_tsl/tsl/framework/bfc_allocator.cc:1095] InUse at 7f8384e0d600 of size 1024 next 185
2025-06-14 17:34:30.719819: I external/local_tsl/tsl/framework/bfc_allocator.cc:1095] InUse at 7f8384e0da00 of size 1024 next 186
2025-06-14 17:34:30.720272: I external/local_tsl/tsl/framework/bfc_allocator.cc:1095] InUse at 7f8384e0de00 of size 1024 next 188
2025-06-14 17:34:30.720710: I external/local_tsl/tsl/framework/bfc_allocator.cc:1095] InUse at 7f8384e0e200 of size 1024 next 189
2025-06-14 17:34:30.721183: I external/local_tsl/tsl/framework/bfc_allocator.cc:1095] InUse at 7f8384e0e600 of size 1024 next 190
2025-06-14 17:34:30.721640: I external/local_tsl/tsl/framework/bfc_allocator.cc:1095] InUse at 7f8384e0ea00 of size 1024 next 191
2025-06-14 17:34:30.722066: I external/local_tsl/tsl/framework/bfc_allocator.cc:1095] InUse at 7f8384e0ee00 of size 1024 next 192
2025-06-14 17:34:30.722503: I external/local_tsl/tsl/framework/bfc_allocator.cc:1095] InUse at 7f8384e0f200 of size 1024 next 193
2025-06-14 17:34:30.722934: I external/local_tsl/tsl/framework/bfc_allocator.cc:1095] InUse at 7f8384e0f600 of size 512 next 196
2025-06-14 17:34:30.723377: I external/local_tsl/tsl/framework/bfc_allocator.cc:1095] InUse at 7f8384e0f800 of size 512 next 197
2025-06-14 17:34:30.723822: I external/local_tsl/tsl/framework/bfc_allocator.cc:1095] InUse at 7f8384e0fa00 of size 512 next 199
2025-06-14 17:34:30.724263: I external/local_tsl/tsl/framework/bfc_allocator.cc:1095] InUse at 7f8384e0fc00 of size 512 next 200
2025-06-14 17:34:30.724700: I external/local_tsl/tsl/framework/bfc_allocator.cc:1095] InUse at 7f8384e0fe00 of size 512 next 201
2025-06-14 17:34:30.725165: I external/local_tsl/tsl/framework/bfc_allocator.cc:1095] InUse at 7f8384e10000 of size 512 next 202
2025-06-14 17:34:30.725604: I external/local_tsl/tsl/framework/bfc_allocator.cc:1095] InUse at 7f8384e10200 of size 512 next 203
2025-06-14 17:34:30.726032: I external/local_tsl/tsl/framework/bfc_allocator.cc:1095] InUse at 7f8384e10400 of size 512 next 204
2025-06-14 17:34:30.726506: I external/local_tsl/tsl/framework/bfc_allocator.cc:1095] InUse at 7f8384e10600 of size 512 next 207
2025-06-14 17:34:30.726949: I external/local_tsl/tsl/framework/bfc_allocator.cc:1095] InUse at 7f8384e10800 of size 512 next 208
2025-06-14 17:34:30.727456: I external/local_tsl/tsl/framework/bfc_allocator.cc:1095] InUse at 7f8384e10a00 of size 512 next 209
2025-06-14 17:34:30.727923: I external/local_tsl/tsl/framework/bfc_allocator.cc:1095] InUse at 7f8384e10c00 of size 512 next 210
2025-06-14 17:34:30.728390: I external/local_tsl/tsl/framework/bfc_allocator.cc:1095] InUse at 7f8384e10e00 of size 512 next 211
2025-06-14 17:34:30.728844: I external/local_tsl/tsl/framework/bfc_allocator.cc:1095] InUse at 7f8384e11000 of size 512 next 212
2025-06-14 17:34:30.729301: I external/local_tsl/tsl/framework/bfc_allocator.cc:1095] InUse at 7f8384e11200 of size 256 next 215
2025-06-14 17:34:30.729756: I external/local_tsl/tsl/framework/bfc_allocator.cc:1095] InUse at 7f8384e11300 of size 256 next 216
2025-06-14 17:34:30.730222: I external/local_tsl/tsl/framework/bfc_allocator.cc:1095] InUse at 7f8384e11400 of size 256 next 219
2025-06-14 17:34:30.730666: I external/local_tsl/tsl/framework/bfc_allocator.cc:1095] InUse at 7f8384e11500 of size 256 next 220
2025-06-14 17:34:30.731109: I external/local_tsl/tsl/framework/bfc_allocator.cc:1095] InUse at 7f8384e11600 of size 256 next 221
2025-06-14 17:34:30.731592: I external/local_tsl/tsl/framework/bfc_allocator.cc:1095] InUse at 7f8384e11700 of size 256 next 222
2025-06-14 17:34:30.732035: I external/local_tsl/tsl/framework/bfc_allocator.cc:1095] InUse at 7f8384e11800 of size 256 next 223
2025-06-14 17:34:30.732476: I external/local_tsl/tsl/framework/bfc_allocator.cc:1095] InUse at 7f8384e11900 of size 256 next 224
2025-06-14 17:34:30.732943: I external/local_tsl/tsl/framework/bfc_allocator.cc:1095] InUse at 7f8384e11a00 of size 256 next 227
2025-06-14 17:34:30.733354: I external/local_tsl/tsl/framework/bfc_allocator.cc:1095] InUse at 7f8384e11b00 of size 256 next 228
2025-06-14 17:34:30.733846: I external/local_tsl/tsl/framework/bfc_allocator.cc:1095] InUse at 7f8384e11c00 of size 256 next 229
2025-06-14 17:34:30.734300: I external/local_tsl/tsl/framework/bfc_allocator.cc:1095] InUse at 7f8384e11d00 of size 256 next 230
2025-06-14 17:34:30.734777: I external/local_tsl/tsl/framework/bfc_allocator.cc:1095] InUse at 7f8384e11e00 of size 256 next 231
2025-06-14 17:34:30.735243: I external/local_tsl/tsl/framework/bfc_allocator.cc:1095] InUse at 7f8384e11f00 of size 256 next 232
2025-06-14 17:34:30.735715: I external/local_tsl/tsl/framework/bfc_allocator.cc:1095] InUse at 7f8384e12000 of size 65536 next 233
2025-06-14 17:34:30.736092: I external/local_tsl/tsl/framework/bfc_allocator.cc:1095] InUse at 7f8384e22000 of size 95232 next 19
2025-06-14 17:34:30.736532: I external/local_tsl/tsl/framework/bfc_allocator.cc:1095] InUse at 7f8384e39400 of size 110592 next 18
2025-06-14 17:34:30.736870: I external/local_tsl/tsl/framework/bfc_allocator.cc:1095] InUse at 7f8384e54400 of size 65536 next 115
2025-06-14 17:34:30.737268: I external/local_tsl/tsl/framework/bfc_allocator.cc:1095] InUse at 7f8384e64400 of size 256 next 112
2025-06-14 17:34:30.737715: I external/local_tsl/tsl/framework/bfc_allocator.cc:1095] InUse at 7f8384e64500 of size 256 next 114
2025-06-14 17:34:30.738175: I external/local_tsl/tsl/framework/bfc_allocator.cc:1095] InUse at 7f8384e64600 of size 256 next 113
2025-06-14 17:34:30.738628: I external/local_tsl/tsl/framework/bfc_allocator.cc:1095] InUse at 7f8384e64700 of size 256 next 111
2025-06-14 17:34:30.739133: I external/local_tsl/tsl/framework/bfc_allocator.cc:1095] InUse at 7f8384e64800 of size 256 next 117
2025-06-14 17:34:30.739589: I external/local_tsl/tsl/framework/bfc_allocator.cc:1095] InUse at 7f8384e64900 of size 256 next 118
2025-06-14 17:34:30.740031: I external/local_tsl/tsl/framework/bfc_allocator.cc:1095] InUse at 7f8384e64a00 of size 256 next 120
2025-06-14 17:34:30.740481: I external/local_tsl/tsl/framework/bfc_allocator.cc:1095] InUse at 7f8384e64b00 of size 256 next 119
2025-06-14 17:34:30.740924: I external/local_tsl/tsl/framework/bfc_allocator.cc:1095] InUse at 7f8384e64c00 of size 256 next 121
2025-06-14 17:34:30.741362: I external/local_tsl/tsl/framework/bfc_allocator.cc:1095] InUse at 7f8384e64d00 of size 256 next 123
2025-06-14 17:34:30.741813: I external/local_tsl/tsl/framework/bfc_allocator.cc:1095] InUse at 7f8384e64e00 of size 256 next 124
2025-06-14 17:34:30.742258: I external/local_tsl/tsl/framework/bfc_allocator.cc:1095] InUse at 7f8384e64f00 of size 256 next 125
2025-06-14 17:34:30.742712: I external/local_tsl/tsl/framework/bfc_allocator.cc:1095] InUse at 7f8384e65000 of size 256 next 126
2025-06-14 17:34:30.743147: I external/local_tsl/tsl/framework/bfc_allocator.cc:1095] InUse at 7f8384e65100 of size 256 next 128
2025-06-14 17:34:30.743586: I external/local_tsl/tsl/framework/bfc_allocator.cc:1095] InUse at 7f8384e65200 of size 256 next 127
2025-06-14 17:34:30.744014: I external/local_tsl/tsl/framework/bfc_allocator.cc:1095] InUse at 7f8384e65300 of size 256 next 129
2025-06-14 17:34:30.744513: I external/local_tsl/tsl/framework/bfc_allocator.cc:1095] InUse at 7f8384e65400 of size 256 next 130
2025-06-14 17:34:30.744964: I external/local_tsl/tsl/framework/bfc_allocator.cc:1095] InUse at 7f8384e65500 of size 256 next 131
2025-06-14 17:34:30.745426: I external/local_tsl/tsl/framework/bfc_allocator.cc:1095] InUse at 7f8384e65600 of size 256 next 132
2025-06-14 17:34:30.745893: I external/local_tsl/tsl/framework/bfc_allocator.cc:1095] InUse at 7f8384e65700 of size 256 next 133
2025-06-14 17:34:30.746352: I external/local_tsl/tsl/framework/bfc_allocator.cc:1095] InUse at 7f8384e65800 of size 256 next 137
2025-06-14 17:34:30.746794: I external/local_tsl/tsl/framework/bfc_allocator.cc:1095] InUse at 7f8384e65900 of size 256 next 136
2025-06-14 17:34:30.747282: I external/local_tsl/tsl/framework/bfc_allocator.cc:1095] InUse at 7f8384e65a00 of size 3584 next 138
2025-06-14 17:34:30.747736: I external/local_tsl/tsl/framework/bfc_allocator.cc:1095] InUse at 7f8384e66800 of size 3584 next 139
2025-06-14 17:34:30.748203: I external/local_tsl/tsl/framework/bfc_allocator.cc:1095] InUse at 7f8384e67600 of size 256 next 140
2025-06-14 17:34:30.748656: I external/local_tsl/tsl/framework/bfc_allocator.cc:1095] InUse at 7f8384e67700 of size 256 next 141
2025-06-14 17:34:30.749098: I external/local_tsl/tsl/framework/bfc_allocator.cc:1095] InUse at 7f8384e67800 of size 256 next 142
2025-06-14 17:34:30.749563: I external/local_tsl/tsl/framework/bfc_allocator.cc:1095] InUse at 7f8384e67900 of size 256 next 143
2025-06-14 17:34:30.750010: I external/local_tsl/tsl/framework/bfc_allocator.cc:1095] InUse at 7f8384e67a00 of size 256 next 144
2025-06-14 17:34:30.750417: I external/local_tsl/tsl/framework/bfc_allocator.cc:1095] InUse at 7f8384e67b00 of size 256 next 145
2025-06-14 17:34:30.750850: I external/local_tsl/tsl/framework/bfc_allocator.cc:1095] InUse at 7f8384e67c00 of size 141312 next 27
2025-06-14 17:34:30.751175: I external/local_tsl/tsl/framework/bfc_allocator.cc:1095] InUse at 7f8384e8a400 of size 221184 next 26
2025-06-14 17:34:30.751564: I external/local_tsl/tsl/framework/bfc_allocator.cc:1095] InUse at 7f8384ec0400 of size 442368 next 159
2025-06-14 17:34:30.751920: I external/local_tsl/tsl/framework/bfc_allocator.cc:1095] InUse at 7f8384f2c400 of size 867328 next 18446744073709551615
2025-06-14 17:34:30.752288: I external/local_tsl/tsl/framework/bfc_allocator.cc:1075] Next region of size 4194304
2025-06-14 17:34:30.752724: I external/local_tsl/tsl/framework/bfc_allocator.cc:1095] InUse at 7f8385400000 of size 442368 next 37
2025-06-14 17:34:30.753103: I external/local_tsl/tsl/framework/bfc_allocator.cc:1095] InUse at 7f838546c000 of size 221184 next 116
2025-06-14 17:34:30.753458: I external/local_tsl/tsl/framework/bfc_allocator.cc:1095] InUse at 7f83854a2000 of size 110592 next 122
2025-06-14 17:34:30.753798: I external/local_tsl/tsl/framework/bfc_allocator.cc:1095] InUse at 7f83854bd000 of size 192512 next 99
2025-06-14 17:34:30.754203: I external/local_tsl/tsl/framework/bfc_allocator.cc:1095] InUse at 7f83854ec000 of size 360448 next 44
2025-06-14 17:34:30.754556: I external/local_tsl/tsl/framework/bfc_allocator.cc:1095] InUse at 7f8385544000 of size 884736 next 43
2025-06-14 17:34:30.754947: I external/local_tsl/tsl/framework/bfc_allocator.cc:1095] InUse at 7f838561c000 of size 1982464 next 18446744073709551615
2025-06-14 17:34:30.755370: I external/local_tsl/tsl/framework/bfc_allocator.cc:1075] Next region of size 8388608
2025-06-14 17:34:30.755865: I external/local_tsl/tsl/framework/bfc_allocator.cc:1095] InUse at 7f8385800000 of size 884736 next 166
2025-06-14 17:34:30.756253: I external/local_tsl/tsl/framework/bfc_allocator.cc:1095] InUse at 7f83858d8000 of size 884736 next 54
2025-06-14 17:34:30.756604: I external/local_tsl/tsl/framework/bfc_allocator.cc:1095] InUse at 7f83859b0000 of size 1769472 next 52
2025-06-14 17:34:30.756972: I external/local_tsl/tsl/framework/bfc_allocator.cc:1095] InUse at 7f8385b60000 of size 4849664 next 18446744073709551615
2025-06-14 17:34:30.757345: I external/local_tsl/tsl/framework/bfc_allocator.cc:1100]      Summary of in-use Chunks by size: 
2025-06-14 17:34:30.757776: I external/local_tsl/tsl/framework/bfc_allocator.cc:1103] 155 Chunks of size 256 totalling 38.8KiB
2025-06-14 17:34:30.758259: I external/local_tsl/tsl/framework/bfc_allocator.cc:1103] 54 Chunks of size 512 totalling 27.0KiB
2025-06-14 17:34:30.758703: I external/local_tsl/tsl/framework/bfc_allocator.cc:1103] 1 Chunks of size 768 totalling 768B
2025-06-14 17:34:30.759144: I external/local_tsl/tsl/framework/bfc_allocator.cc:1103] 26 Chunks of size 1024 totalling 26.0KiB
2025-06-14 17:34:30.759622: I external/local_tsl/tsl/framework/bfc_allocator.cc:1103] 1 Chunks of size 1280 totalling 1.2KiB
2025-06-14 17:34:30.760078: I external/local_tsl/tsl/framework/bfc_allocator.cc:1103] 3 Chunks of size 3584 totalling 10.5KiB
2025-06-14 17:34:30.760532: I external/local_tsl/tsl/framework/bfc_allocator.cc:1103] 2 Chunks of size 65536 totalling 128.0KiB
2025-06-14 17:34:30.760979: I external/local_tsl/tsl/framework/bfc_allocator.cc:1103] 1 Chunks of size 95232 totalling 93.0KiB
2025-06-14 17:34:30.761415: I external/local_tsl/tsl/framework/bfc_allocator.cc:1103] 4 Chunks of size 110592 totalling 432.0KiB
2025-06-14 17:34:30.761846: I external/local_tsl/tsl/framework/bfc_allocator.cc:1103] 1 Chunks of size 141312 totalling 138.0KiB
2025-06-14 17:34:30.762255: I external/local_tsl/tsl/framework/bfc_allocator.cc:1103] 1 Chunks of size 192512 totalling 188.0KiB
2025-06-14 17:34:30.762712: I external/local_tsl/tsl/framework/bfc_allocator.cc:1103] 6 Chunks of size 221184 totalling 1.27MiB
2025-06-14 17:34:30.763145: I external/local_tsl/tsl/framework/bfc_allocator.cc:1103] 2 Chunks of size 262144 totalling 512.0KiB
2025-06-14 17:34:30.763586: I external/local_tsl/tsl/framework/bfc_allocator.cc:1103] 1 Chunks of size 360448 totalling 352.0KiB
2025-06-14 17:34:30.764015: I external/local_tsl/tsl/framework/bfc_allocator.cc:1103] 5 Chunks of size 442368 totalling 2.11MiB
2025-06-14 17:34:30.764509: I external/local_tsl/tsl/framework/bfc_allocator.cc:1103] 1 Chunks of size 867328 totalling 847.0KiB
2025-06-14 17:34:30.764949: I external/local_tsl/tsl/framework/bfc_allocator.cc:1103] 6 Chunks of size 884736 totalling 5.06MiB
2025-06-14 17:34:30.765412: I external/local_tsl/tsl/framework/bfc_allocator.cc:1103] 2 Chunks of size 1048576 totalling 2.00MiB
2025-06-14 17:34:30.765858: I external/local_tsl/tsl/framework/bfc_allocator.cc:1103] 6 Chunks of size 1769472 totalling 10.12MiB
2025-06-14 17:34:30.766320: I external/local_tsl/tsl/framework/bfc_allocator.cc:1103] 1 Chunks of size 1982464 totalling 1.89MiB
2025-06-14 17:34:30.766769: I external/local_tsl/tsl/framework/bfc_allocator.cc:1103] 4 Chunks of size 3538944 totalling 13.50MiB
2025-06-14 17:34:30.767197: I external/local_tsl/tsl/framework/bfc_allocator.cc:1103] 1 Chunks of size 4063232 totalling 3.88MiB
2025-06-14 17:34:30.767631: I external/local_tsl/tsl/framework/bfc_allocator.cc:1103] 1 Chunks of size 4849664 totalling 4.62MiB
2025-06-14 17:34:30.768074: I external/local_tsl/tsl/framework/bfc_allocator.cc:1103] 2 Chunks of size 7077888 totalling 13.50MiB
2025-06-14 17:34:30.768514: I external/local_tsl/tsl/framework/bfc_allocator.cc:1103] 1 Chunks of size 12320768 totalling 11.75MiB
2025-06-14 17:34:30.768870: I external/local_tsl/tsl/framework/bfc_allocator.cc:1103] 2 Chunks of size 15138816 totalling 28.88MiB
2025-06-14 17:34:30.769228: I external/local_tsl/tsl/framework/bfc_allocator.cc:1103] 4 Chunks of size 30277632 totalling 115.50MiB
2025-06-14 17:34:30.769669: I external/local_tsl/tsl/framework/bfc_allocator.cc:1103] 2 Chunks of size 60555264 totalling 115.50MiB
2025-06-14 17:34:30.770023: I external/local_tsl/tsl/framework/bfc_allocator.cc:1103] 1 Chunks of size 73662464 totalling 70.25MiB
2025-06-14 17:34:30.770372: I external/local_tsl/tsl/framework/bfc_allocator.cc:1103] 1 Chunks of size 116654080 totalling 111.25MiB
2025-06-14 17:34:30.770709: I external/local_tsl/tsl/framework/bfc_allocator.cc:1103] 6 Chunks of size 121110528 totalling 693.00MiB
2025-06-14 17:34:30.771159: I external/local_tsl/tsl/framework/bfc_allocator.cc:1103] 2 Chunks of size 209715200 totalling 400.00MiB
2025-06-14 17:34:30.771595: I external/local_tsl/tsl/framework/bfc_allocator.cc:1103] 3 Chunks of size 242221056 totalling 693.00MiB
2025-06-14 17:34:30.771955: I external/local_tsl/tsl/framework/bfc_allocator.cc:1103] 8 Chunks of size 484442112 totalling 3.61GiB
2025-06-14 17:34:30.772426: I external/local_tsl/tsl/framework/bfc_allocator.cc:1103] 1 Chunks of size 968884224 totalling 924.00MiB
2025-06-14 17:34:30.772850: I external/local_tsl/tsl/framework/bfc_allocator.cc:1103] 6 Chunks of size 1937768448 totalling 10.83GiB
2025-06-14 17:34:30.773274: I external/local_tsl/tsl/framework/bfc_allocator.cc:1107] Sum Total of in-use chunks: 17.58GiB
2025-06-14 17:34:30.773686: I external/local_tsl/tsl/framework/bfc_allocator.cc:1109] Total bytes in pool: 23575789568 memory_limit_: 23575789568 available bytes: 0 curr_region_allocation_bytes_: 34359738368
2025-06-14 17:34:30.774059: I external/local_tsl/tsl/framework/bfc_allocator.cc:1114] Stats: 
Limit:                     23575789568
InUse:                     18882554112
MaxInUse:                  22800760320
NumAllocs:                         912
MaxAllocSize:               4135495424
Reserved:                            0
PeakReserved:                        0
LargestFreeBlock:                    0

2025-06-14 17:34:30.774510: W external/local_tsl/tsl/framework/bfc_allocator.cc:497] ________*********________************************************_**************************************
2025-06-14 17:34:30.774869: W tensorflow/core/framework/op_kernel.cc:1839] OP_REQUIRES failed at concat_op.cc:165 : RESOURCE_EXHAUSTED: OOM when allocating tensor with shape[2,64,192,224,176] and type float on /job:localhost/replica:0/task:0/device:GPU:0 by allocator GPU_0_bfc
Traceback (most recent call last):
  File "/mnt/beegfs/hellgate/home/rb194958e/stroke_segmentation_sota/batch_wise_train.py", line 277, in <module>
    if main():
       ^^^^^^
  File "/mnt/beegfs/hellgate/home/rb194958e/stroke_segmentation_sota/batch_wise_train.py", line 256, in main
    history = model.fit(
              ^^^^^^^^^^
  File "/mnt/beegfs/hellgate/home/rb194958e/.conda/envs/tf215_env/lib/python3.11/site-packages/keras/src/utils/traceback_utils.py", line 70, in error_handler
    raise e.with_traceback(filtered_tb) from None
  File "/mnt/beegfs/hellgate/home/rb194958e/.conda/envs/tf215_env/lib/python3.11/site-packages/tensorflow/python/eager/execute.py", line 53, in quick_execute
    tensors = pywrap_tfe.TFE_Py_Execute(ctx._handle, device_name, op_name,
  ^^^^^^^^^^^^^^^^^^^^^^^^^^^^^^^^^^^^^^^^^^^^^^^^^^^^^^^^^^^^^^^^^^^^^^^^
tensorflow.python.framework.errors_impl.ResourceExhaustedError: Graph execution error:

Detected at node model/concatenate_2/concat defined at (most recent call last):
  File "/mnt/beegfs/hellgate/home/rb194958e/stroke_segmentation_sota/batch_wise_train.py", line 277, in <module>

  File "/mnt/beegfs/hellgate/home/rb194958e/stroke_segmentation_sota/batch_wise_train.py", line 256, in main

  File "/mnt/beegfs/hellgate/home/rb194958e/.conda/envs/tf215_env/lib/python3.11/site-packages/keras/src/utils/traceback_utils.py", line 65, in error_handler

  File "/mnt/beegfs/hellgate/home/rb194958e/.conda/envs/tf215_env/lib/python3.11/site-packages/keras/src/engine/training.py", line 1807, in fit

  File "/mnt/beegfs/hellgate/home/rb194958e/.conda/envs/tf215_env/lib/python3.11/site-packages/keras/src/engine/training.py", line 1401, in train_function

  File "/mnt/beegfs/hellgate/home/rb194958e/.conda/envs/tf215_env/lib/python3.11/site-packages/keras/src/engine/training.py", line 1384, in step_function

  File "/mnt/beegfs/hellgate/home/rb194958e/.conda/envs/tf215_env/lib/python3.11/site-packages/keras/src/engine/training.py", line 1373, in run_step

  File "/mnt/beegfs/hellgate/home/rb194958e/.conda/envs/tf215_env/lib/python3.11/site-packages/keras/src/engine/training.py", line 1150, in train_step

  File "/mnt/beegfs/hellgate/home/rb194958e/.conda/envs/tf215_env/lib/python3.11/site-packages/keras/src/utils/traceback_utils.py", line 65, in error_handler

  File "/mnt/beegfs/hellgate/home/rb194958e/.conda/envs/tf215_env/lib/python3.11/site-packages/keras/src/engine/training.py", line 590, in __call__

  File "/mnt/beegfs/hellgate/home/rb194958e/.conda/envs/tf215_env/lib/python3.11/site-packages/keras/src/utils/traceback_utils.py", line 65, in error_handler

  File "/mnt/beegfs/hellgate/home/rb194958e/.conda/envs/tf215_env/lib/python3.11/site-packages/keras/src/engine/base_layer.py", line 1149, in __call__

  File "/mnt/beegfs/hellgate/home/rb194958e/.conda/envs/tf215_env/lib/python3.11/site-packages/keras/src/utils/traceback_utils.py", line 96, in error_handler

  File "/mnt/beegfs/hellgate/home/rb194958e/.conda/envs/tf215_env/lib/python3.11/site-packages/keras/src/engine/functional.py", line 515, in call

  File "/mnt/beegfs/hellgate/home/rb194958e/.conda/envs/tf215_env/lib/python3.11/site-packages/keras/src/engine/functional.py", line 672, in _run_internal_graph

  File "/mnt/beegfs/hellgate/home/rb194958e/.conda/envs/tf215_env/lib/python3.11/site-packages/keras/src/utils/traceback_utils.py", line 65, in error_handler

  File "/mnt/beegfs/hellgate/home/rb194958e/.conda/envs/tf215_env/lib/python3.11/site-packages/keras/src/engine/base_layer.py", line 1149, in __call__

  File "/mnt/beegfs/hellgate/home/rb194958e/.conda/envs/tf215_env/lib/python3.11/site-packages/keras/src/utils/traceback_utils.py", line 96, in error_handler

  File "/mnt/beegfs/hellgate/home/rb194958e/.conda/envs/tf215_env/lib/python3.11/site-packages/keras/src/layers/merging/base_merge.py", line 196, in call

  File "/mnt/beegfs/hellgate/home/rb194958e/.conda/envs/tf215_env/lib/python3.11/site-packages/keras/src/layers/merging/concatenate.py", line 134, in _merge_function

  File "/mnt/beegfs/hellgate/home/rb194958e/.conda/envs/tf215_env/lib/python3.11/site-packages/keras/src/backend.py", line 3580, in concatenate

OOM when allocating tensor with shape[2,64,192,224,176] and type float on /job:localhost/replica:0/task:0/device:GPU:0 by allocator GPU_0_bfc
	 [[{{node model/concatenate_2/concat}}]]
Hint: If you want to see a list of allocated tensors when OOM happens, add report_tensor_allocations_upon_oom to RunOptions for current allocation info. This isn't available when running in Eager mode.
 [Op:__inference_train_function_7309]
2025-06-14 17:34:30.936937: W tensorflow/core/kernels/data/generator_dataset_op.cc:108] Error occurred when finalizing GeneratorDataset iterator: FAILED_PRECONDITION: Python interpreter state is not initialized. The process may be terminated.
	 [[{{node PyFunc}}]]
/var/spool/slurmd/job1123911/slurm_script: line 320: EOF: command not found
/var/spool/slurmd/job1123911/slurm_script: line 330: unexpected EOF while looking for matching ``'
/var/spool/slurmd/job1123911/slurm_script: line 339: syntax error: unexpected end of file
