2025-06-15 05:21:13.902318: I tensorflow/core/util/port.cc:113] oneDNN custom operations are on. You may see slightly different numerical results due to floating-point round-off errors from different computation orders. To turn them off, set the environment variable `TF_ENABLE_ONEDNN_OPTS=0`.
2025-06-15 05:21:14.658694: E external/local_xla/xla/stream_executor/cuda/cuda_dnn.cc:9261] Unable to register cuDNN factory: Attempting to register factory for plugin cuDNN when one has already been registered
2025-06-15 05:21:14.659311: E external/local_xla/xla/stream_executor/cuda/cuda_fft.cc:607] Unable to register cuFFT factory: Attempting to register factory for plugin cuFFT when one has already been registered
2025-06-15 05:21:14.773637: E external/local_xla/xla/stream_executor/cuda/cuda_blas.cc:1515] Unable to register cuBLAS factory: Attempting to register factory for plugin cuBLAS when one has already been registered
2025-06-15 05:21:15.033064: I tensorflow/core/platform/cpu_feature_guard.cc:182] This TensorFlow binary is optimized to use available CPU instructions in performance-critical operations.
To enable the following instructions: AVX2 AVX512F AVX512_VNNI FMA, in other operations, rebuild TensorFlow with the appropriate compiler flags.
2025-06-15 05:21:21.694824: W tensorflow/compiler/tf2tensorrt/utils/py_utils.cc:38] TF-TRT Warning: Could not find TensorRT
INFO:__main__:🚀 Starting Stroke Lesion Segmentation Training
INFO:__main__:Using 1 GPU(s)
INFO:__main__:Creating data generators...
INFO:__main__:Found 655 valid image/mask pairs
INFO:__main__:Found 655 valid image/mask pairs
INFO:__main__:Training batches: 262
INFO:__main__:Validation batches: 65
INFO:__main__:Building model...
2025-06-15 05:21:36.135888: I tensorflow/core/common_runtime/gpu/gpu_device.cc:1929] Created device /job:localhost/replica:0/task:0/device:GPU:0 with 22483 MB memory:  -> device: 0, name: NVIDIA RTX 4500 Ada Generation, pci bus id: 0000:1c:00.0, compute capability: 8.9
INFO:__main__:Model parameters: 5,605,345
INFO:__main__:Starting training...
pixdim[0] (qfac) should be 1 (default) or -1; setting qfac to 1
INFO:nibabel.global:pixdim[0] (qfac) should be 1 (default) or -1; setting qfac to 1
pixdim[0] (qfac) should be 1 (default) or -1; setting qfac to 1
INFO:nibabel.global:pixdim[0] (qfac) should be 1 (default) or -1; setting qfac to 1
pixdim[0] (qfac) should be 1 (default) or -1; setting qfac to 1
INFO:nibabel.global:pixdim[0] (qfac) should be 1 (default) or -1; setting qfac to 1
pixdim[0] (qfac) should be 1 (default) or -1; setting qfac to 1
INFO:nibabel.global:pixdim[0] (qfac) should be 1 (default) or -1; setting qfac to 1
2025-06-15 05:21:43.677325: I external/local_xla/xla/stream_executor/cuda/cuda_dnn.cc:454] Loaded cuDNN version 8907
pixdim[0] (qfac) should be 1 (default) or -1; setting qfac to 1
INFO:nibabel.global:pixdim[0] (qfac) should be 1 (default) or -1; setting qfac to 1
pixdim[0] (qfac) should be 1 (default) or -1; setting qfac to 1
INFO:nibabel.global:pixdim[0] (qfac) should be 1 (default) or -1; setting qfac to 1
pixdim[0] (qfac) should be 1 (default) or -1; setting qfac to 1
INFO:nibabel.global:pixdim[0] (qfac) should be 1 (default) or -1; setting qfac to 1
pixdim[0] (qfac) should be 1 (default) or -1; setting qfac to 1
INFO:nibabel.global:pixdim[0] (qfac) should be 1 (default) or -1; setting qfac to 1
2025-06-15 05:22:00.270217: W external/local_tsl/tsl/framework/bfc_allocator.cc:296] Allocator (GPU_0_bfc) ran out of memory trying to allocate 2.27GiB with freed_by_count=0. The caller indicates that this is not a failure, but this may mean that there could be performance gains if more memory were available.
2025-06-15 05:22:00.371911: W external/local_tsl/tsl/framework/bfc_allocator.cc:296] Allocator (GPU_0_bfc) ran out of memory trying to allocate 2.30GiB with freed_by_count=0. The caller indicates that this is not a failure, but this may mean that there could be performance gains if more memory were available.
2025-06-15 05:22:00.372964: W external/local_tsl/tsl/framework/bfc_allocator.cc:296] Allocator (GPU_0_bfc) ran out of memory trying to allocate 2.27GiB with freed_by_count=0. The caller indicates that this is not a failure, but this may mean that there could be performance gains if more memory were available.
2025-06-15 05:22:01.002951: W external/local_tsl/tsl/framework/bfc_allocator.cc:296] Allocator (GPU_0_bfc) ran out of memory trying to allocate 2.27GiB with freed_by_count=0. The caller indicates that this is not a failure, but this may mean that there could be performance gains if more memory were available.
2025-06-15 05:22:01.056234: W external/local_tsl/tsl/framework/bfc_allocator.cc:296] Allocator (GPU_0_bfc) ran out of memory trying to allocate 2.30GiB with freed_by_count=0. The caller indicates that this is not a failure, but this may mean that there could be performance gains if more memory were available.
2025-06-15 05:22:01.057026: W external/local_tsl/tsl/framework/bfc_allocator.cc:296] Allocator (GPU_0_bfc) ran out of memory trying to allocate 2.27GiB with freed_by_count=0. The caller indicates that this is not a failure, but this may mean that there could be performance gains if more memory were available.
2025-06-15 05:22:11.687051: W external/local_tsl/tsl/framework/bfc_allocator.cc:485] Allocator (GPU_0_bfc) ran out of memory trying to allocate 3.61GiB (rounded to 3875536896)requested by op model/concatenate_2/concat
If the cause is memory fragmentation maybe the environment variable 'TF_GPU_ALLOCATOR=cuda_malloc_async' will improve the situation. 
Current allocation summary follows.
Current allocation summary follows.
2025-06-15 05:22:11.688031: I external/local_tsl/tsl/framework/bfc_allocator.cc:1039] BFCAllocator dump for GPU_0_bfc
2025-06-15 05:22:11.688809: I external/local_tsl/tsl/framework/bfc_allocator.cc:1046] Bin (256): 	Total Chunks: 155, Chunks in use: 155. 38.8KiB allocated for chunks. 38.8KiB in use in bin. 20.7KiB client-requested in use in bin.
2025-06-15 05:22:11.689393: I external/local_tsl/tsl/framework/bfc_allocator.cc:1046] Bin (512): 	Total Chunks: 56, Chunks in use: 55. 28.2KiB allocated for chunks. 27.8KiB in use in bin. 27.5KiB client-requested in use in bin.
2025-06-15 05:22:11.689953: I external/local_tsl/tsl/framework/bfc_allocator.cc:1046] Bin (1024): 	Total Chunks: 27, Chunks in use: 27. 27.2KiB allocated for chunks. 27.2KiB in use in bin. 27.0KiB client-requested in use in bin.
2025-06-15 05:22:11.690369: I external/local_tsl/tsl/framework/bfc_allocator.cc:1046] Bin (2048): 	Total Chunks: 3, Chunks in use: 3. 10.5KiB allocated for chunks. 10.5KiB in use in bin. 10.1KiB client-requested in use in bin.
2025-06-15 05:22:11.690830: I external/local_tsl/tsl/framework/bfc_allocator.cc:1046] Bin (4096): 	Total Chunks: 0, Chunks in use: 0. 0B allocated for chunks. 0B in use in bin. 0B client-requested in use in bin.
2025-06-15 05:22:11.691341: I external/local_tsl/tsl/framework/bfc_allocator.cc:1046] Bin (8192): 	Total Chunks: 0, Chunks in use: 0. 0B allocated for chunks. 0B in use in bin. 0B client-requested in use in bin.
2025-06-15 05:22:11.691918: I external/local_tsl/tsl/framework/bfc_allocator.cc:1046] Bin (16384): 	Total Chunks: 0, Chunks in use: 0. 0B allocated for chunks. 0B in use in bin. 0B client-requested in use in bin.
2025-06-15 05:22:11.692487: I external/local_tsl/tsl/framework/bfc_allocator.cc:1046] Bin (32768): 	Total Chunks: 0, Chunks in use: 0. 0B allocated for chunks. 0B in use in bin. 0B client-requested in use in bin.
2025-06-15 05:22:11.692996: I external/local_tsl/tsl/framework/bfc_allocator.cc:1046] Bin (65536): 	Total Chunks: 7, Chunks in use: 7. 653.0KiB allocated for chunks. 653.0KiB in use in bin. 624.0KiB client-requested in use in bin.
2025-06-15 05:22:11.693438: I external/local_tsl/tsl/framework/bfc_allocator.cc:1046] Bin (131072): 	Total Chunks: 8, Chunks in use: 8. 1.58MiB allocated for chunks. 1.58MiB in use in bin. 1.48MiB client-requested in use in bin.
2025-06-15 05:22:11.693868: I external/local_tsl/tsl/framework/bfc_allocator.cc:1046] Bin (262144): 	Total Chunks: 8, Chunks in use: 8. 2.95MiB allocated for chunks. 2.95MiB in use in bin. 2.86MiB client-requested in use in bin.
2025-06-15 05:22:11.694381: I external/local_tsl/tsl/framework/bfc_allocator.cc:1046] Bin (524288): 	Total Chunks: 7, Chunks in use: 7. 5.89MiB allocated for chunks. 5.89MiB in use in bin. 5.48MiB client-requested in use in bin.
2025-06-15 05:22:11.694811: I external/local_tsl/tsl/framework/bfc_allocator.cc:1046] Bin (1048576): 	Total Chunks: 9, Chunks in use: 9. 14.02MiB allocated for chunks. 14.02MiB in use in bin. 13.12MiB client-requested in use in bin.
2025-06-15 05:22:11.695237: I external/local_tsl/tsl/framework/bfc_allocator.cc:1046] Bin (2097152): 	Total Chunks: 5, Chunks in use: 5. 17.38MiB allocated for chunks. 17.38MiB in use in bin. 16.88MiB client-requested in use in bin.
2025-06-15 05:22:11.695684: I external/local_tsl/tsl/framework/bfc_allocator.cc:1046] Bin (4194304): 	Total Chunks: 3, Chunks in use: 3. 18.12MiB allocated for chunks. 18.12MiB in use in bin. 16.88MiB client-requested in use in bin.
2025-06-15 05:22:11.696109: I external/local_tsl/tsl/framework/bfc_allocator.cc:1046] Bin (8388608): 	Total Chunks: 3, Chunks in use: 3. 40.62MiB allocated for chunks. 40.62MiB in use in bin. 35.62MiB client-requested in use in bin.
2025-06-15 05:22:11.696551: I external/local_tsl/tsl/framework/bfc_allocator.cc:1046] Bin (16777216): 	Total Chunks: 5, Chunks in use: 4. 140.19MiB allocated for chunks. 115.50MiB in use in bin. 115.50MiB client-requested in use in bin.
2025-06-15 05:22:11.696970: I external/local_tsl/tsl/framework/bfc_allocator.cc:1046] Bin (33554432): 	Total Chunks: 2, Chunks in use: 2. 115.50MiB allocated for chunks. 115.50MiB in use in bin. 115.50MiB client-requested in use in bin.
2025-06-15 05:22:11.697477: I external/local_tsl/tsl/framework/bfc_allocator.cc:1046] Bin (67108864): 	Total Chunks: 8, Chunks in use: 8. 874.50MiB allocated for chunks. 874.50MiB in use in bin. 808.50MiB client-requested in use in bin.
2025-06-15 05:22:11.697961: I external/local_tsl/tsl/framework/bfc_allocator.cc:1046] Bin (134217728): 	Total Chunks: 5, Chunks in use: 5. 1.07GiB allocated for chunks. 1.07GiB in use in bin. 924.00MiB client-requested in use in bin.
2025-06-15 05:22:11.698389: I external/local_tsl/tsl/framework/bfc_allocator.cc:1046] Bin (268435456): 	Total Chunks: 18, Chunks in use: 15. 19.69GiB allocated for chunks. 15.34GiB in use in bin. 15.34GiB client-requested in use in bin.
2025-06-15 05:22:11.698758: I external/local_tsl/tsl/framework/bfc_allocator.cc:1062] Bin for 3.61GiB was 256.00MiB, Chunk State: 
2025-06-15 05:22:11.699154: I external/local_tsl/tsl/framework/bfc_allocator.cc:1068]   Size: 453.50MiB | Requested Size: 16.00MiB | in_use: 0 | bin_num: 20, prev:   Size: 462.00MiB | Requested Size: 462.00MiB | in_use: 1 | bin_num: -1
2025-06-15 05:22:11.699524: I external/local_tsl/tsl/framework/bfc_allocator.cc:1068]   Size: 1.80GiB | Requested Size: 1.80GiB | in_use: 0 | bin_num: 20, next:   Size: 1.80GiB | Requested Size: 1.80GiB | in_use: 1 | bin_num: -1
2025-06-15 05:22:11.699937: I external/local_tsl/tsl/framework/bfc_allocator.cc:1068]   Size: 2.10GiB | Requested Size: 1.82GiB | in_use: 0 | bin_num: 20, prev:   Size: 1.80GiB | Requested Size: 1.80GiB | in_use: 1 | bin_num: -1
2025-06-15 05:22:11.700352: I external/local_tsl/tsl/framework/bfc_allocator.cc:1075] Next region of size 6129582080
2025-06-15 05:22:11.700860: I external/local_tsl/tsl/framework/bfc_allocator.cc:1095] Free  at 7f1c3e000000 of size 1937768448 next 107
2025-06-15 05:22:11.701417: I external/local_tsl/tsl/framework/bfc_allocator.cc:1095] InUse at 7f1cb1800000 of size 1937768448 next 329
2025-06-15 05:22:11.701888: I external/local_tsl/tsl/framework/bfc_allocator.cc:1095] Free  at 7f1d25000000 of size 2254045184 next 18446744073709551615
2025-06-15 05:22:11.702337: I external/local_tsl/tsl/framework/bfc_allocator.cc:1075] Next region of size 8589934592
2025-06-15 05:22:11.702888: I external/local_tsl/tsl/framework/bfc_allocator.cc:1095] InUse at 7f1dcc000000 of size 1937768448 next 282
2025-06-15 05:22:11.703329: I external/local_tsl/tsl/framework/bfc_allocator.cc:1095] InUse at 7f1e3f800000 of size 242221056 next 283
2025-06-15 05:22:11.703763: I external/local_tsl/tsl/framework/bfc_allocator.cc:1095] InUse at 7f1e4df00000 of size 484442112 next 284
2025-06-15 05:22:11.704180: I external/local_tsl/tsl/framework/bfc_allocator.cc:1095] InUse at 7f1e6ad00000 of size 484442112 next 285
2025-06-15 05:22:11.704587: I external/local_tsl/tsl/framework/bfc_allocator.cc:1095] InUse at 7f1e87b00000 of size 484442112 next 29
2025-06-15 05:22:11.705021: I external/local_tsl/tsl/framework/bfc_allocator.cc:1095] InUse at 7f1ea4900000 of size 484442112 next 289
2025-06-15 05:22:11.705499: I external/local_tsl/tsl/framework/bfc_allocator.cc:1095] InUse at 7f1ec1700000 of size 484442112 next 293
2025-06-15 05:22:11.705967: I external/local_tsl/tsl/framework/bfc_allocator.cc:1095] InUse at 7f1ede500000 of size 121110528 next 47
2025-06-15 05:22:11.706579: I external/local_tsl/tsl/framework/bfc_allocator.cc:1095] InUse at 7f1ee5880000 of size 121110528 next 296
2025-06-15 05:22:11.707014: I external/local_tsl/tsl/framework/bfc_allocator.cc:1095] InUse at 7f1eecc00000 of size 121110528 next 300
2025-06-15 05:22:11.707429: I external/local_tsl/tsl/framework/bfc_allocator.cc:1095] InUse at 7f1ef3f80000 of size 30277632 next 302
2025-06-15 05:22:11.707827: I external/local_tsl/tsl/framework/bfc_allocator.cc:1095] InUse at 7f1ef5c60000 of size 30277632 next 303
2025-06-15 05:22:11.708310: I external/local_tsl/tsl/framework/bfc_allocator.cc:1095] InUse at 7f1ef7940000 of size 30277632 next 66
2025-06-15 05:22:11.708755: I external/local_tsl/tsl/framework/bfc_allocator.cc:1095] InUse at 7f1ef9620000 of size 30277632 next 307
2025-06-15 05:22:11.709209: I external/local_tsl/tsl/framework/bfc_allocator.cc:1095] InUse at 7f1efb300000 of size 121110528 next 76
2025-06-15 05:22:11.709698: I external/local_tsl/tsl/framework/bfc_allocator.cc:1095] InUse at 7f1f02680000 of size 121110528 next 312
2025-06-15 05:22:11.710127: I external/local_tsl/tsl/framework/bfc_allocator.cc:1095] InUse at 7f1f09a00000 of size 242221056 next 311
2025-06-15 05:22:11.710507: I external/local_tsl/tsl/framework/bfc_allocator.cc:1095] InUse at 7f1f18100000 of size 121110528 next 85
2025-06-15 05:22:11.710975: I external/local_tsl/tsl/framework/bfc_allocator.cc:1095] InUse at 7f1f1f480000 of size 484442112 next 325
2025-06-15 05:22:11.711463: I external/local_tsl/tsl/framework/bfc_allocator.cc:1095] InUse at 7f1f3c280000 of size 484442112 next 320
2025-06-15 05:22:11.711895: I external/local_tsl/tsl/framework/bfc_allocator.cc:1095] InUse at 7f1f59080000 of size 968884224 next 319
2025-06-15 05:22:11.712321: I external/local_tsl/tsl/framework/bfc_allocator.cc:1095] InUse at 7f1f92c80000 of size 484442112 next 91
2025-06-15 05:22:11.712747: I external/local_tsl/tsl/framework/bfc_allocator.cc:1095] Free  at 7f1fafa80000 of size 475529216 next 18446744073709551615
2025-06-15 05:22:11.713242: I external/local_tsl/tsl/framework/bfc_allocator.cc:1075] Next region of size 4294967296
2025-06-15 05:22:11.713748: I external/local_tsl/tsl/framework/bfc_allocator.cc:1095] InUse at 7f1ff2000000 of size 1937768448 next 11
2025-06-15 05:22:11.714195: I external/local_tsl/tsl/framework/bfc_allocator.cc:1095] InUse at 7f2065800000 of size 1937768448 next 277
2025-06-15 05:22:11.714593: I external/local_tsl/tsl/framework/bfc_allocator.cc:1095] InUse at 7f20d9000000 of size 242221056 next 20
2025-06-15 05:22:11.715020: I external/local_tsl/tsl/framework/bfc_allocator.cc:1095] InUse at 7f20e7700000 of size 60555264 next 38
2025-06-15 05:22:11.715407: I external/local_tsl/tsl/framework/bfc_allocator.cc:1095] InUse at 7f20eb0c0000 of size 116654080 next 18446744073709551615
2025-06-15 05:22:11.715777: I external/local_tsl/tsl/framework/bfc_allocator.cc:1075] Next region of size 2147483648
2025-06-15 05:22:11.716231: I external/local_tsl/tsl/framework/bfc_allocator.cc:1095] InUse at 7f211e000000 of size 1937768448 next 265
2025-06-15 05:22:11.716651: I external/local_tsl/tsl/framework/bfc_allocator.cc:1095] InUse at 7f2191800000 of size 209715200 next 18446744073709551615
2025-06-15 05:22:11.717064: I external/local_tsl/tsl/framework/bfc_allocator.cc:1075] Next region of size 2147483648
2025-06-15 05:22:11.717517: I external/local_tsl/tsl/framework/bfc_allocator.cc:1095] InUse at 7f21a8000000 of size 1937768448 next 267
2025-06-15 05:22:11.717923: I external/local_tsl/tsl/framework/bfc_allocator.cc:1095] InUse at 7f221b800000 of size 209715200 next 18446744073709551615
2025-06-15 05:22:11.718309: I external/local_tsl/tsl/framework/bfc_allocator.cc:1075] Next region of size 134217728
2025-06-15 05:22:11.718753: I external/local_tsl/tsl/framework/bfc_allocator.cc:1095] InUse at 7f22b6000000 of size 60555264 next 264
2025-06-15 05:22:11.719183: I external/local_tsl/tsl/framework/bfc_allocator.cc:1095] InUse at 7f22b99c0000 of size 73662464 next 18446744073709551615
2025-06-15 05:22:11.719577: I external/local_tsl/tsl/framework/bfc_allocator.cc:1075] Next region of size 67108864
2025-06-15 05:22:11.720048: I external/local_tsl/tsl/framework/bfc_allocator.cc:1095] InUse at 7f22be000000 of size 3538944 next 198
2025-06-15 05:22:11.720436: I external/local_tsl/tsl/framework/bfc_allocator.cc:1095] InUse at 7f22be360000 of size 1769472 next 205
2025-06-15 05:22:11.720822: I external/local_tsl/tsl/framework/bfc_allocator.cc:1095] InUse at 7f22be510000 of size 1769472 next 206
2025-06-15 05:22:11.721202: I external/local_tsl/tsl/framework/bfc_allocator.cc:1095] InUse at 7f22be6c0000 of size 262144 next 213
2025-06-15 05:22:11.721586: I external/local_tsl/tsl/framework/bfc_allocator.cc:1095] InUse at 7f22be700000 of size 262144 next 214
2025-06-15 05:22:11.721993: I external/local_tsl/tsl/framework/bfc_allocator.cc:1095] InUse at 7f22be740000 of size 884736 next 217
2025-06-15 05:22:11.722437: I external/local_tsl/tsl/framework/bfc_allocator.cc:1095] InUse at 7f22be818000 of size 884736 next 218
2025-06-15 05:22:11.722840: I external/local_tsl/tsl/framework/bfc_allocator.cc:1095] InUse at 7f22be8f0000 of size 442368 next 225
2025-06-15 05:22:11.723259: I external/local_tsl/tsl/framework/bfc_allocator.cc:1095] InUse at 7f22be95c000 of size 442368 next 226
2025-06-15 05:22:11.723623: I external/local_tsl/tsl/framework/bfc_allocator.cc:1095] InUse at 7f22be9c8000 of size 256 next 234
2025-06-15 05:22:11.724092: I external/local_tsl/tsl/framework/bfc_allocator.cc:1095] InUse at 7f22be9c8100 of size 256 next 235
2025-06-15 05:22:11.724545: I external/local_tsl/tsl/framework/bfc_allocator.cc:1095] InUse at 7f22be9c8200 of size 221184 next 236
2025-06-15 05:22:11.724931: I external/local_tsl/tsl/framework/bfc_allocator.cc:1095] InUse at 7f22be9fe200 of size 221184 next 237
2025-06-15 05:22:11.725313: I external/local_tsl/tsl/framework/bfc_allocator.cc:1095] InUse at 7f22bea34200 of size 256 next 238
2025-06-15 05:22:11.725786: I external/local_tsl/tsl/framework/bfc_allocator.cc:1095] InUse at 7f22bea34300 of size 256 next 239
2025-06-15 05:22:11.726254: I external/local_tsl/tsl/framework/bfc_allocator.cc:1095] InUse at 7f22bea34400 of size 256 next 240
2025-06-15 05:22:11.726716: I external/local_tsl/tsl/framework/bfc_allocator.cc:1095] InUse at 7f22bea34500 of size 256 next 241
2025-06-15 05:22:11.727187: I external/local_tsl/tsl/framework/bfc_allocator.cc:1095] InUse at 7f22bea34600 of size 256 next 242
2025-06-15 05:22:11.727647: I external/local_tsl/tsl/framework/bfc_allocator.cc:1095] InUse at 7f22bea34700 of size 256 next 243
2025-06-15 05:22:11.728146: I external/local_tsl/tsl/framework/bfc_allocator.cc:1095] InUse at 7f22bea34800 of size 110592 next 244
2025-06-15 05:22:11.728538: I external/local_tsl/tsl/framework/bfc_allocator.cc:1095] InUse at 7f22bea4f800 of size 110592 next 245
2025-06-15 05:22:11.728907: I external/local_tsl/tsl/framework/bfc_allocator.cc:1095] InUse at 7f22bea6a800 of size 256 next 246
2025-06-15 05:22:11.729383: I external/local_tsl/tsl/framework/bfc_allocator.cc:1095] InUse at 7f22bea6a900 of size 256 next 247
2025-06-15 05:22:11.729841: I external/local_tsl/tsl/framework/bfc_allocator.cc:1095] InUse at 7f22bea6aa00 of size 256 next 248
2025-06-15 05:22:11.730312: I external/local_tsl/tsl/framework/bfc_allocator.cc:1095] InUse at 7f22bea6ab00 of size 256 next 249
2025-06-15 05:22:11.730809: I external/local_tsl/tsl/framework/bfc_allocator.cc:1095] InUse at 7f22bea6ac00 of size 256 next 250
2025-06-15 05:22:11.731351: I external/local_tsl/tsl/framework/bfc_allocator.cc:1095] InUse at 7f22bea6ad00 of size 256 next 251
2025-06-15 05:22:11.731898: I external/local_tsl/tsl/framework/bfc_allocator.cc:1095] InUse at 7f22bea6ae00 of size 256 next 252
2025-06-15 05:22:11.732436: I external/local_tsl/tsl/framework/bfc_allocator.cc:1095] InUse at 7f22bea6af00 of size 256 next 253
2025-06-15 05:22:11.732954: I external/local_tsl/tsl/framework/bfc_allocator.cc:1095] InUse at 7f22bea6b000 of size 256 next 254
2025-06-15 05:22:11.733488: I external/local_tsl/tsl/framework/bfc_allocator.cc:1095] InUse at 7f22bea6b100 of size 256 next 255
2025-06-15 05:22:11.734004: I external/local_tsl/tsl/framework/bfc_allocator.cc:1095] InUse at 7f22bea6b200 of size 256 next 256
2025-06-15 05:22:11.734528: I external/local_tsl/tsl/framework/bfc_allocator.cc:1095] InUse at 7f22bea6b300 of size 256 next 257
2025-06-15 05:22:11.735060: I external/local_tsl/tsl/framework/bfc_allocator.cc:1095] InUse at 7f22bea6b400 of size 256 next 258
2025-06-15 05:22:11.735556: I external/local_tsl/tsl/framework/bfc_allocator.cc:1095] InUse at 7f22bea6b500 of size 256 next 259
2025-06-15 05:22:11.736042: I external/local_tsl/tsl/framework/bfc_allocator.cc:1095] InUse at 7f22bea6b600 of size 256 next 260
2025-06-15 05:22:11.736554: I external/local_tsl/tsl/framework/bfc_allocator.cc:1095] InUse at 7f22bea6b700 of size 256 next 261
2025-06-15 05:22:11.738453: I external/local_tsl/tsl/framework/bfc_allocator.cc:1095] InUse at 7f22bea6b800 of size 256 next 262
2025-06-15 05:22:11.739685: I external/local_tsl/tsl/framework/bfc_allocator.cc:1095] InUse at 7f22bea6b900 of size 256 next 263
2025-06-15 05:22:11.741369: I external/local_tsl/tsl/framework/bfc_allocator.cc:1095] InUse at 7f22bea6ba00 of size 256 next 272
2025-06-15 05:22:11.742078: I external/local_tsl/tsl/framework/bfc_allocator.cc:1095] InUse at 7f22bea6bb00 of size 256 next 274
2025-06-15 05:22:11.742649: I external/local_tsl/tsl/framework/bfc_allocator.cc:1095] InUse at 7f22bea6bc00 of size 256 next 275
2025-06-15 05:22:11.743169: I external/local_tsl/tsl/framework/bfc_allocator.cc:1095] InUse at 7f22bea6bd00 of size 256 next 276
2025-06-15 05:22:11.743691: I external/local_tsl/tsl/framework/bfc_allocator.cc:1095] InUse at 7f22bea6be00 of size 256 next 280
2025-06-15 05:22:11.744202: I external/local_tsl/tsl/framework/bfc_allocator.cc:1095] InUse at 7f22bea6bf00 of size 256 next 281
2025-06-15 05:22:11.744729: I external/local_tsl/tsl/framework/bfc_allocator.cc:1095] InUse at 7f22bea6c000 of size 256 next 287
2025-06-15 05:22:11.745246: I external/local_tsl/tsl/framework/bfc_allocator.cc:1095] InUse at 7f22bea6c100 of size 256 next 288
2025-06-15 05:22:11.745745: I external/local_tsl/tsl/framework/bfc_allocator.cc:1095] InUse at 7f22bea6c200 of size 256 next 291
2025-06-15 05:22:11.746263: I external/local_tsl/tsl/framework/bfc_allocator.cc:1095] InUse at 7f22bea6c300 of size 256 next 292
2025-06-15 05:22:11.746785: I external/local_tsl/tsl/framework/bfc_allocator.cc:1095] InUse at 7f22bea6c400 of size 512 next 294
2025-06-15 05:22:11.747288: I external/local_tsl/tsl/framework/bfc_allocator.cc:1095] InUse at 7f22bea6c600 of size 768 next 268
2025-06-15 05:22:11.747813: I external/local_tsl/tsl/framework/bfc_allocator.cc:1095] InUse at 7f22bea6c900 of size 256 next 269
2025-06-15 05:22:11.748351: I external/local_tsl/tsl/framework/bfc_allocator.cc:1095] InUse at 7f22bea6ca00 of size 256 next 270
2025-06-15 05:22:11.748911: I external/local_tsl/tsl/framework/bfc_allocator.cc:1095] InUse at 7f22bea6cb00 of size 512 next 295
2025-06-15 05:22:11.749433: I external/local_tsl/tsl/framework/bfc_allocator.cc:1095] InUse at 7f22bea6cd00 of size 512 next 298
2025-06-15 05:22:11.749849: I external/local_tsl/tsl/framework/bfc_allocator.cc:1095] InUse at 7f22bea6cf00 of size 512 next 299
2025-06-15 05:22:11.750301: I external/local_tsl/tsl/framework/bfc_allocator.cc:1095] InUse at 7f22bea6d100 of size 15138816 next 56
2025-06-15 05:22:11.750664: I external/local_tsl/tsl/framework/bfc_allocator.cc:1095] InUse at 7f22bf8dd100 of size 15138816 next 301
2025-06-15 05:22:11.751032: I external/local_tsl/tsl/framework/bfc_allocator.cc:1095] InUse at 7f22c074d100 of size 1024 next 304
2025-06-15 05:22:11.751517: I external/local_tsl/tsl/framework/bfc_allocator.cc:1095] InUse at 7f22c074d500 of size 1024 next 305
2025-06-15 05:22:11.751975: I external/local_tsl/tsl/framework/bfc_allocator.cc:1095] InUse at 7f22c074d900 of size 1024 next 306
2025-06-15 05:22:11.752457: I external/local_tsl/tsl/framework/bfc_allocator.cc:1095] InUse at 7f22c074dd00 of size 1024 next 309
2025-06-15 05:22:11.752930: I external/local_tsl/tsl/framework/bfc_allocator.cc:1095] InUse at 7f22c074e100 of size 1024 next 310
2025-06-15 05:22:11.753456: I external/local_tsl/tsl/framework/bfc_allocator.cc:1095] InUse at 7f22c074e500 of size 512 next 317
2025-06-15 05:22:11.753902: I external/local_tsl/tsl/framework/bfc_allocator.cc:1095] InUse at 7f22c074e700 of size 512 next 318
2025-06-15 05:22:11.754374: I external/local_tsl/tsl/framework/bfc_allocator.cc:1095] InUse at 7f22c074e900 of size 256 next 326
2025-06-15 05:22:11.754835: I external/local_tsl/tsl/framework/bfc_allocator.cc:1095] InUse at 7f22c074ea00 of size 256 next 327
2025-06-15 05:22:11.755307: I external/local_tsl/tsl/framework/bfc_allocator.cc:1095] Free  at 7f22c074eb00 of size 25892096 next 18446744073709551615
2025-06-15 05:22:11.755648: I external/local_tsl/tsl/framework/bfc_allocator.cc:1075] Next region of size 33554432
2025-06-15 05:22:11.756139: I external/local_tsl/tsl/framework/bfc_allocator.cc:1095] InUse at 7f22d6000000 of size 3538944 next 83
2025-06-15 05:22:11.756508: I external/local_tsl/tsl/framework/bfc_allocator.cc:1095] InUse at 7f22d6360000 of size 221184 next 152
2025-06-15 05:22:11.756900: I external/local_tsl/tsl/framework/bfc_allocator.cc:1095] InUse at 7f22d6396000 of size 221184 next 106
2025-06-15 05:22:11.757297: I external/local_tsl/tsl/framework/bfc_allocator.cc:1095] InUse at 7f22d63cc000 of size 442368 next 100
2025-06-15 05:22:11.757683: I external/local_tsl/tsl/framework/bfc_allocator.cc:1095] InUse at 7f22d6438000 of size 884736 next 90
2025-06-15 05:22:11.758081: I external/local_tsl/tsl/framework/bfc_allocator.cc:1095] InUse at 7f22d6510000 of size 1769472 next 74
2025-06-15 05:22:11.758468: I external/local_tsl/tsl/framework/bfc_allocator.cc:1095] InUse at 7f22d66c0000 of size 7077888 next 72
2025-06-15 05:22:11.758863: I external/local_tsl/tsl/framework/bfc_allocator.cc:1095] InUse at 7f22d6d80000 of size 7077888 next 187
2025-06-15 05:22:11.759260: I external/local_tsl/tsl/framework/bfc_allocator.cc:1095] InUse at 7f22d7440000 of size 12320768 next 18446744073709551615
2025-06-15 05:22:11.759633: I external/local_tsl/tsl/framework/bfc_allocator.cc:1075] Next region of size 16777216
2025-06-15 05:22:11.760098: I external/local_tsl/tsl/framework/bfc_allocator.cc:1095] InUse at 7f22de000000 of size 1769472 next 173
2025-06-15 05:22:11.760491: I external/local_tsl/tsl/framework/bfc_allocator.cc:1095] InUse at 7f22de1b0000 of size 1769472 next 64
2025-06-15 05:22:11.760881: I external/local_tsl/tsl/framework/bfc_allocator.cc:1095] InUse at 7f22de360000 of size 3538944 next 62
2025-06-15 05:22:11.761257: I external/local_tsl/tsl/framework/bfc_allocator.cc:1095] InUse at 7f22de6c0000 of size 3538944 next 180
2025-06-15 05:22:11.761671: I external/local_tsl/tsl/framework/bfc_allocator.cc:1095] InUse at 7f22dea20000 of size 1048576 next 194
2025-06-15 05:22:11.762041: I external/local_tsl/tsl/framework/bfc_allocator.cc:1095] InUse at 7f22deb20000 of size 1048576 next 195
2025-06-15 05:22:11.762394: I external/local_tsl/tsl/framework/bfc_allocator.cc:1095] InUse at 7f22dec20000 of size 4063232 next 18446744073709551615
2025-06-15 05:22:11.762762: I external/local_tsl/tsl/framework/bfc_allocator.cc:1075] Next region of size 2097152
2025-06-15 05:22:11.763244: I external/local_tsl/tsl/framework/bfc_allocator.cc:1095] InUse at 7f233ee00000 of size 1280 next 1
2025-06-15 05:22:11.763696: I external/local_tsl/tsl/framework/bfc_allocator.cc:1095] InUse at 7f233ee00500 of size 256 next 2
2025-06-15 05:22:11.764128: I external/local_tsl/tsl/framework/bfc_allocator.cc:1095] InUse at 7f233ee00600 of size 256 next 3
2025-06-15 05:22:11.764551: I external/local_tsl/tsl/framework/bfc_allocator.cc:1095] InUse at 7f233ee00700 of size 256 next 5
2025-06-15 05:22:11.765024: I external/local_tsl/tsl/framework/bfc_allocator.cc:1095] InUse at 7f233ee00800 of size 256 next 6
2025-06-15 05:22:11.765494: I external/local_tsl/tsl/framework/bfc_allocator.cc:1095] InUse at 7f233ee00900 of size 256 next 4
2025-06-15 05:22:11.765961: I external/local_tsl/tsl/framework/bfc_allocator.cc:1095] InUse at 7f233ee00a00 of size 256 next 7
2025-06-15 05:22:11.766434: I external/local_tsl/tsl/framework/bfc_allocator.cc:1095] InUse at 7f233ee00b00 of size 256 next 10
2025-06-15 05:22:11.766892: I external/local_tsl/tsl/framework/bfc_allocator.cc:1095] InUse at 7f233ee00c00 of size 256 next 278
2025-06-15 05:22:11.767362: I external/local_tsl/tsl/framework/bfc_allocator.cc:1095] InUse at 7f233ee00d00 of size 256 next 12
2025-06-15 05:22:11.767799: I external/local_tsl/tsl/framework/bfc_allocator.cc:1095] InUse at 7f233ee00e00 of size 256 next 13
2025-06-15 05:22:11.768241: I external/local_tsl/tsl/framework/bfc_allocator.cc:1095] InUse at 7f233ee00f00 of size 256 next 14
2025-06-15 05:22:11.768707: I external/local_tsl/tsl/framework/bfc_allocator.cc:1095] InUse at 7f233ee01000 of size 256 next 17
2025-06-15 05:22:11.769174: I external/local_tsl/tsl/framework/bfc_allocator.cc:1095] InUse at 7f233ee01100 of size 256 next 15
2025-06-15 05:22:11.769609: I external/local_tsl/tsl/framework/bfc_allocator.cc:1095] InUse at 7f233ee01200 of size 256 next 16
2025-06-15 05:22:11.770044: I external/local_tsl/tsl/framework/bfc_allocator.cc:1095] InUse at 7f233ee01300 of size 256 next 286
2025-06-15 05:22:11.770465: I external/local_tsl/tsl/framework/bfc_allocator.cc:1095] InUse at 7f233ee01400 of size 256 next 21
2025-06-15 05:22:11.770902: I external/local_tsl/tsl/framework/bfc_allocator.cc:1095] InUse at 7f233ee01500 of size 256 next 22
2025-06-15 05:22:11.771351: I external/local_tsl/tsl/framework/bfc_allocator.cc:1095] InUse at 7f233ee01600 of size 256 next 23
2025-06-15 05:22:11.771824: I external/local_tsl/tsl/framework/bfc_allocator.cc:1095] InUse at 7f233ee01700 of size 256 next 24
2025-06-15 05:22:11.772295: I external/local_tsl/tsl/framework/bfc_allocator.cc:1095] InUse at 7f233ee01800 of size 256 next 25
2025-06-15 05:22:11.772857: I external/local_tsl/tsl/framework/bfc_allocator.cc:1095] InUse at 7f233ee01900 of size 256 next 28
2025-06-15 05:22:11.773335: I external/local_tsl/tsl/framework/bfc_allocator.cc:1095] InUse at 7f233ee01a00 of size 256 next 290
2025-06-15 05:22:11.773771: I external/local_tsl/tsl/framework/bfc_allocator.cc:1095] InUse at 7f233ee01b00 of size 256 next 30
2025-06-15 05:22:11.774209: I external/local_tsl/tsl/framework/bfc_allocator.cc:1095] InUse at 7f233ee01c00 of size 256 next 31
2025-06-15 05:22:11.774651: I external/local_tsl/tsl/framework/bfc_allocator.cc:1095] InUse at 7f233ee01d00 of size 256 next 32
2025-06-15 05:22:11.775108: I external/local_tsl/tsl/framework/bfc_allocator.cc:1095] InUse at 7f233ee01e00 of size 256 next 35
2025-06-15 05:22:11.775558: I external/local_tsl/tsl/framework/bfc_allocator.cc:1095] InUse at 7f233ee01f00 of size 256 next 33
2025-06-15 05:22:11.776017: I external/local_tsl/tsl/framework/bfc_allocator.cc:1095] InUse at 7f233ee02000 of size 256 next 34
2025-06-15 05:22:11.776489: I external/local_tsl/tsl/framework/bfc_allocator.cc:1095] InUse at 7f233ee02100 of size 512 next 39
2025-06-15 05:22:11.776952: I external/local_tsl/tsl/framework/bfc_allocator.cc:1095] InUse at 7f233ee02300 of size 256 next 40
2025-06-15 05:22:11.777451: I external/local_tsl/tsl/framework/bfc_allocator.cc:1095] InUse at 7f233ee02400 of size 256 next 41
2025-06-15 05:22:11.777933: I external/local_tsl/tsl/framework/bfc_allocator.cc:1095] InUse at 7f233ee02500 of size 256 next 8
2025-06-15 05:22:11.778402: I external/local_tsl/tsl/framework/bfc_allocator.cc:1095] InUse at 7f233ee02600 of size 3584 next 9
2025-06-15 05:22:11.778867: I external/local_tsl/tsl/framework/bfc_allocator.cc:1095] InUse at 7f233ee03400 of size 512 next 42
2025-06-15 05:22:11.779348: I external/local_tsl/tsl/framework/bfc_allocator.cc:1095] InUse at 7f233ee03600 of size 512 next 45
2025-06-15 05:22:11.779823: I external/local_tsl/tsl/framework/bfc_allocator.cc:1095] InUse at 7f233ee03800 of size 512 next 46
2025-06-15 05:22:11.780268: I external/local_tsl/tsl/framework/bfc_allocator.cc:1095] InUse at 7f233ee03a00 of size 512 next 297
2025-06-15 05:22:11.780737: I external/local_tsl/tsl/framework/bfc_allocator.cc:1095] InUse at 7f233ee03c00 of size 512 next 48
2025-06-15 05:22:11.781212: I external/local_tsl/tsl/framework/bfc_allocator.cc:1095] InUse at 7f233ee03e00 of size 256 next 49
2025-06-15 05:22:11.781666: I external/local_tsl/tsl/framework/bfc_allocator.cc:1095] InUse at 7f233ee03f00 of size 512 next 50
2025-06-15 05:22:11.782144: I external/local_tsl/tsl/framework/bfc_allocator.cc:1095] InUse at 7f233ee04100 of size 512 next 51
2025-06-15 05:22:11.782605: I external/local_tsl/tsl/framework/bfc_allocator.cc:1095] InUse at 7f233ee04300 of size 512 next 55
2025-06-15 05:22:11.783085: I external/local_tsl/tsl/framework/bfc_allocator.cc:1095] InUse at 7f233ee04500 of size 1024 next 57
2025-06-15 05:22:11.783553: I external/local_tsl/tsl/framework/bfc_allocator.cc:1095] InUse at 7f233ee04900 of size 256 next 58
2025-06-15 05:22:11.784021: I external/local_tsl/tsl/framework/bfc_allocator.cc:1095] InUse at 7f233ee04a00 of size 256 next 59
2025-06-15 05:22:11.784443: I external/local_tsl/tsl/framework/bfc_allocator.cc:1095] InUse at 7f233ee04b00 of size 1024 next 60
2025-06-15 05:22:11.784932: I external/local_tsl/tsl/framework/bfc_allocator.cc:1095] InUse at 7f233ee04f00 of size 1024 next 61
2025-06-15 05:22:11.785403: I external/local_tsl/tsl/framework/bfc_allocator.cc:1095] InUse at 7f233ee05300 of size 1024 next 65
2025-06-15 05:22:11.785841: I external/local_tsl/tsl/framework/bfc_allocator.cc:1095] InUse at 7f233ee05700 of size 1024 next 308
2025-06-15 05:22:11.786303: I external/local_tsl/tsl/framework/bfc_allocator.cc:1095] InUse at 7f233ee05b00 of size 1024 next 67
2025-06-15 05:22:11.786774: I external/local_tsl/tsl/framework/bfc_allocator.cc:1095] InUse at 7f233ee05f00 of size 256 next 68
2025-06-15 05:22:11.787249: I external/local_tsl/tsl/framework/bfc_allocator.cc:1095] InUse at 7f233ee06000 of size 256 next 69
2025-06-15 05:22:11.787731: I external/local_tsl/tsl/framework/bfc_allocator.cc:1095] InUse at 7f233ee06100 of size 1024 next 70
2025-06-15 05:22:11.788198: I external/local_tsl/tsl/framework/bfc_allocator.cc:1095] InUse at 7f233ee06500 of size 1024 next 71
2025-06-15 05:22:11.788647: I external/local_tsl/tsl/framework/bfc_allocator.cc:1095] InUse at 7f233ee06900 of size 1024 next 75
2025-06-15 05:22:11.789115: I external/local_tsl/tsl/framework/bfc_allocator.cc:1095] InUse at 7f233ee06d00 of size 512 next 313
2025-06-15 05:22:11.789556: I external/local_tsl/tsl/framework/bfc_allocator.cc:1095] InUse at 7f233ee06f00 of size 512 next 314
2025-06-15 05:22:11.790021: I external/local_tsl/tsl/framework/bfc_allocator.cc:1095] InUse at 7f233ee07100 of size 512 next 315
2025-06-15 05:22:11.790475: I external/local_tsl/tsl/framework/bfc_allocator.cc:1095] InUse at 7f233ee07300 of size 512 next 77
2025-06-15 05:22:11.790979: I external/local_tsl/tsl/framework/bfc_allocator.cc:1095] InUse at 7f233ee07500 of size 256 next 78
2025-06-15 05:22:11.791522: I external/local_tsl/tsl/framework/bfc_allocator.cc:1095] InUse at 7f233ee07600 of size 256 next 79
2025-06-15 05:22:11.791987: I external/local_tsl/tsl/framework/bfc_allocator.cc:1095] InUse at 7f233ee07700 of size 512 next 80
2025-06-15 05:22:11.792451: I external/local_tsl/tsl/framework/bfc_allocator.cc:1095] InUse at 7f233ee07900 of size 512 next 81
2025-06-15 05:22:11.792876: I external/local_tsl/tsl/framework/bfc_allocator.cc:1095] InUse at 7f233ee07b00 of size 512 next 82
2025-06-15 05:22:11.793335: I external/local_tsl/tsl/framework/bfc_allocator.cc:1095] InUse at 7f233ee07d00 of size 512 next 84
2025-06-15 05:22:11.793784: I external/local_tsl/tsl/framework/bfc_allocator.cc:1095] InUse at 7f233ee07f00 of size 512 next 316
2025-06-15 05:22:11.794221: I external/local_tsl/tsl/framework/bfc_allocator.cc:1095] InUse at 7f233ee08100 of size 512 next 86
2025-06-15 05:22:11.794662: I external/local_tsl/tsl/framework/bfc_allocator.cc:1095] InUse at 7f233ee08300 of size 512 next 87
2025-06-15 05:22:11.795116: I external/local_tsl/tsl/framework/bfc_allocator.cc:1095] InUse at 7f233ee08500 of size 512 next 88
2025-06-15 05:22:11.795548: I external/local_tsl/tsl/framework/bfc_allocator.cc:1095] InUse at 7f233ee08700 of size 512 next 89
2025-06-15 05:22:11.795984: I external/local_tsl/tsl/framework/bfc_allocator.cc:1095] InUse at 7f233ee08900 of size 256 next 321
2025-06-15 05:22:11.796435: I external/local_tsl/tsl/framework/bfc_allocator.cc:1095] InUse at 7f233ee08a00 of size 256 next 323
2025-06-15 05:22:11.796923: I external/local_tsl/tsl/framework/bfc_allocator.cc:1095] InUse at 7f233ee08b00 of size 256 next 324
2025-06-15 05:22:11.797368: I external/local_tsl/tsl/framework/bfc_allocator.cc:1095] InUse at 7f233ee08c00 of size 256 next 92
2025-06-15 05:22:11.797809: I external/local_tsl/tsl/framework/bfc_allocator.cc:1095] InUse at 7f233ee08d00 of size 256 next 93
2025-06-15 05:22:11.798246: I external/local_tsl/tsl/framework/bfc_allocator.cc:1095] InUse at 7f233ee08e00 of size 256 next 94
2025-06-15 05:22:11.798688: I external/local_tsl/tsl/framework/bfc_allocator.cc:1095] InUse at 7f233ee08f00 of size 256 next 97
2025-06-15 05:22:11.799134: I external/local_tsl/tsl/framework/bfc_allocator.cc:1095] InUse at 7f233ee09000 of size 256 next 95
2025-06-15 05:22:11.799632: I external/local_tsl/tsl/framework/bfc_allocator.cc:1095] InUse at 7f233ee09100 of size 256 next 96
2025-06-15 05:22:11.800103: I external/local_tsl/tsl/framework/bfc_allocator.cc:1095] InUse at 7f233ee09200 of size 256 next 98
2025-06-15 05:22:11.800560: I external/local_tsl/tsl/framework/bfc_allocator.cc:1095] InUse at 7f233ee09300 of size 256 next 101
2025-06-15 05:22:11.801007: I external/local_tsl/tsl/framework/bfc_allocator.cc:1095] InUse at 7f233ee09400 of size 256 next 102
2025-06-15 05:22:11.801468: I external/local_tsl/tsl/framework/bfc_allocator.cc:1095] InUse at 7f233ee09500 of size 256 next 103
2025-06-15 05:22:11.801902: I external/local_tsl/tsl/framework/bfc_allocator.cc:1095] InUse at 7f233ee09600 of size 256 next 104
2025-06-15 05:22:11.802335: I external/local_tsl/tsl/framework/bfc_allocator.cc:1095] InUse at 7f233ee09700 of size 256 next 105
2025-06-15 05:22:11.802760: I external/local_tsl/tsl/framework/bfc_allocator.cc:1095] Free  at 7f233ee09800 of size 512 next 108
2025-06-15 05:22:11.803226: I external/local_tsl/tsl/framework/bfc_allocator.cc:1095] InUse at 7f233ee09a00 of size 256 next 109
2025-06-15 05:22:11.803662: I external/local_tsl/tsl/framework/bfc_allocator.cc:1095] InUse at 7f233ee09b00 of size 256 next 110
2025-06-15 05:22:11.804100: I external/local_tsl/tsl/framework/bfc_allocator.cc:1095] InUse at 7f233ee09c00 of size 256 next 146
2025-06-15 05:22:11.804542: I external/local_tsl/tsl/framework/bfc_allocator.cc:1095] InUse at 7f233ee09d00 of size 256 next 147
2025-06-15 05:22:11.804965: I external/local_tsl/tsl/framework/bfc_allocator.cc:1095] InUse at 7f233ee09e00 of size 256 next 148
2025-06-15 05:22:11.805431: I external/local_tsl/tsl/framework/bfc_allocator.cc:1095] InUse at 7f233ee09f00 of size 256 next 149
2025-06-15 05:22:11.805845: I external/local_tsl/tsl/framework/bfc_allocator.cc:1095] InUse at 7f233ee0a000 of size 256 next 150
2025-06-15 05:22:11.806286: I external/local_tsl/tsl/framework/bfc_allocator.cc:1095] InUse at 7f233ee0a100 of size 256 next 151
2025-06-15 05:22:11.806725: I external/local_tsl/tsl/framework/bfc_allocator.cc:1095] InUse at 7f233ee0a200 of size 256 next 153
2025-06-15 05:22:11.807194: I external/local_tsl/tsl/framework/bfc_allocator.cc:1095] InUse at 7f233ee0a300 of size 256 next 154
2025-06-15 05:22:11.807617: I external/local_tsl/tsl/framework/bfc_allocator.cc:1095] InUse at 7f233ee0a400 of size 256 next 155
2025-06-15 05:22:11.808038: I external/local_tsl/tsl/framework/bfc_allocator.cc:1095] InUse at 7f233ee0a500 of size 256 next 156
2025-06-15 05:22:11.808508: I external/local_tsl/tsl/framework/bfc_allocator.cc:1095] InUse at 7f233ee0a600 of size 256 next 157
2025-06-15 05:22:11.808988: I external/local_tsl/tsl/framework/bfc_allocator.cc:1095] InUse at 7f233ee0a700 of size 256 next 158
2025-06-15 05:22:11.809412: I external/local_tsl/tsl/framework/bfc_allocator.cc:1095] InUse at 7f233ee0a800 of size 256 next 160
2025-06-15 05:22:11.809851: I external/local_tsl/tsl/framework/bfc_allocator.cc:1095] InUse at 7f233ee0a900 of size 256 next 161
2025-06-15 05:22:11.810293: I external/local_tsl/tsl/framework/bfc_allocator.cc:1095] InUse at 7f233ee0aa00 of size 256 next 162
2025-06-15 05:22:11.810726: I external/local_tsl/tsl/framework/bfc_allocator.cc:1095] InUse at 7f233ee0ab00 of size 256 next 163
2025-06-15 05:22:11.811156: I external/local_tsl/tsl/framework/bfc_allocator.cc:1095] InUse at 7f233ee0ac00 of size 256 next 164
2025-06-15 05:22:11.811568: I external/local_tsl/tsl/framework/bfc_allocator.cc:1095] InUse at 7f233ee0ad00 of size 256 next 165
2025-06-15 05:22:11.811990: I external/local_tsl/tsl/framework/bfc_allocator.cc:1095] InUse at 7f233ee0ae00 of size 512 next 167
2025-06-15 05:22:11.812437: I external/local_tsl/tsl/framework/bfc_allocator.cc:1095] InUse at 7f233ee0b000 of size 512 next 168
2025-06-15 05:22:11.812856: I external/local_tsl/tsl/framework/bfc_allocator.cc:1095] InUse at 7f233ee0b200 of size 512 next 169
2025-06-15 05:22:11.813294: I external/local_tsl/tsl/framework/bfc_allocator.cc:1095] InUse at 7f233ee0b400 of size 512 next 170
2025-06-15 05:22:11.813716: I external/local_tsl/tsl/framework/bfc_allocator.cc:1095] InUse at 7f233ee0b600 of size 512 next 171
2025-06-15 05:22:11.814258: I external/local_tsl/tsl/framework/bfc_allocator.cc:1095] InUse at 7f233ee0b800 of size 512 next 172
2025-06-15 05:22:11.814754: I external/local_tsl/tsl/framework/bfc_allocator.cc:1095] InUse at 7f233ee0ba00 of size 512 next 174
2025-06-15 05:22:11.815227: I external/local_tsl/tsl/framework/bfc_allocator.cc:1095] InUse at 7f233ee0bc00 of size 512 next 175
2025-06-15 05:22:11.815693: I external/local_tsl/tsl/framework/bfc_allocator.cc:1095] InUse at 7f233ee0be00 of size 512 next 176
2025-06-15 05:22:11.816168: I external/local_tsl/tsl/framework/bfc_allocator.cc:1095] InUse at 7f233ee0c000 of size 512 next 177
2025-06-15 05:22:11.816604: I external/local_tsl/tsl/framework/bfc_allocator.cc:1095] InUse at 7f233ee0c200 of size 512 next 178
2025-06-15 05:22:11.817050: I external/local_tsl/tsl/framework/bfc_allocator.cc:1095] InUse at 7f233ee0c400 of size 512 next 179
2025-06-15 05:22:11.817496: I external/local_tsl/tsl/framework/bfc_allocator.cc:1095] InUse at 7f233ee0c600 of size 1024 next 181
2025-06-15 05:22:11.817959: I external/local_tsl/tsl/framework/bfc_allocator.cc:1095] InUse at 7f233ee0ca00 of size 1024 next 182
2025-06-15 05:22:11.818420: I external/local_tsl/tsl/framework/bfc_allocator.cc:1095] InUse at 7f233ee0ce00 of size 1024 next 183
2025-06-15 05:22:11.818849: I external/local_tsl/tsl/framework/bfc_allocator.cc:1095] InUse at 7f233ee0d200 of size 1024 next 184
2025-06-15 05:22:11.819275: I external/local_tsl/tsl/framework/bfc_allocator.cc:1095] InUse at 7f233ee0d600 of size 1024 next 185
2025-06-15 05:22:11.819739: I external/local_tsl/tsl/framework/bfc_allocator.cc:1095] InUse at 7f233ee0da00 of size 1024 next 186
2025-06-15 05:22:11.820192: I external/local_tsl/tsl/framework/bfc_allocator.cc:1095] InUse at 7f233ee0de00 of size 1024 next 188
2025-06-15 05:22:11.820651: I external/local_tsl/tsl/framework/bfc_allocator.cc:1095] InUse at 7f233ee0e200 of size 1024 next 189
2025-06-15 05:22:11.821111: I external/local_tsl/tsl/framework/bfc_allocator.cc:1095] InUse at 7f233ee0e600 of size 1024 next 190
2025-06-15 05:22:11.821572: I external/local_tsl/tsl/framework/bfc_allocator.cc:1095] InUse at 7f233ee0ea00 of size 1024 next 191
2025-06-15 05:22:11.821995: I external/local_tsl/tsl/framework/bfc_allocator.cc:1095] InUse at 7f233ee0ee00 of size 1024 next 192
2025-06-15 05:22:11.822446: I external/local_tsl/tsl/framework/bfc_allocator.cc:1095] InUse at 7f233ee0f200 of size 1024 next 193
2025-06-15 05:22:11.822894: I external/local_tsl/tsl/framework/bfc_allocator.cc:1095] InUse at 7f233ee0f600 of size 512 next 196
2025-06-15 05:22:11.823373: I external/local_tsl/tsl/framework/bfc_allocator.cc:1095] InUse at 7f233ee0f800 of size 512 next 197
2025-06-15 05:22:11.823820: I external/local_tsl/tsl/framework/bfc_allocator.cc:1095] InUse at 7f233ee0fa00 of size 512 next 199
2025-06-15 05:22:11.824267: I external/local_tsl/tsl/framework/bfc_allocator.cc:1095] InUse at 7f233ee0fc00 of size 512 next 200
2025-06-15 05:22:11.824702: I external/local_tsl/tsl/framework/bfc_allocator.cc:1095] InUse at 7f233ee0fe00 of size 512 next 201
2025-06-15 05:22:11.825183: I external/local_tsl/tsl/framework/bfc_allocator.cc:1095] InUse at 7f233ee10000 of size 512 next 202
2025-06-15 05:22:11.825647: I external/local_tsl/tsl/framework/bfc_allocator.cc:1095] InUse at 7f233ee10200 of size 512 next 203
2025-06-15 05:22:11.826137: I external/local_tsl/tsl/framework/bfc_allocator.cc:1095] InUse at 7f233ee10400 of size 512 next 204
2025-06-15 05:22:11.826592: I external/local_tsl/tsl/framework/bfc_allocator.cc:1095] InUse at 7f233ee10600 of size 512 next 207
2025-06-15 05:22:11.827041: I external/local_tsl/tsl/framework/bfc_allocator.cc:1095] InUse at 7f233ee10800 of size 512 next 208
2025-06-15 05:22:11.827485: I external/local_tsl/tsl/framework/bfc_allocator.cc:1095] InUse at 7f233ee10a00 of size 512 next 209
2025-06-15 05:22:11.827945: I external/local_tsl/tsl/framework/bfc_allocator.cc:1095] InUse at 7f233ee10c00 of size 512 next 210
2025-06-15 05:22:11.828394: I external/local_tsl/tsl/framework/bfc_allocator.cc:1095] InUse at 7f233ee10e00 of size 512 next 211
2025-06-15 05:22:11.828871: I external/local_tsl/tsl/framework/bfc_allocator.cc:1095] InUse at 7f233ee11000 of size 512 next 212
2025-06-15 05:22:11.829334: I external/local_tsl/tsl/framework/bfc_allocator.cc:1095] InUse at 7f233ee11200 of size 256 next 215
2025-06-15 05:22:11.829770: I external/local_tsl/tsl/framework/bfc_allocator.cc:1095] InUse at 7f233ee11300 of size 256 next 216
2025-06-15 05:22:11.830199: I external/local_tsl/tsl/framework/bfc_allocator.cc:1095] InUse at 7f233ee11400 of size 256 next 219
2025-06-15 05:22:11.830636: I external/local_tsl/tsl/framework/bfc_allocator.cc:1095] InUse at 7f233ee11500 of size 256 next 220
2025-06-15 05:22:11.831062: I external/local_tsl/tsl/framework/bfc_allocator.cc:1095] InUse at 7f233ee11600 of size 256 next 221
2025-06-15 05:22:11.831524: I external/local_tsl/tsl/framework/bfc_allocator.cc:1095] InUse at 7f233ee11700 of size 256 next 222
2025-06-15 05:22:11.831951: I external/local_tsl/tsl/framework/bfc_allocator.cc:1095] InUse at 7f233ee11800 of size 256 next 223
2025-06-15 05:22:11.832426: I external/local_tsl/tsl/framework/bfc_allocator.cc:1095] InUse at 7f233ee11900 of size 256 next 224
2025-06-15 05:22:11.832867: I external/local_tsl/tsl/framework/bfc_allocator.cc:1095] InUse at 7f233ee11a00 of size 256 next 227
2025-06-15 05:22:11.833308: I external/local_tsl/tsl/framework/bfc_allocator.cc:1095] InUse at 7f233ee11b00 of size 256 next 228
2025-06-15 05:22:11.833737: I external/local_tsl/tsl/framework/bfc_allocator.cc:1095] InUse at 7f233ee11c00 of size 256 next 229
2025-06-15 05:22:11.834328: I external/local_tsl/tsl/framework/bfc_allocator.cc:1095] InUse at 7f233ee11d00 of size 256 next 230
2025-06-15 05:22:11.834906: I external/local_tsl/tsl/framework/bfc_allocator.cc:1095] InUse at 7f233ee11e00 of size 256 next 231
2025-06-15 05:22:11.835440: I external/local_tsl/tsl/framework/bfc_allocator.cc:1095] InUse at 7f233ee11f00 of size 256 next 232
2025-06-15 05:22:11.835918: I external/local_tsl/tsl/framework/bfc_allocator.cc:1095] InUse at 7f233ee12000 of size 65536 next 233
2025-06-15 05:22:11.836296: I external/local_tsl/tsl/framework/bfc_allocator.cc:1095] InUse at 7f233ee22000 of size 95232 next 19
2025-06-15 05:22:11.836725: I external/local_tsl/tsl/framework/bfc_allocator.cc:1095] InUse at 7f233ee39400 of size 110592 next 18
2025-06-15 05:22:11.837087: I external/local_tsl/tsl/framework/bfc_allocator.cc:1095] InUse at 7f233ee54400 of size 65536 next 115
2025-06-15 05:22:11.837431: I external/local_tsl/tsl/framework/bfc_allocator.cc:1095] InUse at 7f233ee64400 of size 256 next 112
2025-06-15 05:22:11.837916: I external/local_tsl/tsl/framework/bfc_allocator.cc:1095] InUse at 7f233ee64500 of size 256 next 114
2025-06-15 05:22:11.838350: I external/local_tsl/tsl/framework/bfc_allocator.cc:1095] InUse at 7f233ee64600 of size 256 next 113
2025-06-15 05:22:11.838765: I external/local_tsl/tsl/framework/bfc_allocator.cc:1095] InUse at 7f233ee64700 of size 256 next 111
2025-06-15 05:22:11.839197: I external/local_tsl/tsl/framework/bfc_allocator.cc:1095] InUse at 7f233ee64800 of size 256 next 117
2025-06-15 05:22:11.839663: I external/local_tsl/tsl/framework/bfc_allocator.cc:1095] InUse at 7f233ee64900 of size 256 next 118
2025-06-15 05:22:11.840136: I external/local_tsl/tsl/framework/bfc_allocator.cc:1095] InUse at 7f233ee64a00 of size 256 next 120
2025-06-15 05:22:11.840593: I external/local_tsl/tsl/framework/bfc_allocator.cc:1095] InUse at 7f233ee64b00 of size 256 next 119
2025-06-15 05:22:11.841060: I external/local_tsl/tsl/framework/bfc_allocator.cc:1095] InUse at 7f233ee64c00 of size 256 next 121
2025-06-15 05:22:11.841541: I external/local_tsl/tsl/framework/bfc_allocator.cc:1095] InUse at 7f233ee64d00 of size 256 next 123
2025-06-15 05:22:11.841974: I external/local_tsl/tsl/framework/bfc_allocator.cc:1095] InUse at 7f233ee64e00 of size 256 next 124
2025-06-15 05:22:11.842413: I external/local_tsl/tsl/framework/bfc_allocator.cc:1095] InUse at 7f233ee64f00 of size 256 next 125
2025-06-15 05:22:11.842839: I external/local_tsl/tsl/framework/bfc_allocator.cc:1095] InUse at 7f233ee65000 of size 256 next 126
2025-06-15 05:22:11.843332: I external/local_tsl/tsl/framework/bfc_allocator.cc:1095] InUse at 7f233ee65100 of size 256 next 128
2025-06-15 05:22:11.843758: I external/local_tsl/tsl/framework/bfc_allocator.cc:1095] InUse at 7f233ee65200 of size 256 next 127
2025-06-15 05:22:11.844194: I external/local_tsl/tsl/framework/bfc_allocator.cc:1095] InUse at 7f233ee65300 of size 256 next 129
2025-06-15 05:22:11.844612: I external/local_tsl/tsl/framework/bfc_allocator.cc:1095] InUse at 7f233ee65400 of size 256 next 130
2025-06-15 05:22:11.845116: I external/local_tsl/tsl/framework/bfc_allocator.cc:1095] InUse at 7f233ee65500 of size 256 next 131
2025-06-15 05:22:11.845566: I external/local_tsl/tsl/framework/bfc_allocator.cc:1095] InUse at 7f233ee65600 of size 256 next 132
2025-06-15 05:22:11.846051: I external/local_tsl/tsl/framework/bfc_allocator.cc:1095] InUse at 7f233ee65700 of size 256 next 133
2025-06-15 05:22:11.846502: I external/local_tsl/tsl/framework/bfc_allocator.cc:1095] InUse at 7f233ee65800 of size 256 next 137
2025-06-15 05:22:11.846943: I external/local_tsl/tsl/framework/bfc_allocator.cc:1095] InUse at 7f233ee65900 of size 256 next 136
2025-06-15 05:22:11.847409: I external/local_tsl/tsl/framework/bfc_allocator.cc:1095] InUse at 7f233ee65a00 of size 3584 next 138
2025-06-15 05:22:11.847890: I external/local_tsl/tsl/framework/bfc_allocator.cc:1095] InUse at 7f233ee66800 of size 3584 next 139
2025-06-15 05:22:11.848343: I external/local_tsl/tsl/framework/bfc_allocator.cc:1095] InUse at 7f233ee67600 of size 256 next 140
2025-06-15 05:22:11.848824: I external/local_tsl/tsl/framework/bfc_allocator.cc:1095] InUse at 7f233ee67700 of size 256 next 141
2025-06-15 05:22:11.849354: I external/local_tsl/tsl/framework/bfc_allocator.cc:1095] InUse at 7f233ee67800 of size 256 next 142
2025-06-15 05:22:11.849816: I external/local_tsl/tsl/framework/bfc_allocator.cc:1095] InUse at 7f233ee67900 of size 256 next 143
2025-06-15 05:22:11.850276: I external/local_tsl/tsl/framework/bfc_allocator.cc:1095] InUse at 7f233ee67a00 of size 256 next 144
2025-06-15 05:22:11.850750: I external/local_tsl/tsl/framework/bfc_allocator.cc:1095] InUse at 7f233ee67b00 of size 256 next 145
2025-06-15 05:22:11.851219: I external/local_tsl/tsl/framework/bfc_allocator.cc:1095] InUse at 7f233ee67c00 of size 141312 next 27
2025-06-15 05:22:11.851596: I external/local_tsl/tsl/framework/bfc_allocator.cc:1095] InUse at 7f233ee8a400 of size 221184 next 26
2025-06-15 05:22:11.852026: I external/local_tsl/tsl/framework/bfc_allocator.cc:1095] InUse at 7f233eec0400 of size 442368 next 159
2025-06-15 05:22:11.852378: I external/local_tsl/tsl/framework/bfc_allocator.cc:1095] InUse at 7f233ef2c400 of size 867328 next 18446744073709551615
2025-06-15 05:22:11.852720: I external/local_tsl/tsl/framework/bfc_allocator.cc:1075] Next region of size 4194304
2025-06-15 05:22:11.853163: I external/local_tsl/tsl/framework/bfc_allocator.cc:1095] InUse at 7f233f400000 of size 442368 next 37
2025-06-15 05:22:11.853529: I external/local_tsl/tsl/framework/bfc_allocator.cc:1095] InUse at 7f233f46c000 of size 221184 next 116
2025-06-15 05:22:11.853932: I external/local_tsl/tsl/framework/bfc_allocator.cc:1095] InUse at 7f233f4a2000 of size 110592 next 122
2025-06-15 05:22:11.854295: I external/local_tsl/tsl/framework/bfc_allocator.cc:1095] InUse at 7f233f4bd000 of size 192512 next 99
2025-06-15 05:22:11.854676: I external/local_tsl/tsl/framework/bfc_allocator.cc:1095] InUse at 7f233f4ec000 of size 360448 next 44
2025-06-15 05:22:11.855096: I external/local_tsl/tsl/framework/bfc_allocator.cc:1095] InUse at 7f233f544000 of size 884736 next 43
2025-06-15 05:22:11.855452: I external/local_tsl/tsl/framework/bfc_allocator.cc:1095] InUse at 7f233f61c000 of size 1982464 next 18446744073709551615
2025-06-15 05:22:11.855799: I external/local_tsl/tsl/framework/bfc_allocator.cc:1075] Next region of size 8388608
2025-06-15 05:22:11.856238: I external/local_tsl/tsl/framework/bfc_allocator.cc:1095] InUse at 7f233f800000 of size 884736 next 166
2025-06-15 05:22:11.856675: I external/local_tsl/tsl/framework/bfc_allocator.cc:1095] InUse at 7f233f8d8000 of size 884736 next 54
2025-06-15 05:22:11.857038: I external/local_tsl/tsl/framework/bfc_allocator.cc:1095] InUse at 7f233f9b0000 of size 1769472 next 52
2025-06-15 05:22:11.857365: I external/local_tsl/tsl/framework/bfc_allocator.cc:1095] InUse at 7f233fb60000 of size 4849664 next 18446744073709551615
2025-06-15 05:22:11.857746: I external/local_tsl/tsl/framework/bfc_allocator.cc:1100]      Summary of in-use Chunks by size: 
2025-06-15 05:22:11.858252: I external/local_tsl/tsl/framework/bfc_allocator.cc:1103] 155 Chunks of size 256 totalling 38.8KiB
2025-06-15 05:22:11.858676: I external/local_tsl/tsl/framework/bfc_allocator.cc:1103] 54 Chunks of size 512 totalling 27.0KiB
2025-06-15 05:22:11.859115: I external/local_tsl/tsl/framework/bfc_allocator.cc:1103] 1 Chunks of size 768 totalling 768B
2025-06-15 05:22:11.859528: I external/local_tsl/tsl/framework/bfc_allocator.cc:1103] 26 Chunks of size 1024 totalling 26.0KiB
2025-06-15 05:22:11.859977: I external/local_tsl/tsl/framework/bfc_allocator.cc:1103] 1 Chunks of size 1280 totalling 1.2KiB
2025-06-15 05:22:11.860412: I external/local_tsl/tsl/framework/bfc_allocator.cc:1103] 3 Chunks of size 3584 totalling 10.5KiB
2025-06-15 05:22:11.860841: I external/local_tsl/tsl/framework/bfc_allocator.cc:1103] 2 Chunks of size 65536 totalling 128.0KiB
2025-06-15 05:22:11.861293: I external/local_tsl/tsl/framework/bfc_allocator.cc:1103] 1 Chunks of size 95232 totalling 93.0KiB
2025-06-15 05:22:11.861711: I external/local_tsl/tsl/framework/bfc_allocator.cc:1103] 4 Chunks of size 110592 totalling 432.0KiB
2025-06-15 05:22:11.862150: I external/local_tsl/tsl/framework/bfc_allocator.cc:1103] 1 Chunks of size 141312 totalling 138.0KiB
2025-06-15 05:22:11.862625: I external/local_tsl/tsl/framework/bfc_allocator.cc:1103] 1 Chunks of size 192512 totalling 188.0KiB
2025-06-15 05:22:11.863110: I external/local_tsl/tsl/framework/bfc_allocator.cc:1103] 6 Chunks of size 221184 totalling 1.27MiB
2025-06-15 05:22:11.863578: I external/local_tsl/tsl/framework/bfc_allocator.cc:1103] 2 Chunks of size 262144 totalling 512.0KiB
2025-06-15 05:22:11.864017: I external/local_tsl/tsl/framework/bfc_allocator.cc:1103] 1 Chunks of size 360448 totalling 352.0KiB
2025-06-15 05:22:11.864449: I external/local_tsl/tsl/framework/bfc_allocator.cc:1103] 5 Chunks of size 442368 totalling 2.11MiB
2025-06-15 05:22:11.864871: I external/local_tsl/tsl/framework/bfc_allocator.cc:1103] 1 Chunks of size 867328 totalling 847.0KiB
2025-06-15 05:22:11.865345: I external/local_tsl/tsl/framework/bfc_allocator.cc:1103] 6 Chunks of size 884736 totalling 5.06MiB
2025-06-15 05:22:11.865787: I external/local_tsl/tsl/framework/bfc_allocator.cc:1103] 2 Chunks of size 1048576 totalling 2.00MiB
2025-06-15 05:22:11.866252: I external/local_tsl/tsl/framework/bfc_allocator.cc:1103] 6 Chunks of size 1769472 totalling 10.12MiB
2025-06-15 05:22:11.866683: I external/local_tsl/tsl/framework/bfc_allocator.cc:1103] 1 Chunks of size 1982464 totalling 1.89MiB
2025-06-15 05:22:11.867147: I external/local_tsl/tsl/framework/bfc_allocator.cc:1103] 4 Chunks of size 3538944 totalling 13.50MiB
2025-06-15 05:22:11.867602: I external/local_tsl/tsl/framework/bfc_allocator.cc:1103] 1 Chunks of size 4063232 totalling 3.88MiB
2025-06-15 05:22:11.868048: I external/local_tsl/tsl/framework/bfc_allocator.cc:1103] 1 Chunks of size 4849664 totalling 4.62MiB
2025-06-15 05:22:11.868492: I external/local_tsl/tsl/framework/bfc_allocator.cc:1103] 2 Chunks of size 7077888 totalling 13.50MiB
2025-06-15 05:22:11.868987: I external/local_tsl/tsl/framework/bfc_allocator.cc:1103] 1 Chunks of size 12320768 totalling 11.75MiB
2025-06-15 05:22:11.869337: I external/local_tsl/tsl/framework/bfc_allocator.cc:1103] 2 Chunks of size 15138816 totalling 28.88MiB
2025-06-15 05:22:11.869709: I external/local_tsl/tsl/framework/bfc_allocator.cc:1103] 4 Chunks of size 30277632 totalling 115.50MiB
2025-06-15 05:22:11.870083: I external/local_tsl/tsl/framework/bfc_allocator.cc:1103] 2 Chunks of size 60555264 totalling 115.50MiB
2025-06-15 05:22:11.870421: I external/local_tsl/tsl/framework/bfc_allocator.cc:1103] 1 Chunks of size 73662464 totalling 70.25MiB
2025-06-15 05:22:11.870769: I external/local_tsl/tsl/framework/bfc_allocator.cc:1103] 1 Chunks of size 116654080 totalling 111.25MiB
2025-06-15 05:22:11.871139: I external/local_tsl/tsl/framework/bfc_allocator.cc:1103] 6 Chunks of size 121110528 totalling 693.00MiB
2025-06-15 05:22:11.871511: I external/local_tsl/tsl/framework/bfc_allocator.cc:1103] 2 Chunks of size 209715200 totalling 400.00MiB
2025-06-15 05:22:11.871936: I external/local_tsl/tsl/framework/bfc_allocator.cc:1103] 3 Chunks of size 242221056 totalling 693.00MiB
2025-06-15 05:22:11.872315: I external/local_tsl/tsl/framework/bfc_allocator.cc:1103] 8 Chunks of size 484442112 totalling 3.61GiB
2025-06-15 05:22:11.872687: I external/local_tsl/tsl/framework/bfc_allocator.cc:1103] 1 Chunks of size 968884224 totalling 924.00MiB
2025-06-15 05:22:11.873043: I external/local_tsl/tsl/framework/bfc_allocator.cc:1103] 6 Chunks of size 1937768448 totalling 10.83GiB
2025-06-15 05:22:11.873430: I external/local_tsl/tsl/framework/bfc_allocator.cc:1107] Sum Total of in-use chunks: 17.58GiB
2025-06-15 05:22:11.873860: I external/local_tsl/tsl/framework/bfc_allocator.cc:1109] Total bytes in pool: 23575789568 memory_limit_: 23575789568 available bytes: 0 curr_region_allocation_bytes_: 34359738368
2025-06-15 05:22:11.874234: I external/local_tsl/tsl/framework/bfc_allocator.cc:1114] Stats: 
Limit:                     23575789568
InUse:                     18882554112
MaxInUse:                  22800760320
NumAllocs:                         912
MaxAllocSize:               4135495424
Reserved:                            0
PeakReserved:                        0
LargestFreeBlock:                    0

2025-06-15 05:22:11.874597: W external/local_tsl/tsl/framework/bfc_allocator.cc:497] ________*********________************************************_**************************************
2025-06-15 05:22:11.874969: W tensorflow/core/framework/op_kernel.cc:1839] OP_REQUIRES failed at concat_op.cc:165 : RESOURCE_EXHAUSTED: OOM when allocating tensor with shape[2,64,192,224,176] and type float on /job:localhost/replica:0/task:0/device:GPU:0 by allocator GPU_0_bfc
Traceback (most recent call last):
  File "/mnt/beegfs/hellgate/home/rb194958e/stroke_segmentation_sota/batch_wise_train.py", line 277, in <module>
    if main():
       ^^^^^^
  File "/mnt/beegfs/hellgate/home/rb194958e/stroke_segmentation_sota/batch_wise_train.py", line 256, in main
    history = model.fit(
              ^^^^^^^^^^
  File "/mnt/beegfs/hellgate/home/rb194958e/.conda/envs/tf215_env/lib/python3.11/site-packages/keras/src/utils/traceback_utils.py", line 70, in error_handler
    raise e.with_traceback(filtered_tb) from None
  File "/mnt/beegfs/hellgate/home/rb194958e/.conda/envs/tf215_env/lib/python3.11/site-packages/tensorflow/python/eager/execute.py", line 53, in quick_execute
    tensors = pywrap_tfe.TFE_Py_Execute(ctx._handle, device_name, op_name,
  ^^^^^^^^^^^^^^^^^^^^^^^^^^^^^^^^^^^^^^^^^^^^^^^^^^^^^^^^^^^^^^^^^^^^^^^^
tensorflow.python.framework.errors_impl.ResourceExhaustedError: Graph execution error:

Detected at node model/concatenate_2/concat defined at (most recent call last):
  File "/mnt/beegfs/hellgate/home/rb194958e/stroke_segmentation_sota/batch_wise_train.py", line 277, in <module>

  File "/mnt/beegfs/hellgate/home/rb194958e/stroke_segmentation_sota/batch_wise_train.py", line 256, in main

  File "/mnt/beegfs/hellgate/home/rb194958e/.conda/envs/tf215_env/lib/python3.11/site-packages/keras/src/utils/traceback_utils.py", line 65, in error_handler

  File "/mnt/beegfs/hellgate/home/rb194958e/.conda/envs/tf215_env/lib/python3.11/site-packages/keras/src/engine/training.py", line 1807, in fit

  File "/mnt/beegfs/hellgate/home/rb194958e/.conda/envs/tf215_env/lib/python3.11/site-packages/keras/src/engine/training.py", line 1401, in train_function

  File "/mnt/beegfs/hellgate/home/rb194958e/.conda/envs/tf215_env/lib/python3.11/site-packages/keras/src/engine/training.py", line 1384, in step_function

  File "/mnt/beegfs/hellgate/home/rb194958e/.conda/envs/tf215_env/lib/python3.11/site-packages/keras/src/engine/training.py", line 1373, in run_step

  File "/mnt/beegfs/hellgate/home/rb194958e/.conda/envs/tf215_env/lib/python3.11/site-packages/keras/src/engine/training.py", line 1150, in train_step

  File "/mnt/beegfs/hellgate/home/rb194958e/.conda/envs/tf215_env/lib/python3.11/site-packages/keras/src/utils/traceback_utils.py", line 65, in error_handler

  File "/mnt/beegfs/hellgate/home/rb194958e/.conda/envs/tf215_env/lib/python3.11/site-packages/keras/src/engine/training.py", line 590, in __call__

  File "/mnt/beegfs/hellgate/home/rb194958e/.conda/envs/tf215_env/lib/python3.11/site-packages/keras/src/utils/traceback_utils.py", line 65, in error_handler

  File "/mnt/beegfs/hellgate/home/rb194958e/.conda/envs/tf215_env/lib/python3.11/site-packages/keras/src/engine/base_layer.py", line 1149, in __call__

  File "/mnt/beegfs/hellgate/home/rb194958e/.conda/envs/tf215_env/lib/python3.11/site-packages/keras/src/utils/traceback_utils.py", line 96, in error_handler

  File "/mnt/beegfs/hellgate/home/rb194958e/.conda/envs/tf215_env/lib/python3.11/site-packages/keras/src/engine/functional.py", line 515, in call

  File "/mnt/beegfs/hellgate/home/rb194958e/.conda/envs/tf215_env/lib/python3.11/site-packages/keras/src/engine/functional.py", line 672, in _run_internal_graph

  File "/mnt/beegfs/hellgate/home/rb194958e/.conda/envs/tf215_env/lib/python3.11/site-packages/keras/src/utils/traceback_utils.py", line 65, in error_handler

  File "/mnt/beegfs/hellgate/home/rb194958e/.conda/envs/tf215_env/lib/python3.11/site-packages/keras/src/engine/base_layer.py", line 1149, in __call__

  File "/mnt/beegfs/hellgate/home/rb194958e/.conda/envs/tf215_env/lib/python3.11/site-packages/keras/src/utils/traceback_utils.py", line 96, in error_handler

  File "/mnt/beegfs/hellgate/home/rb194958e/.conda/envs/tf215_env/lib/python3.11/site-packages/keras/src/layers/merging/base_merge.py", line 196, in call

  File "/mnt/beegfs/hellgate/home/rb194958e/.conda/envs/tf215_env/lib/python3.11/site-packages/keras/src/layers/merging/concatenate.py", line 134, in _merge_function

  File "/mnt/beegfs/hellgate/home/rb194958e/.conda/envs/tf215_env/lib/python3.11/site-packages/keras/src/backend.py", line 3580, in concatenate

OOM when allocating tensor with shape[2,64,192,224,176] and type float on /job:localhost/replica:0/task:0/device:GPU:0 by allocator GPU_0_bfc
	 [[{{node model/concatenate_2/concat}}]]
Hint: If you want to see a list of allocated tensors when OOM happens, add report_tensor_allocations_upon_oom to RunOptions for current allocation info. This isn't available when running in Eager mode.
 [Op:__inference_train_function_7309]
2025-06-15 05:22:12.036308: W tensorflow/core/kernels/data/generator_dataset_op.cc:108] Error occurred when finalizing GeneratorDataset iterator: FAILED_PRECONDITION: Python interpreter state is not initialized. The process may be terminated.
	 [[{{node PyFunc}}]]
/var/spool/slurmd/job1124353/slurm_script: line 320: EOF: command not found
/var/spool/slurmd/job1124353/slurm_script: line 330: unexpected EOF while looking for matching ``'
/var/spool/slurmd/job1124353/slurm_script: line 339: syntax error: unexpected end of file
