2025-06-15 05:49:49.032356: I tensorflow/core/util/port.cc:113] oneDNN custom operations are on. You may see slightly different numerical results due to floating-point round-off errors from different computation orders. To turn them off, set the environment variable `TF_ENABLE_ONEDNN_OPTS=0`.
2025-06-15 05:49:50.046047: E external/local_xla/xla/stream_executor/cuda/cuda_dnn.cc:9261] Unable to register cuDNN factory: Attempting to register factory for plugin cuDNN when one has already been registered
2025-06-15 05:49:50.046812: E external/local_xla/xla/stream_executor/cuda/cuda_fft.cc:607] Unable to register cuFFT factory: Attempting to register factory for plugin cuFFT when one has already been registered
2025-06-15 05:49:50.161083: E external/local_xla/xla/stream_executor/cuda/cuda_blas.cc:1515] Unable to register cuBLAS factory: Attempting to register factory for plugin cuBLAS when one has already been registered
2025-06-15 05:49:50.414826: I tensorflow/core/platform/cpu_feature_guard.cc:182] This TensorFlow binary is optimized to use available CPU instructions in performance-critical operations.
To enable the following instructions: AVX2 AVX512F AVX512_VNNI FMA, in other operations, rebuild TensorFlow with the appropriate compiler flags.
2025-06-15 05:49:57.183577: W tensorflow/compiler/tf2tensorrt/utils/py_utils.cc:38] TF-TRT Warning: Could not find TensorRT
INFO:__main__:🚀 Starting Stroke Lesion Segmentation Training
INFO:__main__:Using 1 GPU(s)
INFO:__main__:Creating data generators...
INFO:__main__:Found 655 valid image/mask pairs
INFO:__main__:Found 655 valid image/mask pairs
INFO:__main__:Training batches: 262
INFO:__main__:Validation batches: 65
INFO:__main__:Building model...
2025-06-15 05:50:11.901387: I tensorflow/core/common_runtime/gpu/gpu_device.cc:1929] Created device /job:localhost/replica:0/task:0/device:GPU:0 with 22483 MB memory:  -> device: 0, name: NVIDIA RTX 4500 Ada Generation, pci bus id: 0000:1c:00.0, compute capability: 8.9
INFO:__main__:Model parameters: 5,605,345
INFO:__main__:Starting training...
pixdim[0] (qfac) should be 1 (default) or -1; setting qfac to 1
INFO:nibabel.global:pixdim[0] (qfac) should be 1 (default) or -1; setting qfac to 1
pixdim[0] (qfac) should be 1 (default) or -1; setting qfac to 1
INFO:nibabel.global:pixdim[0] (qfac) should be 1 (default) or -1; setting qfac to 1
pixdim[0] (qfac) should be 1 (default) or -1; setting qfac to 1
INFO:nibabel.global:pixdim[0] (qfac) should be 1 (default) or -1; setting qfac to 1
pixdim[0] (qfac) should be 1 (default) or -1; setting qfac to 1
INFO:nibabel.global:pixdim[0] (qfac) should be 1 (default) or -1; setting qfac to 1
2025-06-15 05:50:19.461268: I external/local_xla/xla/stream_executor/cuda/cuda_dnn.cc:454] Loaded cuDNN version 8907
pixdim[0] (qfac) should be 1 (default) or -1; setting qfac to 1
INFO:nibabel.global:pixdim[0] (qfac) should be 1 (default) or -1; setting qfac to 1
pixdim[0] (qfac) should be 1 (default) or -1; setting qfac to 1
INFO:nibabel.global:pixdim[0] (qfac) should be 1 (default) or -1; setting qfac to 1
pixdim[0] (qfac) should be 1 (default) or -1; setting qfac to 1
INFO:nibabel.global:pixdim[0] (qfac) should be 1 (default) or -1; setting qfac to 1
pixdim[0] (qfac) should be 1 (default) or -1; setting qfac to 1
INFO:nibabel.global:pixdim[0] (qfac) should be 1 (default) or -1; setting qfac to 1
2025-06-15 05:50:36.054010: W external/local_tsl/tsl/framework/bfc_allocator.cc:296] Allocator (GPU_0_bfc) ran out of memory trying to allocate 2.27GiB with freed_by_count=0. The caller indicates that this is not a failure, but this may mean that there could be performance gains if more memory were available.
2025-06-15 05:50:36.155692: W external/local_tsl/tsl/framework/bfc_allocator.cc:296] Allocator (GPU_0_bfc) ran out of memory trying to allocate 2.30GiB with freed_by_count=0. The caller indicates that this is not a failure, but this may mean that there could be performance gains if more memory were available.
2025-06-15 05:50:36.156620: W external/local_tsl/tsl/framework/bfc_allocator.cc:296] Allocator (GPU_0_bfc) ran out of memory trying to allocate 2.27GiB with freed_by_count=0. The caller indicates that this is not a failure, but this may mean that there could be performance gains if more memory were available.
2025-06-15 05:50:36.785384: W external/local_tsl/tsl/framework/bfc_allocator.cc:296] Allocator (GPU_0_bfc) ran out of memory trying to allocate 2.27GiB with freed_by_count=0. The caller indicates that this is not a failure, but this may mean that there could be performance gains if more memory were available.
2025-06-15 05:50:36.839073: W external/local_tsl/tsl/framework/bfc_allocator.cc:296] Allocator (GPU_0_bfc) ran out of memory trying to allocate 2.30GiB with freed_by_count=0. The caller indicates that this is not a failure, but this may mean that there could be performance gains if more memory were available.
2025-06-15 05:50:36.839932: W external/local_tsl/tsl/framework/bfc_allocator.cc:296] Allocator (GPU_0_bfc) ran out of memory trying to allocate 2.27GiB with freed_by_count=0. The caller indicates that this is not a failure, but this may mean that there could be performance gains if more memory were available.
2025-06-15 05:50:47.468882: W external/local_tsl/tsl/framework/bfc_allocator.cc:485] Allocator (GPU_0_bfc) ran out of memory trying to allocate 3.61GiB (rounded to 3875536896)requested by op model/concatenate_2/concat
If the cause is memory fragmentation maybe the environment variable 'TF_GPU_ALLOCATOR=cuda_malloc_async' will improve the situation. 
Current allocation summary follows.
Current allocation summary follows.
2025-06-15 05:50:47.469673: I external/local_tsl/tsl/framework/bfc_allocator.cc:1039] BFCAllocator dump for GPU_0_bfc
2025-06-15 05:50:47.470551: I external/local_tsl/tsl/framework/bfc_allocator.cc:1046] Bin (256): 	Total Chunks: 155, Chunks in use: 155. 38.8KiB allocated for chunks. 38.8KiB in use in bin. 20.7KiB client-requested in use in bin.
2025-06-15 05:50:47.471215: I external/local_tsl/tsl/framework/bfc_allocator.cc:1046] Bin (512): 	Total Chunks: 56, Chunks in use: 55. 28.2KiB allocated for chunks. 27.8KiB in use in bin. 27.5KiB client-requested in use in bin.
2025-06-15 05:50:47.471712: I external/local_tsl/tsl/framework/bfc_allocator.cc:1046] Bin (1024): 	Total Chunks: 27, Chunks in use: 27. 27.2KiB allocated for chunks. 27.2KiB in use in bin. 27.0KiB client-requested in use in bin.
2025-06-15 05:50:47.472165: I external/local_tsl/tsl/framework/bfc_allocator.cc:1046] Bin (2048): 	Total Chunks: 3, Chunks in use: 3. 10.5KiB allocated for chunks. 10.5KiB in use in bin. 10.1KiB client-requested in use in bin.
2025-06-15 05:50:47.472632: I external/local_tsl/tsl/framework/bfc_allocator.cc:1046] Bin (4096): 	Total Chunks: 0, Chunks in use: 0. 0B allocated for chunks. 0B in use in bin. 0B client-requested in use in bin.
2025-06-15 05:50:47.473078: I external/local_tsl/tsl/framework/bfc_allocator.cc:1046] Bin (8192): 	Total Chunks: 0, Chunks in use: 0. 0B allocated for chunks. 0B in use in bin. 0B client-requested in use in bin.
2025-06-15 05:50:47.473460: I external/local_tsl/tsl/framework/bfc_allocator.cc:1046] Bin (16384): 	Total Chunks: 0, Chunks in use: 0. 0B allocated for chunks. 0B in use in bin. 0B client-requested in use in bin.
2025-06-15 05:50:47.473885: I external/local_tsl/tsl/framework/bfc_allocator.cc:1046] Bin (32768): 	Total Chunks: 0, Chunks in use: 0. 0B allocated for chunks. 0B in use in bin. 0B client-requested in use in bin.
2025-06-15 05:50:47.474309: I external/local_tsl/tsl/framework/bfc_allocator.cc:1046] Bin (65536): 	Total Chunks: 7, Chunks in use: 7. 653.0KiB allocated for chunks. 653.0KiB in use in bin. 624.0KiB client-requested in use in bin.
2025-06-15 05:50:47.474769: I external/local_tsl/tsl/framework/bfc_allocator.cc:1046] Bin (131072): 	Total Chunks: 8, Chunks in use: 8. 1.58MiB allocated for chunks. 1.58MiB in use in bin. 1.48MiB client-requested in use in bin.
2025-06-15 05:50:47.475194: I external/local_tsl/tsl/framework/bfc_allocator.cc:1046] Bin (262144): 	Total Chunks: 8, Chunks in use: 8. 2.95MiB allocated for chunks. 2.95MiB in use in bin. 2.86MiB client-requested in use in bin.
2025-06-15 05:50:47.475594: I external/local_tsl/tsl/framework/bfc_allocator.cc:1046] Bin (524288): 	Total Chunks: 7, Chunks in use: 7. 5.89MiB allocated for chunks. 5.89MiB in use in bin. 5.48MiB client-requested in use in bin.
2025-06-15 05:50:47.476045: I external/local_tsl/tsl/framework/bfc_allocator.cc:1046] Bin (1048576): 	Total Chunks: 9, Chunks in use: 9. 14.02MiB allocated for chunks. 14.02MiB in use in bin. 13.12MiB client-requested in use in bin.
2025-06-15 05:50:47.476489: I external/local_tsl/tsl/framework/bfc_allocator.cc:1046] Bin (2097152): 	Total Chunks: 5, Chunks in use: 5. 17.38MiB allocated for chunks. 17.38MiB in use in bin. 16.88MiB client-requested in use in bin.
2025-06-15 05:50:47.476936: I external/local_tsl/tsl/framework/bfc_allocator.cc:1046] Bin (4194304): 	Total Chunks: 3, Chunks in use: 3. 18.12MiB allocated for chunks. 18.12MiB in use in bin. 16.88MiB client-requested in use in bin.
2025-06-15 05:50:47.477321: I external/local_tsl/tsl/framework/bfc_allocator.cc:1046] Bin (8388608): 	Total Chunks: 3, Chunks in use: 3. 40.62MiB allocated for chunks. 40.62MiB in use in bin. 35.62MiB client-requested in use in bin.
2025-06-15 05:50:47.477760: I external/local_tsl/tsl/framework/bfc_allocator.cc:1046] Bin (16777216): 	Total Chunks: 5, Chunks in use: 4. 140.19MiB allocated for chunks. 115.50MiB in use in bin. 115.50MiB client-requested in use in bin.
2025-06-15 05:50:47.478194: I external/local_tsl/tsl/framework/bfc_allocator.cc:1046] Bin (33554432): 	Total Chunks: 2, Chunks in use: 2. 115.50MiB allocated for chunks. 115.50MiB in use in bin. 115.50MiB client-requested in use in bin.
2025-06-15 05:50:47.478596: I external/local_tsl/tsl/framework/bfc_allocator.cc:1046] Bin (67108864): 	Total Chunks: 8, Chunks in use: 8. 874.50MiB allocated for chunks. 874.50MiB in use in bin. 808.50MiB client-requested in use in bin.
2025-06-15 05:50:47.478988: I external/local_tsl/tsl/framework/bfc_allocator.cc:1046] Bin (134217728): 	Total Chunks: 5, Chunks in use: 5. 1.07GiB allocated for chunks. 1.07GiB in use in bin. 924.00MiB client-requested in use in bin.
2025-06-15 05:50:47.479371: I external/local_tsl/tsl/framework/bfc_allocator.cc:1046] Bin (268435456): 	Total Chunks: 18, Chunks in use: 15. 19.69GiB allocated for chunks. 15.34GiB in use in bin. 15.34GiB client-requested in use in bin.
2025-06-15 05:50:47.479776: I external/local_tsl/tsl/framework/bfc_allocator.cc:1062] Bin for 3.61GiB was 256.00MiB, Chunk State: 
2025-06-15 05:50:47.480152: I external/local_tsl/tsl/framework/bfc_allocator.cc:1068]   Size: 453.50MiB | Requested Size: 16.00MiB | in_use: 0 | bin_num: 20, prev:   Size: 462.00MiB | Requested Size: 462.00MiB | in_use: 1 | bin_num: -1
2025-06-15 05:50:47.480539: I external/local_tsl/tsl/framework/bfc_allocator.cc:1068]   Size: 1.80GiB | Requested Size: 1.80GiB | in_use: 0 | bin_num: 20, next:   Size: 1.80GiB | Requested Size: 1.80GiB | in_use: 1 | bin_num: -1
2025-06-15 05:50:47.480918: I external/local_tsl/tsl/framework/bfc_allocator.cc:1068]   Size: 2.10GiB | Requested Size: 1.82GiB | in_use: 0 | bin_num: 20, prev:   Size: 1.80GiB | Requested Size: 1.80GiB | in_use: 1 | bin_num: -1
2025-06-15 05:50:47.481302: I external/local_tsl/tsl/framework/bfc_allocator.cc:1075] Next region of size 6129582080
2025-06-15 05:50:47.481772: I external/local_tsl/tsl/framework/bfc_allocator.cc:1095] Free  at 7f38a2000000 of size 1937768448 next 107
2025-06-15 05:50:47.482130: I external/local_tsl/tsl/framework/bfc_allocator.cc:1095] InUse at 7f3915800000 of size 1937768448 next 329
2025-06-15 05:50:47.482487: I external/local_tsl/tsl/framework/bfc_allocator.cc:1095] Free  at 7f3989000000 of size 2254045184 next 18446744073709551615
2025-06-15 05:50:47.482891: I external/local_tsl/tsl/framework/bfc_allocator.cc:1075] Next region of size 8589934592
2025-06-15 05:50:47.483361: I external/local_tsl/tsl/framework/bfc_allocator.cc:1095] InUse at 7f3a44000000 of size 1937768448 next 282
2025-06-15 05:50:47.483809: I external/local_tsl/tsl/framework/bfc_allocator.cc:1095] InUse at 7f3ab7800000 of size 242221056 next 283
2025-06-15 05:50:47.484235: I external/local_tsl/tsl/framework/bfc_allocator.cc:1095] InUse at 7f3ac5f00000 of size 484442112 next 284
2025-06-15 05:50:47.484658: I external/local_tsl/tsl/framework/bfc_allocator.cc:1095] InUse at 7f3ae2d00000 of size 484442112 next 285
2025-06-15 05:50:47.485040: I external/local_tsl/tsl/framework/bfc_allocator.cc:1095] InUse at 7f3affb00000 of size 484442112 next 29
2025-06-15 05:50:47.485438: I external/local_tsl/tsl/framework/bfc_allocator.cc:1095] InUse at 7f3b1c900000 of size 484442112 next 289
2025-06-15 05:50:47.485844: I external/local_tsl/tsl/framework/bfc_allocator.cc:1095] InUse at 7f3b39700000 of size 484442112 next 293
2025-06-15 05:50:47.486204: I external/local_tsl/tsl/framework/bfc_allocator.cc:1095] InUse at 7f3b56500000 of size 121110528 next 47
2025-06-15 05:50:47.486565: I external/local_tsl/tsl/framework/bfc_allocator.cc:1095] InUse at 7f3b5d880000 of size 121110528 next 296
2025-06-15 05:50:47.486929: I external/local_tsl/tsl/framework/bfc_allocator.cc:1095] InUse at 7f3b64c00000 of size 121110528 next 300
2025-06-15 05:50:47.487334: I external/local_tsl/tsl/framework/bfc_allocator.cc:1095] InUse at 7f3b6bf80000 of size 30277632 next 302
2025-06-15 05:50:47.487759: I external/local_tsl/tsl/framework/bfc_allocator.cc:1095] InUse at 7f3b6dc60000 of size 30277632 next 303
2025-06-15 05:50:47.488145: I external/local_tsl/tsl/framework/bfc_allocator.cc:1095] InUse at 7f3b6f940000 of size 30277632 next 66
2025-06-15 05:50:47.488497: I external/local_tsl/tsl/framework/bfc_allocator.cc:1095] InUse at 7f3b71620000 of size 30277632 next 307
2025-06-15 05:50:47.488885: I external/local_tsl/tsl/framework/bfc_allocator.cc:1095] InUse at 7f3b73300000 of size 121110528 next 76
2025-06-15 05:50:47.489251: I external/local_tsl/tsl/framework/bfc_allocator.cc:1095] InUse at 7f3b7a680000 of size 121110528 next 312
2025-06-15 05:50:47.489659: I external/local_tsl/tsl/framework/bfc_allocator.cc:1095] InUse at 7f3b81a00000 of size 242221056 next 311
2025-06-15 05:50:47.490056: I external/local_tsl/tsl/framework/bfc_allocator.cc:1095] InUse at 7f3b90100000 of size 121110528 next 85
2025-06-15 05:50:47.490436: I external/local_tsl/tsl/framework/bfc_allocator.cc:1095] InUse at 7f3b97480000 of size 484442112 next 325
2025-06-15 05:50:47.490901: I external/local_tsl/tsl/framework/bfc_allocator.cc:1095] InUse at 7f3bb4280000 of size 484442112 next 320
2025-06-15 05:50:47.491297: I external/local_tsl/tsl/framework/bfc_allocator.cc:1095] InUse at 7f3bd1080000 of size 968884224 next 319
2025-06-15 05:50:47.491718: I external/local_tsl/tsl/framework/bfc_allocator.cc:1095] InUse at 7f3c0ac80000 of size 484442112 next 91
2025-06-15 05:50:47.492106: I external/local_tsl/tsl/framework/bfc_allocator.cc:1095] Free  at 7f3c27a80000 of size 475529216 next 18446744073709551615
2025-06-15 05:50:47.492460: I external/local_tsl/tsl/framework/bfc_allocator.cc:1075] Next region of size 4294967296
2025-06-15 05:50:47.492907: I external/local_tsl/tsl/framework/bfc_allocator.cc:1095] InUse at 7f3c66000000 of size 1937768448 next 11
2025-06-15 05:50:47.493338: I external/local_tsl/tsl/framework/bfc_allocator.cc:1095] InUse at 7f3cd9800000 of size 1937768448 next 277
2025-06-15 05:50:47.493742: I external/local_tsl/tsl/framework/bfc_allocator.cc:1095] InUse at 7f3d4d000000 of size 242221056 next 20
2025-06-15 05:50:47.494121: I external/local_tsl/tsl/framework/bfc_allocator.cc:1095] InUse at 7f3d5b700000 of size 60555264 next 38
2025-06-15 05:50:47.494467: I external/local_tsl/tsl/framework/bfc_allocator.cc:1095] InUse at 7f3d5f0c0000 of size 116654080 next 18446744073709551615
2025-06-15 05:50:47.494847: I external/local_tsl/tsl/framework/bfc_allocator.cc:1075] Next region of size 2147483648
2025-06-15 05:50:47.495336: I external/local_tsl/tsl/framework/bfc_allocator.cc:1095] InUse at 7f3d92000000 of size 1937768448 next 265
2025-06-15 05:50:47.495719: I external/local_tsl/tsl/framework/bfc_allocator.cc:1095] InUse at 7f3e05800000 of size 209715200 next 18446744073709551615
2025-06-15 05:50:47.496114: I external/local_tsl/tsl/framework/bfc_allocator.cc:1075] Next region of size 2147483648
2025-06-15 05:50:47.496599: I external/local_tsl/tsl/framework/bfc_allocator.cc:1095] InUse at 7f3e18000000 of size 1937768448 next 267
2025-06-15 05:50:47.497002: I external/local_tsl/tsl/framework/bfc_allocator.cc:1095] InUse at 7f3e8b800000 of size 209715200 next 18446744073709551615
2025-06-15 05:50:47.497374: I external/local_tsl/tsl/framework/bfc_allocator.cc:1075] Next region of size 134217728
2025-06-15 05:50:47.497822: I external/local_tsl/tsl/framework/bfc_allocator.cc:1095] InUse at 7f3f24000000 of size 60555264 next 264
2025-06-15 05:50:47.498233: I external/local_tsl/tsl/framework/bfc_allocator.cc:1095] InUse at 7f3f279c0000 of size 73662464 next 18446744073709551615
2025-06-15 05:50:47.498624: I external/local_tsl/tsl/framework/bfc_allocator.cc:1075] Next region of size 67108864
2025-06-15 05:50:47.499072: I external/local_tsl/tsl/framework/bfc_allocator.cc:1095] InUse at 7f3f2c000000 of size 3538944 next 198
2025-06-15 05:50:47.499442: I external/local_tsl/tsl/framework/bfc_allocator.cc:1095] InUse at 7f3f2c360000 of size 1769472 next 205
2025-06-15 05:50:47.499823: I external/local_tsl/tsl/framework/bfc_allocator.cc:1095] InUse at 7f3f2c510000 of size 1769472 next 206
2025-06-15 05:50:47.500249: I external/local_tsl/tsl/framework/bfc_allocator.cc:1095] InUse at 7f3f2c6c0000 of size 262144 next 213
2025-06-15 05:50:47.500645: I external/local_tsl/tsl/framework/bfc_allocator.cc:1095] InUse at 7f3f2c700000 of size 262144 next 214
2025-06-15 05:50:47.501025: I external/local_tsl/tsl/framework/bfc_allocator.cc:1095] InUse at 7f3f2c740000 of size 884736 next 217
2025-06-15 05:50:47.501407: I external/local_tsl/tsl/framework/bfc_allocator.cc:1095] InUse at 7f3f2c818000 of size 884736 next 218
2025-06-15 05:50:47.501811: I external/local_tsl/tsl/framework/bfc_allocator.cc:1095] InUse at 7f3f2c8f0000 of size 442368 next 225
2025-06-15 05:50:47.502201: I external/local_tsl/tsl/framework/bfc_allocator.cc:1095] InUse at 7f3f2c95c000 of size 442368 next 226
2025-06-15 05:50:47.502595: I external/local_tsl/tsl/framework/bfc_allocator.cc:1095] InUse at 7f3f2c9c8000 of size 256 next 234
2025-06-15 05:50:47.503072: I external/local_tsl/tsl/framework/bfc_allocator.cc:1095] InUse at 7f3f2c9c8100 of size 256 next 235
2025-06-15 05:50:47.503562: I external/local_tsl/tsl/framework/bfc_allocator.cc:1095] InUse at 7f3f2c9c8200 of size 221184 next 236
2025-06-15 05:50:47.503994: I external/local_tsl/tsl/framework/bfc_allocator.cc:1095] InUse at 7f3f2c9fe200 of size 221184 next 237
2025-06-15 05:50:47.504391: I external/local_tsl/tsl/framework/bfc_allocator.cc:1095] InUse at 7f3f2ca34200 of size 256 next 238
2025-06-15 05:50:47.504854: I external/local_tsl/tsl/framework/bfc_allocator.cc:1095] InUse at 7f3f2ca34300 of size 256 next 239
2025-06-15 05:50:47.505304: I external/local_tsl/tsl/framework/bfc_allocator.cc:1095] InUse at 7f3f2ca34400 of size 256 next 240
2025-06-15 05:50:47.505761: I external/local_tsl/tsl/framework/bfc_allocator.cc:1095] InUse at 7f3f2ca34500 of size 256 next 241
2025-06-15 05:50:47.506230: I external/local_tsl/tsl/framework/bfc_allocator.cc:1095] InUse at 7f3f2ca34600 of size 256 next 242
2025-06-15 05:50:47.506675: I external/local_tsl/tsl/framework/bfc_allocator.cc:1095] InUse at 7f3f2ca34700 of size 256 next 243
2025-06-15 05:50:47.507134: I external/local_tsl/tsl/framework/bfc_allocator.cc:1095] InUse at 7f3f2ca34800 of size 110592 next 244
2025-06-15 05:50:47.507501: I external/local_tsl/tsl/framework/bfc_allocator.cc:1095] InUse at 7f3f2ca4f800 of size 110592 next 245
2025-06-15 05:50:47.507884: I external/local_tsl/tsl/framework/bfc_allocator.cc:1095] InUse at 7f3f2ca6a800 of size 256 next 246
2025-06-15 05:50:47.508345: I external/local_tsl/tsl/framework/bfc_allocator.cc:1095] InUse at 7f3f2ca6a900 of size 256 next 247
2025-06-15 05:50:47.508793: I external/local_tsl/tsl/framework/bfc_allocator.cc:1095] InUse at 7f3f2ca6aa00 of size 256 next 248
2025-06-15 05:50:47.509273: I external/local_tsl/tsl/framework/bfc_allocator.cc:1095] InUse at 7f3f2ca6ab00 of size 256 next 249
2025-06-15 05:50:47.509740: I external/local_tsl/tsl/framework/bfc_allocator.cc:1095] InUse at 7f3f2ca6ac00 of size 256 next 250
2025-06-15 05:50:47.510237: I external/local_tsl/tsl/framework/bfc_allocator.cc:1095] InUse at 7f3f2ca6ad00 of size 256 next 251
2025-06-15 05:50:47.510731: I external/local_tsl/tsl/framework/bfc_allocator.cc:1095] InUse at 7f3f2ca6ae00 of size 256 next 252
2025-06-15 05:50:47.511220: I external/local_tsl/tsl/framework/bfc_allocator.cc:1095] InUse at 7f3f2ca6af00 of size 256 next 253
2025-06-15 05:50:47.511700: I external/local_tsl/tsl/framework/bfc_allocator.cc:1095] InUse at 7f3f2ca6b000 of size 256 next 254
2025-06-15 05:50:47.512137: I external/local_tsl/tsl/framework/bfc_allocator.cc:1095] InUse at 7f3f2ca6b100 of size 256 next 255
2025-06-15 05:50:47.512600: I external/local_tsl/tsl/framework/bfc_allocator.cc:1095] InUse at 7f3f2ca6b200 of size 256 next 256
2025-06-15 05:50:47.513058: I external/local_tsl/tsl/framework/bfc_allocator.cc:1095] InUse at 7f3f2ca6b300 of size 256 next 257
2025-06-15 05:50:47.513500: I external/local_tsl/tsl/framework/bfc_allocator.cc:1095] InUse at 7f3f2ca6b400 of size 256 next 258
2025-06-15 05:50:47.513959: I external/local_tsl/tsl/framework/bfc_allocator.cc:1095] InUse at 7f3f2ca6b500 of size 256 next 259
2025-06-15 05:50:47.514429: I external/local_tsl/tsl/framework/bfc_allocator.cc:1095] InUse at 7f3f2ca6b600 of size 256 next 260
2025-06-15 05:50:47.514922: I external/local_tsl/tsl/framework/bfc_allocator.cc:1095] InUse at 7f3f2ca6b700 of size 256 next 261
2025-06-15 05:50:47.515372: I external/local_tsl/tsl/framework/bfc_allocator.cc:1095] InUse at 7f3f2ca6b800 of size 256 next 262
2025-06-15 05:50:47.515837: I external/local_tsl/tsl/framework/bfc_allocator.cc:1095] InUse at 7f3f2ca6b900 of size 256 next 263
2025-06-15 05:50:47.516339: I external/local_tsl/tsl/framework/bfc_allocator.cc:1095] InUse at 7f3f2ca6ba00 of size 256 next 272
2025-06-15 05:50:47.516798: I external/local_tsl/tsl/framework/bfc_allocator.cc:1095] InUse at 7f3f2ca6bb00 of size 256 next 274
2025-06-15 05:50:47.517340: I external/local_tsl/tsl/framework/bfc_allocator.cc:1095] InUse at 7f3f2ca6bc00 of size 256 next 275
2025-06-15 05:50:47.517850: I external/local_tsl/tsl/framework/bfc_allocator.cc:1095] InUse at 7f3f2ca6bd00 of size 256 next 276
2025-06-15 05:50:47.518307: I external/local_tsl/tsl/framework/bfc_allocator.cc:1095] InUse at 7f3f2ca6be00 of size 256 next 280
2025-06-15 05:50:47.518817: I external/local_tsl/tsl/framework/bfc_allocator.cc:1095] InUse at 7f3f2ca6bf00 of size 256 next 281
2025-06-15 05:50:47.519309: I external/local_tsl/tsl/framework/bfc_allocator.cc:1095] InUse at 7f3f2ca6c000 of size 256 next 287
2025-06-15 05:50:47.519782: I external/local_tsl/tsl/framework/bfc_allocator.cc:1095] InUse at 7f3f2ca6c100 of size 256 next 288
2025-06-15 05:50:47.520253: I external/local_tsl/tsl/framework/bfc_allocator.cc:1095] InUse at 7f3f2ca6c200 of size 256 next 291
2025-06-15 05:50:47.520701: I external/local_tsl/tsl/framework/bfc_allocator.cc:1095] InUse at 7f3f2ca6c300 of size 256 next 292
2025-06-15 05:50:47.521167: I external/local_tsl/tsl/framework/bfc_allocator.cc:1095] InUse at 7f3f2ca6c400 of size 512 next 294
2025-06-15 05:50:47.521668: I external/local_tsl/tsl/framework/bfc_allocator.cc:1095] InUse at 7f3f2ca6c600 of size 768 next 268
2025-06-15 05:50:47.522136: I external/local_tsl/tsl/framework/bfc_allocator.cc:1095] InUse at 7f3f2ca6c900 of size 256 next 269
2025-06-15 05:50:47.522596: I external/local_tsl/tsl/framework/bfc_allocator.cc:1095] InUse at 7f3f2ca6ca00 of size 256 next 270
2025-06-15 05:50:47.523061: I external/local_tsl/tsl/framework/bfc_allocator.cc:1095] InUse at 7f3f2ca6cb00 of size 512 next 295
2025-06-15 05:50:47.523510: I external/local_tsl/tsl/framework/bfc_allocator.cc:1095] InUse at 7f3f2ca6cd00 of size 512 next 298
2025-06-15 05:50:47.523996: I external/local_tsl/tsl/framework/bfc_allocator.cc:1095] InUse at 7f3f2ca6cf00 of size 512 next 299
2025-06-15 05:50:47.524458: I external/local_tsl/tsl/framework/bfc_allocator.cc:1095] InUse at 7f3f2ca6d100 of size 15138816 next 56
2025-06-15 05:50:47.524886: I external/local_tsl/tsl/framework/bfc_allocator.cc:1095] InUse at 7f3f2d8dd100 of size 15138816 next 301
2025-06-15 05:50:47.525290: I external/local_tsl/tsl/framework/bfc_allocator.cc:1095] InUse at 7f3f2e74d100 of size 1024 next 304
2025-06-15 05:50:47.525775: I external/local_tsl/tsl/framework/bfc_allocator.cc:1095] InUse at 7f3f2e74d500 of size 1024 next 305
2025-06-15 05:50:47.526280: I external/local_tsl/tsl/framework/bfc_allocator.cc:1095] InUse at 7f3f2e74d900 of size 1024 next 306
2025-06-15 05:50:47.526733: I external/local_tsl/tsl/framework/bfc_allocator.cc:1095] InUse at 7f3f2e74dd00 of size 1024 next 309
2025-06-15 05:50:47.527230: I external/local_tsl/tsl/framework/bfc_allocator.cc:1095] InUse at 7f3f2e74e100 of size 1024 next 310
2025-06-15 05:50:47.527708: I external/local_tsl/tsl/framework/bfc_allocator.cc:1095] InUse at 7f3f2e74e500 of size 512 next 317
2025-06-15 05:50:47.528164: I external/local_tsl/tsl/framework/bfc_allocator.cc:1095] InUse at 7f3f2e74e700 of size 512 next 318
2025-06-15 05:50:47.528625: I external/local_tsl/tsl/framework/bfc_allocator.cc:1095] InUse at 7f3f2e74e900 of size 256 next 326
2025-06-15 05:50:47.529091: I external/local_tsl/tsl/framework/bfc_allocator.cc:1095] InUse at 7f3f2e74ea00 of size 256 next 327
2025-06-15 05:50:47.529563: I external/local_tsl/tsl/framework/bfc_allocator.cc:1095] Free  at 7f3f2e74eb00 of size 25892096 next 18446744073709551615
2025-06-15 05:50:47.530019: I external/local_tsl/tsl/framework/bfc_allocator.cc:1075] Next region of size 33554432
2025-06-15 05:50:47.530488: I external/local_tsl/tsl/framework/bfc_allocator.cc:1095] InUse at 7f3f44000000 of size 3538944 next 83
2025-06-15 05:50:47.530911: I external/local_tsl/tsl/framework/bfc_allocator.cc:1095] InUse at 7f3f44360000 of size 221184 next 152
2025-06-15 05:50:47.531305: I external/local_tsl/tsl/framework/bfc_allocator.cc:1095] InUse at 7f3f44396000 of size 221184 next 106
2025-06-15 05:50:47.531665: I external/local_tsl/tsl/framework/bfc_allocator.cc:1095] InUse at 7f3f443cc000 of size 442368 next 100
2025-06-15 05:50:47.532067: I external/local_tsl/tsl/framework/bfc_allocator.cc:1095] InUse at 7f3f44438000 of size 884736 next 90
2025-06-15 05:50:47.532479: I external/local_tsl/tsl/framework/bfc_allocator.cc:1095] InUse at 7f3f44510000 of size 1769472 next 74
2025-06-15 05:50:47.532863: I external/local_tsl/tsl/framework/bfc_allocator.cc:1095] InUse at 7f3f446c0000 of size 7077888 next 72
2025-06-15 05:50:47.533243: I external/local_tsl/tsl/framework/bfc_allocator.cc:1095] InUse at 7f3f44d80000 of size 7077888 next 187
2025-06-15 05:50:47.533611: I external/local_tsl/tsl/framework/bfc_allocator.cc:1095] InUse at 7f3f45440000 of size 12320768 next 18446744073709551615
2025-06-15 05:50:47.534015: I external/local_tsl/tsl/framework/bfc_allocator.cc:1075] Next region of size 16777216
2025-06-15 05:50:47.534466: I external/local_tsl/tsl/framework/bfc_allocator.cc:1095] InUse at 7f3f46000000 of size 1769472 next 173
2025-06-15 05:50:47.534830: I external/local_tsl/tsl/framework/bfc_allocator.cc:1095] InUse at 7f3f461b0000 of size 1769472 next 64
2025-06-15 05:50:47.535170: I external/local_tsl/tsl/framework/bfc_allocator.cc:1095] InUse at 7f3f46360000 of size 3538944 next 62
2025-06-15 05:50:47.535522: I external/local_tsl/tsl/framework/bfc_allocator.cc:1095] InUse at 7f3f466c0000 of size 3538944 next 180
2025-06-15 05:50:47.535919: I external/local_tsl/tsl/framework/bfc_allocator.cc:1095] InUse at 7f3f46a20000 of size 1048576 next 194
2025-06-15 05:50:47.536293: I external/local_tsl/tsl/framework/bfc_allocator.cc:1095] InUse at 7f3f46b20000 of size 1048576 next 195
2025-06-15 05:50:47.536650: I external/local_tsl/tsl/framework/bfc_allocator.cc:1095] InUse at 7f3f46c20000 of size 4063232 next 18446744073709551615
2025-06-15 05:50:47.537046: I external/local_tsl/tsl/framework/bfc_allocator.cc:1075] Next region of size 2097152
2025-06-15 05:50:47.537512: I external/local_tsl/tsl/framework/bfc_allocator.cc:1095] InUse at 7f3face00000 of size 1280 next 1
2025-06-15 05:50:47.538013: I external/local_tsl/tsl/framework/bfc_allocator.cc:1095] InUse at 7f3face00500 of size 256 next 2
2025-06-15 05:50:47.538528: I external/local_tsl/tsl/framework/bfc_allocator.cc:1095] InUse at 7f3face00600 of size 256 next 3
2025-06-15 05:50:47.539019: I external/local_tsl/tsl/framework/bfc_allocator.cc:1095] InUse at 7f3face00700 of size 256 next 5
2025-06-15 05:50:47.539479: I external/local_tsl/tsl/framework/bfc_allocator.cc:1095] InUse at 7f3face00800 of size 256 next 6
2025-06-15 05:50:47.539918: I external/local_tsl/tsl/framework/bfc_allocator.cc:1095] InUse at 7f3face00900 of size 256 next 4
2025-06-15 05:50:47.540407: I external/local_tsl/tsl/framework/bfc_allocator.cc:1095] InUse at 7f3face00a00 of size 256 next 7
2025-06-15 05:50:47.540883: I external/local_tsl/tsl/framework/bfc_allocator.cc:1095] InUse at 7f3face00b00 of size 256 next 10
2025-06-15 05:50:47.541333: I external/local_tsl/tsl/framework/bfc_allocator.cc:1095] InUse at 7f3face00c00 of size 256 next 278
2025-06-15 05:50:47.541763: I external/local_tsl/tsl/framework/bfc_allocator.cc:1095] InUse at 7f3face00d00 of size 256 next 12
2025-06-15 05:50:47.542242: I external/local_tsl/tsl/framework/bfc_allocator.cc:1095] InUse at 7f3face00e00 of size 256 next 13
2025-06-15 05:50:47.542728: I external/local_tsl/tsl/framework/bfc_allocator.cc:1095] InUse at 7f3face00f00 of size 256 next 14
2025-06-15 05:50:47.543207: I external/local_tsl/tsl/framework/bfc_allocator.cc:1095] InUse at 7f3face01000 of size 256 next 17
2025-06-15 05:50:47.543679: I external/local_tsl/tsl/framework/bfc_allocator.cc:1095] InUse at 7f3face01100 of size 256 next 15
2025-06-15 05:50:47.544133: I external/local_tsl/tsl/framework/bfc_allocator.cc:1095] InUse at 7f3face01200 of size 256 next 16
2025-06-15 05:50:47.544571: I external/local_tsl/tsl/framework/bfc_allocator.cc:1095] InUse at 7f3face01300 of size 256 next 286
2025-06-15 05:50:47.545080: I external/local_tsl/tsl/framework/bfc_allocator.cc:1095] InUse at 7f3face01400 of size 256 next 21
2025-06-15 05:50:47.545548: I external/local_tsl/tsl/framework/bfc_allocator.cc:1095] InUse at 7f3face01500 of size 256 next 22
2025-06-15 05:50:47.546026: I external/local_tsl/tsl/framework/bfc_allocator.cc:1095] InUse at 7f3face01600 of size 256 next 23
2025-06-15 05:50:47.546519: I external/local_tsl/tsl/framework/bfc_allocator.cc:1095] InUse at 7f3face01700 of size 256 next 24
2025-06-15 05:50:47.547014: I external/local_tsl/tsl/framework/bfc_allocator.cc:1095] InUse at 7f3face01800 of size 256 next 25
2025-06-15 05:50:47.547513: I external/local_tsl/tsl/framework/bfc_allocator.cc:1095] InUse at 7f3face01900 of size 256 next 28
2025-06-15 05:50:47.548007: I external/local_tsl/tsl/framework/bfc_allocator.cc:1095] InUse at 7f3face01a00 of size 256 next 290
2025-06-15 05:50:47.548484: I external/local_tsl/tsl/framework/bfc_allocator.cc:1095] InUse at 7f3face01b00 of size 256 next 30
2025-06-15 05:50:47.548975: I external/local_tsl/tsl/framework/bfc_allocator.cc:1095] InUse at 7f3face01c00 of size 256 next 31
2025-06-15 05:50:47.549495: I external/local_tsl/tsl/framework/bfc_allocator.cc:1095] InUse at 7f3face01d00 of size 256 next 32
2025-06-15 05:50:47.549982: I external/local_tsl/tsl/framework/bfc_allocator.cc:1095] InUse at 7f3face01e00 of size 256 next 35
2025-06-15 05:50:47.550431: I external/local_tsl/tsl/framework/bfc_allocator.cc:1095] InUse at 7f3face01f00 of size 256 next 33
2025-06-15 05:50:47.550897: I external/local_tsl/tsl/framework/bfc_allocator.cc:1095] InUse at 7f3face02000 of size 256 next 34
2025-06-15 05:50:47.551348: I external/local_tsl/tsl/framework/bfc_allocator.cc:1095] InUse at 7f3face02100 of size 512 next 39
2025-06-15 05:50:47.551835: I external/local_tsl/tsl/framework/bfc_allocator.cc:1095] InUse at 7f3face02300 of size 256 next 40
2025-06-15 05:50:47.552302: I external/local_tsl/tsl/framework/bfc_allocator.cc:1095] InUse at 7f3face02400 of size 256 next 41
2025-06-15 05:50:47.552785: I external/local_tsl/tsl/framework/bfc_allocator.cc:1095] InUse at 7f3face02500 of size 256 next 8
2025-06-15 05:50:47.553247: I external/local_tsl/tsl/framework/bfc_allocator.cc:1095] InUse at 7f3face02600 of size 3584 next 9
2025-06-15 05:50:47.553708: I external/local_tsl/tsl/framework/bfc_allocator.cc:1095] InUse at 7f3face03400 of size 512 next 42
2025-06-15 05:50:47.554181: I external/local_tsl/tsl/framework/bfc_allocator.cc:1095] InUse at 7f3face03600 of size 512 next 45
2025-06-15 05:50:47.554649: I external/local_tsl/tsl/framework/bfc_allocator.cc:1095] InUse at 7f3face03800 of size 512 next 46
2025-06-15 05:50:47.555151: I external/local_tsl/tsl/framework/bfc_allocator.cc:1095] InUse at 7f3face03a00 of size 512 next 297
2025-06-15 05:50:47.555646: I external/local_tsl/tsl/framework/bfc_allocator.cc:1095] InUse at 7f3face03c00 of size 512 next 48
2025-06-15 05:50:47.556110: I external/local_tsl/tsl/framework/bfc_allocator.cc:1095] InUse at 7f3face03e00 of size 256 next 49
2025-06-15 05:50:47.556583: I external/local_tsl/tsl/framework/bfc_allocator.cc:1095] InUse at 7f3face03f00 of size 512 next 50
2025-06-15 05:50:47.557045: I external/local_tsl/tsl/framework/bfc_allocator.cc:1095] InUse at 7f3face04100 of size 512 next 51
2025-06-15 05:50:47.557532: I external/local_tsl/tsl/framework/bfc_allocator.cc:1095] InUse at 7f3face04300 of size 512 next 55
2025-06-15 05:50:47.558054: I external/local_tsl/tsl/framework/bfc_allocator.cc:1095] InUse at 7f3face04500 of size 1024 next 57
2025-06-15 05:50:47.558536: I external/local_tsl/tsl/framework/bfc_allocator.cc:1095] InUse at 7f3face04900 of size 256 next 58
2025-06-15 05:50:47.559016: I external/local_tsl/tsl/framework/bfc_allocator.cc:1095] InUse at 7f3face04a00 of size 256 next 59
2025-06-15 05:50:47.559496: I external/local_tsl/tsl/framework/bfc_allocator.cc:1095] InUse at 7f3face04b00 of size 1024 next 60
2025-06-15 05:50:47.559994: I external/local_tsl/tsl/framework/bfc_allocator.cc:1095] InUse at 7f3face04f00 of size 1024 next 61
2025-06-15 05:50:47.560471: I external/local_tsl/tsl/framework/bfc_allocator.cc:1095] InUse at 7f3face05300 of size 1024 next 65
2025-06-15 05:50:47.560940: I external/local_tsl/tsl/framework/bfc_allocator.cc:1095] InUse at 7f3face05700 of size 1024 next 308
2025-06-15 05:50:47.561423: I external/local_tsl/tsl/framework/bfc_allocator.cc:1095] InUse at 7f3face05b00 of size 1024 next 67
2025-06-15 05:50:47.561916: I external/local_tsl/tsl/framework/bfc_allocator.cc:1095] InUse at 7f3face05f00 of size 256 next 68
2025-06-15 05:50:47.562370: I external/local_tsl/tsl/framework/bfc_allocator.cc:1095] InUse at 7f3face06000 of size 256 next 69
2025-06-15 05:50:47.562815: I external/local_tsl/tsl/framework/bfc_allocator.cc:1095] InUse at 7f3face06100 of size 1024 next 70
2025-06-15 05:50:47.563274: I external/local_tsl/tsl/framework/bfc_allocator.cc:1095] InUse at 7f3face06500 of size 1024 next 71
2025-06-15 05:50:47.563749: I external/local_tsl/tsl/framework/bfc_allocator.cc:1095] InUse at 7f3face06900 of size 1024 next 75
2025-06-15 05:50:47.564228: I external/local_tsl/tsl/framework/bfc_allocator.cc:1095] InUse at 7f3face06d00 of size 512 next 313
2025-06-15 05:50:47.564687: I external/local_tsl/tsl/framework/bfc_allocator.cc:1095] InUse at 7f3face06f00 of size 512 next 314
2025-06-15 05:50:47.565156: I external/local_tsl/tsl/framework/bfc_allocator.cc:1095] InUse at 7f3face07100 of size 512 next 315
2025-06-15 05:50:47.565636: I external/local_tsl/tsl/framework/bfc_allocator.cc:1095] InUse at 7f3face07300 of size 512 next 77
2025-06-15 05:50:47.566139: I external/local_tsl/tsl/framework/bfc_allocator.cc:1095] InUse at 7f3face07500 of size 256 next 78
2025-06-15 05:50:47.566577: I external/local_tsl/tsl/framework/bfc_allocator.cc:1095] InUse at 7f3face07600 of size 256 next 79
2025-06-15 05:50:47.567037: I external/local_tsl/tsl/framework/bfc_allocator.cc:1095] InUse at 7f3face07700 of size 512 next 80
2025-06-15 05:50:47.567527: I external/local_tsl/tsl/framework/bfc_allocator.cc:1095] InUse at 7f3face07900 of size 512 next 81
2025-06-15 05:50:47.568029: I external/local_tsl/tsl/framework/bfc_allocator.cc:1095] InUse at 7f3face07b00 of size 512 next 82
2025-06-15 05:50:47.568533: I external/local_tsl/tsl/framework/bfc_allocator.cc:1095] InUse at 7f3face07d00 of size 512 next 84
2025-06-15 05:50:47.569075: I external/local_tsl/tsl/framework/bfc_allocator.cc:1095] InUse at 7f3face07f00 of size 512 next 316
2025-06-15 05:50:47.569557: I external/local_tsl/tsl/framework/bfc_allocator.cc:1095] InUse at 7f3face08100 of size 512 next 86
2025-06-15 05:50:47.570030: I external/local_tsl/tsl/framework/bfc_allocator.cc:1095] InUse at 7f3face08300 of size 512 next 87
2025-06-15 05:50:47.570469: I external/local_tsl/tsl/framework/bfc_allocator.cc:1095] InUse at 7f3face08500 of size 512 next 88
2025-06-15 05:50:47.570949: I external/local_tsl/tsl/framework/bfc_allocator.cc:1095] InUse at 7f3face08700 of size 512 next 89
2025-06-15 05:50:47.571423: I external/local_tsl/tsl/framework/bfc_allocator.cc:1095] InUse at 7f3face08900 of size 256 next 321
2025-06-15 05:50:47.571881: I external/local_tsl/tsl/framework/bfc_allocator.cc:1095] InUse at 7f3face08a00 of size 256 next 323
2025-06-15 05:50:47.572337: I external/local_tsl/tsl/framework/bfc_allocator.cc:1095] InUse at 7f3face08b00 of size 256 next 324
2025-06-15 05:50:47.572850: I external/local_tsl/tsl/framework/bfc_allocator.cc:1095] InUse at 7f3face08c00 of size 256 next 92
2025-06-15 05:50:47.573348: I external/local_tsl/tsl/framework/bfc_allocator.cc:1095] InUse at 7f3face08d00 of size 256 next 93
2025-06-15 05:50:47.573841: I external/local_tsl/tsl/framework/bfc_allocator.cc:1095] InUse at 7f3face08e00 of size 256 next 94
2025-06-15 05:50:47.574311: I external/local_tsl/tsl/framework/bfc_allocator.cc:1095] InUse at 7f3face08f00 of size 256 next 97
2025-06-15 05:50:47.574779: I external/local_tsl/tsl/framework/bfc_allocator.cc:1095] InUse at 7f3face09000 of size 256 next 95
2025-06-15 05:50:47.575232: I external/local_tsl/tsl/framework/bfc_allocator.cc:1095] InUse at 7f3face09100 of size 256 next 96
2025-06-15 05:50:47.575732: I external/local_tsl/tsl/framework/bfc_allocator.cc:1095] InUse at 7f3face09200 of size 256 next 98
2025-06-15 05:50:47.576195: I external/local_tsl/tsl/framework/bfc_allocator.cc:1095] InUse at 7f3face09300 of size 256 next 101
2025-06-15 05:50:47.576645: I external/local_tsl/tsl/framework/bfc_allocator.cc:1095] InUse at 7f3face09400 of size 256 next 102
2025-06-15 05:50:47.577155: I external/local_tsl/tsl/framework/bfc_allocator.cc:1095] InUse at 7f3face09500 of size 256 next 103
2025-06-15 05:50:47.577652: I external/local_tsl/tsl/framework/bfc_allocator.cc:1095] InUse at 7f3face09600 of size 256 next 104
2025-06-15 05:50:47.578164: I external/local_tsl/tsl/framework/bfc_allocator.cc:1095] InUse at 7f3face09700 of size 256 next 105
2025-06-15 05:50:47.578626: I external/local_tsl/tsl/framework/bfc_allocator.cc:1095] Free  at 7f3face09800 of size 512 next 108
2025-06-15 05:50:47.579082: I external/local_tsl/tsl/framework/bfc_allocator.cc:1095] InUse at 7f3face09a00 of size 256 next 109
2025-06-15 05:50:47.579523: I external/local_tsl/tsl/framework/bfc_allocator.cc:1095] InUse at 7f3face09b00 of size 256 next 110
2025-06-15 05:50:47.580031: I external/local_tsl/tsl/framework/bfc_allocator.cc:1095] InUse at 7f3face09c00 of size 256 next 146
2025-06-15 05:50:47.580520: I external/local_tsl/tsl/framework/bfc_allocator.cc:1095] InUse at 7f3face09d00 of size 256 next 147
2025-06-15 05:50:47.580997: I external/local_tsl/tsl/framework/bfc_allocator.cc:1095] InUse at 7f3face09e00 of size 256 next 148
2025-06-15 05:50:47.581468: I external/local_tsl/tsl/framework/bfc_allocator.cc:1095] InUse at 7f3face09f00 of size 256 next 149
2025-06-15 05:50:47.581946: I external/local_tsl/tsl/framework/bfc_allocator.cc:1095] InUse at 7f3face0a000 of size 256 next 150
2025-06-15 05:50:47.582441: I external/local_tsl/tsl/framework/bfc_allocator.cc:1095] InUse at 7f3face0a100 of size 256 next 151
2025-06-15 05:50:47.582902: I external/local_tsl/tsl/framework/bfc_allocator.cc:1095] InUse at 7f3face0a200 of size 256 next 153
2025-06-15 05:50:47.583374: I external/local_tsl/tsl/framework/bfc_allocator.cc:1095] InUse at 7f3face0a300 of size 256 next 154
2025-06-15 05:50:47.583810: I external/local_tsl/tsl/framework/bfc_allocator.cc:1095] InUse at 7f3face0a400 of size 256 next 155
2025-06-15 05:50:47.584288: I external/local_tsl/tsl/framework/bfc_allocator.cc:1095] InUse at 7f3face0a500 of size 256 next 156
2025-06-15 05:50:47.584762: I external/local_tsl/tsl/framework/bfc_allocator.cc:1095] InUse at 7f3face0a600 of size 256 next 157
2025-06-15 05:50:47.585229: I external/local_tsl/tsl/framework/bfc_allocator.cc:1095] InUse at 7f3face0a700 of size 256 next 158
2025-06-15 05:50:47.585733: I external/local_tsl/tsl/framework/bfc_allocator.cc:1095] InUse at 7f3face0a800 of size 256 next 160
2025-06-15 05:50:47.586230: I external/local_tsl/tsl/framework/bfc_allocator.cc:1095] InUse at 7f3face0a900 of size 256 next 161
2025-06-15 05:50:47.586683: I external/local_tsl/tsl/framework/bfc_allocator.cc:1095] InUse at 7f3face0aa00 of size 256 next 162
2025-06-15 05:50:47.587154: I external/local_tsl/tsl/framework/bfc_allocator.cc:1095] InUse at 7f3face0ab00 of size 256 next 163
2025-06-15 05:50:47.587614: I external/local_tsl/tsl/framework/bfc_allocator.cc:1095] InUse at 7f3face0ac00 of size 256 next 164
2025-06-15 05:50:47.588122: I external/local_tsl/tsl/framework/bfc_allocator.cc:1095] InUse at 7f3face0ad00 of size 256 next 165
2025-06-15 05:50:47.588602: I external/local_tsl/tsl/framework/bfc_allocator.cc:1095] InUse at 7f3face0ae00 of size 512 next 167
2025-06-15 05:50:47.589098: I external/local_tsl/tsl/framework/bfc_allocator.cc:1095] InUse at 7f3face0b000 of size 512 next 168
2025-06-15 05:50:47.589608: I external/local_tsl/tsl/framework/bfc_allocator.cc:1095] InUse at 7f3face0b200 of size 512 next 169
2025-06-15 05:50:47.590081: I external/local_tsl/tsl/framework/bfc_allocator.cc:1095] InUse at 7f3face0b400 of size 512 next 170
2025-06-15 05:50:47.590559: I external/local_tsl/tsl/framework/bfc_allocator.cc:1095] InUse at 7f3face0b600 of size 512 next 171
2025-06-15 05:50:47.591020: I external/local_tsl/tsl/framework/bfc_allocator.cc:1095] InUse at 7f3face0b800 of size 512 next 172
2025-06-15 05:50:47.591458: I external/local_tsl/tsl/framework/bfc_allocator.cc:1095] InUse at 7f3face0ba00 of size 512 next 174
2025-06-15 05:50:47.591933: I external/local_tsl/tsl/framework/bfc_allocator.cc:1095] InUse at 7f3face0bc00 of size 512 next 175
2025-06-15 05:50:47.592422: I external/local_tsl/tsl/framework/bfc_allocator.cc:1095] InUse at 7f3face0be00 of size 512 next 176
2025-06-15 05:50:47.592888: I external/local_tsl/tsl/framework/bfc_allocator.cc:1095] InUse at 7f3face0c000 of size 512 next 177
2025-06-15 05:50:47.593358: I external/local_tsl/tsl/framework/bfc_allocator.cc:1095] InUse at 7f3face0c200 of size 512 next 178
2025-06-15 05:50:47.593827: I external/local_tsl/tsl/framework/bfc_allocator.cc:1095] InUse at 7f3face0c400 of size 512 next 179
2025-06-15 05:50:47.594295: I external/local_tsl/tsl/framework/bfc_allocator.cc:1095] InUse at 7f3face0c600 of size 1024 next 181
2025-06-15 05:50:47.594773: I external/local_tsl/tsl/framework/bfc_allocator.cc:1095] InUse at 7f3face0ca00 of size 1024 next 182
2025-06-15 05:50:47.595257: I external/local_tsl/tsl/framework/bfc_allocator.cc:1095] InUse at 7f3face0ce00 of size 1024 next 183
2025-06-15 05:50:47.595724: I external/local_tsl/tsl/framework/bfc_allocator.cc:1095] InUse at 7f3face0d200 of size 1024 next 184
2025-06-15 05:50:47.596181: I external/local_tsl/tsl/framework/bfc_allocator.cc:1095] InUse at 7f3face0d600 of size 1024 next 185
2025-06-15 05:50:47.596635: I external/local_tsl/tsl/framework/bfc_allocator.cc:1095] InUse at 7f3face0da00 of size 1024 next 186
2025-06-15 05:50:47.597095: I external/local_tsl/tsl/framework/bfc_allocator.cc:1095] InUse at 7f3face0de00 of size 1024 next 188
2025-06-15 05:50:47.597543: I external/local_tsl/tsl/framework/bfc_allocator.cc:1095] InUse at 7f3face0e200 of size 1024 next 189
2025-06-15 05:50:47.598036: I external/local_tsl/tsl/framework/bfc_allocator.cc:1095] InUse at 7f3face0e600 of size 1024 next 190
2025-06-15 05:50:47.598548: I external/local_tsl/tsl/framework/bfc_allocator.cc:1095] InUse at 7f3face0ea00 of size 1024 next 191
2025-06-15 05:50:47.599054: I external/local_tsl/tsl/framework/bfc_allocator.cc:1095] InUse at 7f3face0ee00 of size 1024 next 192
2025-06-15 05:50:47.599554: I external/local_tsl/tsl/framework/bfc_allocator.cc:1095] InUse at 7f3face0f200 of size 1024 next 193
2025-06-15 05:50:47.600056: I external/local_tsl/tsl/framework/bfc_allocator.cc:1095] InUse at 7f3face0f600 of size 512 next 196
2025-06-15 05:50:47.600517: I external/local_tsl/tsl/framework/bfc_allocator.cc:1095] InUse at 7f3face0f800 of size 512 next 197
2025-06-15 05:50:47.600975: I external/local_tsl/tsl/framework/bfc_allocator.cc:1095] InUse at 7f3face0fa00 of size 512 next 199
2025-06-15 05:50:47.601436: I external/local_tsl/tsl/framework/bfc_allocator.cc:1095] InUse at 7f3face0fc00 of size 512 next 200
2025-06-15 05:50:47.601906: I external/local_tsl/tsl/framework/bfc_allocator.cc:1095] InUse at 7f3face0fe00 of size 512 next 201
2025-06-15 05:50:47.602385: I external/local_tsl/tsl/framework/bfc_allocator.cc:1095] InUse at 7f3face10000 of size 512 next 202
2025-06-15 05:50:47.602852: I external/local_tsl/tsl/framework/bfc_allocator.cc:1095] InUse at 7f3face10200 of size 512 next 203
2025-06-15 05:50:47.603341: I external/local_tsl/tsl/framework/bfc_allocator.cc:1095] InUse at 7f3face10400 of size 512 next 204
2025-06-15 05:50:47.603826: I external/local_tsl/tsl/framework/bfc_allocator.cc:1095] InUse at 7f3face10600 of size 512 next 207
2025-06-15 05:50:47.604300: I external/local_tsl/tsl/framework/bfc_allocator.cc:1095] InUse at 7f3face10800 of size 512 next 208
2025-06-15 05:50:47.604758: I external/local_tsl/tsl/framework/bfc_allocator.cc:1095] InUse at 7f3face10a00 of size 512 next 209
2025-06-15 05:50:47.605221: I external/local_tsl/tsl/framework/bfc_allocator.cc:1095] InUse at 7f3face10c00 of size 512 next 210
2025-06-15 05:50:47.605681: I external/local_tsl/tsl/framework/bfc_allocator.cc:1095] InUse at 7f3face10e00 of size 512 next 211
2025-06-15 05:50:47.606185: I external/local_tsl/tsl/framework/bfc_allocator.cc:1095] InUse at 7f3face11000 of size 512 next 212
2025-06-15 05:50:47.606652: I external/local_tsl/tsl/framework/bfc_allocator.cc:1095] InUse at 7f3face11200 of size 256 next 215
2025-06-15 05:50:47.607107: I external/local_tsl/tsl/framework/bfc_allocator.cc:1095] InUse at 7f3face11300 of size 256 next 216
2025-06-15 05:50:47.607618: I external/local_tsl/tsl/framework/bfc_allocator.cc:1095] InUse at 7f3face11400 of size 256 next 219
2025-06-15 05:50:47.608088: I external/local_tsl/tsl/framework/bfc_allocator.cc:1095] InUse at 7f3face11500 of size 256 next 220
2025-06-15 05:50:47.608560: I external/local_tsl/tsl/framework/bfc_allocator.cc:1095] InUse at 7f3face11600 of size 256 next 221
2025-06-15 05:50:47.609022: I external/local_tsl/tsl/framework/bfc_allocator.cc:1095] InUse at 7f3face11700 of size 256 next 222
2025-06-15 05:50:47.609482: I external/local_tsl/tsl/framework/bfc_allocator.cc:1095] InUse at 7f3face11800 of size 256 next 223
2025-06-15 05:50:47.609964: I external/local_tsl/tsl/framework/bfc_allocator.cc:1095] InUse at 7f3face11900 of size 256 next 224
2025-06-15 05:50:47.610474: I external/local_tsl/tsl/framework/bfc_allocator.cc:1095] InUse at 7f3face11a00 of size 256 next 227
2025-06-15 05:50:47.610963: I external/local_tsl/tsl/framework/bfc_allocator.cc:1095] InUse at 7f3face11b00 of size 256 next 228
2025-06-15 05:50:47.611417: I external/local_tsl/tsl/framework/bfc_allocator.cc:1095] InUse at 7f3face11c00 of size 256 next 229
2025-06-15 05:50:47.611900: I external/local_tsl/tsl/framework/bfc_allocator.cc:1095] InUse at 7f3face11d00 of size 256 next 230
2025-06-15 05:50:47.612323: I external/local_tsl/tsl/framework/bfc_allocator.cc:1095] InUse at 7f3face11e00 of size 256 next 231
2025-06-15 05:50:47.612762: I external/local_tsl/tsl/framework/bfc_allocator.cc:1095] InUse at 7f3face11f00 of size 256 next 232
2025-06-15 05:50:47.613203: I external/local_tsl/tsl/framework/bfc_allocator.cc:1095] InUse at 7f3face12000 of size 65536 next 233
2025-06-15 05:50:47.613612: I external/local_tsl/tsl/framework/bfc_allocator.cc:1095] InUse at 7f3face22000 of size 95232 next 19
2025-06-15 05:50:47.614102: I external/local_tsl/tsl/framework/bfc_allocator.cc:1095] InUse at 7f3face39400 of size 110592 next 18
2025-06-15 05:50:47.614582: I external/local_tsl/tsl/framework/bfc_allocator.cc:1095] InUse at 7f3face54400 of size 65536 next 115
2025-06-15 05:50:47.614968: I external/local_tsl/tsl/framework/bfc_allocator.cc:1095] InUse at 7f3face64400 of size 256 next 112
2025-06-15 05:50:47.615446: I external/local_tsl/tsl/framework/bfc_allocator.cc:1095] InUse at 7f3face64500 of size 256 next 114
2025-06-15 05:50:47.615908: I external/local_tsl/tsl/framework/bfc_allocator.cc:1095] InUse at 7f3face64600 of size 256 next 113
2025-06-15 05:50:47.616379: I external/local_tsl/tsl/framework/bfc_allocator.cc:1095] InUse at 7f3face64700 of size 256 next 111
2025-06-15 05:50:47.616796: I external/local_tsl/tsl/framework/bfc_allocator.cc:1095] InUse at 7f3face64800 of size 256 next 117
2025-06-15 05:50:47.617257: I external/local_tsl/tsl/framework/bfc_allocator.cc:1095] InUse at 7f3face64900 of size 256 next 118
2025-06-15 05:50:47.617696: I external/local_tsl/tsl/framework/bfc_allocator.cc:1095] InUse at 7f3face64a00 of size 256 next 120
2025-06-15 05:50:47.618136: I external/local_tsl/tsl/framework/bfc_allocator.cc:1095] InUse at 7f3face64b00 of size 256 next 119
2025-06-15 05:50:47.618578: I external/local_tsl/tsl/framework/bfc_allocator.cc:1095] InUse at 7f3face64c00 of size 256 next 121
2025-06-15 05:50:47.619040: I external/local_tsl/tsl/framework/bfc_allocator.cc:1095] InUse at 7f3face64d00 of size 256 next 123
2025-06-15 05:50:47.619472: I external/local_tsl/tsl/framework/bfc_allocator.cc:1095] InUse at 7f3face64e00 of size 256 next 124
2025-06-15 05:50:47.619919: I external/local_tsl/tsl/framework/bfc_allocator.cc:1095] InUse at 7f3face64f00 of size 256 next 125
2025-06-15 05:50:47.620374: I external/local_tsl/tsl/framework/bfc_allocator.cc:1095] InUse at 7f3face65000 of size 256 next 126
2025-06-15 05:50:47.620855: I external/local_tsl/tsl/framework/bfc_allocator.cc:1095] InUse at 7f3face65100 of size 256 next 128
2025-06-15 05:50:47.621284: I external/local_tsl/tsl/framework/bfc_allocator.cc:1095] InUse at 7f3face65200 of size 256 next 127
2025-06-15 05:50:47.621735: I external/local_tsl/tsl/framework/bfc_allocator.cc:1095] InUse at 7f3face65300 of size 256 next 129
2025-06-15 05:50:47.622215: I external/local_tsl/tsl/framework/bfc_allocator.cc:1095] InUse at 7f3face65400 of size 256 next 130
2025-06-15 05:50:47.622713: I external/local_tsl/tsl/framework/bfc_allocator.cc:1095] InUse at 7f3face65500 of size 256 next 131
2025-06-15 05:50:47.623152: I external/local_tsl/tsl/framework/bfc_allocator.cc:1095] InUse at 7f3face65600 of size 256 next 132
2025-06-15 05:50:47.623590: I external/local_tsl/tsl/framework/bfc_allocator.cc:1095] InUse at 7f3face65700 of size 256 next 133
2025-06-15 05:50:47.624028: I external/local_tsl/tsl/framework/bfc_allocator.cc:1095] InUse at 7f3face65800 of size 256 next 137
2025-06-15 05:50:47.624476: I external/local_tsl/tsl/framework/bfc_allocator.cc:1095] InUse at 7f3face65900 of size 256 next 136
2025-06-15 05:50:47.624922: I external/local_tsl/tsl/framework/bfc_allocator.cc:1095] InUse at 7f3face65a00 of size 3584 next 138
2025-06-15 05:50:47.625377: I external/local_tsl/tsl/framework/bfc_allocator.cc:1095] InUse at 7f3face66800 of size 3584 next 139
2025-06-15 05:50:47.625837: I external/local_tsl/tsl/framework/bfc_allocator.cc:1095] InUse at 7f3face67600 of size 256 next 140
2025-06-15 05:50:47.626285: I external/local_tsl/tsl/framework/bfc_allocator.cc:1095] InUse at 7f3face67700 of size 256 next 141
2025-06-15 05:50:47.626758: I external/local_tsl/tsl/framework/bfc_allocator.cc:1095] InUse at 7f3face67800 of size 256 next 142
2025-06-15 05:50:47.627224: I external/local_tsl/tsl/framework/bfc_allocator.cc:1095] InUse at 7f3face67900 of size 256 next 143
2025-06-15 05:50:47.627713: I external/local_tsl/tsl/framework/bfc_allocator.cc:1095] InUse at 7f3face67a00 of size 256 next 144
2025-06-15 05:50:47.628188: I external/local_tsl/tsl/framework/bfc_allocator.cc:1095] InUse at 7f3face67b00 of size 256 next 145
2025-06-15 05:50:47.628700: I external/local_tsl/tsl/framework/bfc_allocator.cc:1095] InUse at 7f3face67c00 of size 141312 next 27
2025-06-15 05:50:47.629093: I external/local_tsl/tsl/framework/bfc_allocator.cc:1095] InUse at 7f3face8a400 of size 221184 next 26
2025-06-15 05:50:47.629520: I external/local_tsl/tsl/framework/bfc_allocator.cc:1095] InUse at 7f3facec0400 of size 442368 next 159
2025-06-15 05:50:47.629935: I external/local_tsl/tsl/framework/bfc_allocator.cc:1095] InUse at 7f3facf2c400 of size 867328 next 18446744073709551615
2025-06-15 05:50:47.630292: I external/local_tsl/tsl/framework/bfc_allocator.cc:1075] Next region of size 4194304
2025-06-15 05:50:47.630744: I external/local_tsl/tsl/framework/bfc_allocator.cc:1095] InUse at 7f3fad400000 of size 442368 next 37
2025-06-15 05:50:47.631145: I external/local_tsl/tsl/framework/bfc_allocator.cc:1095] InUse at 7f3fad46c000 of size 221184 next 116
2025-06-15 05:50:47.631517: I external/local_tsl/tsl/framework/bfc_allocator.cc:1095] InUse at 7f3fad4a2000 of size 110592 next 122
2025-06-15 05:50:47.631892: I external/local_tsl/tsl/framework/bfc_allocator.cc:1095] InUse at 7f3fad4bd000 of size 192512 next 99
2025-06-15 05:50:47.632280: I external/local_tsl/tsl/framework/bfc_allocator.cc:1095] InUse at 7f3fad4ec000 of size 360448 next 44
2025-06-15 05:50:47.632660: I external/local_tsl/tsl/framework/bfc_allocator.cc:1095] InUse at 7f3fad544000 of size 884736 next 43
2025-06-15 05:50:47.633043: I external/local_tsl/tsl/framework/bfc_allocator.cc:1095] InUse at 7f3fad61c000 of size 1982464 next 18446744073709551615
2025-06-15 05:50:47.633412: I external/local_tsl/tsl/framework/bfc_allocator.cc:1075] Next region of size 8388608
2025-06-15 05:50:47.633871: I external/local_tsl/tsl/framework/bfc_allocator.cc:1095] InUse at 7f3fad800000 of size 884736 next 166
2025-06-15 05:50:47.634251: I external/local_tsl/tsl/framework/bfc_allocator.cc:1095] InUse at 7f3fad8d8000 of size 884736 next 54
2025-06-15 05:50:47.634675: I external/local_tsl/tsl/framework/bfc_allocator.cc:1095] InUse at 7f3fad9b0000 of size 1769472 next 52
2025-06-15 05:50:47.635065: I external/local_tsl/tsl/framework/bfc_allocator.cc:1095] InUse at 7f3fadb60000 of size 4849664 next 18446744073709551615
2025-06-15 05:50:47.635417: I external/local_tsl/tsl/framework/bfc_allocator.cc:1100]      Summary of in-use Chunks by size: 
2025-06-15 05:50:47.635901: I external/local_tsl/tsl/framework/bfc_allocator.cc:1103] 155 Chunks of size 256 totalling 38.8KiB
2025-06-15 05:50:47.636402: I external/local_tsl/tsl/framework/bfc_allocator.cc:1103] 54 Chunks of size 512 totalling 27.0KiB
2025-06-15 05:50:47.636890: I external/local_tsl/tsl/framework/bfc_allocator.cc:1103] 1 Chunks of size 768 totalling 768B
2025-06-15 05:50:47.637354: I external/local_tsl/tsl/framework/bfc_allocator.cc:1103] 26 Chunks of size 1024 totalling 26.0KiB
2025-06-15 05:50:47.637800: I external/local_tsl/tsl/framework/bfc_allocator.cc:1103] 1 Chunks of size 1280 totalling 1.2KiB
2025-06-15 05:50:47.638290: I external/local_tsl/tsl/framework/bfc_allocator.cc:1103] 3 Chunks of size 3584 totalling 10.5KiB
2025-06-15 05:50:47.638822: I external/local_tsl/tsl/framework/bfc_allocator.cc:1103] 2 Chunks of size 65536 totalling 128.0KiB
2025-06-15 05:50:47.639338: I external/local_tsl/tsl/framework/bfc_allocator.cc:1103] 1 Chunks of size 95232 totalling 93.0KiB
2025-06-15 05:50:47.639875: I external/local_tsl/tsl/framework/bfc_allocator.cc:1103] 4 Chunks of size 110592 totalling 432.0KiB
2025-06-15 05:50:47.640393: I external/local_tsl/tsl/framework/bfc_allocator.cc:1103] 1 Chunks of size 141312 totalling 138.0KiB
2025-06-15 05:50:47.640892: I external/local_tsl/tsl/framework/bfc_allocator.cc:1103] 1 Chunks of size 192512 totalling 188.0KiB
2025-06-15 05:50:47.641424: I external/local_tsl/tsl/framework/bfc_allocator.cc:1103] 6 Chunks of size 221184 totalling 1.27MiB
2025-06-15 05:50:47.641950: I external/local_tsl/tsl/framework/bfc_allocator.cc:1103] 2 Chunks of size 262144 totalling 512.0KiB
2025-06-15 05:50:47.642460: I external/local_tsl/tsl/framework/bfc_allocator.cc:1103] 1 Chunks of size 360448 totalling 352.0KiB
2025-06-15 05:50:47.642990: I external/local_tsl/tsl/framework/bfc_allocator.cc:1103] 5 Chunks of size 442368 totalling 2.11MiB
2025-06-15 05:50:47.643510: I external/local_tsl/tsl/framework/bfc_allocator.cc:1103] 1 Chunks of size 867328 totalling 847.0KiB
2025-06-15 05:50:47.644044: I external/local_tsl/tsl/framework/bfc_allocator.cc:1103] 6 Chunks of size 884736 totalling 5.06MiB
2025-06-15 05:50:47.644537: I external/local_tsl/tsl/framework/bfc_allocator.cc:1103] 2 Chunks of size 1048576 totalling 2.00MiB
2025-06-15 05:50:47.645065: I external/local_tsl/tsl/framework/bfc_allocator.cc:1103] 6 Chunks of size 1769472 totalling 10.12MiB
2025-06-15 05:50:47.645586: I external/local_tsl/tsl/framework/bfc_allocator.cc:1103] 1 Chunks of size 1982464 totalling 1.89MiB
2025-06-15 05:50:47.646099: I external/local_tsl/tsl/framework/bfc_allocator.cc:1103] 4 Chunks of size 3538944 totalling 13.50MiB
2025-06-15 05:50:47.646607: I external/local_tsl/tsl/framework/bfc_allocator.cc:1103] 1 Chunks of size 4063232 totalling 3.88MiB
2025-06-15 05:50:47.647129: I external/local_tsl/tsl/framework/bfc_allocator.cc:1103] 1 Chunks of size 4849664 totalling 4.62MiB
2025-06-15 05:50:47.647646: I external/local_tsl/tsl/framework/bfc_allocator.cc:1103] 2 Chunks of size 7077888 totalling 13.50MiB
2025-06-15 05:50:47.648205: I external/local_tsl/tsl/framework/bfc_allocator.cc:1103] 1 Chunks of size 12320768 totalling 11.75MiB
2025-06-15 05:50:47.648573: I external/local_tsl/tsl/framework/bfc_allocator.cc:1103] 2 Chunks of size 15138816 totalling 28.88MiB
2025-06-15 05:50:47.648980: I external/local_tsl/tsl/framework/bfc_allocator.cc:1103] 4 Chunks of size 30277632 totalling 115.50MiB
2025-06-15 05:50:47.649398: I external/local_tsl/tsl/framework/bfc_allocator.cc:1103] 2 Chunks of size 60555264 totalling 115.50MiB
2025-06-15 05:50:47.649883: I external/local_tsl/tsl/framework/bfc_allocator.cc:1103] 1 Chunks of size 73662464 totalling 70.25MiB
2025-06-15 05:50:47.650305: I external/local_tsl/tsl/framework/bfc_allocator.cc:1103] 1 Chunks of size 116654080 totalling 111.25MiB
2025-06-15 05:50:47.650735: I external/local_tsl/tsl/framework/bfc_allocator.cc:1103] 6 Chunks of size 121110528 totalling 693.00MiB
2025-06-15 05:50:47.651182: I external/local_tsl/tsl/framework/bfc_allocator.cc:1103] 2 Chunks of size 209715200 totalling 400.00MiB
2025-06-15 05:50:47.651646: I external/local_tsl/tsl/framework/bfc_allocator.cc:1103] 3 Chunks of size 242221056 totalling 693.00MiB
2025-06-15 05:50:47.652052: I external/local_tsl/tsl/framework/bfc_allocator.cc:1103] 8 Chunks of size 484442112 totalling 3.61GiB
2025-06-15 05:50:47.652416: I external/local_tsl/tsl/framework/bfc_allocator.cc:1103] 1 Chunks of size 968884224 totalling 924.00MiB
2025-06-15 05:50:47.652827: I external/local_tsl/tsl/framework/bfc_allocator.cc:1103] 6 Chunks of size 1937768448 totalling 10.83GiB
2025-06-15 05:50:47.653295: I external/local_tsl/tsl/framework/bfc_allocator.cc:1107] Sum Total of in-use chunks: 17.58GiB
2025-06-15 05:50:47.653761: I external/local_tsl/tsl/framework/bfc_allocator.cc:1109] Total bytes in pool: 23575789568 memory_limit_: 23575789568 available bytes: 0 curr_region_allocation_bytes_: 34359738368
2025-06-15 05:50:47.654147: I external/local_tsl/tsl/framework/bfc_allocator.cc:1114] Stats: 
Limit:                     23575789568
InUse:                     18882554112
MaxInUse:                  22800760320
NumAllocs:                         912
MaxAllocSize:               4135495424
Reserved:                            0
PeakReserved:                        0
LargestFreeBlock:                    0

2025-06-15 05:50:47.654520: W external/local_tsl/tsl/framework/bfc_allocator.cc:497] ________*********________************************************_**************************************
2025-06-15 05:50:47.654925: W tensorflow/core/framework/op_kernel.cc:1839] OP_REQUIRES failed at concat_op.cc:165 : RESOURCE_EXHAUSTED: OOM when allocating tensor with shape[2,64,192,224,176] and type float on /job:localhost/replica:0/task:0/device:GPU:0 by allocator GPU_0_bfc
Traceback (most recent call last):
  File "/mnt/beegfs/hellgate/home/rb194958e/stroke_segmentation_sota/batch_wise_train.py", line 277, in <module>
    if main():
       ^^^^^^
  File "/mnt/beegfs/hellgate/home/rb194958e/stroke_segmentation_sota/batch_wise_train.py", line 256, in main
    history = model.fit(
              ^^^^^^^^^^
  File "/mnt/beegfs/hellgate/home/rb194958e/.conda/envs/tf215_env/lib/python3.11/site-packages/keras/src/utils/traceback_utils.py", line 70, in error_handler
    raise e.with_traceback(filtered_tb) from None
  File "/mnt/beegfs/hellgate/home/rb194958e/.conda/envs/tf215_env/lib/python3.11/site-packages/tensorflow/python/eager/execute.py", line 53, in quick_execute
    tensors = pywrap_tfe.TFE_Py_Execute(ctx._handle, device_name, op_name,
  ^^^^^^^^^^^^^^^^^^^^^^^^^^^^^^^^^^^^^^^^^^^^^^^^^^^^^^^^^^^^^^^^^^^^^^^^
tensorflow.python.framework.errors_impl.ResourceExhaustedError: Graph execution error:

Detected at node model/concatenate_2/concat defined at (most recent call last):
  File "/mnt/beegfs/hellgate/home/rb194958e/stroke_segmentation_sota/batch_wise_train.py", line 277, in <module>

  File "/mnt/beegfs/hellgate/home/rb194958e/stroke_segmentation_sota/batch_wise_train.py", line 256, in main

  File "/mnt/beegfs/hellgate/home/rb194958e/.conda/envs/tf215_env/lib/python3.11/site-packages/keras/src/utils/traceback_utils.py", line 65, in error_handler

  File "/mnt/beegfs/hellgate/home/rb194958e/.conda/envs/tf215_env/lib/python3.11/site-packages/keras/src/engine/training.py", line 1807, in fit

  File "/mnt/beegfs/hellgate/home/rb194958e/.conda/envs/tf215_env/lib/python3.11/site-packages/keras/src/engine/training.py", line 1401, in train_function

  File "/mnt/beegfs/hellgate/home/rb194958e/.conda/envs/tf215_env/lib/python3.11/site-packages/keras/src/engine/training.py", line 1384, in step_function

  File "/mnt/beegfs/hellgate/home/rb194958e/.conda/envs/tf215_env/lib/python3.11/site-packages/keras/src/engine/training.py", line 1373, in run_step

  File "/mnt/beegfs/hellgate/home/rb194958e/.conda/envs/tf215_env/lib/python3.11/site-packages/keras/src/engine/training.py", line 1150, in train_step

  File "/mnt/beegfs/hellgate/home/rb194958e/.conda/envs/tf215_env/lib/python3.11/site-packages/keras/src/utils/traceback_utils.py", line 65, in error_handler

  File "/mnt/beegfs/hellgate/home/rb194958e/.conda/envs/tf215_env/lib/python3.11/site-packages/keras/src/engine/training.py", line 590, in __call__

  File "/mnt/beegfs/hellgate/home/rb194958e/.conda/envs/tf215_env/lib/python3.11/site-packages/keras/src/utils/traceback_utils.py", line 65, in error_handler

  File "/mnt/beegfs/hellgate/home/rb194958e/.conda/envs/tf215_env/lib/python3.11/site-packages/keras/src/engine/base_layer.py", line 1149, in __call__

  File "/mnt/beegfs/hellgate/home/rb194958e/.conda/envs/tf215_env/lib/python3.11/site-packages/keras/src/utils/traceback_utils.py", line 96, in error_handler

  File "/mnt/beegfs/hellgate/home/rb194958e/.conda/envs/tf215_env/lib/python3.11/site-packages/keras/src/engine/functional.py", line 515, in call

  File "/mnt/beegfs/hellgate/home/rb194958e/.conda/envs/tf215_env/lib/python3.11/site-packages/keras/src/engine/functional.py", line 672, in _run_internal_graph

  File "/mnt/beegfs/hellgate/home/rb194958e/.conda/envs/tf215_env/lib/python3.11/site-packages/keras/src/utils/traceback_utils.py", line 65, in error_handler

  File "/mnt/beegfs/hellgate/home/rb194958e/.conda/envs/tf215_env/lib/python3.11/site-packages/keras/src/engine/base_layer.py", line 1149, in __call__

  File "/mnt/beegfs/hellgate/home/rb194958e/.conda/envs/tf215_env/lib/python3.11/site-packages/keras/src/utils/traceback_utils.py", line 96, in error_handler

  File "/mnt/beegfs/hellgate/home/rb194958e/.conda/envs/tf215_env/lib/python3.11/site-packages/keras/src/layers/merging/base_merge.py", line 196, in call

  File "/mnt/beegfs/hellgate/home/rb194958e/.conda/envs/tf215_env/lib/python3.11/site-packages/keras/src/layers/merging/concatenate.py", line 134, in _merge_function

  File "/mnt/beegfs/hellgate/home/rb194958e/.conda/envs/tf215_env/lib/python3.11/site-packages/keras/src/backend.py", line 3580, in concatenate

OOM when allocating tensor with shape[2,64,192,224,176] and type float on /job:localhost/replica:0/task:0/device:GPU:0 by allocator GPU_0_bfc
	 [[{{node model/concatenate_2/concat}}]]
Hint: If you want to see a list of allocated tensors when OOM happens, add report_tensor_allocations_upon_oom to RunOptions for current allocation info. This isn't available when running in Eager mode.
 [Op:__inference_train_function_7309]
2025-06-15 05:50:47.816088: W tensorflow/core/kernels/data/generator_dataset_op.cc:108] Error occurred when finalizing GeneratorDataset iterator: FAILED_PRECONDITION: Python interpreter state is not initialized. The process may be terminated.
	 [[{{node PyFunc}}]]
/var/spool/slurmd/job1124370/slurm_script: line 320: EOF: command not found
/var/spool/slurmd/job1124370/slurm_script: line 330: unexpected EOF while looking for matching ``'
/var/spool/slurmd/job1124370/slurm_script: line 339: syntax error: unexpected end of file
