2025-06-15 05:12:54.725544: I tensorflow/core/util/port.cc:113] oneDNN custom operations are on. You may see slightly different numerical results due to floating-point round-off errors from different computation orders. To turn them off, set the environment variable `TF_ENABLE_ONEDNN_OPTS=0`.
2025-06-15 05:12:55.330675: E external/local_xla/xla/stream_executor/cuda/cuda_dnn.cc:9261] Unable to register cuDNN factory: Attempting to register factory for plugin cuDNN when one has already been registered
2025-06-15 05:12:55.331463: E external/local_xla/xla/stream_executor/cuda/cuda_fft.cc:607] Unable to register cuFFT factory: Attempting to register factory for plugin cuFFT when one has already been registered
2025-06-15 05:12:55.493138: E external/local_xla/xla/stream_executor/cuda/cuda_blas.cc:1515] Unable to register cuBLAS factory: Attempting to register factory for plugin cuBLAS when one has already been registered
2025-06-15 05:12:55.803360: I tensorflow/core/platform/cpu_feature_guard.cc:182] This TensorFlow binary is optimized to use available CPU instructions in performance-critical operations.
To enable the following instructions: AVX2 AVX512F AVX512_VNNI FMA, in other operations, rebuild TensorFlow with the appropriate compiler flags.
2025-06-15 05:13:02.464393: W tensorflow/compiler/tf2tensorrt/utils/py_utils.cc:38] TF-TRT Warning: Could not find TensorRT
INFO:__main__:🚀 Starting Stroke Lesion Segmentation Training
INFO:__main__:Using 1 GPU(s)
INFO:__main__:Creating data generators...
INFO:__main__:Found 655 valid image/mask pairs
INFO:__main__:Found 655 valid image/mask pairs
INFO:__main__:Training batches: 262
INFO:__main__:Validation batches: 65
INFO:__main__:Building model...
2025-06-15 05:13:16.470885: I tensorflow/core/common_runtime/gpu/gpu_device.cc:1929] Created device /job:localhost/replica:0/task:0/device:GPU:0 with 22483 MB memory:  -> device: 0, name: NVIDIA RTX 4500 Ada Generation, pci bus id: 0000:1c:00.0, compute capability: 8.9
INFO:__main__:Model parameters: 5,605,345
INFO:__main__:Starting training...
pixdim[0] (qfac) should be 1 (default) or -1; setting qfac to 1
INFO:nibabel.global:pixdim[0] (qfac) should be 1 (default) or -1; setting qfac to 1
pixdim[0] (qfac) should be 1 (default) or -1; setting qfac to 1
INFO:nibabel.global:pixdim[0] (qfac) should be 1 (default) or -1; setting qfac to 1
pixdim[0] (qfac) should be 1 (default) or -1; setting qfac to 1
INFO:nibabel.global:pixdim[0] (qfac) should be 1 (default) or -1; setting qfac to 1
pixdim[0] (qfac) should be 1 (default) or -1; setting qfac to 1
INFO:nibabel.global:pixdim[0] (qfac) should be 1 (default) or -1; setting qfac to 1
2025-06-15 05:13:24.028869: I external/local_xla/xla/stream_executor/cuda/cuda_dnn.cc:454] Loaded cuDNN version 8907
pixdim[0] (qfac) should be 1 (default) or -1; setting qfac to 1
INFO:nibabel.global:pixdim[0] (qfac) should be 1 (default) or -1; setting qfac to 1
pixdim[0] (qfac) should be 1 (default) or -1; setting qfac to 1
INFO:nibabel.global:pixdim[0] (qfac) should be 1 (default) or -1; setting qfac to 1
pixdim[0] (qfac) should be 1 (default) or -1; setting qfac to 1
INFO:nibabel.global:pixdim[0] (qfac) should be 1 (default) or -1; setting qfac to 1
pixdim[0] (qfac) should be 1 (default) or -1; setting qfac to 1
INFO:nibabel.global:pixdim[0] (qfac) should be 1 (default) or -1; setting qfac to 1
2025-06-15 05:13:40.493946: W external/local_tsl/tsl/framework/bfc_allocator.cc:296] Allocator (GPU_0_bfc) ran out of memory trying to allocate 2.27GiB with freed_by_count=0. The caller indicates that this is not a failure, but this may mean that there could be performance gains if more memory were available.
2025-06-15 05:13:40.595242: W external/local_tsl/tsl/framework/bfc_allocator.cc:296] Allocator (GPU_0_bfc) ran out of memory trying to allocate 2.30GiB with freed_by_count=0. The caller indicates that this is not a failure, but this may mean that there could be performance gains if more memory were available.
2025-06-15 05:13:40.596082: W external/local_tsl/tsl/framework/bfc_allocator.cc:296] Allocator (GPU_0_bfc) ran out of memory trying to allocate 2.27GiB with freed_by_count=0. The caller indicates that this is not a failure, but this may mean that there could be performance gains if more memory were available.
2025-06-15 05:13:41.217690: W external/local_tsl/tsl/framework/bfc_allocator.cc:296] Allocator (GPU_0_bfc) ran out of memory trying to allocate 2.27GiB with freed_by_count=0. The caller indicates that this is not a failure, but this may mean that there could be performance gains if more memory were available.
2025-06-15 05:13:41.270981: W external/local_tsl/tsl/framework/bfc_allocator.cc:296] Allocator (GPU_0_bfc) ran out of memory trying to allocate 2.30GiB with freed_by_count=0. The caller indicates that this is not a failure, but this may mean that there could be performance gains if more memory were available.
2025-06-15 05:13:41.271900: W external/local_tsl/tsl/framework/bfc_allocator.cc:296] Allocator (GPU_0_bfc) ran out of memory trying to allocate 2.27GiB with freed_by_count=0. The caller indicates that this is not a failure, but this may mean that there could be performance gains if more memory were available.
2025-06-15 05:13:51.892875: W external/local_tsl/tsl/framework/bfc_allocator.cc:485] Allocator (GPU_0_bfc) ran out of memory trying to allocate 3.61GiB (rounded to 3875536896)requested by op model/concatenate_2/concat
If the cause is memory fragmentation maybe the environment variable 'TF_GPU_ALLOCATOR=cuda_malloc_async' will improve the situation. 
Current allocation summary follows.
Current allocation summary follows.
2025-06-15 05:13:51.893764: I external/local_tsl/tsl/framework/bfc_allocator.cc:1039] BFCAllocator dump for GPU_0_bfc
2025-06-15 05:13:51.894286: I external/local_tsl/tsl/framework/bfc_allocator.cc:1046] Bin (256): 	Total Chunks: 155, Chunks in use: 155. 38.8KiB allocated for chunks. 38.8KiB in use in bin. 20.7KiB client-requested in use in bin.
2025-06-15 05:13:51.894703: I external/local_tsl/tsl/framework/bfc_allocator.cc:1046] Bin (512): 	Total Chunks: 56, Chunks in use: 55. 28.0KiB allocated for chunks. 27.5KiB in use in bin. 27.5KiB client-requested in use in bin.
2025-06-15 05:13:51.895113: I external/local_tsl/tsl/framework/bfc_allocator.cc:1046] Bin (1024): 	Total Chunks: 27, Chunks in use: 27. 27.2KiB allocated for chunks. 27.2KiB in use in bin. 27.0KiB client-requested in use in bin.
2025-06-15 05:13:51.895491: I external/local_tsl/tsl/framework/bfc_allocator.cc:1046] Bin (2048): 	Total Chunks: 3, Chunks in use: 3. 10.5KiB allocated for chunks. 10.5KiB in use in bin. 10.1KiB client-requested in use in bin.
2025-06-15 05:13:51.895892: I external/local_tsl/tsl/framework/bfc_allocator.cc:1046] Bin (4096): 	Total Chunks: 0, Chunks in use: 0. 0B allocated for chunks. 0B in use in bin. 0B client-requested in use in bin.
2025-06-15 05:13:51.896254: I external/local_tsl/tsl/framework/bfc_allocator.cc:1046] Bin (8192): 	Total Chunks: 0, Chunks in use: 0. 0B allocated for chunks. 0B in use in bin. 0B client-requested in use in bin.
2025-06-15 05:13:51.896622: I external/local_tsl/tsl/framework/bfc_allocator.cc:1046] Bin (16384): 	Total Chunks: 0, Chunks in use: 0. 0B allocated for chunks. 0B in use in bin. 0B client-requested in use in bin.
2025-06-15 05:13:51.896992: I external/local_tsl/tsl/framework/bfc_allocator.cc:1046] Bin (32768): 	Total Chunks: 0, Chunks in use: 0. 0B allocated for chunks. 0B in use in bin. 0B client-requested in use in bin.
2025-06-15 05:13:51.897349: I external/local_tsl/tsl/framework/bfc_allocator.cc:1046] Bin (65536): 	Total Chunks: 7, Chunks in use: 7. 653.0KiB allocated for chunks. 653.0KiB in use in bin. 624.0KiB client-requested in use in bin.
2025-06-15 05:13:51.897752: I external/local_tsl/tsl/framework/bfc_allocator.cc:1046] Bin (131072): 	Total Chunks: 8, Chunks in use: 8. 1.58MiB allocated for chunks. 1.58MiB in use in bin. 1.48MiB client-requested in use in bin.
2025-06-15 05:13:51.898110: I external/local_tsl/tsl/framework/bfc_allocator.cc:1046] Bin (262144): 	Total Chunks: 8, Chunks in use: 8. 2.95MiB allocated for chunks. 2.95MiB in use in bin. 2.86MiB client-requested in use in bin.
2025-06-15 05:13:51.898507: I external/local_tsl/tsl/framework/bfc_allocator.cc:1046] Bin (524288): 	Total Chunks: 7, Chunks in use: 7. 5.89MiB allocated for chunks. 5.89MiB in use in bin. 5.48MiB client-requested in use in bin.
2025-06-15 05:13:51.898918: I external/local_tsl/tsl/framework/bfc_allocator.cc:1046] Bin (1048576): 	Total Chunks: 9, Chunks in use: 9. 14.02MiB allocated for chunks. 14.02MiB in use in bin. 13.12MiB client-requested in use in bin.
2025-06-15 05:13:51.899273: I external/local_tsl/tsl/framework/bfc_allocator.cc:1046] Bin (2097152): 	Total Chunks: 5, Chunks in use: 5. 17.38MiB allocated for chunks. 17.38MiB in use in bin. 16.88MiB client-requested in use in bin.
2025-06-15 05:13:51.899631: I external/local_tsl/tsl/framework/bfc_allocator.cc:1046] Bin (4194304): 	Total Chunks: 3, Chunks in use: 3. 18.12MiB allocated for chunks. 18.12MiB in use in bin. 16.88MiB client-requested in use in bin.
2025-06-15 05:13:51.899994: I external/local_tsl/tsl/framework/bfc_allocator.cc:1046] Bin (8388608): 	Total Chunks: 3, Chunks in use: 3. 40.62MiB allocated for chunks. 40.62MiB in use in bin. 35.62MiB client-requested in use in bin.
2025-06-15 05:13:51.900352: I external/local_tsl/tsl/framework/bfc_allocator.cc:1046] Bin (16777216): 	Total Chunks: 5, Chunks in use: 4. 140.19MiB allocated for chunks. 115.50MiB in use in bin. 115.50MiB client-requested in use in bin.
2025-06-15 05:13:51.900717: I external/local_tsl/tsl/framework/bfc_allocator.cc:1046] Bin (33554432): 	Total Chunks: 2, Chunks in use: 2. 115.50MiB allocated for chunks. 115.50MiB in use in bin. 115.50MiB client-requested in use in bin.
2025-06-15 05:13:51.901106: I external/local_tsl/tsl/framework/bfc_allocator.cc:1046] Bin (67108864): 	Total Chunks: 8, Chunks in use: 8. 874.50MiB allocated for chunks. 874.50MiB in use in bin. 808.50MiB client-requested in use in bin.
2025-06-15 05:13:51.901476: I external/local_tsl/tsl/framework/bfc_allocator.cc:1046] Bin (134217728): 	Total Chunks: 5, Chunks in use: 5. 1.07GiB allocated for chunks. 1.07GiB in use in bin. 924.00MiB client-requested in use in bin.
2025-06-15 05:13:51.901865: I external/local_tsl/tsl/framework/bfc_allocator.cc:1046] Bin (268435456): 	Total Chunks: 18, Chunks in use: 15. 19.69GiB allocated for chunks. 15.34GiB in use in bin. 15.34GiB client-requested in use in bin.
2025-06-15 05:13:51.902213: I external/local_tsl/tsl/framework/bfc_allocator.cc:1062] Bin for 3.61GiB was 256.00MiB, Chunk State: 
2025-06-15 05:13:51.902614: I external/local_tsl/tsl/framework/bfc_allocator.cc:1068]   Size: 453.50MiB | Requested Size: 16.00MiB | in_use: 0 | bin_num: 20, prev:   Size: 462.00MiB | Requested Size: 462.00MiB | in_use: 1 | bin_num: -1
2025-06-15 05:13:51.903035: I external/local_tsl/tsl/framework/bfc_allocator.cc:1068]   Size: 1.80GiB | Requested Size: 1.80GiB | in_use: 0 | bin_num: 20, next:   Size: 1.80GiB | Requested Size: 1.80GiB | in_use: 1 | bin_num: -1
2025-06-15 05:13:51.903591: I external/local_tsl/tsl/framework/bfc_allocator.cc:1068]   Size: 2.10GiB | Requested Size: 1.82GiB | in_use: 0 | bin_num: 20, prev:   Size: 1.80GiB | Requested Size: 1.80GiB | in_use: 1 | bin_num: -1
2025-06-15 05:13:51.904042: I external/local_tsl/tsl/framework/bfc_allocator.cc:1075] Next region of size 6129582080
2025-06-15 05:13:51.904582: I external/local_tsl/tsl/framework/bfc_allocator.cc:1095] Free  at 7fe38c000000 of size 1937768448 next 107
2025-06-15 05:13:51.905022: I external/local_tsl/tsl/framework/bfc_allocator.cc:1095] InUse at 7fe3ff800000 of size 1937768448 next 329
2025-06-15 05:13:51.905392: I external/local_tsl/tsl/framework/bfc_allocator.cc:1095] Free  at 7fe473000000 of size 2254045184 next 18446744073709551615
2025-06-15 05:13:51.905763: I external/local_tsl/tsl/framework/bfc_allocator.cc:1075] Next region of size 8589934592
2025-06-15 05:13:51.906223: I external/local_tsl/tsl/framework/bfc_allocator.cc:1095] InUse at 7fe51a000000 of size 1937768448 next 281
2025-06-15 05:13:51.906554: I external/local_tsl/tsl/framework/bfc_allocator.cc:1095] InUse at 7fe58d800000 of size 242221056 next 282
2025-06-15 05:13:51.906919: I external/local_tsl/tsl/framework/bfc_allocator.cc:1095] InUse at 7fe59bf00000 of size 484442112 next 283
2025-06-15 05:13:51.907278: I external/local_tsl/tsl/framework/bfc_allocator.cc:1095] InUse at 7fe5b8d00000 of size 484442112 next 284
2025-06-15 05:13:51.907686: I external/local_tsl/tsl/framework/bfc_allocator.cc:1095] InUse at 7fe5d5b00000 of size 484442112 next 29
2025-06-15 05:13:51.908062: I external/local_tsl/tsl/framework/bfc_allocator.cc:1095] InUse at 7fe5f2900000 of size 484442112 next 288
2025-06-15 05:13:51.908457: I external/local_tsl/tsl/framework/bfc_allocator.cc:1095] InUse at 7fe60f700000 of size 484442112 next 292
2025-06-15 05:13:51.908820: I external/local_tsl/tsl/framework/bfc_allocator.cc:1095] InUse at 7fe62c500000 of size 121110528 next 47
2025-06-15 05:13:51.909163: I external/local_tsl/tsl/framework/bfc_allocator.cc:1095] InUse at 7fe633880000 of size 121110528 next 296
2025-06-15 05:13:51.909492: I external/local_tsl/tsl/framework/bfc_allocator.cc:1095] InUse at 7fe63ac00000 of size 121110528 next 300
2025-06-15 05:13:51.909884: I external/local_tsl/tsl/framework/bfc_allocator.cc:1095] InUse at 7fe641f80000 of size 30277632 next 302
2025-06-15 05:13:51.910241: I external/local_tsl/tsl/framework/bfc_allocator.cc:1095] InUse at 7fe643c60000 of size 30277632 next 303
2025-06-15 05:13:51.910588: I external/local_tsl/tsl/framework/bfc_allocator.cc:1095] InUse at 7fe645940000 of size 30277632 next 66
2025-06-15 05:13:51.910941: I external/local_tsl/tsl/framework/bfc_allocator.cc:1095] InUse at 7fe647620000 of size 30277632 next 307
2025-06-15 05:13:51.911306: I external/local_tsl/tsl/framework/bfc_allocator.cc:1095] InUse at 7fe649300000 of size 121110528 next 76
2025-06-15 05:13:51.911688: I external/local_tsl/tsl/framework/bfc_allocator.cc:1095] InUse at 7fe650680000 of size 121110528 next 312
2025-06-15 05:13:51.912027: I external/local_tsl/tsl/framework/bfc_allocator.cc:1095] InUse at 7fe657a00000 of size 242221056 next 311
2025-06-15 05:13:51.912403: I external/local_tsl/tsl/framework/bfc_allocator.cc:1095] InUse at 7fe666100000 of size 121110528 next 85
2025-06-15 05:13:51.912756: I external/local_tsl/tsl/framework/bfc_allocator.cc:1095] InUse at 7fe66d480000 of size 484442112 next 325
2025-06-15 05:13:51.913083: I external/local_tsl/tsl/framework/bfc_allocator.cc:1095] InUse at 7fe68a280000 of size 484442112 next 320
2025-06-15 05:13:51.913457: I external/local_tsl/tsl/framework/bfc_allocator.cc:1095] InUse at 7fe6a7080000 of size 968884224 next 319
2025-06-15 05:13:51.913831: I external/local_tsl/tsl/framework/bfc_allocator.cc:1095] InUse at 7fe6e0c80000 of size 484442112 next 91
2025-06-15 05:13:51.914208: I external/local_tsl/tsl/framework/bfc_allocator.cc:1095] Free  at 7fe6fda80000 of size 475529216 next 18446744073709551615
2025-06-15 05:13:51.914562: I external/local_tsl/tsl/framework/bfc_allocator.cc:1075] Next region of size 4294967296
2025-06-15 05:13:51.915008: I external/local_tsl/tsl/framework/bfc_allocator.cc:1095] InUse at 7fe73e000000 of size 1937768448 next 11
2025-06-15 05:13:51.915384: I external/local_tsl/tsl/framework/bfc_allocator.cc:1095] InUse at 7fe7b1800000 of size 1937768448 next 276
2025-06-15 05:13:51.915738: I external/local_tsl/tsl/framework/bfc_allocator.cc:1095] InUse at 7fe825000000 of size 242221056 next 20
2025-06-15 05:13:51.916096: I external/local_tsl/tsl/framework/bfc_allocator.cc:1095] InUse at 7fe833700000 of size 60555264 next 38
2025-06-15 05:13:51.916473: I external/local_tsl/tsl/framework/bfc_allocator.cc:1095] InUse at 7fe8370c0000 of size 116654080 next 18446744073709551615
2025-06-15 05:13:51.916841: I external/local_tsl/tsl/framework/bfc_allocator.cc:1075] Next region of size 2147483648
2025-06-15 05:13:51.917300: I external/local_tsl/tsl/framework/bfc_allocator.cc:1095] InUse at 7fe86a000000 of size 1937768448 next 270
2025-06-15 05:13:51.917688: I external/local_tsl/tsl/framework/bfc_allocator.cc:1095] InUse at 7fe8dd800000 of size 209715200 next 18446744073709551615
2025-06-15 05:13:51.918063: I external/local_tsl/tsl/framework/bfc_allocator.cc:1075] Next region of size 2147483648
2025-06-15 05:13:51.918515: I external/local_tsl/tsl/framework/bfc_allocator.cc:1095] InUse at 7fe8f0000000 of size 1937768448 next 267
2025-06-15 05:13:51.918877: I external/local_tsl/tsl/framework/bfc_allocator.cc:1095] InUse at 7fe963800000 of size 209715200 next 18446744073709551615
2025-06-15 05:13:51.919219: I external/local_tsl/tsl/framework/bfc_allocator.cc:1075] Next region of size 134217728
2025-06-15 05:13:51.919651: I external/local_tsl/tsl/framework/bfc_allocator.cc:1095] InUse at 7fe9fc000000 of size 60555264 next 264
2025-06-15 05:13:51.920022: I external/local_tsl/tsl/framework/bfc_allocator.cc:1095] InUse at 7fe9ff9c0000 of size 73662464 next 18446744073709551615
2025-06-15 05:13:51.920380: I external/local_tsl/tsl/framework/bfc_allocator.cc:1075] Next region of size 67108864
2025-06-15 05:13:51.920850: I external/local_tsl/tsl/framework/bfc_allocator.cc:1095] InUse at 7fea04000000 of size 3538944 next 198
2025-06-15 05:13:51.921231: I external/local_tsl/tsl/framework/bfc_allocator.cc:1095] InUse at 7fea04360000 of size 1769472 next 205
2025-06-15 05:13:51.921577: I external/local_tsl/tsl/framework/bfc_allocator.cc:1095] InUse at 7fea04510000 of size 1769472 next 206
2025-06-15 05:13:51.921957: I external/local_tsl/tsl/framework/bfc_allocator.cc:1095] InUse at 7fea046c0000 of size 262144 next 213
2025-06-15 05:13:51.922334: I external/local_tsl/tsl/framework/bfc_allocator.cc:1095] InUse at 7fea04700000 of size 262144 next 214
2025-06-15 05:13:51.922787: I external/local_tsl/tsl/framework/bfc_allocator.cc:1095] InUse at 7fea04740000 of size 884736 next 217
2025-06-15 05:13:51.923219: I external/local_tsl/tsl/framework/bfc_allocator.cc:1095] InUse at 7fea04818000 of size 884736 next 218
2025-06-15 05:13:51.923610: I external/local_tsl/tsl/framework/bfc_allocator.cc:1095] InUse at 7fea048f0000 of size 442368 next 225
2025-06-15 05:13:51.923978: I external/local_tsl/tsl/framework/bfc_allocator.cc:1095] InUse at 7fea0495c000 of size 442368 next 226
2025-06-15 05:13:51.924346: I external/local_tsl/tsl/framework/bfc_allocator.cc:1095] InUse at 7fea049c8000 of size 256 next 234
2025-06-15 05:13:51.924793: I external/local_tsl/tsl/framework/bfc_allocator.cc:1095] InUse at 7fea049c8100 of size 256 next 235
2025-06-15 05:13:51.925254: I external/local_tsl/tsl/framework/bfc_allocator.cc:1095] InUse at 7fea049c8200 of size 221184 next 236
2025-06-15 05:13:51.925639: I external/local_tsl/tsl/framework/bfc_allocator.cc:1095] InUse at 7fea049fe200 of size 221184 next 237
2025-06-15 05:13:51.926017: I external/local_tsl/tsl/framework/bfc_allocator.cc:1095] InUse at 7fea04a34200 of size 256 next 238
2025-06-15 05:13:51.926444: I external/local_tsl/tsl/framework/bfc_allocator.cc:1095] InUse at 7fea04a34300 of size 256 next 239
2025-06-15 05:13:51.926880: I external/local_tsl/tsl/framework/bfc_allocator.cc:1095] InUse at 7fea04a34400 of size 256 next 240
2025-06-15 05:13:51.927303: I external/local_tsl/tsl/framework/bfc_allocator.cc:1095] InUse at 7fea04a34500 of size 256 next 241
2025-06-15 05:13:51.927737: I external/local_tsl/tsl/framework/bfc_allocator.cc:1095] InUse at 7fea04a34600 of size 256 next 242
2025-06-15 05:13:51.928190: I external/local_tsl/tsl/framework/bfc_allocator.cc:1095] InUse at 7fea04a34700 of size 256 next 243
2025-06-15 05:13:51.928628: I external/local_tsl/tsl/framework/bfc_allocator.cc:1095] InUse at 7fea04a34800 of size 110592 next 244
2025-06-15 05:13:51.928976: I external/local_tsl/tsl/framework/bfc_allocator.cc:1095] InUse at 7fea04a4f800 of size 110592 next 245
2025-06-15 05:13:51.929358: I external/local_tsl/tsl/framework/bfc_allocator.cc:1095] InUse at 7fea04a6a800 of size 256 next 246
2025-06-15 05:13:51.929795: I external/local_tsl/tsl/framework/bfc_allocator.cc:1095] InUse at 7fea04a6a900 of size 256 next 247
2025-06-15 05:13:51.930271: I external/local_tsl/tsl/framework/bfc_allocator.cc:1095] InUse at 7fea04a6aa00 of size 256 next 248
2025-06-15 05:13:51.930696: I external/local_tsl/tsl/framework/bfc_allocator.cc:1095] InUse at 7fea04a6ab00 of size 256 next 249
2025-06-15 05:13:51.931187: I external/local_tsl/tsl/framework/bfc_allocator.cc:1095] InUse at 7fea04a6ac00 of size 256 next 250
2025-06-15 05:13:51.931610: I external/local_tsl/tsl/framework/bfc_allocator.cc:1095] InUse at 7fea04a6ad00 of size 256 next 251
2025-06-15 05:13:51.932051: I external/local_tsl/tsl/framework/bfc_allocator.cc:1095] InUse at 7fea04a6ae00 of size 256 next 252
2025-06-15 05:13:51.932479: I external/local_tsl/tsl/framework/bfc_allocator.cc:1095] InUse at 7fea04a6af00 of size 256 next 253
2025-06-15 05:13:51.932933: I external/local_tsl/tsl/framework/bfc_allocator.cc:1095] InUse at 7fea04a6b000 of size 256 next 254
2025-06-15 05:13:51.933392: I external/local_tsl/tsl/framework/bfc_allocator.cc:1095] InUse at 7fea04a6b100 of size 256 next 255
2025-06-15 05:13:51.933865: I external/local_tsl/tsl/framework/bfc_allocator.cc:1095] InUse at 7fea04a6b200 of size 256 next 256
2025-06-15 05:13:51.934297: I external/local_tsl/tsl/framework/bfc_allocator.cc:1095] InUse at 7fea04a6b300 of size 256 next 257
2025-06-15 05:13:51.934721: I external/local_tsl/tsl/framework/bfc_allocator.cc:1095] InUse at 7fea04a6b400 of size 256 next 258
2025-06-15 05:13:51.935181: I external/local_tsl/tsl/framework/bfc_allocator.cc:1095] InUse at 7fea04a6b500 of size 256 next 259
2025-06-15 05:13:51.935620: I external/local_tsl/tsl/framework/bfc_allocator.cc:1095] InUse at 7fea04a6b600 of size 256 next 260
2025-06-15 05:13:51.936044: I external/local_tsl/tsl/framework/bfc_allocator.cc:1095] InUse at 7fea04a6b700 of size 256 next 261
2025-06-15 05:13:51.936463: I external/local_tsl/tsl/framework/bfc_allocator.cc:1095] InUse at 7fea04a6b800 of size 256 next 262
2025-06-15 05:13:51.936901: I external/local_tsl/tsl/framework/bfc_allocator.cc:1095] InUse at 7fea04a6b900 of size 256 next 263
2025-06-15 05:13:51.937319: I external/local_tsl/tsl/framework/bfc_allocator.cc:1095] InUse at 7fea04a6ba00 of size 256 next 265
2025-06-15 05:13:51.937803: I external/local_tsl/tsl/framework/bfc_allocator.cc:1095] InUse at 7fea04a6bb00 of size 256 next 268
2025-06-15 05:13:51.938297: I external/local_tsl/tsl/framework/bfc_allocator.cc:1095] InUse at 7fea04a6bc00 of size 256 next 269
2025-06-15 05:13:51.938737: I external/local_tsl/tsl/framework/bfc_allocator.cc:1095] InUse at 7fea04a6bd00 of size 256 next 272
2025-06-15 05:13:51.939185: I external/local_tsl/tsl/framework/bfc_allocator.cc:1095] InUse at 7fea04a6be00 of size 256 next 274
2025-06-15 05:13:51.939648: I external/local_tsl/tsl/framework/bfc_allocator.cc:1095] InUse at 7fea04a6bf00 of size 256 next 275
2025-06-15 05:13:51.940094: I external/local_tsl/tsl/framework/bfc_allocator.cc:1095] InUse at 7fea04a6c000 of size 256 next 279
2025-06-15 05:13:51.940518: I external/local_tsl/tsl/framework/bfc_allocator.cc:1095] InUse at 7fea04a6c100 of size 256 next 280
2025-06-15 05:13:51.940943: I external/local_tsl/tsl/framework/bfc_allocator.cc:1095] InUse at 7fea04a6c200 of size 256 next 286
2025-06-15 05:13:51.941395: I external/local_tsl/tsl/framework/bfc_allocator.cc:1095] InUse at 7fea04a6c300 of size 256 next 287
2025-06-15 05:13:51.941824: I external/local_tsl/tsl/framework/bfc_allocator.cc:1095] InUse at 7fea04a6c400 of size 256 next 290
2025-06-15 05:13:51.942254: I external/local_tsl/tsl/framework/bfc_allocator.cc:1095] InUse at 7fea04a6c500 of size 256 next 291
2025-06-15 05:13:51.942686: I external/local_tsl/tsl/framework/bfc_allocator.cc:1095] InUse at 7fea04a6c600 of size 512 next 293
2025-06-15 05:13:51.943118: I external/local_tsl/tsl/framework/bfc_allocator.cc:1095] InUse at 7fea04a6c800 of size 512 next 294
2025-06-15 05:13:51.943569: I external/local_tsl/tsl/framework/bfc_allocator.cc:1095] InUse at 7fea04a6ca00 of size 512 next 295
2025-06-15 05:13:51.943994: I external/local_tsl/tsl/framework/bfc_allocator.cc:1095] InUse at 7fea04a6cc00 of size 512 next 298
2025-06-15 05:13:51.944446: I external/local_tsl/tsl/framework/bfc_allocator.cc:1095] InUse at 7fea04a6ce00 of size 512 next 299
2025-06-15 05:13:51.944905: I external/local_tsl/tsl/framework/bfc_allocator.cc:1095] InUse at 7fea04a6d000 of size 15138816 next 56
2025-06-15 05:13:51.945275: I external/local_tsl/tsl/framework/bfc_allocator.cc:1095] InUse at 7fea058dd000 of size 15138816 next 301
2025-06-15 05:13:51.945650: I external/local_tsl/tsl/framework/bfc_allocator.cc:1095] InUse at 7fea0674d000 of size 1024 next 304
2025-06-15 05:13:51.946100: I external/local_tsl/tsl/framework/bfc_allocator.cc:1095] InUse at 7fea0674d400 of size 1024 next 305
2025-06-15 05:13:51.946527: I external/local_tsl/tsl/framework/bfc_allocator.cc:1095] InUse at 7fea0674d800 of size 1024 next 306
2025-06-15 05:13:51.946958: I external/local_tsl/tsl/framework/bfc_allocator.cc:1095] InUse at 7fea0674dc00 of size 1024 next 309
2025-06-15 05:13:51.947384: I external/local_tsl/tsl/framework/bfc_allocator.cc:1095] InUse at 7fea0674e000 of size 1024 next 310
2025-06-15 05:13:51.947830: I external/local_tsl/tsl/framework/bfc_allocator.cc:1095] InUse at 7fea0674e400 of size 512 next 317
2025-06-15 05:13:51.948274: I external/local_tsl/tsl/framework/bfc_allocator.cc:1095] InUse at 7fea0674e600 of size 512 next 318
2025-06-15 05:13:51.948692: I external/local_tsl/tsl/framework/bfc_allocator.cc:1095] InUse at 7fea0674e800 of size 256 next 326
2025-06-15 05:13:51.949151: I external/local_tsl/tsl/framework/bfc_allocator.cc:1095] InUse at 7fea0674e900 of size 256 next 327
2025-06-15 05:13:51.949604: I external/local_tsl/tsl/framework/bfc_allocator.cc:1095] Free  at 7fea0674ea00 of size 25892352 next 18446744073709551615
2025-06-15 05:13:51.950003: I external/local_tsl/tsl/framework/bfc_allocator.cc:1075] Next region of size 33554432
2025-06-15 05:13:51.950436: I external/local_tsl/tsl/framework/bfc_allocator.cc:1095] InUse at 7fea22000000 of size 3538944 next 83
2025-06-15 05:13:51.950815: I external/local_tsl/tsl/framework/bfc_allocator.cc:1095] InUse at 7fea22360000 of size 221184 next 152
2025-06-15 05:13:51.951174: I external/local_tsl/tsl/framework/bfc_allocator.cc:1095] InUse at 7fea22396000 of size 221184 next 106
2025-06-15 05:13:51.951578: I external/local_tsl/tsl/framework/bfc_allocator.cc:1095] InUse at 7fea223cc000 of size 442368 next 100
2025-06-15 05:13:51.951947: I external/local_tsl/tsl/framework/bfc_allocator.cc:1095] InUse at 7fea22438000 of size 884736 next 90
2025-06-15 05:13:51.952308: I external/local_tsl/tsl/framework/bfc_allocator.cc:1095] InUse at 7fea22510000 of size 1769472 next 74
2025-06-15 05:13:51.952715: I external/local_tsl/tsl/framework/bfc_allocator.cc:1095] InUse at 7fea226c0000 of size 7077888 next 72
2025-06-15 05:13:51.953124: I external/local_tsl/tsl/framework/bfc_allocator.cc:1095] InUse at 7fea22d80000 of size 7077888 next 187
2025-06-15 05:13:51.953494: I external/local_tsl/tsl/framework/bfc_allocator.cc:1095] InUse at 7fea23440000 of size 12320768 next 18446744073709551615
2025-06-15 05:13:51.953879: I external/local_tsl/tsl/framework/bfc_allocator.cc:1075] Next region of size 16777216
2025-06-15 05:13:51.954304: I external/local_tsl/tsl/framework/bfc_allocator.cc:1095] InUse at 7fea36000000 of size 1769472 next 173
2025-06-15 05:13:51.954691: I external/local_tsl/tsl/framework/bfc_allocator.cc:1095] InUse at 7fea361b0000 of size 1769472 next 64
2025-06-15 05:13:51.955065: I external/local_tsl/tsl/framework/bfc_allocator.cc:1095] InUse at 7fea36360000 of size 3538944 next 62
2025-06-15 05:13:51.955460: I external/local_tsl/tsl/framework/bfc_allocator.cc:1095] InUse at 7fea366c0000 of size 3538944 next 180
2025-06-15 05:13:51.955843: I external/local_tsl/tsl/framework/bfc_allocator.cc:1095] InUse at 7fea36a20000 of size 1048576 next 194
2025-06-15 05:13:51.956255: I external/local_tsl/tsl/framework/bfc_allocator.cc:1095] InUse at 7fea36b20000 of size 1048576 next 195
2025-06-15 05:13:51.956671: I external/local_tsl/tsl/framework/bfc_allocator.cc:1095] InUse at 7fea36c20000 of size 4063232 next 18446744073709551615
2025-06-15 05:13:51.957052: I external/local_tsl/tsl/framework/bfc_allocator.cc:1075] Next region of size 2097152
2025-06-15 05:13:51.957535: I external/local_tsl/tsl/framework/bfc_allocator.cc:1095] InUse at 7fea8ae00000 of size 1280 next 1
2025-06-15 05:13:51.958026: I external/local_tsl/tsl/framework/bfc_allocator.cc:1095] InUse at 7fea8ae00500 of size 256 next 2
2025-06-15 05:13:51.958477: I external/local_tsl/tsl/framework/bfc_allocator.cc:1095] InUse at 7fea8ae00600 of size 256 next 3
2025-06-15 05:13:51.958930: I external/local_tsl/tsl/framework/bfc_allocator.cc:1095] InUse at 7fea8ae00700 of size 256 next 5
2025-06-15 05:13:51.959413: I external/local_tsl/tsl/framework/bfc_allocator.cc:1095] InUse at 7fea8ae00800 of size 256 next 6
2025-06-15 05:13:51.959874: I external/local_tsl/tsl/framework/bfc_allocator.cc:1095] InUse at 7fea8ae00900 of size 256 next 4
2025-06-15 05:13:51.960340: I external/local_tsl/tsl/framework/bfc_allocator.cc:1095] InUse at 7fea8ae00a00 of size 256 next 7
2025-06-15 05:13:51.960800: I external/local_tsl/tsl/framework/bfc_allocator.cc:1095] InUse at 7fea8ae00b00 of size 256 next 10
2025-06-15 05:13:51.961283: I external/local_tsl/tsl/framework/bfc_allocator.cc:1095] InUse at 7fea8ae00c00 of size 256 next 277
2025-06-15 05:13:51.961731: I external/local_tsl/tsl/framework/bfc_allocator.cc:1095] InUse at 7fea8ae00d00 of size 256 next 12
2025-06-15 05:13:51.962198: I external/local_tsl/tsl/framework/bfc_allocator.cc:1095] InUse at 7fea8ae00e00 of size 256 next 13
2025-06-15 05:13:51.962669: I external/local_tsl/tsl/framework/bfc_allocator.cc:1095] InUse at 7fea8ae00f00 of size 256 next 14
2025-06-15 05:13:51.963119: I external/local_tsl/tsl/framework/bfc_allocator.cc:1095] InUse at 7fea8ae01000 of size 256 next 17
2025-06-15 05:13:51.963580: I external/local_tsl/tsl/framework/bfc_allocator.cc:1095] InUse at 7fea8ae01100 of size 256 next 15
2025-06-15 05:13:51.964033: I external/local_tsl/tsl/framework/bfc_allocator.cc:1095] InUse at 7fea8ae01200 of size 256 next 16
2025-06-15 05:13:51.964493: I external/local_tsl/tsl/framework/bfc_allocator.cc:1095] InUse at 7fea8ae01300 of size 256 next 285
2025-06-15 05:13:51.964939: I external/local_tsl/tsl/framework/bfc_allocator.cc:1095] InUse at 7fea8ae01400 of size 256 next 21
2025-06-15 05:13:51.965400: I external/local_tsl/tsl/framework/bfc_allocator.cc:1095] InUse at 7fea8ae01500 of size 256 next 22
2025-06-15 05:13:51.965837: I external/local_tsl/tsl/framework/bfc_allocator.cc:1095] InUse at 7fea8ae01600 of size 256 next 23
2025-06-15 05:13:51.966276: I external/local_tsl/tsl/framework/bfc_allocator.cc:1095] InUse at 7fea8ae01700 of size 256 next 24
2025-06-15 05:13:51.966730: I external/local_tsl/tsl/framework/bfc_allocator.cc:1095] InUse at 7fea8ae01800 of size 256 next 25
2025-06-15 05:13:51.967186: I external/local_tsl/tsl/framework/bfc_allocator.cc:1095] InUse at 7fea8ae01900 of size 256 next 28
2025-06-15 05:13:51.967633: I external/local_tsl/tsl/framework/bfc_allocator.cc:1095] InUse at 7fea8ae01a00 of size 256 next 289
2025-06-15 05:13:51.968073: I external/local_tsl/tsl/framework/bfc_allocator.cc:1095] InUse at 7fea8ae01b00 of size 256 next 30
2025-06-15 05:13:51.968520: I external/local_tsl/tsl/framework/bfc_allocator.cc:1095] InUse at 7fea8ae01c00 of size 256 next 31
2025-06-15 05:13:51.968948: I external/local_tsl/tsl/framework/bfc_allocator.cc:1095] InUse at 7fea8ae01d00 of size 256 next 32
2025-06-15 05:13:51.969393: I external/local_tsl/tsl/framework/bfc_allocator.cc:1095] InUse at 7fea8ae01e00 of size 256 next 35
2025-06-15 05:13:51.969850: I external/local_tsl/tsl/framework/bfc_allocator.cc:1095] InUse at 7fea8ae01f00 of size 256 next 33
2025-06-15 05:13:51.970299: I external/local_tsl/tsl/framework/bfc_allocator.cc:1095] InUse at 7fea8ae02000 of size 256 next 34
2025-06-15 05:13:51.970766: I external/local_tsl/tsl/framework/bfc_allocator.cc:1095] InUse at 7fea8ae02100 of size 512 next 39
2025-06-15 05:13:51.971195: I external/local_tsl/tsl/framework/bfc_allocator.cc:1095] InUse at 7fea8ae02300 of size 256 next 40
2025-06-15 05:13:51.971712: I external/local_tsl/tsl/framework/bfc_allocator.cc:1095] InUse at 7fea8ae02400 of size 256 next 41
2025-06-15 05:13:51.972168: I external/local_tsl/tsl/framework/bfc_allocator.cc:1095] InUse at 7fea8ae02500 of size 256 next 8
2025-06-15 05:13:51.972624: I external/local_tsl/tsl/framework/bfc_allocator.cc:1095] InUse at 7fea8ae02600 of size 3584 next 9
2025-06-15 05:13:51.973071: I external/local_tsl/tsl/framework/bfc_allocator.cc:1095] InUse at 7fea8ae03400 of size 512 next 42
2025-06-15 05:13:51.973508: I external/local_tsl/tsl/framework/bfc_allocator.cc:1095] InUse at 7fea8ae03600 of size 512 next 45
2025-06-15 05:13:51.973951: I external/local_tsl/tsl/framework/bfc_allocator.cc:1095] InUse at 7fea8ae03800 of size 512 next 46
2025-06-15 05:13:51.974400: I external/local_tsl/tsl/framework/bfc_allocator.cc:1095] InUse at 7fea8ae03a00 of size 512 next 297
2025-06-15 05:13:51.974843: I external/local_tsl/tsl/framework/bfc_allocator.cc:1095] InUse at 7fea8ae03c00 of size 512 next 48
2025-06-15 05:13:51.975275: I external/local_tsl/tsl/framework/bfc_allocator.cc:1095] InUse at 7fea8ae03e00 of size 256 next 49
2025-06-15 05:13:51.975713: I external/local_tsl/tsl/framework/bfc_allocator.cc:1095] InUse at 7fea8ae03f00 of size 512 next 50
2025-06-15 05:13:51.976161: I external/local_tsl/tsl/framework/bfc_allocator.cc:1095] InUse at 7fea8ae04100 of size 512 next 51
2025-06-15 05:13:51.976638: I external/local_tsl/tsl/framework/bfc_allocator.cc:1095] InUse at 7fea8ae04300 of size 512 next 55
2025-06-15 05:13:51.977093: I external/local_tsl/tsl/framework/bfc_allocator.cc:1095] InUse at 7fea8ae04500 of size 1024 next 57
2025-06-15 05:13:51.977533: I external/local_tsl/tsl/framework/bfc_allocator.cc:1095] InUse at 7fea8ae04900 of size 256 next 58
2025-06-15 05:13:51.978004: I external/local_tsl/tsl/framework/bfc_allocator.cc:1095] InUse at 7fea8ae04a00 of size 256 next 59
2025-06-15 05:13:51.978472: I external/local_tsl/tsl/framework/bfc_allocator.cc:1095] InUse at 7fea8ae04b00 of size 1024 next 60
2025-06-15 05:13:51.978962: I external/local_tsl/tsl/framework/bfc_allocator.cc:1095] InUse at 7fea8ae04f00 of size 1024 next 61
2025-06-15 05:13:51.979411: I external/local_tsl/tsl/framework/bfc_allocator.cc:1095] InUse at 7fea8ae05300 of size 1024 next 65
2025-06-15 05:13:51.979876: I external/local_tsl/tsl/framework/bfc_allocator.cc:1095] InUse at 7fea8ae05700 of size 1024 next 308
2025-06-15 05:13:51.980319: I external/local_tsl/tsl/framework/bfc_allocator.cc:1095] InUse at 7fea8ae05b00 of size 1024 next 67
2025-06-15 05:13:51.980764: I external/local_tsl/tsl/framework/bfc_allocator.cc:1095] InUse at 7fea8ae05f00 of size 256 next 68
2025-06-15 05:13:51.981239: I external/local_tsl/tsl/framework/bfc_allocator.cc:1095] InUse at 7fea8ae06000 of size 256 next 69
2025-06-15 05:13:51.981683: I external/local_tsl/tsl/framework/bfc_allocator.cc:1095] InUse at 7fea8ae06100 of size 1024 next 70
2025-06-15 05:13:51.982142: I external/local_tsl/tsl/framework/bfc_allocator.cc:1095] InUse at 7fea8ae06500 of size 1024 next 71
2025-06-15 05:13:51.982622: I external/local_tsl/tsl/framework/bfc_allocator.cc:1095] InUse at 7fea8ae06900 of size 1024 next 75
2025-06-15 05:13:51.983087: I external/local_tsl/tsl/framework/bfc_allocator.cc:1095] InUse at 7fea8ae06d00 of size 512 next 313
2025-06-15 05:13:51.983561: I external/local_tsl/tsl/framework/bfc_allocator.cc:1095] InUse at 7fea8ae06f00 of size 512 next 314
2025-06-15 05:13:51.984059: I external/local_tsl/tsl/framework/bfc_allocator.cc:1095] InUse at 7fea8ae07100 of size 512 next 315
2025-06-15 05:13:51.984523: I external/local_tsl/tsl/framework/bfc_allocator.cc:1095] InUse at 7fea8ae07300 of size 512 next 77
2025-06-15 05:13:51.984989: I external/local_tsl/tsl/framework/bfc_allocator.cc:1095] InUse at 7fea8ae07500 of size 256 next 78
2025-06-15 05:13:51.985471: I external/local_tsl/tsl/framework/bfc_allocator.cc:1095] InUse at 7fea8ae07600 of size 256 next 79
2025-06-15 05:13:51.985948: I external/local_tsl/tsl/framework/bfc_allocator.cc:1095] InUse at 7fea8ae07700 of size 512 next 80
2025-06-15 05:13:51.986433: I external/local_tsl/tsl/framework/bfc_allocator.cc:1095] InUse at 7fea8ae07900 of size 512 next 81
2025-06-15 05:13:51.986892: I external/local_tsl/tsl/framework/bfc_allocator.cc:1095] InUse at 7fea8ae07b00 of size 512 next 82
2025-06-15 05:13:51.987343: I external/local_tsl/tsl/framework/bfc_allocator.cc:1095] InUse at 7fea8ae07d00 of size 512 next 84
2025-06-15 05:13:51.987791: I external/local_tsl/tsl/framework/bfc_allocator.cc:1095] InUse at 7fea8ae07f00 of size 512 next 316
2025-06-15 05:13:51.988259: I external/local_tsl/tsl/framework/bfc_allocator.cc:1095] InUse at 7fea8ae08100 of size 512 next 86
2025-06-15 05:13:51.988740: I external/local_tsl/tsl/framework/bfc_allocator.cc:1095] InUse at 7fea8ae08300 of size 512 next 87
2025-06-15 05:13:51.989250: I external/local_tsl/tsl/framework/bfc_allocator.cc:1095] InUse at 7fea8ae08500 of size 512 next 88
2025-06-15 05:13:51.989711: I external/local_tsl/tsl/framework/bfc_allocator.cc:1095] InUse at 7fea8ae08700 of size 512 next 89
2025-06-15 05:13:51.990165: I external/local_tsl/tsl/framework/bfc_allocator.cc:1095] InUse at 7fea8ae08900 of size 256 next 321
2025-06-15 05:13:51.990584: I external/local_tsl/tsl/framework/bfc_allocator.cc:1095] InUse at 7fea8ae08a00 of size 256 next 323
2025-06-15 05:13:51.991025: I external/local_tsl/tsl/framework/bfc_allocator.cc:1095] InUse at 7fea8ae08b00 of size 256 next 324
2025-06-15 05:13:51.991465: I external/local_tsl/tsl/framework/bfc_allocator.cc:1095] InUse at 7fea8ae08c00 of size 256 next 92
2025-06-15 05:13:51.991964: I external/local_tsl/tsl/framework/bfc_allocator.cc:1095] InUse at 7fea8ae08d00 of size 256 next 93
2025-06-15 05:13:51.992401: I external/local_tsl/tsl/framework/bfc_allocator.cc:1095] InUse at 7fea8ae08e00 of size 256 next 94
2025-06-15 05:13:51.992878: I external/local_tsl/tsl/framework/bfc_allocator.cc:1095] InUse at 7fea8ae08f00 of size 256 next 97
2025-06-15 05:13:51.993310: I external/local_tsl/tsl/framework/bfc_allocator.cc:1095] InUse at 7fea8ae09000 of size 256 next 95
2025-06-15 05:13:51.993738: I external/local_tsl/tsl/framework/bfc_allocator.cc:1095] InUse at 7fea8ae09100 of size 256 next 96
2025-06-15 05:13:51.994187: I external/local_tsl/tsl/framework/bfc_allocator.cc:1095] InUse at 7fea8ae09200 of size 256 next 98
2025-06-15 05:13:51.994642: I external/local_tsl/tsl/framework/bfc_allocator.cc:1095] InUse at 7fea8ae09300 of size 256 next 101
2025-06-15 05:13:51.995089: I external/local_tsl/tsl/framework/bfc_allocator.cc:1095] InUse at 7fea8ae09400 of size 256 next 102
2025-06-15 05:13:51.995523: I external/local_tsl/tsl/framework/bfc_allocator.cc:1095] InUse at 7fea8ae09500 of size 256 next 103
2025-06-15 05:13:51.995985: I external/local_tsl/tsl/framework/bfc_allocator.cc:1095] InUse at 7fea8ae09600 of size 256 next 104
2025-06-15 05:13:51.996435: I external/local_tsl/tsl/framework/bfc_allocator.cc:1095] InUse at 7fea8ae09700 of size 256 next 105
2025-06-15 05:13:51.996866: I external/local_tsl/tsl/framework/bfc_allocator.cc:1095] Free  at 7fea8ae09800 of size 512 next 108
2025-06-15 05:13:51.997314: I external/local_tsl/tsl/framework/bfc_allocator.cc:1095] InUse at 7fea8ae09a00 of size 256 next 109
2025-06-15 05:13:51.997825: I external/local_tsl/tsl/framework/bfc_allocator.cc:1095] InUse at 7fea8ae09b00 of size 256 next 110
2025-06-15 05:13:51.998339: I external/local_tsl/tsl/framework/bfc_allocator.cc:1095] InUse at 7fea8ae09c00 of size 256 next 146
2025-06-15 05:13:51.998770: I external/local_tsl/tsl/framework/bfc_allocator.cc:1095] InUse at 7fea8ae09d00 of size 256 next 147
2025-06-15 05:13:51.999231: I external/local_tsl/tsl/framework/bfc_allocator.cc:1095] InUse at 7fea8ae09e00 of size 256 next 148
2025-06-15 05:13:51.999688: I external/local_tsl/tsl/framework/bfc_allocator.cc:1095] InUse at 7fea8ae09f00 of size 256 next 149
2025-06-15 05:13:52.000138: I external/local_tsl/tsl/framework/bfc_allocator.cc:1095] InUse at 7fea8ae0a000 of size 256 next 150
2025-06-15 05:13:52.000590: I external/local_tsl/tsl/framework/bfc_allocator.cc:1095] InUse at 7fea8ae0a100 of size 256 next 151
2025-06-15 05:13:52.001012: I external/local_tsl/tsl/framework/bfc_allocator.cc:1095] InUse at 7fea8ae0a200 of size 256 next 153
2025-06-15 05:13:52.001493: I external/local_tsl/tsl/framework/bfc_allocator.cc:1095] InUse at 7fea8ae0a300 of size 256 next 154
2025-06-15 05:13:52.001941: I external/local_tsl/tsl/framework/bfc_allocator.cc:1095] InUse at 7fea8ae0a400 of size 256 next 155
2025-06-15 05:13:52.002372: I external/local_tsl/tsl/framework/bfc_allocator.cc:1095] InUse at 7fea8ae0a500 of size 256 next 156
2025-06-15 05:13:52.002834: I external/local_tsl/tsl/framework/bfc_allocator.cc:1095] InUse at 7fea8ae0a600 of size 256 next 157
2025-06-15 05:13:52.003269: I external/local_tsl/tsl/framework/bfc_allocator.cc:1095] InUse at 7fea8ae0a700 of size 256 next 158
2025-06-15 05:13:52.003693: I external/local_tsl/tsl/framework/bfc_allocator.cc:1095] InUse at 7fea8ae0a800 of size 256 next 160
2025-06-15 05:13:52.004192: I external/local_tsl/tsl/framework/bfc_allocator.cc:1095] InUse at 7fea8ae0a900 of size 256 next 161
2025-06-15 05:13:52.004631: I external/local_tsl/tsl/framework/bfc_allocator.cc:1095] InUse at 7fea8ae0aa00 of size 256 next 162
2025-06-15 05:13:52.005111: I external/local_tsl/tsl/framework/bfc_allocator.cc:1095] InUse at 7fea8ae0ab00 of size 256 next 163
2025-06-15 05:13:52.005685: I external/local_tsl/tsl/framework/bfc_allocator.cc:1095] InUse at 7fea8ae0ac00 of size 256 next 164
2025-06-15 05:13:52.006113: I external/local_tsl/tsl/framework/bfc_allocator.cc:1095] InUse at 7fea8ae0ad00 of size 256 next 165
2025-06-15 05:13:52.006575: I external/local_tsl/tsl/framework/bfc_allocator.cc:1095] InUse at 7fea8ae0ae00 of size 512 next 167
2025-06-15 05:13:52.007065: I external/local_tsl/tsl/framework/bfc_allocator.cc:1095] InUse at 7fea8ae0b000 of size 512 next 168
2025-06-15 05:13:52.007520: I external/local_tsl/tsl/framework/bfc_allocator.cc:1095] InUse at 7fea8ae0b200 of size 512 next 169
2025-06-15 05:13:52.008001: I external/local_tsl/tsl/framework/bfc_allocator.cc:1095] InUse at 7fea8ae0b400 of size 512 next 170
2025-06-15 05:13:52.008465: I external/local_tsl/tsl/framework/bfc_allocator.cc:1095] InUse at 7fea8ae0b600 of size 512 next 171
2025-06-15 05:13:52.008986: I external/local_tsl/tsl/framework/bfc_allocator.cc:1095] InUse at 7fea8ae0b800 of size 512 next 172
2025-06-15 05:13:52.009457: I external/local_tsl/tsl/framework/bfc_allocator.cc:1095] InUse at 7fea8ae0ba00 of size 512 next 174
2025-06-15 05:13:52.009918: I external/local_tsl/tsl/framework/bfc_allocator.cc:1095] InUse at 7fea8ae0bc00 of size 512 next 175
2025-06-15 05:13:52.010371: I external/local_tsl/tsl/framework/bfc_allocator.cc:1095] InUse at 7fea8ae0be00 of size 512 next 176
2025-06-15 05:13:52.010858: I external/local_tsl/tsl/framework/bfc_allocator.cc:1095] InUse at 7fea8ae0c000 of size 512 next 177
2025-06-15 05:13:52.011326: I external/local_tsl/tsl/framework/bfc_allocator.cc:1095] InUse at 7fea8ae0c200 of size 512 next 178
2025-06-15 05:13:52.011784: I external/local_tsl/tsl/framework/bfc_allocator.cc:1095] InUse at 7fea8ae0c400 of size 512 next 179
2025-06-15 05:13:52.012221: I external/local_tsl/tsl/framework/bfc_allocator.cc:1095] InUse at 7fea8ae0c600 of size 1024 next 181
2025-06-15 05:13:52.012703: I external/local_tsl/tsl/framework/bfc_allocator.cc:1095] InUse at 7fea8ae0ca00 of size 1024 next 182
2025-06-15 05:13:52.013183: I external/local_tsl/tsl/framework/bfc_allocator.cc:1095] InUse at 7fea8ae0ce00 of size 1024 next 183
2025-06-15 05:13:52.013647: I external/local_tsl/tsl/framework/bfc_allocator.cc:1095] InUse at 7fea8ae0d200 of size 1024 next 184
2025-06-15 05:13:52.014099: I external/local_tsl/tsl/framework/bfc_allocator.cc:1095] InUse at 7fea8ae0d600 of size 1024 next 185
2025-06-15 05:13:52.014570: I external/local_tsl/tsl/framework/bfc_allocator.cc:1095] InUse at 7fea8ae0da00 of size 1024 next 186
2025-06-15 05:13:52.015036: I external/local_tsl/tsl/framework/bfc_allocator.cc:1095] InUse at 7fea8ae0de00 of size 1024 next 188
2025-06-15 05:13:52.015525: I external/local_tsl/tsl/framework/bfc_allocator.cc:1095] InUse at 7fea8ae0e200 of size 1024 next 189
2025-06-15 05:13:52.016210: I external/local_tsl/tsl/framework/bfc_allocator.cc:1095] InUse at 7fea8ae0e600 of size 1024 next 190
2025-06-15 05:13:52.016691: I external/local_tsl/tsl/framework/bfc_allocator.cc:1095] InUse at 7fea8ae0ea00 of size 1024 next 191
2025-06-15 05:13:52.017305: I external/local_tsl/tsl/framework/bfc_allocator.cc:1095] InUse at 7fea8ae0ee00 of size 1024 next 192
2025-06-15 05:13:52.017835: I external/local_tsl/tsl/framework/bfc_allocator.cc:1095] InUse at 7fea8ae0f200 of size 1024 next 193
2025-06-15 05:13:52.018300: I external/local_tsl/tsl/framework/bfc_allocator.cc:1095] InUse at 7fea8ae0f600 of size 512 next 196
2025-06-15 05:13:52.018737: I external/local_tsl/tsl/framework/bfc_allocator.cc:1095] InUse at 7fea8ae0f800 of size 512 next 197
2025-06-15 05:13:52.019170: I external/local_tsl/tsl/framework/bfc_allocator.cc:1095] InUse at 7fea8ae0fa00 of size 512 next 199
2025-06-15 05:13:52.019636: I external/local_tsl/tsl/framework/bfc_allocator.cc:1095] InUse at 7fea8ae0fc00 of size 512 next 200
2025-06-15 05:13:52.020080: I external/local_tsl/tsl/framework/bfc_allocator.cc:1095] InUse at 7fea8ae0fe00 of size 512 next 201
2025-06-15 05:13:52.020503: I external/local_tsl/tsl/framework/bfc_allocator.cc:1095] InUse at 7fea8ae10000 of size 512 next 202
2025-06-15 05:13:52.020959: I external/local_tsl/tsl/framework/bfc_allocator.cc:1095] InUse at 7fea8ae10200 of size 512 next 203
2025-06-15 05:13:52.021398: I external/local_tsl/tsl/framework/bfc_allocator.cc:1095] InUse at 7fea8ae10400 of size 512 next 204
2025-06-15 05:13:52.021848: I external/local_tsl/tsl/framework/bfc_allocator.cc:1095] InUse at 7fea8ae10600 of size 512 next 207
2025-06-15 05:13:52.022373: I external/local_tsl/tsl/framework/bfc_allocator.cc:1095] InUse at 7fea8ae10800 of size 512 next 208
2025-06-15 05:13:52.022818: I external/local_tsl/tsl/framework/bfc_allocator.cc:1095] InUse at 7fea8ae10a00 of size 512 next 209
2025-06-15 05:13:52.023309: I external/local_tsl/tsl/framework/bfc_allocator.cc:1095] InUse at 7fea8ae10c00 of size 512 next 210
2025-06-15 05:13:52.023770: I external/local_tsl/tsl/framework/bfc_allocator.cc:1095] InUse at 7fea8ae10e00 of size 512 next 211
2025-06-15 05:13:52.024210: I external/local_tsl/tsl/framework/bfc_allocator.cc:1095] InUse at 7fea8ae11000 of size 512 next 212
2025-06-15 05:13:52.024655: I external/local_tsl/tsl/framework/bfc_allocator.cc:1095] InUse at 7fea8ae11200 of size 256 next 215
2025-06-15 05:13:52.025096: I external/local_tsl/tsl/framework/bfc_allocator.cc:1095] InUse at 7fea8ae11300 of size 256 next 216
2025-06-15 05:13:52.025562: I external/local_tsl/tsl/framework/bfc_allocator.cc:1095] InUse at 7fea8ae11400 of size 256 next 219
2025-06-15 05:13:52.026014: I external/local_tsl/tsl/framework/bfc_allocator.cc:1095] InUse at 7fea8ae11500 of size 256 next 220
2025-06-15 05:13:52.026437: I external/local_tsl/tsl/framework/bfc_allocator.cc:1095] InUse at 7fea8ae11600 of size 256 next 221
2025-06-15 05:13:52.026880: I external/local_tsl/tsl/framework/bfc_allocator.cc:1095] InUse at 7fea8ae11700 of size 256 next 222
2025-06-15 05:13:52.027337: I external/local_tsl/tsl/framework/bfc_allocator.cc:1095] InUse at 7fea8ae11800 of size 256 next 223
2025-06-15 05:13:52.027789: I external/local_tsl/tsl/framework/bfc_allocator.cc:1095] InUse at 7fea8ae11900 of size 256 next 224
2025-06-15 05:13:52.028224: I external/local_tsl/tsl/framework/bfc_allocator.cc:1095] InUse at 7fea8ae11a00 of size 256 next 227
2025-06-15 05:13:52.028695: I external/local_tsl/tsl/framework/bfc_allocator.cc:1095] InUse at 7fea8ae11b00 of size 256 next 228
2025-06-15 05:13:52.029129: I external/local_tsl/tsl/framework/bfc_allocator.cc:1095] InUse at 7fea8ae11c00 of size 256 next 229
2025-06-15 05:13:52.029575: I external/local_tsl/tsl/framework/bfc_allocator.cc:1095] InUse at 7fea8ae11d00 of size 256 next 230
2025-06-15 05:13:52.030014: I external/local_tsl/tsl/framework/bfc_allocator.cc:1095] InUse at 7fea8ae11e00 of size 256 next 231
2025-06-15 05:13:52.030457: I external/local_tsl/tsl/framework/bfc_allocator.cc:1095] InUse at 7fea8ae11f00 of size 256 next 232
2025-06-15 05:13:52.030876: I external/local_tsl/tsl/framework/bfc_allocator.cc:1095] InUse at 7fea8ae12000 of size 65536 next 233
2025-06-15 05:13:52.031235: I external/local_tsl/tsl/framework/bfc_allocator.cc:1095] InUse at 7fea8ae22000 of size 95232 next 19
2025-06-15 05:13:52.031668: I external/local_tsl/tsl/framework/bfc_allocator.cc:1095] InUse at 7fea8ae39400 of size 110592 next 18
2025-06-15 05:13:52.032050: I external/local_tsl/tsl/framework/bfc_allocator.cc:1095] InUse at 7fea8ae54400 of size 65536 next 115
2025-06-15 05:13:52.032402: I external/local_tsl/tsl/framework/bfc_allocator.cc:1095] InUse at 7fea8ae64400 of size 256 next 112
2025-06-15 05:13:52.032856: I external/local_tsl/tsl/framework/bfc_allocator.cc:1095] InUse at 7fea8ae64500 of size 256 next 114
2025-06-15 05:13:52.033312: I external/local_tsl/tsl/framework/bfc_allocator.cc:1095] InUse at 7fea8ae64600 of size 256 next 113
2025-06-15 05:13:52.033762: I external/local_tsl/tsl/framework/bfc_allocator.cc:1095] InUse at 7fea8ae64700 of size 256 next 111
2025-06-15 05:13:52.034207: I external/local_tsl/tsl/framework/bfc_allocator.cc:1095] InUse at 7fea8ae64800 of size 256 next 117
2025-06-15 05:13:52.034669: I external/local_tsl/tsl/framework/bfc_allocator.cc:1095] InUse at 7fea8ae64900 of size 256 next 118
2025-06-15 05:13:52.035123: I external/local_tsl/tsl/framework/bfc_allocator.cc:1095] InUse at 7fea8ae64a00 of size 256 next 120
2025-06-15 05:13:52.035564: I external/local_tsl/tsl/framework/bfc_allocator.cc:1095] InUse at 7fea8ae64b00 of size 256 next 119
2025-06-15 05:13:52.036007: I external/local_tsl/tsl/framework/bfc_allocator.cc:1095] InUse at 7fea8ae64c00 of size 256 next 121
2025-06-15 05:13:52.036451: I external/local_tsl/tsl/framework/bfc_allocator.cc:1095] InUse at 7fea8ae64d00 of size 256 next 123
2025-06-15 05:13:52.036898: I external/local_tsl/tsl/framework/bfc_allocator.cc:1095] InUse at 7fea8ae64e00 of size 256 next 124
2025-06-15 05:13:52.037358: I external/local_tsl/tsl/framework/bfc_allocator.cc:1095] InUse at 7fea8ae64f00 of size 256 next 125
2025-06-15 05:13:52.037809: I external/local_tsl/tsl/framework/bfc_allocator.cc:1095] InUse at 7fea8ae65000 of size 256 next 126
2025-06-15 05:13:52.038268: I external/local_tsl/tsl/framework/bfc_allocator.cc:1095] InUse at 7fea8ae65100 of size 256 next 128
2025-06-15 05:13:52.038728: I external/local_tsl/tsl/framework/bfc_allocator.cc:1095] InUse at 7fea8ae65200 of size 256 next 127
2025-06-15 05:13:52.039200: I external/local_tsl/tsl/framework/bfc_allocator.cc:1095] InUse at 7fea8ae65300 of size 256 next 129
2025-06-15 05:13:52.039643: I external/local_tsl/tsl/framework/bfc_allocator.cc:1095] InUse at 7fea8ae65400 of size 256 next 130
2025-06-15 05:13:52.040094: I external/local_tsl/tsl/framework/bfc_allocator.cc:1095] InUse at 7fea8ae65500 of size 256 next 131
2025-06-15 05:13:52.040584: I external/local_tsl/tsl/framework/bfc_allocator.cc:1095] InUse at 7fea8ae65600 of size 256 next 132
2025-06-15 05:13:52.041016: I external/local_tsl/tsl/framework/bfc_allocator.cc:1095] InUse at 7fea8ae65700 of size 256 next 133
2025-06-15 05:13:52.041455: I external/local_tsl/tsl/framework/bfc_allocator.cc:1095] InUse at 7fea8ae65800 of size 256 next 137
2025-06-15 05:13:52.041927: I external/local_tsl/tsl/framework/bfc_allocator.cc:1095] InUse at 7fea8ae65900 of size 256 next 136
2025-06-15 05:13:52.042364: I external/local_tsl/tsl/framework/bfc_allocator.cc:1095] InUse at 7fea8ae65a00 of size 3584 next 138
2025-06-15 05:13:52.042789: I external/local_tsl/tsl/framework/bfc_allocator.cc:1095] InUse at 7fea8ae66800 of size 3584 next 139
2025-06-15 05:13:52.043252: I external/local_tsl/tsl/framework/bfc_allocator.cc:1095] InUse at 7fea8ae67600 of size 256 next 140
2025-06-15 05:13:52.043705: I external/local_tsl/tsl/framework/bfc_allocator.cc:1095] InUse at 7fea8ae67700 of size 256 next 141
2025-06-15 05:13:52.044162: I external/local_tsl/tsl/framework/bfc_allocator.cc:1095] InUse at 7fea8ae67800 of size 256 next 142
2025-06-15 05:13:52.044599: I external/local_tsl/tsl/framework/bfc_allocator.cc:1095] InUse at 7fea8ae67900 of size 256 next 143
2025-06-15 05:13:52.045036: I external/local_tsl/tsl/framework/bfc_allocator.cc:1095] InUse at 7fea8ae67a00 of size 256 next 144
2025-06-15 05:13:52.045536: I external/local_tsl/tsl/framework/bfc_allocator.cc:1095] InUse at 7fea8ae67b00 of size 256 next 145
2025-06-15 05:13:52.046012: I external/local_tsl/tsl/framework/bfc_allocator.cc:1095] InUse at 7fea8ae67c00 of size 141312 next 27
2025-06-15 05:13:52.046415: I external/local_tsl/tsl/framework/bfc_allocator.cc:1095] InUse at 7fea8ae8a400 of size 221184 next 26
2025-06-15 05:13:52.046780: I external/local_tsl/tsl/framework/bfc_allocator.cc:1095] InUse at 7fea8aec0400 of size 442368 next 159
2025-06-15 05:13:52.047137: I external/local_tsl/tsl/framework/bfc_allocator.cc:1095] InUse at 7fea8af2c400 of size 867328 next 18446744073709551615
2025-06-15 05:13:52.047515: I external/local_tsl/tsl/framework/bfc_allocator.cc:1075] Next region of size 4194304
2025-06-15 05:13:52.048011: I external/local_tsl/tsl/framework/bfc_allocator.cc:1095] InUse at 7fea8b400000 of size 442368 next 37
2025-06-15 05:13:52.048390: I external/local_tsl/tsl/framework/bfc_allocator.cc:1095] InUse at 7fea8b46c000 of size 221184 next 116
2025-06-15 05:13:52.048759: I external/local_tsl/tsl/framework/bfc_allocator.cc:1095] InUse at 7fea8b4a2000 of size 110592 next 122
2025-06-15 05:13:52.049135: I external/local_tsl/tsl/framework/bfc_allocator.cc:1095] InUse at 7fea8b4bd000 of size 192512 next 99
2025-06-15 05:13:52.049486: I external/local_tsl/tsl/framework/bfc_allocator.cc:1095] InUse at 7fea8b4ec000 of size 360448 next 44
2025-06-15 05:13:52.049836: I external/local_tsl/tsl/framework/bfc_allocator.cc:1095] InUse at 7fea8b544000 of size 884736 next 43
2025-06-15 05:13:52.050188: I external/local_tsl/tsl/framework/bfc_allocator.cc:1095] InUse at 7fea8b61c000 of size 1982464 next 18446744073709551615
2025-06-15 05:13:52.050540: I external/local_tsl/tsl/framework/bfc_allocator.cc:1075] Next region of size 8388608
2025-06-15 05:13:52.050994: I external/local_tsl/tsl/framework/bfc_allocator.cc:1095] InUse at 7fea8b800000 of size 884736 next 166
2025-06-15 05:13:52.051420: I external/local_tsl/tsl/framework/bfc_allocator.cc:1095] InUse at 7fea8b8d8000 of size 884736 next 54
2025-06-15 05:13:52.051883: I external/local_tsl/tsl/framework/bfc_allocator.cc:1095] InUse at 7fea8b9b0000 of size 1769472 next 52
2025-06-15 05:13:52.052324: I external/local_tsl/tsl/framework/bfc_allocator.cc:1095] InUse at 7fea8bb60000 of size 4849664 next 18446744073709551615
2025-06-15 05:13:52.052688: I external/local_tsl/tsl/framework/bfc_allocator.cc:1100]      Summary of in-use Chunks by size: 
2025-06-15 05:13:52.053161: I external/local_tsl/tsl/framework/bfc_allocator.cc:1103] 155 Chunks of size 256 totalling 38.8KiB
2025-06-15 05:13:52.053600: I external/local_tsl/tsl/framework/bfc_allocator.cc:1103] 55 Chunks of size 512 totalling 27.5KiB
2025-06-15 05:13:52.054048: I external/local_tsl/tsl/framework/bfc_allocator.cc:1103] 26 Chunks of size 1024 totalling 26.0KiB
2025-06-15 05:13:52.054481: I external/local_tsl/tsl/framework/bfc_allocator.cc:1103] 1 Chunks of size 1280 totalling 1.2KiB
2025-06-15 05:13:52.054946: I external/local_tsl/tsl/framework/bfc_allocator.cc:1103] 3 Chunks of size 3584 totalling 10.5KiB
2025-06-15 05:13:52.055363: I external/local_tsl/tsl/framework/bfc_allocator.cc:1103] 2 Chunks of size 65536 totalling 128.0KiB
2025-06-15 05:13:52.055811: I external/local_tsl/tsl/framework/bfc_allocator.cc:1103] 1 Chunks of size 95232 totalling 93.0KiB
2025-06-15 05:13:52.056290: I external/local_tsl/tsl/framework/bfc_allocator.cc:1103] 4 Chunks of size 110592 totalling 432.0KiB
2025-06-15 05:13:52.056760: I external/local_tsl/tsl/framework/bfc_allocator.cc:1103] 1 Chunks of size 141312 totalling 138.0KiB
2025-06-15 05:13:52.057229: I external/local_tsl/tsl/framework/bfc_allocator.cc:1103] 1 Chunks of size 192512 totalling 188.0KiB
2025-06-15 05:13:52.057670: I external/local_tsl/tsl/framework/bfc_allocator.cc:1103] 6 Chunks of size 221184 totalling 1.27MiB
2025-06-15 05:13:52.058115: I external/local_tsl/tsl/framework/bfc_allocator.cc:1103] 2 Chunks of size 262144 totalling 512.0KiB
2025-06-15 05:13:52.058594: I external/local_tsl/tsl/framework/bfc_allocator.cc:1103] 1 Chunks of size 360448 totalling 352.0KiB
2025-06-15 05:13:52.059052: I external/local_tsl/tsl/framework/bfc_allocator.cc:1103] 5 Chunks of size 442368 totalling 2.11MiB
2025-06-15 05:13:52.059501: I external/local_tsl/tsl/framework/bfc_allocator.cc:1103] 1 Chunks of size 867328 totalling 847.0KiB
2025-06-15 05:13:52.059953: I external/local_tsl/tsl/framework/bfc_allocator.cc:1103] 6 Chunks of size 884736 totalling 5.06MiB
2025-06-15 05:13:52.060406: I external/local_tsl/tsl/framework/bfc_allocator.cc:1103] 2 Chunks of size 1048576 totalling 2.00MiB
2025-06-15 05:13:52.060866: I external/local_tsl/tsl/framework/bfc_allocator.cc:1103] 6 Chunks of size 1769472 totalling 10.12MiB
2025-06-15 05:13:52.061321: I external/local_tsl/tsl/framework/bfc_allocator.cc:1103] 1 Chunks of size 1982464 totalling 1.89MiB
2025-06-15 05:13:52.061781: I external/local_tsl/tsl/framework/bfc_allocator.cc:1103] 4 Chunks of size 3538944 totalling 13.50MiB
2025-06-15 05:13:52.062270: I external/local_tsl/tsl/framework/bfc_allocator.cc:1103] 1 Chunks of size 4063232 totalling 3.88MiB
2025-06-15 05:13:52.062688: I external/local_tsl/tsl/framework/bfc_allocator.cc:1103] 1 Chunks of size 4849664 totalling 4.62MiB
2025-06-15 05:13:52.063138: I external/local_tsl/tsl/framework/bfc_allocator.cc:1103] 2 Chunks of size 7077888 totalling 13.50MiB
2025-06-15 05:13:52.063582: I external/local_tsl/tsl/framework/bfc_allocator.cc:1103] 1 Chunks of size 12320768 totalling 11.75MiB
2025-06-15 05:13:52.063977: I external/local_tsl/tsl/framework/bfc_allocator.cc:1103] 2 Chunks of size 15138816 totalling 28.88MiB
2025-06-15 05:13:52.064348: I external/local_tsl/tsl/framework/bfc_allocator.cc:1103] 4 Chunks of size 30277632 totalling 115.50MiB
2025-06-15 05:13:52.064719: I external/local_tsl/tsl/framework/bfc_allocator.cc:1103] 2 Chunks of size 60555264 totalling 115.50MiB
2025-06-15 05:13:52.065063: I external/local_tsl/tsl/framework/bfc_allocator.cc:1103] 1 Chunks of size 73662464 totalling 70.25MiB
2025-06-15 05:13:52.065435: I external/local_tsl/tsl/framework/bfc_allocator.cc:1103] 1 Chunks of size 116654080 totalling 111.25MiB
2025-06-15 05:13:52.065814: I external/local_tsl/tsl/framework/bfc_allocator.cc:1103] 6 Chunks of size 121110528 totalling 693.00MiB
2025-06-15 05:13:52.066208: I external/local_tsl/tsl/framework/bfc_allocator.cc:1103] 2 Chunks of size 209715200 totalling 400.00MiB
2025-06-15 05:13:52.066594: I external/local_tsl/tsl/framework/bfc_allocator.cc:1103] 3 Chunks of size 242221056 totalling 693.00MiB
2025-06-15 05:13:52.067033: I external/local_tsl/tsl/framework/bfc_allocator.cc:1103] 8 Chunks of size 484442112 totalling 3.61GiB
2025-06-15 05:13:52.067419: I external/local_tsl/tsl/framework/bfc_allocator.cc:1103] 1 Chunks of size 968884224 totalling 924.00MiB
2025-06-15 05:13:52.067785: I external/local_tsl/tsl/framework/bfc_allocator.cc:1103] 6 Chunks of size 1937768448 totalling 10.83GiB
2025-06-15 05:13:52.068193: I external/local_tsl/tsl/framework/bfc_allocator.cc:1107] Sum Total of in-use chunks: 17.58GiB
2025-06-15 05:13:52.068642: I external/local_tsl/tsl/framework/bfc_allocator.cc:1109] Total bytes in pool: 23575789568 memory_limit_: 23575789568 available bytes: 0 curr_region_allocation_bytes_: 34359738368
2025-06-15 05:13:52.069017: I external/local_tsl/tsl/framework/bfc_allocator.cc:1114] Stats: 
Limit:                     23575789568
InUse:                     18882553856
MaxInUse:                  22800760320
NumAllocs:                         912
MaxAllocSize:               4135495424
Reserved:                            0
PeakReserved:                        0
LargestFreeBlock:                    0

2025-06-15 05:13:52.069371: W external/local_tsl/tsl/framework/bfc_allocator.cc:497] ________*********________************************************_**************************************
2025-06-15 05:13:52.069775: W tensorflow/core/framework/op_kernel.cc:1839] OP_REQUIRES failed at concat_op.cc:165 : RESOURCE_EXHAUSTED: OOM when allocating tensor with shape[2,64,192,224,176] and type float on /job:localhost/replica:0/task:0/device:GPU:0 by allocator GPU_0_bfc
Traceback (most recent call last):
  File "/mnt/beegfs/hellgate/home/rb194958e/stroke_segmentation_sota/batch_wise_train.py", line 277, in <module>
    if main():
       ^^^^^^
  File "/mnt/beegfs/hellgate/home/rb194958e/stroke_segmentation_sota/batch_wise_train.py", line 256, in main
    history = model.fit(
              ^^^^^^^^^^
  File "/mnt/beegfs/hellgate/home/rb194958e/.conda/envs/tf215_env/lib/python3.11/site-packages/keras/src/utils/traceback_utils.py", line 70, in error_handler
    raise e.with_traceback(filtered_tb) from None
  File "/mnt/beegfs/hellgate/home/rb194958e/.conda/envs/tf215_env/lib/python3.11/site-packages/tensorflow/python/eager/execute.py", line 53, in quick_execute
    tensors = pywrap_tfe.TFE_Py_Execute(ctx._handle, device_name, op_name,
  ^^^^^^^^^^^^^^^^^^^^^^^^^^^^^^^^^^^^^^^^^^^^^^^^^^^^^^^^^^^^^^^^^^^^^^^^
tensorflow.python.framework.errors_impl.ResourceExhaustedError: Graph execution error:

Detected at node model/concatenate_2/concat defined at (most recent call last):
  File "/mnt/beegfs/hellgate/home/rb194958e/stroke_segmentation_sota/batch_wise_train.py", line 277, in <module>

  File "/mnt/beegfs/hellgate/home/rb194958e/stroke_segmentation_sota/batch_wise_train.py", line 256, in main

  File "/mnt/beegfs/hellgate/home/rb194958e/.conda/envs/tf215_env/lib/python3.11/site-packages/keras/src/utils/traceback_utils.py", line 65, in error_handler

  File "/mnt/beegfs/hellgate/home/rb194958e/.conda/envs/tf215_env/lib/python3.11/site-packages/keras/src/engine/training.py", line 1807, in fit

  File "/mnt/beegfs/hellgate/home/rb194958e/.conda/envs/tf215_env/lib/python3.11/site-packages/keras/src/engine/training.py", line 1401, in train_function

  File "/mnt/beegfs/hellgate/home/rb194958e/.conda/envs/tf215_env/lib/python3.11/site-packages/keras/src/engine/training.py", line 1384, in step_function

  File "/mnt/beegfs/hellgate/home/rb194958e/.conda/envs/tf215_env/lib/python3.11/site-packages/keras/src/engine/training.py", line 1373, in run_step

  File "/mnt/beegfs/hellgate/home/rb194958e/.conda/envs/tf215_env/lib/python3.11/site-packages/keras/src/engine/training.py", line 1150, in train_step

  File "/mnt/beegfs/hellgate/home/rb194958e/.conda/envs/tf215_env/lib/python3.11/site-packages/keras/src/utils/traceback_utils.py", line 65, in error_handler

  File "/mnt/beegfs/hellgate/home/rb194958e/.conda/envs/tf215_env/lib/python3.11/site-packages/keras/src/engine/training.py", line 590, in __call__

  File "/mnt/beegfs/hellgate/home/rb194958e/.conda/envs/tf215_env/lib/python3.11/site-packages/keras/src/utils/traceback_utils.py", line 65, in error_handler

  File "/mnt/beegfs/hellgate/home/rb194958e/.conda/envs/tf215_env/lib/python3.11/site-packages/keras/src/engine/base_layer.py", line 1149, in __call__

  File "/mnt/beegfs/hellgate/home/rb194958e/.conda/envs/tf215_env/lib/python3.11/site-packages/keras/src/utils/traceback_utils.py", line 96, in error_handler

  File "/mnt/beegfs/hellgate/home/rb194958e/.conda/envs/tf215_env/lib/python3.11/site-packages/keras/src/engine/functional.py", line 515, in call

  File "/mnt/beegfs/hellgate/home/rb194958e/.conda/envs/tf215_env/lib/python3.11/site-packages/keras/src/engine/functional.py", line 672, in _run_internal_graph

  File "/mnt/beegfs/hellgate/home/rb194958e/.conda/envs/tf215_env/lib/python3.11/site-packages/keras/src/utils/traceback_utils.py", line 65, in error_handler

  File "/mnt/beegfs/hellgate/home/rb194958e/.conda/envs/tf215_env/lib/python3.11/site-packages/keras/src/engine/base_layer.py", line 1149, in __call__

  File "/mnt/beegfs/hellgate/home/rb194958e/.conda/envs/tf215_env/lib/python3.11/site-packages/keras/src/utils/traceback_utils.py", line 96, in error_handler

  File "/mnt/beegfs/hellgate/home/rb194958e/.conda/envs/tf215_env/lib/python3.11/site-packages/keras/src/layers/merging/base_merge.py", line 196, in call

  File "/mnt/beegfs/hellgate/home/rb194958e/.conda/envs/tf215_env/lib/python3.11/site-packages/keras/src/layers/merging/concatenate.py", line 134, in _merge_function

  File "/mnt/beegfs/hellgate/home/rb194958e/.conda/envs/tf215_env/lib/python3.11/site-packages/keras/src/backend.py", line 3580, in concatenate

OOM when allocating tensor with shape[2,64,192,224,176] and type float on /job:localhost/replica:0/task:0/device:GPU:0 by allocator GPU_0_bfc
	 [[{{node model/concatenate_2/concat}}]]
Hint: If you want to see a list of allocated tensors when OOM happens, add report_tensor_allocations_upon_oom to RunOptions for current allocation info. This isn't available when running in Eager mode.
 [Op:__inference_train_function_7309]
2025-06-15 05:13:52.220893: W tensorflow/core/kernels/data/generator_dataset_op.cc:108] Error occurred when finalizing GeneratorDataset iterator: FAILED_PRECONDITION: Python interpreter state is not initialized. The process may be terminated.
	 [[{{node PyFunc}}]]
/var/spool/slurmd/job1124348/slurm_script: line 320: EOF: command not found
/var/spool/slurmd/job1124348/slurm_script: line 330: unexpected EOF while looking for matching ``'
/var/spool/slurmd/job1124348/slurm_script: line 339: syntax error: unexpected end of file
