2025-06-14 13:19:45.107024: I tensorflow/core/util/port.cc:113] oneDNN custom operations are on. You may see slightly different numerical results due to floating-point round-off errors from different computation orders. To turn them off, set the environment variable `TF_ENABLE_ONEDNN_OPTS=0`.
2025-06-14 13:19:45.667358: E external/local_xla/xla/stream_executor/cuda/cuda_dnn.cc:9261] Unable to register cuDNN factory: Attempting to register factory for plugin cuDNN when one has already been registered
2025-06-14 13:19:45.667922: E external/local_xla/xla/stream_executor/cuda/cuda_fft.cc:607] Unable to register cuFFT factory: Attempting to register factory for plugin cuFFT when one has already been registered
2025-06-14 13:19:45.780978: E external/local_xla/xla/stream_executor/cuda/cuda_blas.cc:1515] Unable to register cuBLAS factory: Attempting to register factory for plugin cuBLAS when one has already been registered
2025-06-14 13:19:46.018643: I tensorflow/core/platform/cpu_feature_guard.cc:182] This TensorFlow binary is optimized to use available CPU instructions in performance-critical operations.
To enable the following instructions: AVX2 AVX512F AVX512_VNNI FMA, in other operations, rebuild TensorFlow with the appropriate compiler flags.
2025-06-14 13:19:52.814480: W tensorflow/compiler/tf2tensorrt/utils/py_utils.cc:38] TF-TRT Warning: Could not find TensorRT
INFO:__main__:🚀 Starting Stroke Lesion Segmentation Training
INFO:__main__:Using 1 GPU(s)
INFO:__main__:Creating data generators...
INFO:__main__:Found 655 valid image/mask pairs
INFO:__main__:Found 655 valid image/mask pairs
INFO:__main__:Training batches: 262
INFO:__main__:Validation batches: 65
INFO:__main__:Building model...
2025-06-14 13:20:07.354277: I tensorflow/core/common_runtime/gpu/gpu_device.cc:1929] Created device /job:localhost/replica:0/task:0/device:GPU:0 with 22483 MB memory:  -> device: 0, name: NVIDIA RTX 4500 Ada Generation, pci bus id: 0000:1c:00.0, compute capability: 8.9
INFO:__main__:Model parameters: 5,605,345
INFO:__main__:Starting training...
pixdim[0] (qfac) should be 1 (default) or -1; setting qfac to 1
INFO:nibabel.global:pixdim[0] (qfac) should be 1 (default) or -1; setting qfac to 1
pixdim[0] (qfac) should be 1 (default) or -1; setting qfac to 1
INFO:nibabel.global:pixdim[0] (qfac) should be 1 (default) or -1; setting qfac to 1
pixdim[0] (qfac) should be 1 (default) or -1; setting qfac to 1
INFO:nibabel.global:pixdim[0] (qfac) should be 1 (default) or -1; setting qfac to 1
pixdim[0] (qfac) should be 1 (default) or -1; setting qfac to 1
INFO:nibabel.global:pixdim[0] (qfac) should be 1 (default) or -1; setting qfac to 1
2025-06-14 13:20:14.946120: I external/local_xla/xla/stream_executor/cuda/cuda_dnn.cc:454] Loaded cuDNN version 8907
pixdim[0] (qfac) should be 1 (default) or -1; setting qfac to 1
INFO:nibabel.global:pixdim[0] (qfac) should be 1 (default) or -1; setting qfac to 1
pixdim[0] (qfac) should be 1 (default) or -1; setting qfac to 1
INFO:nibabel.global:pixdim[0] (qfac) should be 1 (default) or -1; setting qfac to 1
pixdim[0] (qfac) should be 1 (default) or -1; setting qfac to 1
INFO:nibabel.global:pixdim[0] (qfac) should be 1 (default) or -1; setting qfac to 1
pixdim[0] (qfac) should be 1 (default) or -1; setting qfac to 1
INFO:nibabel.global:pixdim[0] (qfac) should be 1 (default) or -1; setting qfac to 1
2025-06-14 13:20:31.443774: W external/local_tsl/tsl/framework/bfc_allocator.cc:296] Allocator (GPU_0_bfc) ran out of memory trying to allocate 2.27GiB with freed_by_count=0. The caller indicates that this is not a failure, but this may mean that there could be performance gains if more memory were available.
2025-06-14 13:20:31.544946: W external/local_tsl/tsl/framework/bfc_allocator.cc:296] Allocator (GPU_0_bfc) ran out of memory trying to allocate 2.30GiB with freed_by_count=0. The caller indicates that this is not a failure, but this may mean that there could be performance gains if more memory were available.
2025-06-14 13:20:31.545799: W external/local_tsl/tsl/framework/bfc_allocator.cc:296] Allocator (GPU_0_bfc) ran out of memory trying to allocate 2.27GiB with freed_by_count=0. The caller indicates that this is not a failure, but this may mean that there could be performance gains if more memory were available.
2025-06-14 13:20:32.164142: W external/local_tsl/tsl/framework/bfc_allocator.cc:296] Allocator (GPU_0_bfc) ran out of memory trying to allocate 2.27GiB with freed_by_count=0. The caller indicates that this is not a failure, but this may mean that there could be performance gains if more memory were available.
2025-06-14 13:20:32.217683: W external/local_tsl/tsl/framework/bfc_allocator.cc:296] Allocator (GPU_0_bfc) ran out of memory trying to allocate 2.30GiB with freed_by_count=0. The caller indicates that this is not a failure, but this may mean that there could be performance gains if more memory were available.
2025-06-14 13:20:32.218694: W external/local_tsl/tsl/framework/bfc_allocator.cc:296] Allocator (GPU_0_bfc) ran out of memory trying to allocate 2.27GiB with freed_by_count=0. The caller indicates that this is not a failure, but this may mean that there could be performance gains if more memory were available.
2025-06-14 13:20:42.840730: W external/local_tsl/tsl/framework/bfc_allocator.cc:485] Allocator (GPU_0_bfc) ran out of memory trying to allocate 3.61GiB (rounded to 3875536896)requested by op model/concatenate_2/concat
If the cause is memory fragmentation maybe the environment variable 'TF_GPU_ALLOCATOR=cuda_malloc_async' will improve the situation. 
Current allocation summary follows.
Current allocation summary follows.
2025-06-14 13:20:42.841746: I external/local_tsl/tsl/framework/bfc_allocator.cc:1039] BFCAllocator dump for GPU_0_bfc
2025-06-14 13:20:42.842566: I external/local_tsl/tsl/framework/bfc_allocator.cc:1046] Bin (256): 	Total Chunks: 155, Chunks in use: 155. 38.8KiB allocated for chunks. 38.8KiB in use in bin. 20.7KiB client-requested in use in bin.
2025-06-14 13:20:42.843060: I external/local_tsl/tsl/framework/bfc_allocator.cc:1046] Bin (512): 	Total Chunks: 56, Chunks in use: 55. 28.2KiB allocated for chunks. 27.8KiB in use in bin. 27.5KiB client-requested in use in bin.
2025-06-14 13:20:42.843431: I external/local_tsl/tsl/framework/bfc_allocator.cc:1046] Bin (1024): 	Total Chunks: 27, Chunks in use: 27. 27.2KiB allocated for chunks. 27.2KiB in use in bin. 27.0KiB client-requested in use in bin.
2025-06-14 13:20:42.843805: I external/local_tsl/tsl/framework/bfc_allocator.cc:1046] Bin (2048): 	Total Chunks: 3, Chunks in use: 3. 10.5KiB allocated for chunks. 10.5KiB in use in bin. 10.1KiB client-requested in use in bin.
2025-06-14 13:20:42.844202: I external/local_tsl/tsl/framework/bfc_allocator.cc:1046] Bin (4096): 	Total Chunks: 0, Chunks in use: 0. 0B allocated for chunks. 0B in use in bin. 0B client-requested in use in bin.
2025-06-14 13:20:42.844551: I external/local_tsl/tsl/framework/bfc_allocator.cc:1046] Bin (8192): 	Total Chunks: 0, Chunks in use: 0. 0B allocated for chunks. 0B in use in bin. 0B client-requested in use in bin.
2025-06-14 13:20:42.844940: I external/local_tsl/tsl/framework/bfc_allocator.cc:1046] Bin (16384): 	Total Chunks: 0, Chunks in use: 0. 0B allocated for chunks. 0B in use in bin. 0B client-requested in use in bin.
2025-06-14 13:20:42.845349: I external/local_tsl/tsl/framework/bfc_allocator.cc:1046] Bin (32768): 	Total Chunks: 0, Chunks in use: 0. 0B allocated for chunks. 0B in use in bin. 0B client-requested in use in bin.
2025-06-14 13:20:42.845739: I external/local_tsl/tsl/framework/bfc_allocator.cc:1046] Bin (65536): 	Total Chunks: 7, Chunks in use: 7. 653.0KiB allocated for chunks. 653.0KiB in use in bin. 624.0KiB client-requested in use in bin.
2025-06-14 13:20:42.846177: I external/local_tsl/tsl/framework/bfc_allocator.cc:1046] Bin (131072): 	Total Chunks: 8, Chunks in use: 8. 1.58MiB allocated for chunks. 1.58MiB in use in bin. 1.48MiB client-requested in use in bin.
2025-06-14 13:20:42.846541: I external/local_tsl/tsl/framework/bfc_allocator.cc:1046] Bin (262144): 	Total Chunks: 8, Chunks in use: 8. 2.95MiB allocated for chunks. 2.95MiB in use in bin. 2.86MiB client-requested in use in bin.
2025-06-14 13:20:42.846959: I external/local_tsl/tsl/framework/bfc_allocator.cc:1046] Bin (524288): 	Total Chunks: 7, Chunks in use: 7. 5.89MiB allocated for chunks. 5.89MiB in use in bin. 5.48MiB client-requested in use in bin.
2025-06-14 13:20:42.847318: I external/local_tsl/tsl/framework/bfc_allocator.cc:1046] Bin (1048576): 	Total Chunks: 9, Chunks in use: 9. 14.02MiB allocated for chunks. 14.02MiB in use in bin. 13.12MiB client-requested in use in bin.
2025-06-14 13:20:42.847717: I external/local_tsl/tsl/framework/bfc_allocator.cc:1046] Bin (2097152): 	Total Chunks: 5, Chunks in use: 5. 17.38MiB allocated for chunks. 17.38MiB in use in bin. 16.88MiB client-requested in use in bin.
2025-06-14 13:20:42.848102: I external/local_tsl/tsl/framework/bfc_allocator.cc:1046] Bin (4194304): 	Total Chunks: 3, Chunks in use: 3. 18.12MiB allocated for chunks. 18.12MiB in use in bin. 16.88MiB client-requested in use in bin.
2025-06-14 13:20:42.848471: I external/local_tsl/tsl/framework/bfc_allocator.cc:1046] Bin (8388608): 	Total Chunks: 3, Chunks in use: 3. 40.62MiB allocated for chunks. 40.62MiB in use in bin. 35.62MiB client-requested in use in bin.
2025-06-14 13:20:42.848873: I external/local_tsl/tsl/framework/bfc_allocator.cc:1046] Bin (16777216): 	Total Chunks: 5, Chunks in use: 4. 140.19MiB allocated for chunks. 115.50MiB in use in bin. 115.50MiB client-requested in use in bin.
2025-06-14 13:20:42.849240: I external/local_tsl/tsl/framework/bfc_allocator.cc:1046] Bin (33554432): 	Total Chunks: 2, Chunks in use: 2. 115.50MiB allocated for chunks. 115.50MiB in use in bin. 115.50MiB client-requested in use in bin.
2025-06-14 13:20:42.849634: I external/local_tsl/tsl/framework/bfc_allocator.cc:1046] Bin (67108864): 	Total Chunks: 8, Chunks in use: 8. 874.50MiB allocated for chunks. 874.50MiB in use in bin. 808.50MiB client-requested in use in bin.
2025-06-14 13:20:42.850014: I external/local_tsl/tsl/framework/bfc_allocator.cc:1046] Bin (134217728): 	Total Chunks: 5, Chunks in use: 5. 1.07GiB allocated for chunks. 1.07GiB in use in bin. 924.00MiB client-requested in use in bin.
2025-06-14 13:20:42.850404: I external/local_tsl/tsl/framework/bfc_allocator.cc:1046] Bin (268435456): 	Total Chunks: 18, Chunks in use: 15. 19.69GiB allocated for chunks. 15.34GiB in use in bin. 15.34GiB client-requested in use in bin.
2025-06-14 13:20:42.850763: I external/local_tsl/tsl/framework/bfc_allocator.cc:1062] Bin for 3.61GiB was 256.00MiB, Chunk State: 
2025-06-14 13:20:42.851189: I external/local_tsl/tsl/framework/bfc_allocator.cc:1068]   Size: 453.50MiB | Requested Size: 16.00MiB | in_use: 0 | bin_num: 20, prev:   Size: 462.00MiB | Requested Size: 462.00MiB | in_use: 1 | bin_num: -1
2025-06-14 13:20:42.851587: I external/local_tsl/tsl/framework/bfc_allocator.cc:1068]   Size: 1.80GiB | Requested Size: 1.80GiB | in_use: 0 | bin_num: 20, next:   Size: 1.80GiB | Requested Size: 1.80GiB | in_use: 1 | bin_num: -1
2025-06-14 13:20:42.851950: I external/local_tsl/tsl/framework/bfc_allocator.cc:1068]   Size: 2.10GiB | Requested Size: 1.82GiB | in_use: 0 | bin_num: 20, prev:   Size: 1.80GiB | Requested Size: 1.80GiB | in_use: 1 | bin_num: -1
2025-06-14 13:20:42.852331: I external/local_tsl/tsl/framework/bfc_allocator.cc:1075] Next region of size 6129582080
2025-06-14 13:20:42.852800: I external/local_tsl/tsl/framework/bfc_allocator.cc:1095] Free  at 7f10ba000000 of size 1937768448 next 107
2025-06-14 13:20:42.853169: I external/local_tsl/tsl/framework/bfc_allocator.cc:1095] InUse at 7f112d800000 of size 1937768448 next 329
2025-06-14 13:20:42.853574: I external/local_tsl/tsl/framework/bfc_allocator.cc:1095] Free  at 7f11a1000000 of size 2254045184 next 18446744073709551615
2025-06-14 13:20:42.853957: I external/local_tsl/tsl/framework/bfc_allocator.cc:1075] Next region of size 8589934592
2025-06-14 13:20:42.854406: I external/local_tsl/tsl/framework/bfc_allocator.cc:1095] InUse at 7f1252000000 of size 1937768448 next 282
2025-06-14 13:20:42.854794: I external/local_tsl/tsl/framework/bfc_allocator.cc:1095] InUse at 7f12c5800000 of size 242221056 next 283
2025-06-14 13:20:42.855250: I external/local_tsl/tsl/framework/bfc_allocator.cc:1095] InUse at 7f12d3f00000 of size 484442112 next 284
2025-06-14 13:20:42.855676: I external/local_tsl/tsl/framework/bfc_allocator.cc:1095] InUse at 7f12f0d00000 of size 484442112 next 285
2025-06-14 13:20:42.856028: I external/local_tsl/tsl/framework/bfc_allocator.cc:1095] InUse at 7f130db00000 of size 484442112 next 29
2025-06-14 13:20:42.856408: I external/local_tsl/tsl/framework/bfc_allocator.cc:1095] InUse at 7f132a900000 of size 484442112 next 289
2025-06-14 13:20:42.856787: I external/local_tsl/tsl/framework/bfc_allocator.cc:1095] InUse at 7f1347700000 of size 484442112 next 293
2025-06-14 13:20:42.857168: I external/local_tsl/tsl/framework/bfc_allocator.cc:1095] InUse at 7f1364500000 of size 121110528 next 47
2025-06-14 13:20:42.857533: I external/local_tsl/tsl/framework/bfc_allocator.cc:1095] InUse at 7f136b880000 of size 121110528 next 296
2025-06-14 13:20:42.857929: I external/local_tsl/tsl/framework/bfc_allocator.cc:1095] InUse at 7f1372c00000 of size 121110528 next 300
2025-06-14 13:20:42.858381: I external/local_tsl/tsl/framework/bfc_allocator.cc:1095] InUse at 7f1379f80000 of size 30277632 next 302
2025-06-14 13:20:42.858738: I external/local_tsl/tsl/framework/bfc_allocator.cc:1095] InUse at 7f137bc60000 of size 30277632 next 303
2025-06-14 13:20:42.859121: I external/local_tsl/tsl/framework/bfc_allocator.cc:1095] InUse at 7f137d940000 of size 30277632 next 66
2025-06-14 13:20:42.859481: I external/local_tsl/tsl/framework/bfc_allocator.cc:1095] InUse at 7f137f620000 of size 30277632 next 307
2025-06-14 13:20:42.859898: I external/local_tsl/tsl/framework/bfc_allocator.cc:1095] InUse at 7f1381300000 of size 121110528 next 76
2025-06-14 13:20:42.860284: I external/local_tsl/tsl/framework/bfc_allocator.cc:1095] InUse at 7f1388680000 of size 121110528 next 312
2025-06-14 13:20:42.860671: I external/local_tsl/tsl/framework/bfc_allocator.cc:1095] InUse at 7f138fa00000 of size 242221056 next 311
2025-06-14 13:20:42.861031: I external/local_tsl/tsl/framework/bfc_allocator.cc:1095] InUse at 7f139e100000 of size 121110528 next 85
2025-06-14 13:20:42.861403: I external/local_tsl/tsl/framework/bfc_allocator.cc:1095] InUse at 7f13a5480000 of size 484442112 next 325
2025-06-14 13:20:42.861810: I external/local_tsl/tsl/framework/bfc_allocator.cc:1095] InUse at 7f13c2280000 of size 484442112 next 320
2025-06-14 13:20:42.862195: I external/local_tsl/tsl/framework/bfc_allocator.cc:1095] InUse at 7f13df080000 of size 968884224 next 319
2025-06-14 13:20:42.862596: I external/local_tsl/tsl/framework/bfc_allocator.cc:1095] InUse at 7f1418c80000 of size 484442112 next 91
2025-06-14 13:20:42.862943: I external/local_tsl/tsl/framework/bfc_allocator.cc:1095] Free  at 7f1435a80000 of size 475529216 next 18446744073709551615
2025-06-14 13:20:42.863332: I external/local_tsl/tsl/framework/bfc_allocator.cc:1075] Next region of size 4294967296
2025-06-14 13:20:42.863792: I external/local_tsl/tsl/framework/bfc_allocator.cc:1095] InUse at 7f1472000000 of size 1937768448 next 11
2025-06-14 13:20:42.864172: I external/local_tsl/tsl/framework/bfc_allocator.cc:1095] InUse at 7f14e5800000 of size 1937768448 next 277
2025-06-14 13:20:42.864546: I external/local_tsl/tsl/framework/bfc_allocator.cc:1095] InUse at 7f1559000000 of size 242221056 next 20
2025-06-14 13:20:42.864912: I external/local_tsl/tsl/framework/bfc_allocator.cc:1095] InUse at 7f1567700000 of size 60555264 next 38
2025-06-14 13:20:42.865308: I external/local_tsl/tsl/framework/bfc_allocator.cc:1095] InUse at 7f156b0c0000 of size 116654080 next 18446744073709551615
2025-06-14 13:20:42.865674: I external/local_tsl/tsl/framework/bfc_allocator.cc:1075] Next region of size 2147483648
2025-06-14 13:20:42.866119: I external/local_tsl/tsl/framework/bfc_allocator.cc:1095] InUse at 7f159e000000 of size 1937768448 next 265
2025-06-14 13:20:42.866463: I external/local_tsl/tsl/framework/bfc_allocator.cc:1095] InUse at 7f1611800000 of size 209715200 next 18446744073709551615
2025-06-14 13:20:42.866811: I external/local_tsl/tsl/framework/bfc_allocator.cc:1075] Next region of size 2147483648
2025-06-14 13:20:42.867249: I external/local_tsl/tsl/framework/bfc_allocator.cc:1095] InUse at 7f1624000000 of size 1937768448 next 267
2025-06-14 13:20:42.867601: I external/local_tsl/tsl/framework/bfc_allocator.cc:1095] InUse at 7f1697800000 of size 209715200 next 18446744073709551615
2025-06-14 13:20:42.868006: I external/local_tsl/tsl/framework/bfc_allocator.cc:1075] Next region of size 134217728
2025-06-14 13:20:42.868488: I external/local_tsl/tsl/framework/bfc_allocator.cc:1095] InUse at 7f1730000000 of size 60555264 next 264
2025-06-14 13:20:42.868859: I external/local_tsl/tsl/framework/bfc_allocator.cc:1095] InUse at 7f17339c0000 of size 73662464 next 18446744073709551615
2025-06-14 13:20:42.869252: I external/local_tsl/tsl/framework/bfc_allocator.cc:1075] Next region of size 67108864
2025-06-14 13:20:42.869694: I external/local_tsl/tsl/framework/bfc_allocator.cc:1095] InUse at 7f1738000000 of size 3538944 next 198
2025-06-14 13:20:42.870063: I external/local_tsl/tsl/framework/bfc_allocator.cc:1095] InUse at 7f1738360000 of size 1769472 next 205
2025-06-14 13:20:42.870436: I external/local_tsl/tsl/framework/bfc_allocator.cc:1095] InUse at 7f1738510000 of size 1769472 next 206
2025-06-14 13:20:42.870796: I external/local_tsl/tsl/framework/bfc_allocator.cc:1095] InUse at 7f17386c0000 of size 262144 next 213
2025-06-14 13:20:42.871197: I external/local_tsl/tsl/framework/bfc_allocator.cc:1095] InUse at 7f1738700000 of size 262144 next 214
2025-06-14 13:20:42.871593: I external/local_tsl/tsl/framework/bfc_allocator.cc:1095] InUse at 7f1738740000 of size 884736 next 217
2025-06-14 13:20:42.871961: I external/local_tsl/tsl/framework/bfc_allocator.cc:1095] InUse at 7f1738818000 of size 884736 next 218
2025-06-14 13:20:42.872333: I external/local_tsl/tsl/framework/bfc_allocator.cc:1095] InUse at 7f17388f0000 of size 442368 next 225
2025-06-14 13:20:42.872693: I external/local_tsl/tsl/framework/bfc_allocator.cc:1095] InUse at 7f173895c000 of size 442368 next 226
2025-06-14 13:20:42.873078: I external/local_tsl/tsl/framework/bfc_allocator.cc:1095] InUse at 7f17389c8000 of size 256 next 234
2025-06-14 13:20:42.873522: I external/local_tsl/tsl/framework/bfc_allocator.cc:1095] InUse at 7f17389c8100 of size 256 next 235
2025-06-14 13:20:42.873954: I external/local_tsl/tsl/framework/bfc_allocator.cc:1095] InUse at 7f17389c8200 of size 221184 next 236
2025-06-14 13:20:42.874361: I external/local_tsl/tsl/framework/bfc_allocator.cc:1095] InUse at 7f17389fe200 of size 221184 next 237
2025-06-14 13:20:42.874819: I external/local_tsl/tsl/framework/bfc_allocator.cc:1095] InUse at 7f1738a34200 of size 256 next 238
2025-06-14 13:20:42.875322: I external/local_tsl/tsl/framework/bfc_allocator.cc:1095] InUse at 7f1738a34300 of size 256 next 239
2025-06-14 13:20:42.875803: I external/local_tsl/tsl/framework/bfc_allocator.cc:1095] InUse at 7f1738a34400 of size 256 next 240
2025-06-14 13:20:42.876258: I external/local_tsl/tsl/framework/bfc_allocator.cc:1095] InUse at 7f1738a34500 of size 256 next 241
2025-06-14 13:20:42.876720: I external/local_tsl/tsl/framework/bfc_allocator.cc:1095] InUse at 7f1738a34600 of size 256 next 242
2025-06-14 13:20:42.877200: I external/local_tsl/tsl/framework/bfc_allocator.cc:1095] InUse at 7f1738a34700 of size 256 next 243
2025-06-14 13:20:42.877652: I external/local_tsl/tsl/framework/bfc_allocator.cc:1095] InUse at 7f1738a34800 of size 110592 next 244
2025-06-14 13:20:42.878024: I external/local_tsl/tsl/framework/bfc_allocator.cc:1095] InUse at 7f1738a4f800 of size 110592 next 245
2025-06-14 13:20:42.878459: I external/local_tsl/tsl/framework/bfc_allocator.cc:1095] InUse at 7f1738a6a800 of size 256 next 246
2025-06-14 13:20:42.878914: I external/local_tsl/tsl/framework/bfc_allocator.cc:1095] InUse at 7f1738a6a900 of size 256 next 247
2025-06-14 13:20:42.879362: I external/local_tsl/tsl/framework/bfc_allocator.cc:1095] InUse at 7f1738a6aa00 of size 256 next 248
2025-06-14 13:20:42.879815: I external/local_tsl/tsl/framework/bfc_allocator.cc:1095] InUse at 7f1738a6ab00 of size 256 next 249
2025-06-14 13:20:42.880258: I external/local_tsl/tsl/framework/bfc_allocator.cc:1095] InUse at 7f1738a6ac00 of size 256 next 250
2025-06-14 13:20:42.880692: I external/local_tsl/tsl/framework/bfc_allocator.cc:1095] InUse at 7f1738a6ad00 of size 256 next 251
2025-06-14 13:20:42.881155: I external/local_tsl/tsl/framework/bfc_allocator.cc:1095] InUse at 7f1738a6ae00 of size 256 next 252
2025-06-14 13:20:42.881601: I external/local_tsl/tsl/framework/bfc_allocator.cc:1095] InUse at 7f1738a6af00 of size 256 next 253
2025-06-14 13:20:42.882076: I external/local_tsl/tsl/framework/bfc_allocator.cc:1095] InUse at 7f1738a6b000 of size 256 next 254
2025-06-14 13:20:42.882533: I external/local_tsl/tsl/framework/bfc_allocator.cc:1095] InUse at 7f1738a6b100 of size 256 next 255
2025-06-14 13:20:42.882965: I external/local_tsl/tsl/framework/bfc_allocator.cc:1095] InUse at 7f1738a6b200 of size 256 next 256
2025-06-14 13:20:42.883426: I external/local_tsl/tsl/framework/bfc_allocator.cc:1095] InUse at 7f1738a6b300 of size 256 next 257
2025-06-14 13:20:42.883891: I external/local_tsl/tsl/framework/bfc_allocator.cc:1095] InUse at 7f1738a6b400 of size 256 next 258
2025-06-14 13:20:42.884364: I external/local_tsl/tsl/framework/bfc_allocator.cc:1095] InUse at 7f1738a6b500 of size 256 next 259
2025-06-14 13:20:42.884812: I external/local_tsl/tsl/framework/bfc_allocator.cc:1095] InUse at 7f1738a6b600 of size 256 next 260
2025-06-14 13:20:42.885244: I external/local_tsl/tsl/framework/bfc_allocator.cc:1095] InUse at 7f1738a6b700 of size 256 next 261
2025-06-14 13:20:42.885719: I external/local_tsl/tsl/framework/bfc_allocator.cc:1095] InUse at 7f1738a6b800 of size 256 next 262
2025-06-14 13:20:42.886138: I external/local_tsl/tsl/framework/bfc_allocator.cc:1095] InUse at 7f1738a6b900 of size 256 next 263
2025-06-14 13:20:42.886562: I external/local_tsl/tsl/framework/bfc_allocator.cc:1095] InUse at 7f1738a6ba00 of size 256 next 272
2025-06-14 13:20:42.887015: I external/local_tsl/tsl/framework/bfc_allocator.cc:1095] InUse at 7f1738a6bb00 of size 256 next 274
2025-06-14 13:20:42.887513: I external/local_tsl/tsl/framework/bfc_allocator.cc:1095] InUse at 7f1738a6bc00 of size 256 next 275
2025-06-14 13:20:42.887950: I external/local_tsl/tsl/framework/bfc_allocator.cc:1095] InUse at 7f1738a6bd00 of size 256 next 276
2025-06-14 13:20:42.888409: I external/local_tsl/tsl/framework/bfc_allocator.cc:1095] InUse at 7f1738a6be00 of size 256 next 280
2025-06-14 13:20:42.888920: I external/local_tsl/tsl/framework/bfc_allocator.cc:1095] InUse at 7f1738a6bf00 of size 256 next 281
2025-06-14 13:20:42.889402: I external/local_tsl/tsl/framework/bfc_allocator.cc:1095] InUse at 7f1738a6c000 of size 256 next 287
2025-06-14 13:20:42.889915: I external/local_tsl/tsl/framework/bfc_allocator.cc:1095] InUse at 7f1738a6c100 of size 256 next 288
2025-06-14 13:20:42.890366: I external/local_tsl/tsl/framework/bfc_allocator.cc:1095] InUse at 7f1738a6c200 of size 256 next 291
2025-06-14 13:20:42.890785: I external/local_tsl/tsl/framework/bfc_allocator.cc:1095] InUse at 7f1738a6c300 of size 256 next 292
2025-06-14 13:20:42.891231: I external/local_tsl/tsl/framework/bfc_allocator.cc:1095] InUse at 7f1738a6c400 of size 512 next 294
2025-06-14 13:20:42.891726: I external/local_tsl/tsl/framework/bfc_allocator.cc:1095] InUse at 7f1738a6c600 of size 768 next 268
2025-06-14 13:20:42.892139: I external/local_tsl/tsl/framework/bfc_allocator.cc:1095] InUse at 7f1738a6c900 of size 256 next 269
2025-06-14 13:20:42.892565: I external/local_tsl/tsl/framework/bfc_allocator.cc:1095] InUse at 7f1738a6ca00 of size 256 next 270
2025-06-14 13:20:42.893005: I external/local_tsl/tsl/framework/bfc_allocator.cc:1095] InUse at 7f1738a6cb00 of size 512 next 295
2025-06-14 13:20:42.893429: I external/local_tsl/tsl/framework/bfc_allocator.cc:1095] InUse at 7f1738a6cd00 of size 512 next 298
2025-06-14 13:20:42.893884: I external/local_tsl/tsl/framework/bfc_allocator.cc:1095] InUse at 7f1738a6cf00 of size 512 next 299
2025-06-14 13:20:42.894369: I external/local_tsl/tsl/framework/bfc_allocator.cc:1095] InUse at 7f1738a6d100 of size 15138816 next 56
2025-06-14 13:20:42.894750: I external/local_tsl/tsl/framework/bfc_allocator.cc:1095] InUse at 7f17398dd100 of size 15138816 next 301
2025-06-14 13:20:42.895119: I external/local_tsl/tsl/framework/bfc_allocator.cc:1095] InUse at 7f173a74d100 of size 1024 next 304
2025-06-14 13:20:42.895568: I external/local_tsl/tsl/framework/bfc_allocator.cc:1095] InUse at 7f173a74d500 of size 1024 next 305
2025-06-14 13:20:42.896004: I external/local_tsl/tsl/framework/bfc_allocator.cc:1095] InUse at 7f173a74d900 of size 1024 next 306
2025-06-14 13:20:42.896423: I external/local_tsl/tsl/framework/bfc_allocator.cc:1095] InUse at 7f173a74dd00 of size 1024 next 309
2025-06-14 13:20:42.896908: I external/local_tsl/tsl/framework/bfc_allocator.cc:1095] InUse at 7f173a74e100 of size 1024 next 310
2025-06-14 13:20:42.897338: I external/local_tsl/tsl/framework/bfc_allocator.cc:1095] InUse at 7f173a74e500 of size 512 next 317
2025-06-14 13:20:42.897850: I external/local_tsl/tsl/framework/bfc_allocator.cc:1095] InUse at 7f173a74e700 of size 512 next 318
2025-06-14 13:20:42.898284: I external/local_tsl/tsl/framework/bfc_allocator.cc:1095] InUse at 7f173a74e900 of size 256 next 326
2025-06-14 13:20:42.898715: I external/local_tsl/tsl/framework/bfc_allocator.cc:1095] InUse at 7f173a74ea00 of size 256 next 327
2025-06-14 13:20:42.899151: I external/local_tsl/tsl/framework/bfc_allocator.cc:1095] Free  at 7f173a74eb00 of size 25892096 next 18446744073709551615
2025-06-14 13:20:42.899582: I external/local_tsl/tsl/framework/bfc_allocator.cc:1075] Next region of size 33554432
2025-06-14 13:20:42.900022: I external/local_tsl/tsl/framework/bfc_allocator.cc:1095] InUse at 7f1750000000 of size 3538944 next 83
2025-06-14 13:20:42.900449: I external/local_tsl/tsl/framework/bfc_allocator.cc:1095] InUse at 7f1750360000 of size 221184 next 152
2025-06-14 13:20:42.900795: I external/local_tsl/tsl/framework/bfc_allocator.cc:1095] InUse at 7f1750396000 of size 221184 next 106
2025-06-14 13:20:42.901163: I external/local_tsl/tsl/framework/bfc_allocator.cc:1095] InUse at 7f17503cc000 of size 442368 next 100
2025-06-14 13:20:42.901511: I external/local_tsl/tsl/framework/bfc_allocator.cc:1095] InUse at 7f1750438000 of size 884736 next 90
2025-06-14 13:20:42.901892: I external/local_tsl/tsl/framework/bfc_allocator.cc:1095] InUse at 7f1750510000 of size 1769472 next 74
2025-06-14 13:20:42.902270: I external/local_tsl/tsl/framework/bfc_allocator.cc:1095] InUse at 7f17506c0000 of size 7077888 next 72
2025-06-14 13:20:42.902685: I external/local_tsl/tsl/framework/bfc_allocator.cc:1095] InUse at 7f1750d80000 of size 7077888 next 187
2025-06-14 13:20:42.903033: I external/local_tsl/tsl/framework/bfc_allocator.cc:1095] InUse at 7f1751440000 of size 12320768 next 18446744073709551615
2025-06-14 13:20:42.903517: I external/local_tsl/tsl/framework/bfc_allocator.cc:1075] Next region of size 16777216
2025-06-14 13:20:42.903954: I external/local_tsl/tsl/framework/bfc_allocator.cc:1095] InUse at 7f1752000000 of size 1769472 next 173
2025-06-14 13:20:42.904344: I external/local_tsl/tsl/framework/bfc_allocator.cc:1095] InUse at 7f17521b0000 of size 1769472 next 64
2025-06-14 13:20:42.904702: I external/local_tsl/tsl/framework/bfc_allocator.cc:1095] InUse at 7f1752360000 of size 3538944 next 62
2025-06-14 13:20:42.905064: I external/local_tsl/tsl/framework/bfc_allocator.cc:1095] InUse at 7f17526c0000 of size 3538944 next 180
2025-06-14 13:20:42.905473: I external/local_tsl/tsl/framework/bfc_allocator.cc:1095] InUse at 7f1752a20000 of size 1048576 next 194
2025-06-14 13:20:42.905868: I external/local_tsl/tsl/framework/bfc_allocator.cc:1095] InUse at 7f1752b20000 of size 1048576 next 195
2025-06-14 13:20:42.906229: I external/local_tsl/tsl/framework/bfc_allocator.cc:1095] InUse at 7f1752c20000 of size 4063232 next 18446744073709551615
2025-06-14 13:20:42.906582: I external/local_tsl/tsl/framework/bfc_allocator.cc:1075] Next region of size 2097152
2025-06-14 13:20:42.907004: I external/local_tsl/tsl/framework/bfc_allocator.cc:1095] InUse at 7f17b8e00000 of size 1280 next 1
2025-06-14 13:20:42.907501: I external/local_tsl/tsl/framework/bfc_allocator.cc:1095] InUse at 7f17b8e00500 of size 256 next 2
2025-06-14 13:20:42.907986: I external/local_tsl/tsl/framework/bfc_allocator.cc:1095] InUse at 7f17b8e00600 of size 256 next 3
2025-06-14 13:20:42.908482: I external/local_tsl/tsl/framework/bfc_allocator.cc:1095] InUse at 7f17b8e00700 of size 256 next 5
2025-06-14 13:20:42.908925: I external/local_tsl/tsl/framework/bfc_allocator.cc:1095] InUse at 7f17b8e00800 of size 256 next 6
2025-06-14 13:20:42.909383: I external/local_tsl/tsl/framework/bfc_allocator.cc:1095] InUse at 7f17b8e00900 of size 256 next 4
2025-06-14 13:20:42.909837: I external/local_tsl/tsl/framework/bfc_allocator.cc:1095] InUse at 7f17b8e00a00 of size 256 next 7
2025-06-14 13:20:42.910270: I external/local_tsl/tsl/framework/bfc_allocator.cc:1095] InUse at 7f17b8e00b00 of size 256 next 10
2025-06-14 13:20:42.910759: I external/local_tsl/tsl/framework/bfc_allocator.cc:1095] InUse at 7f17b8e00c00 of size 256 next 278
2025-06-14 13:20:42.911239: I external/local_tsl/tsl/framework/bfc_allocator.cc:1095] InUse at 7f17b8e00d00 of size 256 next 12
2025-06-14 13:20:42.911691: I external/local_tsl/tsl/framework/bfc_allocator.cc:1095] InUse at 7f17b8e00e00 of size 256 next 13
2025-06-14 13:20:42.912078: I external/local_tsl/tsl/framework/bfc_allocator.cc:1095] InUse at 7f17b8e00f00 of size 256 next 14
2025-06-14 13:20:42.912504: I external/local_tsl/tsl/framework/bfc_allocator.cc:1095] InUse at 7f17b8e01000 of size 256 next 17
2025-06-14 13:20:42.912922: I external/local_tsl/tsl/framework/bfc_allocator.cc:1095] InUse at 7f17b8e01100 of size 256 next 15
2025-06-14 13:20:42.913322: I external/local_tsl/tsl/framework/bfc_allocator.cc:1095] InUse at 7f17b8e01200 of size 256 next 16
2025-06-14 13:20:42.913676: I external/local_tsl/tsl/framework/bfc_allocator.cc:1095] InUse at 7f17b8e01300 of size 256 next 286
2025-06-14 13:20:42.914045: I external/local_tsl/tsl/framework/bfc_allocator.cc:1095] InUse at 7f17b8e01400 of size 256 next 21
2025-06-14 13:20:42.914514: I external/local_tsl/tsl/framework/bfc_allocator.cc:1095] InUse at 7f17b8e01500 of size 256 next 22
2025-06-14 13:20:42.914959: I external/local_tsl/tsl/framework/bfc_allocator.cc:1095] InUse at 7f17b8e01600 of size 256 next 23
2025-06-14 13:20:42.915489: I external/local_tsl/tsl/framework/bfc_allocator.cc:1095] InUse at 7f17b8e01700 of size 256 next 24
2025-06-14 13:20:42.916023: I external/local_tsl/tsl/framework/bfc_allocator.cc:1095] InUse at 7f17b8e01800 of size 256 next 25
2025-06-14 13:20:42.916507: I external/local_tsl/tsl/framework/bfc_allocator.cc:1095] InUse at 7f17b8e01900 of size 256 next 28
2025-06-14 13:20:42.916942: I external/local_tsl/tsl/framework/bfc_allocator.cc:1095] InUse at 7f17b8e01a00 of size 256 next 290
2025-06-14 13:20:42.917380: I external/local_tsl/tsl/framework/bfc_allocator.cc:1095] InUse at 7f17b8e01b00 of size 256 next 30
2025-06-14 13:20:42.917818: I external/local_tsl/tsl/framework/bfc_allocator.cc:1095] InUse at 7f17b8e01c00 of size 256 next 31
2025-06-14 13:20:42.918322: I external/local_tsl/tsl/framework/bfc_allocator.cc:1095] InUse at 7f17b8e01d00 of size 256 next 32
2025-06-14 13:20:42.918758: I external/local_tsl/tsl/framework/bfc_allocator.cc:1095] InUse at 7f17b8e01e00 of size 256 next 35
2025-06-14 13:20:42.919274: I external/local_tsl/tsl/framework/bfc_allocator.cc:1095] InUse at 7f17b8e01f00 of size 256 next 33
2025-06-14 13:20:42.919700: I external/local_tsl/tsl/framework/bfc_allocator.cc:1095] InUse at 7f17b8e02000 of size 256 next 34
2025-06-14 13:20:42.920246: I external/local_tsl/tsl/framework/bfc_allocator.cc:1095] InUse at 7f17b8e02100 of size 512 next 39
2025-06-14 13:20:42.920743: I external/local_tsl/tsl/framework/bfc_allocator.cc:1095] InUse at 7f17b8e02300 of size 256 next 40
2025-06-14 13:20:42.921306: I external/local_tsl/tsl/framework/bfc_allocator.cc:1095] InUse at 7f17b8e02400 of size 256 next 41
2025-06-14 13:20:42.921856: I external/local_tsl/tsl/framework/bfc_allocator.cc:1095] InUse at 7f17b8e02500 of size 256 next 8
2025-06-14 13:20:42.922413: I external/local_tsl/tsl/framework/bfc_allocator.cc:1095] InUse at 7f17b8e02600 of size 3584 next 9
2025-06-14 13:20:42.922840: I external/local_tsl/tsl/framework/bfc_allocator.cc:1095] InUse at 7f17b8e03400 of size 512 next 42
2025-06-14 13:20:42.923246: I external/local_tsl/tsl/framework/bfc_allocator.cc:1095] InUse at 7f17b8e03600 of size 512 next 45
2025-06-14 13:20:42.923697: I external/local_tsl/tsl/framework/bfc_allocator.cc:1095] InUse at 7f17b8e03800 of size 512 next 46
2025-06-14 13:20:42.924242: I external/local_tsl/tsl/framework/bfc_allocator.cc:1095] InUse at 7f17b8e03a00 of size 512 next 297
2025-06-14 13:20:42.924813: I external/local_tsl/tsl/framework/bfc_allocator.cc:1095] InUse at 7f17b8e03c00 of size 512 next 48
2025-06-14 13:20:42.925249: I external/local_tsl/tsl/framework/bfc_allocator.cc:1095] InUse at 7f17b8e03e00 of size 256 next 49
2025-06-14 13:20:42.925683: I external/local_tsl/tsl/framework/bfc_allocator.cc:1095] InUse at 7f17b8e03f00 of size 512 next 50
2025-06-14 13:20:42.926109: I external/local_tsl/tsl/framework/bfc_allocator.cc:1095] InUse at 7f17b8e04100 of size 512 next 51
2025-06-14 13:20:42.926568: I external/local_tsl/tsl/framework/bfc_allocator.cc:1095] InUse at 7f17b8e04300 of size 512 next 55
2025-06-14 13:20:42.926998: I external/local_tsl/tsl/framework/bfc_allocator.cc:1095] InUse at 7f17b8e04500 of size 1024 next 57
2025-06-14 13:20:42.927439: I external/local_tsl/tsl/framework/bfc_allocator.cc:1095] InUse at 7f17b8e04900 of size 256 next 58
2025-06-14 13:20:42.927883: I external/local_tsl/tsl/framework/bfc_allocator.cc:1095] InUse at 7f17b8e04a00 of size 256 next 59
2025-06-14 13:20:42.928298: I external/local_tsl/tsl/framework/bfc_allocator.cc:1095] InUse at 7f17b8e04b00 of size 1024 next 60
2025-06-14 13:20:42.928736: I external/local_tsl/tsl/framework/bfc_allocator.cc:1095] InUse at 7f17b8e04f00 of size 1024 next 61
2025-06-14 13:20:42.929199: I external/local_tsl/tsl/framework/bfc_allocator.cc:1095] InUse at 7f17b8e05300 of size 1024 next 65
2025-06-14 13:20:42.929677: I external/local_tsl/tsl/framework/bfc_allocator.cc:1095] InUse at 7f17b8e05700 of size 1024 next 308
2025-06-14 13:20:42.930103: I external/local_tsl/tsl/framework/bfc_allocator.cc:1095] InUse at 7f17b8e05b00 of size 1024 next 67
2025-06-14 13:20:42.930544: I external/local_tsl/tsl/framework/bfc_allocator.cc:1095] InUse at 7f17b8e05f00 of size 256 next 68
2025-06-14 13:20:42.931014: I external/local_tsl/tsl/framework/bfc_allocator.cc:1095] InUse at 7f17b8e06000 of size 256 next 69
2025-06-14 13:20:42.931480: I external/local_tsl/tsl/framework/bfc_allocator.cc:1095] InUse at 7f17b8e06100 of size 1024 next 70
2025-06-14 13:20:42.931926: I external/local_tsl/tsl/framework/bfc_allocator.cc:1095] InUse at 7f17b8e06500 of size 1024 next 71
2025-06-14 13:20:42.932367: I external/local_tsl/tsl/framework/bfc_allocator.cc:1095] InUse at 7f17b8e06900 of size 1024 next 75
2025-06-14 13:20:42.932809: I external/local_tsl/tsl/framework/bfc_allocator.cc:1095] InUse at 7f17b8e06d00 of size 512 next 313
2025-06-14 13:20:42.933318: I external/local_tsl/tsl/framework/bfc_allocator.cc:1095] InUse at 7f17b8e06f00 of size 512 next 314
2025-06-14 13:20:42.933798: I external/local_tsl/tsl/framework/bfc_allocator.cc:1095] InUse at 7f17b8e07100 of size 512 next 315
2025-06-14 13:20:42.934233: I external/local_tsl/tsl/framework/bfc_allocator.cc:1095] InUse at 7f17b8e07300 of size 512 next 77
2025-06-14 13:20:42.934683: I external/local_tsl/tsl/framework/bfc_allocator.cc:1095] InUse at 7f17b8e07500 of size 256 next 78
2025-06-14 13:20:42.935180: I external/local_tsl/tsl/framework/bfc_allocator.cc:1095] InUse at 7f17b8e07600 of size 256 next 79
2025-06-14 13:20:42.935724: I external/local_tsl/tsl/framework/bfc_allocator.cc:1095] InUse at 7f17b8e07700 of size 512 next 80
2025-06-14 13:20:42.936256: I external/local_tsl/tsl/framework/bfc_allocator.cc:1095] InUse at 7f17b8e07900 of size 512 next 81
2025-06-14 13:20:42.936760: I external/local_tsl/tsl/framework/bfc_allocator.cc:1095] InUse at 7f17b8e07b00 of size 512 next 82
2025-06-14 13:20:42.937307: I external/local_tsl/tsl/framework/bfc_allocator.cc:1095] InUse at 7f17b8e07d00 of size 512 next 84
2025-06-14 13:20:42.937809: I external/local_tsl/tsl/framework/bfc_allocator.cc:1095] InUse at 7f17b8e07f00 of size 512 next 316
2025-06-14 13:20:42.938252: I external/local_tsl/tsl/framework/bfc_allocator.cc:1095] InUse at 7f17b8e08100 of size 512 next 86
2025-06-14 13:20:42.938708: I external/local_tsl/tsl/framework/bfc_allocator.cc:1095] InUse at 7f17b8e08300 of size 512 next 87
2025-06-14 13:20:42.939160: I external/local_tsl/tsl/framework/bfc_allocator.cc:1095] InUse at 7f17b8e08500 of size 512 next 88
2025-06-14 13:20:42.939648: I external/local_tsl/tsl/framework/bfc_allocator.cc:1095] InUse at 7f17b8e08700 of size 512 next 89
2025-06-14 13:20:42.940160: I external/local_tsl/tsl/framework/bfc_allocator.cc:1095] InUse at 7f17b8e08900 of size 256 next 321
2025-06-14 13:20:42.940625: I external/local_tsl/tsl/framework/bfc_allocator.cc:1095] InUse at 7f17b8e08a00 of size 256 next 323
2025-06-14 13:20:42.941142: I external/local_tsl/tsl/framework/bfc_allocator.cc:1095] InUse at 7f17b8e08b00 of size 256 next 324
2025-06-14 13:20:42.941571: I external/local_tsl/tsl/framework/bfc_allocator.cc:1095] InUse at 7f17b8e08c00 of size 256 next 92
2025-06-14 13:20:42.941993: I external/local_tsl/tsl/framework/bfc_allocator.cc:1095] InUse at 7f17b8e08d00 of size 256 next 93
2025-06-14 13:20:42.942474: I external/local_tsl/tsl/framework/bfc_allocator.cc:1095] InUse at 7f17b8e08e00 of size 256 next 94
2025-06-14 13:20:42.942950: I external/local_tsl/tsl/framework/bfc_allocator.cc:1095] InUse at 7f17b8e08f00 of size 256 next 97
2025-06-14 13:20:42.943398: I external/local_tsl/tsl/framework/bfc_allocator.cc:1095] InUse at 7f17b8e09000 of size 256 next 95
2025-06-14 13:20:42.943815: I external/local_tsl/tsl/framework/bfc_allocator.cc:1095] InUse at 7f17b8e09100 of size 256 next 96
2025-06-14 13:20:42.944271: I external/local_tsl/tsl/framework/bfc_allocator.cc:1095] InUse at 7f17b8e09200 of size 256 next 98
2025-06-14 13:20:42.944761: I external/local_tsl/tsl/framework/bfc_allocator.cc:1095] InUse at 7f17b8e09300 of size 256 next 101
2025-06-14 13:20:42.945225: I external/local_tsl/tsl/framework/bfc_allocator.cc:1095] InUse at 7f17b8e09400 of size 256 next 102
2025-06-14 13:20:42.945710: I external/local_tsl/tsl/framework/bfc_allocator.cc:1095] InUse at 7f17b8e09500 of size 256 next 103
2025-06-14 13:20:42.946262: I external/local_tsl/tsl/framework/bfc_allocator.cc:1095] InUse at 7f17b8e09600 of size 256 next 104
2025-06-14 13:20:42.946739: I external/local_tsl/tsl/framework/bfc_allocator.cc:1095] InUse at 7f17b8e09700 of size 256 next 105
2025-06-14 13:20:42.947175: I external/local_tsl/tsl/framework/bfc_allocator.cc:1095] Free  at 7f17b8e09800 of size 512 next 108
2025-06-14 13:20:42.947604: I external/local_tsl/tsl/framework/bfc_allocator.cc:1095] InUse at 7f17b8e09a00 of size 256 next 109
2025-06-14 13:20:42.948922: I external/local_tsl/tsl/framework/bfc_allocator.cc:1095] InUse at 7f17b8e09b00 of size 256 next 110
2025-06-14 13:20:42.949506: I external/local_tsl/tsl/framework/bfc_allocator.cc:1095] InUse at 7f17b8e09c00 of size 256 next 146
2025-06-14 13:20:42.949996: I external/local_tsl/tsl/framework/bfc_allocator.cc:1095] InUse at 7f17b8e09d00 of size 256 next 147
2025-06-14 13:20:42.950429: I external/local_tsl/tsl/framework/bfc_allocator.cc:1095] InUse at 7f17b8e09e00 of size 256 next 148
2025-06-14 13:20:42.950884: I external/local_tsl/tsl/framework/bfc_allocator.cc:1095] InUse at 7f17b8e09f00 of size 256 next 149
2025-06-14 13:20:42.951346: I external/local_tsl/tsl/framework/bfc_allocator.cc:1095] InUse at 7f17b8e0a000 of size 256 next 150
2025-06-14 13:20:42.951792: I external/local_tsl/tsl/framework/bfc_allocator.cc:1095] InUse at 7f17b8e0a100 of size 256 next 151
2025-06-14 13:20:42.952257: I external/local_tsl/tsl/framework/bfc_allocator.cc:1095] InUse at 7f17b8e0a200 of size 256 next 153
2025-06-14 13:20:42.952831: I external/local_tsl/tsl/framework/bfc_allocator.cc:1095] InUse at 7f17b8e0a300 of size 256 next 154
2025-06-14 13:20:42.953271: I external/local_tsl/tsl/framework/bfc_allocator.cc:1095] InUse at 7f17b8e0a400 of size 256 next 155
2025-06-14 13:20:42.953791: I external/local_tsl/tsl/framework/bfc_allocator.cc:1095] InUse at 7f17b8e0a500 of size 256 next 156
2025-06-14 13:20:42.954355: I external/local_tsl/tsl/framework/bfc_allocator.cc:1095] InUse at 7f17b8e0a600 of size 256 next 157
2025-06-14 13:20:42.954897: I external/local_tsl/tsl/framework/bfc_allocator.cc:1095] InUse at 7f17b8e0a700 of size 256 next 158
2025-06-14 13:20:42.955361: I external/local_tsl/tsl/framework/bfc_allocator.cc:1095] InUse at 7f17b8e0a800 of size 256 next 160
2025-06-14 13:20:42.955794: I external/local_tsl/tsl/framework/bfc_allocator.cc:1095] InUse at 7f17b8e0a900 of size 256 next 161
2025-06-14 13:20:42.956214: I external/local_tsl/tsl/framework/bfc_allocator.cc:1095] InUse at 7f17b8e0aa00 of size 256 next 162
2025-06-14 13:20:42.956688: I external/local_tsl/tsl/framework/bfc_allocator.cc:1095] InUse at 7f17b8e0ab00 of size 256 next 163
2025-06-14 13:20:42.957228: I external/local_tsl/tsl/framework/bfc_allocator.cc:1095] InUse at 7f17b8e0ac00 of size 256 next 164
2025-06-14 13:20:42.957771: I external/local_tsl/tsl/framework/bfc_allocator.cc:1095] InUse at 7f17b8e0ad00 of size 256 next 165
2025-06-14 13:20:42.958211: I external/local_tsl/tsl/framework/bfc_allocator.cc:1095] InUse at 7f17b8e0ae00 of size 512 next 167
2025-06-14 13:20:42.958791: I external/local_tsl/tsl/framework/bfc_allocator.cc:1095] InUse at 7f17b8e0b000 of size 512 next 168
2025-06-14 13:20:42.959192: I external/local_tsl/tsl/framework/bfc_allocator.cc:1095] InUse at 7f17b8e0b200 of size 512 next 169
2025-06-14 13:20:42.959678: I external/local_tsl/tsl/framework/bfc_allocator.cc:1095] InUse at 7f17b8e0b400 of size 512 next 170
2025-06-14 13:20:42.960130: I external/local_tsl/tsl/framework/bfc_allocator.cc:1095] InUse at 7f17b8e0b600 of size 512 next 171
2025-06-14 13:20:42.960618: I external/local_tsl/tsl/framework/bfc_allocator.cc:1095] InUse at 7f17b8e0b800 of size 512 next 172
2025-06-14 13:20:42.961059: I external/local_tsl/tsl/framework/bfc_allocator.cc:1095] InUse at 7f17b8e0ba00 of size 512 next 174
2025-06-14 13:20:42.961523: I external/local_tsl/tsl/framework/bfc_allocator.cc:1095] InUse at 7f17b8e0bc00 of size 512 next 175
2025-06-14 13:20:42.961970: I external/local_tsl/tsl/framework/bfc_allocator.cc:1095] InUse at 7f17b8e0be00 of size 512 next 176
2025-06-14 13:20:42.962445: I external/local_tsl/tsl/framework/bfc_allocator.cc:1095] InUse at 7f17b8e0c000 of size 512 next 177
2025-06-14 13:20:42.962896: I external/local_tsl/tsl/framework/bfc_allocator.cc:1095] InUse at 7f17b8e0c200 of size 512 next 178
2025-06-14 13:20:42.963343: I external/local_tsl/tsl/framework/bfc_allocator.cc:1095] InUse at 7f17b8e0c400 of size 512 next 179
2025-06-14 13:20:42.963841: I external/local_tsl/tsl/framework/bfc_allocator.cc:1095] InUse at 7f17b8e0c600 of size 1024 next 181
2025-06-14 13:20:42.964335: I external/local_tsl/tsl/framework/bfc_allocator.cc:1095] InUse at 7f17b8e0ca00 of size 1024 next 182
2025-06-14 13:20:42.964794: I external/local_tsl/tsl/framework/bfc_allocator.cc:1095] InUse at 7f17b8e0ce00 of size 1024 next 183
2025-06-14 13:20:42.965225: I external/local_tsl/tsl/framework/bfc_allocator.cc:1095] InUse at 7f17b8e0d200 of size 1024 next 184
2025-06-14 13:20:42.965718: I external/local_tsl/tsl/framework/bfc_allocator.cc:1095] InUse at 7f17b8e0d600 of size 1024 next 185
2025-06-14 13:20:42.966178: I external/local_tsl/tsl/framework/bfc_allocator.cc:1095] InUse at 7f17b8e0da00 of size 1024 next 186
2025-06-14 13:20:42.966667: I external/local_tsl/tsl/framework/bfc_allocator.cc:1095] InUse at 7f17b8e0de00 of size 1024 next 188
2025-06-14 13:20:42.967102: I external/local_tsl/tsl/framework/bfc_allocator.cc:1095] InUse at 7f17b8e0e200 of size 1024 next 189
2025-06-14 13:20:42.967551: I external/local_tsl/tsl/framework/bfc_allocator.cc:1095] InUse at 7f17b8e0e600 of size 1024 next 190
2025-06-14 13:20:42.968024: I external/local_tsl/tsl/framework/bfc_allocator.cc:1095] InUse at 7f17b8e0ea00 of size 1024 next 191
2025-06-14 13:20:42.968446: I external/local_tsl/tsl/framework/bfc_allocator.cc:1095] InUse at 7f17b8e0ee00 of size 1024 next 192
2025-06-14 13:20:42.968893: I external/local_tsl/tsl/framework/bfc_allocator.cc:1095] InUse at 7f17b8e0f200 of size 1024 next 193
2025-06-14 13:20:42.969349: I external/local_tsl/tsl/framework/bfc_allocator.cc:1095] InUse at 7f17b8e0f600 of size 512 next 196
2025-06-14 13:20:42.969922: I external/local_tsl/tsl/framework/bfc_allocator.cc:1095] InUse at 7f17b8e0f800 of size 512 next 197
2025-06-14 13:20:42.970410: I external/local_tsl/tsl/framework/bfc_allocator.cc:1095] InUse at 7f17b8e0fa00 of size 512 next 199
2025-06-14 13:20:42.970886: I external/local_tsl/tsl/framework/bfc_allocator.cc:1095] InUse at 7f17b8e0fc00 of size 512 next 200
2025-06-14 13:20:42.971315: I external/local_tsl/tsl/framework/bfc_allocator.cc:1095] InUse at 7f17b8e0fe00 of size 512 next 201
2025-06-14 13:20:42.971768: I external/local_tsl/tsl/framework/bfc_allocator.cc:1095] InUse at 7f17b8e10000 of size 512 next 202
2025-06-14 13:20:42.972188: I external/local_tsl/tsl/framework/bfc_allocator.cc:1095] InUse at 7f17b8e10200 of size 512 next 203
2025-06-14 13:20:42.972670: I external/local_tsl/tsl/framework/bfc_allocator.cc:1095] InUse at 7f17b8e10400 of size 512 next 204
2025-06-14 13:20:42.973111: I external/local_tsl/tsl/framework/bfc_allocator.cc:1095] InUse at 7f17b8e10600 of size 512 next 207
2025-06-14 13:20:42.973664: I external/local_tsl/tsl/framework/bfc_allocator.cc:1095] InUse at 7f17b8e10800 of size 512 next 208
2025-06-14 13:20:42.974167: I external/local_tsl/tsl/framework/bfc_allocator.cc:1095] InUse at 7f17b8e10a00 of size 512 next 209
2025-06-14 13:20:42.974649: I external/local_tsl/tsl/framework/bfc_allocator.cc:1095] InUse at 7f17b8e10c00 of size 512 next 210
2025-06-14 13:20:42.975113: I external/local_tsl/tsl/framework/bfc_allocator.cc:1095] InUse at 7f17b8e10e00 of size 512 next 211
2025-06-14 13:20:42.975578: I external/local_tsl/tsl/framework/bfc_allocator.cc:1095] InUse at 7f17b8e11000 of size 512 next 212
2025-06-14 13:20:42.976008: I external/local_tsl/tsl/framework/bfc_allocator.cc:1095] InUse at 7f17b8e11200 of size 256 next 215
2025-06-14 13:20:42.976468: I external/local_tsl/tsl/framework/bfc_allocator.cc:1095] InUse at 7f17b8e11300 of size 256 next 216
2025-06-14 13:20:42.976915: I external/local_tsl/tsl/framework/bfc_allocator.cc:1095] InUse at 7f17b8e11400 of size 256 next 219
2025-06-14 13:20:42.977395: I external/local_tsl/tsl/framework/bfc_allocator.cc:1095] InUse at 7f17b8e11500 of size 256 next 220
2025-06-14 13:20:42.977857: I external/local_tsl/tsl/framework/bfc_allocator.cc:1095] InUse at 7f17b8e11600 of size 256 next 221
2025-06-14 13:20:42.978274: I external/local_tsl/tsl/framework/bfc_allocator.cc:1095] InUse at 7f17b8e11700 of size 256 next 222
2025-06-14 13:20:42.978695: I external/local_tsl/tsl/framework/bfc_allocator.cc:1095] InUse at 7f17b8e11800 of size 256 next 223
2025-06-14 13:20:42.979221: I external/local_tsl/tsl/framework/bfc_allocator.cc:1095] InUse at 7f17b8e11900 of size 256 next 224
2025-06-14 13:20:42.979802: I external/local_tsl/tsl/framework/bfc_allocator.cc:1095] InUse at 7f17b8e11a00 of size 256 next 227
2025-06-14 13:20:42.980241: I external/local_tsl/tsl/framework/bfc_allocator.cc:1095] InUse at 7f17b8e11b00 of size 256 next 228
2025-06-14 13:20:42.980675: I external/local_tsl/tsl/framework/bfc_allocator.cc:1095] InUse at 7f17b8e11c00 of size 256 next 229
2025-06-14 13:20:42.981128: I external/local_tsl/tsl/framework/bfc_allocator.cc:1095] InUse at 7f17b8e11d00 of size 256 next 230
2025-06-14 13:20:42.981550: I external/local_tsl/tsl/framework/bfc_allocator.cc:1095] InUse at 7f17b8e11e00 of size 256 next 231
2025-06-14 13:20:42.981974: I external/local_tsl/tsl/framework/bfc_allocator.cc:1095] InUse at 7f17b8e11f00 of size 256 next 232
2025-06-14 13:20:42.982456: I external/local_tsl/tsl/framework/bfc_allocator.cc:1095] InUse at 7f17b8e12000 of size 65536 next 233
2025-06-14 13:20:42.982952: I external/local_tsl/tsl/framework/bfc_allocator.cc:1095] InUse at 7f17b8e22000 of size 95232 next 19
2025-06-14 13:20:42.983438: I external/local_tsl/tsl/framework/bfc_allocator.cc:1095] InUse at 7f17b8e39400 of size 110592 next 18
2025-06-14 13:20:42.983790: I external/local_tsl/tsl/framework/bfc_allocator.cc:1095] InUse at 7f17b8e54400 of size 65536 next 115
2025-06-14 13:20:42.984126: I external/local_tsl/tsl/framework/bfc_allocator.cc:1095] InUse at 7f17b8e64400 of size 256 next 112
2025-06-14 13:20:42.984581: I external/local_tsl/tsl/framework/bfc_allocator.cc:1095] InUse at 7f17b8e64500 of size 256 next 114
2025-06-14 13:20:42.985047: I external/local_tsl/tsl/framework/bfc_allocator.cc:1095] InUse at 7f17b8e64600 of size 256 next 113
2025-06-14 13:20:42.985483: I external/local_tsl/tsl/framework/bfc_allocator.cc:1095] InUse at 7f17b8e64700 of size 256 next 111
2025-06-14 13:20:42.985930: I external/local_tsl/tsl/framework/bfc_allocator.cc:1095] InUse at 7f17b8e64800 of size 256 next 117
2025-06-14 13:20:42.986398: I external/local_tsl/tsl/framework/bfc_allocator.cc:1095] InUse at 7f17b8e64900 of size 256 next 118
2025-06-14 13:20:42.986902: I external/local_tsl/tsl/framework/bfc_allocator.cc:1095] InUse at 7f17b8e64a00 of size 256 next 120
2025-06-14 13:20:42.987405: I external/local_tsl/tsl/framework/bfc_allocator.cc:1095] InUse at 7f17b8e64b00 of size 256 next 119
2025-06-14 13:20:42.987962: I external/local_tsl/tsl/framework/bfc_allocator.cc:1095] InUse at 7f17b8e64c00 of size 256 next 121
2025-06-14 13:20:42.988483: I external/local_tsl/tsl/framework/bfc_allocator.cc:1095] InUse at 7f17b8e64d00 of size 256 next 123
2025-06-14 13:20:42.988918: I external/local_tsl/tsl/framework/bfc_allocator.cc:1095] InUse at 7f17b8e64e00 of size 256 next 124
2025-06-14 13:20:42.989358: I external/local_tsl/tsl/framework/bfc_allocator.cc:1095] InUse at 7f17b8e64f00 of size 256 next 125
2025-06-14 13:20:42.989884: I external/local_tsl/tsl/framework/bfc_allocator.cc:1095] InUse at 7f17b8e65000 of size 256 next 126
2025-06-14 13:20:42.990395: I external/local_tsl/tsl/framework/bfc_allocator.cc:1095] InUse at 7f17b8e65100 of size 256 next 128
2025-06-14 13:20:42.990923: I external/local_tsl/tsl/framework/bfc_allocator.cc:1095] InUse at 7f17b8e65200 of size 256 next 127
2025-06-14 13:20:42.991375: I external/local_tsl/tsl/framework/bfc_allocator.cc:1095] InUse at 7f17b8e65300 of size 256 next 129
2025-06-14 13:20:42.991825: I external/local_tsl/tsl/framework/bfc_allocator.cc:1095] InUse at 7f17b8e65400 of size 256 next 130
2025-06-14 13:20:42.992307: I external/local_tsl/tsl/framework/bfc_allocator.cc:1095] InUse at 7f17b8e65500 of size 256 next 131
2025-06-14 13:20:42.992775: I external/local_tsl/tsl/framework/bfc_allocator.cc:1095] InUse at 7f17b8e65600 of size 256 next 132
2025-06-14 13:20:42.993210: I external/local_tsl/tsl/framework/bfc_allocator.cc:1095] InUse at 7f17b8e65700 of size 256 next 133
2025-06-14 13:20:42.993650: I external/local_tsl/tsl/framework/bfc_allocator.cc:1095] InUse at 7f17b8e65800 of size 256 next 137
2025-06-14 13:20:42.994184: I external/local_tsl/tsl/framework/bfc_allocator.cc:1095] InUse at 7f17b8e65900 of size 256 next 136
2025-06-14 13:20:42.994617: I external/local_tsl/tsl/framework/bfc_allocator.cc:1095] InUse at 7f17b8e65a00 of size 3584 next 138
2025-06-14 13:20:42.995100: I external/local_tsl/tsl/framework/bfc_allocator.cc:1095] InUse at 7f17b8e66800 of size 3584 next 139
2025-06-14 13:20:42.995530: I external/local_tsl/tsl/framework/bfc_allocator.cc:1095] InUse at 7f17b8e67600 of size 256 next 140
2025-06-14 13:20:42.996030: I external/local_tsl/tsl/framework/bfc_allocator.cc:1095] InUse at 7f17b8e67700 of size 256 next 141
2025-06-14 13:20:42.996473: I external/local_tsl/tsl/framework/bfc_allocator.cc:1095] InUse at 7f17b8e67800 of size 256 next 142
2025-06-14 13:20:42.996894: I external/local_tsl/tsl/framework/bfc_allocator.cc:1095] InUse at 7f17b8e67900 of size 256 next 143
2025-06-14 13:20:42.997367: I external/local_tsl/tsl/framework/bfc_allocator.cc:1095] InUse at 7f17b8e67a00 of size 256 next 144
2025-06-14 13:20:42.997853: I external/local_tsl/tsl/framework/bfc_allocator.cc:1095] InUse at 7f17b8e67b00 of size 256 next 145
2025-06-14 13:20:42.998318: I external/local_tsl/tsl/framework/bfc_allocator.cc:1095] InUse at 7f17b8e67c00 of size 141312 next 27
2025-06-14 13:20:42.998694: I external/local_tsl/tsl/framework/bfc_allocator.cc:1095] InUse at 7f17b8e8a400 of size 221184 next 26
2025-06-14 13:20:42.999129: I external/local_tsl/tsl/framework/bfc_allocator.cc:1095] InUse at 7f17b8ec0400 of size 442368 next 159
2025-06-14 13:20:42.999540: I external/local_tsl/tsl/framework/bfc_allocator.cc:1095] InUse at 7f17b8f2c400 of size 867328 next 18446744073709551615
2025-06-14 13:20:42.999892: I external/local_tsl/tsl/framework/bfc_allocator.cc:1075] Next region of size 4194304
2025-06-14 13:20:43.000288: I external/local_tsl/tsl/framework/bfc_allocator.cc:1095] InUse at 7f17b9400000 of size 442368 next 37
2025-06-14 13:20:43.000731: I external/local_tsl/tsl/framework/bfc_allocator.cc:1095] InUse at 7f17b946c000 of size 221184 next 116
2025-06-14 13:20:43.001111: I external/local_tsl/tsl/framework/bfc_allocator.cc:1095] InUse at 7f17b94a2000 of size 110592 next 122
2025-06-14 13:20:43.001566: I external/local_tsl/tsl/framework/bfc_allocator.cc:1095] InUse at 7f17b94bd000 of size 192512 next 99
2025-06-14 13:20:43.002022: I external/local_tsl/tsl/framework/bfc_allocator.cc:1095] InUse at 7f17b94ec000 of size 360448 next 44
2025-06-14 13:20:43.002541: I external/local_tsl/tsl/framework/bfc_allocator.cc:1095] InUse at 7f17b9544000 of size 884736 next 43
2025-06-14 13:20:43.002969: I external/local_tsl/tsl/framework/bfc_allocator.cc:1095] InUse at 7f17b961c000 of size 1982464 next 18446744073709551615
2025-06-14 13:20:43.003404: I external/local_tsl/tsl/framework/bfc_allocator.cc:1075] Next region of size 8388608
2025-06-14 13:20:43.003928: I external/local_tsl/tsl/framework/bfc_allocator.cc:1095] InUse at 7f17b9800000 of size 884736 next 166
2025-06-14 13:20:43.004304: I external/local_tsl/tsl/framework/bfc_allocator.cc:1095] InUse at 7f17b98d8000 of size 884736 next 54
2025-06-14 13:20:43.004764: I external/local_tsl/tsl/framework/bfc_allocator.cc:1095] InUse at 7f17b99b0000 of size 1769472 next 52
2025-06-14 13:20:43.005168: I external/local_tsl/tsl/framework/bfc_allocator.cc:1095] InUse at 7f17b9b60000 of size 4849664 next 18446744073709551615
2025-06-14 13:20:43.005504: I external/local_tsl/tsl/framework/bfc_allocator.cc:1100]      Summary of in-use Chunks by size: 
2025-06-14 13:20:43.005972: I external/local_tsl/tsl/framework/bfc_allocator.cc:1103] 155 Chunks of size 256 totalling 38.8KiB
2025-06-14 13:20:43.006444: I external/local_tsl/tsl/framework/bfc_allocator.cc:1103] 54 Chunks of size 512 totalling 27.0KiB
2025-06-14 13:20:43.006884: I external/local_tsl/tsl/framework/bfc_allocator.cc:1103] 1 Chunks of size 768 totalling 768B
2025-06-14 13:20:43.007314: I external/local_tsl/tsl/framework/bfc_allocator.cc:1103] 26 Chunks of size 1024 totalling 26.0KiB
2025-06-14 13:20:43.007774: I external/local_tsl/tsl/framework/bfc_allocator.cc:1103] 1 Chunks of size 1280 totalling 1.2KiB
2025-06-14 13:20:43.008304: I external/local_tsl/tsl/framework/bfc_allocator.cc:1103] 3 Chunks of size 3584 totalling 10.5KiB
2025-06-14 13:20:43.008847: I external/local_tsl/tsl/framework/bfc_allocator.cc:1103] 2 Chunks of size 65536 totalling 128.0KiB
2025-06-14 13:20:43.009364: I external/local_tsl/tsl/framework/bfc_allocator.cc:1103] 1 Chunks of size 95232 totalling 93.0KiB
2025-06-14 13:20:43.009874: I external/local_tsl/tsl/framework/bfc_allocator.cc:1103] 4 Chunks of size 110592 totalling 432.0KiB
2025-06-14 13:20:43.010434: I external/local_tsl/tsl/framework/bfc_allocator.cc:1103] 1 Chunks of size 141312 totalling 138.0KiB
2025-06-14 13:20:43.010866: I external/local_tsl/tsl/framework/bfc_allocator.cc:1103] 1 Chunks of size 192512 totalling 188.0KiB
2025-06-14 13:20:43.011283: I external/local_tsl/tsl/framework/bfc_allocator.cc:1103] 6 Chunks of size 221184 totalling 1.27MiB
2025-06-14 13:20:43.011808: I external/local_tsl/tsl/framework/bfc_allocator.cc:1103] 2 Chunks of size 262144 totalling 512.0KiB
2025-06-14 13:20:43.012235: I external/local_tsl/tsl/framework/bfc_allocator.cc:1103] 1 Chunks of size 360448 totalling 352.0KiB
2025-06-14 13:20:43.012693: I external/local_tsl/tsl/framework/bfc_allocator.cc:1103] 5 Chunks of size 442368 totalling 2.11MiB
2025-06-14 13:20:43.013134: I external/local_tsl/tsl/framework/bfc_allocator.cc:1103] 1 Chunks of size 867328 totalling 847.0KiB
2025-06-14 13:20:43.013624: I external/local_tsl/tsl/framework/bfc_allocator.cc:1103] 6 Chunks of size 884736 totalling 5.06MiB
2025-06-14 13:20:43.014083: I external/local_tsl/tsl/framework/bfc_allocator.cc:1103] 2 Chunks of size 1048576 totalling 2.00MiB
2025-06-14 13:20:43.014567: I external/local_tsl/tsl/framework/bfc_allocator.cc:1103] 6 Chunks of size 1769472 totalling 10.12MiB
2025-06-14 13:20:43.015006: I external/local_tsl/tsl/framework/bfc_allocator.cc:1103] 1 Chunks of size 1982464 totalling 1.89MiB
2025-06-14 13:20:43.015492: I external/local_tsl/tsl/framework/bfc_allocator.cc:1103] 4 Chunks of size 3538944 totalling 13.50MiB
2025-06-14 13:20:43.016021: I external/local_tsl/tsl/framework/bfc_allocator.cc:1103] 1 Chunks of size 4063232 totalling 3.88MiB
2025-06-14 13:20:43.016452: I external/local_tsl/tsl/framework/bfc_allocator.cc:1103] 1 Chunks of size 4849664 totalling 4.62MiB
2025-06-14 13:20:43.016865: I external/local_tsl/tsl/framework/bfc_allocator.cc:1103] 2 Chunks of size 7077888 totalling 13.50MiB
2025-06-14 13:20:43.017338: I external/local_tsl/tsl/framework/bfc_allocator.cc:1103] 1 Chunks of size 12320768 totalling 11.75MiB
2025-06-14 13:20:43.017753: I external/local_tsl/tsl/framework/bfc_allocator.cc:1103] 2 Chunks of size 15138816 totalling 28.88MiB
2025-06-14 13:20:43.018201: I external/local_tsl/tsl/framework/bfc_allocator.cc:1103] 4 Chunks of size 30277632 totalling 115.50MiB
2025-06-14 13:20:43.018678: I external/local_tsl/tsl/framework/bfc_allocator.cc:1103] 2 Chunks of size 60555264 totalling 115.50MiB
2025-06-14 13:20:43.019055: I external/local_tsl/tsl/framework/bfc_allocator.cc:1103] 1 Chunks of size 73662464 totalling 70.25MiB
2025-06-14 13:20:43.019491: I external/local_tsl/tsl/framework/bfc_allocator.cc:1103] 1 Chunks of size 116654080 totalling 111.25MiB
2025-06-14 13:20:43.020036: I external/local_tsl/tsl/framework/bfc_allocator.cc:1103] 6 Chunks of size 121110528 totalling 693.00MiB
2025-06-14 13:20:43.020639: I external/local_tsl/tsl/framework/bfc_allocator.cc:1103] 2 Chunks of size 209715200 totalling 400.00MiB
2025-06-14 13:20:43.021165: I external/local_tsl/tsl/framework/bfc_allocator.cc:1103] 3 Chunks of size 242221056 totalling 693.00MiB
2025-06-14 13:20:43.021631: I external/local_tsl/tsl/framework/bfc_allocator.cc:1103] 8 Chunks of size 484442112 totalling 3.61GiB
2025-06-14 13:20:43.022005: I external/local_tsl/tsl/framework/bfc_allocator.cc:1103] 1 Chunks of size 968884224 totalling 924.00MiB
2025-06-14 13:20:43.022365: I external/local_tsl/tsl/framework/bfc_allocator.cc:1103] 6 Chunks of size 1937768448 totalling 10.83GiB
2025-06-14 13:20:43.022864: I external/local_tsl/tsl/framework/bfc_allocator.cc:1107] Sum Total of in-use chunks: 17.58GiB
2025-06-14 13:20:43.023335: I external/local_tsl/tsl/framework/bfc_allocator.cc:1109] Total bytes in pool: 23575789568 memory_limit_: 23575789568 available bytes: 0 curr_region_allocation_bytes_: 34359738368
2025-06-14 13:20:43.023808: I external/local_tsl/tsl/framework/bfc_allocator.cc:1114] Stats: 
Limit:                     23575789568
InUse:                     18882554112
MaxInUse:                  22800760320
NumAllocs:                         912
MaxAllocSize:               4135495424
Reserved:                            0
PeakReserved:                        0
LargestFreeBlock:                    0

2025-06-14 13:20:43.024243: W external/local_tsl/tsl/framework/bfc_allocator.cc:497] ________*********________************************************_**************************************
2025-06-14 13:20:43.024732: W tensorflow/core/framework/op_kernel.cc:1839] OP_REQUIRES failed at concat_op.cc:165 : RESOURCE_EXHAUSTED: OOM when allocating tensor with shape[2,64,192,224,176] and type float on /job:localhost/replica:0/task:0/device:GPU:0 by allocator GPU_0_bfc
Traceback (most recent call last):
  File "/mnt/beegfs/hellgate/home/rb194958e/stroke_segmentation_sota/batch_wise_train.py", line 277, in <module>
    if main():
       ^^^^^^
  File "/mnt/beegfs/hellgate/home/rb194958e/stroke_segmentation_sota/batch_wise_train.py", line 256, in main
    history = model.fit(
              ^^^^^^^^^^
  File "/mnt/beegfs/hellgate/home/rb194958e/.conda/envs/tf215_env/lib/python3.11/site-packages/keras/src/utils/traceback_utils.py", line 70, in error_handler
    raise e.with_traceback(filtered_tb) from None
  File "/mnt/beegfs/hellgate/home/rb194958e/.conda/envs/tf215_env/lib/python3.11/site-packages/tensorflow/python/eager/execute.py", line 53, in quick_execute
    tensors = pywrap_tfe.TFE_Py_Execute(ctx._handle, device_name, op_name,
  ^^^^^^^^^^^^^^^^^^^^^^^^^^^^^^^^^^^^^^^^^^^^^^^^^^^^^^^^^^^^^^^^^^^^^^^^
tensorflow.python.framework.errors_impl.ResourceExhaustedError: Graph execution error:

Detected at node model/concatenate_2/concat defined at (most recent call last):
  File "/mnt/beegfs/hellgate/home/rb194958e/stroke_segmentation_sota/batch_wise_train.py", line 277, in <module>

  File "/mnt/beegfs/hellgate/home/rb194958e/stroke_segmentation_sota/batch_wise_train.py", line 256, in main

  File "/mnt/beegfs/hellgate/home/rb194958e/.conda/envs/tf215_env/lib/python3.11/site-packages/keras/src/utils/traceback_utils.py", line 65, in error_handler

  File "/mnt/beegfs/hellgate/home/rb194958e/.conda/envs/tf215_env/lib/python3.11/site-packages/keras/src/engine/training.py", line 1807, in fit

  File "/mnt/beegfs/hellgate/home/rb194958e/.conda/envs/tf215_env/lib/python3.11/site-packages/keras/src/engine/training.py", line 1401, in train_function

  File "/mnt/beegfs/hellgate/home/rb194958e/.conda/envs/tf215_env/lib/python3.11/site-packages/keras/src/engine/training.py", line 1384, in step_function

  File "/mnt/beegfs/hellgate/home/rb194958e/.conda/envs/tf215_env/lib/python3.11/site-packages/keras/src/engine/training.py", line 1373, in run_step

  File "/mnt/beegfs/hellgate/home/rb194958e/.conda/envs/tf215_env/lib/python3.11/site-packages/keras/src/engine/training.py", line 1150, in train_step

  File "/mnt/beegfs/hellgate/home/rb194958e/.conda/envs/tf215_env/lib/python3.11/site-packages/keras/src/utils/traceback_utils.py", line 65, in error_handler

  File "/mnt/beegfs/hellgate/home/rb194958e/.conda/envs/tf215_env/lib/python3.11/site-packages/keras/src/engine/training.py", line 590, in __call__

  File "/mnt/beegfs/hellgate/home/rb194958e/.conda/envs/tf215_env/lib/python3.11/site-packages/keras/src/utils/traceback_utils.py", line 65, in error_handler

  File "/mnt/beegfs/hellgate/home/rb194958e/.conda/envs/tf215_env/lib/python3.11/site-packages/keras/src/engine/base_layer.py", line 1149, in __call__

  File "/mnt/beegfs/hellgate/home/rb194958e/.conda/envs/tf215_env/lib/python3.11/site-packages/keras/src/utils/traceback_utils.py", line 96, in error_handler

  File "/mnt/beegfs/hellgate/home/rb194958e/.conda/envs/tf215_env/lib/python3.11/site-packages/keras/src/engine/functional.py", line 515, in call

  File "/mnt/beegfs/hellgate/home/rb194958e/.conda/envs/tf215_env/lib/python3.11/site-packages/keras/src/engine/functional.py", line 672, in _run_internal_graph

  File "/mnt/beegfs/hellgate/home/rb194958e/.conda/envs/tf215_env/lib/python3.11/site-packages/keras/src/utils/traceback_utils.py", line 65, in error_handler

  File "/mnt/beegfs/hellgate/home/rb194958e/.conda/envs/tf215_env/lib/python3.11/site-packages/keras/src/engine/base_layer.py", line 1149, in __call__

  File "/mnt/beegfs/hellgate/home/rb194958e/.conda/envs/tf215_env/lib/python3.11/site-packages/keras/src/utils/traceback_utils.py", line 96, in error_handler

  File "/mnt/beegfs/hellgate/home/rb194958e/.conda/envs/tf215_env/lib/python3.11/site-packages/keras/src/layers/merging/base_merge.py", line 196, in call

  File "/mnt/beegfs/hellgate/home/rb194958e/.conda/envs/tf215_env/lib/python3.11/site-packages/keras/src/layers/merging/concatenate.py", line 134, in _merge_function

  File "/mnt/beegfs/hellgate/home/rb194958e/.conda/envs/tf215_env/lib/python3.11/site-packages/keras/src/backend.py", line 3580, in concatenate

OOM when allocating tensor with shape[2,64,192,224,176] and type float on /job:localhost/replica:0/task:0/device:GPU:0 by allocator GPU_0_bfc
	 [[{{node model/concatenate_2/concat}}]]
Hint: If you want to see a list of allocated tensors when OOM happens, add report_tensor_allocations_upon_oom to RunOptions for current allocation info. This isn't available when running in Eager mode.
 [Op:__inference_train_function_7309]
2025-06-14 13:20:43.177643: W tensorflow/core/kernels/data/generator_dataset_op.cc:108] Error occurred when finalizing GeneratorDataset iterator: FAILED_PRECONDITION: Python interpreter state is not initialized. The process may be terminated.
	 [[{{node PyFunc}}]]
/var/spool/slurmd/job1123753/slurm_script: line 320: EOF: command not found
/var/spool/slurmd/job1123753/slurm_script: line 330: unexpected EOF while looking for matching ``'
/var/spool/slurmd/job1123753/slurm_script: line 339: syntax error: unexpected end of file
