2025-06-14 15:52:08.158302: I tensorflow/core/util/port.cc:113] oneDNN custom operations are on. You may see slightly different numerical results due to floating-point round-off errors from different computation orders. To turn them off, set the environment variable `TF_ENABLE_ONEDNN_OPTS=0`.
2025-06-14 15:52:08.924220: E external/local_xla/xla/stream_executor/cuda/cuda_dnn.cc:9261] Unable to register cuDNN factory: Attempting to register factory for plugin cuDNN when one has already been registered
2025-06-14 15:52:08.924962: E external/local_xla/xla/stream_executor/cuda/cuda_fft.cc:607] Unable to register cuFFT factory: Attempting to register factory for plugin cuFFT when one has already been registered
2025-06-14 15:52:09.042166: E external/local_xla/xla/stream_executor/cuda/cuda_blas.cc:1515] Unable to register cuBLAS factory: Attempting to register factory for plugin cuBLAS when one has already been registered
2025-06-14 15:52:09.303288: I tensorflow/core/platform/cpu_feature_guard.cc:182] This TensorFlow binary is optimized to use available CPU instructions in performance-critical operations.
To enable the following instructions: AVX2 AVX512F AVX512_VNNI FMA, in other operations, rebuild TensorFlow with the appropriate compiler flags.
2025-06-14 15:52:16.155853: W tensorflow/compiler/tf2tensorrt/utils/py_utils.cc:38] TF-TRT Warning: Could not find TensorRT
INFO:__main__:🚀 Starting Stroke Lesion Segmentation Training
INFO:__main__:Using 1 GPU(s)
INFO:__main__:Creating data generators...
INFO:__main__:Found 655 valid image/mask pairs
INFO:__main__:Found 655 valid image/mask pairs
INFO:__main__:Training batches: 262
INFO:__main__:Validation batches: 65
INFO:__main__:Building model...
2025-06-14 15:52:30.992938: I tensorflow/core/common_runtime/gpu/gpu_device.cc:1929] Created device /job:localhost/replica:0/task:0/device:GPU:0 with 22483 MB memory:  -> device: 0, name: NVIDIA RTX 4500 Ada Generation, pci bus id: 0000:1c:00.0, compute capability: 8.9
INFO:__main__:Model parameters: 5,605,345
INFO:__main__:Starting training...
pixdim[0] (qfac) should be 1 (default) or -1; setting qfac to 1
INFO:nibabel.global:pixdim[0] (qfac) should be 1 (default) or -1; setting qfac to 1
pixdim[0] (qfac) should be 1 (default) or -1; setting qfac to 1
INFO:nibabel.global:pixdim[0] (qfac) should be 1 (default) or -1; setting qfac to 1
pixdim[0] (qfac) should be 1 (default) or -1; setting qfac to 1
INFO:nibabel.global:pixdim[0] (qfac) should be 1 (default) or -1; setting qfac to 1
pixdim[0] (qfac) should be 1 (default) or -1; setting qfac to 1
INFO:nibabel.global:pixdim[0] (qfac) should be 1 (default) or -1; setting qfac to 1
2025-06-14 15:52:38.638559: I external/local_xla/xla/stream_executor/cuda/cuda_dnn.cc:454] Loaded cuDNN version 8907
pixdim[0] (qfac) should be 1 (default) or -1; setting qfac to 1
INFO:nibabel.global:pixdim[0] (qfac) should be 1 (default) or -1; setting qfac to 1
pixdim[0] (qfac) should be 1 (default) or -1; setting qfac to 1
INFO:nibabel.global:pixdim[0] (qfac) should be 1 (default) or -1; setting qfac to 1
pixdim[0] (qfac) should be 1 (default) or -1; setting qfac to 1
INFO:nibabel.global:pixdim[0] (qfac) should be 1 (default) or -1; setting qfac to 1
pixdim[0] (qfac) should be 1 (default) or -1; setting qfac to 1
INFO:nibabel.global:pixdim[0] (qfac) should be 1 (default) or -1; setting qfac to 1
2025-06-14 15:52:55.123283: W external/local_tsl/tsl/framework/bfc_allocator.cc:296] Allocator (GPU_0_bfc) ran out of memory trying to allocate 2.27GiB with freed_by_count=0. The caller indicates that this is not a failure, but this may mean that there could be performance gains if more memory were available.
2025-06-14 15:52:55.224869: W external/local_tsl/tsl/framework/bfc_allocator.cc:296] Allocator (GPU_0_bfc) ran out of memory trying to allocate 2.30GiB with freed_by_count=0. The caller indicates that this is not a failure, but this may mean that there could be performance gains if more memory were available.
2025-06-14 15:52:55.225754: W external/local_tsl/tsl/framework/bfc_allocator.cc:296] Allocator (GPU_0_bfc) ran out of memory trying to allocate 2.27GiB with freed_by_count=0. The caller indicates that this is not a failure, but this may mean that there could be performance gains if more memory were available.
2025-06-14 15:52:55.846760: W external/local_tsl/tsl/framework/bfc_allocator.cc:296] Allocator (GPU_0_bfc) ran out of memory trying to allocate 2.27GiB with freed_by_count=0. The caller indicates that this is not a failure, but this may mean that there could be performance gains if more memory were available.
2025-06-14 15:52:55.900189: W external/local_tsl/tsl/framework/bfc_allocator.cc:296] Allocator (GPU_0_bfc) ran out of memory trying to allocate 2.30GiB with freed_by_count=0. The caller indicates that this is not a failure, but this may mean that there could be performance gains if more memory were available.
2025-06-14 15:52:55.901173: W external/local_tsl/tsl/framework/bfc_allocator.cc:296] Allocator (GPU_0_bfc) ran out of memory trying to allocate 2.27GiB with freed_by_count=0. The caller indicates that this is not a failure, but this may mean that there could be performance gains if more memory were available.
2025-06-14 15:53:06.522121: W external/local_tsl/tsl/framework/bfc_allocator.cc:485] Allocator (GPU_0_bfc) ran out of memory trying to allocate 3.61GiB (rounded to 3875536896)requested by op model/concatenate_2/concat
If the cause is memory fragmentation maybe the environment variable 'TF_GPU_ALLOCATOR=cuda_malloc_async' will improve the situation. 
Current allocation summary follows.
Current allocation summary follows.
2025-06-14 15:53:06.523131: I external/local_tsl/tsl/framework/bfc_allocator.cc:1039] BFCAllocator dump for GPU_0_bfc
2025-06-14 15:53:06.523786: I external/local_tsl/tsl/framework/bfc_allocator.cc:1046] Bin (256): 	Total Chunks: 155, Chunks in use: 155. 38.8KiB allocated for chunks. 38.8KiB in use in bin. 20.7KiB client-requested in use in bin.
2025-06-14 15:53:06.524319: I external/local_tsl/tsl/framework/bfc_allocator.cc:1046] Bin (512): 	Total Chunks: 56, Chunks in use: 55. 28.0KiB allocated for chunks. 27.5KiB in use in bin. 27.5KiB client-requested in use in bin.
2025-06-14 15:53:06.524937: I external/local_tsl/tsl/framework/bfc_allocator.cc:1046] Bin (1024): 	Total Chunks: 27, Chunks in use: 27. 27.2KiB allocated for chunks. 27.2KiB in use in bin. 27.0KiB client-requested in use in bin.
2025-06-14 15:53:06.525438: I external/local_tsl/tsl/framework/bfc_allocator.cc:1046] Bin (2048): 	Total Chunks: 3, Chunks in use: 3. 10.5KiB allocated for chunks. 10.5KiB in use in bin. 10.1KiB client-requested in use in bin.
2025-06-14 15:53:06.525922: I external/local_tsl/tsl/framework/bfc_allocator.cc:1046] Bin (4096): 	Total Chunks: 0, Chunks in use: 0. 0B allocated for chunks. 0B in use in bin. 0B client-requested in use in bin.
2025-06-14 15:53:06.526434: I external/local_tsl/tsl/framework/bfc_allocator.cc:1046] Bin (8192): 	Total Chunks: 0, Chunks in use: 0. 0B allocated for chunks. 0B in use in bin. 0B client-requested in use in bin.
2025-06-14 15:53:06.526915: I external/local_tsl/tsl/framework/bfc_allocator.cc:1046] Bin (16384): 	Total Chunks: 0, Chunks in use: 0. 0B allocated for chunks. 0B in use in bin. 0B client-requested in use in bin.
2025-06-14 15:53:06.527386: I external/local_tsl/tsl/framework/bfc_allocator.cc:1046] Bin (32768): 	Total Chunks: 0, Chunks in use: 0. 0B allocated for chunks. 0B in use in bin. 0B client-requested in use in bin.
2025-06-14 15:53:06.527833: I external/local_tsl/tsl/framework/bfc_allocator.cc:1046] Bin (65536): 	Total Chunks: 7, Chunks in use: 7. 653.0KiB allocated for chunks. 653.0KiB in use in bin. 624.0KiB client-requested in use in bin.
2025-06-14 15:53:06.528331: I external/local_tsl/tsl/framework/bfc_allocator.cc:1046] Bin (131072): 	Total Chunks: 8, Chunks in use: 8. 1.58MiB allocated for chunks. 1.58MiB in use in bin. 1.48MiB client-requested in use in bin.
2025-06-14 15:53:06.528711: I external/local_tsl/tsl/framework/bfc_allocator.cc:1046] Bin (262144): 	Total Chunks: 8, Chunks in use: 8. 2.95MiB allocated for chunks. 2.95MiB in use in bin. 2.86MiB client-requested in use in bin.
2025-06-14 15:53:06.529167: I external/local_tsl/tsl/framework/bfc_allocator.cc:1046] Bin (524288): 	Total Chunks: 7, Chunks in use: 7. 5.89MiB allocated for chunks. 5.89MiB in use in bin. 5.48MiB client-requested in use in bin.
2025-06-14 15:53:06.529608: I external/local_tsl/tsl/framework/bfc_allocator.cc:1046] Bin (1048576): 	Total Chunks: 9, Chunks in use: 9. 14.02MiB allocated for chunks. 14.02MiB in use in bin. 13.12MiB client-requested in use in bin.
2025-06-14 15:53:06.530132: I external/local_tsl/tsl/framework/bfc_allocator.cc:1046] Bin (2097152): 	Total Chunks: 5, Chunks in use: 5. 17.38MiB allocated for chunks. 17.38MiB in use in bin. 16.88MiB client-requested in use in bin.
2025-06-14 15:53:06.530560: I external/local_tsl/tsl/framework/bfc_allocator.cc:1046] Bin (4194304): 	Total Chunks: 3, Chunks in use: 3. 18.12MiB allocated for chunks. 18.12MiB in use in bin. 16.88MiB client-requested in use in bin.
2025-06-14 15:53:06.530983: I external/local_tsl/tsl/framework/bfc_allocator.cc:1046] Bin (8388608): 	Total Chunks: 3, Chunks in use: 3. 40.62MiB allocated for chunks. 40.62MiB in use in bin. 35.62MiB client-requested in use in bin.
2025-06-14 15:53:06.531430: I external/local_tsl/tsl/framework/bfc_allocator.cc:1046] Bin (16777216): 	Total Chunks: 5, Chunks in use: 4. 140.19MiB allocated for chunks. 115.50MiB in use in bin. 115.50MiB client-requested in use in bin.
2025-06-14 15:53:06.531838: I external/local_tsl/tsl/framework/bfc_allocator.cc:1046] Bin (33554432): 	Total Chunks: 2, Chunks in use: 2. 115.50MiB allocated for chunks. 115.50MiB in use in bin. 115.50MiB client-requested in use in bin.
2025-06-14 15:53:06.532307: I external/local_tsl/tsl/framework/bfc_allocator.cc:1046] Bin (67108864): 	Total Chunks: 8, Chunks in use: 8. 874.50MiB allocated for chunks. 874.50MiB in use in bin. 808.50MiB client-requested in use in bin.
2025-06-14 15:53:06.532665: I external/local_tsl/tsl/framework/bfc_allocator.cc:1046] Bin (134217728): 	Total Chunks: 5, Chunks in use: 5. 1.07GiB allocated for chunks. 1.07GiB in use in bin. 924.00MiB client-requested in use in bin.
2025-06-14 15:53:06.533071: I external/local_tsl/tsl/framework/bfc_allocator.cc:1046] Bin (268435456): 	Total Chunks: 18, Chunks in use: 15. 19.69GiB allocated for chunks. 15.34GiB in use in bin. 15.34GiB client-requested in use in bin.
2025-06-14 15:53:06.533489: I external/local_tsl/tsl/framework/bfc_allocator.cc:1062] Bin for 3.61GiB was 256.00MiB, Chunk State: 
2025-06-14 15:53:06.533899: I external/local_tsl/tsl/framework/bfc_allocator.cc:1068]   Size: 453.50MiB | Requested Size: 16.00MiB | in_use: 0 | bin_num: 20, prev:   Size: 462.00MiB | Requested Size: 462.00MiB | in_use: 1 | bin_num: -1
2025-06-14 15:53:06.534411: I external/local_tsl/tsl/framework/bfc_allocator.cc:1068]   Size: 1.80GiB | Requested Size: 1.80GiB | in_use: 0 | bin_num: 20, next:   Size: 1.80GiB | Requested Size: 1.80GiB | in_use: 1 | bin_num: -1
2025-06-14 15:53:06.534868: I external/local_tsl/tsl/framework/bfc_allocator.cc:1068]   Size: 2.10GiB | Requested Size: 1.82GiB | in_use: 0 | bin_num: 20, prev:   Size: 1.80GiB | Requested Size: 1.80GiB | in_use: 1 | bin_num: -1
2025-06-14 15:53:06.535307: I external/local_tsl/tsl/framework/bfc_allocator.cc:1075] Next region of size 6129582080
2025-06-14 15:53:06.535739: I external/local_tsl/tsl/framework/bfc_allocator.cc:1095] Free  at 7fcb66000000 of size 1937768448 next 107
2025-06-14 15:53:06.536171: I external/local_tsl/tsl/framework/bfc_allocator.cc:1095] InUse at 7fcbd9800000 of size 1937768448 next 329
2025-06-14 15:53:06.536640: I external/local_tsl/tsl/framework/bfc_allocator.cc:1095] Free  at 7fcc4d000000 of size 2254045184 next 18446744073709551615
2025-06-14 15:53:06.537081: I external/local_tsl/tsl/framework/bfc_allocator.cc:1075] Next region of size 8589934592
2025-06-14 15:53:06.537531: I external/local_tsl/tsl/framework/bfc_allocator.cc:1095] InUse at 7fcd06000000 of size 1937768448 next 281
2025-06-14 15:53:06.537968: I external/local_tsl/tsl/framework/bfc_allocator.cc:1095] InUse at 7fcd79800000 of size 242221056 next 282
2025-06-14 15:53:06.538415: I external/local_tsl/tsl/framework/bfc_allocator.cc:1095] InUse at 7fcd87f00000 of size 484442112 next 283
2025-06-14 15:53:06.538848: I external/local_tsl/tsl/framework/bfc_allocator.cc:1095] InUse at 7fcda4d00000 of size 484442112 next 284
2025-06-14 15:53:06.539264: I external/local_tsl/tsl/framework/bfc_allocator.cc:1095] InUse at 7fcdc1b00000 of size 484442112 next 29
2025-06-14 15:53:06.539703: I external/local_tsl/tsl/framework/bfc_allocator.cc:1095] InUse at 7fcdde900000 of size 484442112 next 288
2025-06-14 15:53:06.540172: I external/local_tsl/tsl/framework/bfc_allocator.cc:1095] InUse at 7fcdfb700000 of size 484442112 next 292
2025-06-14 15:53:06.540586: I external/local_tsl/tsl/framework/bfc_allocator.cc:1095] InUse at 7fce18500000 of size 121110528 next 47
2025-06-14 15:53:06.540985: I external/local_tsl/tsl/framework/bfc_allocator.cc:1095] InUse at 7fce1f880000 of size 121110528 next 296
2025-06-14 15:53:06.541422: I external/local_tsl/tsl/framework/bfc_allocator.cc:1095] InUse at 7fce26c00000 of size 121110528 next 300
2025-06-14 15:53:06.541785: I external/local_tsl/tsl/framework/bfc_allocator.cc:1095] InUse at 7fce2df80000 of size 30277632 next 302
2025-06-14 15:53:06.542141: I external/local_tsl/tsl/framework/bfc_allocator.cc:1095] InUse at 7fce2fc60000 of size 30277632 next 303
2025-06-14 15:53:06.542497: I external/local_tsl/tsl/framework/bfc_allocator.cc:1095] InUse at 7fce31940000 of size 30277632 next 66
2025-06-14 15:53:06.542855: I external/local_tsl/tsl/framework/bfc_allocator.cc:1095] InUse at 7fce33620000 of size 30277632 next 307
2025-06-14 15:53:06.543277: I external/local_tsl/tsl/framework/bfc_allocator.cc:1095] InUse at 7fce35300000 of size 121110528 next 76
2025-06-14 15:53:06.543697: I external/local_tsl/tsl/framework/bfc_allocator.cc:1095] InUse at 7fce3c680000 of size 121110528 next 312
2025-06-14 15:53:06.544062: I external/local_tsl/tsl/framework/bfc_allocator.cc:1095] InUse at 7fce43a00000 of size 242221056 next 311
2025-06-14 15:53:06.544485: I external/local_tsl/tsl/framework/bfc_allocator.cc:1095] InUse at 7fce52100000 of size 121110528 next 85
2025-06-14 15:53:06.544871: I external/local_tsl/tsl/framework/bfc_allocator.cc:1095] InUse at 7fce59480000 of size 484442112 next 325
2025-06-14 15:53:06.545277: I external/local_tsl/tsl/framework/bfc_allocator.cc:1095] InUse at 7fce76280000 of size 484442112 next 320
2025-06-14 15:53:06.545663: I external/local_tsl/tsl/framework/bfc_allocator.cc:1095] InUse at 7fce93080000 of size 968884224 next 319
2025-06-14 15:53:06.546067: I external/local_tsl/tsl/framework/bfc_allocator.cc:1095] InUse at 7fceccc80000 of size 484442112 next 91
2025-06-14 15:53:06.546421: I external/local_tsl/tsl/framework/bfc_allocator.cc:1095] Free  at 7fcee9a80000 of size 475529216 next 18446744073709551615
2025-06-14 15:53:06.546777: I external/local_tsl/tsl/framework/bfc_allocator.cc:1075] Next region of size 4294967296
2025-06-14 15:53:06.547221: I external/local_tsl/tsl/framework/bfc_allocator.cc:1095] InUse at 7fcf24000000 of size 1937768448 next 11
2025-06-14 15:53:06.547675: I external/local_tsl/tsl/framework/bfc_allocator.cc:1095] InUse at 7fcf97800000 of size 1937768448 next 276
2025-06-14 15:53:06.548035: I external/local_tsl/tsl/framework/bfc_allocator.cc:1095] InUse at 7fd00b000000 of size 242221056 next 20
2025-06-14 15:53:06.548416: I external/local_tsl/tsl/framework/bfc_allocator.cc:1095] InUse at 7fd019700000 of size 60555264 next 38
2025-06-14 15:53:06.548788: I external/local_tsl/tsl/framework/bfc_allocator.cc:1095] InUse at 7fd01d0c0000 of size 116654080 next 18446744073709551615
2025-06-14 15:53:06.549200: I external/local_tsl/tsl/framework/bfc_allocator.cc:1075] Next region of size 2147483648
2025-06-14 15:53:06.549660: I external/local_tsl/tsl/framework/bfc_allocator.cc:1095] InUse at 7fd050000000 of size 1937768448 next 270
2025-06-14 15:53:06.550062: I external/local_tsl/tsl/framework/bfc_allocator.cc:1095] InUse at 7fd0c3800000 of size 209715200 next 18446744073709551615
2025-06-14 15:53:06.550448: I external/local_tsl/tsl/framework/bfc_allocator.cc:1075] Next region of size 2147483648
2025-06-14 15:53:06.550899: I external/local_tsl/tsl/framework/bfc_allocator.cc:1095] InUse at 7fd0d8000000 of size 1937768448 next 268
2025-06-14 15:53:06.551273: I external/local_tsl/tsl/framework/bfc_allocator.cc:1095] InUse at 7fd14b800000 of size 209715200 next 18446744073709551615
2025-06-14 15:53:06.551616: I external/local_tsl/tsl/framework/bfc_allocator.cc:1075] Next region of size 134217728
2025-06-14 15:53:06.552079: I external/local_tsl/tsl/framework/bfc_allocator.cc:1095] InUse at 7fd1e2000000 of size 60555264 next 264
2025-06-14 15:53:06.552417: I external/local_tsl/tsl/framework/bfc_allocator.cc:1095] InUse at 7fd1e59c0000 of size 73662464 next 18446744073709551615
2025-06-14 15:53:06.552839: I external/local_tsl/tsl/framework/bfc_allocator.cc:1075] Next region of size 67108864
2025-06-14 15:53:06.553310: I external/local_tsl/tsl/framework/bfc_allocator.cc:1095] InUse at 7fd1ea000000 of size 3538944 next 198
2025-06-14 15:53:06.553750: I external/local_tsl/tsl/framework/bfc_allocator.cc:1095] InUse at 7fd1ea360000 of size 1769472 next 205
2025-06-14 15:53:06.554119: I external/local_tsl/tsl/framework/bfc_allocator.cc:1095] InUse at 7fd1ea510000 of size 1769472 next 206
2025-06-14 15:53:06.554466: I external/local_tsl/tsl/framework/bfc_allocator.cc:1095] InUse at 7fd1ea6c0000 of size 262144 next 213
2025-06-14 15:53:06.554860: I external/local_tsl/tsl/framework/bfc_allocator.cc:1095] InUse at 7fd1ea700000 of size 262144 next 214
2025-06-14 15:53:06.555245: I external/local_tsl/tsl/framework/bfc_allocator.cc:1095] InUse at 7fd1ea740000 of size 884736 next 217
2025-06-14 15:53:06.555664: I external/local_tsl/tsl/framework/bfc_allocator.cc:1095] InUse at 7fd1ea818000 of size 884736 next 218
2025-06-14 15:53:06.556073: I external/local_tsl/tsl/framework/bfc_allocator.cc:1095] InUse at 7fd1ea8f0000 of size 442368 next 225
2025-06-14 15:53:06.556488: I external/local_tsl/tsl/framework/bfc_allocator.cc:1095] InUse at 7fd1ea95c000 of size 442368 next 226
2025-06-14 15:53:06.556888: I external/local_tsl/tsl/framework/bfc_allocator.cc:1095] InUse at 7fd1ea9c8000 of size 256 next 234
2025-06-14 15:53:06.557325: I external/local_tsl/tsl/framework/bfc_allocator.cc:1095] InUse at 7fd1ea9c8100 of size 256 next 235
2025-06-14 15:53:06.557765: I external/local_tsl/tsl/framework/bfc_allocator.cc:1095] InUse at 7fd1ea9c8200 of size 221184 next 236
2025-06-14 15:53:06.558163: I external/local_tsl/tsl/framework/bfc_allocator.cc:1095] InUse at 7fd1ea9fe200 of size 221184 next 237
2025-06-14 15:53:06.558603: I external/local_tsl/tsl/framework/bfc_allocator.cc:1095] InUse at 7fd1eaa34200 of size 256 next 238
2025-06-14 15:53:06.559044: I external/local_tsl/tsl/framework/bfc_allocator.cc:1095] InUse at 7fd1eaa34300 of size 256 next 239
2025-06-14 15:53:06.559470: I external/local_tsl/tsl/framework/bfc_allocator.cc:1095] InUse at 7fd1eaa34400 of size 256 next 240
2025-06-14 15:53:06.559888: I external/local_tsl/tsl/framework/bfc_allocator.cc:1095] InUse at 7fd1eaa34500 of size 256 next 241
2025-06-14 15:53:06.560331: I external/local_tsl/tsl/framework/bfc_allocator.cc:1095] InUse at 7fd1eaa34600 of size 256 next 242
2025-06-14 15:53:06.560785: I external/local_tsl/tsl/framework/bfc_allocator.cc:1095] InUse at 7fd1eaa34700 of size 256 next 243
2025-06-14 15:53:06.561250: I external/local_tsl/tsl/framework/bfc_allocator.cc:1095] InUse at 7fd1eaa34800 of size 110592 next 244
2025-06-14 15:53:06.561681: I external/local_tsl/tsl/framework/bfc_allocator.cc:1095] InUse at 7fd1eaa4f800 of size 110592 next 245
2025-06-14 15:53:06.562121: I external/local_tsl/tsl/framework/bfc_allocator.cc:1095] InUse at 7fd1eaa6a800 of size 256 next 246
2025-06-14 15:53:06.562591: I external/local_tsl/tsl/framework/bfc_allocator.cc:1095] InUse at 7fd1eaa6a900 of size 256 next 247
2025-06-14 15:53:06.563056: I external/local_tsl/tsl/framework/bfc_allocator.cc:1095] InUse at 7fd1eaa6aa00 of size 256 next 248
2025-06-14 15:53:06.563520: I external/local_tsl/tsl/framework/bfc_allocator.cc:1095] InUse at 7fd1eaa6ab00 of size 256 next 249
2025-06-14 15:53:06.563981: I external/local_tsl/tsl/framework/bfc_allocator.cc:1095] InUse at 7fd1eaa6ac00 of size 256 next 250
2025-06-14 15:53:06.564442: I external/local_tsl/tsl/framework/bfc_allocator.cc:1095] InUse at 7fd1eaa6ad00 of size 256 next 251
2025-06-14 15:53:06.564895: I external/local_tsl/tsl/framework/bfc_allocator.cc:1095] InUse at 7fd1eaa6ae00 of size 256 next 252
2025-06-14 15:53:06.565325: I external/local_tsl/tsl/framework/bfc_allocator.cc:1095] InUse at 7fd1eaa6af00 of size 256 next 253
2025-06-14 15:53:06.565807: I external/local_tsl/tsl/framework/bfc_allocator.cc:1095] InUse at 7fd1eaa6b000 of size 256 next 254
2025-06-14 15:53:06.566293: I external/local_tsl/tsl/framework/bfc_allocator.cc:1095] InUse at 7fd1eaa6b100 of size 256 next 255
2025-06-14 15:53:06.566761: I external/local_tsl/tsl/framework/bfc_allocator.cc:1095] InUse at 7fd1eaa6b200 of size 256 next 256
2025-06-14 15:53:06.567212: I external/local_tsl/tsl/framework/bfc_allocator.cc:1095] InUse at 7fd1eaa6b300 of size 256 next 257
2025-06-14 15:53:06.567657: I external/local_tsl/tsl/framework/bfc_allocator.cc:1095] InUse at 7fd1eaa6b400 of size 256 next 258
2025-06-14 15:53:06.568064: I external/local_tsl/tsl/framework/bfc_allocator.cc:1095] InUse at 7fd1eaa6b500 of size 256 next 259
2025-06-14 15:53:06.568493: I external/local_tsl/tsl/framework/bfc_allocator.cc:1095] InUse at 7fd1eaa6b600 of size 256 next 260
2025-06-14 15:53:06.568927: I external/local_tsl/tsl/framework/bfc_allocator.cc:1095] InUse at 7fd1eaa6b700 of size 256 next 261
2025-06-14 15:53:06.569375: I external/local_tsl/tsl/framework/bfc_allocator.cc:1095] InUse at 7fd1eaa6b800 of size 256 next 262
2025-06-14 15:53:06.569807: I external/local_tsl/tsl/framework/bfc_allocator.cc:1095] InUse at 7fd1eaa6b900 of size 256 next 263
2025-06-14 15:53:06.570296: I external/local_tsl/tsl/framework/bfc_allocator.cc:1095] InUse at 7fd1eaa6ba00 of size 256 next 265
2025-06-14 15:53:06.570728: I external/local_tsl/tsl/framework/bfc_allocator.cc:1095] InUse at 7fd1eaa6bb00 of size 256 next 266
2025-06-14 15:53:06.571151: I external/local_tsl/tsl/framework/bfc_allocator.cc:1095] InUse at 7fd1eaa6bc00 of size 256 next 269
2025-06-14 15:53:06.571616: I external/local_tsl/tsl/framework/bfc_allocator.cc:1095] InUse at 7fd1eaa6bd00 of size 256 next 272
2025-06-14 15:53:06.572037: I external/local_tsl/tsl/framework/bfc_allocator.cc:1095] InUse at 7fd1eaa6be00 of size 256 next 274
2025-06-14 15:53:06.572470: I external/local_tsl/tsl/framework/bfc_allocator.cc:1095] InUse at 7fd1eaa6bf00 of size 256 next 275
2025-06-14 15:53:06.572913: I external/local_tsl/tsl/framework/bfc_allocator.cc:1095] InUse at 7fd1eaa6c000 of size 256 next 279
2025-06-14 15:53:06.573364: I external/local_tsl/tsl/framework/bfc_allocator.cc:1095] InUse at 7fd1eaa6c100 of size 256 next 280
2025-06-14 15:53:06.573809: I external/local_tsl/tsl/framework/bfc_allocator.cc:1095] InUse at 7fd1eaa6c200 of size 256 next 286
2025-06-14 15:53:06.574242: I external/local_tsl/tsl/framework/bfc_allocator.cc:1095] InUse at 7fd1eaa6c300 of size 256 next 287
2025-06-14 15:53:06.574685: I external/local_tsl/tsl/framework/bfc_allocator.cc:1095] InUse at 7fd1eaa6c400 of size 256 next 290
2025-06-14 15:53:06.575123: I external/local_tsl/tsl/framework/bfc_allocator.cc:1095] InUse at 7fd1eaa6c500 of size 256 next 291
2025-06-14 15:53:06.575595: I external/local_tsl/tsl/framework/bfc_allocator.cc:1095] InUse at 7fd1eaa6c600 of size 512 next 293
2025-06-14 15:53:06.576082: I external/local_tsl/tsl/framework/bfc_allocator.cc:1095] InUse at 7fd1eaa6c800 of size 512 next 294
2025-06-14 15:53:06.576581: I external/local_tsl/tsl/framework/bfc_allocator.cc:1095] InUse at 7fd1eaa6ca00 of size 512 next 295
2025-06-14 15:53:06.577047: I external/local_tsl/tsl/framework/bfc_allocator.cc:1095] InUse at 7fd1eaa6cc00 of size 512 next 298
2025-06-14 15:53:06.577499: I external/local_tsl/tsl/framework/bfc_allocator.cc:1095] InUse at 7fd1eaa6ce00 of size 512 next 299
2025-06-14 15:53:06.577952: I external/local_tsl/tsl/framework/bfc_allocator.cc:1095] InUse at 7fd1eaa6d000 of size 15138816 next 56
2025-06-14 15:53:06.578431: I external/local_tsl/tsl/framework/bfc_allocator.cc:1095] InUse at 7fd1eb8dd000 of size 15138816 next 301
2025-06-14 15:53:06.578774: I external/local_tsl/tsl/framework/bfc_allocator.cc:1095] InUse at 7fd1ec74d000 of size 1024 next 304
2025-06-14 15:53:06.579231: I external/local_tsl/tsl/framework/bfc_allocator.cc:1095] InUse at 7fd1ec74d400 of size 1024 next 305
2025-06-14 15:53:06.579669: I external/local_tsl/tsl/framework/bfc_allocator.cc:1095] InUse at 7fd1ec74d800 of size 1024 next 306
2025-06-14 15:53:06.580144: I external/local_tsl/tsl/framework/bfc_allocator.cc:1095] InUse at 7fd1ec74dc00 of size 1024 next 309
2025-06-14 15:53:06.580581: I external/local_tsl/tsl/framework/bfc_allocator.cc:1095] InUse at 7fd1ec74e000 of size 1024 next 310
2025-06-14 15:53:06.581062: I external/local_tsl/tsl/framework/bfc_allocator.cc:1095] InUse at 7fd1ec74e400 of size 512 next 317
2025-06-14 15:53:06.581573: I external/local_tsl/tsl/framework/bfc_allocator.cc:1095] InUse at 7fd1ec74e600 of size 512 next 318
2025-06-14 15:53:06.582016: I external/local_tsl/tsl/framework/bfc_allocator.cc:1095] InUse at 7fd1ec74e800 of size 256 next 326
2025-06-14 15:53:06.582462: I external/local_tsl/tsl/framework/bfc_allocator.cc:1095] InUse at 7fd1ec74e900 of size 256 next 327
2025-06-14 15:53:06.582886: I external/local_tsl/tsl/framework/bfc_allocator.cc:1095] Free  at 7fd1ec74ea00 of size 25892352 next 18446744073709551615
2025-06-14 15:53:06.583363: I external/local_tsl/tsl/framework/bfc_allocator.cc:1075] Next region of size 33554432
2025-06-14 15:53:06.583816: I external/local_tsl/tsl/framework/bfc_allocator.cc:1095] InUse at 7fd202000000 of size 3538944 next 83
2025-06-14 15:53:06.584254: I external/local_tsl/tsl/framework/bfc_allocator.cc:1095] InUse at 7fd202360000 of size 221184 next 152
2025-06-14 15:53:06.584732: I external/local_tsl/tsl/framework/bfc_allocator.cc:1095] InUse at 7fd202396000 of size 221184 next 106
2025-06-14 15:53:06.585210: I external/local_tsl/tsl/framework/bfc_allocator.cc:1095] InUse at 7fd2023cc000 of size 442368 next 100
2025-06-14 15:53:06.585552: I external/local_tsl/tsl/framework/bfc_allocator.cc:1095] InUse at 7fd202438000 of size 884736 next 90
2025-06-14 15:53:06.585941: I external/local_tsl/tsl/framework/bfc_allocator.cc:1095] InUse at 7fd202510000 of size 1769472 next 74
2025-06-14 15:53:06.586291: I external/local_tsl/tsl/framework/bfc_allocator.cc:1095] InUse at 7fd2026c0000 of size 7077888 next 72
2025-06-14 15:53:06.586676: I external/local_tsl/tsl/framework/bfc_allocator.cc:1095] InUse at 7fd202d80000 of size 7077888 next 187
2025-06-14 15:53:06.587101: I external/local_tsl/tsl/framework/bfc_allocator.cc:1095] InUse at 7fd203440000 of size 12320768 next 18446744073709551615
2025-06-14 15:53:06.587484: I external/local_tsl/tsl/framework/bfc_allocator.cc:1075] Next region of size 16777216
2025-06-14 15:53:06.587913: I external/local_tsl/tsl/framework/bfc_allocator.cc:1095] InUse at 7fd20a000000 of size 1769472 next 173
2025-06-14 15:53:06.588303: I external/local_tsl/tsl/framework/bfc_allocator.cc:1095] InUse at 7fd20a1b0000 of size 1769472 next 64
2025-06-14 15:53:06.588638: I external/local_tsl/tsl/framework/bfc_allocator.cc:1095] InUse at 7fd20a360000 of size 3538944 next 62
2025-06-14 15:53:06.589061: I external/local_tsl/tsl/framework/bfc_allocator.cc:1095] InUse at 7fd20a6c0000 of size 3538944 next 180
2025-06-14 15:53:06.589446: I external/local_tsl/tsl/framework/bfc_allocator.cc:1095] InUse at 7fd20aa20000 of size 1048576 next 194
2025-06-14 15:53:06.589866: I external/local_tsl/tsl/framework/bfc_allocator.cc:1095] InUse at 7fd20ab20000 of size 1048576 next 195
2025-06-14 15:53:06.590240: I external/local_tsl/tsl/framework/bfc_allocator.cc:1095] InUse at 7fd20ac20000 of size 4063232 next 18446744073709551615
2025-06-14 15:53:06.590656: I external/local_tsl/tsl/framework/bfc_allocator.cc:1075] Next region of size 2097152
2025-06-14 15:53:06.591112: I external/local_tsl/tsl/framework/bfc_allocator.cc:1095] InUse at 7fd26ce00000 of size 1280 next 1
2025-06-14 15:53:06.591593: I external/local_tsl/tsl/framework/bfc_allocator.cc:1095] InUse at 7fd26ce00500 of size 256 next 2
2025-06-14 15:53:06.592036: I external/local_tsl/tsl/framework/bfc_allocator.cc:1095] InUse at 7fd26ce00600 of size 256 next 3
2025-06-14 15:53:06.592494: I external/local_tsl/tsl/framework/bfc_allocator.cc:1095] InUse at 7fd26ce00700 of size 256 next 5
2025-06-14 15:53:06.592966: I external/local_tsl/tsl/framework/bfc_allocator.cc:1095] InUse at 7fd26ce00800 of size 256 next 6
2025-06-14 15:53:06.593441: I external/local_tsl/tsl/framework/bfc_allocator.cc:1095] InUse at 7fd26ce00900 of size 256 next 4
2025-06-14 15:53:06.593883: I external/local_tsl/tsl/framework/bfc_allocator.cc:1095] InUse at 7fd26ce00a00 of size 256 next 7
2025-06-14 15:53:06.594371: I external/local_tsl/tsl/framework/bfc_allocator.cc:1095] InUse at 7fd26ce00b00 of size 256 next 10
2025-06-14 15:53:06.594841: I external/local_tsl/tsl/framework/bfc_allocator.cc:1095] InUse at 7fd26ce00c00 of size 256 next 277
2025-06-14 15:53:06.595260: I external/local_tsl/tsl/framework/bfc_allocator.cc:1095] InUse at 7fd26ce00d00 of size 256 next 12
2025-06-14 15:53:06.595684: I external/local_tsl/tsl/framework/bfc_allocator.cc:1095] InUse at 7fd26ce00e00 of size 256 next 13
2025-06-14 15:53:06.596138: I external/local_tsl/tsl/framework/bfc_allocator.cc:1095] InUse at 7fd26ce00f00 of size 256 next 14
2025-06-14 15:53:06.596569: I external/local_tsl/tsl/framework/bfc_allocator.cc:1095] InUse at 7fd26ce01000 of size 256 next 17
2025-06-14 15:53:06.597004: I external/local_tsl/tsl/framework/bfc_allocator.cc:1095] InUse at 7fd26ce01100 of size 256 next 15
2025-06-14 15:53:06.597433: I external/local_tsl/tsl/framework/bfc_allocator.cc:1095] InUse at 7fd26ce01200 of size 256 next 16
2025-06-14 15:53:06.597852: I external/local_tsl/tsl/framework/bfc_allocator.cc:1095] InUse at 7fd26ce01300 of size 256 next 285
2025-06-14 15:53:06.598307: I external/local_tsl/tsl/framework/bfc_allocator.cc:1095] InUse at 7fd26ce01400 of size 256 next 21
2025-06-14 15:53:06.598748: I external/local_tsl/tsl/framework/bfc_allocator.cc:1095] InUse at 7fd26ce01500 of size 256 next 22
2025-06-14 15:53:06.599154: I external/local_tsl/tsl/framework/bfc_allocator.cc:1095] InUse at 7fd26ce01600 of size 256 next 23
2025-06-14 15:53:06.599624: I external/local_tsl/tsl/framework/bfc_allocator.cc:1095] InUse at 7fd26ce01700 of size 256 next 24
2025-06-14 15:53:06.600063: I external/local_tsl/tsl/framework/bfc_allocator.cc:1095] InUse at 7fd26ce01800 of size 256 next 25
2025-06-14 15:53:06.600550: I external/local_tsl/tsl/framework/bfc_allocator.cc:1095] InUse at 7fd26ce01900 of size 256 next 28
2025-06-14 15:53:06.600994: I external/local_tsl/tsl/framework/bfc_allocator.cc:1095] InUse at 7fd26ce01a00 of size 256 next 289
2025-06-14 15:53:06.601431: I external/local_tsl/tsl/framework/bfc_allocator.cc:1095] InUse at 7fd26ce01b00 of size 256 next 30
2025-06-14 15:53:06.601864: I external/local_tsl/tsl/framework/bfc_allocator.cc:1095] InUse at 7fd26ce01c00 of size 256 next 31
2025-06-14 15:53:06.602319: I external/local_tsl/tsl/framework/bfc_allocator.cc:1095] InUse at 7fd26ce01d00 of size 256 next 32
2025-06-14 15:53:06.602752: I external/local_tsl/tsl/framework/bfc_allocator.cc:1095] InUse at 7fd26ce01e00 of size 256 next 35
2025-06-14 15:53:06.603210: I external/local_tsl/tsl/framework/bfc_allocator.cc:1095] InUse at 7fd26ce01f00 of size 256 next 33
2025-06-14 15:53:06.603715: I external/local_tsl/tsl/framework/bfc_allocator.cc:1095] InUse at 7fd26ce02000 of size 256 next 34
2025-06-14 15:53:06.604234: I external/local_tsl/tsl/framework/bfc_allocator.cc:1095] InUse at 7fd26ce02100 of size 512 next 39
2025-06-14 15:53:06.604678: I external/local_tsl/tsl/framework/bfc_allocator.cc:1095] InUse at 7fd26ce02300 of size 256 next 40
2025-06-14 15:53:06.605133: I external/local_tsl/tsl/framework/bfc_allocator.cc:1095] InUse at 7fd26ce02400 of size 256 next 41
2025-06-14 15:53:06.605594: I external/local_tsl/tsl/framework/bfc_allocator.cc:1095] InUse at 7fd26ce02500 of size 256 next 8
2025-06-14 15:53:06.606075: I external/local_tsl/tsl/framework/bfc_allocator.cc:1095] InUse at 7fd26ce02600 of size 3584 next 9
2025-06-14 15:53:06.606517: I external/local_tsl/tsl/framework/bfc_allocator.cc:1095] InUse at 7fd26ce03400 of size 512 next 42
2025-06-14 15:53:06.606934: I external/local_tsl/tsl/framework/bfc_allocator.cc:1095] InUse at 7fd26ce03600 of size 512 next 45
2025-06-14 15:53:06.607333: I external/local_tsl/tsl/framework/bfc_allocator.cc:1095] InUse at 7fd26ce03800 of size 512 next 46
2025-06-14 15:53:06.607768: I external/local_tsl/tsl/framework/bfc_allocator.cc:1095] InUse at 7fd26ce03a00 of size 512 next 297
2025-06-14 15:53:06.608236: I external/local_tsl/tsl/framework/bfc_allocator.cc:1095] InUse at 7fd26ce03c00 of size 512 next 48
2025-06-14 15:53:06.608683: I external/local_tsl/tsl/framework/bfc_allocator.cc:1095] InUse at 7fd26ce03e00 of size 256 next 49
2025-06-14 15:53:06.609163: I external/local_tsl/tsl/framework/bfc_allocator.cc:1095] InUse at 7fd26ce03f00 of size 512 next 50
2025-06-14 15:53:06.609743: I external/local_tsl/tsl/framework/bfc_allocator.cc:1095] InUse at 7fd26ce04100 of size 512 next 51
2025-06-14 15:53:06.610235: I external/local_tsl/tsl/framework/bfc_allocator.cc:1095] InUse at 7fd26ce04300 of size 512 next 55
2025-06-14 15:53:06.610670: I external/local_tsl/tsl/framework/bfc_allocator.cc:1095] InUse at 7fd26ce04500 of size 1024 next 57
2025-06-14 15:53:06.611098: I external/local_tsl/tsl/framework/bfc_allocator.cc:1095] InUse at 7fd26ce04900 of size 256 next 58
2025-06-14 15:53:06.611585: I external/local_tsl/tsl/framework/bfc_allocator.cc:1095] InUse at 7fd26ce04a00 of size 256 next 59
2025-06-14 15:53:06.612019: I external/local_tsl/tsl/framework/bfc_allocator.cc:1095] InUse at 7fd26ce04b00 of size 1024 next 60
2025-06-14 15:53:06.612477: I external/local_tsl/tsl/framework/bfc_allocator.cc:1095] InUse at 7fd26ce04f00 of size 1024 next 61
2025-06-14 15:53:06.612984: I external/local_tsl/tsl/framework/bfc_allocator.cc:1095] InUse at 7fd26ce05300 of size 1024 next 65
2025-06-14 15:53:06.613548: I external/local_tsl/tsl/framework/bfc_allocator.cc:1095] InUse at 7fd26ce05700 of size 1024 next 308
2025-06-14 15:53:06.613979: I external/local_tsl/tsl/framework/bfc_allocator.cc:1095] InUse at 7fd26ce05b00 of size 1024 next 67
2025-06-14 15:53:06.614432: I external/local_tsl/tsl/framework/bfc_allocator.cc:1095] InUse at 7fd26ce05f00 of size 256 next 68
2025-06-14 15:53:06.614865: I external/local_tsl/tsl/framework/bfc_allocator.cc:1095] InUse at 7fd26ce06000 of size 256 next 69
2025-06-14 15:53:06.615309: I external/local_tsl/tsl/framework/bfc_allocator.cc:1095] InUse at 7fd26ce06100 of size 1024 next 70
2025-06-14 15:53:06.615796: I external/local_tsl/tsl/framework/bfc_allocator.cc:1095] InUse at 7fd26ce06500 of size 1024 next 71
2025-06-14 15:53:06.616212: I external/local_tsl/tsl/framework/bfc_allocator.cc:1095] InUse at 7fd26ce06900 of size 1024 next 75
2025-06-14 15:53:06.616641: I external/local_tsl/tsl/framework/bfc_allocator.cc:1095] InUse at 7fd26ce06d00 of size 512 next 313
2025-06-14 15:53:06.617095: I external/local_tsl/tsl/framework/bfc_allocator.cc:1095] InUse at 7fd26ce06f00 of size 512 next 314
2025-06-14 15:53:06.617512: I external/local_tsl/tsl/framework/bfc_allocator.cc:1095] InUse at 7fd26ce07100 of size 512 next 315
2025-06-14 15:53:06.617979: I external/local_tsl/tsl/framework/bfc_allocator.cc:1095] InUse at 7fd26ce07300 of size 512 next 77
2025-06-14 15:53:06.618460: I external/local_tsl/tsl/framework/bfc_allocator.cc:1095] InUse at 7fd26ce07500 of size 256 next 78
2025-06-14 15:53:06.618929: I external/local_tsl/tsl/framework/bfc_allocator.cc:1095] InUse at 7fd26ce07600 of size 256 next 79
2025-06-14 15:53:06.619363: I external/local_tsl/tsl/framework/bfc_allocator.cc:1095] InUse at 7fd26ce07700 of size 512 next 80
2025-06-14 15:53:06.619822: I external/local_tsl/tsl/framework/bfc_allocator.cc:1095] InUse at 7fd26ce07900 of size 512 next 81
2025-06-14 15:53:06.620275: I external/local_tsl/tsl/framework/bfc_allocator.cc:1095] InUse at 7fd26ce07b00 of size 512 next 82
2025-06-14 15:53:06.620732: I external/local_tsl/tsl/framework/bfc_allocator.cc:1095] InUse at 7fd26ce07d00 of size 512 next 84
2025-06-14 15:53:06.621167: I external/local_tsl/tsl/framework/bfc_allocator.cc:1095] InUse at 7fd26ce07f00 of size 512 next 316
2025-06-14 15:53:06.621621: I external/local_tsl/tsl/framework/bfc_allocator.cc:1095] InUse at 7fd26ce08100 of size 512 next 86
2025-06-14 15:53:06.622075: I external/local_tsl/tsl/framework/bfc_allocator.cc:1095] InUse at 7fd26ce08300 of size 512 next 87
2025-06-14 15:53:06.622563: I external/local_tsl/tsl/framework/bfc_allocator.cc:1095] InUse at 7fd26ce08500 of size 512 next 88
2025-06-14 15:53:06.623006: I external/local_tsl/tsl/framework/bfc_allocator.cc:1095] InUse at 7fd26ce08700 of size 512 next 89
2025-06-14 15:53:06.623470: I external/local_tsl/tsl/framework/bfc_allocator.cc:1095] InUse at 7fd26ce08900 of size 256 next 321
2025-06-14 15:53:06.623919: I external/local_tsl/tsl/framework/bfc_allocator.cc:1095] InUse at 7fd26ce08a00 of size 256 next 323
2025-06-14 15:53:06.624381: I external/local_tsl/tsl/framework/bfc_allocator.cc:1095] InUse at 7fd26ce08b00 of size 256 next 324
2025-06-14 15:53:06.624805: I external/local_tsl/tsl/framework/bfc_allocator.cc:1095] InUse at 7fd26ce08c00 of size 256 next 92
2025-06-14 15:53:06.625245: I external/local_tsl/tsl/framework/bfc_allocator.cc:1095] InUse at 7fd26ce08d00 of size 256 next 93
2025-06-14 15:53:06.625709: I external/local_tsl/tsl/framework/bfc_allocator.cc:1095] InUse at 7fd26ce08e00 of size 256 next 94
2025-06-14 15:53:06.626158: I external/local_tsl/tsl/framework/bfc_allocator.cc:1095] InUse at 7fd26ce08f00 of size 256 next 97
2025-06-14 15:53:06.626574: I external/local_tsl/tsl/framework/bfc_allocator.cc:1095] InUse at 7fd26ce09000 of size 256 next 95
2025-06-14 15:53:06.626997: I external/local_tsl/tsl/framework/bfc_allocator.cc:1095] InUse at 7fd26ce09100 of size 256 next 96
2025-06-14 15:53:06.627451: I external/local_tsl/tsl/framework/bfc_allocator.cc:1095] InUse at 7fd26ce09200 of size 256 next 98
2025-06-14 15:53:06.627887: I external/local_tsl/tsl/framework/bfc_allocator.cc:1095] InUse at 7fd26ce09300 of size 256 next 101
2025-06-14 15:53:06.628315: I external/local_tsl/tsl/framework/bfc_allocator.cc:1095] InUse at 7fd26ce09400 of size 256 next 102
2025-06-14 15:53:06.628825: I external/local_tsl/tsl/framework/bfc_allocator.cc:1095] InUse at 7fd26ce09500 of size 256 next 103
2025-06-14 15:53:06.629302: I external/local_tsl/tsl/framework/bfc_allocator.cc:1095] InUse at 7fd26ce09600 of size 256 next 104
2025-06-14 15:53:06.629833: I external/local_tsl/tsl/framework/bfc_allocator.cc:1095] InUse at 7fd26ce09700 of size 256 next 105
2025-06-14 15:53:06.630310: I external/local_tsl/tsl/framework/bfc_allocator.cc:1095] Free  at 7fd26ce09800 of size 512 next 108
2025-06-14 15:53:06.630745: I external/local_tsl/tsl/framework/bfc_allocator.cc:1095] InUse at 7fd26ce09a00 of size 256 next 109
2025-06-14 15:53:06.631164: I external/local_tsl/tsl/framework/bfc_allocator.cc:1095] InUse at 7fd26ce09b00 of size 256 next 110
2025-06-14 15:53:06.631609: I external/local_tsl/tsl/framework/bfc_allocator.cc:1095] InUse at 7fd26ce09c00 of size 256 next 146
2025-06-14 15:53:06.632026: I external/local_tsl/tsl/framework/bfc_allocator.cc:1095] InUse at 7fd26ce09d00 of size 256 next 147
2025-06-14 15:53:06.632497: I external/local_tsl/tsl/framework/bfc_allocator.cc:1095] InUse at 7fd26ce09e00 of size 256 next 148
2025-06-14 15:53:06.632970: I external/local_tsl/tsl/framework/bfc_allocator.cc:1095] InUse at 7fd26ce09f00 of size 256 next 149
2025-06-14 15:53:06.633423: I external/local_tsl/tsl/framework/bfc_allocator.cc:1095] InUse at 7fd26ce0a000 of size 256 next 150
2025-06-14 15:53:06.633864: I external/local_tsl/tsl/framework/bfc_allocator.cc:1095] InUse at 7fd26ce0a100 of size 256 next 151
2025-06-14 15:53:06.634306: I external/local_tsl/tsl/framework/bfc_allocator.cc:1095] InUse at 7fd26ce0a200 of size 256 next 153
2025-06-14 15:53:06.634762: I external/local_tsl/tsl/framework/bfc_allocator.cc:1095] InUse at 7fd26ce0a300 of size 256 next 154
2025-06-14 15:53:06.635192: I external/local_tsl/tsl/framework/bfc_allocator.cc:1095] InUse at 7fd26ce0a400 of size 256 next 155
2025-06-14 15:53:06.635651: I external/local_tsl/tsl/framework/bfc_allocator.cc:1095] InUse at 7fd26ce0a500 of size 256 next 156
2025-06-14 15:53:06.636083: I external/local_tsl/tsl/framework/bfc_allocator.cc:1095] InUse at 7fd26ce0a600 of size 256 next 157
2025-06-14 15:53:06.636545: I external/local_tsl/tsl/framework/bfc_allocator.cc:1095] InUse at 7fd26ce0a700 of size 256 next 158
2025-06-14 15:53:06.636964: I external/local_tsl/tsl/framework/bfc_allocator.cc:1095] InUse at 7fd26ce0a800 of size 256 next 160
2025-06-14 15:53:06.637419: I external/local_tsl/tsl/framework/bfc_allocator.cc:1095] InUse at 7fd26ce0a900 of size 256 next 161
2025-06-14 15:53:06.637854: I external/local_tsl/tsl/framework/bfc_allocator.cc:1095] InUse at 7fd26ce0aa00 of size 256 next 162
2025-06-14 15:53:06.638356: I external/local_tsl/tsl/framework/bfc_allocator.cc:1095] InUse at 7fd26ce0ab00 of size 256 next 163
2025-06-14 15:53:06.638838: I external/local_tsl/tsl/framework/bfc_allocator.cc:1095] InUse at 7fd26ce0ac00 of size 256 next 164
2025-06-14 15:53:06.639301: I external/local_tsl/tsl/framework/bfc_allocator.cc:1095] InUse at 7fd26ce0ad00 of size 256 next 165
2025-06-14 15:53:06.639766: I external/local_tsl/tsl/framework/bfc_allocator.cc:1095] InUse at 7fd26ce0ae00 of size 512 next 167
2025-06-14 15:53:06.640183: I external/local_tsl/tsl/framework/bfc_allocator.cc:1095] InUse at 7fd26ce0b000 of size 512 next 168
2025-06-14 15:53:06.640641: I external/local_tsl/tsl/framework/bfc_allocator.cc:1095] InUse at 7fd26ce0b200 of size 512 next 169
2025-06-14 15:53:06.641085: I external/local_tsl/tsl/framework/bfc_allocator.cc:1095] InUse at 7fd26ce0b400 of size 512 next 170
2025-06-14 15:53:06.641548: I external/local_tsl/tsl/framework/bfc_allocator.cc:1095] InUse at 7fd26ce0b600 of size 512 next 171
2025-06-14 15:53:06.642084: I external/local_tsl/tsl/framework/bfc_allocator.cc:1095] InUse at 7fd26ce0b800 of size 512 next 172
2025-06-14 15:53:06.642623: I external/local_tsl/tsl/framework/bfc_allocator.cc:1095] InUse at 7fd26ce0ba00 of size 512 next 174
2025-06-14 15:53:06.643057: I external/local_tsl/tsl/framework/bfc_allocator.cc:1095] InUse at 7fd26ce0bc00 of size 512 next 175
2025-06-14 15:53:06.643509: I external/local_tsl/tsl/framework/bfc_allocator.cc:1095] InUse at 7fd26ce0be00 of size 512 next 176
2025-06-14 15:53:06.643977: I external/local_tsl/tsl/framework/bfc_allocator.cc:1095] InUse at 7fd26ce0c000 of size 512 next 177
2025-06-14 15:53:06.644391: I external/local_tsl/tsl/framework/bfc_allocator.cc:1095] InUse at 7fd26ce0c200 of size 512 next 178
2025-06-14 15:53:06.644876: I external/local_tsl/tsl/framework/bfc_allocator.cc:1095] InUse at 7fd26ce0c400 of size 512 next 179
2025-06-14 15:53:06.645318: I external/local_tsl/tsl/framework/bfc_allocator.cc:1095] InUse at 7fd26ce0c600 of size 1024 next 181
2025-06-14 15:53:06.645784: I external/local_tsl/tsl/framework/bfc_allocator.cc:1095] InUse at 7fd26ce0ca00 of size 1024 next 182
2025-06-14 15:53:06.646220: I external/local_tsl/tsl/framework/bfc_allocator.cc:1095] InUse at 7fd26ce0ce00 of size 1024 next 183
2025-06-14 15:53:06.646678: I external/local_tsl/tsl/framework/bfc_allocator.cc:1095] InUse at 7fd26ce0d200 of size 1024 next 184
2025-06-14 15:53:06.647158: I external/local_tsl/tsl/framework/bfc_allocator.cc:1095] InUse at 7fd26ce0d600 of size 1024 next 185
2025-06-14 15:53:06.647659: I external/local_tsl/tsl/framework/bfc_allocator.cc:1095] InUse at 7fd26ce0da00 of size 1024 next 186
2025-06-14 15:53:06.648108: I external/local_tsl/tsl/framework/bfc_allocator.cc:1095] InUse at 7fd26ce0de00 of size 1024 next 188
2025-06-14 15:53:06.648520: I external/local_tsl/tsl/framework/bfc_allocator.cc:1095] InUse at 7fd26ce0e200 of size 1024 next 189
2025-06-14 15:53:06.648966: I external/local_tsl/tsl/framework/bfc_allocator.cc:1095] InUse at 7fd26ce0e600 of size 1024 next 190
2025-06-14 15:53:06.649444: I external/local_tsl/tsl/framework/bfc_allocator.cc:1095] InUse at 7fd26ce0ea00 of size 1024 next 191
2025-06-14 15:53:06.649892: I external/local_tsl/tsl/framework/bfc_allocator.cc:1095] InUse at 7fd26ce0ee00 of size 1024 next 192
2025-06-14 15:53:06.650333: I external/local_tsl/tsl/framework/bfc_allocator.cc:1095] InUse at 7fd26ce0f200 of size 1024 next 193
2025-06-14 15:53:06.650782: I external/local_tsl/tsl/framework/bfc_allocator.cc:1095] InUse at 7fd26ce0f600 of size 512 next 196
2025-06-14 15:53:06.651235: I external/local_tsl/tsl/framework/bfc_allocator.cc:1095] InUse at 7fd26ce0f800 of size 512 next 197
2025-06-14 15:53:06.651693: I external/local_tsl/tsl/framework/bfc_allocator.cc:1095] InUse at 7fd26ce0fa00 of size 512 next 199
2025-06-14 15:53:06.652122: I external/local_tsl/tsl/framework/bfc_allocator.cc:1095] InUse at 7fd26ce0fc00 of size 512 next 200
2025-06-14 15:53:06.652619: I external/local_tsl/tsl/framework/bfc_allocator.cc:1095] InUse at 7fd26ce0fe00 of size 512 next 201
2025-06-14 15:53:06.653132: I external/local_tsl/tsl/framework/bfc_allocator.cc:1095] InUse at 7fd26ce10000 of size 512 next 202
2025-06-14 15:53:06.653586: I external/local_tsl/tsl/framework/bfc_allocator.cc:1095] InUse at 7fd26ce10200 of size 512 next 203
2025-06-14 15:53:06.654004: I external/local_tsl/tsl/framework/bfc_allocator.cc:1095] InUse at 7fd26ce10400 of size 512 next 204
2025-06-14 15:53:06.654419: I external/local_tsl/tsl/framework/bfc_allocator.cc:1095] InUse at 7fd26ce10600 of size 512 next 207
2025-06-14 15:53:06.654879: I external/local_tsl/tsl/framework/bfc_allocator.cc:1095] InUse at 7fd26ce10800 of size 512 next 208
2025-06-14 15:53:06.655297: I external/local_tsl/tsl/framework/bfc_allocator.cc:1095] InUse at 7fd26ce10a00 of size 512 next 209
2025-06-14 15:53:06.655716: I external/local_tsl/tsl/framework/bfc_allocator.cc:1095] InUse at 7fd26ce10c00 of size 512 next 210
2025-06-14 15:53:06.656130: I external/local_tsl/tsl/framework/bfc_allocator.cc:1095] InUse at 7fd26ce10e00 of size 512 next 211
2025-06-14 15:53:06.656637: I external/local_tsl/tsl/framework/bfc_allocator.cc:1095] InUse at 7fd26ce11000 of size 512 next 212
2025-06-14 15:53:06.657065: I external/local_tsl/tsl/framework/bfc_allocator.cc:1095] InUse at 7fd26ce11200 of size 256 next 215
2025-06-14 15:53:06.657494: I external/local_tsl/tsl/framework/bfc_allocator.cc:1095] InUse at 7fd26ce11300 of size 256 next 216
2025-06-14 15:53:06.657972: I external/local_tsl/tsl/framework/bfc_allocator.cc:1095] InUse at 7fd26ce11400 of size 256 next 219
2025-06-14 15:53:06.658429: I external/local_tsl/tsl/framework/bfc_allocator.cc:1095] InUse at 7fd26ce11500 of size 256 next 220
2025-06-14 15:53:06.658900: I external/local_tsl/tsl/framework/bfc_allocator.cc:1095] InUse at 7fd26ce11600 of size 256 next 221
2025-06-14 15:53:06.659333: I external/local_tsl/tsl/framework/bfc_allocator.cc:1095] InUse at 7fd26ce11700 of size 256 next 222
2025-06-14 15:53:06.659767: I external/local_tsl/tsl/framework/bfc_allocator.cc:1095] InUse at 7fd26ce11800 of size 256 next 223
2025-06-14 15:53:06.660212: I external/local_tsl/tsl/framework/bfc_allocator.cc:1095] InUse at 7fd26ce11900 of size 256 next 224
2025-06-14 15:53:06.660647: I external/local_tsl/tsl/framework/bfc_allocator.cc:1095] InUse at 7fd26ce11a00 of size 256 next 227
2025-06-14 15:53:06.661072: I external/local_tsl/tsl/framework/bfc_allocator.cc:1095] InUse at 7fd26ce11b00 of size 256 next 228
2025-06-14 15:53:06.661548: I external/local_tsl/tsl/framework/bfc_allocator.cc:1095] InUse at 7fd26ce11c00 of size 256 next 229
2025-06-14 15:53:06.662051: I external/local_tsl/tsl/framework/bfc_allocator.cc:1095] InUse at 7fd26ce11d00 of size 256 next 230
2025-06-14 15:53:06.662503: I external/local_tsl/tsl/framework/bfc_allocator.cc:1095] InUse at 7fd26ce11e00 of size 256 next 231
2025-06-14 15:53:06.662952: I external/local_tsl/tsl/framework/bfc_allocator.cc:1095] InUse at 7fd26ce11f00 of size 256 next 232
2025-06-14 15:53:06.663423: I external/local_tsl/tsl/framework/bfc_allocator.cc:1095] InUse at 7fd26ce12000 of size 65536 next 233
2025-06-14 15:53:06.663812: I external/local_tsl/tsl/framework/bfc_allocator.cc:1095] InUse at 7fd26ce22000 of size 95232 next 19
2025-06-14 15:53:06.664252: I external/local_tsl/tsl/framework/bfc_allocator.cc:1095] InUse at 7fd26ce39400 of size 110592 next 18
2025-06-14 15:53:06.664631: I external/local_tsl/tsl/framework/bfc_allocator.cc:1095] InUse at 7fd26ce54400 of size 65536 next 115
2025-06-14 15:53:06.664989: I external/local_tsl/tsl/framework/bfc_allocator.cc:1095] InUse at 7fd26ce64400 of size 256 next 112
2025-06-14 15:53:06.665453: I external/local_tsl/tsl/framework/bfc_allocator.cc:1095] InUse at 7fd26ce64500 of size 256 next 114
2025-06-14 15:53:06.665875: I external/local_tsl/tsl/framework/bfc_allocator.cc:1095] InUse at 7fd26ce64600 of size 256 next 113
2025-06-14 15:53:06.666348: I external/local_tsl/tsl/framework/bfc_allocator.cc:1095] InUse at 7fd26ce64700 of size 256 next 111
2025-06-14 15:53:06.666802: I external/local_tsl/tsl/framework/bfc_allocator.cc:1095] InUse at 7fd26ce64800 of size 256 next 117
2025-06-14 15:53:06.667284: I external/local_tsl/tsl/framework/bfc_allocator.cc:1095] InUse at 7fd26ce64900 of size 256 next 118
2025-06-14 15:53:06.667765: I external/local_tsl/tsl/framework/bfc_allocator.cc:1095] InUse at 7fd26ce64a00 of size 256 next 120
2025-06-14 15:53:06.668215: I external/local_tsl/tsl/framework/bfc_allocator.cc:1095] InUse at 7fd26ce64b00 of size 256 next 119
2025-06-14 15:53:06.668641: I external/local_tsl/tsl/framework/bfc_allocator.cc:1095] InUse at 7fd26ce64c00 of size 256 next 121
2025-06-14 15:53:06.669094: I external/local_tsl/tsl/framework/bfc_allocator.cc:1095] InUse at 7fd26ce64d00 of size 256 next 123
2025-06-14 15:53:06.669538: I external/local_tsl/tsl/framework/bfc_allocator.cc:1095] InUse at 7fd26ce64e00 of size 256 next 124
2025-06-14 15:53:06.669983: I external/local_tsl/tsl/framework/bfc_allocator.cc:1095] InUse at 7fd26ce64f00 of size 256 next 125
2025-06-14 15:53:06.670447: I external/local_tsl/tsl/framework/bfc_allocator.cc:1095] InUse at 7fd26ce65000 of size 256 next 126
2025-06-14 15:53:06.670963: I external/local_tsl/tsl/framework/bfc_allocator.cc:1095] InUse at 7fd26ce65100 of size 256 next 128
2025-06-14 15:53:06.671431: I external/local_tsl/tsl/framework/bfc_allocator.cc:1095] InUse at 7fd26ce65200 of size 256 next 127
2025-06-14 15:53:06.671875: I external/local_tsl/tsl/framework/bfc_allocator.cc:1095] InUse at 7fd26ce65300 of size 256 next 129
2025-06-14 15:53:06.672291: I external/local_tsl/tsl/framework/bfc_allocator.cc:1095] InUse at 7fd26ce65400 of size 256 next 130
2025-06-14 15:53:06.672765: I external/local_tsl/tsl/framework/bfc_allocator.cc:1095] InUse at 7fd26ce65500 of size 256 next 131
2025-06-14 15:53:06.673177: I external/local_tsl/tsl/framework/bfc_allocator.cc:1095] InUse at 7fd26ce65600 of size 256 next 132
2025-06-14 15:53:06.673688: I external/local_tsl/tsl/framework/bfc_allocator.cc:1095] InUse at 7fd26ce65700 of size 256 next 133
2025-06-14 15:53:06.674182: I external/local_tsl/tsl/framework/bfc_allocator.cc:1095] InUse at 7fd26ce65800 of size 256 next 137
2025-06-14 15:53:06.674721: I external/local_tsl/tsl/framework/bfc_allocator.cc:1095] InUse at 7fd26ce65900 of size 256 next 136
2025-06-14 15:53:06.675180: I external/local_tsl/tsl/framework/bfc_allocator.cc:1095] InUse at 7fd26ce65a00 of size 3584 next 138
2025-06-14 15:53:06.675587: I external/local_tsl/tsl/framework/bfc_allocator.cc:1095] InUse at 7fd26ce66800 of size 3584 next 139
2025-06-14 15:53:06.676058: I external/local_tsl/tsl/framework/bfc_allocator.cc:1095] InUse at 7fd26ce67600 of size 256 next 140
2025-06-14 15:53:06.676549: I external/local_tsl/tsl/framework/bfc_allocator.cc:1095] InUse at 7fd26ce67700 of size 256 next 141
2025-06-14 15:53:06.676993: I external/local_tsl/tsl/framework/bfc_allocator.cc:1095] InUse at 7fd26ce67800 of size 256 next 142
2025-06-14 15:53:06.677414: I external/local_tsl/tsl/framework/bfc_allocator.cc:1095] InUse at 7fd26ce67900 of size 256 next 143
2025-06-14 15:53:06.677870: I external/local_tsl/tsl/framework/bfc_allocator.cc:1095] InUse at 7fd26ce67a00 of size 256 next 144
2025-06-14 15:53:06.678348: I external/local_tsl/tsl/framework/bfc_allocator.cc:1095] InUse at 7fd26ce67b00 of size 256 next 145
2025-06-14 15:53:06.678774: I external/local_tsl/tsl/framework/bfc_allocator.cc:1095] InUse at 7fd26ce67c00 of size 141312 next 27
2025-06-14 15:53:06.679135: I external/local_tsl/tsl/framework/bfc_allocator.cc:1095] InUse at 7fd26ce8a400 of size 221184 next 26
2025-06-14 15:53:06.679575: I external/local_tsl/tsl/framework/bfc_allocator.cc:1095] InUse at 7fd26cec0400 of size 442368 next 159
2025-06-14 15:53:06.679959: I external/local_tsl/tsl/framework/bfc_allocator.cc:1095] InUse at 7fd26cf2c400 of size 867328 next 18446744073709551615
2025-06-14 15:53:06.680396: I external/local_tsl/tsl/framework/bfc_allocator.cc:1075] Next region of size 4194304
2025-06-14 15:53:06.680825: I external/local_tsl/tsl/framework/bfc_allocator.cc:1095] InUse at 7fd26d400000 of size 442368 next 37
2025-06-14 15:53:06.681314: I external/local_tsl/tsl/framework/bfc_allocator.cc:1095] InUse at 7fd26d46c000 of size 221184 next 116
2025-06-14 15:53:06.681759: I external/local_tsl/tsl/framework/bfc_allocator.cc:1095] InUse at 7fd26d4a2000 of size 110592 next 122
2025-06-14 15:53:06.682097: I external/local_tsl/tsl/framework/bfc_allocator.cc:1095] InUse at 7fd26d4bd000 of size 192512 next 99
2025-06-14 15:53:06.682485: I external/local_tsl/tsl/framework/bfc_allocator.cc:1095] InUse at 7fd26d4ec000 of size 360448 next 44
2025-06-14 15:53:06.682948: I external/local_tsl/tsl/framework/bfc_allocator.cc:1095] InUse at 7fd26d544000 of size 884736 next 43
2025-06-14 15:53:06.683269: I external/local_tsl/tsl/framework/bfc_allocator.cc:1095] InUse at 7fd26d61c000 of size 1982464 next 18446744073709551615
2025-06-14 15:53:06.683672: I external/local_tsl/tsl/framework/bfc_allocator.cc:1075] Next region of size 8388608
2025-06-14 15:53:06.684079: I external/local_tsl/tsl/framework/bfc_allocator.cc:1095] InUse at 7fd26d800000 of size 884736 next 166
2025-06-14 15:53:06.684495: I external/local_tsl/tsl/framework/bfc_allocator.cc:1095] InUse at 7fd26d8d8000 of size 884736 next 54
2025-06-14 15:53:06.684879: I external/local_tsl/tsl/framework/bfc_allocator.cc:1095] InUse at 7fd26d9b0000 of size 1769472 next 52
2025-06-14 15:53:06.685244: I external/local_tsl/tsl/framework/bfc_allocator.cc:1095] InUse at 7fd26db60000 of size 4849664 next 18446744073709551615
2025-06-14 15:53:06.685606: I external/local_tsl/tsl/framework/bfc_allocator.cc:1100]      Summary of in-use Chunks by size: 
2025-06-14 15:53:06.686111: I external/local_tsl/tsl/framework/bfc_allocator.cc:1103] 155 Chunks of size 256 totalling 38.8KiB
2025-06-14 15:53:06.686566: I external/local_tsl/tsl/framework/bfc_allocator.cc:1103] 55 Chunks of size 512 totalling 27.5KiB
2025-06-14 15:53:06.687036: I external/local_tsl/tsl/framework/bfc_allocator.cc:1103] 26 Chunks of size 1024 totalling 26.0KiB
2025-06-14 15:53:06.687470: I external/local_tsl/tsl/framework/bfc_allocator.cc:1103] 1 Chunks of size 1280 totalling 1.2KiB
2025-06-14 15:53:06.687939: I external/local_tsl/tsl/framework/bfc_allocator.cc:1103] 3 Chunks of size 3584 totalling 10.5KiB
2025-06-14 15:53:06.688366: I external/local_tsl/tsl/framework/bfc_allocator.cc:1103] 2 Chunks of size 65536 totalling 128.0KiB
2025-06-14 15:53:06.688790: I external/local_tsl/tsl/framework/bfc_allocator.cc:1103] 1 Chunks of size 95232 totalling 93.0KiB
2025-06-14 15:53:06.689198: I external/local_tsl/tsl/framework/bfc_allocator.cc:1103] 4 Chunks of size 110592 totalling 432.0KiB
2025-06-14 15:53:06.689684: I external/local_tsl/tsl/framework/bfc_allocator.cc:1103] 1 Chunks of size 141312 totalling 138.0KiB
2025-06-14 15:53:06.690132: I external/local_tsl/tsl/framework/bfc_allocator.cc:1103] 1 Chunks of size 192512 totalling 188.0KiB
2025-06-14 15:53:06.690580: I external/local_tsl/tsl/framework/bfc_allocator.cc:1103] 6 Chunks of size 221184 totalling 1.27MiB
2025-06-14 15:53:06.690996: I external/local_tsl/tsl/framework/bfc_allocator.cc:1103] 2 Chunks of size 262144 totalling 512.0KiB
2025-06-14 15:53:06.691475: I external/local_tsl/tsl/framework/bfc_allocator.cc:1103] 1 Chunks of size 360448 totalling 352.0KiB
2025-06-14 15:53:06.691943: I external/local_tsl/tsl/framework/bfc_allocator.cc:1103] 5 Chunks of size 442368 totalling 2.11MiB
2025-06-14 15:53:06.692385: I external/local_tsl/tsl/framework/bfc_allocator.cc:1103] 1 Chunks of size 867328 totalling 847.0KiB
2025-06-14 15:53:06.692845: I external/local_tsl/tsl/framework/bfc_allocator.cc:1103] 6 Chunks of size 884736 totalling 5.06MiB
2025-06-14 15:53:06.693302: I external/local_tsl/tsl/framework/bfc_allocator.cc:1103] 2 Chunks of size 1048576 totalling 2.00MiB
2025-06-14 15:53:06.693746: I external/local_tsl/tsl/framework/bfc_allocator.cc:1103] 6 Chunks of size 1769472 totalling 10.12MiB
2025-06-14 15:53:06.694162: I external/local_tsl/tsl/framework/bfc_allocator.cc:1103] 1 Chunks of size 1982464 totalling 1.89MiB
2025-06-14 15:53:06.694633: I external/local_tsl/tsl/framework/bfc_allocator.cc:1103] 4 Chunks of size 3538944 totalling 13.50MiB
2025-06-14 15:53:06.695109: I external/local_tsl/tsl/framework/bfc_allocator.cc:1103] 1 Chunks of size 4063232 totalling 3.88MiB
2025-06-14 15:53:06.695616: I external/local_tsl/tsl/framework/bfc_allocator.cc:1103] 1 Chunks of size 4849664 totalling 4.62MiB
2025-06-14 15:53:06.696213: I external/local_tsl/tsl/framework/bfc_allocator.cc:1103] 2 Chunks of size 7077888 totalling 13.50MiB
2025-06-14 15:53:06.696733: I external/local_tsl/tsl/framework/bfc_allocator.cc:1103] 1 Chunks of size 12320768 totalling 11.75MiB
2025-06-14 15:53:06.697134: I external/local_tsl/tsl/framework/bfc_allocator.cc:1103] 2 Chunks of size 15138816 totalling 28.88MiB
2025-06-14 15:53:06.697491: I external/local_tsl/tsl/framework/bfc_allocator.cc:1103] 4 Chunks of size 30277632 totalling 115.50MiB
2025-06-14 15:53:06.697897: I external/local_tsl/tsl/framework/bfc_allocator.cc:1103] 2 Chunks of size 60555264 totalling 115.50MiB
2025-06-14 15:53:06.698267: I external/local_tsl/tsl/framework/bfc_allocator.cc:1103] 1 Chunks of size 73662464 totalling 70.25MiB
2025-06-14 15:53:06.698745: I external/local_tsl/tsl/framework/bfc_allocator.cc:1103] 1 Chunks of size 116654080 totalling 111.25MiB
2025-06-14 15:53:06.699179: I external/local_tsl/tsl/framework/bfc_allocator.cc:1103] 6 Chunks of size 121110528 totalling 693.00MiB
2025-06-14 15:53:06.699610: I external/local_tsl/tsl/framework/bfc_allocator.cc:1103] 2 Chunks of size 209715200 totalling 400.00MiB
2025-06-14 15:53:06.699975: I external/local_tsl/tsl/framework/bfc_allocator.cc:1103] 3 Chunks of size 242221056 totalling 693.00MiB
2025-06-14 15:53:06.700414: I external/local_tsl/tsl/framework/bfc_allocator.cc:1103] 8 Chunks of size 484442112 totalling 3.61GiB
2025-06-14 15:53:06.700815: I external/local_tsl/tsl/framework/bfc_allocator.cc:1103] 1 Chunks of size 968884224 totalling 924.00MiB
2025-06-14 15:53:06.701191: I external/local_tsl/tsl/framework/bfc_allocator.cc:1103] 6 Chunks of size 1937768448 totalling 10.83GiB
2025-06-14 15:53:06.701610: I external/local_tsl/tsl/framework/bfc_allocator.cc:1107] Sum Total of in-use chunks: 17.58GiB
2025-06-14 15:53:06.702081: I external/local_tsl/tsl/framework/bfc_allocator.cc:1109] Total bytes in pool: 23575789568 memory_limit_: 23575789568 available bytes: 0 curr_region_allocation_bytes_: 34359738368
2025-06-14 15:53:06.702411: I external/local_tsl/tsl/framework/bfc_allocator.cc:1114] Stats: 
Limit:                     23575789568
InUse:                     18882553856
MaxInUse:                  22800760320
NumAllocs:                         912
MaxAllocSize:               4135495424
Reserved:                            0
PeakReserved:                        0
LargestFreeBlock:                    0

2025-06-14 15:53:06.702813: W external/local_tsl/tsl/framework/bfc_allocator.cc:497] ________*********________************************************_**************************************
2025-06-14 15:53:06.703191: W tensorflow/core/framework/op_kernel.cc:1839] OP_REQUIRES failed at concat_op.cc:165 : RESOURCE_EXHAUSTED: OOM when allocating tensor with shape[2,64,192,224,176] and type float on /job:localhost/replica:0/task:0/device:GPU:0 by allocator GPU_0_bfc
Traceback (most recent call last):
  File "/mnt/beegfs/hellgate/home/rb194958e/stroke_segmentation_sota/batch_wise_train.py", line 277, in <module>
    if main():
       ^^^^^^
  File "/mnt/beegfs/hellgate/home/rb194958e/stroke_segmentation_sota/batch_wise_train.py", line 256, in main
    history = model.fit(
              ^^^^^^^^^^
  File "/mnt/beegfs/hellgate/home/rb194958e/.conda/envs/tf215_env/lib/python3.11/site-packages/keras/src/utils/traceback_utils.py", line 70, in error_handler
    raise e.with_traceback(filtered_tb) from None
  File "/mnt/beegfs/hellgate/home/rb194958e/.conda/envs/tf215_env/lib/python3.11/site-packages/tensorflow/python/eager/execute.py", line 53, in quick_execute
    tensors = pywrap_tfe.TFE_Py_Execute(ctx._handle, device_name, op_name,
  ^^^^^^^^^^^^^^^^^^^^^^^^^^^^^^^^^^^^^^^^^^^^^^^^^^^^^^^^^^^^^^^^^^^^^^^^
tensorflow.python.framework.errors_impl.ResourceExhaustedError: Graph execution error:

Detected at node model/concatenate_2/concat defined at (most recent call last):
  File "/mnt/beegfs/hellgate/home/rb194958e/stroke_segmentation_sota/batch_wise_train.py", line 277, in <module>

  File "/mnt/beegfs/hellgate/home/rb194958e/stroke_segmentation_sota/batch_wise_train.py", line 256, in main

  File "/mnt/beegfs/hellgate/home/rb194958e/.conda/envs/tf215_env/lib/python3.11/site-packages/keras/src/utils/traceback_utils.py", line 65, in error_handler

  File "/mnt/beegfs/hellgate/home/rb194958e/.conda/envs/tf215_env/lib/python3.11/site-packages/keras/src/engine/training.py", line 1807, in fit

  File "/mnt/beegfs/hellgate/home/rb194958e/.conda/envs/tf215_env/lib/python3.11/site-packages/keras/src/engine/training.py", line 1401, in train_function

  File "/mnt/beegfs/hellgate/home/rb194958e/.conda/envs/tf215_env/lib/python3.11/site-packages/keras/src/engine/training.py", line 1384, in step_function

  File "/mnt/beegfs/hellgate/home/rb194958e/.conda/envs/tf215_env/lib/python3.11/site-packages/keras/src/engine/training.py", line 1373, in run_step

  File "/mnt/beegfs/hellgate/home/rb194958e/.conda/envs/tf215_env/lib/python3.11/site-packages/keras/src/engine/training.py", line 1150, in train_step

  File "/mnt/beegfs/hellgate/home/rb194958e/.conda/envs/tf215_env/lib/python3.11/site-packages/keras/src/utils/traceback_utils.py", line 65, in error_handler

  File "/mnt/beegfs/hellgate/home/rb194958e/.conda/envs/tf215_env/lib/python3.11/site-packages/keras/src/engine/training.py", line 590, in __call__

  File "/mnt/beegfs/hellgate/home/rb194958e/.conda/envs/tf215_env/lib/python3.11/site-packages/keras/src/utils/traceback_utils.py", line 65, in error_handler

  File "/mnt/beegfs/hellgate/home/rb194958e/.conda/envs/tf215_env/lib/python3.11/site-packages/keras/src/engine/base_layer.py", line 1149, in __call__

  File "/mnt/beegfs/hellgate/home/rb194958e/.conda/envs/tf215_env/lib/python3.11/site-packages/keras/src/utils/traceback_utils.py", line 96, in error_handler

  File "/mnt/beegfs/hellgate/home/rb194958e/.conda/envs/tf215_env/lib/python3.11/site-packages/keras/src/engine/functional.py", line 515, in call

  File "/mnt/beegfs/hellgate/home/rb194958e/.conda/envs/tf215_env/lib/python3.11/site-packages/keras/src/engine/functional.py", line 672, in _run_internal_graph

  File "/mnt/beegfs/hellgate/home/rb194958e/.conda/envs/tf215_env/lib/python3.11/site-packages/keras/src/utils/traceback_utils.py", line 65, in error_handler

  File "/mnt/beegfs/hellgate/home/rb194958e/.conda/envs/tf215_env/lib/python3.11/site-packages/keras/src/engine/base_layer.py", line 1149, in __call__

  File "/mnt/beegfs/hellgate/home/rb194958e/.conda/envs/tf215_env/lib/python3.11/site-packages/keras/src/utils/traceback_utils.py", line 96, in error_handler

  File "/mnt/beegfs/hellgate/home/rb194958e/.conda/envs/tf215_env/lib/python3.11/site-packages/keras/src/layers/merging/base_merge.py", line 196, in call

  File "/mnt/beegfs/hellgate/home/rb194958e/.conda/envs/tf215_env/lib/python3.11/site-packages/keras/src/layers/merging/concatenate.py", line 134, in _merge_function

  File "/mnt/beegfs/hellgate/home/rb194958e/.conda/envs/tf215_env/lib/python3.11/site-packages/keras/src/backend.py", line 3580, in concatenate

OOM when allocating tensor with shape[2,64,192,224,176] and type float on /job:localhost/replica:0/task:0/device:GPU:0 by allocator GPU_0_bfc
	 [[{{node model/concatenate_2/concat}}]]
Hint: If you want to see a list of allocated tensors when OOM happens, add report_tensor_allocations_upon_oom to RunOptions for current allocation info. This isn't available when running in Eager mode.
 [Op:__inference_train_function_7309]
2025-06-14 15:53:06.858126: W tensorflow/core/kernels/data/generator_dataset_op.cc:108] Error occurred when finalizing GeneratorDataset iterator: FAILED_PRECONDITION: Python interpreter state is not initialized. The process may be terminated.
	 [[{{node PyFunc}}]]
/var/spool/slurmd/job1123845/slurm_script: line 320: EOF: command not found
/var/spool/slurmd/job1123845/slurm_script: line 330: unexpected EOF while looking for matching ``'
/var/spool/slurmd/job1123845/slurm_script: line 339: syntax error: unexpected end of file
