2025-06-15 00:41:16.050383: I tensorflow/core/util/port.cc:113] oneDNN custom operations are on. You may see slightly different numerical results due to floating-point round-off errors from different computation orders. To turn them off, set the environment variable `TF_ENABLE_ONEDNN_OPTS=0`.
2025-06-15 00:41:16.796258: E external/local_xla/xla/stream_executor/cuda/cuda_dnn.cc:9261] Unable to register cuDNN factory: Attempting to register factory for plugin cuDNN when one has already been registered
2025-06-15 00:41:16.796897: E external/local_xla/xla/stream_executor/cuda/cuda_fft.cc:607] Unable to register cuFFT factory: Attempting to register factory for plugin cuFFT when one has already been registered
2025-06-15 00:41:16.913094: E external/local_xla/xla/stream_executor/cuda/cuda_blas.cc:1515] Unable to register cuBLAS factory: Attempting to register factory for plugin cuBLAS when one has already been registered
2025-06-15 00:41:17.167680: I tensorflow/core/platform/cpu_feature_guard.cc:182] This TensorFlow binary is optimized to use available CPU instructions in performance-critical operations.
To enable the following instructions: AVX2 AVX512F AVX512_VNNI FMA, in other operations, rebuild TensorFlow with the appropriate compiler flags.
2025-06-15 00:41:23.861212: W tensorflow/compiler/tf2tensorrt/utils/py_utils.cc:38] TF-TRT Warning: Could not find TensorRT
INFO:__main__:🚀 Starting Stroke Lesion Segmentation Training
INFO:__main__:Using 1 GPU(s)
INFO:__main__:Creating data generators...
INFO:__main__:Found 655 valid image/mask pairs
INFO:__main__:Found 655 valid image/mask pairs
INFO:__main__:Training batches: 262
INFO:__main__:Validation batches: 65
INFO:__main__:Building model...
2025-06-15 00:41:38.369231: I tensorflow/core/common_runtime/gpu/gpu_device.cc:1929] Created device /job:localhost/replica:0/task:0/device:GPU:0 with 22483 MB memory:  -> device: 0, name: NVIDIA RTX 4500 Ada Generation, pci bus id: 0000:1c:00.0, compute capability: 8.9
INFO:__main__:Model parameters: 5,605,345
INFO:__main__:Starting training...
pixdim[0] (qfac) should be 1 (default) or -1; setting qfac to 1
INFO:nibabel.global:pixdim[0] (qfac) should be 1 (default) or -1; setting qfac to 1
pixdim[0] (qfac) should be 1 (default) or -1; setting qfac to 1
INFO:nibabel.global:pixdim[0] (qfac) should be 1 (default) or -1; setting qfac to 1
pixdim[0] (qfac) should be 1 (default) or -1; setting qfac to 1
INFO:nibabel.global:pixdim[0] (qfac) should be 1 (default) or -1; setting qfac to 1
pixdim[0] (qfac) should be 1 (default) or -1; setting qfac to 1
INFO:nibabel.global:pixdim[0] (qfac) should be 1 (default) or -1; setting qfac to 1
2025-06-15 00:41:46.147669: I external/local_xla/xla/stream_executor/cuda/cuda_dnn.cc:454] Loaded cuDNN version 8907
pixdim[0] (qfac) should be 1 (default) or -1; setting qfac to 1
INFO:nibabel.global:pixdim[0] (qfac) should be 1 (default) or -1; setting qfac to 1
pixdim[0] (qfac) should be 1 (default) or -1; setting qfac to 1
INFO:nibabel.global:pixdim[0] (qfac) should be 1 (default) or -1; setting qfac to 1
pixdim[0] (qfac) should be 1 (default) or -1; setting qfac to 1
INFO:nibabel.global:pixdim[0] (qfac) should be 1 (default) or -1; setting qfac to 1
pixdim[0] (qfac) should be 1 (default) or -1; setting qfac to 1
INFO:nibabel.global:pixdim[0] (qfac) should be 1 (default) or -1; setting qfac to 1
2025-06-15 00:42:02.602891: W external/local_tsl/tsl/framework/bfc_allocator.cc:296] Allocator (GPU_0_bfc) ran out of memory trying to allocate 2.27GiB with freed_by_count=0. The caller indicates that this is not a failure, but this may mean that there could be performance gains if more memory were available.
2025-06-15 00:42:02.704328: W external/local_tsl/tsl/framework/bfc_allocator.cc:296] Allocator (GPU_0_bfc) ran out of memory trying to allocate 2.30GiB with freed_by_count=0. The caller indicates that this is not a failure, but this may mean that there could be performance gains if more memory were available.
2025-06-15 00:42:02.705428: W external/local_tsl/tsl/framework/bfc_allocator.cc:296] Allocator (GPU_0_bfc) ran out of memory trying to allocate 2.27GiB with freed_by_count=0. The caller indicates that this is not a failure, but this may mean that there could be performance gains if more memory were available.
2025-06-15 00:42:03.327989: W external/local_tsl/tsl/framework/bfc_allocator.cc:296] Allocator (GPU_0_bfc) ran out of memory trying to allocate 2.27GiB with freed_by_count=0. The caller indicates that this is not a failure, but this may mean that there could be performance gains if more memory were available.
2025-06-15 00:42:03.381542: W external/local_tsl/tsl/framework/bfc_allocator.cc:296] Allocator (GPU_0_bfc) ran out of memory trying to allocate 2.30GiB with freed_by_count=0. The caller indicates that this is not a failure, but this may mean that there could be performance gains if more memory were available.
2025-06-15 00:42:03.382650: W external/local_tsl/tsl/framework/bfc_allocator.cc:296] Allocator (GPU_0_bfc) ran out of memory trying to allocate 2.27GiB with freed_by_count=0. The caller indicates that this is not a failure, but this may mean that there could be performance gains if more memory were available.
2025-06-15 00:42:14.004977: W external/local_tsl/tsl/framework/bfc_allocator.cc:485] Allocator (GPU_0_bfc) ran out of memory trying to allocate 3.61GiB (rounded to 3875536896)requested by op model/concatenate_2/concat
If the cause is memory fragmentation maybe the environment variable 'TF_GPU_ALLOCATOR=cuda_malloc_async' will improve the situation. 
Current allocation summary follows.
Current allocation summary follows.
2025-06-15 00:42:14.006166: I external/local_tsl/tsl/framework/bfc_allocator.cc:1039] BFCAllocator dump for GPU_0_bfc
2025-06-15 00:42:14.006879: I external/local_tsl/tsl/framework/bfc_allocator.cc:1046] Bin (256): 	Total Chunks: 155, Chunks in use: 155. 38.8KiB allocated for chunks. 38.8KiB in use in bin. 20.7KiB client-requested in use in bin.
2025-06-15 00:42:14.007414: I external/local_tsl/tsl/framework/bfc_allocator.cc:1046] Bin (512): 	Total Chunks: 56, Chunks in use: 55. 28.2KiB allocated for chunks. 27.8KiB in use in bin. 27.5KiB client-requested in use in bin.
2025-06-15 00:42:14.007857: I external/local_tsl/tsl/framework/bfc_allocator.cc:1046] Bin (1024): 	Total Chunks: 27, Chunks in use: 27. 27.2KiB allocated for chunks. 27.2KiB in use in bin. 27.0KiB client-requested in use in bin.
2025-06-15 00:42:14.008259: I external/local_tsl/tsl/framework/bfc_allocator.cc:1046] Bin (2048): 	Total Chunks: 3, Chunks in use: 3. 10.5KiB allocated for chunks. 10.5KiB in use in bin. 10.1KiB client-requested in use in bin.
2025-06-15 00:42:14.008685: I external/local_tsl/tsl/framework/bfc_allocator.cc:1046] Bin (4096): 	Total Chunks: 0, Chunks in use: 0. 0B allocated for chunks. 0B in use in bin. 0B client-requested in use in bin.
2025-06-15 00:42:14.009094: I external/local_tsl/tsl/framework/bfc_allocator.cc:1046] Bin (8192): 	Total Chunks: 0, Chunks in use: 0. 0B allocated for chunks. 0B in use in bin. 0B client-requested in use in bin.
2025-06-15 00:42:14.009523: I external/local_tsl/tsl/framework/bfc_allocator.cc:1046] Bin (16384): 	Total Chunks: 0, Chunks in use: 0. 0B allocated for chunks. 0B in use in bin. 0B client-requested in use in bin.
2025-06-15 00:42:14.009979: I external/local_tsl/tsl/framework/bfc_allocator.cc:1046] Bin (32768): 	Total Chunks: 0, Chunks in use: 0. 0B allocated for chunks. 0B in use in bin. 0B client-requested in use in bin.
2025-06-15 00:42:14.010421: I external/local_tsl/tsl/framework/bfc_allocator.cc:1046] Bin (65536): 	Total Chunks: 7, Chunks in use: 7. 653.0KiB allocated for chunks. 653.0KiB in use in bin. 624.0KiB client-requested in use in bin.
2025-06-15 00:42:14.010807: I external/local_tsl/tsl/framework/bfc_allocator.cc:1046] Bin (131072): 	Total Chunks: 8, Chunks in use: 8. 1.58MiB allocated for chunks. 1.58MiB in use in bin. 1.48MiB client-requested in use in bin.
2025-06-15 00:42:14.011331: I external/local_tsl/tsl/framework/bfc_allocator.cc:1046] Bin (262144): 	Total Chunks: 8, Chunks in use: 8. 2.95MiB allocated for chunks. 2.95MiB in use in bin. 2.86MiB client-requested in use in bin.
2025-06-15 00:42:14.011742: I external/local_tsl/tsl/framework/bfc_allocator.cc:1046] Bin (524288): 	Total Chunks: 7, Chunks in use: 7. 5.89MiB allocated for chunks. 5.89MiB in use in bin. 5.48MiB client-requested in use in bin.
2025-06-15 00:42:14.012140: I external/local_tsl/tsl/framework/bfc_allocator.cc:1046] Bin (1048576): 	Total Chunks: 9, Chunks in use: 9. 14.02MiB allocated for chunks. 14.02MiB in use in bin. 13.12MiB client-requested in use in bin.
2025-06-15 00:42:14.012520: I external/local_tsl/tsl/framework/bfc_allocator.cc:1046] Bin (2097152): 	Total Chunks: 5, Chunks in use: 5. 17.38MiB allocated for chunks. 17.38MiB in use in bin. 16.88MiB client-requested in use in bin.
2025-06-15 00:42:14.012923: I external/local_tsl/tsl/framework/bfc_allocator.cc:1046] Bin (4194304): 	Total Chunks: 3, Chunks in use: 3. 18.12MiB allocated for chunks. 18.12MiB in use in bin. 16.88MiB client-requested in use in bin.
2025-06-15 00:42:14.013289: I external/local_tsl/tsl/framework/bfc_allocator.cc:1046] Bin (8388608): 	Total Chunks: 3, Chunks in use: 3. 40.62MiB allocated for chunks. 40.62MiB in use in bin. 35.62MiB client-requested in use in bin.
2025-06-15 00:42:14.013678: I external/local_tsl/tsl/framework/bfc_allocator.cc:1046] Bin (16777216): 	Total Chunks: 5, Chunks in use: 4. 140.19MiB allocated for chunks. 115.50MiB in use in bin. 115.50MiB client-requested in use in bin.
2025-06-15 00:42:14.014059: I external/local_tsl/tsl/framework/bfc_allocator.cc:1046] Bin (33554432): 	Total Chunks: 2, Chunks in use: 2. 115.50MiB allocated for chunks. 115.50MiB in use in bin. 115.50MiB client-requested in use in bin.
2025-06-15 00:42:14.014454: I external/local_tsl/tsl/framework/bfc_allocator.cc:1046] Bin (67108864): 	Total Chunks: 8, Chunks in use: 8. 874.50MiB allocated for chunks. 874.50MiB in use in bin. 808.50MiB client-requested in use in bin.
2025-06-15 00:42:14.014819: I external/local_tsl/tsl/framework/bfc_allocator.cc:1046] Bin (134217728): 	Total Chunks: 5, Chunks in use: 5. 1.07GiB allocated for chunks. 1.07GiB in use in bin. 924.00MiB client-requested in use in bin.
2025-06-15 00:42:14.015273: I external/local_tsl/tsl/framework/bfc_allocator.cc:1046] Bin (268435456): 	Total Chunks: 18, Chunks in use: 15. 19.69GiB allocated for chunks. 15.34GiB in use in bin. 15.34GiB client-requested in use in bin.
2025-06-15 00:42:14.015642: I external/local_tsl/tsl/framework/bfc_allocator.cc:1062] Bin for 3.61GiB was 256.00MiB, Chunk State: 
2025-06-15 00:42:14.016042: I external/local_tsl/tsl/framework/bfc_allocator.cc:1068]   Size: 453.50MiB | Requested Size: 16.00MiB | in_use: 0 | bin_num: 20, prev:   Size: 462.00MiB | Requested Size: 462.00MiB | in_use: 1 | bin_num: -1
2025-06-15 00:42:14.016415: I external/local_tsl/tsl/framework/bfc_allocator.cc:1068]   Size: 1.80GiB | Requested Size: 1.80GiB | in_use: 0 | bin_num: 20, next:   Size: 1.80GiB | Requested Size: 1.80GiB | in_use: 1 | bin_num: -1
2025-06-15 00:42:14.016814: I external/local_tsl/tsl/framework/bfc_allocator.cc:1068]   Size: 2.10GiB | Requested Size: 1.82GiB | in_use: 0 | bin_num: 20, prev:   Size: 1.80GiB | Requested Size: 1.80GiB | in_use: 1 | bin_num: -1
2025-06-15 00:42:14.017226: I external/local_tsl/tsl/framework/bfc_allocator.cc:1075] Next region of size 6129582080
2025-06-15 00:42:14.017684: I external/local_tsl/tsl/framework/bfc_allocator.cc:1095] Free  at 7fd36e000000 of size 1937768448 next 107
2025-06-15 00:42:14.018061: I external/local_tsl/tsl/framework/bfc_allocator.cc:1095] InUse at 7fd3e1800000 of size 1937768448 next 329
2025-06-15 00:42:14.018426: I external/local_tsl/tsl/framework/bfc_allocator.cc:1095] Free  at 7fd455000000 of size 2254045184 next 18446744073709551615
2025-06-15 00:42:14.018866: I external/local_tsl/tsl/framework/bfc_allocator.cc:1075] Next region of size 8589934592
2025-06-15 00:42:14.019341: I external/local_tsl/tsl/framework/bfc_allocator.cc:1095] InUse at 7fd508000000 of size 1937768448 next 282
2025-06-15 00:42:14.019726: I external/local_tsl/tsl/framework/bfc_allocator.cc:1095] InUse at 7fd57b800000 of size 242221056 next 283
2025-06-15 00:42:14.020138: I external/local_tsl/tsl/framework/bfc_allocator.cc:1095] InUse at 7fd589f00000 of size 484442112 next 284
2025-06-15 00:42:14.020551: I external/local_tsl/tsl/framework/bfc_allocator.cc:1095] InUse at 7fd5a6d00000 of size 484442112 next 285
2025-06-15 00:42:14.020942: I external/local_tsl/tsl/framework/bfc_allocator.cc:1095] InUse at 7fd5c3b00000 of size 484442112 next 29
2025-06-15 00:42:14.021363: I external/local_tsl/tsl/framework/bfc_allocator.cc:1095] InUse at 7fd5e0900000 of size 484442112 next 289
2025-06-15 00:42:14.021786: I external/local_tsl/tsl/framework/bfc_allocator.cc:1095] InUse at 7fd5fd700000 of size 484442112 next 293
2025-06-15 00:42:14.022195: I external/local_tsl/tsl/framework/bfc_allocator.cc:1095] InUse at 7fd61a500000 of size 121110528 next 47
2025-06-15 00:42:14.022628: I external/local_tsl/tsl/framework/bfc_allocator.cc:1095] InUse at 7fd621880000 of size 121110528 next 296
2025-06-15 00:42:14.023044: I external/local_tsl/tsl/framework/bfc_allocator.cc:1095] InUse at 7fd628c00000 of size 121110528 next 300
2025-06-15 00:42:14.023449: I external/local_tsl/tsl/framework/bfc_allocator.cc:1095] InUse at 7fd62ff80000 of size 30277632 next 302
2025-06-15 00:42:14.023843: I external/local_tsl/tsl/framework/bfc_allocator.cc:1095] InUse at 7fd631c60000 of size 30277632 next 303
2025-06-15 00:42:14.024252: I external/local_tsl/tsl/framework/bfc_allocator.cc:1095] InUse at 7fd633940000 of size 30277632 next 66
2025-06-15 00:42:14.024699: I external/local_tsl/tsl/framework/bfc_allocator.cc:1095] InUse at 7fd635620000 of size 30277632 next 307
2025-06-15 00:42:14.025104: I external/local_tsl/tsl/framework/bfc_allocator.cc:1095] InUse at 7fd637300000 of size 121110528 next 76
2025-06-15 00:42:14.025463: I external/local_tsl/tsl/framework/bfc_allocator.cc:1095] InUse at 7fd63e680000 of size 121110528 next 312
2025-06-15 00:42:14.025858: I external/local_tsl/tsl/framework/bfc_allocator.cc:1095] InUse at 7fd645a00000 of size 242221056 next 311
2025-06-15 00:42:14.026232: I external/local_tsl/tsl/framework/bfc_allocator.cc:1095] InUse at 7fd654100000 of size 121110528 next 85
2025-06-15 00:42:14.026580: I external/local_tsl/tsl/framework/bfc_allocator.cc:1095] InUse at 7fd65b480000 of size 484442112 next 325
2025-06-15 00:42:14.027008: I external/local_tsl/tsl/framework/bfc_allocator.cc:1095] InUse at 7fd678280000 of size 484442112 next 320
2025-06-15 00:42:14.027449: I external/local_tsl/tsl/framework/bfc_allocator.cc:1095] InUse at 7fd695080000 of size 968884224 next 319
2025-06-15 00:42:14.027868: I external/local_tsl/tsl/framework/bfc_allocator.cc:1095] InUse at 7fd6cec80000 of size 484442112 next 91
2025-06-15 00:42:14.028332: I external/local_tsl/tsl/framework/bfc_allocator.cc:1095] Free  at 7fd6eba80000 of size 475529216 next 18446744073709551615
2025-06-15 00:42:14.028774: I external/local_tsl/tsl/framework/bfc_allocator.cc:1075] Next region of size 4294967296
2025-06-15 00:42:14.029250: I external/local_tsl/tsl/framework/bfc_allocator.cc:1095] InUse at 7fd726000000 of size 1937768448 next 11
2025-06-15 00:42:14.029731: I external/local_tsl/tsl/framework/bfc_allocator.cc:1095] InUse at 7fd799800000 of size 1937768448 next 277
2025-06-15 00:42:14.030100: I external/local_tsl/tsl/framework/bfc_allocator.cc:1095] InUse at 7fd80d000000 of size 242221056 next 20
2025-06-15 00:42:14.030525: I external/local_tsl/tsl/framework/bfc_allocator.cc:1095] InUse at 7fd81b700000 of size 60555264 next 38
2025-06-15 00:42:14.030948: I external/local_tsl/tsl/framework/bfc_allocator.cc:1095] InUse at 7fd81f0c0000 of size 116654080 next 18446744073709551615
2025-06-15 00:42:14.031621: I external/local_tsl/tsl/framework/bfc_allocator.cc:1075] Next region of size 2147483648
2025-06-15 00:42:14.032120: I external/local_tsl/tsl/framework/bfc_allocator.cc:1095] InUse at 7fd852000000 of size 1937768448 next 265
2025-06-15 00:42:14.032560: I external/local_tsl/tsl/framework/bfc_allocator.cc:1095] InUse at 7fd8c5800000 of size 209715200 next 18446744073709551615
2025-06-15 00:42:14.032966: I external/local_tsl/tsl/framework/bfc_allocator.cc:1075] Next region of size 2147483648
2025-06-15 00:42:14.033498: I external/local_tsl/tsl/framework/bfc_allocator.cc:1095] InUse at 7fd8d8000000 of size 1937768448 next 267
2025-06-15 00:42:14.033980: I external/local_tsl/tsl/framework/bfc_allocator.cc:1095] InUse at 7fd94b800000 of size 209715200 next 18446744073709551615
2025-06-15 00:42:14.034401: I external/local_tsl/tsl/framework/bfc_allocator.cc:1075] Next region of size 134217728
2025-06-15 00:42:14.034901: I external/local_tsl/tsl/framework/bfc_allocator.cc:1095] InUse at 7fd9e4000000 of size 60555264 next 264
2025-06-15 00:42:14.035327: I external/local_tsl/tsl/framework/bfc_allocator.cc:1095] InUse at 7fd9e79c0000 of size 73662464 next 18446744073709551615
2025-06-15 00:42:14.035827: I external/local_tsl/tsl/framework/bfc_allocator.cc:1075] Next region of size 67108864
2025-06-15 00:42:14.036353: I external/local_tsl/tsl/framework/bfc_allocator.cc:1095] InUse at 7fd9ec000000 of size 3538944 next 198
2025-06-15 00:42:14.036868: I external/local_tsl/tsl/framework/bfc_allocator.cc:1095] InUse at 7fd9ec360000 of size 1769472 next 205
2025-06-15 00:42:14.037302: I external/local_tsl/tsl/framework/bfc_allocator.cc:1095] InUse at 7fd9ec510000 of size 1769472 next 206
2025-06-15 00:42:14.037758: I external/local_tsl/tsl/framework/bfc_allocator.cc:1095] InUse at 7fd9ec6c0000 of size 262144 next 213
2025-06-15 00:42:14.038165: I external/local_tsl/tsl/framework/bfc_allocator.cc:1095] InUse at 7fd9ec700000 of size 262144 next 214
2025-06-15 00:42:14.038646: I external/local_tsl/tsl/framework/bfc_allocator.cc:1095] InUse at 7fd9ec740000 of size 884736 next 217
2025-06-15 00:42:14.039131: I external/local_tsl/tsl/framework/bfc_allocator.cc:1095] InUse at 7fd9ec818000 of size 884736 next 218
2025-06-15 00:42:14.039612: I external/local_tsl/tsl/framework/bfc_allocator.cc:1095] InUse at 7fd9ec8f0000 of size 442368 next 225
2025-06-15 00:42:14.040074: I external/local_tsl/tsl/framework/bfc_allocator.cc:1095] InUse at 7fd9ec95c000 of size 442368 next 226
2025-06-15 00:42:14.040497: I external/local_tsl/tsl/framework/bfc_allocator.cc:1095] InUse at 7fd9ec9c8000 of size 256 next 234
2025-06-15 00:42:14.040991: I external/local_tsl/tsl/framework/bfc_allocator.cc:1095] InUse at 7fd9ec9c8100 of size 256 next 235
2025-06-15 00:42:14.041477: I external/local_tsl/tsl/framework/bfc_allocator.cc:1095] InUse at 7fd9ec9c8200 of size 221184 next 236
2025-06-15 00:42:14.041916: I external/local_tsl/tsl/framework/bfc_allocator.cc:1095] InUse at 7fd9ec9fe200 of size 221184 next 237
2025-06-15 00:42:14.042331: I external/local_tsl/tsl/framework/bfc_allocator.cc:1095] InUse at 7fd9eca34200 of size 256 next 238
2025-06-15 00:42:14.042842: I external/local_tsl/tsl/framework/bfc_allocator.cc:1095] InUse at 7fd9eca34300 of size 256 next 239
2025-06-15 00:42:14.043399: I external/local_tsl/tsl/framework/bfc_allocator.cc:1095] InUse at 7fd9eca34400 of size 256 next 240
2025-06-15 00:42:14.043984: I external/local_tsl/tsl/framework/bfc_allocator.cc:1095] InUse at 7fd9eca34500 of size 256 next 241
2025-06-15 00:42:14.044517: I external/local_tsl/tsl/framework/bfc_allocator.cc:1095] InUse at 7fd9eca34600 of size 256 next 242
2025-06-15 00:42:14.045028: I external/local_tsl/tsl/framework/bfc_allocator.cc:1095] InUse at 7fd9eca34700 of size 256 next 243
2025-06-15 00:42:14.045528: I external/local_tsl/tsl/framework/bfc_allocator.cc:1095] InUse at 7fd9eca34800 of size 110592 next 244
2025-06-15 00:42:14.045922: I external/local_tsl/tsl/framework/bfc_allocator.cc:1095] InUse at 7fd9eca4f800 of size 110592 next 245
2025-06-15 00:42:14.046297: I external/local_tsl/tsl/framework/bfc_allocator.cc:1095] InUse at 7fd9eca6a800 of size 256 next 246
2025-06-15 00:42:14.046733: I external/local_tsl/tsl/framework/bfc_allocator.cc:1095] InUse at 7fd9eca6a900 of size 256 next 247
2025-06-15 00:42:14.047157: I external/local_tsl/tsl/framework/bfc_allocator.cc:1095] InUse at 7fd9eca6aa00 of size 256 next 248
2025-06-15 00:42:14.047642: I external/local_tsl/tsl/framework/bfc_allocator.cc:1095] InUse at 7fd9eca6ab00 of size 256 next 249
2025-06-15 00:42:14.048117: I external/local_tsl/tsl/framework/bfc_allocator.cc:1095] InUse at 7fd9eca6ac00 of size 256 next 250
2025-06-15 00:42:14.048579: I external/local_tsl/tsl/framework/bfc_allocator.cc:1095] InUse at 7fd9eca6ad00 of size 256 next 251
2025-06-15 00:42:14.049099: I external/local_tsl/tsl/framework/bfc_allocator.cc:1095] InUse at 7fd9eca6ae00 of size 256 next 252
2025-06-15 00:42:14.049570: I external/local_tsl/tsl/framework/bfc_allocator.cc:1095] InUse at 7fd9eca6af00 of size 256 next 253
2025-06-15 00:42:14.050046: I external/local_tsl/tsl/framework/bfc_allocator.cc:1095] InUse at 7fd9eca6b000 of size 256 next 254
2025-06-15 00:42:14.050522: I external/local_tsl/tsl/framework/bfc_allocator.cc:1095] InUse at 7fd9eca6b100 of size 256 next 255
2025-06-15 00:42:14.050954: I external/local_tsl/tsl/framework/bfc_allocator.cc:1095] InUse at 7fd9eca6b200 of size 256 next 256
2025-06-15 00:42:14.051400: I external/local_tsl/tsl/framework/bfc_allocator.cc:1095] InUse at 7fd9eca6b300 of size 256 next 257
2025-06-15 00:42:14.051863: I external/local_tsl/tsl/framework/bfc_allocator.cc:1095] InUse at 7fd9eca6b400 of size 256 next 258
2025-06-15 00:42:14.052330: I external/local_tsl/tsl/framework/bfc_allocator.cc:1095] InUse at 7fd9eca6b500 of size 256 next 259
2025-06-15 00:42:14.052810: I external/local_tsl/tsl/framework/bfc_allocator.cc:1095] InUse at 7fd9eca6b600 of size 256 next 260
2025-06-15 00:42:14.053296: I external/local_tsl/tsl/framework/bfc_allocator.cc:1095] InUse at 7fd9eca6b700 of size 256 next 261
2025-06-15 00:42:14.053750: I external/local_tsl/tsl/framework/bfc_allocator.cc:1095] InUse at 7fd9eca6b800 of size 256 next 262
2025-06-15 00:42:14.054190: I external/local_tsl/tsl/framework/bfc_allocator.cc:1095] InUse at 7fd9eca6b900 of size 256 next 263
2025-06-15 00:42:14.054642: I external/local_tsl/tsl/framework/bfc_allocator.cc:1095] InUse at 7fd9eca6ba00 of size 256 next 272
2025-06-15 00:42:14.055104: I external/local_tsl/tsl/framework/bfc_allocator.cc:1095] InUse at 7fd9eca6bb00 of size 256 next 274
2025-06-15 00:42:14.055585: I external/local_tsl/tsl/framework/bfc_allocator.cc:1095] InUse at 7fd9eca6bc00 of size 256 next 275
2025-06-15 00:42:14.056028: I external/local_tsl/tsl/framework/bfc_allocator.cc:1095] InUse at 7fd9eca6bd00 of size 256 next 276
2025-06-15 00:42:14.056498: I external/local_tsl/tsl/framework/bfc_allocator.cc:1095] InUse at 7fd9eca6be00 of size 256 next 280
2025-06-15 00:42:14.056964: I external/local_tsl/tsl/framework/bfc_allocator.cc:1095] InUse at 7fd9eca6bf00 of size 256 next 281
2025-06-15 00:42:14.057428: I external/local_tsl/tsl/framework/bfc_allocator.cc:1095] InUse at 7fd9eca6c000 of size 256 next 287
2025-06-15 00:42:14.057902: I external/local_tsl/tsl/framework/bfc_allocator.cc:1095] InUse at 7fd9eca6c100 of size 256 next 288
2025-06-15 00:42:14.058379: I external/local_tsl/tsl/framework/bfc_allocator.cc:1095] InUse at 7fd9eca6c200 of size 256 next 291
2025-06-15 00:42:14.058855: I external/local_tsl/tsl/framework/bfc_allocator.cc:1095] InUse at 7fd9eca6c300 of size 256 next 292
2025-06-15 00:42:14.059303: I external/local_tsl/tsl/framework/bfc_allocator.cc:1095] InUse at 7fd9eca6c400 of size 512 next 294
2025-06-15 00:42:14.059769: I external/local_tsl/tsl/framework/bfc_allocator.cc:1095] InUse at 7fd9eca6c600 of size 768 next 268
2025-06-15 00:42:14.060260: I external/local_tsl/tsl/framework/bfc_allocator.cc:1095] InUse at 7fd9eca6c900 of size 256 next 269
2025-06-15 00:42:14.060727: I external/local_tsl/tsl/framework/bfc_allocator.cc:1095] InUse at 7fd9eca6ca00 of size 256 next 270
2025-06-15 00:42:14.061198: I external/local_tsl/tsl/framework/bfc_allocator.cc:1095] InUse at 7fd9eca6cb00 of size 512 next 295
2025-06-15 00:42:14.061703: I external/local_tsl/tsl/framework/bfc_allocator.cc:1095] InUse at 7fd9eca6cd00 of size 512 next 298
2025-06-15 00:42:14.062192: I external/local_tsl/tsl/framework/bfc_allocator.cc:1095] InUse at 7fd9eca6cf00 of size 512 next 299
2025-06-15 00:42:14.062696: I external/local_tsl/tsl/framework/bfc_allocator.cc:1095] InUse at 7fd9eca6d100 of size 15138816 next 56
2025-06-15 00:42:14.063165: I external/local_tsl/tsl/framework/bfc_allocator.cc:1095] InUse at 7fd9ed8dd100 of size 15138816 next 301
2025-06-15 00:42:14.063584: I external/local_tsl/tsl/framework/bfc_allocator.cc:1095] InUse at 7fd9ee74d100 of size 1024 next 304
2025-06-15 00:42:14.064081: I external/local_tsl/tsl/framework/bfc_allocator.cc:1095] InUse at 7fd9ee74d500 of size 1024 next 305
2025-06-15 00:42:14.064593: I external/local_tsl/tsl/framework/bfc_allocator.cc:1095] InUse at 7fd9ee74d900 of size 1024 next 306
2025-06-15 00:42:14.065126: I external/local_tsl/tsl/framework/bfc_allocator.cc:1095] InUse at 7fd9ee74dd00 of size 1024 next 309
2025-06-15 00:42:14.065643: I external/local_tsl/tsl/framework/bfc_allocator.cc:1095] InUse at 7fd9ee74e100 of size 1024 next 310
2025-06-15 00:42:14.066177: I external/local_tsl/tsl/framework/bfc_allocator.cc:1095] InUse at 7fd9ee74e500 of size 512 next 317
2025-06-15 00:42:14.066727: I external/local_tsl/tsl/framework/bfc_allocator.cc:1095] InUse at 7fd9ee74e700 of size 512 next 318
2025-06-15 00:42:14.067304: I external/local_tsl/tsl/framework/bfc_allocator.cc:1095] InUse at 7fd9ee74e900 of size 256 next 326
2025-06-15 00:42:14.067811: I external/local_tsl/tsl/framework/bfc_allocator.cc:1095] InUse at 7fd9ee74ea00 of size 256 next 327
2025-06-15 00:42:14.068343: I external/local_tsl/tsl/framework/bfc_allocator.cc:1095] Free  at 7fd9ee74eb00 of size 25892096 next 18446744073709551615
2025-06-15 00:42:14.068791: I external/local_tsl/tsl/framework/bfc_allocator.cc:1075] Next region of size 33554432
2025-06-15 00:42:14.069288: I external/local_tsl/tsl/framework/bfc_allocator.cc:1095] InUse at 7fda04000000 of size 3538944 next 83
2025-06-15 00:42:14.069707: I external/local_tsl/tsl/framework/bfc_allocator.cc:1095] InUse at 7fda04360000 of size 221184 next 152
2025-06-15 00:42:14.070133: I external/local_tsl/tsl/framework/bfc_allocator.cc:1095] InUse at 7fda04396000 of size 221184 next 106
2025-06-15 00:42:14.070914: I external/local_tsl/tsl/framework/bfc_allocator.cc:1095] InUse at 7fda043cc000 of size 442368 next 100
2025-06-15 00:42:14.071395: I external/local_tsl/tsl/framework/bfc_allocator.cc:1095] InUse at 7fda04438000 of size 884736 next 90
2025-06-15 00:42:14.071831: I external/local_tsl/tsl/framework/bfc_allocator.cc:1095] InUse at 7fda04510000 of size 1769472 next 74
2025-06-15 00:42:14.072245: I external/local_tsl/tsl/framework/bfc_allocator.cc:1095] InUse at 7fda046c0000 of size 7077888 next 72
2025-06-15 00:42:14.072697: I external/local_tsl/tsl/framework/bfc_allocator.cc:1095] InUse at 7fda04d80000 of size 7077888 next 187
2025-06-15 00:42:14.073153: I external/local_tsl/tsl/framework/bfc_allocator.cc:1095] InUse at 7fda05440000 of size 12320768 next 18446744073709551615
2025-06-15 00:42:14.073580: I external/local_tsl/tsl/framework/bfc_allocator.cc:1075] Next region of size 16777216
2025-06-15 00:42:14.074076: I external/local_tsl/tsl/framework/bfc_allocator.cc:1095] InUse at 7fda06000000 of size 1769472 next 173
2025-06-15 00:42:14.074510: I external/local_tsl/tsl/framework/bfc_allocator.cc:1095] InUse at 7fda061b0000 of size 1769472 next 64
2025-06-15 00:42:14.074930: I external/local_tsl/tsl/framework/bfc_allocator.cc:1095] InUse at 7fda06360000 of size 3538944 next 62
2025-06-15 00:42:14.075361: I external/local_tsl/tsl/framework/bfc_allocator.cc:1095] InUse at 7fda066c0000 of size 3538944 next 180
2025-06-15 00:42:14.075791: I external/local_tsl/tsl/framework/bfc_allocator.cc:1095] InUse at 7fda06a20000 of size 1048576 next 194
2025-06-15 00:42:14.076223: I external/local_tsl/tsl/framework/bfc_allocator.cc:1095] InUse at 7fda06b20000 of size 1048576 next 195
2025-06-15 00:42:14.076633: I external/local_tsl/tsl/framework/bfc_allocator.cc:1095] InUse at 7fda06c20000 of size 4063232 next 18446744073709551615
2025-06-15 00:42:14.077051: I external/local_tsl/tsl/framework/bfc_allocator.cc:1075] Next region of size 2097152
2025-06-15 00:42:14.077514: I external/local_tsl/tsl/framework/bfc_allocator.cc:1095] InUse at 7fda6ce00000 of size 1280 next 1
2025-06-15 00:42:14.077965: I external/local_tsl/tsl/framework/bfc_allocator.cc:1095] InUse at 7fda6ce00500 of size 256 next 2
2025-06-15 00:42:14.078494: I external/local_tsl/tsl/framework/bfc_allocator.cc:1095] InUse at 7fda6ce00600 of size 256 next 3
2025-06-15 00:42:14.078973: I external/local_tsl/tsl/framework/bfc_allocator.cc:1095] InUse at 7fda6ce00700 of size 256 next 5
2025-06-15 00:42:14.079424: I external/local_tsl/tsl/framework/bfc_allocator.cc:1095] InUse at 7fda6ce00800 of size 256 next 6
2025-06-15 00:42:14.079893: I external/local_tsl/tsl/framework/bfc_allocator.cc:1095] InUse at 7fda6ce00900 of size 256 next 4
2025-06-15 00:42:14.080354: I external/local_tsl/tsl/framework/bfc_allocator.cc:1095] InUse at 7fda6ce00a00 of size 256 next 7
2025-06-15 00:42:14.080851: I external/local_tsl/tsl/framework/bfc_allocator.cc:1095] InUse at 7fda6ce00b00 of size 256 next 10
2025-06-15 00:42:14.081314: I external/local_tsl/tsl/framework/bfc_allocator.cc:1095] InUse at 7fda6ce00c00 of size 256 next 278
2025-06-15 00:42:14.081786: I external/local_tsl/tsl/framework/bfc_allocator.cc:1095] InUse at 7fda6ce00d00 of size 256 next 12
2025-06-15 00:42:14.082240: I external/local_tsl/tsl/framework/bfc_allocator.cc:1095] InUse at 7fda6ce00e00 of size 256 next 13
2025-06-15 00:42:14.082737: I external/local_tsl/tsl/framework/bfc_allocator.cc:1095] InUse at 7fda6ce00f00 of size 256 next 14
2025-06-15 00:42:14.083217: I external/local_tsl/tsl/framework/bfc_allocator.cc:1095] InUse at 7fda6ce01000 of size 256 next 17
2025-06-15 00:42:14.083667: I external/local_tsl/tsl/framework/bfc_allocator.cc:1095] InUse at 7fda6ce01100 of size 256 next 15
2025-06-15 00:42:14.084108: I external/local_tsl/tsl/framework/bfc_allocator.cc:1095] InUse at 7fda6ce01200 of size 256 next 16
2025-06-15 00:42:14.084562: I external/local_tsl/tsl/framework/bfc_allocator.cc:1095] InUse at 7fda6ce01300 of size 256 next 286
2025-06-15 00:42:14.085031: I external/local_tsl/tsl/framework/bfc_allocator.cc:1095] InUse at 7fda6ce01400 of size 256 next 21
2025-06-15 00:42:14.085477: I external/local_tsl/tsl/framework/bfc_allocator.cc:1095] InUse at 7fda6ce01500 of size 256 next 22
2025-06-15 00:42:14.085926: I external/local_tsl/tsl/framework/bfc_allocator.cc:1095] InUse at 7fda6ce01600 of size 256 next 23
2025-06-15 00:42:14.086400: I external/local_tsl/tsl/framework/bfc_allocator.cc:1095] InUse at 7fda6ce01700 of size 256 next 24
2025-06-15 00:42:14.087016: I external/local_tsl/tsl/framework/bfc_allocator.cc:1095] InUse at 7fda6ce01800 of size 256 next 25
2025-06-15 00:42:14.087609: I external/local_tsl/tsl/framework/bfc_allocator.cc:1095] InUse at 7fda6ce01900 of size 256 next 28
2025-06-15 00:42:14.088168: I external/local_tsl/tsl/framework/bfc_allocator.cc:1095] InUse at 7fda6ce01a00 of size 256 next 290
2025-06-15 00:42:14.088642: I external/local_tsl/tsl/framework/bfc_allocator.cc:1095] InUse at 7fda6ce01b00 of size 256 next 30
2025-06-15 00:42:14.089178: I external/local_tsl/tsl/framework/bfc_allocator.cc:1095] InUse at 7fda6ce01c00 of size 256 next 31
2025-06-15 00:42:14.089659: I external/local_tsl/tsl/framework/bfc_allocator.cc:1095] InUse at 7fda6ce01d00 of size 256 next 32
2025-06-15 00:42:14.090097: I external/local_tsl/tsl/framework/bfc_allocator.cc:1095] InUse at 7fda6ce01e00 of size 256 next 35
2025-06-15 00:42:14.090532: I external/local_tsl/tsl/framework/bfc_allocator.cc:1095] InUse at 7fda6ce01f00 of size 256 next 33
2025-06-15 00:42:14.091036: I external/local_tsl/tsl/framework/bfc_allocator.cc:1095] InUse at 7fda6ce02000 of size 256 next 34
2025-06-15 00:42:14.091625: I external/local_tsl/tsl/framework/bfc_allocator.cc:1095] InUse at 7fda6ce02100 of size 512 next 39
2025-06-15 00:42:14.092146: I external/local_tsl/tsl/framework/bfc_allocator.cc:1095] InUse at 7fda6ce02300 of size 256 next 40
2025-06-15 00:42:14.092664: I external/local_tsl/tsl/framework/bfc_allocator.cc:1095] InUse at 7fda6ce02400 of size 256 next 41
2025-06-15 00:42:14.093160: I external/local_tsl/tsl/framework/bfc_allocator.cc:1095] InUse at 7fda6ce02500 of size 256 next 8
2025-06-15 00:42:14.093674: I external/local_tsl/tsl/framework/bfc_allocator.cc:1095] InUse at 7fda6ce02600 of size 3584 next 9
2025-06-15 00:42:14.094180: I external/local_tsl/tsl/framework/bfc_allocator.cc:1095] InUse at 7fda6ce03400 of size 512 next 42
2025-06-15 00:42:14.094689: I external/local_tsl/tsl/framework/bfc_allocator.cc:1095] InUse at 7fda6ce03600 of size 512 next 45
2025-06-15 00:42:14.095212: I external/local_tsl/tsl/framework/bfc_allocator.cc:1095] InUse at 7fda6ce03800 of size 512 next 46
2025-06-15 00:42:14.095760: I external/local_tsl/tsl/framework/bfc_allocator.cc:1095] InUse at 7fda6ce03a00 of size 512 next 297
2025-06-15 00:42:14.096275: I external/local_tsl/tsl/framework/bfc_allocator.cc:1095] InUse at 7fda6ce03c00 of size 512 next 48
2025-06-15 00:42:14.096810: I external/local_tsl/tsl/framework/bfc_allocator.cc:1095] InUse at 7fda6ce03e00 of size 256 next 49
2025-06-15 00:42:14.097324: I external/local_tsl/tsl/framework/bfc_allocator.cc:1095] InUse at 7fda6ce03f00 of size 512 next 50
2025-06-15 00:42:14.097887: I external/local_tsl/tsl/framework/bfc_allocator.cc:1095] InUse at 7fda6ce04100 of size 512 next 51
2025-06-15 00:42:14.098398: I external/local_tsl/tsl/framework/bfc_allocator.cc:1095] InUse at 7fda6ce04300 of size 512 next 55
2025-06-15 00:42:14.098928: I external/local_tsl/tsl/framework/bfc_allocator.cc:1095] InUse at 7fda6ce04500 of size 1024 next 57
2025-06-15 00:42:14.099458: I external/local_tsl/tsl/framework/bfc_allocator.cc:1095] InUse at 7fda6ce04900 of size 256 next 58
2025-06-15 00:42:14.099981: I external/local_tsl/tsl/framework/bfc_allocator.cc:1095] InUse at 7fda6ce04a00 of size 256 next 59
2025-06-15 00:42:14.100473: I external/local_tsl/tsl/framework/bfc_allocator.cc:1095] InUse at 7fda6ce04b00 of size 1024 next 60
2025-06-15 00:42:14.100961: I external/local_tsl/tsl/framework/bfc_allocator.cc:1095] InUse at 7fda6ce04f00 of size 1024 next 61
2025-06-15 00:42:14.101452: I external/local_tsl/tsl/framework/bfc_allocator.cc:1095] InUse at 7fda6ce05300 of size 1024 next 65
2025-06-15 00:42:14.101979: I external/local_tsl/tsl/framework/bfc_allocator.cc:1095] InUse at 7fda6ce05700 of size 1024 next 308
2025-06-15 00:42:14.102416: I external/local_tsl/tsl/framework/bfc_allocator.cc:1095] InUse at 7fda6ce05b00 of size 1024 next 67
2025-06-15 00:42:14.102909: I external/local_tsl/tsl/framework/bfc_allocator.cc:1095] InUse at 7fda6ce05f00 of size 256 next 68
2025-06-15 00:42:14.103393: I external/local_tsl/tsl/framework/bfc_allocator.cc:1095] InUse at 7fda6ce06000 of size 256 next 69
2025-06-15 00:42:14.103927: I external/local_tsl/tsl/framework/bfc_allocator.cc:1095] InUse at 7fda6ce06100 of size 1024 next 70
2025-06-15 00:42:14.104434: I external/local_tsl/tsl/framework/bfc_allocator.cc:1095] InUse at 7fda6ce06500 of size 1024 next 71
2025-06-15 00:42:14.104938: I external/local_tsl/tsl/framework/bfc_allocator.cc:1095] InUse at 7fda6ce06900 of size 1024 next 75
2025-06-15 00:42:14.105431: I external/local_tsl/tsl/framework/bfc_allocator.cc:1095] InUse at 7fda6ce06d00 of size 512 next 313
2025-06-15 00:42:14.105960: I external/local_tsl/tsl/framework/bfc_allocator.cc:1095] InUse at 7fda6ce06f00 of size 512 next 314
2025-06-15 00:42:14.106470: I external/local_tsl/tsl/framework/bfc_allocator.cc:1095] InUse at 7fda6ce07100 of size 512 next 315
2025-06-15 00:42:14.106982: I external/local_tsl/tsl/framework/bfc_allocator.cc:1095] InUse at 7fda6ce07300 of size 512 next 77
2025-06-15 00:42:14.107474: I external/local_tsl/tsl/framework/bfc_allocator.cc:1095] InUse at 7fda6ce07500 of size 256 next 78
2025-06-15 00:42:14.108018: I external/local_tsl/tsl/framework/bfc_allocator.cc:1095] InUse at 7fda6ce07600 of size 256 next 79
2025-06-15 00:42:14.108455: I external/local_tsl/tsl/framework/bfc_allocator.cc:1095] InUse at 7fda6ce07700 of size 512 next 80
2025-06-15 00:42:14.108887: I external/local_tsl/tsl/framework/bfc_allocator.cc:1095] InUse at 7fda6ce07900 of size 512 next 81
2025-06-15 00:42:14.109327: I external/local_tsl/tsl/framework/bfc_allocator.cc:1095] InUse at 7fda6ce07b00 of size 512 next 82
2025-06-15 00:42:14.109891: I external/local_tsl/tsl/framework/bfc_allocator.cc:1095] InUse at 7fda6ce07d00 of size 512 next 84
2025-06-15 00:42:14.110419: I external/local_tsl/tsl/framework/bfc_allocator.cc:1095] InUse at 7fda6ce07f00 of size 512 next 316
2025-06-15 00:42:14.110912: I external/local_tsl/tsl/framework/bfc_allocator.cc:1095] InUse at 7fda6ce08100 of size 512 next 86
2025-06-15 00:42:14.111411: I external/local_tsl/tsl/framework/bfc_allocator.cc:1095] InUse at 7fda6ce08300 of size 512 next 87
2025-06-15 00:42:14.111943: I external/local_tsl/tsl/framework/bfc_allocator.cc:1095] InUse at 7fda6ce08500 of size 512 next 88
2025-06-15 00:42:14.112434: I external/local_tsl/tsl/framework/bfc_allocator.cc:1095] InUse at 7fda6ce08700 of size 512 next 89
2025-06-15 00:42:14.112946: I external/local_tsl/tsl/framework/bfc_allocator.cc:1095] InUse at 7fda6ce08900 of size 256 next 321
2025-06-15 00:42:14.113436: I external/local_tsl/tsl/framework/bfc_allocator.cc:1095] InUse at 7fda6ce08a00 of size 256 next 323
2025-06-15 00:42:14.113970: I external/local_tsl/tsl/framework/bfc_allocator.cc:1095] InUse at 7fda6ce08b00 of size 256 next 324
2025-06-15 00:42:14.114512: I external/local_tsl/tsl/framework/bfc_allocator.cc:1095] InUse at 7fda6ce08c00 of size 256 next 92
2025-06-15 00:42:14.115015: I external/local_tsl/tsl/framework/bfc_allocator.cc:1095] InUse at 7fda6ce08d00 of size 256 next 93
2025-06-15 00:42:14.115504: I external/local_tsl/tsl/framework/bfc_allocator.cc:1095] InUse at 7fda6ce08e00 of size 256 next 94
2025-06-15 00:42:14.116005: I external/local_tsl/tsl/framework/bfc_allocator.cc:1095] InUse at 7fda6ce08f00 of size 256 next 97
2025-06-15 00:42:14.116501: I external/local_tsl/tsl/framework/bfc_allocator.cc:1095] InUse at 7fda6ce09000 of size 256 next 95
2025-06-15 00:42:14.117001: I external/local_tsl/tsl/framework/bfc_allocator.cc:1095] InUse at 7fda6ce09100 of size 256 next 96
2025-06-15 00:42:14.117487: I external/local_tsl/tsl/framework/bfc_allocator.cc:1095] InUse at 7fda6ce09200 of size 256 next 98
2025-06-15 00:42:14.117996: I external/local_tsl/tsl/framework/bfc_allocator.cc:1095] InUse at 7fda6ce09300 of size 256 next 101
2025-06-15 00:42:14.118492: I external/local_tsl/tsl/framework/bfc_allocator.cc:1095] InUse at 7fda6ce09400 of size 256 next 102
2025-06-15 00:42:14.119011: I external/local_tsl/tsl/framework/bfc_allocator.cc:1095] InUse at 7fda6ce09500 of size 256 next 103
2025-06-15 00:42:14.119522: I external/local_tsl/tsl/framework/bfc_allocator.cc:1095] InUse at 7fda6ce09600 of size 256 next 104
2025-06-15 00:42:14.120057: I external/local_tsl/tsl/framework/bfc_allocator.cc:1095] InUse at 7fda6ce09700 of size 256 next 105
2025-06-15 00:42:14.120549: I external/local_tsl/tsl/framework/bfc_allocator.cc:1095] Free  at 7fda6ce09800 of size 512 next 108
2025-06-15 00:42:14.121064: I external/local_tsl/tsl/framework/bfc_allocator.cc:1095] InUse at 7fda6ce09a00 of size 256 next 109
2025-06-15 00:42:14.121569: I external/local_tsl/tsl/framework/bfc_allocator.cc:1095] InUse at 7fda6ce09b00 of size 256 next 110
2025-06-15 00:42:14.122108: I external/local_tsl/tsl/framework/bfc_allocator.cc:1095] InUse at 7fda6ce09c00 of size 256 next 146
2025-06-15 00:42:14.122630: I external/local_tsl/tsl/framework/bfc_allocator.cc:1095] InUse at 7fda6ce09d00 of size 256 next 147
2025-06-15 00:42:14.123128: I external/local_tsl/tsl/framework/bfc_allocator.cc:1095] InUse at 7fda6ce09e00 of size 256 next 148
2025-06-15 00:42:14.123703: I external/local_tsl/tsl/framework/bfc_allocator.cc:1095] InUse at 7fda6ce09f00 of size 256 next 149
2025-06-15 00:42:14.124228: I external/local_tsl/tsl/framework/bfc_allocator.cc:1095] InUse at 7fda6ce0a000 of size 256 next 150
2025-06-15 00:42:14.124746: I external/local_tsl/tsl/framework/bfc_allocator.cc:1095] InUse at 7fda6ce0a100 of size 256 next 151
2025-06-15 00:42:14.125233: I external/local_tsl/tsl/framework/bfc_allocator.cc:1095] InUse at 7fda6ce0a200 of size 256 next 153
2025-06-15 00:42:14.125760: I external/local_tsl/tsl/framework/bfc_allocator.cc:1095] InUse at 7fda6ce0a300 of size 256 next 154
2025-06-15 00:42:14.126277: I external/local_tsl/tsl/framework/bfc_allocator.cc:1095] InUse at 7fda6ce0a400 of size 256 next 155
2025-06-15 00:42:14.126796: I external/local_tsl/tsl/framework/bfc_allocator.cc:1095] InUse at 7fda6ce0a500 of size 256 next 156
2025-06-15 00:42:14.127286: I external/local_tsl/tsl/framework/bfc_allocator.cc:1095] InUse at 7fda6ce0a600 of size 256 next 157
2025-06-15 00:42:14.127767: I external/local_tsl/tsl/framework/bfc_allocator.cc:1095] InUse at 7fda6ce0a700 of size 256 next 158
2025-06-15 00:42:14.128381: I external/local_tsl/tsl/framework/bfc_allocator.cc:1095] InUse at 7fda6ce0a800 of size 256 next 160
2025-06-15 00:42:14.128875: I external/local_tsl/tsl/framework/bfc_allocator.cc:1095] InUse at 7fda6ce0a900 of size 256 next 161
2025-06-15 00:42:14.129411: I external/local_tsl/tsl/framework/bfc_allocator.cc:1095] InUse at 7fda6ce0aa00 of size 256 next 162
2025-06-15 00:42:14.129980: I external/local_tsl/tsl/framework/bfc_allocator.cc:1095] InUse at 7fda6ce0ab00 of size 256 next 163
2025-06-15 00:42:14.130527: I external/local_tsl/tsl/framework/bfc_allocator.cc:1095] InUse at 7fda6ce0ac00 of size 256 next 164
2025-06-15 00:42:14.131021: I external/local_tsl/tsl/framework/bfc_allocator.cc:1095] InUse at 7fda6ce0ad00 of size 256 next 165
2025-06-15 00:42:14.131544: I external/local_tsl/tsl/framework/bfc_allocator.cc:1095] InUse at 7fda6ce0ae00 of size 512 next 167
2025-06-15 00:42:14.132091: I external/local_tsl/tsl/framework/bfc_allocator.cc:1095] InUse at 7fda6ce0b000 of size 512 next 168
2025-06-15 00:42:14.132613: I external/local_tsl/tsl/framework/bfc_allocator.cc:1095] InUse at 7fda6ce0b200 of size 512 next 169
2025-06-15 00:42:14.133100: I external/local_tsl/tsl/framework/bfc_allocator.cc:1095] InUse at 7fda6ce0b400 of size 512 next 170
2025-06-15 00:42:14.133581: I external/local_tsl/tsl/framework/bfc_allocator.cc:1095] InUse at 7fda6ce0b600 of size 512 next 171
2025-06-15 00:42:14.134100: I external/local_tsl/tsl/framework/bfc_allocator.cc:1095] InUse at 7fda6ce0b800 of size 512 next 172
2025-06-15 00:42:14.134598: I external/local_tsl/tsl/framework/bfc_allocator.cc:1095] InUse at 7fda6ce0ba00 of size 512 next 174
2025-06-15 00:42:14.135107: I external/local_tsl/tsl/framework/bfc_allocator.cc:1095] InUse at 7fda6ce0bc00 of size 512 next 175
2025-06-15 00:42:14.135611: I external/local_tsl/tsl/framework/bfc_allocator.cc:1095] InUse at 7fda6ce0be00 of size 512 next 176
2025-06-15 00:42:14.136108: I external/local_tsl/tsl/framework/bfc_allocator.cc:1095] InUse at 7fda6ce0c000 of size 512 next 177
2025-06-15 00:42:14.136660: I external/local_tsl/tsl/framework/bfc_allocator.cc:1095] InUse at 7fda6ce0c200 of size 512 next 178
2025-06-15 00:42:14.137169: I external/local_tsl/tsl/framework/bfc_allocator.cc:1095] InUse at 7fda6ce0c400 of size 512 next 179
2025-06-15 00:42:14.137677: I external/local_tsl/tsl/framework/bfc_allocator.cc:1095] InUse at 7fda6ce0c600 of size 1024 next 181
2025-06-15 00:42:14.138208: I external/local_tsl/tsl/framework/bfc_allocator.cc:1095] InUse at 7fda6ce0ca00 of size 1024 next 182
2025-06-15 00:42:14.138723: I external/local_tsl/tsl/framework/bfc_allocator.cc:1095] InUse at 7fda6ce0ce00 of size 1024 next 183
2025-06-15 00:42:14.139233: I external/local_tsl/tsl/framework/bfc_allocator.cc:1095] InUse at 7fda6ce0d200 of size 1024 next 184
2025-06-15 00:42:14.139737: I external/local_tsl/tsl/framework/bfc_allocator.cc:1095] InUse at 7fda6ce0d600 of size 1024 next 185
2025-06-15 00:42:14.140241: I external/local_tsl/tsl/framework/bfc_allocator.cc:1095] InUse at 7fda6ce0da00 of size 1024 next 186
2025-06-15 00:42:14.140759: I external/local_tsl/tsl/framework/bfc_allocator.cc:1095] InUse at 7fda6ce0de00 of size 1024 next 188
2025-06-15 00:42:14.141265: I external/local_tsl/tsl/framework/bfc_allocator.cc:1095] InUse at 7fda6ce0e200 of size 1024 next 189
2025-06-15 00:42:14.141771: I external/local_tsl/tsl/framework/bfc_allocator.cc:1095] InUse at 7fda6ce0e600 of size 1024 next 190
2025-06-15 00:42:14.142275: I external/local_tsl/tsl/framework/bfc_allocator.cc:1095] InUse at 7fda6ce0ea00 of size 1024 next 191
2025-06-15 00:42:14.142825: I external/local_tsl/tsl/framework/bfc_allocator.cc:1095] InUse at 7fda6ce0ee00 of size 1024 next 192
2025-06-15 00:42:14.143341: I external/local_tsl/tsl/framework/bfc_allocator.cc:1095] InUse at 7fda6ce0f200 of size 1024 next 193
2025-06-15 00:42:14.143822: I external/local_tsl/tsl/framework/bfc_allocator.cc:1095] InUse at 7fda6ce0f600 of size 512 next 196
2025-06-15 00:42:14.144342: I external/local_tsl/tsl/framework/bfc_allocator.cc:1095] InUse at 7fda6ce0f800 of size 512 next 197
2025-06-15 00:42:14.144848: I external/local_tsl/tsl/framework/bfc_allocator.cc:1095] InUse at 7fda6ce0fa00 of size 512 next 199
2025-06-15 00:42:14.145353: I external/local_tsl/tsl/framework/bfc_allocator.cc:1095] InUse at 7fda6ce0fc00 of size 512 next 200
2025-06-15 00:42:14.145871: I external/local_tsl/tsl/framework/bfc_allocator.cc:1095] InUse at 7fda6ce0fe00 of size 512 next 201
2025-06-15 00:42:14.146397: I external/local_tsl/tsl/framework/bfc_allocator.cc:1095] InUse at 7fda6ce10000 of size 512 next 202
2025-06-15 00:42:14.146904: I external/local_tsl/tsl/framework/bfc_allocator.cc:1095] InUse at 7fda6ce10200 of size 512 next 203
2025-06-15 00:42:14.147509: I external/local_tsl/tsl/framework/bfc_allocator.cc:1095] InUse at 7fda6ce10400 of size 512 next 204
2025-06-15 00:42:14.147997: I external/local_tsl/tsl/framework/bfc_allocator.cc:1095] InUse at 7fda6ce10600 of size 512 next 207
2025-06-15 00:42:14.148523: I external/local_tsl/tsl/framework/bfc_allocator.cc:1095] InUse at 7fda6ce10800 of size 512 next 208
2025-06-15 00:42:14.149002: I external/local_tsl/tsl/framework/bfc_allocator.cc:1095] InUse at 7fda6ce10a00 of size 512 next 209
2025-06-15 00:42:14.149494: I external/local_tsl/tsl/framework/bfc_allocator.cc:1095] InUse at 7fda6ce10c00 of size 512 next 210
2025-06-15 00:42:14.150004: I external/local_tsl/tsl/framework/bfc_allocator.cc:1095] InUse at 7fda6ce10e00 of size 512 next 211
2025-06-15 00:42:14.150534: I external/local_tsl/tsl/framework/bfc_allocator.cc:1095] InUse at 7fda6ce11000 of size 512 next 212
2025-06-15 00:42:14.151027: I external/local_tsl/tsl/framework/bfc_allocator.cc:1095] InUse at 7fda6ce11200 of size 256 next 215
2025-06-15 00:42:14.151528: I external/local_tsl/tsl/framework/bfc_allocator.cc:1095] InUse at 7fda6ce11300 of size 256 next 216
2025-06-15 00:42:14.152036: I external/local_tsl/tsl/framework/bfc_allocator.cc:1095] InUse at 7fda6ce11400 of size 256 next 219
2025-06-15 00:42:14.152592: I external/local_tsl/tsl/framework/bfc_allocator.cc:1095] InUse at 7fda6ce11500 of size 256 next 220
2025-06-15 00:42:14.153108: I external/local_tsl/tsl/framework/bfc_allocator.cc:1095] InUse at 7fda6ce11600 of size 256 next 221
2025-06-15 00:42:14.153618: I external/local_tsl/tsl/framework/bfc_allocator.cc:1095] InUse at 7fda6ce11700 of size 256 next 222
2025-06-15 00:42:14.154050: I external/local_tsl/tsl/framework/bfc_allocator.cc:1095] InUse at 7fda6ce11800 of size 256 next 223
2025-06-15 00:42:14.154595: I external/local_tsl/tsl/framework/bfc_allocator.cc:1095] InUse at 7fda6ce11900 of size 256 next 224
2025-06-15 00:42:14.155095: I external/local_tsl/tsl/framework/bfc_allocator.cc:1095] InUse at 7fda6ce11a00 of size 256 next 227
2025-06-15 00:42:14.155623: I external/local_tsl/tsl/framework/bfc_allocator.cc:1095] InUse at 7fda6ce11b00 of size 256 next 228
2025-06-15 00:42:14.156135: I external/local_tsl/tsl/framework/bfc_allocator.cc:1095] InUse at 7fda6ce11c00 of size 256 next 229
2025-06-15 00:42:14.156702: I external/local_tsl/tsl/framework/bfc_allocator.cc:1095] InUse at 7fda6ce11d00 of size 256 next 230
2025-06-15 00:42:14.157209: I external/local_tsl/tsl/framework/bfc_allocator.cc:1095] InUse at 7fda6ce11e00 of size 256 next 231
2025-06-15 00:42:14.157705: I external/local_tsl/tsl/framework/bfc_allocator.cc:1095] InUse at 7fda6ce11f00 of size 256 next 232
2025-06-15 00:42:14.158200: I external/local_tsl/tsl/framework/bfc_allocator.cc:1095] InUse at 7fda6ce12000 of size 65536 next 233
2025-06-15 00:42:14.158669: I external/local_tsl/tsl/framework/bfc_allocator.cc:1095] InUse at 7fda6ce22000 of size 95232 next 19
2025-06-15 00:42:14.159169: I external/local_tsl/tsl/framework/bfc_allocator.cc:1095] InUse at 7fda6ce39400 of size 110592 next 18
2025-06-15 00:42:14.159592: I external/local_tsl/tsl/framework/bfc_allocator.cc:1095] InUse at 7fda6ce54400 of size 65536 next 115
2025-06-15 00:42:14.160014: I external/local_tsl/tsl/framework/bfc_allocator.cc:1095] InUse at 7fda6ce64400 of size 256 next 112
2025-06-15 00:42:14.160583: I external/local_tsl/tsl/framework/bfc_allocator.cc:1095] InUse at 7fda6ce64500 of size 256 next 114
2025-06-15 00:42:14.161098: I external/local_tsl/tsl/framework/bfc_allocator.cc:1095] InUse at 7fda6ce64600 of size 256 next 113
2025-06-15 00:42:14.161622: I external/local_tsl/tsl/framework/bfc_allocator.cc:1095] InUse at 7fda6ce64700 of size 256 next 111
2025-06-15 00:42:14.162138: I external/local_tsl/tsl/framework/bfc_allocator.cc:1095] InUse at 7fda6ce64800 of size 256 next 117
2025-06-15 00:42:14.162713: I external/local_tsl/tsl/framework/bfc_allocator.cc:1095] InUse at 7fda6ce64900 of size 256 next 118
2025-06-15 00:42:14.163215: I external/local_tsl/tsl/framework/bfc_allocator.cc:1095] InUse at 7fda6ce64a00 of size 256 next 120
2025-06-15 00:42:14.163739: I external/local_tsl/tsl/framework/bfc_allocator.cc:1095] InUse at 7fda6ce64b00 of size 256 next 119
2025-06-15 00:42:14.164263: I external/local_tsl/tsl/framework/bfc_allocator.cc:1095] InUse at 7fda6ce64c00 of size 256 next 121
2025-06-15 00:42:14.164823: I external/local_tsl/tsl/framework/bfc_allocator.cc:1095] InUse at 7fda6ce64d00 of size 256 next 123
2025-06-15 00:42:14.165307: I external/local_tsl/tsl/framework/bfc_allocator.cc:1095] InUse at 7fda6ce64e00 of size 256 next 124
2025-06-15 00:42:14.165801: I external/local_tsl/tsl/framework/bfc_allocator.cc:1095] InUse at 7fda6ce64f00 of size 256 next 125
2025-06-15 00:42:14.166286: I external/local_tsl/tsl/framework/bfc_allocator.cc:1095] InUse at 7fda6ce65000 of size 256 next 126
2025-06-15 00:42:14.166753: I external/local_tsl/tsl/framework/bfc_allocator.cc:1095] InUse at 7fda6ce65100 of size 256 next 128
2025-06-15 00:42:14.167187: I external/local_tsl/tsl/framework/bfc_allocator.cc:1095] InUse at 7fda6ce65200 of size 256 next 127
2025-06-15 00:42:14.167649: I external/local_tsl/tsl/framework/bfc_allocator.cc:1095] InUse at 7fda6ce65300 of size 256 next 129
2025-06-15 00:42:14.168078: I external/local_tsl/tsl/framework/bfc_allocator.cc:1095] InUse at 7fda6ce65400 of size 256 next 130
2025-06-15 00:42:14.168566: I external/local_tsl/tsl/framework/bfc_allocator.cc:1095] InUse at 7fda6ce65500 of size 256 next 131
2025-06-15 00:42:14.169090: I external/local_tsl/tsl/framework/bfc_allocator.cc:1095] InUse at 7fda6ce65600 of size 256 next 132
2025-06-15 00:42:14.169599: I external/local_tsl/tsl/framework/bfc_allocator.cc:1095] InUse at 7fda6ce65700 of size 256 next 133
2025-06-15 00:42:14.170179: I external/local_tsl/tsl/framework/bfc_allocator.cc:1095] InUse at 7fda6ce65800 of size 256 next 137
2025-06-15 00:42:14.170698: I external/local_tsl/tsl/framework/bfc_allocator.cc:1095] InUse at 7fda6ce65900 of size 256 next 136
2025-06-15 00:42:14.171217: I external/local_tsl/tsl/framework/bfc_allocator.cc:1095] InUse at 7fda6ce65a00 of size 3584 next 138
2025-06-15 00:42:14.171724: I external/local_tsl/tsl/framework/bfc_allocator.cc:1095] InUse at 7fda6ce66800 of size 3584 next 139
2025-06-15 00:42:14.172228: I external/local_tsl/tsl/framework/bfc_allocator.cc:1095] InUse at 7fda6ce67600 of size 256 next 140
2025-06-15 00:42:14.172748: I external/local_tsl/tsl/framework/bfc_allocator.cc:1095] InUse at 7fda6ce67700 of size 256 next 141
2025-06-15 00:42:14.173264: I external/local_tsl/tsl/framework/bfc_allocator.cc:1095] InUse at 7fda6ce67800 of size 256 next 142
2025-06-15 00:42:14.173766: I external/local_tsl/tsl/framework/bfc_allocator.cc:1095] InUse at 7fda6ce67900 of size 256 next 143
2025-06-15 00:42:14.174309: I external/local_tsl/tsl/framework/bfc_allocator.cc:1095] InUse at 7fda6ce67a00 of size 256 next 144
2025-06-15 00:42:14.174850: I external/local_tsl/tsl/framework/bfc_allocator.cc:1095] InUse at 7fda6ce67b00 of size 256 next 145
2025-06-15 00:42:14.175345: I external/local_tsl/tsl/framework/bfc_allocator.cc:1095] InUse at 7fda6ce67c00 of size 141312 next 27
2025-06-15 00:42:14.175773: I external/local_tsl/tsl/framework/bfc_allocator.cc:1095] InUse at 7fda6ce8a400 of size 221184 next 26
2025-06-15 00:42:14.176229: I external/local_tsl/tsl/framework/bfc_allocator.cc:1095] InUse at 7fda6cec0400 of size 442368 next 159
2025-06-15 00:42:14.176679: I external/local_tsl/tsl/framework/bfc_allocator.cc:1095] InUse at 7fda6cf2c400 of size 867328 next 18446744073709551615
2025-06-15 00:42:14.177106: I external/local_tsl/tsl/framework/bfc_allocator.cc:1075] Next region of size 4194304
2025-06-15 00:42:14.177600: I external/local_tsl/tsl/framework/bfc_allocator.cc:1095] InUse at 7fda6d400000 of size 442368 next 37
2025-06-15 00:42:14.178060: I external/local_tsl/tsl/framework/bfc_allocator.cc:1095] InUse at 7fda6d46c000 of size 221184 next 116
2025-06-15 00:42:14.178504: I external/local_tsl/tsl/framework/bfc_allocator.cc:1095] InUse at 7fda6d4a2000 of size 110592 next 122
2025-06-15 00:42:14.178945: I external/local_tsl/tsl/framework/bfc_allocator.cc:1095] InUse at 7fda6d4bd000 of size 192512 next 99
2025-06-15 00:42:14.179370: I external/local_tsl/tsl/framework/bfc_allocator.cc:1095] InUse at 7fda6d4ec000 of size 360448 next 44
2025-06-15 00:42:14.179806: I external/local_tsl/tsl/framework/bfc_allocator.cc:1095] InUse at 7fda6d544000 of size 884736 next 43
2025-06-15 00:42:14.180213: I external/local_tsl/tsl/framework/bfc_allocator.cc:1095] InUse at 7fda6d61c000 of size 1982464 next 18446744073709551615
2025-06-15 00:42:14.180632: I external/local_tsl/tsl/framework/bfc_allocator.cc:1075] Next region of size 8388608
2025-06-15 00:42:14.181125: I external/local_tsl/tsl/framework/bfc_allocator.cc:1095] InUse at 7fda6d800000 of size 884736 next 166
2025-06-15 00:42:14.181571: I external/local_tsl/tsl/framework/bfc_allocator.cc:1095] InUse at 7fda6d8d8000 of size 884736 next 54
2025-06-15 00:42:14.181985: I external/local_tsl/tsl/framework/bfc_allocator.cc:1095] InUse at 7fda6d9b0000 of size 1769472 next 52
2025-06-15 00:42:14.182412: I external/local_tsl/tsl/framework/bfc_allocator.cc:1095] InUse at 7fda6db60000 of size 4849664 next 18446744073709551615
2025-06-15 00:42:14.182841: I external/local_tsl/tsl/framework/bfc_allocator.cc:1100]      Summary of in-use Chunks by size: 
2025-06-15 00:42:14.183364: I external/local_tsl/tsl/framework/bfc_allocator.cc:1103] 155 Chunks of size 256 totalling 38.8KiB
2025-06-15 00:42:14.183865: I external/local_tsl/tsl/framework/bfc_allocator.cc:1103] 54 Chunks of size 512 totalling 27.0KiB
2025-06-15 00:42:14.184372: I external/local_tsl/tsl/framework/bfc_allocator.cc:1103] 1 Chunks of size 768 totalling 768B
2025-06-15 00:42:14.184870: I external/local_tsl/tsl/framework/bfc_allocator.cc:1103] 26 Chunks of size 1024 totalling 26.0KiB
2025-06-15 00:42:14.185408: I external/local_tsl/tsl/framework/bfc_allocator.cc:1103] 1 Chunks of size 1280 totalling 1.2KiB
2025-06-15 00:42:14.185929: I external/local_tsl/tsl/framework/bfc_allocator.cc:1103] 3 Chunks of size 3584 totalling 10.5KiB
2025-06-15 00:42:14.186435: I external/local_tsl/tsl/framework/bfc_allocator.cc:1103] 2 Chunks of size 65536 totalling 128.0KiB
2025-06-15 00:42:14.186994: I external/local_tsl/tsl/framework/bfc_allocator.cc:1103] 1 Chunks of size 95232 totalling 93.0KiB
2025-06-15 00:42:14.187551: I external/local_tsl/tsl/framework/bfc_allocator.cc:1103] 4 Chunks of size 110592 totalling 432.0KiB
2025-06-15 00:42:14.188097: I external/local_tsl/tsl/framework/bfc_allocator.cc:1103] 1 Chunks of size 141312 totalling 138.0KiB
2025-06-15 00:42:14.188603: I external/local_tsl/tsl/framework/bfc_allocator.cc:1103] 1 Chunks of size 192512 totalling 188.0KiB
2025-06-15 00:42:14.189094: I external/local_tsl/tsl/framework/bfc_allocator.cc:1103] 6 Chunks of size 221184 totalling 1.27MiB
2025-06-15 00:42:14.189635: I external/local_tsl/tsl/framework/bfc_allocator.cc:1103] 2 Chunks of size 262144 totalling 512.0KiB
2025-06-15 00:42:14.190150: I external/local_tsl/tsl/framework/bfc_allocator.cc:1103] 1 Chunks of size 360448 totalling 352.0KiB
2025-06-15 00:42:14.190649: I external/local_tsl/tsl/framework/bfc_allocator.cc:1103] 5 Chunks of size 442368 totalling 2.11MiB
2025-06-15 00:42:14.191156: I external/local_tsl/tsl/framework/bfc_allocator.cc:1103] 1 Chunks of size 867328 totalling 847.0KiB
2025-06-15 00:42:14.191717: I external/local_tsl/tsl/framework/bfc_allocator.cc:1103] 6 Chunks of size 884736 totalling 5.06MiB
2025-06-15 00:42:14.192231: I external/local_tsl/tsl/framework/bfc_allocator.cc:1103] 2 Chunks of size 1048576 totalling 2.00MiB
2025-06-15 00:42:14.192759: I external/local_tsl/tsl/framework/bfc_allocator.cc:1103] 6 Chunks of size 1769472 totalling 10.12MiB
2025-06-15 00:42:14.193261: I external/local_tsl/tsl/framework/bfc_allocator.cc:1103] 1 Chunks of size 1982464 totalling 1.89MiB
2025-06-15 00:42:14.193852: I external/local_tsl/tsl/framework/bfc_allocator.cc:1103] 4 Chunks of size 3538944 totalling 13.50MiB
2025-06-15 00:42:14.194347: I external/local_tsl/tsl/framework/bfc_allocator.cc:1103] 1 Chunks of size 4063232 totalling 3.88MiB
2025-06-15 00:42:14.194882: I external/local_tsl/tsl/framework/bfc_allocator.cc:1103] 1 Chunks of size 4849664 totalling 4.62MiB
2025-06-15 00:42:14.195410: I external/local_tsl/tsl/framework/bfc_allocator.cc:1103] 2 Chunks of size 7077888 totalling 13.50MiB
2025-06-15 00:42:14.195942: I external/local_tsl/tsl/framework/bfc_allocator.cc:1103] 1 Chunks of size 12320768 totalling 11.75MiB
2025-06-15 00:42:14.196366: I external/local_tsl/tsl/framework/bfc_allocator.cc:1103] 2 Chunks of size 15138816 totalling 28.88MiB
2025-06-15 00:42:14.196781: I external/local_tsl/tsl/framework/bfc_allocator.cc:1103] 4 Chunks of size 30277632 totalling 115.50MiB
2025-06-15 00:42:14.197216: I external/local_tsl/tsl/framework/bfc_allocator.cc:1103] 2 Chunks of size 60555264 totalling 115.50MiB
2025-06-15 00:42:14.197652: I external/local_tsl/tsl/framework/bfc_allocator.cc:1103] 1 Chunks of size 73662464 totalling 70.25MiB
2025-06-15 00:42:14.198075: I external/local_tsl/tsl/framework/bfc_allocator.cc:1103] 1 Chunks of size 116654080 totalling 111.25MiB
2025-06-15 00:42:14.198498: I external/local_tsl/tsl/framework/bfc_allocator.cc:1103] 6 Chunks of size 121110528 totalling 693.00MiB
2025-06-15 00:42:14.198906: I external/local_tsl/tsl/framework/bfc_allocator.cc:1103] 2 Chunks of size 209715200 totalling 400.00MiB
2025-06-15 00:42:14.199401: I external/local_tsl/tsl/framework/bfc_allocator.cc:1103] 3 Chunks of size 242221056 totalling 693.00MiB
2025-06-15 00:42:14.199838: I external/local_tsl/tsl/framework/bfc_allocator.cc:1103] 8 Chunks of size 484442112 totalling 3.61GiB
2025-06-15 00:42:14.200249: I external/local_tsl/tsl/framework/bfc_allocator.cc:1103] 1 Chunks of size 968884224 totalling 924.00MiB
2025-06-15 00:42:14.200672: I external/local_tsl/tsl/framework/bfc_allocator.cc:1103] 6 Chunks of size 1937768448 totalling 10.83GiB
2025-06-15 00:42:14.201103: I external/local_tsl/tsl/framework/bfc_allocator.cc:1107] Sum Total of in-use chunks: 17.58GiB
2025-06-15 00:42:14.201595: I external/local_tsl/tsl/framework/bfc_allocator.cc:1109] Total bytes in pool: 23575789568 memory_limit_: 23575789568 available bytes: 0 curr_region_allocation_bytes_: 34359738368
2025-06-15 00:42:14.202016: I external/local_tsl/tsl/framework/bfc_allocator.cc:1114] Stats: 
Limit:                     23575789568
InUse:                     18882554112
MaxInUse:                  22800760320
NumAllocs:                         912
MaxAllocSize:               4135495424
Reserved:                            0
PeakReserved:                        0
LargestFreeBlock:                    0

2025-06-15 00:42:14.202452: W external/local_tsl/tsl/framework/bfc_allocator.cc:497] ________*********________************************************_**************************************
2025-06-15 00:42:14.202907: W tensorflow/core/framework/op_kernel.cc:1839] OP_REQUIRES failed at concat_op.cc:165 : RESOURCE_EXHAUSTED: OOM when allocating tensor with shape[2,64,192,224,176] and type float on /job:localhost/replica:0/task:0/device:GPU:0 by allocator GPU_0_bfc
Traceback (most recent call last):
  File "/mnt/beegfs/hellgate/home/rb194958e/stroke_segmentation_sota/batch_wise_train.py", line 277, in <module>
    if main():
       ^^^^^^
  File "/mnt/beegfs/hellgate/home/rb194958e/stroke_segmentation_sota/batch_wise_train.py", line 256, in main
    history = model.fit(
              ^^^^^^^^^^
  File "/mnt/beegfs/hellgate/home/rb194958e/.conda/envs/tf215_env/lib/python3.11/site-packages/keras/src/utils/traceback_utils.py", line 70, in error_handler
    raise e.with_traceback(filtered_tb) from None
  File "/mnt/beegfs/hellgate/home/rb194958e/.conda/envs/tf215_env/lib/python3.11/site-packages/tensorflow/python/eager/execute.py", line 53, in quick_execute
    tensors = pywrap_tfe.TFE_Py_Execute(ctx._handle, device_name, op_name,
  ^^^^^^^^^^^^^^^^^^^^^^^^^^^^^^^^^^^^^^^^^^^^^^^^^^^^^^^^^^^^^^^^^^^^^^^^
tensorflow.python.framework.errors_impl.ResourceExhaustedError: Graph execution error:

Detected at node model/concatenate_2/concat defined at (most recent call last):
  File "/mnt/beegfs/hellgate/home/rb194958e/stroke_segmentation_sota/batch_wise_train.py", line 277, in <module>

  File "/mnt/beegfs/hellgate/home/rb194958e/stroke_segmentation_sota/batch_wise_train.py", line 256, in main

  File "/mnt/beegfs/hellgate/home/rb194958e/.conda/envs/tf215_env/lib/python3.11/site-packages/keras/src/utils/traceback_utils.py", line 65, in error_handler

  File "/mnt/beegfs/hellgate/home/rb194958e/.conda/envs/tf215_env/lib/python3.11/site-packages/keras/src/engine/training.py", line 1807, in fit

  File "/mnt/beegfs/hellgate/home/rb194958e/.conda/envs/tf215_env/lib/python3.11/site-packages/keras/src/engine/training.py", line 1401, in train_function

  File "/mnt/beegfs/hellgate/home/rb194958e/.conda/envs/tf215_env/lib/python3.11/site-packages/keras/src/engine/training.py", line 1384, in step_function

  File "/mnt/beegfs/hellgate/home/rb194958e/.conda/envs/tf215_env/lib/python3.11/site-packages/keras/src/engine/training.py", line 1373, in run_step

  File "/mnt/beegfs/hellgate/home/rb194958e/.conda/envs/tf215_env/lib/python3.11/site-packages/keras/src/engine/training.py", line 1150, in train_step

  File "/mnt/beegfs/hellgate/home/rb194958e/.conda/envs/tf215_env/lib/python3.11/site-packages/keras/src/utils/traceback_utils.py", line 65, in error_handler

  File "/mnt/beegfs/hellgate/home/rb194958e/.conda/envs/tf215_env/lib/python3.11/site-packages/keras/src/engine/training.py", line 590, in __call__

  File "/mnt/beegfs/hellgate/home/rb194958e/.conda/envs/tf215_env/lib/python3.11/site-packages/keras/src/utils/traceback_utils.py", line 65, in error_handler

  File "/mnt/beegfs/hellgate/home/rb194958e/.conda/envs/tf215_env/lib/python3.11/site-packages/keras/src/engine/base_layer.py", line 1149, in __call__

  File "/mnt/beegfs/hellgate/home/rb194958e/.conda/envs/tf215_env/lib/python3.11/site-packages/keras/src/utils/traceback_utils.py", line 96, in error_handler

  File "/mnt/beegfs/hellgate/home/rb194958e/.conda/envs/tf215_env/lib/python3.11/site-packages/keras/src/engine/functional.py", line 515, in call

  File "/mnt/beegfs/hellgate/home/rb194958e/.conda/envs/tf215_env/lib/python3.11/site-packages/keras/src/engine/functional.py", line 672, in _run_internal_graph

  File "/mnt/beegfs/hellgate/home/rb194958e/.conda/envs/tf215_env/lib/python3.11/site-packages/keras/src/utils/traceback_utils.py", line 65, in error_handler

  File "/mnt/beegfs/hellgate/home/rb194958e/.conda/envs/tf215_env/lib/python3.11/site-packages/keras/src/engine/base_layer.py", line 1149, in __call__

  File "/mnt/beegfs/hellgate/home/rb194958e/.conda/envs/tf215_env/lib/python3.11/site-packages/keras/src/utils/traceback_utils.py", line 96, in error_handler

  File "/mnt/beegfs/hellgate/home/rb194958e/.conda/envs/tf215_env/lib/python3.11/site-packages/keras/src/layers/merging/base_merge.py", line 196, in call

  File "/mnt/beegfs/hellgate/home/rb194958e/.conda/envs/tf215_env/lib/python3.11/site-packages/keras/src/layers/merging/concatenate.py", line 134, in _merge_function

  File "/mnt/beegfs/hellgate/home/rb194958e/.conda/envs/tf215_env/lib/python3.11/site-packages/keras/src/backend.py", line 3580, in concatenate

OOM when allocating tensor with shape[2,64,192,224,176] and type float on /job:localhost/replica:0/task:0/device:GPU:0 by allocator GPU_0_bfc
	 [[{{node model/concatenate_2/concat}}]]
Hint: If you want to see a list of allocated tensors when OOM happens, add report_tensor_allocations_upon_oom to RunOptions for current allocation info. This isn't available when running in Eager mode.
 [Op:__inference_train_function_7309]
2025-06-15 00:42:14.363093: W tensorflow/core/kernels/data/generator_dataset_op.cc:108] Error occurred when finalizing GeneratorDataset iterator: FAILED_PRECONDITION: Python interpreter state is not initialized. The process may be terminated.
	 [[{{node PyFunc}}]]
/var/spool/slurmd/job1124180/slurm_script: line 320: EOF: command not found
/var/spool/slurmd/job1124180/slurm_script: line 330: unexpected EOF while looking for matching ``'
/var/spool/slurmd/job1124180/slurm_script: line 339: syntax error: unexpected end of file
