2025-06-14 17:12:21.200940: I tensorflow/core/util/port.cc:113] oneDNN custom operations are on. You may see slightly different numerical results due to floating-point round-off errors from different computation orders. To turn them off, set the environment variable `TF_ENABLE_ONEDNN_OPTS=0`.
2025-06-14 17:12:21.889415: E external/local_xla/xla/stream_executor/cuda/cuda_dnn.cc:9261] Unable to register cuDNN factory: Attempting to register factory for plugin cuDNN when one has already been registered
2025-06-14 17:12:21.890099: E external/local_xla/xla/stream_executor/cuda/cuda_fft.cc:607] Unable to register cuFFT factory: Attempting to register factory for plugin cuFFT when one has already been registered
2025-06-14 17:12:22.003615: E external/local_xla/xla/stream_executor/cuda/cuda_blas.cc:1515] Unable to register cuBLAS factory: Attempting to register factory for plugin cuBLAS when one has already been registered
2025-06-14 17:12:22.246840: I tensorflow/core/platform/cpu_feature_guard.cc:182] This TensorFlow binary is optimized to use available CPU instructions in performance-critical operations.
To enable the following instructions: AVX2 AVX512F AVX512_VNNI FMA, in other operations, rebuild TensorFlow with the appropriate compiler flags.
2025-06-14 17:12:28.964958: W tensorflow/compiler/tf2tensorrt/utils/py_utils.cc:38] TF-TRT Warning: Could not find TensorRT
INFO:__main__:🚀 Starting Stroke Lesion Segmentation Training
INFO:__main__:Using 1 GPU(s)
INFO:__main__:Creating data generators...
INFO:__main__:Found 655 valid image/mask pairs
INFO:__main__:Found 655 valid image/mask pairs
INFO:__main__:Training batches: 262
INFO:__main__:Validation batches: 65
INFO:__main__:Building model...
2025-06-14 17:12:43.366203: I tensorflow/core/common_runtime/gpu/gpu_device.cc:1929] Created device /job:localhost/replica:0/task:0/device:GPU:0 with 22483 MB memory:  -> device: 0, name: NVIDIA RTX 4500 Ada Generation, pci bus id: 0000:1c:00.0, compute capability: 8.9
INFO:__main__:Model parameters: 5,605,345
INFO:__main__:Starting training...
pixdim[0] (qfac) should be 1 (default) or -1; setting qfac to 1
INFO:nibabel.global:pixdim[0] (qfac) should be 1 (default) or -1; setting qfac to 1
pixdim[0] (qfac) should be 1 (default) or -1; setting qfac to 1
INFO:nibabel.global:pixdim[0] (qfac) should be 1 (default) or -1; setting qfac to 1
pixdim[0] (qfac) should be 1 (default) or -1; setting qfac to 1
INFO:nibabel.global:pixdim[0] (qfac) should be 1 (default) or -1; setting qfac to 1
pixdim[0] (qfac) should be 1 (default) or -1; setting qfac to 1
INFO:nibabel.global:pixdim[0] (qfac) should be 1 (default) or -1; setting qfac to 1
pixdim[0] (qfac) should be 1 (default) or -1; setting qfac to 1
INFO:nibabel.global:pixdim[0] (qfac) should be 1 (default) or -1; setting qfac to 1
2025-06-14 17:12:51.107874: I external/local_xla/xla/stream_executor/cuda/cuda_dnn.cc:454] Loaded cuDNN version 8907
pixdim[0] (qfac) should be 1 (default) or -1; setting qfac to 1
INFO:nibabel.global:pixdim[0] (qfac) should be 1 (default) or -1; setting qfac to 1
pixdim[0] (qfac) should be 1 (default) or -1; setting qfac to 1
INFO:nibabel.global:pixdim[0] (qfac) should be 1 (default) or -1; setting qfac to 1
pixdim[0] (qfac) should be 1 (default) or -1; setting qfac to 1
INFO:nibabel.global:pixdim[0] (qfac) should be 1 (default) or -1; setting qfac to 1
pixdim[0] (qfac) should be 1 (default) or -1; setting qfac to 1
INFO:nibabel.global:pixdim[0] (qfac) should be 1 (default) or -1; setting qfac to 1
pixdim[0] (qfac) should be 1 (default) or -1; setting qfac to 1
INFO:nibabel.global:pixdim[0] (qfac) should be 1 (default) or -1; setting qfac to 1
2025-06-14 17:13:07.467592: W external/local_tsl/tsl/framework/bfc_allocator.cc:296] Allocator (GPU_0_bfc) ran out of memory trying to allocate 2.27GiB with freed_by_count=0. The caller indicates that this is not a failure, but this may mean that there could be performance gains if more memory were available.
2025-06-14 17:13:07.568862: W external/local_tsl/tsl/framework/bfc_allocator.cc:296] Allocator (GPU_0_bfc) ran out of memory trying to allocate 2.30GiB with freed_by_count=0. The caller indicates that this is not a failure, but this may mean that there could be performance gains if more memory were available.
2025-06-14 17:13:07.569899: W external/local_tsl/tsl/framework/bfc_allocator.cc:296] Allocator (GPU_0_bfc) ran out of memory trying to allocate 2.27GiB with freed_by_count=0. The caller indicates that this is not a failure, but this may mean that there could be performance gains if more memory were available.
2025-06-14 17:13:08.191552: W external/local_tsl/tsl/framework/bfc_allocator.cc:296] Allocator (GPU_0_bfc) ran out of memory trying to allocate 2.27GiB with freed_by_count=0. The caller indicates that this is not a failure, but this may mean that there could be performance gains if more memory were available.
2025-06-14 17:13:08.245072: W external/local_tsl/tsl/framework/bfc_allocator.cc:296] Allocator (GPU_0_bfc) ran out of memory trying to allocate 2.30GiB with freed_by_count=0. The caller indicates that this is not a failure, but this may mean that there could be performance gains if more memory were available.
2025-06-14 17:13:08.246170: W external/local_tsl/tsl/framework/bfc_allocator.cc:296] Allocator (GPU_0_bfc) ran out of memory trying to allocate 2.27GiB with freed_by_count=0. The caller indicates that this is not a failure, but this may mean that there could be performance gains if more memory were available.
2025-06-14 17:13:18.866952: W external/local_tsl/tsl/framework/bfc_allocator.cc:485] Allocator (GPU_0_bfc) ran out of memory trying to allocate 3.61GiB (rounded to 3875536896)requested by op model/concatenate_2/concat
If the cause is memory fragmentation maybe the environment variable 'TF_GPU_ALLOCATOR=cuda_malloc_async' will improve the situation. 
Current allocation summary follows.
Current allocation summary follows.
2025-06-14 17:13:18.868104: I external/local_tsl/tsl/framework/bfc_allocator.cc:1039] BFCAllocator dump for GPU_0_bfc
2025-06-14 17:13:18.868871: I external/local_tsl/tsl/framework/bfc_allocator.cc:1046] Bin (256): 	Total Chunks: 155, Chunks in use: 155. 38.8KiB allocated for chunks. 38.8KiB in use in bin. 20.7KiB client-requested in use in bin.
2025-06-14 17:13:18.869425: I external/local_tsl/tsl/framework/bfc_allocator.cc:1046] Bin (512): 	Total Chunks: 56, Chunks in use: 55. 28.2KiB allocated for chunks. 27.8KiB in use in bin. 27.5KiB client-requested in use in bin.
2025-06-14 17:13:18.869871: I external/local_tsl/tsl/framework/bfc_allocator.cc:1046] Bin (1024): 	Total Chunks: 27, Chunks in use: 27. 27.2KiB allocated for chunks. 27.2KiB in use in bin. 27.0KiB client-requested in use in bin.
2025-06-14 17:13:18.870270: I external/local_tsl/tsl/framework/bfc_allocator.cc:1046] Bin (2048): 	Total Chunks: 3, Chunks in use: 3. 10.5KiB allocated for chunks. 10.5KiB in use in bin. 10.1KiB client-requested in use in bin.
2025-06-14 17:13:18.870641: I external/local_tsl/tsl/framework/bfc_allocator.cc:1046] Bin (4096): 	Total Chunks: 0, Chunks in use: 0. 0B allocated for chunks. 0B in use in bin. 0B client-requested in use in bin.
2025-06-14 17:13:18.871078: I external/local_tsl/tsl/framework/bfc_allocator.cc:1046] Bin (8192): 	Total Chunks: 0, Chunks in use: 0. 0B allocated for chunks. 0B in use in bin. 0B client-requested in use in bin.
2025-06-14 17:13:18.871479: I external/local_tsl/tsl/framework/bfc_allocator.cc:1046] Bin (16384): 	Total Chunks: 0, Chunks in use: 0. 0B allocated for chunks. 0B in use in bin. 0B client-requested in use in bin.
2025-06-14 17:13:18.871912: I external/local_tsl/tsl/framework/bfc_allocator.cc:1046] Bin (32768): 	Total Chunks: 0, Chunks in use: 0. 0B allocated for chunks. 0B in use in bin. 0B client-requested in use in bin.
2025-06-14 17:13:18.872350: I external/local_tsl/tsl/framework/bfc_allocator.cc:1046] Bin (65536): 	Total Chunks: 7, Chunks in use: 7. 653.0KiB allocated for chunks. 653.0KiB in use in bin. 624.0KiB client-requested in use in bin.
2025-06-14 17:13:18.872717: I external/local_tsl/tsl/framework/bfc_allocator.cc:1046] Bin (131072): 	Total Chunks: 8, Chunks in use: 8. 1.58MiB allocated for chunks. 1.58MiB in use in bin. 1.48MiB client-requested in use in bin.
2025-06-14 17:13:18.873078: I external/local_tsl/tsl/framework/bfc_allocator.cc:1046] Bin (262144): 	Total Chunks: 8, Chunks in use: 8. 2.95MiB allocated for chunks. 2.95MiB in use in bin. 2.86MiB client-requested in use in bin.
2025-06-14 17:13:18.873445: I external/local_tsl/tsl/framework/bfc_allocator.cc:1046] Bin (524288): 	Total Chunks: 7, Chunks in use: 7. 5.89MiB allocated for chunks. 5.89MiB in use in bin. 5.48MiB client-requested in use in bin.
2025-06-14 17:13:18.873802: I external/local_tsl/tsl/framework/bfc_allocator.cc:1046] Bin (1048576): 	Total Chunks: 9, Chunks in use: 9. 14.02MiB allocated for chunks. 14.02MiB in use in bin. 13.12MiB client-requested in use in bin.
2025-06-14 17:13:18.874146: I external/local_tsl/tsl/framework/bfc_allocator.cc:1046] Bin (2097152): 	Total Chunks: 5, Chunks in use: 5. 17.38MiB allocated for chunks. 17.38MiB in use in bin. 16.88MiB client-requested in use in bin.
2025-06-14 17:13:18.874511: I external/local_tsl/tsl/framework/bfc_allocator.cc:1046] Bin (4194304): 	Total Chunks: 3, Chunks in use: 3. 18.12MiB allocated for chunks. 18.12MiB in use in bin. 16.88MiB client-requested in use in bin.
2025-06-14 17:13:18.874881: I external/local_tsl/tsl/framework/bfc_allocator.cc:1046] Bin (8388608): 	Total Chunks: 3, Chunks in use: 3. 40.62MiB allocated for chunks. 40.62MiB in use in bin. 35.62MiB client-requested in use in bin.
2025-06-14 17:13:18.875288: I external/local_tsl/tsl/framework/bfc_allocator.cc:1046] Bin (16777216): 	Total Chunks: 5, Chunks in use: 4. 140.19MiB allocated for chunks. 115.50MiB in use in bin. 115.50MiB client-requested in use in bin.
2025-06-14 17:13:18.875668: I external/local_tsl/tsl/framework/bfc_allocator.cc:1046] Bin (33554432): 	Total Chunks: 2, Chunks in use: 2. 115.50MiB allocated for chunks. 115.50MiB in use in bin. 115.50MiB client-requested in use in bin.
2025-06-14 17:13:18.876080: I external/local_tsl/tsl/framework/bfc_allocator.cc:1046] Bin (67108864): 	Total Chunks: 8, Chunks in use: 8. 874.50MiB allocated for chunks. 874.50MiB in use in bin. 808.50MiB client-requested in use in bin.
2025-06-14 17:13:18.876507: I external/local_tsl/tsl/framework/bfc_allocator.cc:1046] Bin (134217728): 	Total Chunks: 5, Chunks in use: 5. 1.07GiB allocated for chunks. 1.07GiB in use in bin. 924.00MiB client-requested in use in bin.
2025-06-14 17:13:18.876871: I external/local_tsl/tsl/framework/bfc_allocator.cc:1046] Bin (268435456): 	Total Chunks: 18, Chunks in use: 15. 19.69GiB allocated for chunks. 15.34GiB in use in bin. 15.34GiB client-requested in use in bin.
2025-06-14 17:13:18.877208: I external/local_tsl/tsl/framework/bfc_allocator.cc:1062] Bin for 3.61GiB was 256.00MiB, Chunk State: 
2025-06-14 17:13:18.877579: I external/local_tsl/tsl/framework/bfc_allocator.cc:1068]   Size: 453.50MiB | Requested Size: 16.00MiB | in_use: 0 | bin_num: 20, prev:   Size: 462.00MiB | Requested Size: 462.00MiB | in_use: 1 | bin_num: -1
2025-06-14 17:13:18.877931: I external/local_tsl/tsl/framework/bfc_allocator.cc:1068]   Size: 1.80GiB | Requested Size: 1.80GiB | in_use: 0 | bin_num: 20, next:   Size: 1.80GiB | Requested Size: 1.80GiB | in_use: 1 | bin_num: -1
2025-06-14 17:13:18.878278: I external/local_tsl/tsl/framework/bfc_allocator.cc:1068]   Size: 2.10GiB | Requested Size: 1.82GiB | in_use: 0 | bin_num: 20, prev:   Size: 1.80GiB | Requested Size: 1.80GiB | in_use: 1 | bin_num: -1
2025-06-14 17:13:18.878644: I external/local_tsl/tsl/framework/bfc_allocator.cc:1075] Next region of size 6129582080
2025-06-14 17:13:18.879083: I external/local_tsl/tsl/framework/bfc_allocator.cc:1095] Free  at 7f72aa000000 of size 1937768448 next 107
2025-06-14 17:13:18.879432: I external/local_tsl/tsl/framework/bfc_allocator.cc:1095] InUse at 7f731d800000 of size 1937768448 next 329
2025-06-14 17:13:18.879822: I external/local_tsl/tsl/framework/bfc_allocator.cc:1095] Free  at 7f7391000000 of size 2254045184 next 18446744073709551615
2025-06-14 17:13:18.880190: I external/local_tsl/tsl/framework/bfc_allocator.cc:1075] Next region of size 8589934592
2025-06-14 17:13:18.880652: I external/local_tsl/tsl/framework/bfc_allocator.cc:1095] InUse at 7f7444000000 of size 1937768448 next 282
2025-06-14 17:13:18.881050: I external/local_tsl/tsl/framework/bfc_allocator.cc:1095] InUse at 7f74b7800000 of size 242221056 next 283
2025-06-14 17:13:18.881418: I external/local_tsl/tsl/framework/bfc_allocator.cc:1095] InUse at 7f74c5f00000 of size 484442112 next 284
2025-06-14 17:13:18.881762: I external/local_tsl/tsl/framework/bfc_allocator.cc:1095] InUse at 7f74e2d00000 of size 484442112 next 285
2025-06-14 17:13:18.882164: I external/local_tsl/tsl/framework/bfc_allocator.cc:1095] InUse at 7f74ffb00000 of size 484442112 next 29
2025-06-14 17:13:18.882577: I external/local_tsl/tsl/framework/bfc_allocator.cc:1095] InUse at 7f751c900000 of size 484442112 next 289
2025-06-14 17:13:18.883020: I external/local_tsl/tsl/framework/bfc_allocator.cc:1095] InUse at 7f7539700000 of size 484442112 next 293
2025-06-14 17:13:18.883417: I external/local_tsl/tsl/framework/bfc_allocator.cc:1095] InUse at 7f7556500000 of size 121110528 next 47
2025-06-14 17:13:18.883801: I external/local_tsl/tsl/framework/bfc_allocator.cc:1095] InUse at 7f755d880000 of size 121110528 next 296
2025-06-14 17:13:18.884139: I external/local_tsl/tsl/framework/bfc_allocator.cc:1095] InUse at 7f7564c00000 of size 121110528 next 300
2025-06-14 17:13:18.884490: I external/local_tsl/tsl/framework/bfc_allocator.cc:1095] InUse at 7f756bf80000 of size 30277632 next 302
2025-06-14 17:13:18.884843: I external/local_tsl/tsl/framework/bfc_allocator.cc:1095] InUse at 7f756dc60000 of size 30277632 next 303
2025-06-14 17:13:18.885182: I external/local_tsl/tsl/framework/bfc_allocator.cc:1095] InUse at 7f756f940000 of size 30277632 next 66
2025-06-14 17:13:18.885517: I external/local_tsl/tsl/framework/bfc_allocator.cc:1095] InUse at 7f7571620000 of size 30277632 next 307
2025-06-14 17:13:18.885909: I external/local_tsl/tsl/framework/bfc_allocator.cc:1095] InUse at 7f7573300000 of size 121110528 next 76
2025-06-14 17:13:18.886241: I external/local_tsl/tsl/framework/bfc_allocator.cc:1095] InUse at 7f757a680000 of size 121110528 next 312
2025-06-14 17:13:18.886609: I external/local_tsl/tsl/framework/bfc_allocator.cc:1095] InUse at 7f7581a00000 of size 242221056 next 311
2025-06-14 17:13:18.886996: I external/local_tsl/tsl/framework/bfc_allocator.cc:1095] InUse at 7f7590100000 of size 121110528 next 85
2025-06-14 17:13:18.887378: I external/local_tsl/tsl/framework/bfc_allocator.cc:1095] InUse at 7f7597480000 of size 484442112 next 325
2025-06-14 17:13:18.887803: I external/local_tsl/tsl/framework/bfc_allocator.cc:1095] InUse at 7f75b4280000 of size 484442112 next 320
2025-06-14 17:13:18.888221: I external/local_tsl/tsl/framework/bfc_allocator.cc:1095] InUse at 7f75d1080000 of size 968884224 next 319
2025-06-14 17:13:18.888603: I external/local_tsl/tsl/framework/bfc_allocator.cc:1095] InUse at 7f760ac80000 of size 484442112 next 91
2025-06-14 17:13:18.889003: I external/local_tsl/tsl/framework/bfc_allocator.cc:1095] Free  at 7f7627a80000 of size 475529216 next 18446744073709551615
2025-06-14 17:13:18.889373: I external/local_tsl/tsl/framework/bfc_allocator.cc:1075] Next region of size 4294967296
2025-06-14 17:13:18.889880: I external/local_tsl/tsl/framework/bfc_allocator.cc:1095] InUse at 7f7662000000 of size 1937768448 next 11
2025-06-14 17:13:18.890244: I external/local_tsl/tsl/framework/bfc_allocator.cc:1095] InUse at 7f76d5800000 of size 1937768448 next 277
2025-06-14 17:13:18.890625: I external/local_tsl/tsl/framework/bfc_allocator.cc:1095] InUse at 7f7749000000 of size 242221056 next 20
2025-06-14 17:13:18.891001: I external/local_tsl/tsl/framework/bfc_allocator.cc:1095] InUse at 7f7757700000 of size 60555264 next 38
2025-06-14 17:13:18.891348: I external/local_tsl/tsl/framework/bfc_allocator.cc:1095] InUse at 7f775b0c0000 of size 116654080 next 18446744073709551615
2025-06-14 17:13:18.891717: I external/local_tsl/tsl/framework/bfc_allocator.cc:1075] Next region of size 2147483648
2025-06-14 17:13:18.892129: I external/local_tsl/tsl/framework/bfc_allocator.cc:1095] InUse at 7f778e000000 of size 1937768448 next 265
2025-06-14 17:13:18.892522: I external/local_tsl/tsl/framework/bfc_allocator.cc:1095] InUse at 7f7801800000 of size 209715200 next 18446744073709551615
2025-06-14 17:13:18.892923: I external/local_tsl/tsl/framework/bfc_allocator.cc:1075] Next region of size 2147483648
2025-06-14 17:13:18.893338: I external/local_tsl/tsl/framework/bfc_allocator.cc:1095] InUse at 7f7814000000 of size 1937768448 next 267
2025-06-14 17:13:18.893699: I external/local_tsl/tsl/framework/bfc_allocator.cc:1095] InUse at 7f7887800000 of size 209715200 next 18446744073709551615
2025-06-14 17:13:18.894047: I external/local_tsl/tsl/framework/bfc_allocator.cc:1075] Next region of size 134217728
2025-06-14 17:13:18.894496: I external/local_tsl/tsl/framework/bfc_allocator.cc:1095] InUse at 7f7920000000 of size 60555264 next 264
2025-06-14 17:13:18.894841: I external/local_tsl/tsl/framework/bfc_allocator.cc:1095] InUse at 7f79239c0000 of size 73662464 next 18446744073709551615
2025-06-14 17:13:18.895198: I external/local_tsl/tsl/framework/bfc_allocator.cc:1075] Next region of size 67108864
2025-06-14 17:13:18.895675: I external/local_tsl/tsl/framework/bfc_allocator.cc:1095] InUse at 7f7928000000 of size 3538944 next 198
2025-06-14 17:13:18.896052: I external/local_tsl/tsl/framework/bfc_allocator.cc:1095] InUse at 7f7928360000 of size 1769472 next 205
2025-06-14 17:13:18.896443: I external/local_tsl/tsl/framework/bfc_allocator.cc:1095] InUse at 7f7928510000 of size 1769472 next 206
2025-06-14 17:13:18.896840: I external/local_tsl/tsl/framework/bfc_allocator.cc:1095] InUse at 7f79286c0000 of size 262144 next 213
2025-06-14 17:13:18.897195: I external/local_tsl/tsl/framework/bfc_allocator.cc:1095] InUse at 7f7928700000 of size 262144 next 214
2025-06-14 17:13:18.897544: I external/local_tsl/tsl/framework/bfc_allocator.cc:1095] InUse at 7f7928740000 of size 884736 next 217
2025-06-14 17:13:18.897888: I external/local_tsl/tsl/framework/bfc_allocator.cc:1095] InUse at 7f7928818000 of size 884736 next 218
2025-06-14 17:13:18.898229: I external/local_tsl/tsl/framework/bfc_allocator.cc:1095] InUse at 7f79288f0000 of size 442368 next 225
2025-06-14 17:13:18.898554: I external/local_tsl/tsl/framework/bfc_allocator.cc:1095] InUse at 7f792895c000 of size 442368 next 226
2025-06-14 17:13:18.898890: I external/local_tsl/tsl/framework/bfc_allocator.cc:1095] InUse at 7f79289c8000 of size 256 next 234
2025-06-14 17:13:18.899286: I external/local_tsl/tsl/framework/bfc_allocator.cc:1095] InUse at 7f79289c8100 of size 256 next 235
2025-06-14 17:13:18.899765: I external/local_tsl/tsl/framework/bfc_allocator.cc:1095] InUse at 7f79289c8200 of size 221184 next 236
2025-06-14 17:13:18.900108: I external/local_tsl/tsl/framework/bfc_allocator.cc:1095] InUse at 7f79289fe200 of size 221184 next 237
2025-06-14 17:13:18.900455: I external/local_tsl/tsl/framework/bfc_allocator.cc:1095] InUse at 7f7928a34200 of size 256 next 238
2025-06-14 17:13:18.900926: I external/local_tsl/tsl/framework/bfc_allocator.cc:1095] InUse at 7f7928a34300 of size 256 next 239
2025-06-14 17:13:18.901342: I external/local_tsl/tsl/framework/bfc_allocator.cc:1095] InUse at 7f7928a34400 of size 256 next 240
2025-06-14 17:13:18.901761: I external/local_tsl/tsl/framework/bfc_allocator.cc:1095] InUse at 7f7928a34500 of size 256 next 241
2025-06-14 17:13:18.902215: I external/local_tsl/tsl/framework/bfc_allocator.cc:1095] InUse at 7f7928a34600 of size 256 next 242
2025-06-14 17:13:18.902658: I external/local_tsl/tsl/framework/bfc_allocator.cc:1095] InUse at 7f7928a34700 of size 256 next 243
2025-06-14 17:13:18.903114: I external/local_tsl/tsl/framework/bfc_allocator.cc:1095] InUse at 7f7928a34800 of size 110592 next 244
2025-06-14 17:13:18.903518: I external/local_tsl/tsl/framework/bfc_allocator.cc:1095] InUse at 7f7928a4f800 of size 110592 next 245
2025-06-14 17:13:18.903890: I external/local_tsl/tsl/framework/bfc_allocator.cc:1095] InUse at 7f7928a6a800 of size 256 next 246
2025-06-14 17:13:18.904300: I external/local_tsl/tsl/framework/bfc_allocator.cc:1095] InUse at 7f7928a6a900 of size 256 next 247
2025-06-14 17:13:18.904779: I external/local_tsl/tsl/framework/bfc_allocator.cc:1095] InUse at 7f7928a6aa00 of size 256 next 248
2025-06-14 17:13:18.905238: I external/local_tsl/tsl/framework/bfc_allocator.cc:1095] InUse at 7f7928a6ab00 of size 256 next 249
2025-06-14 17:13:18.905695: I external/local_tsl/tsl/framework/bfc_allocator.cc:1095] InUse at 7f7928a6ac00 of size 256 next 250
2025-06-14 17:13:18.906184: I external/local_tsl/tsl/framework/bfc_allocator.cc:1095] InUse at 7f7928a6ad00 of size 256 next 251
2025-06-14 17:13:18.906688: I external/local_tsl/tsl/framework/bfc_allocator.cc:1095] InUse at 7f7928a6ae00 of size 256 next 252
2025-06-14 17:13:18.907099: I external/local_tsl/tsl/framework/bfc_allocator.cc:1095] InUse at 7f7928a6af00 of size 256 next 253
2025-06-14 17:13:18.907567: I external/local_tsl/tsl/framework/bfc_allocator.cc:1095] InUse at 7f7928a6b000 of size 256 next 254
2025-06-14 17:13:18.908030: I external/local_tsl/tsl/framework/bfc_allocator.cc:1095] InUse at 7f7928a6b100 of size 256 next 255
2025-06-14 17:13:18.908492: I external/local_tsl/tsl/framework/bfc_allocator.cc:1095] InUse at 7f7928a6b200 of size 256 next 256
2025-06-14 17:13:18.908971: I external/local_tsl/tsl/framework/bfc_allocator.cc:1095] InUse at 7f7928a6b300 of size 256 next 257
2025-06-14 17:13:18.909418: I external/local_tsl/tsl/framework/bfc_allocator.cc:1095] InUse at 7f7928a6b400 of size 256 next 258
2025-06-14 17:13:18.909842: I external/local_tsl/tsl/framework/bfc_allocator.cc:1095] InUse at 7f7928a6b500 of size 256 next 259
2025-06-14 17:13:18.910270: I external/local_tsl/tsl/framework/bfc_allocator.cc:1095] InUse at 7f7928a6b600 of size 256 next 260
2025-06-14 17:13:18.910693: I external/local_tsl/tsl/framework/bfc_allocator.cc:1095] InUse at 7f7928a6b700 of size 256 next 261
2025-06-14 17:13:18.911108: I external/local_tsl/tsl/framework/bfc_allocator.cc:1095] InUse at 7f7928a6b800 of size 256 next 262
2025-06-14 17:13:18.911534: I external/local_tsl/tsl/framework/bfc_allocator.cc:1095] InUse at 7f7928a6b900 of size 256 next 263
2025-06-14 17:13:18.911996: I external/local_tsl/tsl/framework/bfc_allocator.cc:1095] InUse at 7f7928a6ba00 of size 256 next 272
2025-06-14 17:13:18.912426: I external/local_tsl/tsl/framework/bfc_allocator.cc:1095] InUse at 7f7928a6bb00 of size 256 next 274
2025-06-14 17:13:18.912847: I external/local_tsl/tsl/framework/bfc_allocator.cc:1095] InUse at 7f7928a6bc00 of size 256 next 275
2025-06-14 17:13:18.913278: I external/local_tsl/tsl/framework/bfc_allocator.cc:1095] InUse at 7f7928a6bd00 of size 256 next 276
2025-06-14 17:13:18.913692: I external/local_tsl/tsl/framework/bfc_allocator.cc:1095] InUse at 7f7928a6be00 of size 256 next 280
2025-06-14 17:13:18.914155: I external/local_tsl/tsl/framework/bfc_allocator.cc:1095] InUse at 7f7928a6bf00 of size 256 next 281
2025-06-14 17:13:18.914619: I external/local_tsl/tsl/framework/bfc_allocator.cc:1095] InUse at 7f7928a6c000 of size 256 next 287
2025-06-14 17:13:18.915063: I external/local_tsl/tsl/framework/bfc_allocator.cc:1095] InUse at 7f7928a6c100 of size 256 next 288
2025-06-14 17:13:18.915537: I external/local_tsl/tsl/framework/bfc_allocator.cc:1095] InUse at 7f7928a6c200 of size 256 next 291
2025-06-14 17:13:18.915986: I external/local_tsl/tsl/framework/bfc_allocator.cc:1095] InUse at 7f7928a6c300 of size 256 next 292
2025-06-14 17:13:18.916453: I external/local_tsl/tsl/framework/bfc_allocator.cc:1095] InUse at 7f7928a6c400 of size 512 next 294
2025-06-14 17:13:18.916894: I external/local_tsl/tsl/framework/bfc_allocator.cc:1095] InUse at 7f7928a6c600 of size 768 next 268
2025-06-14 17:13:18.917349: I external/local_tsl/tsl/framework/bfc_allocator.cc:1095] InUse at 7f7928a6c900 of size 256 next 269
2025-06-14 17:13:18.917796: I external/local_tsl/tsl/framework/bfc_allocator.cc:1095] InUse at 7f7928a6ca00 of size 256 next 270
2025-06-14 17:13:18.918209: I external/local_tsl/tsl/framework/bfc_allocator.cc:1095] InUse at 7f7928a6cb00 of size 512 next 295
2025-06-14 17:13:18.918647: I external/local_tsl/tsl/framework/bfc_allocator.cc:1095] InUse at 7f7928a6cd00 of size 512 next 298
2025-06-14 17:13:18.919072: I external/local_tsl/tsl/framework/bfc_allocator.cc:1095] InUse at 7f7928a6cf00 of size 512 next 299
2025-06-14 17:13:18.919540: I external/local_tsl/tsl/framework/bfc_allocator.cc:1095] InUse at 7f7928a6d100 of size 15138816 next 56
2025-06-14 17:13:18.919959: I external/local_tsl/tsl/framework/bfc_allocator.cc:1095] InUse at 7f79298dd100 of size 15138816 next 301
2025-06-14 17:13:18.920387: I external/local_tsl/tsl/framework/bfc_allocator.cc:1095] InUse at 7f792a74d100 of size 1024 next 304
2025-06-14 17:13:18.920799: I external/local_tsl/tsl/framework/bfc_allocator.cc:1095] InUse at 7f792a74d500 of size 1024 next 305
2025-06-14 17:13:18.921208: I external/local_tsl/tsl/framework/bfc_allocator.cc:1095] InUse at 7f792a74d900 of size 1024 next 306
2025-06-14 17:13:18.921700: I external/local_tsl/tsl/framework/bfc_allocator.cc:1095] InUse at 7f792a74dd00 of size 1024 next 309
2025-06-14 17:13:18.922201: I external/local_tsl/tsl/framework/bfc_allocator.cc:1095] InUse at 7f792a74e100 of size 1024 next 310
2025-06-14 17:13:18.922687: I external/local_tsl/tsl/framework/bfc_allocator.cc:1095] InUse at 7f792a74e500 of size 512 next 317
2025-06-14 17:13:18.923169: I external/local_tsl/tsl/framework/bfc_allocator.cc:1095] InUse at 7f792a74e700 of size 512 next 318
2025-06-14 17:13:18.923646: I external/local_tsl/tsl/framework/bfc_allocator.cc:1095] InUse at 7f792a74e900 of size 256 next 326
2025-06-14 17:13:18.924116: I external/local_tsl/tsl/framework/bfc_allocator.cc:1095] InUse at 7f792a74ea00 of size 256 next 327
2025-06-14 17:13:18.924587: I external/local_tsl/tsl/framework/bfc_allocator.cc:1095] Free  at 7f792a74eb00 of size 25892096 next 18446744073709551615
2025-06-14 17:13:18.924947: I external/local_tsl/tsl/framework/bfc_allocator.cc:1075] Next region of size 33554432
2025-06-14 17:13:18.925358: I external/local_tsl/tsl/framework/bfc_allocator.cc:1095] InUse at 7f7940000000 of size 3538944 next 83
2025-06-14 17:13:18.925690: I external/local_tsl/tsl/framework/bfc_allocator.cc:1095] InUse at 7f7940360000 of size 221184 next 152
2025-06-14 17:13:18.926009: I external/local_tsl/tsl/framework/bfc_allocator.cc:1095] InUse at 7f7940396000 of size 221184 next 106
2025-06-14 17:13:18.926335: I external/local_tsl/tsl/framework/bfc_allocator.cc:1095] InUse at 7f79403cc000 of size 442368 next 100
2025-06-14 17:13:18.926670: I external/local_tsl/tsl/framework/bfc_allocator.cc:1095] InUse at 7f7940438000 of size 884736 next 90
2025-06-14 17:13:18.927007: I external/local_tsl/tsl/framework/bfc_allocator.cc:1095] InUse at 7f7940510000 of size 1769472 next 74
2025-06-14 17:13:18.927378: I external/local_tsl/tsl/framework/bfc_allocator.cc:1095] InUse at 7f79406c0000 of size 7077888 next 72
2025-06-14 17:13:18.927709: I external/local_tsl/tsl/framework/bfc_allocator.cc:1095] InUse at 7f7940d80000 of size 7077888 next 187
2025-06-14 17:13:18.928048: I external/local_tsl/tsl/framework/bfc_allocator.cc:1095] InUse at 7f7941440000 of size 12320768 next 18446744073709551615
2025-06-14 17:13:18.928416: I external/local_tsl/tsl/framework/bfc_allocator.cc:1075] Next region of size 16777216
2025-06-14 17:13:18.928833: I external/local_tsl/tsl/framework/bfc_allocator.cc:1095] InUse at 7f7942000000 of size 1769472 next 173
2025-06-14 17:13:18.929143: I external/local_tsl/tsl/framework/bfc_allocator.cc:1095] InUse at 7f79421b0000 of size 1769472 next 64
2025-06-14 17:13:18.929479: I external/local_tsl/tsl/framework/bfc_allocator.cc:1095] InUse at 7f7942360000 of size 3538944 next 62
2025-06-14 17:13:18.929794: I external/local_tsl/tsl/framework/bfc_allocator.cc:1095] InUse at 7f79426c0000 of size 3538944 next 180
2025-06-14 17:13:18.930099: I external/local_tsl/tsl/framework/bfc_allocator.cc:1095] InUse at 7f7942a20000 of size 1048576 next 194
2025-06-14 17:13:18.930417: I external/local_tsl/tsl/framework/bfc_allocator.cc:1095] InUse at 7f7942b20000 of size 1048576 next 195
2025-06-14 17:13:18.930749: I external/local_tsl/tsl/framework/bfc_allocator.cc:1095] InUse at 7f7942c20000 of size 4063232 next 18446744073709551615
2025-06-14 17:13:18.931060: I external/local_tsl/tsl/framework/bfc_allocator.cc:1075] Next region of size 2097152
2025-06-14 17:13:18.931507: I external/local_tsl/tsl/framework/bfc_allocator.cc:1095] InUse at 7f79aae00000 of size 1280 next 1
2025-06-14 17:13:18.931945: I external/local_tsl/tsl/framework/bfc_allocator.cc:1095] InUse at 7f79aae00500 of size 256 next 2
2025-06-14 17:13:18.932411: I external/local_tsl/tsl/framework/bfc_allocator.cc:1095] InUse at 7f79aae00600 of size 256 next 3
2025-06-14 17:13:18.932874: I external/local_tsl/tsl/framework/bfc_allocator.cc:1095] InUse at 7f79aae00700 of size 256 next 5
2025-06-14 17:13:18.933285: I external/local_tsl/tsl/framework/bfc_allocator.cc:1095] InUse at 7f79aae00800 of size 256 next 6
2025-06-14 17:13:18.933689: I external/local_tsl/tsl/framework/bfc_allocator.cc:1095] InUse at 7f79aae00900 of size 256 next 4
2025-06-14 17:13:18.934141: I external/local_tsl/tsl/framework/bfc_allocator.cc:1095] InUse at 7f79aae00a00 of size 256 next 7
2025-06-14 17:13:18.934587: I external/local_tsl/tsl/framework/bfc_allocator.cc:1095] InUse at 7f79aae00b00 of size 256 next 10
2025-06-14 17:13:18.935038: I external/local_tsl/tsl/framework/bfc_allocator.cc:1095] InUse at 7f79aae00c00 of size 256 next 278
2025-06-14 17:13:18.935500: I external/local_tsl/tsl/framework/bfc_allocator.cc:1095] InUse at 7f79aae00d00 of size 256 next 12
2025-06-14 17:13:18.935938: I external/local_tsl/tsl/framework/bfc_allocator.cc:1095] InUse at 7f79aae00e00 of size 256 next 13
2025-06-14 17:13:18.936343: I external/local_tsl/tsl/framework/bfc_allocator.cc:1095] InUse at 7f79aae00f00 of size 256 next 14
2025-06-14 17:13:18.936750: I external/local_tsl/tsl/framework/bfc_allocator.cc:1095] InUse at 7f79aae01000 of size 256 next 17
2025-06-14 17:13:18.937143: I external/local_tsl/tsl/framework/bfc_allocator.cc:1095] InUse at 7f79aae01100 of size 256 next 15
2025-06-14 17:13:18.937561: I external/local_tsl/tsl/framework/bfc_allocator.cc:1095] InUse at 7f79aae01200 of size 256 next 16
2025-06-14 17:13:18.937958: I external/local_tsl/tsl/framework/bfc_allocator.cc:1095] InUse at 7f79aae01300 of size 256 next 286
2025-06-14 17:13:18.938379: I external/local_tsl/tsl/framework/bfc_allocator.cc:1095] InUse at 7f79aae01400 of size 256 next 21
2025-06-14 17:13:18.938780: I external/local_tsl/tsl/framework/bfc_allocator.cc:1095] InUse at 7f79aae01500 of size 256 next 22
2025-06-14 17:13:18.939185: I external/local_tsl/tsl/framework/bfc_allocator.cc:1095] InUse at 7f79aae01600 of size 256 next 23
2025-06-14 17:13:18.939587: I external/local_tsl/tsl/framework/bfc_allocator.cc:1095] InUse at 7f79aae01700 of size 256 next 24
2025-06-14 17:13:18.939985: I external/local_tsl/tsl/framework/bfc_allocator.cc:1095] InUse at 7f79aae01800 of size 256 next 25
2025-06-14 17:13:18.940419: I external/local_tsl/tsl/framework/bfc_allocator.cc:1095] InUse at 7f79aae01900 of size 256 next 28
2025-06-14 17:13:18.940885: I external/local_tsl/tsl/framework/bfc_allocator.cc:1095] InUse at 7f79aae01a00 of size 256 next 290
2025-06-14 17:13:18.941348: I external/local_tsl/tsl/framework/bfc_allocator.cc:1095] InUse at 7f79aae01b00 of size 256 next 30
2025-06-14 17:13:18.941820: I external/local_tsl/tsl/framework/bfc_allocator.cc:1095] InUse at 7f79aae01c00 of size 256 next 31
2025-06-14 17:13:18.942258: I external/local_tsl/tsl/framework/bfc_allocator.cc:1095] InUse at 7f79aae01d00 of size 256 next 32
2025-06-14 17:13:18.942744: I external/local_tsl/tsl/framework/bfc_allocator.cc:1095] InUse at 7f79aae01e00 of size 256 next 35
2025-06-14 17:13:18.943184: I external/local_tsl/tsl/framework/bfc_allocator.cc:1095] InUse at 7f79aae01f00 of size 256 next 33
2025-06-14 17:13:18.943654: I external/local_tsl/tsl/framework/bfc_allocator.cc:1095] InUse at 7f79aae02000 of size 256 next 34
2025-06-14 17:13:18.944113: I external/local_tsl/tsl/framework/bfc_allocator.cc:1095] InUse at 7f79aae02100 of size 512 next 39
2025-06-14 17:13:18.944573: I external/local_tsl/tsl/framework/bfc_allocator.cc:1095] InUse at 7f79aae02300 of size 256 next 40
2025-06-14 17:13:18.945028: I external/local_tsl/tsl/framework/bfc_allocator.cc:1095] InUse at 7f79aae02400 of size 256 next 41
2025-06-14 17:13:18.945452: I external/local_tsl/tsl/framework/bfc_allocator.cc:1095] InUse at 7f79aae02500 of size 256 next 8
2025-06-14 17:13:18.945936: I external/local_tsl/tsl/framework/bfc_allocator.cc:1095] InUse at 7f79aae02600 of size 3584 next 9
2025-06-14 17:13:18.946448: I external/local_tsl/tsl/framework/bfc_allocator.cc:1095] InUse at 7f79aae03400 of size 512 next 42
2025-06-14 17:13:18.946966: I external/local_tsl/tsl/framework/bfc_allocator.cc:1095] InUse at 7f79aae03600 of size 512 next 45
2025-06-14 17:13:18.947430: I external/local_tsl/tsl/framework/bfc_allocator.cc:1095] InUse at 7f79aae03800 of size 512 next 46
2025-06-14 17:13:18.947851: I external/local_tsl/tsl/framework/bfc_allocator.cc:1095] InUse at 7f79aae03a00 of size 512 next 297
2025-06-14 17:13:18.948306: I external/local_tsl/tsl/framework/bfc_allocator.cc:1095] InUse at 7f79aae03c00 of size 512 next 48
2025-06-14 17:13:18.948754: I external/local_tsl/tsl/framework/bfc_allocator.cc:1095] InUse at 7f79aae03e00 of size 256 next 49
2025-06-14 17:13:18.949196: I external/local_tsl/tsl/framework/bfc_allocator.cc:1095] InUse at 7f79aae03f00 of size 512 next 50
2025-06-14 17:13:18.949684: I external/local_tsl/tsl/framework/bfc_allocator.cc:1095] InUse at 7f79aae04100 of size 512 next 51
2025-06-14 17:13:18.950152: I external/local_tsl/tsl/framework/bfc_allocator.cc:1095] InUse at 7f79aae04300 of size 512 next 55
2025-06-14 17:13:18.950625: I external/local_tsl/tsl/framework/bfc_allocator.cc:1095] InUse at 7f79aae04500 of size 1024 next 57
2025-06-14 17:13:18.951067: I external/local_tsl/tsl/framework/bfc_allocator.cc:1095] InUse at 7f79aae04900 of size 256 next 58
2025-06-14 17:13:18.951477: I external/local_tsl/tsl/framework/bfc_allocator.cc:1095] InUse at 7f79aae04a00 of size 256 next 59
2025-06-14 17:13:18.951904: I external/local_tsl/tsl/framework/bfc_allocator.cc:1095] InUse at 7f79aae04b00 of size 1024 next 60
2025-06-14 17:13:18.952314: I external/local_tsl/tsl/framework/bfc_allocator.cc:1095] InUse at 7f79aae04f00 of size 1024 next 61
2025-06-14 17:13:18.952738: I external/local_tsl/tsl/framework/bfc_allocator.cc:1095] InUse at 7f79aae05300 of size 1024 next 65
2025-06-14 17:13:18.953161: I external/local_tsl/tsl/framework/bfc_allocator.cc:1095] InUse at 7f79aae05700 of size 1024 next 308
2025-06-14 17:13:18.953585: I external/local_tsl/tsl/framework/bfc_allocator.cc:1095] InUse at 7f79aae05b00 of size 1024 next 67
2025-06-14 17:13:18.954047: I external/local_tsl/tsl/framework/bfc_allocator.cc:1095] InUse at 7f79aae05f00 of size 256 next 68
2025-06-14 17:13:18.954462: I external/local_tsl/tsl/framework/bfc_allocator.cc:1095] InUse at 7f79aae06000 of size 256 next 69
2025-06-14 17:13:18.954901: I external/local_tsl/tsl/framework/bfc_allocator.cc:1095] InUse at 7f79aae06100 of size 1024 next 70
2025-06-14 17:13:18.955387: I external/local_tsl/tsl/framework/bfc_allocator.cc:1095] InUse at 7f79aae06500 of size 1024 next 71
2025-06-14 17:13:18.955890: I external/local_tsl/tsl/framework/bfc_allocator.cc:1095] InUse at 7f79aae06900 of size 1024 next 75
2025-06-14 17:13:18.956357: I external/local_tsl/tsl/framework/bfc_allocator.cc:1095] InUse at 7f79aae06d00 of size 512 next 313
2025-06-14 17:13:18.956784: I external/local_tsl/tsl/framework/bfc_allocator.cc:1095] InUse at 7f79aae06f00 of size 512 next 314
2025-06-14 17:13:18.957196: I external/local_tsl/tsl/framework/bfc_allocator.cc:1095] InUse at 7f79aae07100 of size 512 next 315
2025-06-14 17:13:18.957609: I external/local_tsl/tsl/framework/bfc_allocator.cc:1095] InUse at 7f79aae07300 of size 512 next 77
2025-06-14 17:13:18.958029: I external/local_tsl/tsl/framework/bfc_allocator.cc:1095] InUse at 7f79aae07500 of size 256 next 78
2025-06-14 17:13:18.958442: I external/local_tsl/tsl/framework/bfc_allocator.cc:1095] InUse at 7f79aae07600 of size 256 next 79
2025-06-14 17:13:18.958850: I external/local_tsl/tsl/framework/bfc_allocator.cc:1095] InUse at 7f79aae07700 of size 512 next 80
2025-06-14 17:13:18.959298: I external/local_tsl/tsl/framework/bfc_allocator.cc:1095] InUse at 7f79aae07900 of size 512 next 81
2025-06-14 17:13:18.959738: I external/local_tsl/tsl/framework/bfc_allocator.cc:1095] InUse at 7f79aae07b00 of size 512 next 82
2025-06-14 17:13:18.960182: I external/local_tsl/tsl/framework/bfc_allocator.cc:1095] InUse at 7f79aae07d00 of size 512 next 84
2025-06-14 17:13:18.960651: I external/local_tsl/tsl/framework/bfc_allocator.cc:1095] InUse at 7f79aae07f00 of size 512 next 316
2025-06-14 17:13:18.961062: I external/local_tsl/tsl/framework/bfc_allocator.cc:1095] InUse at 7f79aae08100 of size 512 next 86
2025-06-14 17:13:18.961450: I external/local_tsl/tsl/framework/bfc_allocator.cc:1095] InUse at 7f79aae08300 of size 512 next 87
2025-06-14 17:13:18.961896: I external/local_tsl/tsl/framework/bfc_allocator.cc:1095] InUse at 7f79aae08500 of size 512 next 88
2025-06-14 17:13:18.962315: I external/local_tsl/tsl/framework/bfc_allocator.cc:1095] InUse at 7f79aae08700 of size 512 next 89
2025-06-14 17:13:18.962776: I external/local_tsl/tsl/framework/bfc_allocator.cc:1095] InUse at 7f79aae08900 of size 256 next 321
2025-06-14 17:13:18.963236: I external/local_tsl/tsl/framework/bfc_allocator.cc:1095] InUse at 7f79aae08a00 of size 256 next 323
2025-06-14 17:13:18.963663: I external/local_tsl/tsl/framework/bfc_allocator.cc:1095] InUse at 7f79aae08b00 of size 256 next 324
2025-06-14 17:13:18.964073: I external/local_tsl/tsl/framework/bfc_allocator.cc:1095] InUse at 7f79aae08c00 of size 256 next 92
2025-06-14 17:13:18.964534: I external/local_tsl/tsl/framework/bfc_allocator.cc:1095] InUse at 7f79aae08d00 of size 256 next 93
2025-06-14 17:13:18.964985: I external/local_tsl/tsl/framework/bfc_allocator.cc:1095] InUse at 7f79aae08e00 of size 256 next 94
2025-06-14 17:13:18.965422: I external/local_tsl/tsl/framework/bfc_allocator.cc:1095] InUse at 7f79aae08f00 of size 256 next 97
2025-06-14 17:13:18.965834: I external/local_tsl/tsl/framework/bfc_allocator.cc:1095] InUse at 7f79aae09000 of size 256 next 95
2025-06-14 17:13:18.966277: I external/local_tsl/tsl/framework/bfc_allocator.cc:1095] InUse at 7f79aae09100 of size 256 next 96
2025-06-14 17:13:18.966691: I external/local_tsl/tsl/framework/bfc_allocator.cc:1095] InUse at 7f79aae09200 of size 256 next 98
2025-06-14 17:13:18.967092: I external/local_tsl/tsl/framework/bfc_allocator.cc:1095] InUse at 7f79aae09300 of size 256 next 101
2025-06-14 17:13:18.967499: I external/local_tsl/tsl/framework/bfc_allocator.cc:1095] InUse at 7f79aae09400 of size 256 next 102
2025-06-14 17:13:18.967904: I external/local_tsl/tsl/framework/bfc_allocator.cc:1095] InUse at 7f79aae09500 of size 256 next 103
2025-06-14 17:13:18.968337: I external/local_tsl/tsl/framework/bfc_allocator.cc:1095] InUse at 7f79aae09600 of size 256 next 104
2025-06-14 17:13:18.968764: I external/local_tsl/tsl/framework/bfc_allocator.cc:1095] InUse at 7f79aae09700 of size 256 next 105
2025-06-14 17:13:18.969198: I external/local_tsl/tsl/framework/bfc_allocator.cc:1095] Free  at 7f79aae09800 of size 512 next 108
2025-06-14 17:13:18.969661: I external/local_tsl/tsl/framework/bfc_allocator.cc:1095] InUse at 7f79aae09a00 of size 256 next 109
2025-06-14 17:13:18.970080: I external/local_tsl/tsl/framework/bfc_allocator.cc:1095] InUse at 7f79aae09b00 of size 256 next 110
2025-06-14 17:13:18.970517: I external/local_tsl/tsl/framework/bfc_allocator.cc:1095] InUse at 7f79aae09c00 of size 256 next 146
2025-06-14 17:13:18.970963: I external/local_tsl/tsl/framework/bfc_allocator.cc:1095] InUse at 7f79aae09d00 of size 256 next 147
2025-06-14 17:13:18.971401: I external/local_tsl/tsl/framework/bfc_allocator.cc:1095] InUse at 7f79aae09e00 of size 256 next 148
2025-06-14 17:13:18.971815: I external/local_tsl/tsl/framework/bfc_allocator.cc:1095] InUse at 7f79aae09f00 of size 256 next 149
2025-06-14 17:13:18.972210: I external/local_tsl/tsl/framework/bfc_allocator.cc:1095] InUse at 7f79aae0a000 of size 256 next 150
2025-06-14 17:13:18.972641: I external/local_tsl/tsl/framework/bfc_allocator.cc:1095] InUse at 7f79aae0a100 of size 256 next 151
2025-06-14 17:13:18.973075: I external/local_tsl/tsl/framework/bfc_allocator.cc:1095] InUse at 7f79aae0a200 of size 256 next 153
2025-06-14 17:13:18.973502: I external/local_tsl/tsl/framework/bfc_allocator.cc:1095] InUse at 7f79aae0a300 of size 256 next 154
2025-06-14 17:13:18.973963: I external/local_tsl/tsl/framework/bfc_allocator.cc:1095] InUse at 7f79aae0a400 of size 256 next 155
2025-06-14 17:13:18.974398: I external/local_tsl/tsl/framework/bfc_allocator.cc:1095] InUse at 7f79aae0a500 of size 256 next 156
2025-06-14 17:13:18.974795: I external/local_tsl/tsl/framework/bfc_allocator.cc:1095] InUse at 7f79aae0a600 of size 256 next 157
2025-06-14 17:13:18.975196: I external/local_tsl/tsl/framework/bfc_allocator.cc:1095] InUse at 7f79aae0a700 of size 256 next 158
2025-06-14 17:13:18.975628: I external/local_tsl/tsl/framework/bfc_allocator.cc:1095] InUse at 7f79aae0a800 of size 256 next 160
2025-06-14 17:13:18.976054: I external/local_tsl/tsl/framework/bfc_allocator.cc:1095] InUse at 7f79aae0a900 of size 256 next 161
2025-06-14 17:13:18.976453: I external/local_tsl/tsl/framework/bfc_allocator.cc:1095] InUse at 7f79aae0aa00 of size 256 next 162
2025-06-14 17:13:18.976922: I external/local_tsl/tsl/framework/bfc_allocator.cc:1095] InUse at 7f79aae0ab00 of size 256 next 163
2025-06-14 17:13:18.977360: I external/local_tsl/tsl/framework/bfc_allocator.cc:1095] InUse at 7f79aae0ac00 of size 256 next 164
2025-06-14 17:13:18.977830: I external/local_tsl/tsl/framework/bfc_allocator.cc:1095] InUse at 7f79aae0ad00 of size 256 next 165
2025-06-14 17:13:18.978281: I external/local_tsl/tsl/framework/bfc_allocator.cc:1095] InUse at 7f79aae0ae00 of size 512 next 167
2025-06-14 17:13:18.978682: I external/local_tsl/tsl/framework/bfc_allocator.cc:1095] InUse at 7f79aae0b000 of size 512 next 168
2025-06-14 17:13:18.979076: I external/local_tsl/tsl/framework/bfc_allocator.cc:1095] InUse at 7f79aae0b200 of size 512 next 169
2025-06-14 17:13:18.979470: I external/local_tsl/tsl/framework/bfc_allocator.cc:1095] InUse at 7f79aae0b400 of size 512 next 170
2025-06-14 17:13:18.979879: I external/local_tsl/tsl/framework/bfc_allocator.cc:1095] InUse at 7f79aae0b600 of size 512 next 171
2025-06-14 17:13:18.980281: I external/local_tsl/tsl/framework/bfc_allocator.cc:1095] InUse at 7f79aae0b800 of size 512 next 172
2025-06-14 17:13:18.980677: I external/local_tsl/tsl/framework/bfc_allocator.cc:1095] InUse at 7f79aae0ba00 of size 512 next 174
2025-06-14 17:13:18.981074: I external/local_tsl/tsl/framework/bfc_allocator.cc:1095] InUse at 7f79aae0bc00 of size 512 next 175
2025-06-14 17:13:18.981513: I external/local_tsl/tsl/framework/bfc_allocator.cc:1095] InUse at 7f79aae0be00 of size 512 next 176
2025-06-14 17:13:18.981937: I external/local_tsl/tsl/framework/bfc_allocator.cc:1095] InUse at 7f79aae0c000 of size 512 next 177
2025-06-14 17:13:18.982374: I external/local_tsl/tsl/framework/bfc_allocator.cc:1095] InUse at 7f79aae0c200 of size 512 next 178
2025-06-14 17:13:18.982845: I external/local_tsl/tsl/framework/bfc_allocator.cc:1095] InUse at 7f79aae0c400 of size 512 next 179
2025-06-14 17:13:18.983258: I external/local_tsl/tsl/framework/bfc_allocator.cc:1095] InUse at 7f79aae0c600 of size 1024 next 181
2025-06-14 17:13:18.983661: I external/local_tsl/tsl/framework/bfc_allocator.cc:1095] InUse at 7f79aae0ca00 of size 1024 next 182
2025-06-14 17:13:18.984089: I external/local_tsl/tsl/framework/bfc_allocator.cc:1095] InUse at 7f79aae0ce00 of size 1024 next 183
2025-06-14 17:13:18.984498: I external/local_tsl/tsl/framework/bfc_allocator.cc:1095] InUse at 7f79aae0d200 of size 1024 next 184
2025-06-14 17:13:18.984939: I external/local_tsl/tsl/framework/bfc_allocator.cc:1095] InUse at 7f79aae0d600 of size 1024 next 185
2025-06-14 17:13:18.985402: I external/local_tsl/tsl/framework/bfc_allocator.cc:1095] InUse at 7f79aae0da00 of size 1024 next 186
2025-06-14 17:13:18.985879: I external/local_tsl/tsl/framework/bfc_allocator.cc:1095] InUse at 7f79aae0de00 of size 1024 next 188
2025-06-14 17:13:18.986338: I external/local_tsl/tsl/framework/bfc_allocator.cc:1095] InUse at 7f79aae0e200 of size 1024 next 189
2025-06-14 17:13:18.986822: I external/local_tsl/tsl/framework/bfc_allocator.cc:1095] InUse at 7f79aae0e600 of size 1024 next 190
2025-06-14 17:13:18.987260: I external/local_tsl/tsl/framework/bfc_allocator.cc:1095] InUse at 7f79aae0ea00 of size 1024 next 191
2025-06-14 17:13:18.987709: I external/local_tsl/tsl/framework/bfc_allocator.cc:1095] InUse at 7f79aae0ee00 of size 1024 next 192
2025-06-14 17:13:18.988184: I external/local_tsl/tsl/framework/bfc_allocator.cc:1095] InUse at 7f79aae0f200 of size 1024 next 193
2025-06-14 17:13:18.988593: I external/local_tsl/tsl/framework/bfc_allocator.cc:1095] InUse at 7f79aae0f600 of size 512 next 196
2025-06-14 17:13:18.989004: I external/local_tsl/tsl/framework/bfc_allocator.cc:1095] InUse at 7f79aae0f800 of size 512 next 197
2025-06-14 17:13:18.989448: I external/local_tsl/tsl/framework/bfc_allocator.cc:1095] InUse at 7f79aae0fa00 of size 512 next 199
2025-06-14 17:13:18.989915: I external/local_tsl/tsl/framework/bfc_allocator.cc:1095] InUse at 7f79aae0fc00 of size 512 next 200
2025-06-14 17:13:18.990374: I external/local_tsl/tsl/framework/bfc_allocator.cc:1095] InUse at 7f79aae0fe00 of size 512 next 201
2025-06-14 17:13:18.990805: I external/local_tsl/tsl/framework/bfc_allocator.cc:1095] InUse at 7f79aae10000 of size 512 next 202
2025-06-14 17:13:18.991219: I external/local_tsl/tsl/framework/bfc_allocator.cc:1095] InUse at 7f79aae10200 of size 512 next 203
2025-06-14 17:13:18.991628: I external/local_tsl/tsl/framework/bfc_allocator.cc:1095] InUse at 7f79aae10400 of size 512 next 204
2025-06-14 17:13:18.992024: I external/local_tsl/tsl/framework/bfc_allocator.cc:1095] InUse at 7f79aae10600 of size 512 next 207
2025-06-14 17:13:18.992419: I external/local_tsl/tsl/framework/bfc_allocator.cc:1095] InUse at 7f79aae10800 of size 512 next 208
2025-06-14 17:13:18.992811: I external/local_tsl/tsl/framework/bfc_allocator.cc:1095] InUse at 7f79aae10a00 of size 512 next 209
2025-06-14 17:13:18.993261: I external/local_tsl/tsl/framework/bfc_allocator.cc:1095] InUse at 7f79aae10c00 of size 512 next 210
2025-06-14 17:13:18.993716: I external/local_tsl/tsl/framework/bfc_allocator.cc:1095] InUse at 7f79aae10e00 of size 512 next 211
2025-06-14 17:13:18.994124: I external/local_tsl/tsl/framework/bfc_allocator.cc:1095] InUse at 7f79aae11000 of size 512 next 212
2025-06-14 17:13:18.994526: I external/local_tsl/tsl/framework/bfc_allocator.cc:1095] InUse at 7f79aae11200 of size 256 next 215
2025-06-14 17:13:18.994931: I external/local_tsl/tsl/framework/bfc_allocator.cc:1095] InUse at 7f79aae11300 of size 256 next 216
2025-06-14 17:13:18.995320: I external/local_tsl/tsl/framework/bfc_allocator.cc:1095] InUse at 7f79aae11400 of size 256 next 219
2025-06-14 17:13:18.995778: I external/local_tsl/tsl/framework/bfc_allocator.cc:1095] InUse at 7f79aae11500 of size 256 next 220
2025-06-14 17:13:18.996225: I external/local_tsl/tsl/framework/bfc_allocator.cc:1095] InUse at 7f79aae11600 of size 256 next 221
2025-06-14 17:13:18.996679: I external/local_tsl/tsl/framework/bfc_allocator.cc:1095] InUse at 7f79aae11700 of size 256 next 222
2025-06-14 17:13:18.997145: I external/local_tsl/tsl/framework/bfc_allocator.cc:1095] InUse at 7f79aae11800 of size 256 next 223
2025-06-14 17:13:18.997557: I external/local_tsl/tsl/framework/bfc_allocator.cc:1095] InUse at 7f79aae11900 of size 256 next 224
2025-06-14 17:13:18.998027: I external/local_tsl/tsl/framework/bfc_allocator.cc:1095] InUse at 7f79aae11a00 of size 256 next 227
2025-06-14 17:13:18.998445: I external/local_tsl/tsl/framework/bfc_allocator.cc:1095] InUse at 7f79aae11b00 of size 256 next 228
2025-06-14 17:13:18.998901: I external/local_tsl/tsl/framework/bfc_allocator.cc:1095] InUse at 7f79aae11c00 of size 256 next 229
2025-06-14 17:13:18.999316: I external/local_tsl/tsl/framework/bfc_allocator.cc:1095] InUse at 7f79aae11d00 of size 256 next 230
2025-06-14 17:13:18.999711: I external/local_tsl/tsl/framework/bfc_allocator.cc:1095] InUse at 7f79aae11e00 of size 256 next 231
2025-06-14 17:13:19.000163: I external/local_tsl/tsl/framework/bfc_allocator.cc:1095] InUse at 7f79aae11f00 of size 256 next 232
2025-06-14 17:13:19.000569: I external/local_tsl/tsl/framework/bfc_allocator.cc:1095] InUse at 7f79aae12000 of size 65536 next 233
2025-06-14 17:13:19.001011: I external/local_tsl/tsl/framework/bfc_allocator.cc:1095] InUse at 7f79aae22000 of size 95232 next 19
2025-06-14 17:13:19.001469: I external/local_tsl/tsl/framework/bfc_allocator.cc:1095] InUse at 7f79aae39400 of size 110592 next 18
2025-06-14 17:13:19.001881: I external/local_tsl/tsl/framework/bfc_allocator.cc:1095] InUse at 7f79aae54400 of size 65536 next 115
2025-06-14 17:13:19.002244: I external/local_tsl/tsl/framework/bfc_allocator.cc:1095] InUse at 7f79aae64400 of size 256 next 112
2025-06-14 17:13:19.002643: I external/local_tsl/tsl/framework/bfc_allocator.cc:1095] InUse at 7f79aae64500 of size 256 next 114
2025-06-14 17:13:19.003080: I external/local_tsl/tsl/framework/bfc_allocator.cc:1095] InUse at 7f79aae64600 of size 256 next 113
2025-06-14 17:13:19.003493: I external/local_tsl/tsl/framework/bfc_allocator.cc:1095] InUse at 7f79aae64700 of size 256 next 111
2025-06-14 17:13:19.003897: I external/local_tsl/tsl/framework/bfc_allocator.cc:1095] InUse at 7f79aae64800 of size 256 next 117
2025-06-14 17:13:19.004349: I external/local_tsl/tsl/framework/bfc_allocator.cc:1095] InUse at 7f79aae64900 of size 256 next 118
2025-06-14 17:13:19.004808: I external/local_tsl/tsl/framework/bfc_allocator.cc:1095] InUse at 7f79aae64a00 of size 256 next 120
2025-06-14 17:13:19.005249: I external/local_tsl/tsl/framework/bfc_allocator.cc:1095] InUse at 7f79aae64b00 of size 256 next 119
2025-06-14 17:13:19.005691: I external/local_tsl/tsl/framework/bfc_allocator.cc:1095] InUse at 7f79aae64c00 of size 256 next 121
2025-06-14 17:13:19.006150: I external/local_tsl/tsl/framework/bfc_allocator.cc:1095] InUse at 7f79aae64d00 of size 256 next 123
2025-06-14 17:13:19.006590: I external/local_tsl/tsl/framework/bfc_allocator.cc:1095] InUse at 7f79aae64e00 of size 256 next 124
2025-06-14 17:13:19.007048: I external/local_tsl/tsl/framework/bfc_allocator.cc:1095] InUse at 7f79aae64f00 of size 256 next 125
2025-06-14 17:13:19.007443: I external/local_tsl/tsl/framework/bfc_allocator.cc:1095] InUse at 7f79aae65000 of size 256 next 126
2025-06-14 17:13:19.007842: I external/local_tsl/tsl/framework/bfc_allocator.cc:1095] InUse at 7f79aae65100 of size 256 next 128
2025-06-14 17:13:19.008265: I external/local_tsl/tsl/framework/bfc_allocator.cc:1095] InUse at 7f79aae65200 of size 256 next 127
2025-06-14 17:13:19.008666: I external/local_tsl/tsl/framework/bfc_allocator.cc:1095] InUse at 7f79aae65300 of size 256 next 129
2025-06-14 17:13:19.009116: I external/local_tsl/tsl/framework/bfc_allocator.cc:1095] InUse at 7f79aae65400 of size 256 next 130
2025-06-14 17:13:19.009517: I external/local_tsl/tsl/framework/bfc_allocator.cc:1095] InUse at 7f79aae65500 of size 256 next 131
2025-06-14 17:13:19.009967: I external/local_tsl/tsl/framework/bfc_allocator.cc:1095] InUse at 7f79aae65600 of size 256 next 132
2025-06-14 17:13:19.010420: I external/local_tsl/tsl/framework/bfc_allocator.cc:1095] InUse at 7f79aae65700 of size 256 next 133
2025-06-14 17:13:19.010841: I external/local_tsl/tsl/framework/bfc_allocator.cc:1095] InUse at 7f79aae65800 of size 256 next 137
2025-06-14 17:13:19.011244: I external/local_tsl/tsl/framework/bfc_allocator.cc:1095] InUse at 7f79aae65900 of size 256 next 136
2025-06-14 17:13:19.011687: I external/local_tsl/tsl/framework/bfc_allocator.cc:1095] InUse at 7f79aae65a00 of size 3584 next 138
2025-06-14 17:13:19.012091: I external/local_tsl/tsl/framework/bfc_allocator.cc:1095] InUse at 7f79aae66800 of size 3584 next 139
2025-06-14 17:13:19.012484: I external/local_tsl/tsl/framework/bfc_allocator.cc:1095] InUse at 7f79aae67600 of size 256 next 140
2025-06-14 17:13:19.012896: I external/local_tsl/tsl/framework/bfc_allocator.cc:1095] InUse at 7f79aae67700 of size 256 next 141
2025-06-14 17:13:19.013330: I external/local_tsl/tsl/framework/bfc_allocator.cc:1095] InUse at 7f79aae67800 of size 256 next 142
2025-06-14 17:13:19.013740: I external/local_tsl/tsl/framework/bfc_allocator.cc:1095] InUse at 7f79aae67900 of size 256 next 143
2025-06-14 17:13:19.014190: I external/local_tsl/tsl/framework/bfc_allocator.cc:1095] InUse at 7f79aae67a00 of size 256 next 144
2025-06-14 17:13:19.014624: I external/local_tsl/tsl/framework/bfc_allocator.cc:1095] InUse at 7f79aae67b00 of size 256 next 145
2025-06-14 17:13:19.015075: I external/local_tsl/tsl/framework/bfc_allocator.cc:1095] InUse at 7f79aae67c00 of size 141312 next 27
2025-06-14 17:13:19.015470: I external/local_tsl/tsl/framework/bfc_allocator.cc:1095] InUse at 7f79aae8a400 of size 221184 next 26
2025-06-14 17:13:19.015829: I external/local_tsl/tsl/framework/bfc_allocator.cc:1095] InUse at 7f79aaec0400 of size 442368 next 159
2025-06-14 17:13:19.016154: I external/local_tsl/tsl/framework/bfc_allocator.cc:1095] InUse at 7f79aaf2c400 of size 867328 next 18446744073709551615
2025-06-14 17:13:19.016542: I external/local_tsl/tsl/framework/bfc_allocator.cc:1075] Next region of size 4194304
2025-06-14 17:13:19.016969: I external/local_tsl/tsl/framework/bfc_allocator.cc:1095] InUse at 7f79ab400000 of size 442368 next 37
2025-06-14 17:13:19.017353: I external/local_tsl/tsl/framework/bfc_allocator.cc:1095] InUse at 7f79ab46c000 of size 221184 next 116
2025-06-14 17:13:19.017726: I external/local_tsl/tsl/framework/bfc_allocator.cc:1095] InUse at 7f79ab4a2000 of size 110592 next 122
2025-06-14 17:13:19.018112: I external/local_tsl/tsl/framework/bfc_allocator.cc:1095] InUse at 7f79ab4bd000 of size 192512 next 99
2025-06-14 17:13:19.018459: I external/local_tsl/tsl/framework/bfc_allocator.cc:1095] InUse at 7f79ab4ec000 of size 360448 next 44
2025-06-14 17:13:19.018799: I external/local_tsl/tsl/framework/bfc_allocator.cc:1095] InUse at 7f79ab544000 of size 884736 next 43
2025-06-14 17:13:19.019130: I external/local_tsl/tsl/framework/bfc_allocator.cc:1095] InUse at 7f79ab61c000 of size 1982464 next 18446744073709551615
2025-06-14 17:13:19.019500: I external/local_tsl/tsl/framework/bfc_allocator.cc:1075] Next region of size 8388608
2025-06-14 17:13:19.019906: I external/local_tsl/tsl/framework/bfc_allocator.cc:1095] InUse at 7f79ab800000 of size 884736 next 166
2025-06-14 17:13:19.020306: I external/local_tsl/tsl/framework/bfc_allocator.cc:1095] InUse at 7f79ab8d8000 of size 884736 next 54
2025-06-14 17:13:19.020696: I external/local_tsl/tsl/framework/bfc_allocator.cc:1095] InUse at 7f79ab9b0000 of size 1769472 next 52
2025-06-14 17:13:19.021081: I external/local_tsl/tsl/framework/bfc_allocator.cc:1095] InUse at 7f79abb60000 of size 4849664 next 18446744073709551615
2025-06-14 17:13:19.021452: I external/local_tsl/tsl/framework/bfc_allocator.cc:1100]      Summary of in-use Chunks by size: 
2025-06-14 17:13:19.021854: I external/local_tsl/tsl/framework/bfc_allocator.cc:1103] 155 Chunks of size 256 totalling 38.8KiB
2025-06-14 17:13:19.022288: I external/local_tsl/tsl/framework/bfc_allocator.cc:1103] 54 Chunks of size 512 totalling 27.0KiB
2025-06-14 17:13:19.022731: I external/local_tsl/tsl/framework/bfc_allocator.cc:1103] 1 Chunks of size 768 totalling 768B
2025-06-14 17:13:19.023161: I external/local_tsl/tsl/framework/bfc_allocator.cc:1103] 26 Chunks of size 1024 totalling 26.0KiB
2025-06-14 17:13:19.023624: I external/local_tsl/tsl/framework/bfc_allocator.cc:1103] 1 Chunks of size 1280 totalling 1.2KiB
2025-06-14 17:13:19.024043: I external/local_tsl/tsl/framework/bfc_allocator.cc:1103] 3 Chunks of size 3584 totalling 10.5KiB
2025-06-14 17:13:19.024480: I external/local_tsl/tsl/framework/bfc_allocator.cc:1103] 2 Chunks of size 65536 totalling 128.0KiB
2025-06-14 17:13:19.024896: I external/local_tsl/tsl/framework/bfc_allocator.cc:1103] 1 Chunks of size 95232 totalling 93.0KiB
2025-06-14 17:13:19.025325: I external/local_tsl/tsl/framework/bfc_allocator.cc:1103] 4 Chunks of size 110592 totalling 432.0KiB
2025-06-14 17:13:19.025729: I external/local_tsl/tsl/framework/bfc_allocator.cc:1103] 1 Chunks of size 141312 totalling 138.0KiB
2025-06-14 17:13:19.026161: I external/local_tsl/tsl/framework/bfc_allocator.cc:1103] 1 Chunks of size 192512 totalling 188.0KiB
2025-06-14 17:13:19.026590: I external/local_tsl/tsl/framework/bfc_allocator.cc:1103] 6 Chunks of size 221184 totalling 1.27MiB
2025-06-14 17:13:19.027005: I external/local_tsl/tsl/framework/bfc_allocator.cc:1103] 2 Chunks of size 262144 totalling 512.0KiB
2025-06-14 17:13:19.027446: I external/local_tsl/tsl/framework/bfc_allocator.cc:1103] 1 Chunks of size 360448 totalling 352.0KiB
2025-06-14 17:13:19.027916: I external/local_tsl/tsl/framework/bfc_allocator.cc:1103] 5 Chunks of size 442368 totalling 2.11MiB
2025-06-14 17:13:19.028325: I external/local_tsl/tsl/framework/bfc_allocator.cc:1103] 1 Chunks of size 867328 totalling 847.0KiB
2025-06-14 17:13:19.028729: I external/local_tsl/tsl/framework/bfc_allocator.cc:1103] 6 Chunks of size 884736 totalling 5.06MiB
2025-06-14 17:13:19.029120: I external/local_tsl/tsl/framework/bfc_allocator.cc:1103] 2 Chunks of size 1048576 totalling 2.00MiB
2025-06-14 17:13:19.029575: I external/local_tsl/tsl/framework/bfc_allocator.cc:1103] 6 Chunks of size 1769472 totalling 10.12MiB
2025-06-14 17:13:19.029995: I external/local_tsl/tsl/framework/bfc_allocator.cc:1103] 1 Chunks of size 1982464 totalling 1.89MiB
2025-06-14 17:13:19.030388: I external/local_tsl/tsl/framework/bfc_allocator.cc:1103] 4 Chunks of size 3538944 totalling 13.50MiB
2025-06-14 17:13:19.030854: I external/local_tsl/tsl/framework/bfc_allocator.cc:1103] 1 Chunks of size 4063232 totalling 3.88MiB
2025-06-14 17:13:19.031306: I external/local_tsl/tsl/framework/bfc_allocator.cc:1103] 1 Chunks of size 4849664 totalling 4.62MiB
2025-06-14 17:13:19.031787: I external/local_tsl/tsl/framework/bfc_allocator.cc:1103] 2 Chunks of size 7077888 totalling 13.50MiB
2025-06-14 17:13:19.032308: I external/local_tsl/tsl/framework/bfc_allocator.cc:1103] 1 Chunks of size 12320768 totalling 11.75MiB
2025-06-14 17:13:19.032721: I external/local_tsl/tsl/framework/bfc_allocator.cc:1103] 2 Chunks of size 15138816 totalling 28.88MiB
2025-06-14 17:13:19.033137: I external/local_tsl/tsl/framework/bfc_allocator.cc:1103] 4 Chunks of size 30277632 totalling 115.50MiB
2025-06-14 17:13:19.033509: I external/local_tsl/tsl/framework/bfc_allocator.cc:1103] 2 Chunks of size 60555264 totalling 115.50MiB
2025-06-14 17:13:19.033877: I external/local_tsl/tsl/framework/bfc_allocator.cc:1103] 1 Chunks of size 73662464 totalling 70.25MiB
2025-06-14 17:13:19.034215: I external/local_tsl/tsl/framework/bfc_allocator.cc:1103] 1 Chunks of size 116654080 totalling 111.25MiB
2025-06-14 17:13:19.034571: I external/local_tsl/tsl/framework/bfc_allocator.cc:1103] 6 Chunks of size 121110528 totalling 693.00MiB
2025-06-14 17:13:19.034871: I external/local_tsl/tsl/framework/bfc_allocator.cc:1103] 2 Chunks of size 209715200 totalling 400.00MiB
2025-06-14 17:13:19.035257: I external/local_tsl/tsl/framework/bfc_allocator.cc:1103] 3 Chunks of size 242221056 totalling 693.00MiB
2025-06-14 17:13:19.035610: I external/local_tsl/tsl/framework/bfc_allocator.cc:1103] 8 Chunks of size 484442112 totalling 3.61GiB
2025-06-14 17:13:19.035980: I external/local_tsl/tsl/framework/bfc_allocator.cc:1103] 1 Chunks of size 968884224 totalling 924.00MiB
2025-06-14 17:13:19.036379: I external/local_tsl/tsl/framework/bfc_allocator.cc:1103] 6 Chunks of size 1937768448 totalling 10.83GiB
2025-06-14 17:13:19.036728: I external/local_tsl/tsl/framework/bfc_allocator.cc:1107] Sum Total of in-use chunks: 17.58GiB
2025-06-14 17:13:19.037120: I external/local_tsl/tsl/framework/bfc_allocator.cc:1109] Total bytes in pool: 23575789568 memory_limit_: 23575789568 available bytes: 0 curr_region_allocation_bytes_: 34359738368
2025-06-14 17:13:19.037479: I external/local_tsl/tsl/framework/bfc_allocator.cc:1114] Stats: 
Limit:                     23575789568
InUse:                     18882554112
MaxInUse:                  22800760320
NumAllocs:                         912
MaxAllocSize:               4135495424
Reserved:                            0
PeakReserved:                        0
LargestFreeBlock:                    0

2025-06-14 17:13:19.037833: W external/local_tsl/tsl/framework/bfc_allocator.cc:497] ________*********________************************************_**************************************
2025-06-14 17:13:19.038174: W tensorflow/core/framework/op_kernel.cc:1839] OP_REQUIRES failed at concat_op.cc:165 : RESOURCE_EXHAUSTED: OOM when allocating tensor with shape[2,64,192,224,176] and type float on /job:localhost/replica:0/task:0/device:GPU:0 by allocator GPU_0_bfc
Traceback (most recent call last):
  File "/mnt/beegfs/hellgate/home/rb194958e/stroke_segmentation_sota/batch_wise_train.py", line 277, in <module>
    if main():
       ^^^^^^
  File "/mnt/beegfs/hellgate/home/rb194958e/stroke_segmentation_sota/batch_wise_train.py", line 256, in main
    history = model.fit(
              ^^^^^^^^^^
  File "/mnt/beegfs/hellgate/home/rb194958e/.conda/envs/tf215_env/lib/python3.11/site-packages/keras/src/utils/traceback_utils.py", line 70, in error_handler
    raise e.with_traceback(filtered_tb) from None
  File "/mnt/beegfs/hellgate/home/rb194958e/.conda/envs/tf215_env/lib/python3.11/site-packages/tensorflow/python/eager/execute.py", line 53, in quick_execute
    tensors = pywrap_tfe.TFE_Py_Execute(ctx._handle, device_name, op_name,
  ^^^^^^^^^^^^^^^^^^^^^^^^^^^^^^^^^^^^^^^^^^^^^^^^^^^^^^^^^^^^^^^^^^^^^^^^
tensorflow.python.framework.errors_impl.ResourceExhaustedError: Graph execution error:

Detected at node model/concatenate_2/concat defined at (most recent call last):
  File "/mnt/beegfs/hellgate/home/rb194958e/stroke_segmentation_sota/batch_wise_train.py", line 277, in <module>

  File "/mnt/beegfs/hellgate/home/rb194958e/stroke_segmentation_sota/batch_wise_train.py", line 256, in main

  File "/mnt/beegfs/hellgate/home/rb194958e/.conda/envs/tf215_env/lib/python3.11/site-packages/keras/src/utils/traceback_utils.py", line 65, in error_handler

  File "/mnt/beegfs/hellgate/home/rb194958e/.conda/envs/tf215_env/lib/python3.11/site-packages/keras/src/engine/training.py", line 1807, in fit

  File "/mnt/beegfs/hellgate/home/rb194958e/.conda/envs/tf215_env/lib/python3.11/site-packages/keras/src/engine/training.py", line 1401, in train_function

  File "/mnt/beegfs/hellgate/home/rb194958e/.conda/envs/tf215_env/lib/python3.11/site-packages/keras/src/engine/training.py", line 1384, in step_function

  File "/mnt/beegfs/hellgate/home/rb194958e/.conda/envs/tf215_env/lib/python3.11/site-packages/keras/src/engine/training.py", line 1373, in run_step

  File "/mnt/beegfs/hellgate/home/rb194958e/.conda/envs/tf215_env/lib/python3.11/site-packages/keras/src/engine/training.py", line 1150, in train_step

  File "/mnt/beegfs/hellgate/home/rb194958e/.conda/envs/tf215_env/lib/python3.11/site-packages/keras/src/utils/traceback_utils.py", line 65, in error_handler

  File "/mnt/beegfs/hellgate/home/rb194958e/.conda/envs/tf215_env/lib/python3.11/site-packages/keras/src/engine/training.py", line 590, in __call__

  File "/mnt/beegfs/hellgate/home/rb194958e/.conda/envs/tf215_env/lib/python3.11/site-packages/keras/src/utils/traceback_utils.py", line 65, in error_handler

  File "/mnt/beegfs/hellgate/home/rb194958e/.conda/envs/tf215_env/lib/python3.11/site-packages/keras/src/engine/base_layer.py", line 1149, in __call__

  File "/mnt/beegfs/hellgate/home/rb194958e/.conda/envs/tf215_env/lib/python3.11/site-packages/keras/src/utils/traceback_utils.py", line 96, in error_handler

  File "/mnt/beegfs/hellgate/home/rb194958e/.conda/envs/tf215_env/lib/python3.11/site-packages/keras/src/engine/functional.py", line 515, in call

  File "/mnt/beegfs/hellgate/home/rb194958e/.conda/envs/tf215_env/lib/python3.11/site-packages/keras/src/engine/functional.py", line 672, in _run_internal_graph

  File "/mnt/beegfs/hellgate/home/rb194958e/.conda/envs/tf215_env/lib/python3.11/site-packages/keras/src/utils/traceback_utils.py", line 65, in error_handler

  File "/mnt/beegfs/hellgate/home/rb194958e/.conda/envs/tf215_env/lib/python3.11/site-packages/keras/src/engine/base_layer.py", line 1149, in __call__

  File "/mnt/beegfs/hellgate/home/rb194958e/.conda/envs/tf215_env/lib/python3.11/site-packages/keras/src/utils/traceback_utils.py", line 96, in error_handler

  File "/mnt/beegfs/hellgate/home/rb194958e/.conda/envs/tf215_env/lib/python3.11/site-packages/keras/src/layers/merging/base_merge.py", line 196, in call

  File "/mnt/beegfs/hellgate/home/rb194958e/.conda/envs/tf215_env/lib/python3.11/site-packages/keras/src/layers/merging/concatenate.py", line 134, in _merge_function

  File "/mnt/beegfs/hellgate/home/rb194958e/.conda/envs/tf215_env/lib/python3.11/site-packages/keras/src/backend.py", line 3580, in concatenate

OOM when allocating tensor with shape[2,64,192,224,176] and type float on /job:localhost/replica:0/task:0/device:GPU:0 by allocator GPU_0_bfc
	 [[{{node model/concatenate_2/concat}}]]
Hint: If you want to see a list of allocated tensors when OOM happens, add report_tensor_allocations_upon_oom to RunOptions for current allocation info. This isn't available when running in Eager mode.
 [Op:__inference_train_function_7309]
2025-06-14 17:13:19.198397: W tensorflow/core/kernels/data/generator_dataset_op.cc:108] Error occurred when finalizing GeneratorDataset iterator: FAILED_PRECONDITION: Python interpreter state is not initialized. The process may be terminated.
	 [[{{node PyFunc}}]]
/var/spool/slurmd/job1123894/slurm_script: line 320: EOF: command not found
/var/spool/slurmd/job1123894/slurm_script: line 330: unexpected EOF while looking for matching ``'
/var/spool/slurmd/job1123894/slurm_script: line 339: syntax error: unexpected end of file
