2025-06-14 15:53:49.925638: I tensorflow/core/util/port.cc:113] oneDNN custom operations are on. You may see slightly different numerical results due to floating-point round-off errors from different computation orders. To turn them off, set the environment variable `TF_ENABLE_ONEDNN_OPTS=0`.
2025-06-14 15:53:50.702136: E external/local_xla/xla/stream_executor/cuda/cuda_dnn.cc:9261] Unable to register cuDNN factory: Attempting to register factory for plugin cuDNN when one has already been registered
2025-06-14 15:53:50.702871: E external/local_xla/xla/stream_executor/cuda/cuda_fft.cc:607] Unable to register cuFFT factory: Attempting to register factory for plugin cuFFT when one has already been registered
2025-06-14 15:53:50.819537: E external/local_xla/xla/stream_executor/cuda/cuda_blas.cc:1515] Unable to register cuBLAS factory: Attempting to register factory for plugin cuBLAS when one has already been registered
2025-06-14 15:53:51.076764: I tensorflow/core/platform/cpu_feature_guard.cc:182] This TensorFlow binary is optimized to use available CPU instructions in performance-critical operations.
To enable the following instructions: AVX2 AVX512F AVX512_VNNI FMA, in other operations, rebuild TensorFlow with the appropriate compiler flags.
2025-06-14 15:53:57.923788: W tensorflow/compiler/tf2tensorrt/utils/py_utils.cc:38] TF-TRT Warning: Could not find TensorRT
INFO:__main__:🚀 Starting Stroke Lesion Segmentation Training
INFO:__main__:Using 1 GPU(s)
INFO:__main__:Creating data generators...
INFO:__main__:Found 655 valid image/mask pairs
INFO:__main__:Found 655 valid image/mask pairs
INFO:__main__:Training batches: 262
INFO:__main__:Validation batches: 65
INFO:__main__:Building model...
2025-06-14 15:54:12.536937: I tensorflow/core/common_runtime/gpu/gpu_device.cc:1929] Created device /job:localhost/replica:0/task:0/device:GPU:0 with 22483 MB memory:  -> device: 0, name: NVIDIA RTX 4500 Ada Generation, pci bus id: 0000:1c:00.0, compute capability: 8.9
INFO:__main__:Model parameters: 5,605,345
INFO:__main__:Starting training...
pixdim[0] (qfac) should be 1 (default) or -1; setting qfac to 1
INFO:nibabel.global:pixdim[0] (qfac) should be 1 (default) or -1; setting qfac to 1
pixdim[0] (qfac) should be 1 (default) or -1; setting qfac to 1
INFO:nibabel.global:pixdim[0] (qfac) should be 1 (default) or -1; setting qfac to 1
pixdim[0] (qfac) should be 1 (default) or -1; setting qfac to 1
INFO:nibabel.global:pixdim[0] (qfac) should be 1 (default) or -1; setting qfac to 1
pixdim[0] (qfac) should be 1 (default) or -1; setting qfac to 1
INFO:nibabel.global:pixdim[0] (qfac) should be 1 (default) or -1; setting qfac to 1
2025-06-14 15:54:20.244681: I external/local_xla/xla/stream_executor/cuda/cuda_dnn.cc:454] Loaded cuDNN version 8907
pixdim[0] (qfac) should be 1 (default) or -1; setting qfac to 1
INFO:nibabel.global:pixdim[0] (qfac) should be 1 (default) or -1; setting qfac to 1
pixdim[0] (qfac) should be 1 (default) or -1; setting qfac to 1
INFO:nibabel.global:pixdim[0] (qfac) should be 1 (default) or -1; setting qfac to 1
pixdim[0] (qfac) should be 1 (default) or -1; setting qfac to 1
INFO:nibabel.global:pixdim[0] (qfac) should be 1 (default) or -1; setting qfac to 1
pixdim[0] (qfac) should be 1 (default) or -1; setting qfac to 1
INFO:nibabel.global:pixdim[0] (qfac) should be 1 (default) or -1; setting qfac to 1
2025-06-14 15:54:36.692819: W external/local_tsl/tsl/framework/bfc_allocator.cc:296] Allocator (GPU_0_bfc) ran out of memory trying to allocate 2.27GiB with freed_by_count=0. The caller indicates that this is not a failure, but this may mean that there could be performance gains if more memory were available.
2025-06-14 15:54:36.794535: W external/local_tsl/tsl/framework/bfc_allocator.cc:296] Allocator (GPU_0_bfc) ran out of memory trying to allocate 2.30GiB with freed_by_count=0. The caller indicates that this is not a failure, but this may mean that there could be performance gains if more memory were available.
2025-06-14 15:54:36.795630: W external/local_tsl/tsl/framework/bfc_allocator.cc:296] Allocator (GPU_0_bfc) ran out of memory trying to allocate 2.27GiB with freed_by_count=0. The caller indicates that this is not a failure, but this may mean that there could be performance gains if more memory were available.
2025-06-14 15:54:37.416706: W external/local_tsl/tsl/framework/bfc_allocator.cc:296] Allocator (GPU_0_bfc) ran out of memory trying to allocate 2.27GiB with freed_by_count=0. The caller indicates that this is not a failure, but this may mean that there could be performance gains if more memory were available.
2025-06-14 15:54:37.470073: W external/local_tsl/tsl/framework/bfc_allocator.cc:296] Allocator (GPU_0_bfc) ran out of memory trying to allocate 2.30GiB with freed_by_count=0. The caller indicates that this is not a failure, but this may mean that there could be performance gains if more memory were available.
2025-06-14 15:54:37.471123: W external/local_tsl/tsl/framework/bfc_allocator.cc:296] Allocator (GPU_0_bfc) ran out of memory trying to allocate 2.27GiB with freed_by_count=0. The caller indicates that this is not a failure, but this may mean that there could be performance gains if more memory were available.
2025-06-14 15:54:48.092065: W external/local_tsl/tsl/framework/bfc_allocator.cc:485] Allocator (GPU_0_bfc) ran out of memory trying to allocate 3.61GiB (rounded to 3875536896)requested by op model/concatenate_2/concat
If the cause is memory fragmentation maybe the environment variable 'TF_GPU_ALLOCATOR=cuda_malloc_async' will improve the situation. 
Current allocation summary follows.
Current allocation summary follows.
2025-06-14 15:54:48.093028: I external/local_tsl/tsl/framework/bfc_allocator.cc:1039] BFCAllocator dump for GPU_0_bfc
2025-06-14 15:54:48.093785: I external/local_tsl/tsl/framework/bfc_allocator.cc:1046] Bin (256): 	Total Chunks: 155, Chunks in use: 155. 38.8KiB allocated for chunks. 38.8KiB in use in bin. 20.7KiB client-requested in use in bin.
2025-06-14 15:54:48.094403: I external/local_tsl/tsl/framework/bfc_allocator.cc:1046] Bin (512): 	Total Chunks: 56, Chunks in use: 55. 28.0KiB allocated for chunks. 27.5KiB in use in bin. 27.5KiB client-requested in use in bin.
2025-06-14 15:54:48.094914: I external/local_tsl/tsl/framework/bfc_allocator.cc:1046] Bin (1024): 	Total Chunks: 27, Chunks in use: 27. 27.2KiB allocated for chunks. 27.2KiB in use in bin. 27.0KiB client-requested in use in bin.
2025-06-14 15:54:48.095317: I external/local_tsl/tsl/framework/bfc_allocator.cc:1046] Bin (2048): 	Total Chunks: 3, Chunks in use: 3. 10.5KiB allocated for chunks. 10.5KiB in use in bin. 10.1KiB client-requested in use in bin.
2025-06-14 15:54:48.095778: I external/local_tsl/tsl/framework/bfc_allocator.cc:1046] Bin (4096): 	Total Chunks: 0, Chunks in use: 0. 0B allocated for chunks. 0B in use in bin. 0B client-requested in use in bin.
2025-06-14 15:54:48.096237: I external/local_tsl/tsl/framework/bfc_allocator.cc:1046] Bin (8192): 	Total Chunks: 0, Chunks in use: 0. 0B allocated for chunks. 0B in use in bin. 0B client-requested in use in bin.
2025-06-14 15:54:48.096709: I external/local_tsl/tsl/framework/bfc_allocator.cc:1046] Bin (16384): 	Total Chunks: 0, Chunks in use: 0. 0B allocated for chunks. 0B in use in bin. 0B client-requested in use in bin.
2025-06-14 15:54:48.097242: I external/local_tsl/tsl/framework/bfc_allocator.cc:1046] Bin (32768): 	Total Chunks: 0, Chunks in use: 0. 0B allocated for chunks. 0B in use in bin. 0B client-requested in use in bin.
2025-06-14 15:54:48.097795: I external/local_tsl/tsl/framework/bfc_allocator.cc:1046] Bin (65536): 	Total Chunks: 7, Chunks in use: 7. 653.0KiB allocated for chunks. 653.0KiB in use in bin. 624.0KiB client-requested in use in bin.
2025-06-14 15:54:48.098321: I external/local_tsl/tsl/framework/bfc_allocator.cc:1046] Bin (131072): 	Total Chunks: 8, Chunks in use: 8. 1.58MiB allocated for chunks. 1.58MiB in use in bin. 1.48MiB client-requested in use in bin.
2025-06-14 15:54:48.098824: I external/local_tsl/tsl/framework/bfc_allocator.cc:1046] Bin (262144): 	Total Chunks: 8, Chunks in use: 8. 2.95MiB allocated for chunks. 2.95MiB in use in bin. 2.86MiB client-requested in use in bin.
2025-06-14 15:54:48.099275: I external/local_tsl/tsl/framework/bfc_allocator.cc:1046] Bin (524288): 	Total Chunks: 7, Chunks in use: 7. 5.89MiB allocated for chunks. 5.89MiB in use in bin. 5.48MiB client-requested in use in bin.
2025-06-14 15:54:48.099730: I external/local_tsl/tsl/framework/bfc_allocator.cc:1046] Bin (1048576): 	Total Chunks: 9, Chunks in use: 9. 14.02MiB allocated for chunks. 14.02MiB in use in bin. 13.12MiB client-requested in use in bin.
2025-06-14 15:54:48.100148: I external/local_tsl/tsl/framework/bfc_allocator.cc:1046] Bin (2097152): 	Total Chunks: 5, Chunks in use: 5. 17.38MiB allocated for chunks. 17.38MiB in use in bin. 16.88MiB client-requested in use in bin.
2025-06-14 15:54:48.100580: I external/local_tsl/tsl/framework/bfc_allocator.cc:1046] Bin (4194304): 	Total Chunks: 3, Chunks in use: 3. 18.12MiB allocated for chunks. 18.12MiB in use in bin. 16.88MiB client-requested in use in bin.
2025-06-14 15:54:48.100958: I external/local_tsl/tsl/framework/bfc_allocator.cc:1046] Bin (8388608): 	Total Chunks: 3, Chunks in use: 3. 40.62MiB allocated for chunks. 40.62MiB in use in bin. 35.62MiB client-requested in use in bin.
2025-06-14 15:54:48.101494: I external/local_tsl/tsl/framework/bfc_allocator.cc:1046] Bin (16777216): 	Total Chunks: 5, Chunks in use: 4. 140.19MiB allocated for chunks. 115.50MiB in use in bin. 115.50MiB client-requested in use in bin.
2025-06-14 15:54:48.101872: I external/local_tsl/tsl/framework/bfc_allocator.cc:1046] Bin (33554432): 	Total Chunks: 2, Chunks in use: 2. 115.50MiB allocated for chunks. 115.50MiB in use in bin. 115.50MiB client-requested in use in bin.
2025-06-14 15:54:48.102298: I external/local_tsl/tsl/framework/bfc_allocator.cc:1046] Bin (67108864): 	Total Chunks: 8, Chunks in use: 8. 874.50MiB allocated for chunks. 874.50MiB in use in bin. 808.50MiB client-requested in use in bin.
2025-06-14 15:54:48.102759: I external/local_tsl/tsl/framework/bfc_allocator.cc:1046] Bin (134217728): 	Total Chunks: 5, Chunks in use: 5. 1.07GiB allocated for chunks. 1.07GiB in use in bin. 924.00MiB client-requested in use in bin.
2025-06-14 15:54:48.103133: I external/local_tsl/tsl/framework/bfc_allocator.cc:1046] Bin (268435456): 	Total Chunks: 18, Chunks in use: 15. 19.69GiB allocated for chunks. 15.34GiB in use in bin. 15.34GiB client-requested in use in bin.
2025-06-14 15:54:48.103545: I external/local_tsl/tsl/framework/bfc_allocator.cc:1062] Bin for 3.61GiB was 256.00MiB, Chunk State: 
2025-06-14 15:54:48.103966: I external/local_tsl/tsl/framework/bfc_allocator.cc:1068]   Size: 453.50MiB | Requested Size: 16.00MiB | in_use: 0 | bin_num: 20, prev:   Size: 462.00MiB | Requested Size: 462.00MiB | in_use: 1 | bin_num: -1
2025-06-14 15:54:48.104398: I external/local_tsl/tsl/framework/bfc_allocator.cc:1068]   Size: 1.80GiB | Requested Size: 1.80GiB | in_use: 0 | bin_num: 20, next:   Size: 1.80GiB | Requested Size: 1.80GiB | in_use: 1 | bin_num: -1
2025-06-14 15:54:48.104797: I external/local_tsl/tsl/framework/bfc_allocator.cc:1068]   Size: 2.10GiB | Requested Size: 1.82GiB | in_use: 0 | bin_num: 20, prev:   Size: 1.80GiB | Requested Size: 1.80GiB | in_use: 1 | bin_num: -1
2025-06-14 15:54:48.105180: I external/local_tsl/tsl/framework/bfc_allocator.cc:1075] Next region of size 6129582080
2025-06-14 15:54:48.105608: I external/local_tsl/tsl/framework/bfc_allocator.cc:1095] Free  at 7f8bf2000000 of size 1937768448 next 107
2025-06-14 15:54:48.106022: I external/local_tsl/tsl/framework/bfc_allocator.cc:1095] InUse at 7f8c65800000 of size 1937768448 next 329
2025-06-14 15:54:48.106446: I external/local_tsl/tsl/framework/bfc_allocator.cc:1095] Free  at 7f8cd9000000 of size 2254045184 next 18446744073709551615
2025-06-14 15:54:48.106865: I external/local_tsl/tsl/framework/bfc_allocator.cc:1075] Next region of size 8589934592
2025-06-14 15:54:48.107302: I external/local_tsl/tsl/framework/bfc_allocator.cc:1095] InUse at 7f8d92000000 of size 1937768448 next 281
2025-06-14 15:54:48.107712: I external/local_tsl/tsl/framework/bfc_allocator.cc:1095] InUse at 7f8e05800000 of size 242221056 next 282
2025-06-14 15:54:48.108090: I external/local_tsl/tsl/framework/bfc_allocator.cc:1095] InUse at 7f8e13f00000 of size 484442112 next 283
2025-06-14 15:54:48.108561: I external/local_tsl/tsl/framework/bfc_allocator.cc:1095] InUse at 7f8e30d00000 of size 484442112 next 284
2025-06-14 15:54:48.108973: I external/local_tsl/tsl/framework/bfc_allocator.cc:1095] InUse at 7f8e4db00000 of size 484442112 next 29
2025-06-14 15:54:48.109405: I external/local_tsl/tsl/framework/bfc_allocator.cc:1095] InUse at 7f8e6a900000 of size 484442112 next 288
2025-06-14 15:54:48.109834: I external/local_tsl/tsl/framework/bfc_allocator.cc:1095] InUse at 7f8e87700000 of size 484442112 next 292
2025-06-14 15:54:48.110278: I external/local_tsl/tsl/framework/bfc_allocator.cc:1095] InUse at 7f8ea4500000 of size 121110528 next 47
2025-06-14 15:54:48.110678: I external/local_tsl/tsl/framework/bfc_allocator.cc:1095] InUse at 7f8eab880000 of size 121110528 next 296
2025-06-14 15:54:48.111110: I external/local_tsl/tsl/framework/bfc_allocator.cc:1095] InUse at 7f8eb2c00000 of size 121110528 next 300
2025-06-14 15:54:48.111521: I external/local_tsl/tsl/framework/bfc_allocator.cc:1095] InUse at 7f8eb9f80000 of size 30277632 next 302
2025-06-14 15:54:48.111908: I external/local_tsl/tsl/framework/bfc_allocator.cc:1095] InUse at 7f8ebbc60000 of size 30277632 next 303
2025-06-14 15:54:48.112316: I external/local_tsl/tsl/framework/bfc_allocator.cc:1095] InUse at 7f8ebd940000 of size 30277632 next 66
2025-06-14 15:54:48.112708: I external/local_tsl/tsl/framework/bfc_allocator.cc:1095] InUse at 7f8ebf620000 of size 30277632 next 307
2025-06-14 15:54:48.113092: I external/local_tsl/tsl/framework/bfc_allocator.cc:1095] InUse at 7f8ec1300000 of size 121110528 next 76
2025-06-14 15:54:48.113479: I external/local_tsl/tsl/framework/bfc_allocator.cc:1095] InUse at 7f8ec8680000 of size 121110528 next 312
2025-06-14 15:54:48.113866: I external/local_tsl/tsl/framework/bfc_allocator.cc:1095] InUse at 7f8ecfa00000 of size 242221056 next 311
2025-06-14 15:54:48.114261: I external/local_tsl/tsl/framework/bfc_allocator.cc:1095] InUse at 7f8ede100000 of size 121110528 next 85
2025-06-14 15:54:48.114679: I external/local_tsl/tsl/framework/bfc_allocator.cc:1095] InUse at 7f8ee5480000 of size 484442112 next 325
2025-06-14 15:54:48.115077: I external/local_tsl/tsl/framework/bfc_allocator.cc:1095] InUse at 7f8f02280000 of size 484442112 next 320
2025-06-14 15:54:48.115452: I external/local_tsl/tsl/framework/bfc_allocator.cc:1095] InUse at 7f8f1f080000 of size 968884224 next 319
2025-06-14 15:54:48.115848: I external/local_tsl/tsl/framework/bfc_allocator.cc:1095] InUse at 7f8f58c80000 of size 484442112 next 91
2025-06-14 15:54:48.116250: I external/local_tsl/tsl/framework/bfc_allocator.cc:1095] Free  at 7f8f75a80000 of size 475529216 next 18446744073709551615
2025-06-14 15:54:48.116645: I external/local_tsl/tsl/framework/bfc_allocator.cc:1075] Next region of size 4294967296
2025-06-14 15:54:48.117105: I external/local_tsl/tsl/framework/bfc_allocator.cc:1095] InUse at 7f8fae000000 of size 1937768448 next 11
2025-06-14 15:54:48.117506: I external/local_tsl/tsl/framework/bfc_allocator.cc:1095] InUse at 7f9021800000 of size 1937768448 next 276
2025-06-14 15:54:48.117881: I external/local_tsl/tsl/framework/bfc_allocator.cc:1095] InUse at 7f9095000000 of size 242221056 next 20
2025-06-14 15:54:48.118258: I external/local_tsl/tsl/framework/bfc_allocator.cc:1095] InUse at 7f90a3700000 of size 60555264 next 38
2025-06-14 15:54:48.118658: I external/local_tsl/tsl/framework/bfc_allocator.cc:1095] InUse at 7f90a70c0000 of size 116654080 next 18446744073709551615
2025-06-14 15:54:48.119029: I external/local_tsl/tsl/framework/bfc_allocator.cc:1075] Next region of size 2147483648
2025-06-14 15:54:48.119489: I external/local_tsl/tsl/framework/bfc_allocator.cc:1095] InUse at 7f90da000000 of size 1937768448 next 270
2025-06-14 15:54:48.119912: I external/local_tsl/tsl/framework/bfc_allocator.cc:1095] InUse at 7f914d800000 of size 209715200 next 18446744073709551615
2025-06-14 15:54:48.120326: I external/local_tsl/tsl/framework/bfc_allocator.cc:1075] Next region of size 2147483648
2025-06-14 15:54:48.120757: I external/local_tsl/tsl/framework/bfc_allocator.cc:1095] InUse at 7f9160000000 of size 1937768448 next 268
2025-06-14 15:54:48.121153: I external/local_tsl/tsl/framework/bfc_allocator.cc:1095] InUse at 7f91d3800000 of size 209715200 next 18446744073709551615
2025-06-14 15:54:48.121534: I external/local_tsl/tsl/framework/bfc_allocator.cc:1075] Next region of size 134217728
2025-06-14 15:54:48.121950: I external/local_tsl/tsl/framework/bfc_allocator.cc:1095] InUse at 7f926c000000 of size 60555264 next 264
2025-06-14 15:54:48.122322: I external/local_tsl/tsl/framework/bfc_allocator.cc:1095] InUse at 7f926f9c0000 of size 73662464 next 18446744073709551615
2025-06-14 15:54:48.122725: I external/local_tsl/tsl/framework/bfc_allocator.cc:1075] Next region of size 67108864
2025-06-14 15:54:48.123186: I external/local_tsl/tsl/framework/bfc_allocator.cc:1095] InUse at 7f9274000000 of size 3538944 next 198
2025-06-14 15:54:48.123602: I external/local_tsl/tsl/framework/bfc_allocator.cc:1095] InUse at 7f9274360000 of size 1769472 next 205
2025-06-14 15:54:48.124007: I external/local_tsl/tsl/framework/bfc_allocator.cc:1095] InUse at 7f9274510000 of size 1769472 next 206
2025-06-14 15:54:48.124394: I external/local_tsl/tsl/framework/bfc_allocator.cc:1095] InUse at 7f92746c0000 of size 262144 next 213
2025-06-14 15:54:48.124784: I external/local_tsl/tsl/framework/bfc_allocator.cc:1095] InUse at 7f9274700000 of size 262144 next 214
2025-06-14 15:54:48.125197: I external/local_tsl/tsl/framework/bfc_allocator.cc:1095] InUse at 7f9274740000 of size 884736 next 217
2025-06-14 15:54:48.125599: I external/local_tsl/tsl/framework/bfc_allocator.cc:1095] InUse at 7f9274818000 of size 884736 next 218
2025-06-14 15:54:48.126016: I external/local_tsl/tsl/framework/bfc_allocator.cc:1095] InUse at 7f92748f0000 of size 442368 next 225
2025-06-14 15:54:48.126435: I external/local_tsl/tsl/framework/bfc_allocator.cc:1095] InUse at 7f927495c000 of size 442368 next 226
2025-06-14 15:54:48.126903: I external/local_tsl/tsl/framework/bfc_allocator.cc:1095] InUse at 7f92749c8000 of size 256 next 234
2025-06-14 15:54:48.127322: I external/local_tsl/tsl/framework/bfc_allocator.cc:1095] InUse at 7f92749c8100 of size 256 next 235
2025-06-14 15:54:48.127752: I external/local_tsl/tsl/framework/bfc_allocator.cc:1095] InUse at 7f92749c8200 of size 221184 next 236
2025-06-14 15:54:48.128163: I external/local_tsl/tsl/framework/bfc_allocator.cc:1095] InUse at 7f92749fe200 of size 221184 next 237
2025-06-14 15:54:48.128580: I external/local_tsl/tsl/framework/bfc_allocator.cc:1095] InUse at 7f9274a34200 of size 256 next 238
2025-06-14 15:54:48.129016: I external/local_tsl/tsl/framework/bfc_allocator.cc:1095] InUse at 7f9274a34300 of size 256 next 239
2025-06-14 15:54:48.129460: I external/local_tsl/tsl/framework/bfc_allocator.cc:1095] InUse at 7f9274a34400 of size 256 next 240
2025-06-14 15:54:48.129895: I external/local_tsl/tsl/framework/bfc_allocator.cc:1095] InUse at 7f9274a34500 of size 256 next 241
2025-06-14 15:54:48.130319: I external/local_tsl/tsl/framework/bfc_allocator.cc:1095] InUse at 7f9274a34600 of size 256 next 242
2025-06-14 15:54:48.130745: I external/local_tsl/tsl/framework/bfc_allocator.cc:1095] InUse at 7f9274a34700 of size 256 next 243
2025-06-14 15:54:48.131177: I external/local_tsl/tsl/framework/bfc_allocator.cc:1095] InUse at 7f9274a34800 of size 110592 next 244
2025-06-14 15:54:48.131589: I external/local_tsl/tsl/framework/bfc_allocator.cc:1095] InUse at 7f9274a4f800 of size 110592 next 245
2025-06-14 15:54:48.132030: I external/local_tsl/tsl/framework/bfc_allocator.cc:1095] InUse at 7f9274a6a800 of size 256 next 246
2025-06-14 15:54:48.132467: I external/local_tsl/tsl/framework/bfc_allocator.cc:1095] InUse at 7f9274a6a900 of size 256 next 247
2025-06-14 15:54:48.132889: I external/local_tsl/tsl/framework/bfc_allocator.cc:1095] InUse at 7f9274a6aa00 of size 256 next 248
2025-06-14 15:54:48.133314: I external/local_tsl/tsl/framework/bfc_allocator.cc:1095] InUse at 7f9274a6ab00 of size 256 next 249
2025-06-14 15:54:48.133772: I external/local_tsl/tsl/framework/bfc_allocator.cc:1095] InUse at 7f9274a6ac00 of size 256 next 250
2025-06-14 15:54:48.134271: I external/local_tsl/tsl/framework/bfc_allocator.cc:1095] InUse at 7f9274a6ad00 of size 256 next 251
2025-06-14 15:54:48.134757: I external/local_tsl/tsl/framework/bfc_allocator.cc:1095] InUse at 7f9274a6ae00 of size 256 next 252
2025-06-14 15:54:48.135194: I external/local_tsl/tsl/framework/bfc_allocator.cc:1095] InUse at 7f9274a6af00 of size 256 next 253
2025-06-14 15:54:48.135750: I external/local_tsl/tsl/framework/bfc_allocator.cc:1095] InUse at 7f9274a6b000 of size 256 next 254
2025-06-14 15:54:48.136219: I external/local_tsl/tsl/framework/bfc_allocator.cc:1095] InUse at 7f9274a6b100 of size 256 next 255
2025-06-14 15:54:48.136662: I external/local_tsl/tsl/framework/bfc_allocator.cc:1095] InUse at 7f9274a6b200 of size 256 next 256
2025-06-14 15:54:48.137108: I external/local_tsl/tsl/framework/bfc_allocator.cc:1095] InUse at 7f9274a6b300 of size 256 next 257
2025-06-14 15:54:48.137555: I external/local_tsl/tsl/framework/bfc_allocator.cc:1095] InUse at 7f9274a6b400 of size 256 next 258
2025-06-14 15:54:48.137981: I external/local_tsl/tsl/framework/bfc_allocator.cc:1095] InUse at 7f9274a6b500 of size 256 next 259
2025-06-14 15:54:48.138400: I external/local_tsl/tsl/framework/bfc_allocator.cc:1095] InUse at 7f9274a6b600 of size 256 next 260
2025-06-14 15:54:48.138841: I external/local_tsl/tsl/framework/bfc_allocator.cc:1095] InUse at 7f9274a6b700 of size 256 next 261
2025-06-14 15:54:48.139275: I external/local_tsl/tsl/framework/bfc_allocator.cc:1095] InUse at 7f9274a6b800 of size 256 next 262
2025-06-14 15:54:48.139695: I external/local_tsl/tsl/framework/bfc_allocator.cc:1095] InUse at 7f9274a6b900 of size 256 next 263
2025-06-14 15:54:48.140118: I external/local_tsl/tsl/framework/bfc_allocator.cc:1095] InUse at 7f9274a6ba00 of size 256 next 265
2025-06-14 15:54:48.140550: I external/local_tsl/tsl/framework/bfc_allocator.cc:1095] InUse at 7f9274a6bb00 of size 256 next 266
2025-06-14 15:54:48.140993: I external/local_tsl/tsl/framework/bfc_allocator.cc:1095] InUse at 7f9274a6bc00 of size 256 next 269
2025-06-14 15:54:48.141428: I external/local_tsl/tsl/framework/bfc_allocator.cc:1095] InUse at 7f9274a6bd00 of size 256 next 272
2025-06-14 15:54:48.141848: I external/local_tsl/tsl/framework/bfc_allocator.cc:1095] InUse at 7f9274a6be00 of size 256 next 274
2025-06-14 15:54:48.142280: I external/local_tsl/tsl/framework/bfc_allocator.cc:1095] InUse at 7f9274a6bf00 of size 256 next 275
2025-06-14 15:54:48.142720: I external/local_tsl/tsl/framework/bfc_allocator.cc:1095] InUse at 7f9274a6c000 of size 256 next 279
2025-06-14 15:54:48.143148: I external/local_tsl/tsl/framework/bfc_allocator.cc:1095] InUse at 7f9274a6c100 of size 256 next 280
2025-06-14 15:54:48.143581: I external/local_tsl/tsl/framework/bfc_allocator.cc:1095] InUse at 7f9274a6c200 of size 256 next 286
2025-06-14 15:54:48.143997: I external/local_tsl/tsl/framework/bfc_allocator.cc:1095] InUse at 7f9274a6c300 of size 256 next 287
2025-06-14 15:54:48.144451: I external/local_tsl/tsl/framework/bfc_allocator.cc:1095] InUse at 7f9274a6c400 of size 256 next 290
2025-06-14 15:54:48.144889: I external/local_tsl/tsl/framework/bfc_allocator.cc:1095] InUse at 7f9274a6c500 of size 256 next 291
2025-06-14 15:54:48.145316: I external/local_tsl/tsl/framework/bfc_allocator.cc:1095] InUse at 7f9274a6c600 of size 512 next 293
2025-06-14 15:54:48.145734: I external/local_tsl/tsl/framework/bfc_allocator.cc:1095] InUse at 7f9274a6c800 of size 512 next 294
2025-06-14 15:54:48.146190: I external/local_tsl/tsl/framework/bfc_allocator.cc:1095] InUse at 7f9274a6ca00 of size 512 next 295
2025-06-14 15:54:48.146616: I external/local_tsl/tsl/framework/bfc_allocator.cc:1095] InUse at 7f9274a6cc00 of size 512 next 298
2025-06-14 15:54:48.147042: I external/local_tsl/tsl/framework/bfc_allocator.cc:1095] InUse at 7f9274a6ce00 of size 512 next 299
2025-06-14 15:54:48.147475: I external/local_tsl/tsl/framework/bfc_allocator.cc:1095] InUse at 7f9274a6d000 of size 15138816 next 56
2025-06-14 15:54:48.147924: I external/local_tsl/tsl/framework/bfc_allocator.cc:1095] InUse at 7f92758dd000 of size 15138816 next 301
2025-06-14 15:54:48.148341: I external/local_tsl/tsl/framework/bfc_allocator.cc:1095] InUse at 7f927674d000 of size 1024 next 304
2025-06-14 15:54:48.148780: I external/local_tsl/tsl/framework/bfc_allocator.cc:1095] InUse at 7f927674d400 of size 1024 next 305
2025-06-14 15:54:48.149194: I external/local_tsl/tsl/framework/bfc_allocator.cc:1095] InUse at 7f927674d800 of size 1024 next 306
2025-06-14 15:54:48.149610: I external/local_tsl/tsl/framework/bfc_allocator.cc:1095] InUse at 7f927674dc00 of size 1024 next 309
2025-06-14 15:54:48.150032: I external/local_tsl/tsl/framework/bfc_allocator.cc:1095] InUse at 7f927674e000 of size 1024 next 310
2025-06-14 15:54:48.150546: I external/local_tsl/tsl/framework/bfc_allocator.cc:1095] InUse at 7f927674e400 of size 512 next 317
2025-06-14 15:54:48.151073: I external/local_tsl/tsl/framework/bfc_allocator.cc:1095] InUse at 7f927674e600 of size 512 next 318
2025-06-14 15:54:48.151508: I external/local_tsl/tsl/framework/bfc_allocator.cc:1095] InUse at 7f927674e800 of size 256 next 326
2025-06-14 15:54:48.151932: I external/local_tsl/tsl/framework/bfc_allocator.cc:1095] InUse at 7f927674e900 of size 256 next 327
2025-06-14 15:54:48.152372: I external/local_tsl/tsl/framework/bfc_allocator.cc:1095] Free  at 7f927674ea00 of size 25892352 next 18446744073709551615
2025-06-14 15:54:48.152759: I external/local_tsl/tsl/framework/bfc_allocator.cc:1075] Next region of size 33554432
2025-06-14 15:54:48.153160: I external/local_tsl/tsl/framework/bfc_allocator.cc:1095] InUse at 7f928c000000 of size 3538944 next 83
2025-06-14 15:54:48.153559: I external/local_tsl/tsl/framework/bfc_allocator.cc:1095] InUse at 7f928c360000 of size 221184 next 152
2025-06-14 15:54:48.153954: I external/local_tsl/tsl/framework/bfc_allocator.cc:1095] InUse at 7f928c396000 of size 221184 next 106
2025-06-14 15:54:48.154371: I external/local_tsl/tsl/framework/bfc_allocator.cc:1095] InUse at 7f928c3cc000 of size 442368 next 100
2025-06-14 15:54:48.154823: I external/local_tsl/tsl/framework/bfc_allocator.cc:1095] InUse at 7f928c438000 of size 884736 next 90
2025-06-14 15:54:48.155218: I external/local_tsl/tsl/framework/bfc_allocator.cc:1095] InUse at 7f928c510000 of size 1769472 next 74
2025-06-14 15:54:48.155617: I external/local_tsl/tsl/framework/bfc_allocator.cc:1095] InUse at 7f928c6c0000 of size 7077888 next 72
2025-06-14 15:54:48.156036: I external/local_tsl/tsl/framework/bfc_allocator.cc:1095] InUse at 7f928cd80000 of size 7077888 next 187
2025-06-14 15:54:48.156448: I external/local_tsl/tsl/framework/bfc_allocator.cc:1095] InUse at 7f928d440000 of size 12320768 next 18446744073709551615
2025-06-14 15:54:48.156828: I external/local_tsl/tsl/framework/bfc_allocator.cc:1075] Next region of size 16777216
2025-06-14 15:54:48.157256: I external/local_tsl/tsl/framework/bfc_allocator.cc:1095] InUse at 7f928e000000 of size 1769472 next 173
2025-06-14 15:54:48.157667: I external/local_tsl/tsl/framework/bfc_allocator.cc:1095] InUse at 7f928e1b0000 of size 1769472 next 64
2025-06-14 15:54:48.158068: I external/local_tsl/tsl/framework/bfc_allocator.cc:1095] InUse at 7f928e360000 of size 3538944 next 62
2025-06-14 15:54:48.158475: I external/local_tsl/tsl/framework/bfc_allocator.cc:1095] InUse at 7f928e6c0000 of size 3538944 next 180
2025-06-14 15:54:48.158895: I external/local_tsl/tsl/framework/bfc_allocator.cc:1095] InUse at 7f928ea20000 of size 1048576 next 194
2025-06-14 15:54:48.159306: I external/local_tsl/tsl/framework/bfc_allocator.cc:1095] InUse at 7f928eb20000 of size 1048576 next 195
2025-06-14 15:54:48.159722: I external/local_tsl/tsl/framework/bfc_allocator.cc:1095] InUse at 7f928ec20000 of size 4063232 next 18446744073709551615
2025-06-14 15:54:48.160131: I external/local_tsl/tsl/framework/bfc_allocator.cc:1075] Next region of size 2097152
2025-06-14 15:54:48.160558: I external/local_tsl/tsl/framework/bfc_allocator.cc:1095] InUse at 7f92f6e00000 of size 1280 next 1
2025-06-14 15:54:48.160989: I external/local_tsl/tsl/framework/bfc_allocator.cc:1095] InUse at 7f92f6e00500 of size 256 next 2
2025-06-14 15:54:48.161416: I external/local_tsl/tsl/framework/bfc_allocator.cc:1095] InUse at 7f92f6e00600 of size 256 next 3
2025-06-14 15:54:48.161866: I external/local_tsl/tsl/framework/bfc_allocator.cc:1095] InUse at 7f92f6e00700 of size 256 next 5
2025-06-14 15:54:48.162306: I external/local_tsl/tsl/framework/bfc_allocator.cc:1095] InUse at 7f92f6e00800 of size 256 next 6
2025-06-14 15:54:48.162727: I external/local_tsl/tsl/framework/bfc_allocator.cc:1095] InUse at 7f92f6e00900 of size 256 next 4
2025-06-14 15:54:48.163168: I external/local_tsl/tsl/framework/bfc_allocator.cc:1095] InUse at 7f92f6e00a00 of size 256 next 7
2025-06-14 15:54:48.163601: I external/local_tsl/tsl/framework/bfc_allocator.cc:1095] InUse at 7f92f6e00b00 of size 256 next 10
2025-06-14 15:54:48.164017: I external/local_tsl/tsl/framework/bfc_allocator.cc:1095] InUse at 7f92f6e00c00 of size 256 next 277
2025-06-14 15:54:48.164472: I external/local_tsl/tsl/framework/bfc_allocator.cc:1095] InUse at 7f92f6e00d00 of size 256 next 12
2025-06-14 15:54:48.164910: I external/local_tsl/tsl/framework/bfc_allocator.cc:1095] InUse at 7f92f6e00e00 of size 256 next 13
2025-06-14 15:54:48.165336: I external/local_tsl/tsl/framework/bfc_allocator.cc:1095] InUse at 7f92f6e00f00 of size 256 next 14
2025-06-14 15:54:48.165742: I external/local_tsl/tsl/framework/bfc_allocator.cc:1095] InUse at 7f92f6e01000 of size 256 next 17
2025-06-14 15:54:48.166172: I external/local_tsl/tsl/framework/bfc_allocator.cc:1095] InUse at 7f92f6e01100 of size 256 next 15
2025-06-14 15:54:48.166616: I external/local_tsl/tsl/framework/bfc_allocator.cc:1095] InUse at 7f92f6e01200 of size 256 next 16
2025-06-14 15:54:48.167068: I external/local_tsl/tsl/framework/bfc_allocator.cc:1095] InUse at 7f92f6e01300 of size 256 next 285
2025-06-14 15:54:48.167479: I external/local_tsl/tsl/framework/bfc_allocator.cc:1095] InUse at 7f92f6e01400 of size 256 next 21
2025-06-14 15:54:48.167918: I external/local_tsl/tsl/framework/bfc_allocator.cc:1095] InUse at 7f92f6e01500 of size 256 next 22
2025-06-14 15:54:48.168394: I external/local_tsl/tsl/framework/bfc_allocator.cc:1095] InUse at 7f92f6e01600 of size 256 next 23
2025-06-14 15:54:48.168824: I external/local_tsl/tsl/framework/bfc_allocator.cc:1095] InUse at 7f92f6e01700 of size 256 next 24
2025-06-14 15:54:48.169240: I external/local_tsl/tsl/framework/bfc_allocator.cc:1095] InUse at 7f92f6e01800 of size 256 next 25
2025-06-14 15:54:48.169749: I external/local_tsl/tsl/framework/bfc_allocator.cc:1095] InUse at 7f92f6e01900 of size 256 next 28
2025-06-14 15:54:48.170222: I external/local_tsl/tsl/framework/bfc_allocator.cc:1095] InUse at 7f92f6e01a00 of size 256 next 289
2025-06-14 15:54:48.170633: I external/local_tsl/tsl/framework/bfc_allocator.cc:1095] InUse at 7f92f6e01b00 of size 256 next 30
2025-06-14 15:54:48.171064: I external/local_tsl/tsl/framework/bfc_allocator.cc:1095] InUse at 7f92f6e01c00 of size 256 next 31
2025-06-14 15:54:48.171498: I external/local_tsl/tsl/framework/bfc_allocator.cc:1095] InUse at 7f92f6e01d00 of size 256 next 32
2025-06-14 15:54:48.171945: I external/local_tsl/tsl/framework/bfc_allocator.cc:1095] InUse at 7f92f6e01e00 of size 256 next 35
2025-06-14 15:54:48.172388: I external/local_tsl/tsl/framework/bfc_allocator.cc:1095] InUse at 7f92f6e01f00 of size 256 next 33
2025-06-14 15:54:48.172819: I external/local_tsl/tsl/framework/bfc_allocator.cc:1095] InUse at 7f92f6e02000 of size 256 next 34
2025-06-14 15:54:48.173237: I external/local_tsl/tsl/framework/bfc_allocator.cc:1095] InUse at 7f92f6e02100 of size 512 next 39
2025-06-14 15:54:48.173687: I external/local_tsl/tsl/framework/bfc_allocator.cc:1095] InUse at 7f92f6e02300 of size 256 next 40
2025-06-14 15:54:48.174114: I external/local_tsl/tsl/framework/bfc_allocator.cc:1095] InUse at 7f92f6e02400 of size 256 next 41
2025-06-14 15:54:48.174543: I external/local_tsl/tsl/framework/bfc_allocator.cc:1095] InUse at 7f92f6e02500 of size 256 next 8
2025-06-14 15:54:48.174984: I external/local_tsl/tsl/framework/bfc_allocator.cc:1095] InUse at 7f92f6e02600 of size 3584 next 9
2025-06-14 15:54:48.175437: I external/local_tsl/tsl/framework/bfc_allocator.cc:1095] InUse at 7f92f6e03400 of size 512 next 42
2025-06-14 15:54:48.175870: I external/local_tsl/tsl/framework/bfc_allocator.cc:1095] InUse at 7f92f6e03600 of size 512 next 45
2025-06-14 15:54:48.176311: I external/local_tsl/tsl/framework/bfc_allocator.cc:1095] InUse at 7f92f6e03800 of size 512 next 46
2025-06-14 15:54:48.176728: I external/local_tsl/tsl/framework/bfc_allocator.cc:1095] InUse at 7f92f6e03a00 of size 512 next 297
2025-06-14 15:54:48.177149: I external/local_tsl/tsl/framework/bfc_allocator.cc:1095] InUse at 7f92f6e03c00 of size 512 next 48
2025-06-14 15:54:48.177559: I external/local_tsl/tsl/framework/bfc_allocator.cc:1095] InUse at 7f92f6e03e00 of size 256 next 49
2025-06-14 15:54:48.178010: I external/local_tsl/tsl/framework/bfc_allocator.cc:1095] InUse at 7f92f6e03f00 of size 512 next 50
2025-06-14 15:54:48.178477: I external/local_tsl/tsl/framework/bfc_allocator.cc:1095] InUse at 7f92f6e04100 of size 512 next 51
2025-06-14 15:54:48.178926: I external/local_tsl/tsl/framework/bfc_allocator.cc:1095] InUse at 7f92f6e04300 of size 512 next 55
2025-06-14 15:54:48.179353: I external/local_tsl/tsl/framework/bfc_allocator.cc:1095] InUse at 7f92f6e04500 of size 1024 next 57
2025-06-14 15:54:48.179787: I external/local_tsl/tsl/framework/bfc_allocator.cc:1095] InUse at 7f92f6e04900 of size 256 next 58
2025-06-14 15:54:48.180217: I external/local_tsl/tsl/framework/bfc_allocator.cc:1095] InUse at 7f92f6e04a00 of size 256 next 59
2025-06-14 15:54:48.180642: I external/local_tsl/tsl/framework/bfc_allocator.cc:1095] InUse at 7f92f6e04b00 of size 1024 next 60
2025-06-14 15:54:48.181059: I external/local_tsl/tsl/framework/bfc_allocator.cc:1095] InUse at 7f92f6e04f00 of size 1024 next 61
2025-06-14 15:54:48.181503: I external/local_tsl/tsl/framework/bfc_allocator.cc:1095] InUse at 7f92f6e05300 of size 1024 next 65
2025-06-14 15:54:48.181944: I external/local_tsl/tsl/framework/bfc_allocator.cc:1095] InUse at 7f92f6e05700 of size 1024 next 308
2025-06-14 15:54:48.182426: I external/local_tsl/tsl/framework/bfc_allocator.cc:1095] InUse at 7f92f6e05b00 of size 1024 next 67
2025-06-14 15:54:48.182864: I external/local_tsl/tsl/framework/bfc_allocator.cc:1095] InUse at 7f92f6e05f00 of size 256 next 68
2025-06-14 15:54:48.183349: I external/local_tsl/tsl/framework/bfc_allocator.cc:1095] InUse at 7f92f6e06000 of size 256 next 69
2025-06-14 15:54:48.183845: I external/local_tsl/tsl/framework/bfc_allocator.cc:1095] InUse at 7f92f6e06100 of size 1024 next 70
2025-06-14 15:54:48.184261: I external/local_tsl/tsl/framework/bfc_allocator.cc:1095] InUse at 7f92f6e06500 of size 1024 next 71
2025-06-14 15:54:48.184684: I external/local_tsl/tsl/framework/bfc_allocator.cc:1095] InUse at 7f92f6e06900 of size 1024 next 75
2025-06-14 15:54:48.185115: I external/local_tsl/tsl/framework/bfc_allocator.cc:1095] InUse at 7f92f6e06d00 of size 512 next 313
2025-06-14 15:54:48.185581: I external/local_tsl/tsl/framework/bfc_allocator.cc:1095] InUse at 7f92f6e06f00 of size 512 next 314
2025-06-14 15:54:48.186024: I external/local_tsl/tsl/framework/bfc_allocator.cc:1095] InUse at 7f92f6e07100 of size 512 next 315
2025-06-14 15:54:48.186454: I external/local_tsl/tsl/framework/bfc_allocator.cc:1095] InUse at 7f92f6e07300 of size 512 next 77
2025-06-14 15:54:48.186886: I external/local_tsl/tsl/framework/bfc_allocator.cc:1095] InUse at 7f92f6e07500 of size 256 next 78
2025-06-14 15:54:48.187302: I external/local_tsl/tsl/framework/bfc_allocator.cc:1095] InUse at 7f92f6e07600 of size 256 next 79
2025-06-14 15:54:48.187744: I external/local_tsl/tsl/framework/bfc_allocator.cc:1095] InUse at 7f92f6e07700 of size 512 next 80
2025-06-14 15:54:48.188178: I external/local_tsl/tsl/framework/bfc_allocator.cc:1095] InUse at 7f92f6e07900 of size 512 next 81
2025-06-14 15:54:48.188601: I external/local_tsl/tsl/framework/bfc_allocator.cc:1095] InUse at 7f92f6e07b00 of size 512 next 82
2025-06-14 15:54:48.189044: I external/local_tsl/tsl/framework/bfc_allocator.cc:1095] InUse at 7f92f6e07d00 of size 512 next 84
2025-06-14 15:54:48.189450: I external/local_tsl/tsl/framework/bfc_allocator.cc:1095] InUse at 7f92f6e07f00 of size 512 next 316
2025-06-14 15:54:48.189912: I external/local_tsl/tsl/framework/bfc_allocator.cc:1095] InUse at 7f92f6e08100 of size 512 next 86
2025-06-14 15:54:48.190348: I external/local_tsl/tsl/framework/bfc_allocator.cc:1095] InUse at 7f92f6e08300 of size 512 next 87
2025-06-14 15:54:48.190794: I external/local_tsl/tsl/framework/bfc_allocator.cc:1095] InUse at 7f92f6e08500 of size 512 next 88
2025-06-14 15:54:48.191240: I external/local_tsl/tsl/framework/bfc_allocator.cc:1095] InUse at 7f92f6e08700 of size 512 next 89
2025-06-14 15:54:48.191683: I external/local_tsl/tsl/framework/bfc_allocator.cc:1095] InUse at 7f92f6e08900 of size 256 next 321
2025-06-14 15:54:48.192113: I external/local_tsl/tsl/framework/bfc_allocator.cc:1095] InUse at 7f92f6e08a00 of size 256 next 323
2025-06-14 15:54:48.192582: I external/local_tsl/tsl/framework/bfc_allocator.cc:1095] InUse at 7f92f6e08b00 of size 256 next 324
2025-06-14 15:54:48.193025: I external/local_tsl/tsl/framework/bfc_allocator.cc:1095] InUse at 7f92f6e08c00 of size 256 next 92
2025-06-14 15:54:48.193469: I external/local_tsl/tsl/framework/bfc_allocator.cc:1095] InUse at 7f92f6e08d00 of size 256 next 93
2025-06-14 15:54:48.193903: I external/local_tsl/tsl/framework/bfc_allocator.cc:1095] InUse at 7f92f6e08e00 of size 256 next 94
2025-06-14 15:54:48.194341: I external/local_tsl/tsl/framework/bfc_allocator.cc:1095] InUse at 7f92f6e08f00 of size 256 next 97
2025-06-14 15:54:48.194770: I external/local_tsl/tsl/framework/bfc_allocator.cc:1095] InUse at 7f92f6e09000 of size 256 next 95
2025-06-14 15:54:48.195198: I external/local_tsl/tsl/framework/bfc_allocator.cc:1095] InUse at 7f92f6e09100 of size 256 next 96
2025-06-14 15:54:48.195625: I external/local_tsl/tsl/framework/bfc_allocator.cc:1095] InUse at 7f92f6e09200 of size 256 next 98
2025-06-14 15:54:48.196082: I external/local_tsl/tsl/framework/bfc_allocator.cc:1095] InUse at 7f92f6e09300 of size 256 next 101
2025-06-14 15:54:48.196519: I external/local_tsl/tsl/framework/bfc_allocator.cc:1095] InUse at 7f92f6e09400 of size 256 next 102
2025-06-14 15:54:48.196960: I external/local_tsl/tsl/framework/bfc_allocator.cc:1095] InUse at 7f92f6e09500 of size 256 next 103
2025-06-14 15:54:48.197388: I external/local_tsl/tsl/framework/bfc_allocator.cc:1095] InUse at 7f92f6e09600 of size 256 next 104
2025-06-14 15:54:48.197837: I external/local_tsl/tsl/framework/bfc_allocator.cc:1095] InUse at 7f92f6e09700 of size 256 next 105
2025-06-14 15:54:48.198280: I external/local_tsl/tsl/framework/bfc_allocator.cc:1095] Free  at 7f92f6e09800 of size 512 next 108
2025-06-14 15:54:48.198716: I external/local_tsl/tsl/framework/bfc_allocator.cc:1095] InUse at 7f92f6e09a00 of size 256 next 109
2025-06-14 15:54:48.199148: I external/local_tsl/tsl/framework/bfc_allocator.cc:1095] InUse at 7f92f6e09b00 of size 256 next 110
2025-06-14 15:54:48.199605: I external/local_tsl/tsl/framework/bfc_allocator.cc:1095] InUse at 7f92f6e09c00 of size 256 next 146
2025-06-14 15:54:48.200082: I external/local_tsl/tsl/framework/bfc_allocator.cc:1095] InUse at 7f92f6e09d00 of size 256 next 147
2025-06-14 15:54:48.200579: I external/local_tsl/tsl/framework/bfc_allocator.cc:1095] InUse at 7f92f6e09e00 of size 256 next 148
2025-06-14 15:54:48.201023: I external/local_tsl/tsl/framework/bfc_allocator.cc:1095] InUse at 7f92f6e09f00 of size 256 next 149
2025-06-14 15:54:48.201446: I external/local_tsl/tsl/framework/bfc_allocator.cc:1095] InUse at 7f92f6e0a000 of size 256 next 150
2025-06-14 15:54:48.202005: I external/local_tsl/tsl/framework/bfc_allocator.cc:1095] InUse at 7f92f6e0a100 of size 256 next 151
2025-06-14 15:54:48.202439: I external/local_tsl/tsl/framework/bfc_allocator.cc:1095] InUse at 7f92f6e0a200 of size 256 next 153
2025-06-14 15:54:48.202886: I external/local_tsl/tsl/framework/bfc_allocator.cc:1095] InUse at 7f92f6e0a300 of size 256 next 154
2025-06-14 15:54:48.203317: I external/local_tsl/tsl/framework/bfc_allocator.cc:1095] InUse at 7f92f6e0a400 of size 256 next 155
2025-06-14 15:54:48.203773: I external/local_tsl/tsl/framework/bfc_allocator.cc:1095] InUse at 7f92f6e0a500 of size 256 next 156
2025-06-14 15:54:48.204209: I external/local_tsl/tsl/framework/bfc_allocator.cc:1095] InUse at 7f92f6e0a600 of size 256 next 157
2025-06-14 15:54:48.204636: I external/local_tsl/tsl/framework/bfc_allocator.cc:1095] InUse at 7f92f6e0a700 of size 256 next 158
2025-06-14 15:54:48.205064: I external/local_tsl/tsl/framework/bfc_allocator.cc:1095] InUse at 7f92f6e0a800 of size 256 next 160
2025-06-14 15:54:48.205491: I external/local_tsl/tsl/framework/bfc_allocator.cc:1095] InUse at 7f92f6e0a900 of size 256 next 161
2025-06-14 15:54:48.205916: I external/local_tsl/tsl/framework/bfc_allocator.cc:1095] InUse at 7f92f6e0aa00 of size 256 next 162
2025-06-14 15:54:48.206369: I external/local_tsl/tsl/framework/bfc_allocator.cc:1095] InUse at 7f92f6e0ab00 of size 256 next 163
2025-06-14 15:54:48.206838: I external/local_tsl/tsl/framework/bfc_allocator.cc:1095] InUse at 7f92f6e0ac00 of size 256 next 164
2025-06-14 15:54:48.207278: I external/local_tsl/tsl/framework/bfc_allocator.cc:1095] InUse at 7f92f6e0ad00 of size 256 next 165
2025-06-14 15:54:48.207704: I external/local_tsl/tsl/framework/bfc_allocator.cc:1095] InUse at 7f92f6e0ae00 of size 512 next 167
2025-06-14 15:54:48.208132: I external/local_tsl/tsl/framework/bfc_allocator.cc:1095] InUse at 7f92f6e0b000 of size 512 next 168
2025-06-14 15:54:48.208573: I external/local_tsl/tsl/framework/bfc_allocator.cc:1095] InUse at 7f92f6e0b200 of size 512 next 169
2025-06-14 15:54:48.209003: I external/local_tsl/tsl/framework/bfc_allocator.cc:1095] InUse at 7f92f6e0b400 of size 512 next 170
2025-06-14 15:54:48.209407: I external/local_tsl/tsl/framework/bfc_allocator.cc:1095] InUse at 7f92f6e0b600 of size 512 next 171
2025-06-14 15:54:48.209869: I external/local_tsl/tsl/framework/bfc_allocator.cc:1095] InUse at 7f92f6e0b800 of size 512 next 172
2025-06-14 15:54:48.210293: I external/local_tsl/tsl/framework/bfc_allocator.cc:1095] InUse at 7f92f6e0ba00 of size 512 next 174
2025-06-14 15:54:48.210773: I external/local_tsl/tsl/framework/bfc_allocator.cc:1095] InUse at 7f92f6e0bc00 of size 512 next 175
2025-06-14 15:54:48.211220: I external/local_tsl/tsl/framework/bfc_allocator.cc:1095] InUse at 7f92f6e0be00 of size 512 next 176
2025-06-14 15:54:48.211645: I external/local_tsl/tsl/framework/bfc_allocator.cc:1095] InUse at 7f92f6e0c000 of size 512 next 177
2025-06-14 15:54:48.212089: I external/local_tsl/tsl/framework/bfc_allocator.cc:1095] InUse at 7f92f6e0c200 of size 512 next 178
2025-06-14 15:54:48.212521: I external/local_tsl/tsl/framework/bfc_allocator.cc:1095] InUse at 7f92f6e0c400 of size 512 next 179
2025-06-14 15:54:48.212944: I external/local_tsl/tsl/framework/bfc_allocator.cc:1095] InUse at 7f92f6e0c600 of size 1024 next 181
2025-06-14 15:54:48.213392: I external/local_tsl/tsl/framework/bfc_allocator.cc:1095] InUse at 7f92f6e0ca00 of size 1024 next 182
2025-06-14 15:54:48.213834: I external/local_tsl/tsl/framework/bfc_allocator.cc:1095] InUse at 7f92f6e0ce00 of size 1024 next 183
2025-06-14 15:54:48.214250: I external/local_tsl/tsl/framework/bfc_allocator.cc:1095] InUse at 7f92f6e0d200 of size 1024 next 184
2025-06-14 15:54:48.214670: I external/local_tsl/tsl/framework/bfc_allocator.cc:1095] InUse at 7f92f6e0d600 of size 1024 next 185
2025-06-14 15:54:48.215101: I external/local_tsl/tsl/framework/bfc_allocator.cc:1095] InUse at 7f92f6e0da00 of size 1024 next 186
2025-06-14 15:54:48.215525: I external/local_tsl/tsl/framework/bfc_allocator.cc:1095] InUse at 7f92f6e0de00 of size 1024 next 188
2025-06-14 15:54:48.215977: I external/local_tsl/tsl/framework/bfc_allocator.cc:1095] InUse at 7f92f6e0e200 of size 1024 next 189
2025-06-14 15:54:48.216392: I external/local_tsl/tsl/framework/bfc_allocator.cc:1095] InUse at 7f92f6e0e600 of size 1024 next 190
2025-06-14 15:54:48.216825: I external/local_tsl/tsl/framework/bfc_allocator.cc:1095] InUse at 7f92f6e0ea00 of size 1024 next 191
2025-06-14 15:54:48.217328: I external/local_tsl/tsl/framework/bfc_allocator.cc:1095] InUse at 7f92f6e0ee00 of size 1024 next 192
2025-06-14 15:54:48.217784: I external/local_tsl/tsl/framework/bfc_allocator.cc:1095] InUse at 7f92f6e0f200 of size 1024 next 193
2025-06-14 15:54:48.218309: I external/local_tsl/tsl/framework/bfc_allocator.cc:1095] InUse at 7f92f6e0f600 of size 512 next 196
2025-06-14 15:54:48.218823: I external/local_tsl/tsl/framework/bfc_allocator.cc:1095] InUse at 7f92f6e0f800 of size 512 next 197
2025-06-14 15:54:48.219264: I external/local_tsl/tsl/framework/bfc_allocator.cc:1095] InUse at 7f92f6e0fa00 of size 512 next 199
2025-06-14 15:54:48.219717: I external/local_tsl/tsl/framework/bfc_allocator.cc:1095] InUse at 7f92f6e0fc00 of size 512 next 200
2025-06-14 15:54:48.220150: I external/local_tsl/tsl/framework/bfc_allocator.cc:1095] InUse at 7f92f6e0fe00 of size 512 next 201
2025-06-14 15:54:48.220565: I external/local_tsl/tsl/framework/bfc_allocator.cc:1095] InUse at 7f92f6e10000 of size 512 next 202
2025-06-14 15:54:48.221012: I external/local_tsl/tsl/framework/bfc_allocator.cc:1095] InUse at 7f92f6e10200 of size 512 next 203
2025-06-14 15:54:48.221440: I external/local_tsl/tsl/framework/bfc_allocator.cc:1095] InUse at 7f92f6e10400 of size 512 next 204
2025-06-14 15:54:48.221864: I external/local_tsl/tsl/framework/bfc_allocator.cc:1095] InUse at 7f92f6e10600 of size 512 next 207
2025-06-14 15:54:48.222292: I external/local_tsl/tsl/framework/bfc_allocator.cc:1095] InUse at 7f92f6e10800 of size 512 next 208
2025-06-14 15:54:48.222718: I external/local_tsl/tsl/framework/bfc_allocator.cc:1095] InUse at 7f92f6e10a00 of size 512 next 209
2025-06-14 15:54:48.223124: I external/local_tsl/tsl/framework/bfc_allocator.cc:1095] InUse at 7f92f6e10c00 of size 512 next 210
2025-06-14 15:54:48.223558: I external/local_tsl/tsl/framework/bfc_allocator.cc:1095] InUse at 7f92f6e10e00 of size 512 next 211
2025-06-14 15:54:48.223994: I external/local_tsl/tsl/framework/bfc_allocator.cc:1095] InUse at 7f92f6e11000 of size 512 next 212
2025-06-14 15:54:48.224424: I external/local_tsl/tsl/framework/bfc_allocator.cc:1095] InUse at 7f92f6e11200 of size 256 next 215
2025-06-14 15:54:48.224863: I external/local_tsl/tsl/framework/bfc_allocator.cc:1095] InUse at 7f92f6e11300 of size 256 next 216
2025-06-14 15:54:48.225307: I external/local_tsl/tsl/framework/bfc_allocator.cc:1095] InUse at 7f92f6e11400 of size 256 next 219
2025-06-14 15:54:48.225745: I external/local_tsl/tsl/framework/bfc_allocator.cc:1095] InUse at 7f92f6e11500 of size 256 next 220
2025-06-14 15:54:48.226178: I external/local_tsl/tsl/framework/bfc_allocator.cc:1095] InUse at 7f92f6e11600 of size 256 next 221
2025-06-14 15:54:48.226626: I external/local_tsl/tsl/framework/bfc_allocator.cc:1095] InUse at 7f92f6e11700 of size 256 next 222
2025-06-14 15:54:48.227062: I external/local_tsl/tsl/framework/bfc_allocator.cc:1095] InUse at 7f92f6e11800 of size 256 next 223
2025-06-14 15:54:48.227497: I external/local_tsl/tsl/framework/bfc_allocator.cc:1095] InUse at 7f92f6e11900 of size 256 next 224
2025-06-14 15:54:48.227922: I external/local_tsl/tsl/framework/bfc_allocator.cc:1095] InUse at 7f92f6e11a00 of size 256 next 227
2025-06-14 15:54:48.228365: I external/local_tsl/tsl/framework/bfc_allocator.cc:1095] InUse at 7f92f6e11b00 of size 256 next 228
2025-06-14 15:54:48.228799: I external/local_tsl/tsl/framework/bfc_allocator.cc:1095] InUse at 7f92f6e11c00 of size 256 next 229
2025-06-14 15:54:48.229223: I external/local_tsl/tsl/framework/bfc_allocator.cc:1095] InUse at 7f92f6e11d00 of size 256 next 230
2025-06-14 15:54:48.229647: I external/local_tsl/tsl/framework/bfc_allocator.cc:1095] InUse at 7f92f6e11e00 of size 256 next 231
2025-06-14 15:54:48.230080: I external/local_tsl/tsl/framework/bfc_allocator.cc:1095] InUse at 7f92f6e11f00 of size 256 next 232
2025-06-14 15:54:48.230516: I external/local_tsl/tsl/framework/bfc_allocator.cc:1095] InUse at 7f92f6e12000 of size 65536 next 233
2025-06-14 15:54:48.230921: I external/local_tsl/tsl/framework/bfc_allocator.cc:1095] InUse at 7f92f6e22000 of size 95232 next 19
2025-06-14 15:54:48.231342: I external/local_tsl/tsl/framework/bfc_allocator.cc:1095] InUse at 7f92f6e39400 of size 110592 next 18
2025-06-14 15:54:48.231776: I external/local_tsl/tsl/framework/bfc_allocator.cc:1095] InUse at 7f92f6e54400 of size 65536 next 115
2025-06-14 15:54:48.232179: I external/local_tsl/tsl/framework/bfc_allocator.cc:1095] InUse at 7f92f6e64400 of size 256 next 112
2025-06-14 15:54:48.232614: I external/local_tsl/tsl/framework/bfc_allocator.cc:1095] InUse at 7f92f6e64500 of size 256 next 114
2025-06-14 15:54:48.233026: I external/local_tsl/tsl/framework/bfc_allocator.cc:1095] InUse at 7f92f6e64600 of size 256 next 113
2025-06-14 15:54:48.233465: I external/local_tsl/tsl/framework/bfc_allocator.cc:1095] InUse at 7f92f6e64700 of size 256 next 111
2025-06-14 15:54:48.233899: I external/local_tsl/tsl/framework/bfc_allocator.cc:1095] InUse at 7f92f6e64800 of size 256 next 117
2025-06-14 15:54:48.234380: I external/local_tsl/tsl/framework/bfc_allocator.cc:1095] InUse at 7f92f6e64900 of size 256 next 118
2025-06-14 15:54:48.234830: I external/local_tsl/tsl/framework/bfc_allocator.cc:1095] InUse at 7f92f6e64a00 of size 256 next 120
2025-06-14 15:54:48.235258: I external/local_tsl/tsl/framework/bfc_allocator.cc:1095] InUse at 7f92f6e64b00 of size 256 next 119
2025-06-14 15:54:48.235682: I external/local_tsl/tsl/framework/bfc_allocator.cc:1095] InUse at 7f92f6e64c00 of size 256 next 121
2025-06-14 15:54:48.236123: I external/local_tsl/tsl/framework/bfc_allocator.cc:1095] InUse at 7f92f6e64d00 of size 256 next 123
2025-06-14 15:54:48.236531: I external/local_tsl/tsl/framework/bfc_allocator.cc:1095] InUse at 7f92f6e64e00 of size 256 next 124
2025-06-14 15:54:48.236963: I external/local_tsl/tsl/framework/bfc_allocator.cc:1095] InUse at 7f92f6e64f00 of size 256 next 125
2025-06-14 15:54:48.237382: I external/local_tsl/tsl/framework/bfc_allocator.cc:1095] InUse at 7f92f6e65000 of size 256 next 126
2025-06-14 15:54:48.237837: I external/local_tsl/tsl/framework/bfc_allocator.cc:1095] InUse at 7f92f6e65100 of size 256 next 128
2025-06-14 15:54:48.238260: I external/local_tsl/tsl/framework/bfc_allocator.cc:1095] InUse at 7f92f6e65200 of size 256 next 127
2025-06-14 15:54:48.238738: I external/local_tsl/tsl/framework/bfc_allocator.cc:1095] InUse at 7f92f6e65300 of size 256 next 129
2025-06-14 15:54:48.239187: I external/local_tsl/tsl/framework/bfc_allocator.cc:1095] InUse at 7f92f6e65400 of size 256 next 130
2025-06-14 15:54:48.239628: I external/local_tsl/tsl/framework/bfc_allocator.cc:1095] InUse at 7f92f6e65500 of size 256 next 131
2025-06-14 15:54:48.240082: I external/local_tsl/tsl/framework/bfc_allocator.cc:1095] InUse at 7f92f6e65600 of size 256 next 132
2025-06-14 15:54:48.240514: I external/local_tsl/tsl/framework/bfc_allocator.cc:1095] InUse at 7f92f6e65700 of size 256 next 133
2025-06-14 15:54:48.240942: I external/local_tsl/tsl/framework/bfc_allocator.cc:1095] InUse at 7f92f6e65800 of size 256 next 137
2025-06-14 15:54:48.241394: I external/local_tsl/tsl/framework/bfc_allocator.cc:1095] InUse at 7f92f6e65900 of size 256 next 136
2025-06-14 15:54:48.241829: I external/local_tsl/tsl/framework/bfc_allocator.cc:1095] InUse at 7f92f6e65a00 of size 3584 next 138
2025-06-14 15:54:48.242247: I external/local_tsl/tsl/framework/bfc_allocator.cc:1095] InUse at 7f92f6e66800 of size 3584 next 139
2025-06-14 15:54:48.242679: I external/local_tsl/tsl/framework/bfc_allocator.cc:1095] InUse at 7f92f6e67600 of size 256 next 140
2025-06-14 15:54:48.243109: I external/local_tsl/tsl/framework/bfc_allocator.cc:1095] InUse at 7f92f6e67700 of size 256 next 141
2025-06-14 15:54:48.243516: I external/local_tsl/tsl/framework/bfc_allocator.cc:1095] InUse at 7f92f6e67800 of size 256 next 142
2025-06-14 15:54:48.243970: I external/local_tsl/tsl/framework/bfc_allocator.cc:1095] InUse at 7f92f6e67900 of size 256 next 143
2025-06-14 15:54:48.244382: I external/local_tsl/tsl/framework/bfc_allocator.cc:1095] InUse at 7f92f6e67a00 of size 256 next 144
2025-06-14 15:54:48.244805: I external/local_tsl/tsl/framework/bfc_allocator.cc:1095] InUse at 7f92f6e67b00 of size 256 next 145
2025-06-14 15:54:48.245216: I external/local_tsl/tsl/framework/bfc_allocator.cc:1095] InUse at 7f92f6e67c00 of size 141312 next 27
2025-06-14 15:54:48.245587: I external/local_tsl/tsl/framework/bfc_allocator.cc:1095] InUse at 7f92f6e8a400 of size 221184 next 26
2025-06-14 15:54:48.245981: I external/local_tsl/tsl/framework/bfc_allocator.cc:1095] InUse at 7f92f6ec0400 of size 442368 next 159
2025-06-14 15:54:48.246361: I external/local_tsl/tsl/framework/bfc_allocator.cc:1095] InUse at 7f92f6f2c400 of size 867328 next 18446744073709551615
2025-06-14 15:54:48.246743: I external/local_tsl/tsl/framework/bfc_allocator.cc:1075] Next region of size 4194304
2025-06-14 15:54:48.247183: I external/local_tsl/tsl/framework/bfc_allocator.cc:1095] InUse at 7f92f7400000 of size 442368 next 37
2025-06-14 15:54:48.247566: I external/local_tsl/tsl/framework/bfc_allocator.cc:1095] InUse at 7f92f746c000 of size 221184 next 116
2025-06-14 15:54:48.247933: I external/local_tsl/tsl/framework/bfc_allocator.cc:1095] InUse at 7f92f74a2000 of size 110592 next 122
2025-06-14 15:54:48.248296: I external/local_tsl/tsl/framework/bfc_allocator.cc:1095] InUse at 7f92f74bd000 of size 192512 next 99
2025-06-14 15:54:48.248668: I external/local_tsl/tsl/framework/bfc_allocator.cc:1095] InUse at 7f92f74ec000 of size 360448 next 44
2025-06-14 15:54:48.249036: I external/local_tsl/tsl/framework/bfc_allocator.cc:1095] InUse at 7f92f7544000 of size 884736 next 43
2025-06-14 15:54:48.249397: I external/local_tsl/tsl/framework/bfc_allocator.cc:1095] InUse at 7f92f761c000 of size 1982464 next 18446744073709551615
2025-06-14 15:54:48.249740: I external/local_tsl/tsl/framework/bfc_allocator.cc:1075] Next region of size 8388608
2025-06-14 15:54:48.250148: I external/local_tsl/tsl/framework/bfc_allocator.cc:1095] InUse at 7f92f7800000 of size 884736 next 166
2025-06-14 15:54:48.250568: I external/local_tsl/tsl/framework/bfc_allocator.cc:1095] InUse at 7f92f78d8000 of size 884736 next 54
2025-06-14 15:54:48.251032: I external/local_tsl/tsl/framework/bfc_allocator.cc:1095] InUse at 7f92f79b0000 of size 1769472 next 52
2025-06-14 15:54:48.251475: I external/local_tsl/tsl/framework/bfc_allocator.cc:1095] InUse at 7f92f7b60000 of size 4849664 next 18446744073709551615
2025-06-14 15:54:48.251868: I external/local_tsl/tsl/framework/bfc_allocator.cc:1100]      Summary of in-use Chunks by size: 
2025-06-14 15:54:48.252329: I external/local_tsl/tsl/framework/bfc_allocator.cc:1103] 155 Chunks of size 256 totalling 38.8KiB
2025-06-14 15:54:48.252808: I external/local_tsl/tsl/framework/bfc_allocator.cc:1103] 55 Chunks of size 512 totalling 27.5KiB
2025-06-14 15:54:48.253249: I external/local_tsl/tsl/framework/bfc_allocator.cc:1103] 26 Chunks of size 1024 totalling 26.0KiB
2025-06-14 15:54:48.253703: I external/local_tsl/tsl/framework/bfc_allocator.cc:1103] 1 Chunks of size 1280 totalling 1.2KiB
2025-06-14 15:54:48.254251: I external/local_tsl/tsl/framework/bfc_allocator.cc:1103] 3 Chunks of size 3584 totalling 10.5KiB
2025-06-14 15:54:48.254682: I external/local_tsl/tsl/framework/bfc_allocator.cc:1103] 2 Chunks of size 65536 totalling 128.0KiB
2025-06-14 15:54:48.255107: I external/local_tsl/tsl/framework/bfc_allocator.cc:1103] 1 Chunks of size 95232 totalling 93.0KiB
2025-06-14 15:54:48.255557: I external/local_tsl/tsl/framework/bfc_allocator.cc:1103] 4 Chunks of size 110592 totalling 432.0KiB
2025-06-14 15:54:48.255990: I external/local_tsl/tsl/framework/bfc_allocator.cc:1103] 1 Chunks of size 141312 totalling 138.0KiB
2025-06-14 15:54:48.256419: I external/local_tsl/tsl/framework/bfc_allocator.cc:1103] 1 Chunks of size 192512 totalling 188.0KiB
2025-06-14 15:54:48.256829: I external/local_tsl/tsl/framework/bfc_allocator.cc:1103] 6 Chunks of size 221184 totalling 1.27MiB
2025-06-14 15:54:48.257278: I external/local_tsl/tsl/framework/bfc_allocator.cc:1103] 2 Chunks of size 262144 totalling 512.0KiB
2025-06-14 15:54:48.257713: I external/local_tsl/tsl/framework/bfc_allocator.cc:1103] 1 Chunks of size 360448 totalling 352.0KiB
2025-06-14 15:54:48.258134: I external/local_tsl/tsl/framework/bfc_allocator.cc:1103] 5 Chunks of size 442368 totalling 2.11MiB
2025-06-14 15:54:48.258560: I external/local_tsl/tsl/framework/bfc_allocator.cc:1103] 1 Chunks of size 867328 totalling 847.0KiB
2025-06-14 15:54:48.259028: I external/local_tsl/tsl/framework/bfc_allocator.cc:1103] 6 Chunks of size 884736 totalling 5.06MiB
2025-06-14 15:54:48.259484: I external/local_tsl/tsl/framework/bfc_allocator.cc:1103] 2 Chunks of size 1048576 totalling 2.00MiB
2025-06-14 15:54:48.259920: I external/local_tsl/tsl/framework/bfc_allocator.cc:1103] 6 Chunks of size 1769472 totalling 10.12MiB
2025-06-14 15:54:48.260326: I external/local_tsl/tsl/framework/bfc_allocator.cc:1103] 1 Chunks of size 1982464 totalling 1.89MiB
2025-06-14 15:54:48.260756: I external/local_tsl/tsl/framework/bfc_allocator.cc:1103] 4 Chunks of size 3538944 totalling 13.50MiB
2025-06-14 15:54:48.261165: I external/local_tsl/tsl/framework/bfc_allocator.cc:1103] 1 Chunks of size 4063232 totalling 3.88MiB
2025-06-14 15:54:48.261606: I external/local_tsl/tsl/framework/bfc_allocator.cc:1103] 1 Chunks of size 4849664 totalling 4.62MiB
2025-06-14 15:54:48.262070: I external/local_tsl/tsl/framework/bfc_allocator.cc:1103] 2 Chunks of size 7077888 totalling 13.50MiB
2025-06-14 15:54:48.262510: I external/local_tsl/tsl/framework/bfc_allocator.cc:1103] 1 Chunks of size 12320768 totalling 11.75MiB
2025-06-14 15:54:48.262893: I external/local_tsl/tsl/framework/bfc_allocator.cc:1103] 2 Chunks of size 15138816 totalling 28.88MiB
2025-06-14 15:54:48.263306: I external/local_tsl/tsl/framework/bfc_allocator.cc:1103] 4 Chunks of size 30277632 totalling 115.50MiB
2025-06-14 15:54:48.263720: I external/local_tsl/tsl/framework/bfc_allocator.cc:1103] 2 Chunks of size 60555264 totalling 115.50MiB
2025-06-14 15:54:48.264117: I external/local_tsl/tsl/framework/bfc_allocator.cc:1103] 1 Chunks of size 73662464 totalling 70.25MiB
2025-06-14 15:54:48.264503: I external/local_tsl/tsl/framework/bfc_allocator.cc:1103] 1 Chunks of size 116654080 totalling 111.25MiB
2025-06-14 15:54:48.264928: I external/local_tsl/tsl/framework/bfc_allocator.cc:1103] 6 Chunks of size 121110528 totalling 693.00MiB
2025-06-14 15:54:48.265342: I external/local_tsl/tsl/framework/bfc_allocator.cc:1103] 2 Chunks of size 209715200 totalling 400.00MiB
2025-06-14 15:54:48.265811: I external/local_tsl/tsl/framework/bfc_allocator.cc:1103] 3 Chunks of size 242221056 totalling 693.00MiB
2025-06-14 15:54:48.266403: I external/local_tsl/tsl/framework/bfc_allocator.cc:1103] 8 Chunks of size 484442112 totalling 3.61GiB
2025-06-14 15:54:48.266814: I external/local_tsl/tsl/framework/bfc_allocator.cc:1103] 1 Chunks of size 968884224 totalling 924.00MiB
2025-06-14 15:54:48.267210: I external/local_tsl/tsl/framework/bfc_allocator.cc:1103] 6 Chunks of size 1937768448 totalling 10.83GiB
2025-06-14 15:54:48.267574: I external/local_tsl/tsl/framework/bfc_allocator.cc:1107] Sum Total of in-use chunks: 17.58GiB
2025-06-14 15:54:48.268064: I external/local_tsl/tsl/framework/bfc_allocator.cc:1109] Total bytes in pool: 23575789568 memory_limit_: 23575789568 available bytes: 0 curr_region_allocation_bytes_: 34359738368
2025-06-14 15:54:48.268467: I external/local_tsl/tsl/framework/bfc_allocator.cc:1114] Stats: 
Limit:                     23575789568
InUse:                     18882553856
MaxInUse:                  22800760320
NumAllocs:                         912
MaxAllocSize:               4135495424
Reserved:                            0
PeakReserved:                        0
LargestFreeBlock:                    0

2025-06-14 15:54:48.268916: W external/local_tsl/tsl/framework/bfc_allocator.cc:497] ________*********________************************************_**************************************
2025-06-14 15:54:48.269251: W tensorflow/core/framework/op_kernel.cc:1839] OP_REQUIRES failed at concat_op.cc:165 : RESOURCE_EXHAUSTED: OOM when allocating tensor with shape[2,64,192,224,176] and type float on /job:localhost/replica:0/task:0/device:GPU:0 by allocator GPU_0_bfc
Traceback (most recent call last):
  File "/mnt/beegfs/hellgate/home/rb194958e/stroke_segmentation_sota/batch_wise_train.py", line 277, in <module>
    if main():
       ^^^^^^
  File "/mnt/beegfs/hellgate/home/rb194958e/stroke_segmentation_sota/batch_wise_train.py", line 256, in main
    history = model.fit(
              ^^^^^^^^^^
  File "/mnt/beegfs/hellgate/home/rb194958e/.conda/envs/tf215_env/lib/python3.11/site-packages/keras/src/utils/traceback_utils.py", line 70, in error_handler
    raise e.with_traceback(filtered_tb) from None
  File "/mnt/beegfs/hellgate/home/rb194958e/.conda/envs/tf215_env/lib/python3.11/site-packages/tensorflow/python/eager/execute.py", line 53, in quick_execute
    tensors = pywrap_tfe.TFE_Py_Execute(ctx._handle, device_name, op_name,
  ^^^^^^^^^^^^^^^^^^^^^^^^^^^^^^^^^^^^^^^^^^^^^^^^^^^^^^^^^^^^^^^^^^^^^^^^
tensorflow.python.framework.errors_impl.ResourceExhaustedError: Graph execution error:

Detected at node model/concatenate_2/concat defined at (most recent call last):
  File "/mnt/beegfs/hellgate/home/rb194958e/stroke_segmentation_sota/batch_wise_train.py", line 277, in <module>

  File "/mnt/beegfs/hellgate/home/rb194958e/stroke_segmentation_sota/batch_wise_train.py", line 256, in main

  File "/mnt/beegfs/hellgate/home/rb194958e/.conda/envs/tf215_env/lib/python3.11/site-packages/keras/src/utils/traceback_utils.py", line 65, in error_handler

  File "/mnt/beegfs/hellgate/home/rb194958e/.conda/envs/tf215_env/lib/python3.11/site-packages/keras/src/engine/training.py", line 1807, in fit

  File "/mnt/beegfs/hellgate/home/rb194958e/.conda/envs/tf215_env/lib/python3.11/site-packages/keras/src/engine/training.py", line 1401, in train_function

  File "/mnt/beegfs/hellgate/home/rb194958e/.conda/envs/tf215_env/lib/python3.11/site-packages/keras/src/engine/training.py", line 1384, in step_function

  File "/mnt/beegfs/hellgate/home/rb194958e/.conda/envs/tf215_env/lib/python3.11/site-packages/keras/src/engine/training.py", line 1373, in run_step

  File "/mnt/beegfs/hellgate/home/rb194958e/.conda/envs/tf215_env/lib/python3.11/site-packages/keras/src/engine/training.py", line 1150, in train_step

  File "/mnt/beegfs/hellgate/home/rb194958e/.conda/envs/tf215_env/lib/python3.11/site-packages/keras/src/utils/traceback_utils.py", line 65, in error_handler

  File "/mnt/beegfs/hellgate/home/rb194958e/.conda/envs/tf215_env/lib/python3.11/site-packages/keras/src/engine/training.py", line 590, in __call__

  File "/mnt/beegfs/hellgate/home/rb194958e/.conda/envs/tf215_env/lib/python3.11/site-packages/keras/src/utils/traceback_utils.py", line 65, in error_handler

  File "/mnt/beegfs/hellgate/home/rb194958e/.conda/envs/tf215_env/lib/python3.11/site-packages/keras/src/engine/base_layer.py", line 1149, in __call__

  File "/mnt/beegfs/hellgate/home/rb194958e/.conda/envs/tf215_env/lib/python3.11/site-packages/keras/src/utils/traceback_utils.py", line 96, in error_handler

  File "/mnt/beegfs/hellgate/home/rb194958e/.conda/envs/tf215_env/lib/python3.11/site-packages/keras/src/engine/functional.py", line 515, in call

  File "/mnt/beegfs/hellgate/home/rb194958e/.conda/envs/tf215_env/lib/python3.11/site-packages/keras/src/engine/functional.py", line 672, in _run_internal_graph

  File "/mnt/beegfs/hellgate/home/rb194958e/.conda/envs/tf215_env/lib/python3.11/site-packages/keras/src/utils/traceback_utils.py", line 65, in error_handler

  File "/mnt/beegfs/hellgate/home/rb194958e/.conda/envs/tf215_env/lib/python3.11/site-packages/keras/src/engine/base_layer.py", line 1149, in __call__

  File "/mnt/beegfs/hellgate/home/rb194958e/.conda/envs/tf215_env/lib/python3.11/site-packages/keras/src/utils/traceback_utils.py", line 96, in error_handler

  File "/mnt/beegfs/hellgate/home/rb194958e/.conda/envs/tf215_env/lib/python3.11/site-packages/keras/src/layers/merging/base_merge.py", line 196, in call

  File "/mnt/beegfs/hellgate/home/rb194958e/.conda/envs/tf215_env/lib/python3.11/site-packages/keras/src/layers/merging/concatenate.py", line 134, in _merge_function

  File "/mnt/beegfs/hellgate/home/rb194958e/.conda/envs/tf215_env/lib/python3.11/site-packages/keras/src/backend.py", line 3580, in concatenate

OOM when allocating tensor with shape[2,64,192,224,176] and type float on /job:localhost/replica:0/task:0/device:GPU:0 by allocator GPU_0_bfc
	 [[{{node model/concatenate_2/concat}}]]
Hint: If you want to see a list of allocated tensors when OOM happens, add report_tensor_allocations_upon_oom to RunOptions for current allocation info. This isn't available when running in Eager mode.
 [Op:__inference_train_function_7309]
2025-06-14 15:54:48.431056: W tensorflow/core/kernels/data/generator_dataset_op.cc:108] Error occurred when finalizing GeneratorDataset iterator: FAILED_PRECONDITION: Python interpreter state is not initialized. The process may be terminated.
	 [[{{node PyFunc}}]]
/var/spool/slurmd/job1123846/slurm_script: line 320: EOF: command not found
/var/spool/slurmd/job1123846/slurm_script: line 330: unexpected EOF while looking for matching ``'
/var/spool/slurmd/job1123846/slurm_script: line 339: syntax error: unexpected end of file
