2025-06-14 10:18:32.141062: I tensorflow/core/util/port.cc:113] oneDNN custom operations are on. You may see slightly different numerical results due to floating-point round-off errors from different computation orders. To turn them off, set the environment variable `TF_ENABLE_ONEDNN_OPTS=0`.
2025-06-14 10:18:32.864851: E external/local_xla/xla/stream_executor/cuda/cuda_dnn.cc:9261] Unable to register cuDNN factory: Attempting to register factory for plugin cuDNN when one has already been registered
2025-06-14 10:18:32.865592: E external/local_xla/xla/stream_executor/cuda/cuda_fft.cc:607] Unable to register cuFFT factory: Attempting to register factory for plugin cuFFT when one has already been registered
2025-06-14 10:18:33.007620: E external/local_xla/xla/stream_executor/cuda/cuda_blas.cc:1515] Unable to register cuBLAS factory: Attempting to register factory for plugin cuBLAS when one has already been registered
2025-06-14 10:18:33.306345: I tensorflow/core/platform/cpu_feature_guard.cc:182] This TensorFlow binary is optimized to use available CPU instructions in performance-critical operations.
To enable the following instructions: AVX2 AVX512F AVX512_VNNI FMA, in other operations, rebuild TensorFlow with the appropriate compiler flags.
2025-06-14 10:18:40.970421: W tensorflow/compiler/tf2tensorrt/utils/py_utils.cc:38] TF-TRT Warning: Could not find TensorRT
INFO:__main__:🚀 Starting Stroke Lesion Segmentation Training
INFO:__main__:Using 1 GPU(s)
INFO:__main__:Creating data generators...
INFO:__main__:Found 655 valid image/mask pairs
INFO:__main__:Found 655 valid image/mask pairs
INFO:__main__:Training batches: 262
INFO:__main__:Validation batches: 65
INFO:__main__:Building model...
2025-06-14 10:18:57.242908: I tensorflow/core/common_runtime/gpu/gpu_device.cc:1929] Created device /job:localhost/replica:0/task:0/device:GPU:0 with 22483 MB memory:  -> device: 0, name: NVIDIA RTX 4500 Ada Generation, pci bus id: 0000:1c:00.0, compute capability: 8.9
INFO:__main__:Model parameters: 5,605,345
INFO:__main__:Starting training...
pixdim[0] (qfac) should be 1 (default) or -1; setting qfac to 1
INFO:nibabel.global:pixdim[0] (qfac) should be 1 (default) or -1; setting qfac to 1
pixdim[0] (qfac) should be 1 (default) or -1; setting qfac to 1
INFO:nibabel.global:pixdim[0] (qfac) should be 1 (default) or -1; setting qfac to 1
pixdim[0] (qfac) should be 1 (default) or -1; setting qfac to 1
INFO:nibabel.global:pixdim[0] (qfac) should be 1 (default) or -1; setting qfac to 1
pixdim[0] (qfac) should be 1 (default) or -1; setting qfac to 1
INFO:nibabel.global:pixdim[0] (qfac) should be 1 (default) or -1; setting qfac to 1
2025-06-14 10:19:04.925162: I external/local_xla/xla/stream_executor/cuda/cuda_dnn.cc:454] Loaded cuDNN version 8907
pixdim[0] (qfac) should be 1 (default) or -1; setting qfac to 1
INFO:nibabel.global:pixdim[0] (qfac) should be 1 (default) or -1; setting qfac to 1
pixdim[0] (qfac) should be 1 (default) or -1; setting qfac to 1
INFO:nibabel.global:pixdim[0] (qfac) should be 1 (default) or -1; setting qfac to 1
pixdim[0] (qfac) should be 1 (default) or -1; setting qfac to 1
INFO:nibabel.global:pixdim[0] (qfac) should be 1 (default) or -1; setting qfac to 1
pixdim[0] (qfac) should be 1 (default) or -1; setting qfac to 1
INFO:nibabel.global:pixdim[0] (qfac) should be 1 (default) or -1; setting qfac to 1
2025-06-14 10:19:21.636671: W external/local_tsl/tsl/framework/bfc_allocator.cc:296] Allocator (GPU_0_bfc) ran out of memory trying to allocate 2.27GiB with freed_by_count=0. The caller indicates that this is not a failure, but this may mean that there could be performance gains if more memory were available.
2025-06-14 10:19:21.738069: W external/local_tsl/tsl/framework/bfc_allocator.cc:296] Allocator (GPU_0_bfc) ran out of memory trying to allocate 2.30GiB with freed_by_count=0. The caller indicates that this is not a failure, but this may mean that there could be performance gains if more memory were available.
2025-06-14 10:19:21.738990: W external/local_tsl/tsl/framework/bfc_allocator.cc:296] Allocator (GPU_0_bfc) ran out of memory trying to allocate 2.27GiB with freed_by_count=0. The caller indicates that this is not a failure, but this may mean that there could be performance gains if more memory were available.
2025-06-14 10:19:22.360001: W external/local_tsl/tsl/framework/bfc_allocator.cc:296] Allocator (GPU_0_bfc) ran out of memory trying to allocate 2.27GiB with freed_by_count=0. The caller indicates that this is not a failure, but this may mean that there could be performance gains if more memory were available.
2025-06-14 10:19:22.413551: W external/local_tsl/tsl/framework/bfc_allocator.cc:296] Allocator (GPU_0_bfc) ran out of memory trying to allocate 2.30GiB with freed_by_count=0. The caller indicates that this is not a failure, but this may mean that there could be performance gains if more memory were available.
2025-06-14 10:19:22.414459: W external/local_tsl/tsl/framework/bfc_allocator.cc:296] Allocator (GPU_0_bfc) ran out of memory trying to allocate 2.27GiB with freed_by_count=0. The caller indicates that this is not a failure, but this may mean that there could be performance gains if more memory were available.
2025-06-14 10:19:33.035651: W external/local_tsl/tsl/framework/bfc_allocator.cc:485] Allocator (GPU_0_bfc) ran out of memory trying to allocate 3.61GiB (rounded to 3875536896)requested by op model/concatenate_2/concat
If the cause is memory fragmentation maybe the environment variable 'TF_GPU_ALLOCATOR=cuda_malloc_async' will improve the situation. 
Current allocation summary follows.
Current allocation summary follows.
2025-06-14 10:19:33.036636: I external/local_tsl/tsl/framework/bfc_allocator.cc:1039] BFCAllocator dump for GPU_0_bfc
2025-06-14 10:19:33.037327: I external/local_tsl/tsl/framework/bfc_allocator.cc:1046] Bin (256): 	Total Chunks: 155, Chunks in use: 155. 38.8KiB allocated for chunks. 38.8KiB in use in bin. 20.7KiB client-requested in use in bin.
2025-06-14 10:19:33.037720: I external/local_tsl/tsl/framework/bfc_allocator.cc:1046] Bin (512): 	Total Chunks: 56, Chunks in use: 55. 28.2KiB allocated for chunks. 27.8KiB in use in bin. 27.5KiB client-requested in use in bin.
2025-06-14 10:19:33.038284: I external/local_tsl/tsl/framework/bfc_allocator.cc:1046] Bin (1024): 	Total Chunks: 27, Chunks in use: 27. 27.2KiB allocated for chunks. 27.2KiB in use in bin. 27.0KiB client-requested in use in bin.
2025-06-14 10:19:33.038647: I external/local_tsl/tsl/framework/bfc_allocator.cc:1046] Bin (2048): 	Total Chunks: 3, Chunks in use: 3. 10.5KiB allocated for chunks. 10.5KiB in use in bin. 10.1KiB client-requested in use in bin.
2025-06-14 10:19:33.038987: I external/local_tsl/tsl/framework/bfc_allocator.cc:1046] Bin (4096): 	Total Chunks: 0, Chunks in use: 0. 0B allocated for chunks. 0B in use in bin. 0B client-requested in use in bin.
2025-06-14 10:19:33.039422: I external/local_tsl/tsl/framework/bfc_allocator.cc:1046] Bin (8192): 	Total Chunks: 0, Chunks in use: 0. 0B allocated for chunks. 0B in use in bin. 0B client-requested in use in bin.
2025-06-14 10:19:33.039771: I external/local_tsl/tsl/framework/bfc_allocator.cc:1046] Bin (16384): 	Total Chunks: 0, Chunks in use: 0. 0B allocated for chunks. 0B in use in bin. 0B client-requested in use in bin.
2025-06-14 10:19:33.040114: I external/local_tsl/tsl/framework/bfc_allocator.cc:1046] Bin (32768): 	Total Chunks: 0, Chunks in use: 0. 0B allocated for chunks. 0B in use in bin. 0B client-requested in use in bin.
2025-06-14 10:19:33.040444: I external/local_tsl/tsl/framework/bfc_allocator.cc:1046] Bin (65536): 	Total Chunks: 7, Chunks in use: 7. 653.0KiB allocated for chunks. 653.0KiB in use in bin. 624.0KiB client-requested in use in bin.
2025-06-14 10:19:33.040784: I external/local_tsl/tsl/framework/bfc_allocator.cc:1046] Bin (131072): 	Total Chunks: 8, Chunks in use: 8. 1.58MiB allocated for chunks. 1.58MiB in use in bin. 1.48MiB client-requested in use in bin.
2025-06-14 10:19:33.041161: I external/local_tsl/tsl/framework/bfc_allocator.cc:1046] Bin (262144): 	Total Chunks: 8, Chunks in use: 8. 2.95MiB allocated for chunks. 2.95MiB in use in bin. 2.86MiB client-requested in use in bin.
2025-06-14 10:19:33.041497: I external/local_tsl/tsl/framework/bfc_allocator.cc:1046] Bin (524288): 	Total Chunks: 7, Chunks in use: 7. 5.89MiB allocated for chunks. 5.89MiB in use in bin. 5.48MiB client-requested in use in bin.
2025-06-14 10:19:33.041831: I external/local_tsl/tsl/framework/bfc_allocator.cc:1046] Bin (1048576): 	Total Chunks: 9, Chunks in use: 9. 14.02MiB allocated for chunks. 14.02MiB in use in bin. 13.12MiB client-requested in use in bin.
2025-06-14 10:19:33.042152: I external/local_tsl/tsl/framework/bfc_allocator.cc:1046] Bin (2097152): 	Total Chunks: 5, Chunks in use: 5. 17.38MiB allocated for chunks. 17.38MiB in use in bin. 16.88MiB client-requested in use in bin.
2025-06-14 10:19:33.042462: I external/local_tsl/tsl/framework/bfc_allocator.cc:1046] Bin (4194304): 	Total Chunks: 3, Chunks in use: 3. 18.12MiB allocated for chunks. 18.12MiB in use in bin. 16.88MiB client-requested in use in bin.
2025-06-14 10:19:33.042775: I external/local_tsl/tsl/framework/bfc_allocator.cc:1046] Bin (8388608): 	Total Chunks: 3, Chunks in use: 3. 40.62MiB allocated for chunks. 40.62MiB in use in bin. 35.62MiB client-requested in use in bin.
2025-06-14 10:19:33.043104: I external/local_tsl/tsl/framework/bfc_allocator.cc:1046] Bin (16777216): 	Total Chunks: 5, Chunks in use: 4. 140.19MiB allocated for chunks. 115.50MiB in use in bin. 115.50MiB client-requested in use in bin.
2025-06-14 10:19:33.043417: I external/local_tsl/tsl/framework/bfc_allocator.cc:1046] Bin (33554432): 	Total Chunks: 2, Chunks in use: 2. 115.50MiB allocated for chunks. 115.50MiB in use in bin. 115.50MiB client-requested in use in bin.
2025-06-14 10:19:33.043827: I external/local_tsl/tsl/framework/bfc_allocator.cc:1046] Bin (67108864): 	Total Chunks: 8, Chunks in use: 8. 874.50MiB allocated for chunks. 874.50MiB in use in bin. 808.50MiB client-requested in use in bin.
2025-06-14 10:19:33.044145: I external/local_tsl/tsl/framework/bfc_allocator.cc:1046] Bin (134217728): 	Total Chunks: 5, Chunks in use: 5. 1.07GiB allocated for chunks. 1.07GiB in use in bin. 924.00MiB client-requested in use in bin.
2025-06-14 10:19:33.044469: I external/local_tsl/tsl/framework/bfc_allocator.cc:1046] Bin (268435456): 	Total Chunks: 18, Chunks in use: 15. 19.69GiB allocated for chunks. 15.34GiB in use in bin. 15.34GiB client-requested in use in bin.
2025-06-14 10:19:33.044831: I external/local_tsl/tsl/framework/bfc_allocator.cc:1062] Bin for 3.61GiB was 256.00MiB, Chunk State: 
2025-06-14 10:19:33.045168: I external/local_tsl/tsl/framework/bfc_allocator.cc:1068]   Size: 453.50MiB | Requested Size: 16.00MiB | in_use: 0 | bin_num: 20, prev:   Size: 462.00MiB | Requested Size: 462.00MiB | in_use: 1 | bin_num: -1
2025-06-14 10:19:33.045550: I external/local_tsl/tsl/framework/bfc_allocator.cc:1068]   Size: 1.80GiB | Requested Size: 1.80GiB | in_use: 0 | bin_num: 20, next:   Size: 1.80GiB | Requested Size: 1.80GiB | in_use: 1 | bin_num: -1
2025-06-14 10:19:33.045883: I external/local_tsl/tsl/framework/bfc_allocator.cc:1068]   Size: 2.10GiB | Requested Size: 1.82GiB | in_use: 0 | bin_num: 20, prev:   Size: 1.80GiB | Requested Size: 1.80GiB | in_use: 1 | bin_num: -1
2025-06-14 10:19:33.046193: I external/local_tsl/tsl/framework/bfc_allocator.cc:1075] Next region of size 6129582080
2025-06-14 10:19:33.046633: I external/local_tsl/tsl/framework/bfc_allocator.cc:1095] Free  at 7f07de000000 of size 1937768448 next 107
2025-06-14 10:19:33.046931: I external/local_tsl/tsl/framework/bfc_allocator.cc:1095] InUse at 7f0851800000 of size 1937768448 next 329
2025-06-14 10:19:33.047235: I external/local_tsl/tsl/framework/bfc_allocator.cc:1095] Free  at 7f08c5000000 of size 2254045184 next 18446744073709551615
2025-06-14 10:19:33.047548: I external/local_tsl/tsl/framework/bfc_allocator.cc:1075] Next region of size 8589934592
2025-06-14 10:19:33.047985: I external/local_tsl/tsl/framework/bfc_allocator.cc:1095] InUse at 7f0976000000 of size 1937768448 next 282
2025-06-14 10:19:33.048303: I external/local_tsl/tsl/framework/bfc_allocator.cc:1095] InUse at 7f09e9800000 of size 242221056 next 283
2025-06-14 10:19:33.048633: I external/local_tsl/tsl/framework/bfc_allocator.cc:1095] InUse at 7f09f7f00000 of size 484442112 next 284
2025-06-14 10:19:33.048939: I external/local_tsl/tsl/framework/bfc_allocator.cc:1095] InUse at 7f0a14d00000 of size 484442112 next 285
2025-06-14 10:19:33.049343: I external/local_tsl/tsl/framework/bfc_allocator.cc:1095] InUse at 7f0a31b00000 of size 484442112 next 29
2025-06-14 10:19:33.049688: I external/local_tsl/tsl/framework/bfc_allocator.cc:1095] InUse at 7f0a4e900000 of size 484442112 next 289
2025-06-14 10:19:33.050086: I external/local_tsl/tsl/framework/bfc_allocator.cc:1095] InUse at 7f0a6b700000 of size 484442112 next 293
2025-06-14 10:19:33.050485: I external/local_tsl/tsl/framework/bfc_allocator.cc:1095] InUse at 7f0a88500000 of size 121110528 next 47
2025-06-14 10:19:33.050948: I external/local_tsl/tsl/framework/bfc_allocator.cc:1095] InUse at 7f0a8f880000 of size 121110528 next 296
2025-06-14 10:19:33.051403: I external/local_tsl/tsl/framework/bfc_allocator.cc:1095] InUse at 7f0a96c00000 of size 121110528 next 300
2025-06-14 10:19:33.051725: I external/local_tsl/tsl/framework/bfc_allocator.cc:1095] InUse at 7f0a9df80000 of size 30277632 next 302
2025-06-14 10:19:33.052077: I external/local_tsl/tsl/framework/bfc_allocator.cc:1095] InUse at 7f0a9fc60000 of size 30277632 next 303
2025-06-14 10:19:33.052399: I external/local_tsl/tsl/framework/bfc_allocator.cc:1095] InUse at 7f0aa1940000 of size 30277632 next 66
2025-06-14 10:19:33.052729: I external/local_tsl/tsl/framework/bfc_allocator.cc:1095] InUse at 7f0aa3620000 of size 30277632 next 307
2025-06-14 10:19:33.053109: I external/local_tsl/tsl/framework/bfc_allocator.cc:1095] InUse at 7f0aa5300000 of size 121110528 next 76
2025-06-14 10:19:33.053456: I external/local_tsl/tsl/framework/bfc_allocator.cc:1095] InUse at 7f0aac680000 of size 121110528 next 312
2025-06-14 10:19:33.053902: I external/local_tsl/tsl/framework/bfc_allocator.cc:1095] InUse at 7f0ab3a00000 of size 242221056 next 311
2025-06-14 10:19:33.054246: I external/local_tsl/tsl/framework/bfc_allocator.cc:1095] InUse at 7f0ac2100000 of size 121110528 next 85
2025-06-14 10:19:33.054563: I external/local_tsl/tsl/framework/bfc_allocator.cc:1095] InUse at 7f0ac9480000 of size 484442112 next 325
2025-06-14 10:19:33.054874: I external/local_tsl/tsl/framework/bfc_allocator.cc:1095] InUse at 7f0ae6280000 of size 484442112 next 320
2025-06-14 10:19:33.055373: I external/local_tsl/tsl/framework/bfc_allocator.cc:1095] InUse at 7f0b03080000 of size 968884224 next 319
2025-06-14 10:19:33.055696: I external/local_tsl/tsl/framework/bfc_allocator.cc:1095] InUse at 7f0b3cc80000 of size 484442112 next 91
2025-06-14 10:19:33.056019: I external/local_tsl/tsl/framework/bfc_allocator.cc:1095] Free  at 7f0b59a80000 of size 475529216 next 18446744073709551615
2025-06-14 10:19:33.056338: I external/local_tsl/tsl/framework/bfc_allocator.cc:1075] Next region of size 4294967296
2025-06-14 10:19:33.056734: I external/local_tsl/tsl/framework/bfc_allocator.cc:1095] InUse at 7f0b92000000 of size 1937768448 next 11
2025-06-14 10:19:33.057106: I external/local_tsl/tsl/framework/bfc_allocator.cc:1095] InUse at 7f0c05800000 of size 1937768448 next 277
2025-06-14 10:19:33.057421: I external/local_tsl/tsl/framework/bfc_allocator.cc:1095] InUse at 7f0c79000000 of size 242221056 next 20
2025-06-14 10:19:33.057733: I external/local_tsl/tsl/framework/bfc_allocator.cc:1095] InUse at 7f0c87700000 of size 60555264 next 38
2025-06-14 10:19:33.058086: I external/local_tsl/tsl/framework/bfc_allocator.cc:1095] InUse at 7f0c8b0c0000 of size 116654080 next 18446744073709551615
2025-06-14 10:19:33.058457: I external/local_tsl/tsl/framework/bfc_allocator.cc:1075] Next region of size 2147483648
2025-06-14 10:19:33.058874: I external/local_tsl/tsl/framework/bfc_allocator.cc:1095] InUse at 7f0cbe000000 of size 1937768448 next 265
2025-06-14 10:19:33.059196: I external/local_tsl/tsl/framework/bfc_allocator.cc:1095] InUse at 7f0d31800000 of size 209715200 next 18446744073709551615
2025-06-14 10:19:33.059577: I external/local_tsl/tsl/framework/bfc_allocator.cc:1075] Next region of size 2147483648
2025-06-14 10:19:33.060036: I external/local_tsl/tsl/framework/bfc_allocator.cc:1095] InUse at 7f0d44000000 of size 1937768448 next 267
2025-06-14 10:19:33.060350: I external/local_tsl/tsl/framework/bfc_allocator.cc:1095] InUse at 7f0db7800000 of size 209715200 next 18446744073709551615
2025-06-14 10:19:33.060774: I external/local_tsl/tsl/framework/bfc_allocator.cc:1075] Next region of size 134217728
2025-06-14 10:19:33.061242: I external/local_tsl/tsl/framework/bfc_allocator.cc:1095] InUse at 7f0e56000000 of size 60555264 next 264
2025-06-14 10:19:33.061578: I external/local_tsl/tsl/framework/bfc_allocator.cc:1095] InUse at 7f0e599c0000 of size 73662464 next 18446744073709551615
2025-06-14 10:19:33.061927: I external/local_tsl/tsl/framework/bfc_allocator.cc:1075] Next region of size 67108864
2025-06-14 10:19:33.062336: I external/local_tsl/tsl/framework/bfc_allocator.cc:1095] InUse at 7f0e5e000000 of size 3538944 next 198
2025-06-14 10:19:33.062648: I external/local_tsl/tsl/framework/bfc_allocator.cc:1095] InUse at 7f0e5e360000 of size 1769472 next 205
2025-06-14 10:19:33.062982: I external/local_tsl/tsl/framework/bfc_allocator.cc:1095] InUse at 7f0e5e510000 of size 1769472 next 206
2025-06-14 10:19:33.063338: I external/local_tsl/tsl/framework/bfc_allocator.cc:1095] InUse at 7f0e5e6c0000 of size 262144 next 213
2025-06-14 10:19:33.063679: I external/local_tsl/tsl/framework/bfc_allocator.cc:1095] InUse at 7f0e5e700000 of size 262144 next 214
2025-06-14 10:19:33.064012: I external/local_tsl/tsl/framework/bfc_allocator.cc:1095] InUse at 7f0e5e740000 of size 884736 next 217
2025-06-14 10:19:33.064372: I external/local_tsl/tsl/framework/bfc_allocator.cc:1095] InUse at 7f0e5e818000 of size 884736 next 218
2025-06-14 10:19:33.064682: I external/local_tsl/tsl/framework/bfc_allocator.cc:1095] InUse at 7f0e5e8f0000 of size 442368 next 225
2025-06-14 10:19:33.065015: I external/local_tsl/tsl/framework/bfc_allocator.cc:1095] InUse at 7f0e5e95c000 of size 442368 next 226
2025-06-14 10:19:33.065318: I external/local_tsl/tsl/framework/bfc_allocator.cc:1095] InUse at 7f0e5e9c8000 of size 256 next 234
2025-06-14 10:19:33.065718: I external/local_tsl/tsl/framework/bfc_allocator.cc:1095] InUse at 7f0e5e9c8100 of size 256 next 235
2025-06-14 10:19:33.066122: I external/local_tsl/tsl/framework/bfc_allocator.cc:1095] InUse at 7f0e5e9c8200 of size 221184 next 236
2025-06-14 10:19:33.066466: I external/local_tsl/tsl/framework/bfc_allocator.cc:1095] InUse at 7f0e5e9fe200 of size 221184 next 237
2025-06-14 10:19:33.067048: I external/local_tsl/tsl/framework/bfc_allocator.cc:1095] InUse at 7f0e5ea34200 of size 256 next 238
2025-06-14 10:19:33.067518: I external/local_tsl/tsl/framework/bfc_allocator.cc:1095] InUse at 7f0e5ea34300 of size 256 next 239
2025-06-14 10:19:33.067937: I external/local_tsl/tsl/framework/bfc_allocator.cc:1095] InUse at 7f0e5ea34400 of size 256 next 240
2025-06-14 10:19:33.068414: I external/local_tsl/tsl/framework/bfc_allocator.cc:1095] InUse at 7f0e5ea34500 of size 256 next 241
2025-06-14 10:19:33.068873: I external/local_tsl/tsl/framework/bfc_allocator.cc:1095] InUse at 7f0e5ea34600 of size 256 next 242
2025-06-14 10:19:33.069419: I external/local_tsl/tsl/framework/bfc_allocator.cc:1095] InUse at 7f0e5ea34700 of size 256 next 243
2025-06-14 10:19:33.069927: I external/local_tsl/tsl/framework/bfc_allocator.cc:1095] InUse at 7f0e5ea34800 of size 110592 next 244
2025-06-14 10:19:33.070291: I external/local_tsl/tsl/framework/bfc_allocator.cc:1095] InUse at 7f0e5ea4f800 of size 110592 next 245
2025-06-14 10:19:33.070628: I external/local_tsl/tsl/framework/bfc_allocator.cc:1095] InUse at 7f0e5ea6a800 of size 256 next 246
2025-06-14 10:19:33.071049: I external/local_tsl/tsl/framework/bfc_allocator.cc:1095] InUse at 7f0e5ea6a900 of size 256 next 247
2025-06-14 10:19:33.071443: I external/local_tsl/tsl/framework/bfc_allocator.cc:1095] InUse at 7f0e5ea6aa00 of size 256 next 248
2025-06-14 10:19:33.071842: I external/local_tsl/tsl/framework/bfc_allocator.cc:1095] InUse at 7f0e5ea6ab00 of size 256 next 249
2025-06-14 10:19:33.072287: I external/local_tsl/tsl/framework/bfc_allocator.cc:1095] InUse at 7f0e5ea6ac00 of size 256 next 250
2025-06-14 10:19:33.072705: I external/local_tsl/tsl/framework/bfc_allocator.cc:1095] InUse at 7f0e5ea6ad00 of size 256 next 251
2025-06-14 10:19:33.073122: I external/local_tsl/tsl/framework/bfc_allocator.cc:1095] InUse at 7f0e5ea6ae00 of size 256 next 252
2025-06-14 10:19:33.073562: I external/local_tsl/tsl/framework/bfc_allocator.cc:1095] InUse at 7f0e5ea6af00 of size 256 next 253
2025-06-14 10:19:33.074023: I external/local_tsl/tsl/framework/bfc_allocator.cc:1095] InUse at 7f0e5ea6b000 of size 256 next 254
2025-06-14 10:19:33.074681: I external/local_tsl/tsl/framework/bfc_allocator.cc:1095] InUse at 7f0e5ea6b100 of size 256 next 255
2025-06-14 10:19:33.075105: I external/local_tsl/tsl/framework/bfc_allocator.cc:1095] InUse at 7f0e5ea6b200 of size 256 next 256
2025-06-14 10:19:33.075514: I external/local_tsl/tsl/framework/bfc_allocator.cc:1095] InUse at 7f0e5ea6b300 of size 256 next 257
2025-06-14 10:19:33.075985: I external/local_tsl/tsl/framework/bfc_allocator.cc:1095] InUse at 7f0e5ea6b400 of size 256 next 258
2025-06-14 10:19:33.076410: I external/local_tsl/tsl/framework/bfc_allocator.cc:1095] InUse at 7f0e5ea6b500 of size 256 next 259
2025-06-14 10:19:33.076803: I external/local_tsl/tsl/framework/bfc_allocator.cc:1095] InUse at 7f0e5ea6b600 of size 256 next 260
2025-06-14 10:19:33.077249: I external/local_tsl/tsl/framework/bfc_allocator.cc:1095] InUse at 7f0e5ea6b700 of size 256 next 261
2025-06-14 10:19:33.077688: I external/local_tsl/tsl/framework/bfc_allocator.cc:1095] InUse at 7f0e5ea6b800 of size 256 next 262
2025-06-14 10:19:33.078089: I external/local_tsl/tsl/framework/bfc_allocator.cc:1095] InUse at 7f0e5ea6b900 of size 256 next 263
2025-06-14 10:19:33.078493: I external/local_tsl/tsl/framework/bfc_allocator.cc:1095] InUse at 7f0e5ea6ba00 of size 256 next 272
2025-06-14 10:19:33.078899: I external/local_tsl/tsl/framework/bfc_allocator.cc:1095] InUse at 7f0e5ea6bb00 of size 256 next 274
2025-06-14 10:19:33.079357: I external/local_tsl/tsl/framework/bfc_allocator.cc:1095] InUse at 7f0e5ea6bc00 of size 256 next 275
2025-06-14 10:19:33.079778: I external/local_tsl/tsl/framework/bfc_allocator.cc:1095] InUse at 7f0e5ea6bd00 of size 256 next 276
2025-06-14 10:19:33.080185: I external/local_tsl/tsl/framework/bfc_allocator.cc:1095] InUse at 7f0e5ea6be00 of size 256 next 280
2025-06-14 10:19:33.080600: I external/local_tsl/tsl/framework/bfc_allocator.cc:1095] InUse at 7f0e5ea6bf00 of size 256 next 281
2025-06-14 10:19:33.081091: I external/local_tsl/tsl/framework/bfc_allocator.cc:1095] InUse at 7f0e5ea6c000 of size 256 next 287
2025-06-14 10:19:33.081596: I external/local_tsl/tsl/framework/bfc_allocator.cc:1095] InUse at 7f0e5ea6c100 of size 256 next 288
2025-06-14 10:19:33.082003: I external/local_tsl/tsl/framework/bfc_allocator.cc:1095] InUse at 7f0e5ea6c200 of size 256 next 291
2025-06-14 10:19:33.082448: I external/local_tsl/tsl/framework/bfc_allocator.cc:1095] InUse at 7f0e5ea6c300 of size 256 next 292
2025-06-14 10:19:33.082881: I external/local_tsl/tsl/framework/bfc_allocator.cc:1095] InUse at 7f0e5ea6c400 of size 512 next 294
2025-06-14 10:19:33.083273: I external/local_tsl/tsl/framework/bfc_allocator.cc:1095] InUse at 7f0e5ea6c600 of size 768 next 268
2025-06-14 10:19:33.083710: I external/local_tsl/tsl/framework/bfc_allocator.cc:1095] InUse at 7f0e5ea6c900 of size 256 next 269
2025-06-14 10:19:33.084181: I external/local_tsl/tsl/framework/bfc_allocator.cc:1095] InUse at 7f0e5ea6ca00 of size 256 next 270
2025-06-14 10:19:33.084714: I external/local_tsl/tsl/framework/bfc_allocator.cc:1095] InUse at 7f0e5ea6cb00 of size 512 next 295
2025-06-14 10:19:33.085147: I external/local_tsl/tsl/framework/bfc_allocator.cc:1095] InUse at 7f0e5ea6cd00 of size 512 next 298
2025-06-14 10:19:33.085663: I external/local_tsl/tsl/framework/bfc_allocator.cc:1095] InUse at 7f0e5ea6cf00 of size 512 next 299
2025-06-14 10:19:33.086186: I external/local_tsl/tsl/framework/bfc_allocator.cc:1095] InUse at 7f0e5ea6d100 of size 15138816 next 56
2025-06-14 10:19:33.086592: I external/local_tsl/tsl/framework/bfc_allocator.cc:1095] InUse at 7f0e5f8dd100 of size 15138816 next 301
2025-06-14 10:19:33.087075: I external/local_tsl/tsl/framework/bfc_allocator.cc:1095] InUse at 7f0e6074d100 of size 1024 next 304
2025-06-14 10:19:33.087519: I external/local_tsl/tsl/framework/bfc_allocator.cc:1095] InUse at 7f0e6074d500 of size 1024 next 305
2025-06-14 10:19:33.088047: I external/local_tsl/tsl/framework/bfc_allocator.cc:1095] InUse at 7f0e6074d900 of size 1024 next 306
2025-06-14 10:19:33.088495: I external/local_tsl/tsl/framework/bfc_allocator.cc:1095] InUse at 7f0e6074dd00 of size 1024 next 309
2025-06-14 10:19:33.088911: I external/local_tsl/tsl/framework/bfc_allocator.cc:1095] InUse at 7f0e6074e100 of size 1024 next 310
2025-06-14 10:19:33.089329: I external/local_tsl/tsl/framework/bfc_allocator.cc:1095] InUse at 7f0e6074e500 of size 512 next 317
2025-06-14 10:19:33.089759: I external/local_tsl/tsl/framework/bfc_allocator.cc:1095] InUse at 7f0e6074e700 of size 512 next 318
2025-06-14 10:19:33.090214: I external/local_tsl/tsl/framework/bfc_allocator.cc:1095] InUse at 7f0e6074e900 of size 256 next 326
2025-06-14 10:19:33.090644: I external/local_tsl/tsl/framework/bfc_allocator.cc:1095] InUse at 7f0e6074ea00 of size 256 next 327
2025-06-14 10:19:33.091075: I external/local_tsl/tsl/framework/bfc_allocator.cc:1095] Free  at 7f0e6074eb00 of size 25892096 next 18446744073709551615
2025-06-14 10:19:33.091429: I external/local_tsl/tsl/framework/bfc_allocator.cc:1075] Next region of size 33554432
2025-06-14 10:19:33.091849: I external/local_tsl/tsl/framework/bfc_allocator.cc:1095] InUse at 7f0e76000000 of size 3538944 next 83
2025-06-14 10:19:33.092176: I external/local_tsl/tsl/framework/bfc_allocator.cc:1095] InUse at 7f0e76360000 of size 221184 next 152
2025-06-14 10:19:33.092498: I external/local_tsl/tsl/framework/bfc_allocator.cc:1095] InUse at 7f0e76396000 of size 221184 next 106
2025-06-14 10:19:33.092837: I external/local_tsl/tsl/framework/bfc_allocator.cc:1095] InUse at 7f0e763cc000 of size 442368 next 100
2025-06-14 10:19:33.093170: I external/local_tsl/tsl/framework/bfc_allocator.cc:1095] InUse at 7f0e76438000 of size 884736 next 90
2025-06-14 10:19:33.093493: I external/local_tsl/tsl/framework/bfc_allocator.cc:1095] InUse at 7f0e76510000 of size 1769472 next 74
2025-06-14 10:19:33.093795: I external/local_tsl/tsl/framework/bfc_allocator.cc:1095] InUse at 7f0e766c0000 of size 7077888 next 72
2025-06-14 10:19:33.094118: I external/local_tsl/tsl/framework/bfc_allocator.cc:1095] InUse at 7f0e76d80000 of size 7077888 next 187
2025-06-14 10:19:33.094434: I external/local_tsl/tsl/framework/bfc_allocator.cc:1095] InUse at 7f0e77440000 of size 12320768 next 18446744073709551615
2025-06-14 10:19:33.094776: I external/local_tsl/tsl/framework/bfc_allocator.cc:1075] Next region of size 16777216
2025-06-14 10:19:33.095193: I external/local_tsl/tsl/framework/bfc_allocator.cc:1095] InUse at 7f0e7e000000 of size 1769472 next 173
2025-06-14 10:19:33.095515: I external/local_tsl/tsl/framework/bfc_allocator.cc:1095] InUse at 7f0e7e1b0000 of size 1769472 next 64
2025-06-14 10:19:33.095824: I external/local_tsl/tsl/framework/bfc_allocator.cc:1095] InUse at 7f0e7e360000 of size 3538944 next 62
2025-06-14 10:19:33.096133: I external/local_tsl/tsl/framework/bfc_allocator.cc:1095] InUse at 7f0e7e6c0000 of size 3538944 next 180
2025-06-14 10:19:33.096449: I external/local_tsl/tsl/framework/bfc_allocator.cc:1095] InUse at 7f0e7ea20000 of size 1048576 next 194
2025-06-14 10:19:33.096795: I external/local_tsl/tsl/framework/bfc_allocator.cc:1095] InUse at 7f0e7eb20000 of size 1048576 next 195
2025-06-14 10:19:33.097109: I external/local_tsl/tsl/framework/bfc_allocator.cc:1095] InUse at 7f0e7ec20000 of size 4063232 next 18446744073709551615
2025-06-14 10:19:33.097425: I external/local_tsl/tsl/framework/bfc_allocator.cc:1075] Next region of size 2097152
2025-06-14 10:19:33.097816: I external/local_tsl/tsl/framework/bfc_allocator.cc:1095] InUse at 7f0ee2e00000 of size 1280 next 1
2025-06-14 10:19:33.098232: I external/local_tsl/tsl/framework/bfc_allocator.cc:1095] InUse at 7f0ee2e00500 of size 256 next 2
2025-06-14 10:19:33.098658: I external/local_tsl/tsl/framework/bfc_allocator.cc:1095] InUse at 7f0ee2e00600 of size 256 next 3
2025-06-14 10:19:33.099071: I external/local_tsl/tsl/framework/bfc_allocator.cc:1095] InUse at 7f0ee2e00700 of size 256 next 5
2025-06-14 10:19:33.099483: I external/local_tsl/tsl/framework/bfc_allocator.cc:1095] InUse at 7f0ee2e00800 of size 256 next 6
2025-06-14 10:19:33.099954: I external/local_tsl/tsl/framework/bfc_allocator.cc:1095] InUse at 7f0ee2e00900 of size 256 next 4
2025-06-14 10:19:33.100397: I external/local_tsl/tsl/framework/bfc_allocator.cc:1095] InUse at 7f0ee2e00a00 of size 256 next 7
2025-06-14 10:19:33.100866: I external/local_tsl/tsl/framework/bfc_allocator.cc:1095] InUse at 7f0ee2e00b00 of size 256 next 10
2025-06-14 10:19:33.101346: I external/local_tsl/tsl/framework/bfc_allocator.cc:1095] InUse at 7f0ee2e00c00 of size 256 next 278
2025-06-14 10:19:33.101778: I external/local_tsl/tsl/framework/bfc_allocator.cc:1095] InUse at 7f0ee2e00d00 of size 256 next 12
2025-06-14 10:19:33.102188: I external/local_tsl/tsl/framework/bfc_allocator.cc:1095] InUse at 7f0ee2e00e00 of size 256 next 13
2025-06-14 10:19:33.102603: I external/local_tsl/tsl/framework/bfc_allocator.cc:1095] InUse at 7f0ee2e00f00 of size 256 next 14
2025-06-14 10:19:33.103088: I external/local_tsl/tsl/framework/bfc_allocator.cc:1095] InUse at 7f0ee2e01000 of size 256 next 17
2025-06-14 10:19:33.103570: I external/local_tsl/tsl/framework/bfc_allocator.cc:1095] InUse at 7f0ee2e01100 of size 256 next 15
2025-06-14 10:19:33.103960: I external/local_tsl/tsl/framework/bfc_allocator.cc:1095] InUse at 7f0ee2e01200 of size 256 next 16
2025-06-14 10:19:33.104374: I external/local_tsl/tsl/framework/bfc_allocator.cc:1095] InUse at 7f0ee2e01300 of size 256 next 286
2025-06-14 10:19:33.104781: I external/local_tsl/tsl/framework/bfc_allocator.cc:1095] InUse at 7f0ee2e01400 of size 256 next 21
2025-06-14 10:19:33.105307: I external/local_tsl/tsl/framework/bfc_allocator.cc:1095] InUse at 7f0ee2e01500 of size 256 next 22
2025-06-14 10:19:33.105644: I external/local_tsl/tsl/framework/bfc_allocator.cc:1095] InUse at 7f0ee2e01600 of size 256 next 23
2025-06-14 10:19:33.106080: I external/local_tsl/tsl/framework/bfc_allocator.cc:1095] InUse at 7f0ee2e01700 of size 256 next 24
2025-06-14 10:19:33.106509: I external/local_tsl/tsl/framework/bfc_allocator.cc:1095] InUse at 7f0ee2e01800 of size 256 next 25
2025-06-14 10:19:33.106942: I external/local_tsl/tsl/framework/bfc_allocator.cc:1095] InUse at 7f0ee2e01900 of size 256 next 28
2025-06-14 10:19:33.107283: I external/local_tsl/tsl/framework/bfc_allocator.cc:1095] InUse at 7f0ee2e01a00 of size 256 next 290
2025-06-14 10:19:33.107664: I external/local_tsl/tsl/framework/bfc_allocator.cc:1095] InUse at 7f0ee2e01b00 of size 256 next 30
2025-06-14 10:19:33.108038: I external/local_tsl/tsl/framework/bfc_allocator.cc:1095] InUse at 7f0ee2e01c00 of size 256 next 31
2025-06-14 10:19:33.108427: I external/local_tsl/tsl/framework/bfc_allocator.cc:1095] InUse at 7f0ee2e01d00 of size 256 next 32
2025-06-14 10:19:33.108762: I external/local_tsl/tsl/framework/bfc_allocator.cc:1095] InUse at 7f0ee2e01e00 of size 256 next 35
2025-06-14 10:19:33.109168: I external/local_tsl/tsl/framework/bfc_allocator.cc:1095] InUse at 7f0ee2e01f00 of size 256 next 33
2025-06-14 10:19:33.109503: I external/local_tsl/tsl/framework/bfc_allocator.cc:1095] InUse at 7f0ee2e02000 of size 256 next 34
2025-06-14 10:19:33.109846: I external/local_tsl/tsl/framework/bfc_allocator.cc:1095] InUse at 7f0ee2e02100 of size 512 next 39
2025-06-14 10:19:33.110188: I external/local_tsl/tsl/framework/bfc_allocator.cc:1095] InUse at 7f0ee2e02300 of size 256 next 40
2025-06-14 10:19:33.110523: I external/local_tsl/tsl/framework/bfc_allocator.cc:1095] InUse at 7f0ee2e02400 of size 256 next 41
2025-06-14 10:19:33.110864: I external/local_tsl/tsl/framework/bfc_allocator.cc:1095] InUse at 7f0ee2e02500 of size 256 next 8
2025-06-14 10:19:33.111216: I external/local_tsl/tsl/framework/bfc_allocator.cc:1095] InUse at 7f0ee2e02600 of size 3584 next 9
2025-06-14 10:19:33.111543: I external/local_tsl/tsl/framework/bfc_allocator.cc:1095] InUse at 7f0ee2e03400 of size 512 next 42
2025-06-14 10:19:33.111872: I external/local_tsl/tsl/framework/bfc_allocator.cc:1095] InUse at 7f0ee2e03600 of size 512 next 45
2025-06-14 10:19:33.112213: I external/local_tsl/tsl/framework/bfc_allocator.cc:1095] InUse at 7f0ee2e03800 of size 512 next 46
2025-06-14 10:19:33.112580: I external/local_tsl/tsl/framework/bfc_allocator.cc:1095] InUse at 7f0ee2e03a00 of size 512 next 297
2025-06-14 10:19:33.112916: I external/local_tsl/tsl/framework/bfc_allocator.cc:1095] InUse at 7f0ee2e03c00 of size 512 next 48
2025-06-14 10:19:33.113267: I external/local_tsl/tsl/framework/bfc_allocator.cc:1095] InUse at 7f0ee2e03e00 of size 256 next 49
2025-06-14 10:19:33.113605: I external/local_tsl/tsl/framework/bfc_allocator.cc:1095] InUse at 7f0ee2e03f00 of size 512 next 50
2025-06-14 10:19:33.113960: I external/local_tsl/tsl/framework/bfc_allocator.cc:1095] InUse at 7f0ee2e04100 of size 512 next 51
2025-06-14 10:19:33.114298: I external/local_tsl/tsl/framework/bfc_allocator.cc:1095] InUse at 7f0ee2e04300 of size 512 next 55
2025-06-14 10:19:33.114637: I external/local_tsl/tsl/framework/bfc_allocator.cc:1095] InUse at 7f0ee2e04500 of size 1024 next 57
2025-06-14 10:19:33.114971: I external/local_tsl/tsl/framework/bfc_allocator.cc:1095] InUse at 7f0ee2e04900 of size 256 next 58
2025-06-14 10:19:33.115317: I external/local_tsl/tsl/framework/bfc_allocator.cc:1095] InUse at 7f0ee2e04a00 of size 256 next 59
2025-06-14 10:19:33.115653: I external/local_tsl/tsl/framework/bfc_allocator.cc:1095] InUse at 7f0ee2e04b00 of size 1024 next 60
2025-06-14 10:19:33.115991: I external/local_tsl/tsl/framework/bfc_allocator.cc:1095] InUse at 7f0ee2e04f00 of size 1024 next 61
2025-06-14 10:19:33.116328: I external/local_tsl/tsl/framework/bfc_allocator.cc:1095] InUse at 7f0ee2e05300 of size 1024 next 65
2025-06-14 10:19:33.116684: I external/local_tsl/tsl/framework/bfc_allocator.cc:1095] InUse at 7f0ee2e05700 of size 1024 next 308
2025-06-14 10:19:33.117033: I external/local_tsl/tsl/framework/bfc_allocator.cc:1095] InUse at 7f0ee2e05b00 of size 1024 next 67
2025-06-14 10:19:33.117412: I external/local_tsl/tsl/framework/bfc_allocator.cc:1095] InUse at 7f0ee2e05f00 of size 256 next 68
2025-06-14 10:19:33.117752: I external/local_tsl/tsl/framework/bfc_allocator.cc:1095] InUse at 7f0ee2e06000 of size 256 next 69
2025-06-14 10:19:33.118082: I external/local_tsl/tsl/framework/bfc_allocator.cc:1095] InUse at 7f0ee2e06100 of size 1024 next 70
2025-06-14 10:19:33.118432: I external/local_tsl/tsl/framework/bfc_allocator.cc:1095] InUse at 7f0ee2e06500 of size 1024 next 71
2025-06-14 10:19:33.118746: I external/local_tsl/tsl/framework/bfc_allocator.cc:1095] InUse at 7f0ee2e06900 of size 1024 next 75
2025-06-14 10:19:33.119085: I external/local_tsl/tsl/framework/bfc_allocator.cc:1095] InUse at 7f0ee2e06d00 of size 512 next 313
2025-06-14 10:19:33.119559: I external/local_tsl/tsl/framework/bfc_allocator.cc:1095] InUse at 7f0ee2e06f00 of size 512 next 314
2025-06-14 10:19:33.119985: I external/local_tsl/tsl/framework/bfc_allocator.cc:1095] InUse at 7f0ee2e07100 of size 512 next 315
2025-06-14 10:19:33.120423: I external/local_tsl/tsl/framework/bfc_allocator.cc:1095] InUse at 7f0ee2e07300 of size 512 next 77
2025-06-14 10:19:33.120767: I external/local_tsl/tsl/framework/bfc_allocator.cc:1095] InUse at 7f0ee2e07500 of size 256 next 78
2025-06-14 10:19:33.121148: I external/local_tsl/tsl/framework/bfc_allocator.cc:1095] InUse at 7f0ee2e07600 of size 256 next 79
2025-06-14 10:19:33.121488: I external/local_tsl/tsl/framework/bfc_allocator.cc:1095] InUse at 7f0ee2e07700 of size 512 next 80
2025-06-14 10:19:33.121823: I external/local_tsl/tsl/framework/bfc_allocator.cc:1095] InUse at 7f0ee2e07900 of size 512 next 81
2025-06-14 10:19:33.122158: I external/local_tsl/tsl/framework/bfc_allocator.cc:1095] InUse at 7f0ee2e07b00 of size 512 next 82
2025-06-14 10:19:33.122512: I external/local_tsl/tsl/framework/bfc_allocator.cc:1095] InUse at 7f0ee2e07d00 of size 512 next 84
2025-06-14 10:19:33.122849: I external/local_tsl/tsl/framework/bfc_allocator.cc:1095] InUse at 7f0ee2e07f00 of size 512 next 316
2025-06-14 10:19:33.123199: I external/local_tsl/tsl/framework/bfc_allocator.cc:1095] InUse at 7f0ee2e08100 of size 512 next 86
2025-06-14 10:19:33.123539: I external/local_tsl/tsl/framework/bfc_allocator.cc:1095] InUse at 7f0ee2e08300 of size 512 next 87
2025-06-14 10:19:33.123886: I external/local_tsl/tsl/framework/bfc_allocator.cc:1095] InUse at 7f0ee2e08500 of size 512 next 88
2025-06-14 10:19:33.124240: I external/local_tsl/tsl/framework/bfc_allocator.cc:1095] InUse at 7f0ee2e08700 of size 512 next 89
2025-06-14 10:19:33.124578: I external/local_tsl/tsl/framework/bfc_allocator.cc:1095] InUse at 7f0ee2e08900 of size 256 next 321
2025-06-14 10:19:33.124917: I external/local_tsl/tsl/framework/bfc_allocator.cc:1095] InUse at 7f0ee2e08a00 of size 256 next 323
2025-06-14 10:19:33.125260: I external/local_tsl/tsl/framework/bfc_allocator.cc:1095] InUse at 7f0ee2e08b00 of size 256 next 324
2025-06-14 10:19:33.125568: I external/local_tsl/tsl/framework/bfc_allocator.cc:1095] InUse at 7f0ee2e08c00 of size 256 next 92
2025-06-14 10:19:33.125914: I external/local_tsl/tsl/framework/bfc_allocator.cc:1095] InUse at 7f0ee2e08d00 of size 256 next 93
2025-06-14 10:19:33.126256: I external/local_tsl/tsl/framework/bfc_allocator.cc:1095] InUse at 7f0ee2e08e00 of size 256 next 94
2025-06-14 10:19:33.126629: I external/local_tsl/tsl/framework/bfc_allocator.cc:1095] InUse at 7f0ee2e08f00 of size 256 next 97
2025-06-14 10:19:33.126983: I external/local_tsl/tsl/framework/bfc_allocator.cc:1095] InUse at 7f0ee2e09000 of size 256 next 95
2025-06-14 10:19:33.127322: I external/local_tsl/tsl/framework/bfc_allocator.cc:1095] InUse at 7f0ee2e09100 of size 256 next 96
2025-06-14 10:19:33.127680: I external/local_tsl/tsl/framework/bfc_allocator.cc:1095] InUse at 7f0ee2e09200 of size 256 next 98
2025-06-14 10:19:33.128026: I external/local_tsl/tsl/framework/bfc_allocator.cc:1095] InUse at 7f0ee2e09300 of size 256 next 101
2025-06-14 10:19:33.128369: I external/local_tsl/tsl/framework/bfc_allocator.cc:1095] InUse at 7f0ee2e09400 of size 256 next 102
2025-06-14 10:19:33.128715: I external/local_tsl/tsl/framework/bfc_allocator.cc:1095] InUse at 7f0ee2e09500 of size 256 next 103
2025-06-14 10:19:33.129058: I external/local_tsl/tsl/framework/bfc_allocator.cc:1095] InUse at 7f0ee2e09600 of size 256 next 104
2025-06-14 10:19:33.129400: I external/local_tsl/tsl/framework/bfc_allocator.cc:1095] InUse at 7f0ee2e09700 of size 256 next 105
2025-06-14 10:19:33.129738: I external/local_tsl/tsl/framework/bfc_allocator.cc:1095] Free  at 7f0ee2e09800 of size 512 next 108
2025-06-14 10:19:33.130085: I external/local_tsl/tsl/framework/bfc_allocator.cc:1095] InUse at 7f0ee2e09a00 of size 256 next 109
2025-06-14 10:19:33.130437: I external/local_tsl/tsl/framework/bfc_allocator.cc:1095] InUse at 7f0ee2e09b00 of size 256 next 110
2025-06-14 10:19:33.130779: I external/local_tsl/tsl/framework/bfc_allocator.cc:1095] InUse at 7f0ee2e09c00 of size 256 next 146
2025-06-14 10:19:33.131118: I external/local_tsl/tsl/framework/bfc_allocator.cc:1095] InUse at 7f0ee2e09d00 of size 256 next 147
2025-06-14 10:19:33.131460: I external/local_tsl/tsl/framework/bfc_allocator.cc:1095] InUse at 7f0ee2e09e00 of size 256 next 148
2025-06-14 10:19:33.131808: I external/local_tsl/tsl/framework/bfc_allocator.cc:1095] InUse at 7f0ee2e09f00 of size 256 next 149
2025-06-14 10:19:33.132124: I external/local_tsl/tsl/framework/bfc_allocator.cc:1095] InUse at 7f0ee2e0a000 of size 256 next 150
2025-06-14 10:19:33.132441: I external/local_tsl/tsl/framework/bfc_allocator.cc:1095] InUse at 7f0ee2e0a100 of size 256 next 151
2025-06-14 10:19:33.132758: I external/local_tsl/tsl/framework/bfc_allocator.cc:1095] InUse at 7f0ee2e0a200 of size 256 next 153
2025-06-14 10:19:33.133128: I external/local_tsl/tsl/framework/bfc_allocator.cc:1095] InUse at 7f0ee2e0a300 of size 256 next 154
2025-06-14 10:19:33.133549: I external/local_tsl/tsl/framework/bfc_allocator.cc:1095] InUse at 7f0ee2e0a400 of size 256 next 155
2025-06-14 10:19:33.133967: I external/local_tsl/tsl/framework/bfc_allocator.cc:1095] InUse at 7f0ee2e0a500 of size 256 next 156
2025-06-14 10:19:33.134407: I external/local_tsl/tsl/framework/bfc_allocator.cc:1095] InUse at 7f0ee2e0a600 of size 256 next 157
2025-06-14 10:19:33.134807: I external/local_tsl/tsl/framework/bfc_allocator.cc:1095] InUse at 7f0ee2e0a700 of size 256 next 158
2025-06-14 10:19:33.135146: I external/local_tsl/tsl/framework/bfc_allocator.cc:1095] InUse at 7f0ee2e0a800 of size 256 next 160
2025-06-14 10:19:33.135563: I external/local_tsl/tsl/framework/bfc_allocator.cc:1095] InUse at 7f0ee2e0a900 of size 256 next 161
2025-06-14 10:19:33.136034: I external/local_tsl/tsl/framework/bfc_allocator.cc:1095] InUse at 7f0ee2e0aa00 of size 256 next 162
2025-06-14 10:19:33.136495: I external/local_tsl/tsl/framework/bfc_allocator.cc:1095] InUse at 7f0ee2e0ab00 of size 256 next 163
2025-06-14 10:19:33.136835: I external/local_tsl/tsl/framework/bfc_allocator.cc:1095] InUse at 7f0ee2e0ac00 of size 256 next 164
2025-06-14 10:19:33.137174: I external/local_tsl/tsl/framework/bfc_allocator.cc:1095] InUse at 7f0ee2e0ad00 of size 256 next 165
2025-06-14 10:19:33.137512: I external/local_tsl/tsl/framework/bfc_allocator.cc:1095] InUse at 7f0ee2e0ae00 of size 512 next 167
2025-06-14 10:19:33.137881: I external/local_tsl/tsl/framework/bfc_allocator.cc:1095] InUse at 7f0ee2e0b000 of size 512 next 168
2025-06-14 10:19:33.138235: I external/local_tsl/tsl/framework/bfc_allocator.cc:1095] InUse at 7f0ee2e0b200 of size 512 next 169
2025-06-14 10:19:33.138581: I external/local_tsl/tsl/framework/bfc_allocator.cc:1095] InUse at 7f0ee2e0b400 of size 512 next 170
2025-06-14 10:19:33.138927: I external/local_tsl/tsl/framework/bfc_allocator.cc:1095] InUse at 7f0ee2e0b600 of size 512 next 171
2025-06-14 10:19:33.139288: I external/local_tsl/tsl/framework/bfc_allocator.cc:1095] InUse at 7f0ee2e0b800 of size 512 next 172
2025-06-14 10:19:33.139593: I external/local_tsl/tsl/framework/bfc_allocator.cc:1095] InUse at 7f0ee2e0ba00 of size 512 next 174
2025-06-14 10:19:33.139928: I external/local_tsl/tsl/framework/bfc_allocator.cc:1095] InUse at 7f0ee2e0bc00 of size 512 next 175
2025-06-14 10:19:33.140264: I external/local_tsl/tsl/framework/bfc_allocator.cc:1095] InUse at 7f0ee2e0be00 of size 512 next 176
2025-06-14 10:19:33.140604: I external/local_tsl/tsl/framework/bfc_allocator.cc:1095] InUse at 7f0ee2e0c000 of size 512 next 177
2025-06-14 10:19:33.140943: I external/local_tsl/tsl/framework/bfc_allocator.cc:1095] InUse at 7f0ee2e0c200 of size 512 next 178
2025-06-14 10:19:33.141282: I external/local_tsl/tsl/framework/bfc_allocator.cc:1095] InUse at 7f0ee2e0c400 of size 512 next 179
2025-06-14 10:19:33.141621: I external/local_tsl/tsl/framework/bfc_allocator.cc:1095] InUse at 7f0ee2e0c600 of size 1024 next 181
2025-06-14 10:19:33.141966: I external/local_tsl/tsl/framework/bfc_allocator.cc:1095] InUse at 7f0ee2e0ca00 of size 1024 next 182
2025-06-14 10:19:33.142303: I external/local_tsl/tsl/framework/bfc_allocator.cc:1095] InUse at 7f0ee2e0ce00 of size 1024 next 183
2025-06-14 10:19:33.142649: I external/local_tsl/tsl/framework/bfc_allocator.cc:1095] InUse at 7f0ee2e0d200 of size 1024 next 184
2025-06-14 10:19:33.142983: I external/local_tsl/tsl/framework/bfc_allocator.cc:1095] InUse at 7f0ee2e0d600 of size 1024 next 185
2025-06-14 10:19:33.143334: I external/local_tsl/tsl/framework/bfc_allocator.cc:1095] InUse at 7f0ee2e0da00 of size 1024 next 186
2025-06-14 10:19:33.143698: I external/local_tsl/tsl/framework/bfc_allocator.cc:1095] InUse at 7f0ee2e0de00 of size 1024 next 188
2025-06-14 10:19:33.144048: I external/local_tsl/tsl/framework/bfc_allocator.cc:1095] InUse at 7f0ee2e0e200 of size 1024 next 189
2025-06-14 10:19:33.144401: I external/local_tsl/tsl/framework/bfc_allocator.cc:1095] InUse at 7f0ee2e0e600 of size 1024 next 190
2025-06-14 10:19:33.144739: I external/local_tsl/tsl/framework/bfc_allocator.cc:1095] InUse at 7f0ee2e0ea00 of size 1024 next 191
2025-06-14 10:19:33.145083: I external/local_tsl/tsl/framework/bfc_allocator.cc:1095] InUse at 7f0ee2e0ee00 of size 1024 next 192
2025-06-14 10:19:33.145425: I external/local_tsl/tsl/framework/bfc_allocator.cc:1095] InUse at 7f0ee2e0f200 of size 1024 next 193
2025-06-14 10:19:33.145761: I external/local_tsl/tsl/framework/bfc_allocator.cc:1095] InUse at 7f0ee2e0f600 of size 512 next 196
2025-06-14 10:19:33.146104: I external/local_tsl/tsl/framework/bfc_allocator.cc:1095] InUse at 7f0ee2e0f800 of size 512 next 197
2025-06-14 10:19:33.146412: I external/local_tsl/tsl/framework/bfc_allocator.cc:1095] InUse at 7f0ee2e0fa00 of size 512 next 199
2025-06-14 10:19:33.146783: I external/local_tsl/tsl/framework/bfc_allocator.cc:1095] InUse at 7f0ee2e0fc00 of size 512 next 200
2025-06-14 10:19:33.147094: I external/local_tsl/tsl/framework/bfc_allocator.cc:1095] InUse at 7f0ee2e0fe00 of size 512 next 201
2025-06-14 10:19:33.147456: I external/local_tsl/tsl/framework/bfc_allocator.cc:1095] InUse at 7f0ee2e10000 of size 512 next 202
2025-06-14 10:19:33.147902: I external/local_tsl/tsl/framework/bfc_allocator.cc:1095] InUse at 7f0ee2e10200 of size 512 next 203
2025-06-14 10:19:33.148258: I external/local_tsl/tsl/framework/bfc_allocator.cc:1095] InUse at 7f0ee2e10400 of size 512 next 204
2025-06-14 10:19:33.148632: I external/local_tsl/tsl/framework/bfc_allocator.cc:1095] InUse at 7f0ee2e10600 of size 512 next 207
2025-06-14 10:19:33.149023: I external/local_tsl/tsl/framework/bfc_allocator.cc:1095] InUse at 7f0ee2e10800 of size 512 next 208
2025-06-14 10:19:33.149385: I external/local_tsl/tsl/framework/bfc_allocator.cc:1095] InUse at 7f0ee2e10a00 of size 512 next 209
2025-06-14 10:19:33.149743: I external/local_tsl/tsl/framework/bfc_allocator.cc:1095] InUse at 7f0ee2e10c00 of size 512 next 210
2025-06-14 10:19:33.150187: I external/local_tsl/tsl/framework/bfc_allocator.cc:1095] InUse at 7f0ee2e10e00 of size 512 next 211
2025-06-14 10:19:33.150595: I external/local_tsl/tsl/framework/bfc_allocator.cc:1095] InUse at 7f0ee2e11000 of size 512 next 212
2025-06-14 10:19:33.151043: I external/local_tsl/tsl/framework/bfc_allocator.cc:1095] InUse at 7f0ee2e11200 of size 256 next 215
2025-06-14 10:19:33.151417: I external/local_tsl/tsl/framework/bfc_allocator.cc:1095] InUse at 7f0ee2e11300 of size 256 next 216
2025-06-14 10:19:33.151844: I external/local_tsl/tsl/framework/bfc_allocator.cc:1095] InUse at 7f0ee2e11400 of size 256 next 219
2025-06-14 10:19:33.152340: I external/local_tsl/tsl/framework/bfc_allocator.cc:1095] InUse at 7f0ee2e11500 of size 256 next 220
2025-06-14 10:19:33.152713: I external/local_tsl/tsl/framework/bfc_allocator.cc:1095] InUse at 7f0ee2e11600 of size 256 next 221
2025-06-14 10:19:33.153058: I external/local_tsl/tsl/framework/bfc_allocator.cc:1095] InUse at 7f0ee2e11700 of size 256 next 222
2025-06-14 10:19:33.153432: I external/local_tsl/tsl/framework/bfc_allocator.cc:1095] InUse at 7f0ee2e11800 of size 256 next 223
2025-06-14 10:19:33.153796: I external/local_tsl/tsl/framework/bfc_allocator.cc:1095] InUse at 7f0ee2e11900 of size 256 next 224
2025-06-14 10:19:33.154152: I external/local_tsl/tsl/framework/bfc_allocator.cc:1095] InUse at 7f0ee2e11a00 of size 256 next 227
2025-06-14 10:19:33.154497: I external/local_tsl/tsl/framework/bfc_allocator.cc:1095] InUse at 7f0ee2e11b00 of size 256 next 228
2025-06-14 10:19:33.154845: I external/local_tsl/tsl/framework/bfc_allocator.cc:1095] InUse at 7f0ee2e11c00 of size 256 next 229
2025-06-14 10:19:33.155217: I external/local_tsl/tsl/framework/bfc_allocator.cc:1095] InUse at 7f0ee2e11d00 of size 256 next 230
2025-06-14 10:19:33.155574: I external/local_tsl/tsl/framework/bfc_allocator.cc:1095] InUse at 7f0ee2e11e00 of size 256 next 231
2025-06-14 10:19:33.155930: I external/local_tsl/tsl/framework/bfc_allocator.cc:1095] InUse at 7f0ee2e11f00 of size 256 next 232
2025-06-14 10:19:33.156290: I external/local_tsl/tsl/framework/bfc_allocator.cc:1095] InUse at 7f0ee2e12000 of size 65536 next 233
2025-06-14 10:19:33.156634: I external/local_tsl/tsl/framework/bfc_allocator.cc:1095] InUse at 7f0ee2e22000 of size 95232 next 19
2025-06-14 10:19:33.156988: I external/local_tsl/tsl/framework/bfc_allocator.cc:1095] InUse at 7f0ee2e39400 of size 110592 next 18
2025-06-14 10:19:33.157321: I external/local_tsl/tsl/framework/bfc_allocator.cc:1095] InUse at 7f0ee2e54400 of size 65536 next 115
2025-06-14 10:19:33.157709: I external/local_tsl/tsl/framework/bfc_allocator.cc:1095] InUse at 7f0ee2e64400 of size 256 next 112
2025-06-14 10:19:33.158139: I external/local_tsl/tsl/framework/bfc_allocator.cc:1095] InUse at 7f0ee2e64500 of size 256 next 114
2025-06-14 10:19:33.158586: I external/local_tsl/tsl/framework/bfc_allocator.cc:1095] InUse at 7f0ee2e64600 of size 256 next 113
2025-06-14 10:19:33.159004: I external/local_tsl/tsl/framework/bfc_allocator.cc:1095] InUse at 7f0ee2e64700 of size 256 next 111
2025-06-14 10:19:33.159403: I external/local_tsl/tsl/framework/bfc_allocator.cc:1095] InUse at 7f0ee2e64800 of size 256 next 117
2025-06-14 10:19:33.159799: I external/local_tsl/tsl/framework/bfc_allocator.cc:1095] InUse at 7f0ee2e64900 of size 256 next 118
2025-06-14 10:19:33.160192: I external/local_tsl/tsl/framework/bfc_allocator.cc:1095] InUse at 7f0ee2e64a00 of size 256 next 120
2025-06-14 10:19:33.160602: I external/local_tsl/tsl/framework/bfc_allocator.cc:1095] InUse at 7f0ee2e64b00 of size 256 next 119
2025-06-14 10:19:33.161062: I external/local_tsl/tsl/framework/bfc_allocator.cc:1095] InUse at 7f0ee2e64c00 of size 256 next 121
2025-06-14 10:19:33.161510: I external/local_tsl/tsl/framework/bfc_allocator.cc:1095] InUse at 7f0ee2e64d00 of size 256 next 123
2025-06-14 10:19:33.161932: I external/local_tsl/tsl/framework/bfc_allocator.cc:1095] InUse at 7f0ee2e64e00 of size 256 next 124
2025-06-14 10:19:33.162343: I external/local_tsl/tsl/framework/bfc_allocator.cc:1095] InUse at 7f0ee2e64f00 of size 256 next 125
2025-06-14 10:19:33.162748: I external/local_tsl/tsl/framework/bfc_allocator.cc:1095] InUse at 7f0ee2e65000 of size 256 next 126
2025-06-14 10:19:33.163198: I external/local_tsl/tsl/framework/bfc_allocator.cc:1095] InUse at 7f0ee2e65100 of size 256 next 128
2025-06-14 10:19:33.163615: I external/local_tsl/tsl/framework/bfc_allocator.cc:1095] InUse at 7f0ee2e65200 of size 256 next 127
2025-06-14 10:19:33.164023: I external/local_tsl/tsl/framework/bfc_allocator.cc:1095] InUse at 7f0ee2e65300 of size 256 next 129
2025-06-14 10:19:33.164480: I external/local_tsl/tsl/framework/bfc_allocator.cc:1095] InUse at 7f0ee2e65400 of size 256 next 130
2025-06-14 10:19:33.164921: I external/local_tsl/tsl/framework/bfc_allocator.cc:1095] InUse at 7f0ee2e65500 of size 256 next 131
2025-06-14 10:19:33.165318: I external/local_tsl/tsl/framework/bfc_allocator.cc:1095] InUse at 7f0ee2e65600 of size 256 next 132
2025-06-14 10:19:33.165741: I external/local_tsl/tsl/framework/bfc_allocator.cc:1095] InUse at 7f0ee2e65700 of size 256 next 133
2025-06-14 10:19:33.166169: I external/local_tsl/tsl/framework/bfc_allocator.cc:1095] InUse at 7f0ee2e65800 of size 256 next 137
2025-06-14 10:19:33.166659: I external/local_tsl/tsl/framework/bfc_allocator.cc:1095] InUse at 7f0ee2e65900 of size 256 next 136
2025-06-14 10:19:33.167151: I external/local_tsl/tsl/framework/bfc_allocator.cc:1095] InUse at 7f0ee2e65a00 of size 3584 next 138
2025-06-14 10:19:33.167649: I external/local_tsl/tsl/framework/bfc_allocator.cc:1095] InUse at 7f0ee2e66800 of size 3584 next 139
2025-06-14 10:19:33.168074: I external/local_tsl/tsl/framework/bfc_allocator.cc:1095] InUse at 7f0ee2e67600 of size 256 next 140
2025-06-14 10:19:33.168527: I external/local_tsl/tsl/framework/bfc_allocator.cc:1095] InUse at 7f0ee2e67700 of size 256 next 141
2025-06-14 10:19:33.168967: I external/local_tsl/tsl/framework/bfc_allocator.cc:1095] InUse at 7f0ee2e67800 of size 256 next 142
2025-06-14 10:19:33.169391: I external/local_tsl/tsl/framework/bfc_allocator.cc:1095] InUse at 7f0ee2e67900 of size 256 next 143
2025-06-14 10:19:33.169801: I external/local_tsl/tsl/framework/bfc_allocator.cc:1095] InUse at 7f0ee2e67a00 of size 256 next 144
2025-06-14 10:19:33.170215: I external/local_tsl/tsl/framework/bfc_allocator.cc:1095] InUse at 7f0ee2e67b00 of size 256 next 145
2025-06-14 10:19:33.170616: I external/local_tsl/tsl/framework/bfc_allocator.cc:1095] InUse at 7f0ee2e67c00 of size 141312 next 27
2025-06-14 10:19:33.170980: I external/local_tsl/tsl/framework/bfc_allocator.cc:1095] InUse at 7f0ee2e8a400 of size 221184 next 26
2025-06-14 10:19:33.171303: I external/local_tsl/tsl/framework/bfc_allocator.cc:1095] InUse at 7f0ee2ec0400 of size 442368 next 159
2025-06-14 10:19:33.171629: I external/local_tsl/tsl/framework/bfc_allocator.cc:1095] InUse at 7f0ee2f2c400 of size 867328 next 18446744073709551615
2025-06-14 10:19:33.172003: I external/local_tsl/tsl/framework/bfc_allocator.cc:1075] Next region of size 4194304
2025-06-14 10:19:33.172428: I external/local_tsl/tsl/framework/bfc_allocator.cc:1095] InUse at 7f0ee3400000 of size 442368 next 37
2025-06-14 10:19:33.172826: I external/local_tsl/tsl/framework/bfc_allocator.cc:1095] InUse at 7f0ee346c000 of size 221184 next 116
2025-06-14 10:19:33.173238: I external/local_tsl/tsl/framework/bfc_allocator.cc:1095] InUse at 7f0ee34a2000 of size 110592 next 122
2025-06-14 10:19:33.173613: I external/local_tsl/tsl/framework/bfc_allocator.cc:1095] InUse at 7f0ee34bd000 of size 192512 next 99
2025-06-14 10:19:33.173975: I external/local_tsl/tsl/framework/bfc_allocator.cc:1095] InUse at 7f0ee34ec000 of size 360448 next 44
2025-06-14 10:19:33.174315: I external/local_tsl/tsl/framework/bfc_allocator.cc:1095] InUse at 7f0ee3544000 of size 884736 next 43
2025-06-14 10:19:33.174707: I external/local_tsl/tsl/framework/bfc_allocator.cc:1095] InUse at 7f0ee361c000 of size 1982464 next 18446744073709551615
2025-06-14 10:19:33.175056: I external/local_tsl/tsl/framework/bfc_allocator.cc:1075] Next region of size 8388608
2025-06-14 10:19:33.175511: I external/local_tsl/tsl/framework/bfc_allocator.cc:1095] InUse at 7f0ee3800000 of size 884736 next 166
2025-06-14 10:19:33.175848: I external/local_tsl/tsl/framework/bfc_allocator.cc:1095] InUse at 7f0ee38d8000 of size 884736 next 54
2025-06-14 10:19:33.176182: I external/local_tsl/tsl/framework/bfc_allocator.cc:1095] InUse at 7f0ee39b0000 of size 1769472 next 52
2025-06-14 10:19:33.176526: I external/local_tsl/tsl/framework/bfc_allocator.cc:1095] InUse at 7f0ee3b60000 of size 4849664 next 18446744073709551615
2025-06-14 10:19:33.176866: I external/local_tsl/tsl/framework/bfc_allocator.cc:1100]      Summary of in-use Chunks by size: 
2025-06-14 10:19:33.177349: I external/local_tsl/tsl/framework/bfc_allocator.cc:1103] 155 Chunks of size 256 totalling 38.8KiB
2025-06-14 10:19:33.177775: I external/local_tsl/tsl/framework/bfc_allocator.cc:1103] 54 Chunks of size 512 totalling 27.0KiB
2025-06-14 10:19:33.178202: I external/local_tsl/tsl/framework/bfc_allocator.cc:1103] 1 Chunks of size 768 totalling 768B
2025-06-14 10:19:33.178640: I external/local_tsl/tsl/framework/bfc_allocator.cc:1103] 26 Chunks of size 1024 totalling 26.0KiB
2025-06-14 10:19:33.179070: I external/local_tsl/tsl/framework/bfc_allocator.cc:1103] 1 Chunks of size 1280 totalling 1.2KiB
2025-06-14 10:19:33.179493: I external/local_tsl/tsl/framework/bfc_allocator.cc:1103] 3 Chunks of size 3584 totalling 10.5KiB
2025-06-14 10:19:33.179912: I external/local_tsl/tsl/framework/bfc_allocator.cc:1103] 2 Chunks of size 65536 totalling 128.0KiB
2025-06-14 10:19:33.180347: I external/local_tsl/tsl/framework/bfc_allocator.cc:1103] 1 Chunks of size 95232 totalling 93.0KiB
2025-06-14 10:19:33.180765: I external/local_tsl/tsl/framework/bfc_allocator.cc:1103] 4 Chunks of size 110592 totalling 432.0KiB
2025-06-14 10:19:33.181195: I external/local_tsl/tsl/framework/bfc_allocator.cc:1103] 1 Chunks of size 141312 totalling 138.0KiB
2025-06-14 10:19:33.181621: I external/local_tsl/tsl/framework/bfc_allocator.cc:1103] 1 Chunks of size 192512 totalling 188.0KiB
2025-06-14 10:19:33.182034: I external/local_tsl/tsl/framework/bfc_allocator.cc:1103] 6 Chunks of size 221184 totalling 1.27MiB
2025-06-14 10:19:33.182464: I external/local_tsl/tsl/framework/bfc_allocator.cc:1103] 2 Chunks of size 262144 totalling 512.0KiB
2025-06-14 10:19:33.182901: I external/local_tsl/tsl/framework/bfc_allocator.cc:1103] 1 Chunks of size 360448 totalling 352.0KiB
2025-06-14 10:19:33.183305: I external/local_tsl/tsl/framework/bfc_allocator.cc:1103] 5 Chunks of size 442368 totalling 2.11MiB
2025-06-14 10:19:33.183723: I external/local_tsl/tsl/framework/bfc_allocator.cc:1103] 1 Chunks of size 867328 totalling 847.0KiB
2025-06-14 10:19:33.184149: I external/local_tsl/tsl/framework/bfc_allocator.cc:1103] 6 Chunks of size 884736 totalling 5.06MiB
2025-06-14 10:19:33.184604: I external/local_tsl/tsl/framework/bfc_allocator.cc:1103] 2 Chunks of size 1048576 totalling 2.00MiB
2025-06-14 10:19:33.185097: I external/local_tsl/tsl/framework/bfc_allocator.cc:1103] 6 Chunks of size 1769472 totalling 10.12MiB
2025-06-14 10:19:33.185532: I external/local_tsl/tsl/framework/bfc_allocator.cc:1103] 1 Chunks of size 1982464 totalling 1.89MiB
2025-06-14 10:19:33.186030: I external/local_tsl/tsl/framework/bfc_allocator.cc:1103] 4 Chunks of size 3538944 totalling 13.50MiB
2025-06-14 10:19:33.186453: I external/local_tsl/tsl/framework/bfc_allocator.cc:1103] 1 Chunks of size 4063232 totalling 3.88MiB
2025-06-14 10:19:33.186857: I external/local_tsl/tsl/framework/bfc_allocator.cc:1103] 1 Chunks of size 4849664 totalling 4.62MiB
2025-06-14 10:19:33.187267: I external/local_tsl/tsl/framework/bfc_allocator.cc:1103] 2 Chunks of size 7077888 totalling 13.50MiB
2025-06-14 10:19:33.187718: I external/local_tsl/tsl/framework/bfc_allocator.cc:1103] 1 Chunks of size 12320768 totalling 11.75MiB
2025-06-14 10:19:33.188101: I external/local_tsl/tsl/framework/bfc_allocator.cc:1103] 2 Chunks of size 15138816 totalling 28.88MiB
2025-06-14 10:19:33.188439: I external/local_tsl/tsl/framework/bfc_allocator.cc:1103] 4 Chunks of size 30277632 totalling 115.50MiB
2025-06-14 10:19:33.188759: I external/local_tsl/tsl/framework/bfc_allocator.cc:1103] 2 Chunks of size 60555264 totalling 115.50MiB
2025-06-14 10:19:33.189168: I external/local_tsl/tsl/framework/bfc_allocator.cc:1103] 1 Chunks of size 73662464 totalling 70.25MiB
2025-06-14 10:19:33.189504: I external/local_tsl/tsl/framework/bfc_allocator.cc:1103] 1 Chunks of size 116654080 totalling 111.25MiB
2025-06-14 10:19:33.189829: I external/local_tsl/tsl/framework/bfc_allocator.cc:1103] 6 Chunks of size 121110528 totalling 693.00MiB
2025-06-14 10:19:33.190180: I external/local_tsl/tsl/framework/bfc_allocator.cc:1103] 2 Chunks of size 209715200 totalling 400.00MiB
2025-06-14 10:19:33.190537: I external/local_tsl/tsl/framework/bfc_allocator.cc:1103] 3 Chunks of size 242221056 totalling 693.00MiB
2025-06-14 10:19:33.190869: I external/local_tsl/tsl/framework/bfc_allocator.cc:1103] 8 Chunks of size 484442112 totalling 3.61GiB
2025-06-14 10:19:33.191201: I external/local_tsl/tsl/framework/bfc_allocator.cc:1103] 1 Chunks of size 968884224 totalling 924.00MiB
2025-06-14 10:19:33.191542: I external/local_tsl/tsl/framework/bfc_allocator.cc:1103] 6 Chunks of size 1937768448 totalling 10.83GiB
2025-06-14 10:19:33.191938: I external/local_tsl/tsl/framework/bfc_allocator.cc:1107] Sum Total of in-use chunks: 17.58GiB
2025-06-14 10:19:33.192350: I external/local_tsl/tsl/framework/bfc_allocator.cc:1109] Total bytes in pool: 23575789568 memory_limit_: 23575789568 available bytes: 0 curr_region_allocation_bytes_: 34359738368
2025-06-14 10:19:33.192679: I external/local_tsl/tsl/framework/bfc_allocator.cc:1114] Stats: 
Limit:                     23575789568
InUse:                     18882554112
MaxInUse:                  22800760320
NumAllocs:                         912
MaxAllocSize:               4135495424
Reserved:                            0
PeakReserved:                        0
LargestFreeBlock:                    0

2025-06-14 10:19:33.193108: W external/local_tsl/tsl/framework/bfc_allocator.cc:497] ________*********________************************************_**************************************
2025-06-14 10:19:33.193510: W tensorflow/core/framework/op_kernel.cc:1839] OP_REQUIRES failed at concat_op.cc:165 : RESOURCE_EXHAUSTED: OOM when allocating tensor with shape[2,64,192,224,176] and type float on /job:localhost/replica:0/task:0/device:GPU:0 by allocator GPU_0_bfc
Traceback (most recent call last):
  File "/mnt/beegfs/hellgate/home/rb194958e/stroke_segmentation_sota/batch_wise_train.py", line 277, in <module>
    if main():
       ^^^^^^
  File "/mnt/beegfs/hellgate/home/rb194958e/stroke_segmentation_sota/batch_wise_train.py", line 256, in main
    history = model.fit(
              ^^^^^^^^^^
  File "/mnt/beegfs/hellgate/home/rb194958e/.conda/envs/tf215_env/lib/python3.11/site-packages/keras/src/utils/traceback_utils.py", line 70, in error_handler
    raise e.with_traceback(filtered_tb) from None
  File "/mnt/beegfs/hellgate/home/rb194958e/.conda/envs/tf215_env/lib/python3.11/site-packages/tensorflow/python/eager/execute.py", line 53, in quick_execute
    tensors = pywrap_tfe.TFE_Py_Execute(ctx._handle, device_name, op_name,
  ^^^^^^^^^^^^^^^^^^^^^^^^^^^^^^^^^^^^^^^^^^^^^^^^^^^^^^^^^^^^^^^^^^^^^^^^
tensorflow.python.framework.errors_impl.ResourceExhaustedError: Graph execution error:

Detected at node model/concatenate_2/concat defined at (most recent call last):
  File "/mnt/beegfs/hellgate/home/rb194958e/stroke_segmentation_sota/batch_wise_train.py", line 277, in <module>

  File "/mnt/beegfs/hellgate/home/rb194958e/stroke_segmentation_sota/batch_wise_train.py", line 256, in main

  File "/mnt/beegfs/hellgate/home/rb194958e/.conda/envs/tf215_env/lib/python3.11/site-packages/keras/src/utils/traceback_utils.py", line 65, in error_handler

  File "/mnt/beegfs/hellgate/home/rb194958e/.conda/envs/tf215_env/lib/python3.11/site-packages/keras/src/engine/training.py", line 1807, in fit

  File "/mnt/beegfs/hellgate/home/rb194958e/.conda/envs/tf215_env/lib/python3.11/site-packages/keras/src/engine/training.py", line 1401, in train_function

  File "/mnt/beegfs/hellgate/home/rb194958e/.conda/envs/tf215_env/lib/python3.11/site-packages/keras/src/engine/training.py", line 1384, in step_function

  File "/mnt/beegfs/hellgate/home/rb194958e/.conda/envs/tf215_env/lib/python3.11/site-packages/keras/src/engine/training.py", line 1373, in run_step

  File "/mnt/beegfs/hellgate/home/rb194958e/.conda/envs/tf215_env/lib/python3.11/site-packages/keras/src/engine/training.py", line 1150, in train_step

  File "/mnt/beegfs/hellgate/home/rb194958e/.conda/envs/tf215_env/lib/python3.11/site-packages/keras/src/utils/traceback_utils.py", line 65, in error_handler

  File "/mnt/beegfs/hellgate/home/rb194958e/.conda/envs/tf215_env/lib/python3.11/site-packages/keras/src/engine/training.py", line 590, in __call__

  File "/mnt/beegfs/hellgate/home/rb194958e/.conda/envs/tf215_env/lib/python3.11/site-packages/keras/src/utils/traceback_utils.py", line 65, in error_handler

  File "/mnt/beegfs/hellgate/home/rb194958e/.conda/envs/tf215_env/lib/python3.11/site-packages/keras/src/engine/base_layer.py", line 1149, in __call__

  File "/mnt/beegfs/hellgate/home/rb194958e/.conda/envs/tf215_env/lib/python3.11/site-packages/keras/src/utils/traceback_utils.py", line 96, in error_handler

  File "/mnt/beegfs/hellgate/home/rb194958e/.conda/envs/tf215_env/lib/python3.11/site-packages/keras/src/engine/functional.py", line 515, in call

  File "/mnt/beegfs/hellgate/home/rb194958e/.conda/envs/tf215_env/lib/python3.11/site-packages/keras/src/engine/functional.py", line 672, in _run_internal_graph

  File "/mnt/beegfs/hellgate/home/rb194958e/.conda/envs/tf215_env/lib/python3.11/site-packages/keras/src/utils/traceback_utils.py", line 65, in error_handler

  File "/mnt/beegfs/hellgate/home/rb194958e/.conda/envs/tf215_env/lib/python3.11/site-packages/keras/src/engine/base_layer.py", line 1149, in __call__

  File "/mnt/beegfs/hellgate/home/rb194958e/.conda/envs/tf215_env/lib/python3.11/site-packages/keras/src/utils/traceback_utils.py", line 96, in error_handler

  File "/mnt/beegfs/hellgate/home/rb194958e/.conda/envs/tf215_env/lib/python3.11/site-packages/keras/src/layers/merging/base_merge.py", line 196, in call

  File "/mnt/beegfs/hellgate/home/rb194958e/.conda/envs/tf215_env/lib/python3.11/site-packages/keras/src/layers/merging/concatenate.py", line 134, in _merge_function

  File "/mnt/beegfs/hellgate/home/rb194958e/.conda/envs/tf215_env/lib/python3.11/site-packages/keras/src/backend.py", line 3580, in concatenate

OOM when allocating tensor with shape[2,64,192,224,176] and type float on /job:localhost/replica:0/task:0/device:GPU:0 by allocator GPU_0_bfc
	 [[{{node model/concatenate_2/concat}}]]
Hint: If you want to see a list of allocated tensors when OOM happens, add report_tensor_allocations_upon_oom to RunOptions for current allocation info. This isn't available when running in Eager mode.
 [Op:__inference_train_function_7309]
2025-06-14 10:19:33.354739: W tensorflow/core/kernels/data/generator_dataset_op.cc:108] Error occurred when finalizing GeneratorDataset iterator: FAILED_PRECONDITION: Python interpreter state is not initialized. The process may be terminated.
	 [[{{node PyFunc}}]]
/var/spool/slurmd/job1123638/slurm_script: line 320: EOF: command not found
/var/spool/slurmd/job1123638/slurm_script: line 330: unexpected EOF while looking for matching ``'
/var/spool/slurmd/job1123638/slurm_script: line 339: syntax error: unexpected end of file
