2025-06-14 19:16:55.508575: I tensorflow/core/util/port.cc:113] oneDNN custom operations are on. You may see slightly different numerical results due to floating-point round-off errors from different computation orders. To turn them off, set the environment variable `TF_ENABLE_ONEDNN_OPTS=0`.
2025-06-14 19:16:56.251978: E external/local_xla/xla/stream_executor/cuda/cuda_dnn.cc:9261] Unable to register cuDNN factory: Attempting to register factory for plugin cuDNN when one has already been registered
2025-06-14 19:16:56.252736: E external/local_xla/xla/stream_executor/cuda/cuda_fft.cc:607] Unable to register cuFFT factory: Attempting to register factory for plugin cuFFT when one has already been registered
2025-06-14 19:16:56.368180: E external/local_xla/xla/stream_executor/cuda/cuda_blas.cc:1515] Unable to register cuBLAS factory: Attempting to register factory for plugin cuBLAS when one has already been registered
2025-06-14 19:16:56.620212: I tensorflow/core/platform/cpu_feature_guard.cc:182] This TensorFlow binary is optimized to use available CPU instructions in performance-critical operations.
To enable the following instructions: AVX2 AVX512F AVX512_VNNI FMA, in other operations, rebuild TensorFlow with the appropriate compiler flags.
2025-06-14 19:17:03.288340: W tensorflow/compiler/tf2tensorrt/utils/py_utils.cc:38] TF-TRT Warning: Could not find TensorRT
INFO:__main__:🚀 Starting Stroke Lesion Segmentation Training
INFO:__main__:Using 1 GPU(s)
INFO:__main__:Creating data generators...
INFO:__main__:Found 655 valid image/mask pairs
INFO:__main__:Found 655 valid image/mask pairs
INFO:__main__:Training batches: 262
INFO:__main__:Validation batches: 65
INFO:__main__:Building model...
2025-06-14 19:17:17.941109: I tensorflow/core/common_runtime/gpu/gpu_device.cc:1929] Created device /job:localhost/replica:0/task:0/device:GPU:0 with 22483 MB memory:  -> device: 0, name: NVIDIA RTX 4500 Ada Generation, pci bus id: 0000:1c:00.0, compute capability: 8.9
INFO:__main__:Model parameters: 5,605,345
INFO:__main__:Starting training...
pixdim[0] (qfac) should be 1 (default) or -1; setting qfac to 1
INFO:nibabel.global:pixdim[0] (qfac) should be 1 (default) or -1; setting qfac to 1
pixdim[0] (qfac) should be 1 (default) or -1; setting qfac to 1
INFO:nibabel.global:pixdim[0] (qfac) should be 1 (default) or -1; setting qfac to 1
pixdim[0] (qfac) should be 1 (default) or -1; setting qfac to 1
INFO:nibabel.global:pixdim[0] (qfac) should be 1 (default) or -1; setting qfac to 1
pixdim[0] (qfac) should be 1 (default) or -1; setting qfac to 1
INFO:nibabel.global:pixdim[0] (qfac) should be 1 (default) or -1; setting qfac to 1
2025-06-14 19:17:25.526723: I external/local_xla/xla/stream_executor/cuda/cuda_dnn.cc:454] Loaded cuDNN version 8907
pixdim[0] (qfac) should be 1 (default) or -1; setting qfac to 1
INFO:nibabel.global:pixdim[0] (qfac) should be 1 (default) or -1; setting qfac to 1
pixdim[0] (qfac) should be 1 (default) or -1; setting qfac to 1
INFO:nibabel.global:pixdim[0] (qfac) should be 1 (default) or -1; setting qfac to 1
pixdim[0] (qfac) should be 1 (default) or -1; setting qfac to 1
INFO:nibabel.global:pixdim[0] (qfac) should be 1 (default) or -1; setting qfac to 1
pixdim[0] (qfac) should be 1 (default) or -1; setting qfac to 1
INFO:nibabel.global:pixdim[0] (qfac) should be 1 (default) or -1; setting qfac to 1
2025-06-14 19:17:41.961724: W external/local_tsl/tsl/framework/bfc_allocator.cc:296] Allocator (GPU_0_bfc) ran out of memory trying to allocate 2.27GiB with freed_by_count=0. The caller indicates that this is not a failure, but this may mean that there could be performance gains if more memory were available.
2025-06-14 19:17:42.063442: W external/local_tsl/tsl/framework/bfc_allocator.cc:296] Allocator (GPU_0_bfc) ran out of memory trying to allocate 2.30GiB with freed_by_count=0. The caller indicates that this is not a failure, but this may mean that there could be performance gains if more memory were available.
2025-06-14 19:17:42.064400: W external/local_tsl/tsl/framework/bfc_allocator.cc:296] Allocator (GPU_0_bfc) ran out of memory trying to allocate 2.27GiB with freed_by_count=0. The caller indicates that this is not a failure, but this may mean that there could be performance gains if more memory were available.
2025-06-14 19:17:42.685039: W external/local_tsl/tsl/framework/bfc_allocator.cc:296] Allocator (GPU_0_bfc) ran out of memory trying to allocate 2.27GiB with freed_by_count=0. The caller indicates that this is not a failure, but this may mean that there could be performance gains if more memory were available.
2025-06-14 19:17:42.738678: W external/local_tsl/tsl/framework/bfc_allocator.cc:296] Allocator (GPU_0_bfc) ran out of memory trying to allocate 2.30GiB with freed_by_count=0. The caller indicates that this is not a failure, but this may mean that there could be performance gains if more memory were available.
2025-06-14 19:17:42.739685: W external/local_tsl/tsl/framework/bfc_allocator.cc:296] Allocator (GPU_0_bfc) ran out of memory trying to allocate 2.27GiB with freed_by_count=0. The caller indicates that this is not a failure, but this may mean that there could be performance gains if more memory were available.
2025-06-14 19:17:53.361101: W external/local_tsl/tsl/framework/bfc_allocator.cc:485] Allocator (GPU_0_bfc) ran out of memory trying to allocate 3.61GiB (rounded to 3875536896)requested by op model/concatenate_2/concat
If the cause is memory fragmentation maybe the environment variable 'TF_GPU_ALLOCATOR=cuda_malloc_async' will improve the situation. 
Current allocation summary follows.
Current allocation summary follows.
2025-06-14 19:17:53.362093: I external/local_tsl/tsl/framework/bfc_allocator.cc:1039] BFCAllocator dump for GPU_0_bfc
2025-06-14 19:17:53.362791: I external/local_tsl/tsl/framework/bfc_allocator.cc:1046] Bin (256): 	Total Chunks: 155, Chunks in use: 155. 38.8KiB allocated for chunks. 38.8KiB in use in bin. 20.7KiB client-requested in use in bin.
2025-06-14 19:17:53.363476: I external/local_tsl/tsl/framework/bfc_allocator.cc:1046] Bin (512): 	Total Chunks: 56, Chunks in use: 55. 28.0KiB allocated for chunks. 27.5KiB in use in bin. 27.5KiB client-requested in use in bin.
2025-06-14 19:17:53.364096: I external/local_tsl/tsl/framework/bfc_allocator.cc:1046] Bin (1024): 	Total Chunks: 27, Chunks in use: 27. 27.2KiB allocated for chunks. 27.2KiB in use in bin. 27.0KiB client-requested in use in bin.
2025-06-14 19:17:53.364641: I external/local_tsl/tsl/framework/bfc_allocator.cc:1046] Bin (2048): 	Total Chunks: 3, Chunks in use: 3. 10.5KiB allocated for chunks. 10.5KiB in use in bin. 10.1KiB client-requested in use in bin.
2025-06-14 19:17:53.365080: I external/local_tsl/tsl/framework/bfc_allocator.cc:1046] Bin (4096): 	Total Chunks: 0, Chunks in use: 0. 0B allocated for chunks. 0B in use in bin. 0B client-requested in use in bin.
2025-06-14 19:17:53.365446: I external/local_tsl/tsl/framework/bfc_allocator.cc:1046] Bin (8192): 	Total Chunks: 0, Chunks in use: 0. 0B allocated for chunks. 0B in use in bin. 0B client-requested in use in bin.
2025-06-14 19:17:53.365853: I external/local_tsl/tsl/framework/bfc_allocator.cc:1046] Bin (16384): 	Total Chunks: 0, Chunks in use: 0. 0B allocated for chunks. 0B in use in bin. 0B client-requested in use in bin.
2025-06-14 19:17:53.366244: I external/local_tsl/tsl/framework/bfc_allocator.cc:1046] Bin (32768): 	Total Chunks: 0, Chunks in use: 0. 0B allocated for chunks. 0B in use in bin. 0B client-requested in use in bin.
2025-06-14 19:17:53.366583: I external/local_tsl/tsl/framework/bfc_allocator.cc:1046] Bin (65536): 	Total Chunks: 7, Chunks in use: 7. 653.0KiB allocated for chunks. 653.0KiB in use in bin. 624.0KiB client-requested in use in bin.
2025-06-14 19:17:53.366963: I external/local_tsl/tsl/framework/bfc_allocator.cc:1046] Bin (131072): 	Total Chunks: 8, Chunks in use: 8. 1.58MiB allocated for chunks. 1.58MiB in use in bin. 1.48MiB client-requested in use in bin.
2025-06-14 19:17:53.367390: I external/local_tsl/tsl/framework/bfc_allocator.cc:1046] Bin (262144): 	Total Chunks: 8, Chunks in use: 8. 2.95MiB allocated for chunks. 2.95MiB in use in bin. 2.86MiB client-requested in use in bin.
2025-06-14 19:17:53.367800: I external/local_tsl/tsl/framework/bfc_allocator.cc:1046] Bin (524288): 	Total Chunks: 7, Chunks in use: 7. 5.89MiB allocated for chunks. 5.89MiB in use in bin. 5.48MiB client-requested in use in bin.
2025-06-14 19:17:53.368234: I external/local_tsl/tsl/framework/bfc_allocator.cc:1046] Bin (1048576): 	Total Chunks: 9, Chunks in use: 9. 14.02MiB allocated for chunks. 14.02MiB in use in bin. 13.12MiB client-requested in use in bin.
2025-06-14 19:17:53.368617: I external/local_tsl/tsl/framework/bfc_allocator.cc:1046] Bin (2097152): 	Total Chunks: 5, Chunks in use: 5. 17.38MiB allocated for chunks. 17.38MiB in use in bin. 16.88MiB client-requested in use in bin.
2025-06-14 19:17:53.368978: I external/local_tsl/tsl/framework/bfc_allocator.cc:1046] Bin (4194304): 	Total Chunks: 3, Chunks in use: 3. 18.12MiB allocated for chunks. 18.12MiB in use in bin. 16.88MiB client-requested in use in bin.
2025-06-14 19:17:53.369375: I external/local_tsl/tsl/framework/bfc_allocator.cc:1046] Bin (8388608): 	Total Chunks: 3, Chunks in use: 3. 40.62MiB allocated for chunks. 40.62MiB in use in bin. 35.62MiB client-requested in use in bin.
2025-06-14 19:17:53.369748: I external/local_tsl/tsl/framework/bfc_allocator.cc:1046] Bin (16777216): 	Total Chunks: 5, Chunks in use: 4. 140.19MiB allocated for chunks. 115.50MiB in use in bin. 115.50MiB client-requested in use in bin.
2025-06-14 19:17:53.370148: I external/local_tsl/tsl/framework/bfc_allocator.cc:1046] Bin (33554432): 	Total Chunks: 2, Chunks in use: 2. 115.50MiB allocated for chunks. 115.50MiB in use in bin. 115.50MiB client-requested in use in bin.
2025-06-14 19:17:53.370543: I external/local_tsl/tsl/framework/bfc_allocator.cc:1046] Bin (67108864): 	Total Chunks: 8, Chunks in use: 8. 874.50MiB allocated for chunks. 874.50MiB in use in bin. 808.50MiB client-requested in use in bin.
2025-06-14 19:17:53.370922: I external/local_tsl/tsl/framework/bfc_allocator.cc:1046] Bin (134217728): 	Total Chunks: 5, Chunks in use: 5. 1.07GiB allocated for chunks. 1.07GiB in use in bin. 924.00MiB client-requested in use in bin.
2025-06-14 19:17:53.371265: I external/local_tsl/tsl/framework/bfc_allocator.cc:1046] Bin (268435456): 	Total Chunks: 18, Chunks in use: 15. 19.69GiB allocated for chunks. 15.34GiB in use in bin. 15.34GiB client-requested in use in bin.
2025-06-14 19:17:53.371715: I external/local_tsl/tsl/framework/bfc_allocator.cc:1062] Bin for 3.61GiB was 256.00MiB, Chunk State: 
2025-06-14 19:17:53.372090: I external/local_tsl/tsl/framework/bfc_allocator.cc:1068]   Size: 453.50MiB | Requested Size: 16.00MiB | in_use: 0 | bin_num: 20, prev:   Size: 462.00MiB | Requested Size: 462.00MiB | in_use: 1 | bin_num: -1
2025-06-14 19:17:53.372453: I external/local_tsl/tsl/framework/bfc_allocator.cc:1068]   Size: 1.80GiB | Requested Size: 1.80GiB | in_use: 0 | bin_num: 20, next:   Size: 1.80GiB | Requested Size: 1.80GiB | in_use: 1 | bin_num: -1
2025-06-14 19:17:53.372798: I external/local_tsl/tsl/framework/bfc_allocator.cc:1068]   Size: 2.10GiB | Requested Size: 1.82GiB | in_use: 0 | bin_num: 20, prev:   Size: 1.80GiB | Requested Size: 1.80GiB | in_use: 1 | bin_num: -1
2025-06-14 19:17:53.373316: I external/local_tsl/tsl/framework/bfc_allocator.cc:1075] Next region of size 6129582080
2025-06-14 19:17:53.373895: I external/local_tsl/tsl/framework/bfc_allocator.cc:1095] Free  at 7eff6a000000 of size 1937768448 next 107
2025-06-14 19:17:53.374406: I external/local_tsl/tsl/framework/bfc_allocator.cc:1095] InUse at 7effdd800000 of size 1937768448 next 329
2025-06-14 19:17:53.374768: I external/local_tsl/tsl/framework/bfc_allocator.cc:1095] Free  at 7f0051000000 of size 2254045184 next 18446744073709551615
2025-06-14 19:17:53.375117: I external/local_tsl/tsl/framework/bfc_allocator.cc:1075] Next region of size 8589934592
2025-06-14 19:17:53.375579: I external/local_tsl/tsl/framework/bfc_allocator.cc:1095] InUse at 7f0102000000 of size 1937768448 next 281
2025-06-14 19:17:53.375953: I external/local_tsl/tsl/framework/bfc_allocator.cc:1095] InUse at 7f0175800000 of size 242221056 next 282
2025-06-14 19:17:53.376336: I external/local_tsl/tsl/framework/bfc_allocator.cc:1095] InUse at 7f0183f00000 of size 484442112 next 283
2025-06-14 19:17:53.376732: I external/local_tsl/tsl/framework/bfc_allocator.cc:1095] InUse at 7f01a0d00000 of size 484442112 next 284
2025-06-14 19:17:53.377103: I external/local_tsl/tsl/framework/bfc_allocator.cc:1095] InUse at 7f01bdb00000 of size 484442112 next 29
2025-06-14 19:17:53.377472: I external/local_tsl/tsl/framework/bfc_allocator.cc:1095] InUse at 7f01da900000 of size 484442112 next 288
2025-06-14 19:17:53.377816: I external/local_tsl/tsl/framework/bfc_allocator.cc:1095] InUse at 7f01f7700000 of size 484442112 next 292
2025-06-14 19:17:53.378207: I external/local_tsl/tsl/framework/bfc_allocator.cc:1095] InUse at 7f0214500000 of size 121110528 next 47
2025-06-14 19:17:53.378581: I external/local_tsl/tsl/framework/bfc_allocator.cc:1095] InUse at 7f021b880000 of size 121110528 next 296
2025-06-14 19:17:53.378953: I external/local_tsl/tsl/framework/bfc_allocator.cc:1095] InUse at 7f0222c00000 of size 121110528 next 300
2025-06-14 19:17:53.379395: I external/local_tsl/tsl/framework/bfc_allocator.cc:1095] InUse at 7f0229f80000 of size 30277632 next 302
2025-06-14 19:17:53.379776: I external/local_tsl/tsl/framework/bfc_allocator.cc:1095] InUse at 7f022bc60000 of size 30277632 next 303
2025-06-14 19:17:53.380189: I external/local_tsl/tsl/framework/bfc_allocator.cc:1095] InUse at 7f022d940000 of size 30277632 next 66
2025-06-14 19:17:53.380537: I external/local_tsl/tsl/framework/bfc_allocator.cc:1095] InUse at 7f022f620000 of size 30277632 next 307
2025-06-14 19:17:53.380904: I external/local_tsl/tsl/framework/bfc_allocator.cc:1095] InUse at 7f0231300000 of size 121110528 next 76
2025-06-14 19:17:53.381288: I external/local_tsl/tsl/framework/bfc_allocator.cc:1095] InUse at 7f0238680000 of size 121110528 next 312
2025-06-14 19:17:53.381708: I external/local_tsl/tsl/framework/bfc_allocator.cc:1095] InUse at 7f023fa00000 of size 242221056 next 311
2025-06-14 19:17:53.382171: I external/local_tsl/tsl/framework/bfc_allocator.cc:1095] InUse at 7f024e100000 of size 121110528 next 85
2025-06-14 19:17:53.382615: I external/local_tsl/tsl/framework/bfc_allocator.cc:1095] InUse at 7f0255480000 of size 484442112 next 325
2025-06-14 19:17:53.383035: I external/local_tsl/tsl/framework/bfc_allocator.cc:1095] InUse at 7f0272280000 of size 484442112 next 320
2025-06-14 19:17:53.383484: I external/local_tsl/tsl/framework/bfc_allocator.cc:1095] InUse at 7f028f080000 of size 968884224 next 319
2025-06-14 19:17:53.383902: I external/local_tsl/tsl/framework/bfc_allocator.cc:1095] InUse at 7f02c8c80000 of size 484442112 next 91
2025-06-14 19:17:53.384322: I external/local_tsl/tsl/framework/bfc_allocator.cc:1095] Free  at 7f02e5a80000 of size 475529216 next 18446744073709551615
2025-06-14 19:17:53.384715: I external/local_tsl/tsl/framework/bfc_allocator.cc:1075] Next region of size 4294967296
2025-06-14 19:17:53.385212: I external/local_tsl/tsl/framework/bfc_allocator.cc:1095] InUse at 7f031e000000 of size 1937768448 next 11
2025-06-14 19:17:53.385625: I external/local_tsl/tsl/framework/bfc_allocator.cc:1095] InUse at 7f0391800000 of size 1937768448 next 276
2025-06-14 19:17:53.385993: I external/local_tsl/tsl/framework/bfc_allocator.cc:1095] InUse at 7f0405000000 of size 242221056 next 20
2025-06-14 19:17:53.386362: I external/local_tsl/tsl/framework/bfc_allocator.cc:1095] InUse at 7f0413700000 of size 60555264 next 38
2025-06-14 19:17:53.386750: I external/local_tsl/tsl/framework/bfc_allocator.cc:1095] InUse at 7f04170c0000 of size 116654080 next 18446744073709551615
2025-06-14 19:17:53.387144: I external/local_tsl/tsl/framework/bfc_allocator.cc:1075] Next region of size 2147483648
2025-06-14 19:17:53.387588: I external/local_tsl/tsl/framework/bfc_allocator.cc:1095] InUse at 7f044a000000 of size 1937768448 next 270
2025-06-14 19:17:53.387977: I external/local_tsl/tsl/framework/bfc_allocator.cc:1095] InUse at 7f04bd800000 of size 209715200 next 18446744073709551615
2025-06-14 19:17:53.388328: I external/local_tsl/tsl/framework/bfc_allocator.cc:1075] Next region of size 2147483648
2025-06-14 19:17:53.388820: I external/local_tsl/tsl/framework/bfc_allocator.cc:1095] InUse at 7f04d0000000 of size 1937768448 next 268
2025-06-14 19:17:53.389224: I external/local_tsl/tsl/framework/bfc_allocator.cc:1095] InUse at 7f0543800000 of size 209715200 next 18446744073709551615
2025-06-14 19:17:53.389609: I external/local_tsl/tsl/framework/bfc_allocator.cc:1075] Next region of size 134217728
2025-06-14 19:17:53.390126: I external/local_tsl/tsl/framework/bfc_allocator.cc:1095] InUse at 7f05e0000000 of size 60555264 next 264
2025-06-14 19:17:53.390496: I external/local_tsl/tsl/framework/bfc_allocator.cc:1095] InUse at 7f05e39c0000 of size 73662464 next 18446744073709551615
2025-06-14 19:17:53.390869: I external/local_tsl/tsl/framework/bfc_allocator.cc:1075] Next region of size 67108864
2025-06-14 19:17:53.391347: I external/local_tsl/tsl/framework/bfc_allocator.cc:1095] InUse at 7f05e8000000 of size 3538944 next 198
2025-06-14 19:17:53.391750: I external/local_tsl/tsl/framework/bfc_allocator.cc:1095] InUse at 7f05e8360000 of size 1769472 next 205
2025-06-14 19:17:53.392098: I external/local_tsl/tsl/framework/bfc_allocator.cc:1095] InUse at 7f05e8510000 of size 1769472 next 206
2025-06-14 19:17:53.392485: I external/local_tsl/tsl/framework/bfc_allocator.cc:1095] InUse at 7f05e86c0000 of size 262144 next 213
2025-06-14 19:17:53.392903: I external/local_tsl/tsl/framework/bfc_allocator.cc:1095] InUse at 7f05e8700000 of size 262144 next 214
2025-06-14 19:17:53.393317: I external/local_tsl/tsl/framework/bfc_allocator.cc:1095] InUse at 7f05e8740000 of size 884736 next 217
2025-06-14 19:17:53.393832: I external/local_tsl/tsl/framework/bfc_allocator.cc:1095] InUse at 7f05e8818000 of size 884736 next 218
2025-06-14 19:17:53.394261: I external/local_tsl/tsl/framework/bfc_allocator.cc:1095] InUse at 7f05e88f0000 of size 442368 next 225
2025-06-14 19:17:53.394655: I external/local_tsl/tsl/framework/bfc_allocator.cc:1095] InUse at 7f05e895c000 of size 442368 next 226
2025-06-14 19:17:53.395090: I external/local_tsl/tsl/framework/bfc_allocator.cc:1095] InUse at 7f05e89c8000 of size 256 next 234
2025-06-14 19:17:53.395603: I external/local_tsl/tsl/framework/bfc_allocator.cc:1095] InUse at 7f05e89c8100 of size 256 next 235
2025-06-14 19:17:53.396042: I external/local_tsl/tsl/framework/bfc_allocator.cc:1095] InUse at 7f05e89c8200 of size 221184 next 236
2025-06-14 19:17:53.396401: I external/local_tsl/tsl/framework/bfc_allocator.cc:1095] InUse at 7f05e89fe200 of size 221184 next 237
2025-06-14 19:17:53.396761: I external/local_tsl/tsl/framework/bfc_allocator.cc:1095] InUse at 7f05e8a34200 of size 256 next 238
2025-06-14 19:17:53.397190: I external/local_tsl/tsl/framework/bfc_allocator.cc:1095] InUse at 7f05e8a34300 of size 256 next 239
2025-06-14 19:17:53.397711: I external/local_tsl/tsl/framework/bfc_allocator.cc:1095] InUse at 7f05e8a34400 of size 256 next 240
2025-06-14 19:17:53.398154: I external/local_tsl/tsl/framework/bfc_allocator.cc:1095] InUse at 7f05e8a34500 of size 256 next 241
2025-06-14 19:17:53.398592: I external/local_tsl/tsl/framework/bfc_allocator.cc:1095] InUse at 7f05e8a34600 of size 256 next 242
2025-06-14 19:17:53.399016: I external/local_tsl/tsl/framework/bfc_allocator.cc:1095] InUse at 7f05e8a34700 of size 256 next 243
2025-06-14 19:17:53.399453: I external/local_tsl/tsl/framework/bfc_allocator.cc:1095] InUse at 7f05e8a34800 of size 110592 next 244
2025-06-14 19:17:53.399856: I external/local_tsl/tsl/framework/bfc_allocator.cc:1095] InUse at 7f05e8a4f800 of size 110592 next 245
2025-06-14 19:17:53.400230: I external/local_tsl/tsl/framework/bfc_allocator.cc:1095] InUse at 7f05e8a6a800 of size 256 next 246
2025-06-14 19:17:53.400643: I external/local_tsl/tsl/framework/bfc_allocator.cc:1095] InUse at 7f05e8a6a900 of size 256 next 247
2025-06-14 19:17:53.401055: I external/local_tsl/tsl/framework/bfc_allocator.cc:1095] InUse at 7f05e8a6aa00 of size 256 next 248
2025-06-14 19:17:53.401642: I external/local_tsl/tsl/framework/bfc_allocator.cc:1095] InUse at 7f05e8a6ab00 of size 256 next 249
2025-06-14 19:17:53.402114: I external/local_tsl/tsl/framework/bfc_allocator.cc:1095] InUse at 7f05e8a6ac00 of size 256 next 250
2025-06-14 19:17:53.402575: I external/local_tsl/tsl/framework/bfc_allocator.cc:1095] InUse at 7f05e8a6ad00 of size 256 next 251
2025-06-14 19:17:53.403031: I external/local_tsl/tsl/framework/bfc_allocator.cc:1095] InUse at 7f05e8a6ae00 of size 256 next 252
2025-06-14 19:17:53.403464: I external/local_tsl/tsl/framework/bfc_allocator.cc:1095] InUse at 7f05e8a6af00 of size 256 next 253
2025-06-14 19:17:53.403872: I external/local_tsl/tsl/framework/bfc_allocator.cc:1095] InUse at 7f05e8a6b000 of size 256 next 254
2025-06-14 19:17:53.404295: I external/local_tsl/tsl/framework/bfc_allocator.cc:1095] InUse at 7f05e8a6b100 of size 256 next 255
2025-06-14 19:17:53.404728: I external/local_tsl/tsl/framework/bfc_allocator.cc:1095] InUse at 7f05e8a6b200 of size 256 next 256
2025-06-14 19:17:53.405178: I external/local_tsl/tsl/framework/bfc_allocator.cc:1095] InUse at 7f05e8a6b300 of size 256 next 257
2025-06-14 19:17:53.405622: I external/local_tsl/tsl/framework/bfc_allocator.cc:1095] InUse at 7f05e8a6b400 of size 256 next 258
2025-06-14 19:17:53.406097: I external/local_tsl/tsl/framework/bfc_allocator.cc:1095] InUse at 7f05e8a6b500 of size 256 next 259
2025-06-14 19:17:53.406552: I external/local_tsl/tsl/framework/bfc_allocator.cc:1095] InUse at 7f05e8a6b600 of size 256 next 260
2025-06-14 19:17:53.407034: I external/local_tsl/tsl/framework/bfc_allocator.cc:1095] InUse at 7f05e8a6b700 of size 256 next 261
2025-06-14 19:17:53.407475: I external/local_tsl/tsl/framework/bfc_allocator.cc:1095] InUse at 7f05e8a6b800 of size 256 next 262
2025-06-14 19:17:53.407920: I external/local_tsl/tsl/framework/bfc_allocator.cc:1095] InUse at 7f05e8a6b900 of size 256 next 263
2025-06-14 19:17:53.408368: I external/local_tsl/tsl/framework/bfc_allocator.cc:1095] InUse at 7f05e8a6ba00 of size 256 next 265
2025-06-14 19:17:53.408873: I external/local_tsl/tsl/framework/bfc_allocator.cc:1095] InUse at 7f05e8a6bb00 of size 256 next 266
2025-06-14 19:17:53.409335: I external/local_tsl/tsl/framework/bfc_allocator.cc:1095] InUse at 7f05e8a6bc00 of size 256 next 269
2025-06-14 19:17:53.409785: I external/local_tsl/tsl/framework/bfc_allocator.cc:1095] InUse at 7f05e8a6bd00 of size 256 next 272
2025-06-14 19:17:53.410245: I external/local_tsl/tsl/framework/bfc_allocator.cc:1095] InUse at 7f05e8a6be00 of size 256 next 274
2025-06-14 19:17:53.410770: I external/local_tsl/tsl/framework/bfc_allocator.cc:1095] InUse at 7f05e8a6bf00 of size 256 next 275
2025-06-14 19:17:53.411323: I external/local_tsl/tsl/framework/bfc_allocator.cc:1095] InUse at 7f05e8a6c000 of size 256 next 279
2025-06-14 19:17:53.411819: I external/local_tsl/tsl/framework/bfc_allocator.cc:1095] InUse at 7f05e8a6c100 of size 256 next 280
2025-06-14 19:17:53.412278: I external/local_tsl/tsl/framework/bfc_allocator.cc:1095] InUse at 7f05e8a6c200 of size 256 next 286
2025-06-14 19:17:53.412768: I external/local_tsl/tsl/framework/bfc_allocator.cc:1095] InUse at 7f05e8a6c300 of size 256 next 287
2025-06-14 19:17:53.413278: I external/local_tsl/tsl/framework/bfc_allocator.cc:1095] InUse at 7f05e8a6c400 of size 256 next 290
2025-06-14 19:17:53.413750: I external/local_tsl/tsl/framework/bfc_allocator.cc:1095] InUse at 7f05e8a6c500 of size 256 next 291
2025-06-14 19:17:53.414202: I external/local_tsl/tsl/framework/bfc_allocator.cc:1095] InUse at 7f05e8a6c600 of size 512 next 293
2025-06-14 19:17:53.414681: I external/local_tsl/tsl/framework/bfc_allocator.cc:1095] InUse at 7f05e8a6c800 of size 512 next 294
2025-06-14 19:17:53.415151: I external/local_tsl/tsl/framework/bfc_allocator.cc:1095] InUse at 7f05e8a6ca00 of size 512 next 295
2025-06-14 19:17:53.415663: I external/local_tsl/tsl/framework/bfc_allocator.cc:1095] InUse at 7f05e8a6cc00 of size 512 next 298
2025-06-14 19:17:53.416123: I external/local_tsl/tsl/framework/bfc_allocator.cc:1095] InUse at 7f05e8a6ce00 of size 512 next 299
2025-06-14 19:17:53.416612: I external/local_tsl/tsl/framework/bfc_allocator.cc:1095] InUse at 7f05e8a6d000 of size 15138816 next 56
2025-06-14 19:17:53.417049: I external/local_tsl/tsl/framework/bfc_allocator.cc:1095] InUse at 7f05e98dd000 of size 15138816 next 301
2025-06-14 19:17:53.417442: I external/local_tsl/tsl/framework/bfc_allocator.cc:1095] InUse at 7f05ea74d000 of size 1024 next 304
2025-06-14 19:17:53.417898: I external/local_tsl/tsl/framework/bfc_allocator.cc:1095] InUse at 7f05ea74d400 of size 1024 next 305
2025-06-14 19:17:53.418349: I external/local_tsl/tsl/framework/bfc_allocator.cc:1095] InUse at 7f05ea74d800 of size 1024 next 306
2025-06-14 19:17:53.418829: I external/local_tsl/tsl/framework/bfc_allocator.cc:1095] InUse at 7f05ea74dc00 of size 1024 next 309
2025-06-14 19:17:53.419286: I external/local_tsl/tsl/framework/bfc_allocator.cc:1095] InUse at 7f05ea74e000 of size 1024 next 310
2025-06-14 19:17:53.419745: I external/local_tsl/tsl/framework/bfc_allocator.cc:1095] InUse at 7f05ea74e400 of size 512 next 317
2025-06-14 19:17:53.420227: I external/local_tsl/tsl/framework/bfc_allocator.cc:1095] InUse at 7f05ea74e600 of size 512 next 318
2025-06-14 19:17:53.420703: I external/local_tsl/tsl/framework/bfc_allocator.cc:1095] InUse at 7f05ea74e800 of size 256 next 326
2025-06-14 19:17:53.421173: I external/local_tsl/tsl/framework/bfc_allocator.cc:1095] InUse at 7f05ea74e900 of size 256 next 327
2025-06-14 19:17:53.421658: I external/local_tsl/tsl/framework/bfc_allocator.cc:1095] Free  at 7f05ea74ea00 of size 25892352 next 18446744073709551615
2025-06-14 19:17:53.422067: I external/local_tsl/tsl/framework/bfc_allocator.cc:1075] Next region of size 33554432
2025-06-14 19:17:53.422524: I external/local_tsl/tsl/framework/bfc_allocator.cc:1095] InUse at 7f0600000000 of size 3538944 next 83
2025-06-14 19:17:53.422893: I external/local_tsl/tsl/framework/bfc_allocator.cc:1095] InUse at 7f0600360000 of size 221184 next 152
2025-06-14 19:17:53.423264: I external/local_tsl/tsl/framework/bfc_allocator.cc:1095] InUse at 7f0600396000 of size 221184 next 106
2025-06-14 19:17:53.423622: I external/local_tsl/tsl/framework/bfc_allocator.cc:1095] InUse at 7f06003cc000 of size 442368 next 100
2025-06-14 19:17:53.424021: I external/local_tsl/tsl/framework/bfc_allocator.cc:1095] InUse at 7f0600438000 of size 884736 next 90
2025-06-14 19:17:53.424366: I external/local_tsl/tsl/framework/bfc_allocator.cc:1095] InUse at 7f0600510000 of size 1769472 next 74
2025-06-14 19:17:53.424734: I external/local_tsl/tsl/framework/bfc_allocator.cc:1095] InUse at 7f06006c0000 of size 7077888 next 72
2025-06-14 19:17:53.425080: I external/local_tsl/tsl/framework/bfc_allocator.cc:1095] InUse at 7f0600d80000 of size 7077888 next 187
2025-06-14 19:17:53.425417: I external/local_tsl/tsl/framework/bfc_allocator.cc:1095] InUse at 7f0601440000 of size 12320768 next 18446744073709551615
2025-06-14 19:17:53.425748: I external/local_tsl/tsl/framework/bfc_allocator.cc:1075] Next region of size 16777216
2025-06-14 19:17:53.426243: I external/local_tsl/tsl/framework/bfc_allocator.cc:1095] InUse at 7f0602000000 of size 1769472 next 173
2025-06-14 19:17:53.426595: I external/local_tsl/tsl/framework/bfc_allocator.cc:1095] InUse at 7f06021b0000 of size 1769472 next 64
2025-06-14 19:17:53.426937: I external/local_tsl/tsl/framework/bfc_allocator.cc:1095] InUse at 7f0602360000 of size 3538944 next 62
2025-06-14 19:17:53.427283: I external/local_tsl/tsl/framework/bfc_allocator.cc:1095] InUse at 7f06026c0000 of size 3538944 next 180
2025-06-14 19:17:53.427620: I external/local_tsl/tsl/framework/bfc_allocator.cc:1095] InUse at 7f0602a20000 of size 1048576 next 194
2025-06-14 19:17:53.428017: I external/local_tsl/tsl/framework/bfc_allocator.cc:1095] InUse at 7f0602b20000 of size 1048576 next 195
2025-06-14 19:17:53.428364: I external/local_tsl/tsl/framework/bfc_allocator.cc:1095] InUse at 7f0602c20000 of size 4063232 next 18446744073709551615
2025-06-14 19:17:53.428684: I external/local_tsl/tsl/framework/bfc_allocator.cc:1075] Next region of size 2097152
2025-06-14 19:17:53.429093: I external/local_tsl/tsl/framework/bfc_allocator.cc:1095] InUse at 7f0668e00000 of size 1280 next 1
2025-06-14 19:17:53.429538: I external/local_tsl/tsl/framework/bfc_allocator.cc:1095] InUse at 7f0668e00500 of size 256 next 2
2025-06-14 19:17:53.430002: I external/local_tsl/tsl/framework/bfc_allocator.cc:1095] InUse at 7f0668e00600 of size 256 next 3
2025-06-14 19:17:53.430433: I external/local_tsl/tsl/framework/bfc_allocator.cc:1095] InUse at 7f0668e00700 of size 256 next 5
2025-06-14 19:17:53.430897: I external/local_tsl/tsl/framework/bfc_allocator.cc:1095] InUse at 7f0668e00800 of size 256 next 6
2025-06-14 19:17:53.431326: I external/local_tsl/tsl/framework/bfc_allocator.cc:1095] InUse at 7f0668e00900 of size 256 next 4
2025-06-14 19:17:53.431757: I external/local_tsl/tsl/framework/bfc_allocator.cc:1095] InUse at 7f0668e00a00 of size 256 next 7
2025-06-14 19:17:53.432183: I external/local_tsl/tsl/framework/bfc_allocator.cc:1095] InUse at 7f0668e00b00 of size 256 next 10
2025-06-14 19:17:53.432632: I external/local_tsl/tsl/framework/bfc_allocator.cc:1095] InUse at 7f0668e00c00 of size 256 next 277
2025-06-14 19:17:53.433062: I external/local_tsl/tsl/framework/bfc_allocator.cc:1095] InUse at 7f0668e00d00 of size 256 next 12
2025-06-14 19:17:53.433491: I external/local_tsl/tsl/framework/bfc_allocator.cc:1095] InUse at 7f0668e00e00 of size 256 next 13
2025-06-14 19:17:53.433937: I external/local_tsl/tsl/framework/bfc_allocator.cc:1095] InUse at 7f0668e00f00 of size 256 next 14
2025-06-14 19:17:53.434386: I external/local_tsl/tsl/framework/bfc_allocator.cc:1095] InUse at 7f0668e01000 of size 256 next 17
2025-06-14 19:17:53.434878: I external/local_tsl/tsl/framework/bfc_allocator.cc:1095] InUse at 7f0668e01100 of size 256 next 15
2025-06-14 19:17:53.435393: I external/local_tsl/tsl/framework/bfc_allocator.cc:1095] InUse at 7f0668e01200 of size 256 next 16
2025-06-14 19:17:53.435828: I external/local_tsl/tsl/framework/bfc_allocator.cc:1095] InUse at 7f0668e01300 of size 256 next 285
2025-06-14 19:17:53.436282: I external/local_tsl/tsl/framework/bfc_allocator.cc:1095] InUse at 7f0668e01400 of size 256 next 21
2025-06-14 19:17:53.436780: I external/local_tsl/tsl/framework/bfc_allocator.cc:1095] InUse at 7f0668e01500 of size 256 next 22
2025-06-14 19:17:53.437261: I external/local_tsl/tsl/framework/bfc_allocator.cc:1095] InUse at 7f0668e01600 of size 256 next 23
2025-06-14 19:17:53.437715: I external/local_tsl/tsl/framework/bfc_allocator.cc:1095] InUse at 7f0668e01700 of size 256 next 24
2025-06-14 19:17:53.438155: I external/local_tsl/tsl/framework/bfc_allocator.cc:1095] InUse at 7f0668e01800 of size 256 next 25
2025-06-14 19:17:53.438656: I external/local_tsl/tsl/framework/bfc_allocator.cc:1095] InUse at 7f0668e01900 of size 256 next 28
2025-06-14 19:17:53.439109: I external/local_tsl/tsl/framework/bfc_allocator.cc:1095] InUse at 7f0668e01a00 of size 256 next 289
2025-06-14 19:17:53.439620: I external/local_tsl/tsl/framework/bfc_allocator.cc:1095] InUse at 7f0668e01b00 of size 256 next 30
2025-06-14 19:17:53.440103: I external/local_tsl/tsl/framework/bfc_allocator.cc:1095] InUse at 7f0668e01c00 of size 256 next 31
2025-06-14 19:17:53.440597: I external/local_tsl/tsl/framework/bfc_allocator.cc:1095] InUse at 7f0668e01d00 of size 256 next 32
2025-06-14 19:17:53.441134: I external/local_tsl/tsl/framework/bfc_allocator.cc:1095] InUse at 7f0668e01e00 of size 256 next 35
2025-06-14 19:17:53.441687: I external/local_tsl/tsl/framework/bfc_allocator.cc:1095] InUse at 7f0668e01f00 of size 256 next 33
2025-06-14 19:17:53.442187: I external/local_tsl/tsl/framework/bfc_allocator.cc:1095] InUse at 7f0668e02000 of size 256 next 34
2025-06-14 19:17:53.442635: I external/local_tsl/tsl/framework/bfc_allocator.cc:1095] InUse at 7f0668e02100 of size 512 next 39
2025-06-14 19:17:53.443095: I external/local_tsl/tsl/framework/bfc_allocator.cc:1095] InUse at 7f0668e02300 of size 256 next 40
2025-06-14 19:17:53.443581: I external/local_tsl/tsl/framework/bfc_allocator.cc:1095] InUse at 7f0668e02400 of size 256 next 41
2025-06-14 19:17:53.444027: I external/local_tsl/tsl/framework/bfc_allocator.cc:1095] InUse at 7f0668e02500 of size 256 next 8
2025-06-14 19:17:53.444521: I external/local_tsl/tsl/framework/bfc_allocator.cc:1095] InUse at 7f0668e02600 of size 3584 next 9
2025-06-14 19:17:53.444939: I external/local_tsl/tsl/framework/bfc_allocator.cc:1095] InUse at 7f0668e03400 of size 512 next 42
2025-06-14 19:17:53.445416: I external/local_tsl/tsl/framework/bfc_allocator.cc:1095] InUse at 7f0668e03600 of size 512 next 45
2025-06-14 19:17:53.445878: I external/local_tsl/tsl/framework/bfc_allocator.cc:1095] InUse at 7f0668e03800 of size 512 next 46
2025-06-14 19:17:53.446347: I external/local_tsl/tsl/framework/bfc_allocator.cc:1095] InUse at 7f0668e03a00 of size 512 next 297
2025-06-14 19:17:53.446867: I external/local_tsl/tsl/framework/bfc_allocator.cc:1095] InUse at 7f0668e03c00 of size 512 next 48
2025-06-14 19:17:53.447373: I external/local_tsl/tsl/framework/bfc_allocator.cc:1095] InUse at 7f0668e03e00 of size 256 next 49
2025-06-14 19:17:53.447825: I external/local_tsl/tsl/framework/bfc_allocator.cc:1095] InUse at 7f0668e03f00 of size 512 next 50
2025-06-14 19:17:53.448333: I external/local_tsl/tsl/framework/bfc_allocator.cc:1095] InUse at 7f0668e04100 of size 512 next 51
2025-06-14 19:17:53.448879: I external/local_tsl/tsl/framework/bfc_allocator.cc:1095] InUse at 7f0668e04300 of size 512 next 55
2025-06-14 19:17:53.449323: I external/local_tsl/tsl/framework/bfc_allocator.cc:1095] InUse at 7f0668e04500 of size 1024 next 57
2025-06-14 19:17:53.449808: I external/local_tsl/tsl/framework/bfc_allocator.cc:1095] InUse at 7f0668e04900 of size 256 next 58
2025-06-14 19:17:53.450339: I external/local_tsl/tsl/framework/bfc_allocator.cc:1095] InUse at 7f0668e04a00 of size 256 next 59
2025-06-14 19:17:53.450882: I external/local_tsl/tsl/framework/bfc_allocator.cc:1095] InUse at 7f0668e04b00 of size 1024 next 60
2025-06-14 19:17:53.451354: I external/local_tsl/tsl/framework/bfc_allocator.cc:1095] InUse at 7f0668e04f00 of size 1024 next 61
2025-06-14 19:17:53.451825: I external/local_tsl/tsl/framework/bfc_allocator.cc:1095] InUse at 7f0668e05300 of size 1024 next 65
2025-06-14 19:17:53.452254: I external/local_tsl/tsl/framework/bfc_allocator.cc:1095] InUse at 7f0668e05700 of size 1024 next 308
2025-06-14 19:17:53.452719: I external/local_tsl/tsl/framework/bfc_allocator.cc:1095] InUse at 7f0668e05b00 of size 1024 next 67
2025-06-14 19:17:53.453177: I external/local_tsl/tsl/framework/bfc_allocator.cc:1095] InUse at 7f0668e05f00 of size 256 next 68
2025-06-14 19:17:53.453612: I external/local_tsl/tsl/framework/bfc_allocator.cc:1095] InUse at 7f0668e06000 of size 256 next 69
2025-06-14 19:17:53.454055: I external/local_tsl/tsl/framework/bfc_allocator.cc:1095] InUse at 7f0668e06100 of size 1024 next 70
2025-06-14 19:17:53.454579: I external/local_tsl/tsl/framework/bfc_allocator.cc:1095] InUse at 7f0668e06500 of size 1024 next 71
2025-06-14 19:17:53.454993: I external/local_tsl/tsl/framework/bfc_allocator.cc:1095] InUse at 7f0668e06900 of size 1024 next 75
2025-06-14 19:17:53.455510: I external/local_tsl/tsl/framework/bfc_allocator.cc:1095] InUse at 7f0668e06d00 of size 512 next 313
2025-06-14 19:17:53.455936: I external/local_tsl/tsl/framework/bfc_allocator.cc:1095] InUse at 7f0668e06f00 of size 512 next 314
2025-06-14 19:17:53.456371: I external/local_tsl/tsl/framework/bfc_allocator.cc:1095] InUse at 7f0668e07100 of size 512 next 315
2025-06-14 19:17:53.456790: I external/local_tsl/tsl/framework/bfc_allocator.cc:1095] InUse at 7f0668e07300 of size 512 next 77
2025-06-14 19:17:53.457224: I external/local_tsl/tsl/framework/bfc_allocator.cc:1095] InUse at 7f0668e07500 of size 256 next 78
2025-06-14 19:17:53.457727: I external/local_tsl/tsl/framework/bfc_allocator.cc:1095] InUse at 7f0668e07600 of size 256 next 79
2025-06-14 19:17:53.458358: I external/local_tsl/tsl/framework/bfc_allocator.cc:1095] InUse at 7f0668e07700 of size 512 next 80
2025-06-14 19:17:53.458927: I external/local_tsl/tsl/framework/bfc_allocator.cc:1095] InUse at 7f0668e07900 of size 512 next 81
2025-06-14 19:17:53.459430: I external/local_tsl/tsl/framework/bfc_allocator.cc:1095] InUse at 7f0668e07b00 of size 512 next 82
2025-06-14 19:17:53.460010: I external/local_tsl/tsl/framework/bfc_allocator.cc:1095] InUse at 7f0668e07d00 of size 512 next 84
2025-06-14 19:17:53.460492: I external/local_tsl/tsl/framework/bfc_allocator.cc:1095] InUse at 7f0668e07f00 of size 512 next 316
2025-06-14 19:17:53.460941: I external/local_tsl/tsl/framework/bfc_allocator.cc:1095] InUse at 7f0668e08100 of size 512 next 86
2025-06-14 19:17:53.461421: I external/local_tsl/tsl/framework/bfc_allocator.cc:1095] InUse at 7f0668e08300 of size 512 next 87
2025-06-14 19:17:53.461877: I external/local_tsl/tsl/framework/bfc_allocator.cc:1095] InUse at 7f0668e08500 of size 512 next 88
2025-06-14 19:17:53.462302: I external/local_tsl/tsl/framework/bfc_allocator.cc:1095] InUse at 7f0668e08700 of size 512 next 89
2025-06-14 19:17:53.462729: I external/local_tsl/tsl/framework/bfc_allocator.cc:1095] InUse at 7f0668e08900 of size 256 next 321
2025-06-14 19:17:53.463161: I external/local_tsl/tsl/framework/bfc_allocator.cc:1095] InUse at 7f0668e08a00 of size 256 next 323
2025-06-14 19:17:53.463609: I external/local_tsl/tsl/framework/bfc_allocator.cc:1095] InUse at 7f0668e08b00 of size 256 next 324
2025-06-14 19:17:53.464050: I external/local_tsl/tsl/framework/bfc_allocator.cc:1095] InUse at 7f0668e08c00 of size 256 next 92
2025-06-14 19:17:53.464511: I external/local_tsl/tsl/framework/bfc_allocator.cc:1095] InUse at 7f0668e08d00 of size 256 next 93
2025-06-14 19:17:53.464945: I external/local_tsl/tsl/framework/bfc_allocator.cc:1095] InUse at 7f0668e08e00 of size 256 next 94
2025-06-14 19:17:53.465446: I external/local_tsl/tsl/framework/bfc_allocator.cc:1095] InUse at 7f0668e08f00 of size 256 next 97
2025-06-14 19:17:53.465999: I external/local_tsl/tsl/framework/bfc_allocator.cc:1095] InUse at 7f0668e09000 of size 256 next 95
2025-06-14 19:17:53.466475: I external/local_tsl/tsl/framework/bfc_allocator.cc:1095] InUse at 7f0668e09100 of size 256 next 96
2025-06-14 19:17:53.466942: I external/local_tsl/tsl/framework/bfc_allocator.cc:1095] InUse at 7f0668e09200 of size 256 next 98
2025-06-14 19:17:53.467477: I external/local_tsl/tsl/framework/bfc_allocator.cc:1095] InUse at 7f0668e09300 of size 256 next 101
2025-06-14 19:17:53.468013: I external/local_tsl/tsl/framework/bfc_allocator.cc:1095] InUse at 7f0668e09400 of size 256 next 102
2025-06-14 19:17:53.468459: I external/local_tsl/tsl/framework/bfc_allocator.cc:1095] InUse at 7f0668e09500 of size 256 next 103
2025-06-14 19:17:53.468930: I external/local_tsl/tsl/framework/bfc_allocator.cc:1095] InUse at 7f0668e09600 of size 256 next 104
2025-06-14 19:17:53.469450: I external/local_tsl/tsl/framework/bfc_allocator.cc:1095] InUse at 7f0668e09700 of size 256 next 105
2025-06-14 19:17:53.469975: I external/local_tsl/tsl/framework/bfc_allocator.cc:1095] Free  at 7f0668e09800 of size 512 next 108
2025-06-14 19:17:53.470520: I external/local_tsl/tsl/framework/bfc_allocator.cc:1095] InUse at 7f0668e09a00 of size 256 next 109
2025-06-14 19:17:53.470980: I external/local_tsl/tsl/framework/bfc_allocator.cc:1095] InUse at 7f0668e09b00 of size 256 next 110
2025-06-14 19:17:53.471477: I external/local_tsl/tsl/framework/bfc_allocator.cc:1095] InUse at 7f0668e09c00 of size 256 next 146
2025-06-14 19:17:53.471972: I external/local_tsl/tsl/framework/bfc_allocator.cc:1095] InUse at 7f0668e09d00 of size 256 next 147
2025-06-14 19:17:53.472424: I external/local_tsl/tsl/framework/bfc_allocator.cc:1095] InUse at 7f0668e09e00 of size 256 next 148
2025-06-14 19:17:53.472865: I external/local_tsl/tsl/framework/bfc_allocator.cc:1095] InUse at 7f0668e09f00 of size 256 next 149
2025-06-14 19:17:53.473305: I external/local_tsl/tsl/framework/bfc_allocator.cc:1095] InUse at 7f0668e0a000 of size 256 next 150
2025-06-14 19:17:53.473757: I external/local_tsl/tsl/framework/bfc_allocator.cc:1095] InUse at 7f0668e0a100 of size 256 next 151
2025-06-14 19:17:53.474252: I external/local_tsl/tsl/framework/bfc_allocator.cc:1095] InUse at 7f0668e0a200 of size 256 next 153
2025-06-14 19:17:53.474742: I external/local_tsl/tsl/framework/bfc_allocator.cc:1095] InUse at 7f0668e0a300 of size 256 next 154
2025-06-14 19:17:53.475244: I external/local_tsl/tsl/framework/bfc_allocator.cc:1095] InUse at 7f0668e0a400 of size 256 next 155
2025-06-14 19:17:53.475712: I external/local_tsl/tsl/framework/bfc_allocator.cc:1095] InUse at 7f0668e0a500 of size 256 next 156
2025-06-14 19:17:53.476173: I external/local_tsl/tsl/framework/bfc_allocator.cc:1095] InUse at 7f0668e0a600 of size 256 next 157
2025-06-14 19:17:53.476667: I external/local_tsl/tsl/framework/bfc_allocator.cc:1095] InUse at 7f0668e0a700 of size 256 next 158
2025-06-14 19:17:53.477106: I external/local_tsl/tsl/framework/bfc_allocator.cc:1095] InUse at 7f0668e0a800 of size 256 next 160
2025-06-14 19:17:53.477601: I external/local_tsl/tsl/framework/bfc_allocator.cc:1095] InUse at 7f0668e0a900 of size 256 next 161
2025-06-14 19:17:53.478107: I external/local_tsl/tsl/framework/bfc_allocator.cc:1095] InUse at 7f0668e0aa00 of size 256 next 162
2025-06-14 19:17:53.478612: I external/local_tsl/tsl/framework/bfc_allocator.cc:1095] InUse at 7f0668e0ab00 of size 256 next 163
2025-06-14 19:17:53.479116: I external/local_tsl/tsl/framework/bfc_allocator.cc:1095] InUse at 7f0668e0ac00 of size 256 next 164
2025-06-14 19:17:53.479568: I external/local_tsl/tsl/framework/bfc_allocator.cc:1095] InUse at 7f0668e0ad00 of size 256 next 165
2025-06-14 19:17:53.480007: I external/local_tsl/tsl/framework/bfc_allocator.cc:1095] InUse at 7f0668e0ae00 of size 512 next 167
2025-06-14 19:17:53.480512: I external/local_tsl/tsl/framework/bfc_allocator.cc:1095] InUse at 7f0668e0b000 of size 512 next 168
2025-06-14 19:17:53.481008: I external/local_tsl/tsl/framework/bfc_allocator.cc:1095] InUse at 7f0668e0b200 of size 512 next 169
2025-06-14 19:17:53.481471: I external/local_tsl/tsl/framework/bfc_allocator.cc:1095] InUse at 7f0668e0b400 of size 512 next 170
2025-06-14 19:17:53.481934: I external/local_tsl/tsl/framework/bfc_allocator.cc:1095] InUse at 7f0668e0b600 of size 512 next 171
2025-06-14 19:17:53.482410: I external/local_tsl/tsl/framework/bfc_allocator.cc:1095] InUse at 7f0668e0b800 of size 512 next 172
2025-06-14 19:17:53.482834: I external/local_tsl/tsl/framework/bfc_allocator.cc:1095] InUse at 7f0668e0ba00 of size 512 next 174
2025-06-14 19:17:53.483298: I external/local_tsl/tsl/framework/bfc_allocator.cc:1095] InUse at 7f0668e0bc00 of size 512 next 175
2025-06-14 19:17:53.483764: I external/local_tsl/tsl/framework/bfc_allocator.cc:1095] InUse at 7f0668e0be00 of size 512 next 176
2025-06-14 19:17:53.484212: I external/local_tsl/tsl/framework/bfc_allocator.cc:1095] InUse at 7f0668e0c000 of size 512 next 177
2025-06-14 19:17:53.484637: I external/local_tsl/tsl/framework/bfc_allocator.cc:1095] InUse at 7f0668e0c200 of size 512 next 178
2025-06-14 19:17:53.485060: I external/local_tsl/tsl/framework/bfc_allocator.cc:1095] InUse at 7f0668e0c400 of size 512 next 179
2025-06-14 19:17:53.485488: I external/local_tsl/tsl/framework/bfc_allocator.cc:1095] InUse at 7f0668e0c600 of size 1024 next 181
2025-06-14 19:17:53.485991: I external/local_tsl/tsl/framework/bfc_allocator.cc:1095] InUse at 7f0668e0ca00 of size 1024 next 182
2025-06-14 19:17:53.486436: I external/local_tsl/tsl/framework/bfc_allocator.cc:1095] InUse at 7f0668e0ce00 of size 1024 next 183
2025-06-14 19:17:53.486850: I external/local_tsl/tsl/framework/bfc_allocator.cc:1095] InUse at 7f0668e0d200 of size 1024 next 184
2025-06-14 19:17:53.487263: I external/local_tsl/tsl/framework/bfc_allocator.cc:1095] InUse at 7f0668e0d600 of size 1024 next 185
2025-06-14 19:17:53.487695: I external/local_tsl/tsl/framework/bfc_allocator.cc:1095] InUse at 7f0668e0da00 of size 1024 next 186
2025-06-14 19:17:53.488176: I external/local_tsl/tsl/framework/bfc_allocator.cc:1095] InUse at 7f0668e0de00 of size 1024 next 188
2025-06-14 19:17:53.488628: I external/local_tsl/tsl/framework/bfc_allocator.cc:1095] InUse at 7f0668e0e200 of size 1024 next 189
2025-06-14 19:17:53.489044: I external/local_tsl/tsl/framework/bfc_allocator.cc:1095] InUse at 7f0668e0e600 of size 1024 next 190
2025-06-14 19:17:53.489481: I external/local_tsl/tsl/framework/bfc_allocator.cc:1095] InUse at 7f0668e0ea00 of size 1024 next 191
2025-06-14 19:17:53.489938: I external/local_tsl/tsl/framework/bfc_allocator.cc:1095] InUse at 7f0668e0ee00 of size 1024 next 192
2025-06-14 19:17:53.490425: I external/local_tsl/tsl/framework/bfc_allocator.cc:1095] InUse at 7f0668e0f200 of size 1024 next 193
2025-06-14 19:17:53.490881: I external/local_tsl/tsl/framework/bfc_allocator.cc:1095] InUse at 7f0668e0f600 of size 512 next 196
2025-06-14 19:17:53.491322: I external/local_tsl/tsl/framework/bfc_allocator.cc:1095] InUse at 7f0668e0f800 of size 512 next 197
2025-06-14 19:17:53.491751: I external/local_tsl/tsl/framework/bfc_allocator.cc:1095] InUse at 7f0668e0fa00 of size 512 next 199
2025-06-14 19:17:53.492181: I external/local_tsl/tsl/framework/bfc_allocator.cc:1095] InUse at 7f0668e0fc00 of size 512 next 200
2025-06-14 19:17:53.492607: I external/local_tsl/tsl/framework/bfc_allocator.cc:1095] InUse at 7f0668e0fe00 of size 512 next 201
2025-06-14 19:17:53.493042: I external/local_tsl/tsl/framework/bfc_allocator.cc:1095] InUse at 7f0668e10000 of size 512 next 202
2025-06-14 19:17:53.493483: I external/local_tsl/tsl/framework/bfc_allocator.cc:1095] InUse at 7f0668e10200 of size 512 next 203
2025-06-14 19:17:53.493910: I external/local_tsl/tsl/framework/bfc_allocator.cc:1095] InUse at 7f0668e10400 of size 512 next 204
2025-06-14 19:17:53.494370: I external/local_tsl/tsl/framework/bfc_allocator.cc:1095] InUse at 7f0668e10600 of size 512 next 207
2025-06-14 19:17:53.494809: I external/local_tsl/tsl/framework/bfc_allocator.cc:1095] InUse at 7f0668e10800 of size 512 next 208
2025-06-14 19:17:53.495266: I external/local_tsl/tsl/framework/bfc_allocator.cc:1095] InUse at 7f0668e10a00 of size 512 next 209
2025-06-14 19:17:53.495758: I external/local_tsl/tsl/framework/bfc_allocator.cc:1095] InUse at 7f0668e10c00 of size 512 next 210
2025-06-14 19:17:53.496193: I external/local_tsl/tsl/framework/bfc_allocator.cc:1095] InUse at 7f0668e10e00 of size 512 next 211
2025-06-14 19:17:53.496623: I external/local_tsl/tsl/framework/bfc_allocator.cc:1095] InUse at 7f0668e11000 of size 512 next 212
2025-06-14 19:17:53.497131: I external/local_tsl/tsl/framework/bfc_allocator.cc:1095] InUse at 7f0668e11200 of size 256 next 215
2025-06-14 19:17:53.497594: I external/local_tsl/tsl/framework/bfc_allocator.cc:1095] InUse at 7f0668e11300 of size 256 next 216
2025-06-14 19:17:53.498030: I external/local_tsl/tsl/framework/bfc_allocator.cc:1095] InUse at 7f0668e11400 of size 256 next 219
2025-06-14 19:17:53.498459: I external/local_tsl/tsl/framework/bfc_allocator.cc:1095] InUse at 7f0668e11500 of size 256 next 220
2025-06-14 19:17:53.498941: I external/local_tsl/tsl/framework/bfc_allocator.cc:1095] InUse at 7f0668e11600 of size 256 next 221
2025-06-14 19:17:53.499403: I external/local_tsl/tsl/framework/bfc_allocator.cc:1095] InUse at 7f0668e11700 of size 256 next 222
2025-06-14 19:17:53.499892: I external/local_tsl/tsl/framework/bfc_allocator.cc:1095] InUse at 7f0668e11800 of size 256 next 223
2025-06-14 19:17:53.500347: I external/local_tsl/tsl/framework/bfc_allocator.cc:1095] InUse at 7f0668e11900 of size 256 next 224
2025-06-14 19:17:53.500828: I external/local_tsl/tsl/framework/bfc_allocator.cc:1095] InUse at 7f0668e11a00 of size 256 next 227
2025-06-14 19:17:53.501301: I external/local_tsl/tsl/framework/bfc_allocator.cc:1095] InUse at 7f0668e11b00 of size 256 next 228
2025-06-14 19:17:53.501746: I external/local_tsl/tsl/framework/bfc_allocator.cc:1095] InUse at 7f0668e11c00 of size 256 next 229
2025-06-14 19:17:53.502171: I external/local_tsl/tsl/framework/bfc_allocator.cc:1095] InUse at 7f0668e11d00 of size 256 next 230
2025-06-14 19:17:53.502614: I external/local_tsl/tsl/framework/bfc_allocator.cc:1095] InUse at 7f0668e11e00 of size 256 next 231
2025-06-14 19:17:53.503055: I external/local_tsl/tsl/framework/bfc_allocator.cc:1095] InUse at 7f0668e11f00 of size 256 next 232
2025-06-14 19:17:53.503507: I external/local_tsl/tsl/framework/bfc_allocator.cc:1095] InUse at 7f0668e12000 of size 65536 next 233
2025-06-14 19:17:53.503869: I external/local_tsl/tsl/framework/bfc_allocator.cc:1095] InUse at 7f0668e22000 of size 95232 next 19
2025-06-14 19:17:53.504330: I external/local_tsl/tsl/framework/bfc_allocator.cc:1095] InUse at 7f0668e39400 of size 110592 next 18
2025-06-14 19:17:53.504686: I external/local_tsl/tsl/framework/bfc_allocator.cc:1095] InUse at 7f0668e54400 of size 65536 next 115
2025-06-14 19:17:53.505030: I external/local_tsl/tsl/framework/bfc_allocator.cc:1095] InUse at 7f0668e64400 of size 256 next 112
2025-06-14 19:17:53.505456: I external/local_tsl/tsl/framework/bfc_allocator.cc:1095] InUse at 7f0668e64500 of size 256 next 114
2025-06-14 19:17:53.505940: I external/local_tsl/tsl/framework/bfc_allocator.cc:1095] InUse at 7f0668e64600 of size 256 next 113
2025-06-14 19:17:53.506380: I external/local_tsl/tsl/framework/bfc_allocator.cc:1095] InUse at 7f0668e64700 of size 256 next 111
2025-06-14 19:17:53.506836: I external/local_tsl/tsl/framework/bfc_allocator.cc:1095] InUse at 7f0668e64800 of size 256 next 117
2025-06-14 19:17:53.507297: I external/local_tsl/tsl/framework/bfc_allocator.cc:1095] InUse at 7f0668e64900 of size 256 next 118
2025-06-14 19:17:53.507726: I external/local_tsl/tsl/framework/bfc_allocator.cc:1095] InUse at 7f0668e64a00 of size 256 next 120
2025-06-14 19:17:53.508145: I external/local_tsl/tsl/framework/bfc_allocator.cc:1095] InUse at 7f0668e64b00 of size 256 next 119
2025-06-14 19:17:53.508612: I external/local_tsl/tsl/framework/bfc_allocator.cc:1095] InUse at 7f0668e64c00 of size 256 next 121
2025-06-14 19:17:53.509092: I external/local_tsl/tsl/framework/bfc_allocator.cc:1095] InUse at 7f0668e64d00 of size 256 next 123
2025-06-14 19:17:53.509552: I external/local_tsl/tsl/framework/bfc_allocator.cc:1095] InUse at 7f0668e64e00 of size 256 next 124
2025-06-14 19:17:53.510021: I external/local_tsl/tsl/framework/bfc_allocator.cc:1095] InUse at 7f0668e64f00 of size 256 next 125
2025-06-14 19:17:53.510491: I external/local_tsl/tsl/framework/bfc_allocator.cc:1095] InUse at 7f0668e65000 of size 256 next 126
2025-06-14 19:17:53.510961: I external/local_tsl/tsl/framework/bfc_allocator.cc:1095] InUse at 7f0668e65100 of size 256 next 128
2025-06-14 19:17:53.511423: I external/local_tsl/tsl/framework/bfc_allocator.cc:1095] InUse at 7f0668e65200 of size 256 next 127
2025-06-14 19:17:53.511866: I external/local_tsl/tsl/framework/bfc_allocator.cc:1095] InUse at 7f0668e65300 of size 256 next 129
2025-06-14 19:17:53.512297: I external/local_tsl/tsl/framework/bfc_allocator.cc:1095] InUse at 7f0668e65400 of size 256 next 130
2025-06-14 19:17:53.512721: I external/local_tsl/tsl/framework/bfc_allocator.cc:1095] InUse at 7f0668e65500 of size 256 next 131
2025-06-14 19:17:53.513152: I external/local_tsl/tsl/framework/bfc_allocator.cc:1095] InUse at 7f0668e65600 of size 256 next 132
2025-06-14 19:17:53.513580: I external/local_tsl/tsl/framework/bfc_allocator.cc:1095] InUse at 7f0668e65700 of size 256 next 133
2025-06-14 19:17:53.514079: I external/local_tsl/tsl/framework/bfc_allocator.cc:1095] InUse at 7f0668e65800 of size 256 next 137
2025-06-14 19:17:53.514536: I external/local_tsl/tsl/framework/bfc_allocator.cc:1095] InUse at 7f0668e65900 of size 256 next 136
2025-06-14 19:17:53.514951: I external/local_tsl/tsl/framework/bfc_allocator.cc:1095] InUse at 7f0668e65a00 of size 3584 next 138
2025-06-14 19:17:53.515404: I external/local_tsl/tsl/framework/bfc_allocator.cc:1095] InUse at 7f0668e66800 of size 3584 next 139
2025-06-14 19:17:53.515877: I external/local_tsl/tsl/framework/bfc_allocator.cc:1095] InUse at 7f0668e67600 of size 256 next 140
2025-06-14 19:17:53.516374: I external/local_tsl/tsl/framework/bfc_allocator.cc:1095] InUse at 7f0668e67700 of size 256 next 141
2025-06-14 19:17:53.516816: I external/local_tsl/tsl/framework/bfc_allocator.cc:1095] InUse at 7f0668e67800 of size 256 next 142
2025-06-14 19:17:53.517249: I external/local_tsl/tsl/framework/bfc_allocator.cc:1095] InUse at 7f0668e67900 of size 256 next 143
2025-06-14 19:17:53.517686: I external/local_tsl/tsl/framework/bfc_allocator.cc:1095] InUse at 7f0668e67a00 of size 256 next 144
2025-06-14 19:17:53.518170: I external/local_tsl/tsl/framework/bfc_allocator.cc:1095] InUse at 7f0668e67b00 of size 256 next 145
2025-06-14 19:17:53.518649: I external/local_tsl/tsl/framework/bfc_allocator.cc:1095] InUse at 7f0668e67c00 of size 141312 next 27
2025-06-14 19:17:53.518999: I external/local_tsl/tsl/framework/bfc_allocator.cc:1095] InUse at 7f0668e8a400 of size 221184 next 26
2025-06-14 19:17:53.519355: I external/local_tsl/tsl/framework/bfc_allocator.cc:1095] InUse at 7f0668ec0400 of size 442368 next 159
2025-06-14 19:17:53.519704: I external/local_tsl/tsl/framework/bfc_allocator.cc:1095] InUse at 7f0668f2c400 of size 867328 next 18446744073709551615
2025-06-14 19:17:53.520048: I external/local_tsl/tsl/framework/bfc_allocator.cc:1075] Next region of size 4194304
2025-06-14 19:17:53.520479: I external/local_tsl/tsl/framework/bfc_allocator.cc:1095] InUse at 7f0669400000 of size 442368 next 37
2025-06-14 19:17:53.520864: I external/local_tsl/tsl/framework/bfc_allocator.cc:1095] InUse at 7f066946c000 of size 221184 next 116
2025-06-14 19:17:53.521201: I external/local_tsl/tsl/framework/bfc_allocator.cc:1095] InUse at 7f06694a2000 of size 110592 next 122
2025-06-14 19:17:53.521526: I external/local_tsl/tsl/framework/bfc_allocator.cc:1095] InUse at 7f06694bd000 of size 192512 next 99
2025-06-14 19:17:53.521892: I external/local_tsl/tsl/framework/bfc_allocator.cc:1095] InUse at 7f06694ec000 of size 360448 next 44
2025-06-14 19:17:53.522254: I external/local_tsl/tsl/framework/bfc_allocator.cc:1095] InUse at 7f0669544000 of size 884736 next 43
2025-06-14 19:17:53.522647: I external/local_tsl/tsl/framework/bfc_allocator.cc:1095] InUse at 7f066961c000 of size 1982464 next 18446744073709551615
2025-06-14 19:17:53.523006: I external/local_tsl/tsl/framework/bfc_allocator.cc:1075] Next region of size 8388608
2025-06-14 19:17:53.523442: I external/local_tsl/tsl/framework/bfc_allocator.cc:1095] InUse at 7f0669800000 of size 884736 next 166
2025-06-14 19:17:53.523795: I external/local_tsl/tsl/framework/bfc_allocator.cc:1095] InUse at 7f06698d8000 of size 884736 next 54
2025-06-14 19:17:53.524193: I external/local_tsl/tsl/framework/bfc_allocator.cc:1095] InUse at 7f06699b0000 of size 1769472 next 52
2025-06-14 19:17:53.524551: I external/local_tsl/tsl/framework/bfc_allocator.cc:1095] InUse at 7f0669b60000 of size 4849664 next 18446744073709551615
2025-06-14 19:17:53.524899: I external/local_tsl/tsl/framework/bfc_allocator.cc:1100]      Summary of in-use Chunks by size: 
2025-06-14 19:17:53.525325: I external/local_tsl/tsl/framework/bfc_allocator.cc:1103] 155 Chunks of size 256 totalling 38.8KiB
2025-06-14 19:17:53.525802: I external/local_tsl/tsl/framework/bfc_allocator.cc:1103] 55 Chunks of size 512 totalling 27.5KiB
2025-06-14 19:17:53.526268: I external/local_tsl/tsl/framework/bfc_allocator.cc:1103] 26 Chunks of size 1024 totalling 26.0KiB
2025-06-14 19:17:53.526742: I external/local_tsl/tsl/framework/bfc_allocator.cc:1103] 1 Chunks of size 1280 totalling 1.2KiB
2025-06-14 19:17:53.527202: I external/local_tsl/tsl/framework/bfc_allocator.cc:1103] 3 Chunks of size 3584 totalling 10.5KiB
2025-06-14 19:17:53.527682: I external/local_tsl/tsl/framework/bfc_allocator.cc:1103] 2 Chunks of size 65536 totalling 128.0KiB
2025-06-14 19:17:53.528118: I external/local_tsl/tsl/framework/bfc_allocator.cc:1103] 1 Chunks of size 95232 totalling 93.0KiB
2025-06-14 19:17:53.528544: I external/local_tsl/tsl/framework/bfc_allocator.cc:1103] 4 Chunks of size 110592 totalling 432.0KiB
2025-06-14 19:17:53.528995: I external/local_tsl/tsl/framework/bfc_allocator.cc:1103] 1 Chunks of size 141312 totalling 138.0KiB
2025-06-14 19:17:53.529419: I external/local_tsl/tsl/framework/bfc_allocator.cc:1103] 1 Chunks of size 192512 totalling 188.0KiB
2025-06-14 19:17:53.529887: I external/local_tsl/tsl/framework/bfc_allocator.cc:1103] 6 Chunks of size 221184 totalling 1.27MiB
2025-06-14 19:17:53.530331: I external/local_tsl/tsl/framework/bfc_allocator.cc:1103] 2 Chunks of size 262144 totalling 512.0KiB
2025-06-14 19:17:53.530806: I external/local_tsl/tsl/framework/bfc_allocator.cc:1103] 1 Chunks of size 360448 totalling 352.0KiB
2025-06-14 19:17:53.531262: I external/local_tsl/tsl/framework/bfc_allocator.cc:1103] 5 Chunks of size 442368 totalling 2.11MiB
2025-06-14 19:17:53.531721: I external/local_tsl/tsl/framework/bfc_allocator.cc:1103] 1 Chunks of size 867328 totalling 847.0KiB
2025-06-14 19:17:53.532165: I external/local_tsl/tsl/framework/bfc_allocator.cc:1103] 6 Chunks of size 884736 totalling 5.06MiB
2025-06-14 19:17:53.532600: I external/local_tsl/tsl/framework/bfc_allocator.cc:1103] 2 Chunks of size 1048576 totalling 2.00MiB
2025-06-14 19:17:53.533094: I external/local_tsl/tsl/framework/bfc_allocator.cc:1103] 6 Chunks of size 1769472 totalling 10.12MiB
2025-06-14 19:17:53.533532: I external/local_tsl/tsl/framework/bfc_allocator.cc:1103] 1 Chunks of size 1982464 totalling 1.89MiB
2025-06-14 19:17:53.533992: I external/local_tsl/tsl/framework/bfc_allocator.cc:1103] 4 Chunks of size 3538944 totalling 13.50MiB
2025-06-14 19:17:53.534472: I external/local_tsl/tsl/framework/bfc_allocator.cc:1103] 1 Chunks of size 4063232 totalling 3.88MiB
2025-06-14 19:17:53.535127: I external/local_tsl/tsl/framework/bfc_allocator.cc:1103] 1 Chunks of size 4849664 totalling 4.62MiB
2025-06-14 19:17:53.535699: I external/local_tsl/tsl/framework/bfc_allocator.cc:1103] 2 Chunks of size 7077888 totalling 13.50MiB
2025-06-14 19:17:53.536233: I external/local_tsl/tsl/framework/bfc_allocator.cc:1103] 1 Chunks of size 12320768 totalling 11.75MiB
2025-06-14 19:17:53.536720: I external/local_tsl/tsl/framework/bfc_allocator.cc:1103] 2 Chunks of size 15138816 totalling 28.88MiB
2025-06-14 19:17:53.537174: I external/local_tsl/tsl/framework/bfc_allocator.cc:1103] 4 Chunks of size 30277632 totalling 115.50MiB
2025-06-14 19:17:53.537578: I external/local_tsl/tsl/framework/bfc_allocator.cc:1103] 2 Chunks of size 60555264 totalling 115.50MiB
2025-06-14 19:17:53.537992: I external/local_tsl/tsl/framework/bfc_allocator.cc:1103] 1 Chunks of size 73662464 totalling 70.25MiB
2025-06-14 19:17:53.538373: I external/local_tsl/tsl/framework/bfc_allocator.cc:1103] 1 Chunks of size 116654080 totalling 111.25MiB
2025-06-14 19:17:53.538785: I external/local_tsl/tsl/framework/bfc_allocator.cc:1103] 6 Chunks of size 121110528 totalling 693.00MiB
2025-06-14 19:17:53.539140: I external/local_tsl/tsl/framework/bfc_allocator.cc:1103] 2 Chunks of size 209715200 totalling 400.00MiB
2025-06-14 19:17:53.539467: I external/local_tsl/tsl/framework/bfc_allocator.cc:1103] 3 Chunks of size 242221056 totalling 693.00MiB
2025-06-14 19:17:53.539802: I external/local_tsl/tsl/framework/bfc_allocator.cc:1103] 8 Chunks of size 484442112 totalling 3.61GiB
2025-06-14 19:17:53.540145: I external/local_tsl/tsl/framework/bfc_allocator.cc:1103] 1 Chunks of size 968884224 totalling 924.00MiB
2025-06-14 19:17:53.540489: I external/local_tsl/tsl/framework/bfc_allocator.cc:1103] 6 Chunks of size 1937768448 totalling 10.83GiB
2025-06-14 19:17:53.540892: I external/local_tsl/tsl/framework/bfc_allocator.cc:1107] Sum Total of in-use chunks: 17.58GiB
2025-06-14 19:17:53.541331: I external/local_tsl/tsl/framework/bfc_allocator.cc:1109] Total bytes in pool: 23575789568 memory_limit_: 23575789568 available bytes: 0 curr_region_allocation_bytes_: 34359738368
2025-06-14 19:17:53.541675: I external/local_tsl/tsl/framework/bfc_allocator.cc:1114] Stats: 
Limit:                     23575789568
InUse:                     18882553856
MaxInUse:                  22800760320
NumAllocs:                         912
MaxAllocSize:               4135495424
Reserved:                            0
PeakReserved:                        0
LargestFreeBlock:                    0

2025-06-14 19:17:53.542032: W external/local_tsl/tsl/framework/bfc_allocator.cc:497] ________*********________************************************_**************************************
2025-06-14 19:17:53.542381: W tensorflow/core/framework/op_kernel.cc:1839] OP_REQUIRES failed at concat_op.cc:165 : RESOURCE_EXHAUSTED: OOM when allocating tensor with shape[2,64,192,224,176] and type float on /job:localhost/replica:0/task:0/device:GPU:0 by allocator GPU_0_bfc
Traceback (most recent call last):
  File "/mnt/beegfs/hellgate/home/rb194958e/stroke_segmentation_sota/batch_wise_train.py", line 277, in <module>
    if main():
       ^^^^^^
  File "/mnt/beegfs/hellgate/home/rb194958e/stroke_segmentation_sota/batch_wise_train.py", line 256, in main
    history = model.fit(
              ^^^^^^^^^^
  File "/mnt/beegfs/hellgate/home/rb194958e/.conda/envs/tf215_env/lib/python3.11/site-packages/keras/src/utils/traceback_utils.py", line 70, in error_handler
    raise e.with_traceback(filtered_tb) from None
  File "/mnt/beegfs/hellgate/home/rb194958e/.conda/envs/tf215_env/lib/python3.11/site-packages/tensorflow/python/eager/execute.py", line 53, in quick_execute
    tensors = pywrap_tfe.TFE_Py_Execute(ctx._handle, device_name, op_name,
  ^^^^^^^^^^^^^^^^^^^^^^^^^^^^^^^^^^^^^^^^^^^^^^^^^^^^^^^^^^^^^^^^^^^^^^^^
tensorflow.python.framework.errors_impl.ResourceExhaustedError: Graph execution error:

Detected at node model/concatenate_2/concat defined at (most recent call last):
  File "/mnt/beegfs/hellgate/home/rb194958e/stroke_segmentation_sota/batch_wise_train.py", line 277, in <module>

  File "/mnt/beegfs/hellgate/home/rb194958e/stroke_segmentation_sota/batch_wise_train.py", line 256, in main

  File "/mnt/beegfs/hellgate/home/rb194958e/.conda/envs/tf215_env/lib/python3.11/site-packages/keras/src/utils/traceback_utils.py", line 65, in error_handler

  File "/mnt/beegfs/hellgate/home/rb194958e/.conda/envs/tf215_env/lib/python3.11/site-packages/keras/src/engine/training.py", line 1807, in fit

  File "/mnt/beegfs/hellgate/home/rb194958e/.conda/envs/tf215_env/lib/python3.11/site-packages/keras/src/engine/training.py", line 1401, in train_function

  File "/mnt/beegfs/hellgate/home/rb194958e/.conda/envs/tf215_env/lib/python3.11/site-packages/keras/src/engine/training.py", line 1384, in step_function

  File "/mnt/beegfs/hellgate/home/rb194958e/.conda/envs/tf215_env/lib/python3.11/site-packages/keras/src/engine/training.py", line 1373, in run_step

  File "/mnt/beegfs/hellgate/home/rb194958e/.conda/envs/tf215_env/lib/python3.11/site-packages/keras/src/engine/training.py", line 1150, in train_step

  File "/mnt/beegfs/hellgate/home/rb194958e/.conda/envs/tf215_env/lib/python3.11/site-packages/keras/src/utils/traceback_utils.py", line 65, in error_handler

  File "/mnt/beegfs/hellgate/home/rb194958e/.conda/envs/tf215_env/lib/python3.11/site-packages/keras/src/engine/training.py", line 590, in __call__

  File "/mnt/beegfs/hellgate/home/rb194958e/.conda/envs/tf215_env/lib/python3.11/site-packages/keras/src/utils/traceback_utils.py", line 65, in error_handler

  File "/mnt/beegfs/hellgate/home/rb194958e/.conda/envs/tf215_env/lib/python3.11/site-packages/keras/src/engine/base_layer.py", line 1149, in __call__

  File "/mnt/beegfs/hellgate/home/rb194958e/.conda/envs/tf215_env/lib/python3.11/site-packages/keras/src/utils/traceback_utils.py", line 96, in error_handler

  File "/mnt/beegfs/hellgate/home/rb194958e/.conda/envs/tf215_env/lib/python3.11/site-packages/keras/src/engine/functional.py", line 515, in call

  File "/mnt/beegfs/hellgate/home/rb194958e/.conda/envs/tf215_env/lib/python3.11/site-packages/keras/src/engine/functional.py", line 672, in _run_internal_graph

  File "/mnt/beegfs/hellgate/home/rb194958e/.conda/envs/tf215_env/lib/python3.11/site-packages/keras/src/utils/traceback_utils.py", line 65, in error_handler

  File "/mnt/beegfs/hellgate/home/rb194958e/.conda/envs/tf215_env/lib/python3.11/site-packages/keras/src/engine/base_layer.py", line 1149, in __call__

  File "/mnt/beegfs/hellgate/home/rb194958e/.conda/envs/tf215_env/lib/python3.11/site-packages/keras/src/utils/traceback_utils.py", line 96, in error_handler

  File "/mnt/beegfs/hellgate/home/rb194958e/.conda/envs/tf215_env/lib/python3.11/site-packages/keras/src/layers/merging/base_merge.py", line 196, in call

  File "/mnt/beegfs/hellgate/home/rb194958e/.conda/envs/tf215_env/lib/python3.11/site-packages/keras/src/layers/merging/concatenate.py", line 134, in _merge_function

  File "/mnt/beegfs/hellgate/home/rb194958e/.conda/envs/tf215_env/lib/python3.11/site-packages/keras/src/backend.py", line 3580, in concatenate

OOM when allocating tensor with shape[2,64,192,224,176] and type float on /job:localhost/replica:0/task:0/device:GPU:0 by allocator GPU_0_bfc
	 [[{{node model/concatenate_2/concat}}]]
Hint: If you want to see a list of allocated tensors when OOM happens, add report_tensor_allocations_upon_oom to RunOptions for current allocation info. This isn't available when running in Eager mode.
 [Op:__inference_train_function_7309]
2025-06-14 19:17:53.704545: W tensorflow/core/kernels/data/generator_dataset_op.cc:108] Error occurred when finalizing GeneratorDataset iterator: FAILED_PRECONDITION: Python interpreter state is not initialized. The process may be terminated.
	 [[{{node PyFunc}}]]
/var/spool/slurmd/job1123979/slurm_script: line 320: EOF: command not found
/var/spool/slurmd/job1123979/slurm_script: line 330: unexpected EOF while looking for matching ``'
/var/spool/slurmd/job1123979/slurm_script: line 339: syntax error: unexpected end of file
