2025-06-14 15:40:25.905656: I tensorflow/core/util/port.cc:113] oneDNN custom operations are on. You may see slightly different numerical results due to floating-point round-off errors from different computation orders. To turn them off, set the environment variable `TF_ENABLE_ONEDNN_OPTS=0`.
2025-06-14 15:40:26.673243: E external/local_xla/xla/stream_executor/cuda/cuda_dnn.cc:9261] Unable to register cuDNN factory: Attempting to register factory for plugin cuDNN when one has already been registered
2025-06-14 15:40:26.673931: E external/local_xla/xla/stream_executor/cuda/cuda_fft.cc:607] Unable to register cuFFT factory: Attempting to register factory for plugin cuFFT when one has already been registered
2025-06-14 15:40:26.790049: E external/local_xla/xla/stream_executor/cuda/cuda_blas.cc:1515] Unable to register cuBLAS factory: Attempting to register factory for plugin cuBLAS when one has already been registered
2025-06-14 15:40:27.047109: I tensorflow/core/platform/cpu_feature_guard.cc:182] This TensorFlow binary is optimized to use available CPU instructions in performance-critical operations.
To enable the following instructions: AVX2 AVX512F AVX512_VNNI FMA, in other operations, rebuild TensorFlow with the appropriate compiler flags.
2025-06-14 15:40:33.672758: W tensorflow/compiler/tf2tensorrt/utils/py_utils.cc:38] TF-TRT Warning: Could not find TensorRT
INFO:__main__:🚀 Starting Stroke Lesion Segmentation Training
INFO:__main__:Using 1 GPU(s)
INFO:__main__:Creating data generators...
INFO:__main__:Found 655 valid image/mask pairs
INFO:__main__:Found 655 valid image/mask pairs
INFO:__main__:Training batches: 262
INFO:__main__:Validation batches: 65
INFO:__main__:Building model...
2025-06-14 15:40:48.170000: I tensorflow/core/common_runtime/gpu/gpu_device.cc:1929] Created device /job:localhost/replica:0/task:0/device:GPU:0 with 22483 MB memory:  -> device: 0, name: NVIDIA RTX 4500 Ada Generation, pci bus id: 0000:1c:00.0, compute capability: 8.9
INFO:__main__:Model parameters: 5,605,345
INFO:__main__:Starting training...
pixdim[0] (qfac) should be 1 (default) or -1; setting qfac to 1
INFO:nibabel.global:pixdim[0] (qfac) should be 1 (default) or -1; setting qfac to 1
pixdim[0] (qfac) should be 1 (default) or -1; setting qfac to 1
INFO:nibabel.global:pixdim[0] (qfac) should be 1 (default) or -1; setting qfac to 1
pixdim[0] (qfac) should be 1 (default) or -1; setting qfac to 1
INFO:nibabel.global:pixdim[0] (qfac) should be 1 (default) or -1; setting qfac to 1
pixdim[0] (qfac) should be 1 (default) or -1; setting qfac to 1
INFO:nibabel.global:pixdim[0] (qfac) should be 1 (default) or -1; setting qfac to 1
2025-06-14 15:40:55.689264: I external/local_xla/xla/stream_executor/cuda/cuda_dnn.cc:454] Loaded cuDNN version 8907
pixdim[0] (qfac) should be 1 (default) or -1; setting qfac to 1
INFO:nibabel.global:pixdim[0] (qfac) should be 1 (default) or -1; setting qfac to 1
pixdim[0] (qfac) should be 1 (default) or -1; setting qfac to 1
INFO:nibabel.global:pixdim[0] (qfac) should be 1 (default) or -1; setting qfac to 1
pixdim[0] (qfac) should be 1 (default) or -1; setting qfac to 1
INFO:nibabel.global:pixdim[0] (qfac) should be 1 (default) or -1; setting qfac to 1
pixdim[0] (qfac) should be 1 (default) or -1; setting qfac to 1
INFO:nibabel.global:pixdim[0] (qfac) should be 1 (default) or -1; setting qfac to 1
2025-06-14 15:41:12.166678: W external/local_tsl/tsl/framework/bfc_allocator.cc:296] Allocator (GPU_0_bfc) ran out of memory trying to allocate 2.27GiB with freed_by_count=0. The caller indicates that this is not a failure, but this may mean that there could be performance gains if more memory were available.
2025-06-14 15:41:12.268428: W external/local_tsl/tsl/framework/bfc_allocator.cc:296] Allocator (GPU_0_bfc) ran out of memory trying to allocate 2.30GiB with freed_by_count=0. The caller indicates that this is not a failure, but this may mean that there could be performance gains if more memory were available.
2025-06-14 15:41:12.269583: W external/local_tsl/tsl/framework/bfc_allocator.cc:296] Allocator (GPU_0_bfc) ran out of memory trying to allocate 2.27GiB with freed_by_count=0. The caller indicates that this is not a failure, but this may mean that there could be performance gains if more memory were available.
2025-06-14 15:41:12.889866: W external/local_tsl/tsl/framework/bfc_allocator.cc:296] Allocator (GPU_0_bfc) ran out of memory trying to allocate 2.27GiB with freed_by_count=0. The caller indicates that this is not a failure, but this may mean that there could be performance gains if more memory were available.
2025-06-14 15:41:12.943602: W external/local_tsl/tsl/framework/bfc_allocator.cc:296] Allocator (GPU_0_bfc) ran out of memory trying to allocate 2.30GiB with freed_by_count=0. The caller indicates that this is not a failure, but this may mean that there could be performance gains if more memory were available.
2025-06-14 15:41:12.944756: W external/local_tsl/tsl/framework/bfc_allocator.cc:296] Allocator (GPU_0_bfc) ran out of memory trying to allocate 2.27GiB with freed_by_count=0. The caller indicates that this is not a failure, but this may mean that there could be performance gains if more memory were available.
2025-06-14 15:41:23.566732: W external/local_tsl/tsl/framework/bfc_allocator.cc:485] Allocator (GPU_0_bfc) ran out of memory trying to allocate 3.61GiB (rounded to 3875536896)requested by op model/concatenate_2/concat
If the cause is memory fragmentation maybe the environment variable 'TF_GPU_ALLOCATOR=cuda_malloc_async' will improve the situation. 
Current allocation summary follows.
Current allocation summary follows.
2025-06-14 15:41:23.567911: I external/local_tsl/tsl/framework/bfc_allocator.cc:1039] BFCAllocator dump for GPU_0_bfc
2025-06-14 15:41:23.568605: I external/local_tsl/tsl/framework/bfc_allocator.cc:1046] Bin (256): 	Total Chunks: 155, Chunks in use: 155. 38.8KiB allocated for chunks. 38.8KiB in use in bin. 20.7KiB client-requested in use in bin.
2025-06-14 15:41:23.569072: I external/local_tsl/tsl/framework/bfc_allocator.cc:1046] Bin (512): 	Total Chunks: 56, Chunks in use: 55. 28.2KiB allocated for chunks. 27.8KiB in use in bin. 27.5KiB client-requested in use in bin.
2025-06-14 15:41:23.569595: I external/local_tsl/tsl/framework/bfc_allocator.cc:1046] Bin (1024): 	Total Chunks: 27, Chunks in use: 27. 27.2KiB allocated for chunks. 27.2KiB in use in bin. 27.0KiB client-requested in use in bin.
2025-06-14 15:41:23.570110: I external/local_tsl/tsl/framework/bfc_allocator.cc:1046] Bin (2048): 	Total Chunks: 3, Chunks in use: 3. 10.5KiB allocated for chunks. 10.5KiB in use in bin. 10.1KiB client-requested in use in bin.
2025-06-14 15:41:23.570593: I external/local_tsl/tsl/framework/bfc_allocator.cc:1046] Bin (4096): 	Total Chunks: 0, Chunks in use: 0. 0B allocated for chunks. 0B in use in bin. 0B client-requested in use in bin.
2025-06-14 15:41:23.571101: I external/local_tsl/tsl/framework/bfc_allocator.cc:1046] Bin (8192): 	Total Chunks: 0, Chunks in use: 0. 0B allocated for chunks. 0B in use in bin. 0B client-requested in use in bin.
2025-06-14 15:41:23.571574: I external/local_tsl/tsl/framework/bfc_allocator.cc:1046] Bin (16384): 	Total Chunks: 0, Chunks in use: 0. 0B allocated for chunks. 0B in use in bin. 0B client-requested in use in bin.
2025-06-14 15:41:23.572026: I external/local_tsl/tsl/framework/bfc_allocator.cc:1046] Bin (32768): 	Total Chunks: 0, Chunks in use: 0. 0B allocated for chunks. 0B in use in bin. 0B client-requested in use in bin.
2025-06-14 15:41:23.572447: I external/local_tsl/tsl/framework/bfc_allocator.cc:1046] Bin (65536): 	Total Chunks: 7, Chunks in use: 7. 653.0KiB allocated for chunks. 653.0KiB in use in bin. 624.0KiB client-requested in use in bin.
2025-06-14 15:41:23.572908: I external/local_tsl/tsl/framework/bfc_allocator.cc:1046] Bin (131072): 	Total Chunks: 8, Chunks in use: 8. 1.58MiB allocated for chunks. 1.58MiB in use in bin. 1.48MiB client-requested in use in bin.
2025-06-14 15:41:23.573345: I external/local_tsl/tsl/framework/bfc_allocator.cc:1046] Bin (262144): 	Total Chunks: 8, Chunks in use: 8. 2.95MiB allocated for chunks. 2.95MiB in use in bin. 2.86MiB client-requested in use in bin.
2025-06-14 15:41:23.573781: I external/local_tsl/tsl/framework/bfc_allocator.cc:1046] Bin (524288): 	Total Chunks: 7, Chunks in use: 7. 5.89MiB allocated for chunks. 5.89MiB in use in bin. 5.48MiB client-requested in use in bin.
2025-06-14 15:41:23.574223: I external/local_tsl/tsl/framework/bfc_allocator.cc:1046] Bin (1048576): 	Total Chunks: 9, Chunks in use: 9. 14.02MiB allocated for chunks. 14.02MiB in use in bin. 13.12MiB client-requested in use in bin.
2025-06-14 15:41:23.574664: I external/local_tsl/tsl/framework/bfc_allocator.cc:1046] Bin (2097152): 	Total Chunks: 5, Chunks in use: 5. 17.38MiB allocated for chunks. 17.38MiB in use in bin. 16.88MiB client-requested in use in bin.
2025-06-14 15:41:23.575087: I external/local_tsl/tsl/framework/bfc_allocator.cc:1046] Bin (4194304): 	Total Chunks: 3, Chunks in use: 3. 18.12MiB allocated for chunks. 18.12MiB in use in bin. 16.88MiB client-requested in use in bin.
2025-06-14 15:41:23.575428: I external/local_tsl/tsl/framework/bfc_allocator.cc:1046] Bin (8388608): 	Total Chunks: 3, Chunks in use: 3. 40.62MiB allocated for chunks. 40.62MiB in use in bin. 35.62MiB client-requested in use in bin.
2025-06-14 15:41:23.575892: I external/local_tsl/tsl/framework/bfc_allocator.cc:1046] Bin (16777216): 	Total Chunks: 5, Chunks in use: 4. 140.19MiB allocated for chunks. 115.50MiB in use in bin. 115.50MiB client-requested in use in bin.
2025-06-14 15:41:23.576320: I external/local_tsl/tsl/framework/bfc_allocator.cc:1046] Bin (33554432): 	Total Chunks: 2, Chunks in use: 2. 115.50MiB allocated for chunks. 115.50MiB in use in bin. 115.50MiB client-requested in use in bin.
2025-06-14 15:41:23.576755: I external/local_tsl/tsl/framework/bfc_allocator.cc:1046] Bin (67108864): 	Total Chunks: 8, Chunks in use: 8. 874.50MiB allocated for chunks. 874.50MiB in use in bin. 808.50MiB client-requested in use in bin.
2025-06-14 15:41:23.577188: I external/local_tsl/tsl/framework/bfc_allocator.cc:1046] Bin (134217728): 	Total Chunks: 5, Chunks in use: 5. 1.07GiB allocated for chunks. 1.07GiB in use in bin. 924.00MiB client-requested in use in bin.
2025-06-14 15:41:23.577660: I external/local_tsl/tsl/framework/bfc_allocator.cc:1046] Bin (268435456): 	Total Chunks: 18, Chunks in use: 15. 19.69GiB allocated for chunks. 15.34GiB in use in bin. 15.34GiB client-requested in use in bin.
2025-06-14 15:41:23.578090: I external/local_tsl/tsl/framework/bfc_allocator.cc:1062] Bin for 3.61GiB was 256.00MiB, Chunk State: 
2025-06-14 15:41:23.578505: I external/local_tsl/tsl/framework/bfc_allocator.cc:1068]   Size: 453.50MiB | Requested Size: 16.00MiB | in_use: 0 | bin_num: 20, prev:   Size: 462.00MiB | Requested Size: 462.00MiB | in_use: 1 | bin_num: -1
2025-06-14 15:41:23.578937: I external/local_tsl/tsl/framework/bfc_allocator.cc:1068]   Size: 1.80GiB | Requested Size: 1.80GiB | in_use: 0 | bin_num: 20, next:   Size: 1.80GiB | Requested Size: 1.80GiB | in_use: 1 | bin_num: -1
2025-06-14 15:41:23.579317: I external/local_tsl/tsl/framework/bfc_allocator.cc:1068]   Size: 2.10GiB | Requested Size: 1.82GiB | in_use: 0 | bin_num: 20, prev:   Size: 1.80GiB | Requested Size: 1.80GiB | in_use: 1 | bin_num: -1
2025-06-14 15:41:23.579748: I external/local_tsl/tsl/framework/bfc_allocator.cc:1075] Next region of size 6129582080
2025-06-14 15:41:23.580187: I external/local_tsl/tsl/framework/bfc_allocator.cc:1095] Free  at 7f7a42000000 of size 1937768448 next 107
2025-06-14 15:41:23.580636: I external/local_tsl/tsl/framework/bfc_allocator.cc:1095] InUse at 7f7ab5800000 of size 1937768448 next 329
2025-06-14 15:41:23.581126: I external/local_tsl/tsl/framework/bfc_allocator.cc:1095] Free  at 7f7b29000000 of size 2254045184 next 18446744073709551615
2025-06-14 15:41:23.581599: I external/local_tsl/tsl/framework/bfc_allocator.cc:1075] Next region of size 8589934592
2025-06-14 15:41:23.582102: I external/local_tsl/tsl/framework/bfc_allocator.cc:1095] InUse at 7f7bda000000 of size 1937768448 next 282
2025-06-14 15:41:23.582551: I external/local_tsl/tsl/framework/bfc_allocator.cc:1095] InUse at 7f7c4d800000 of size 242221056 next 283
2025-06-14 15:41:23.583032: I external/local_tsl/tsl/framework/bfc_allocator.cc:1095] InUse at 7f7c5bf00000 of size 484442112 next 284
2025-06-14 15:41:23.583494: I external/local_tsl/tsl/framework/bfc_allocator.cc:1095] InUse at 7f7c78d00000 of size 484442112 next 285
2025-06-14 15:41:23.583897: I external/local_tsl/tsl/framework/bfc_allocator.cc:1095] InUse at 7f7c95b00000 of size 484442112 next 29
2025-06-14 15:41:23.584319: I external/local_tsl/tsl/framework/bfc_allocator.cc:1095] InUse at 7f7cb2900000 of size 484442112 next 289
2025-06-14 15:41:23.584786: I external/local_tsl/tsl/framework/bfc_allocator.cc:1095] InUse at 7f7ccf700000 of size 484442112 next 293
2025-06-14 15:41:23.585156: I external/local_tsl/tsl/framework/bfc_allocator.cc:1095] InUse at 7f7cec500000 of size 121110528 next 47
2025-06-14 15:41:23.585627: I external/local_tsl/tsl/framework/bfc_allocator.cc:1095] InUse at 7f7cf3880000 of size 121110528 next 296
2025-06-14 15:41:23.586026: I external/local_tsl/tsl/framework/bfc_allocator.cc:1095] InUse at 7f7cfac00000 of size 121110528 next 300
2025-06-14 15:41:23.586592: I external/local_tsl/tsl/framework/bfc_allocator.cc:1095] InUse at 7f7d01f80000 of size 30277632 next 302
2025-06-14 15:41:23.587032: I external/local_tsl/tsl/framework/bfc_allocator.cc:1095] InUse at 7f7d03c60000 of size 30277632 next 303
2025-06-14 15:41:23.587503: I external/local_tsl/tsl/framework/bfc_allocator.cc:1095] InUse at 7f7d05940000 of size 30277632 next 66
2025-06-14 15:41:23.587968: I external/local_tsl/tsl/framework/bfc_allocator.cc:1095] InUse at 7f7d07620000 of size 30277632 next 307
2025-06-14 15:41:23.588438: I external/local_tsl/tsl/framework/bfc_allocator.cc:1095] InUse at 7f7d09300000 of size 121110528 next 76
2025-06-14 15:41:23.588887: I external/local_tsl/tsl/framework/bfc_allocator.cc:1095] InUse at 7f7d10680000 of size 121110528 next 312
2025-06-14 15:41:23.589329: I external/local_tsl/tsl/framework/bfc_allocator.cc:1095] InUse at 7f7d17a00000 of size 242221056 next 311
2025-06-14 15:41:23.589814: I external/local_tsl/tsl/framework/bfc_allocator.cc:1095] InUse at 7f7d26100000 of size 121110528 next 85
2025-06-14 15:41:23.590296: I external/local_tsl/tsl/framework/bfc_allocator.cc:1095] InUse at 7f7d2d480000 of size 484442112 next 325
2025-06-14 15:41:23.590776: I external/local_tsl/tsl/framework/bfc_allocator.cc:1095] InUse at 7f7d4a280000 of size 484442112 next 320
2025-06-14 15:41:23.591222: I external/local_tsl/tsl/framework/bfc_allocator.cc:1095] InUse at 7f7d67080000 of size 968884224 next 319
2025-06-14 15:41:23.591732: I external/local_tsl/tsl/framework/bfc_allocator.cc:1095] InUse at 7f7da0c80000 of size 484442112 next 91
2025-06-14 15:41:23.592187: I external/local_tsl/tsl/framework/bfc_allocator.cc:1095] Free  at 7f7dbda80000 of size 475529216 next 18446744073709551615
2025-06-14 15:41:23.592642: I external/local_tsl/tsl/framework/bfc_allocator.cc:1075] Next region of size 4294967296
2025-06-14 15:41:23.593100: I external/local_tsl/tsl/framework/bfc_allocator.cc:1095] InUse at 7f7df6000000 of size 1937768448 next 11
2025-06-14 15:41:23.593595: I external/local_tsl/tsl/framework/bfc_allocator.cc:1095] InUse at 7f7e69800000 of size 1937768448 next 277
2025-06-14 15:41:23.594104: I external/local_tsl/tsl/framework/bfc_allocator.cc:1095] InUse at 7f7edd000000 of size 242221056 next 20
2025-06-14 15:41:23.594579: I external/local_tsl/tsl/framework/bfc_allocator.cc:1095] InUse at 7f7eeb700000 of size 60555264 next 38
2025-06-14 15:41:23.595084: I external/local_tsl/tsl/framework/bfc_allocator.cc:1095] InUse at 7f7eef0c0000 of size 116654080 next 18446744073709551615
2025-06-14 15:41:23.595559: I external/local_tsl/tsl/framework/bfc_allocator.cc:1075] Next region of size 2147483648
2025-06-14 15:41:23.596033: I external/local_tsl/tsl/framework/bfc_allocator.cc:1095] InUse at 7f7f22000000 of size 1937768448 next 265
2025-06-14 15:41:23.596500: I external/local_tsl/tsl/framework/bfc_allocator.cc:1095] InUse at 7f7f95800000 of size 209715200 next 18446744073709551615
2025-06-14 15:41:23.596929: I external/local_tsl/tsl/framework/bfc_allocator.cc:1075] Next region of size 2147483648
2025-06-14 15:41:23.597413: I external/local_tsl/tsl/framework/bfc_allocator.cc:1095] InUse at 7f7fa8000000 of size 1937768448 next 267
2025-06-14 15:41:23.597850: I external/local_tsl/tsl/framework/bfc_allocator.cc:1095] InUse at 7f801b800000 of size 209715200 next 18446744073709551615
2025-06-14 15:41:23.598306: I external/local_tsl/tsl/framework/bfc_allocator.cc:1075] Next region of size 134217728
2025-06-14 15:41:23.598838: I external/local_tsl/tsl/framework/bfc_allocator.cc:1095] InUse at 7f80b4000000 of size 60555264 next 264
2025-06-14 15:41:23.599305: I external/local_tsl/tsl/framework/bfc_allocator.cc:1095] InUse at 7f80b79c0000 of size 73662464 next 18446744073709551615
2025-06-14 15:41:23.599784: I external/local_tsl/tsl/framework/bfc_allocator.cc:1075] Next region of size 67108864
2025-06-14 15:41:23.600291: I external/local_tsl/tsl/framework/bfc_allocator.cc:1095] InUse at 7f80bc000000 of size 3538944 next 198
2025-06-14 15:41:23.600751: I external/local_tsl/tsl/framework/bfc_allocator.cc:1095] InUse at 7f80bc360000 of size 1769472 next 205
2025-06-14 15:41:23.601208: I external/local_tsl/tsl/framework/bfc_allocator.cc:1095] InUse at 7f80bc510000 of size 1769472 next 206
2025-06-14 15:41:23.601666: I external/local_tsl/tsl/framework/bfc_allocator.cc:1095] InUse at 7f80bc6c0000 of size 262144 next 213
2025-06-14 15:41:23.602112: I external/local_tsl/tsl/framework/bfc_allocator.cc:1095] InUse at 7f80bc700000 of size 262144 next 214
2025-06-14 15:41:23.602514: I external/local_tsl/tsl/framework/bfc_allocator.cc:1095] InUse at 7f80bc740000 of size 884736 next 217
2025-06-14 15:41:23.602948: I external/local_tsl/tsl/framework/bfc_allocator.cc:1095] InUse at 7f80bc818000 of size 884736 next 218
2025-06-14 15:41:23.603349: I external/local_tsl/tsl/framework/bfc_allocator.cc:1095] InUse at 7f80bc8f0000 of size 442368 next 225
2025-06-14 15:41:23.603755: I external/local_tsl/tsl/framework/bfc_allocator.cc:1095] InUse at 7f80bc95c000 of size 442368 next 226
2025-06-14 15:41:23.604256: I external/local_tsl/tsl/framework/bfc_allocator.cc:1095] InUse at 7f80bc9c8000 of size 256 next 234
2025-06-14 15:41:23.604739: I external/local_tsl/tsl/framework/bfc_allocator.cc:1095] InUse at 7f80bc9c8100 of size 256 next 235
2025-06-14 15:41:23.605211: I external/local_tsl/tsl/framework/bfc_allocator.cc:1095] InUse at 7f80bc9c8200 of size 221184 next 236
2025-06-14 15:41:23.605689: I external/local_tsl/tsl/framework/bfc_allocator.cc:1095] InUse at 7f80bc9fe200 of size 221184 next 237
2025-06-14 15:41:23.606187: I external/local_tsl/tsl/framework/bfc_allocator.cc:1095] InUse at 7f80bca34200 of size 256 next 238
2025-06-14 15:41:23.606670: I external/local_tsl/tsl/framework/bfc_allocator.cc:1095] InUse at 7f80bca34300 of size 256 next 239
2025-06-14 15:41:23.607137: I external/local_tsl/tsl/framework/bfc_allocator.cc:1095] InUse at 7f80bca34400 of size 256 next 240
2025-06-14 15:41:23.607596: I external/local_tsl/tsl/framework/bfc_allocator.cc:1095] InUse at 7f80bca34500 of size 256 next 241
2025-06-14 15:41:23.608111: I external/local_tsl/tsl/framework/bfc_allocator.cc:1095] InUse at 7f80bca34600 of size 256 next 242
2025-06-14 15:41:23.608594: I external/local_tsl/tsl/framework/bfc_allocator.cc:1095] InUse at 7f80bca34700 of size 256 next 243
2025-06-14 15:41:23.609054: I external/local_tsl/tsl/framework/bfc_allocator.cc:1095] InUse at 7f80bca34800 of size 110592 next 244
2025-06-14 15:41:23.609498: I external/local_tsl/tsl/framework/bfc_allocator.cc:1095] InUse at 7f80bca4f800 of size 110592 next 245
2025-06-14 15:41:23.609976: I external/local_tsl/tsl/framework/bfc_allocator.cc:1095] InUse at 7f80bca6a800 of size 256 next 246
2025-06-14 15:41:23.610479: I external/local_tsl/tsl/framework/bfc_allocator.cc:1095] InUse at 7f80bca6a900 of size 256 next 247
2025-06-14 15:41:23.610975: I external/local_tsl/tsl/framework/bfc_allocator.cc:1095] InUse at 7f80bca6aa00 of size 256 next 248
2025-06-14 15:41:23.611442: I external/local_tsl/tsl/framework/bfc_allocator.cc:1095] InUse at 7f80bca6ab00 of size 256 next 249
2025-06-14 15:41:23.611945: I external/local_tsl/tsl/framework/bfc_allocator.cc:1095] InUse at 7f80bca6ac00 of size 256 next 250
2025-06-14 15:41:23.612431: I external/local_tsl/tsl/framework/bfc_allocator.cc:1095] InUse at 7f80bca6ad00 of size 256 next 251
2025-06-14 15:41:23.612917: I external/local_tsl/tsl/framework/bfc_allocator.cc:1095] InUse at 7f80bca6ae00 of size 256 next 252
2025-06-14 15:41:23.613448: I external/local_tsl/tsl/framework/bfc_allocator.cc:1095] InUse at 7f80bca6af00 of size 256 next 253
2025-06-14 15:41:23.613941: I external/local_tsl/tsl/framework/bfc_allocator.cc:1095] InUse at 7f80bca6b000 of size 256 next 254
2025-06-14 15:41:23.614428: I external/local_tsl/tsl/framework/bfc_allocator.cc:1095] InUse at 7f80bca6b100 of size 256 next 255
2025-06-14 15:41:23.614935: I external/local_tsl/tsl/framework/bfc_allocator.cc:1095] InUse at 7f80bca6b200 of size 256 next 256
2025-06-14 15:41:23.615430: I external/local_tsl/tsl/framework/bfc_allocator.cc:1095] InUse at 7f80bca6b300 of size 256 next 257
2025-06-14 15:41:23.615945: I external/local_tsl/tsl/framework/bfc_allocator.cc:1095] InUse at 7f80bca6b400 of size 256 next 258
2025-06-14 15:41:23.616454: I external/local_tsl/tsl/framework/bfc_allocator.cc:1095] InUse at 7f80bca6b500 of size 256 next 259
2025-06-14 15:41:23.616948: I external/local_tsl/tsl/framework/bfc_allocator.cc:1095] InUse at 7f80bca6b600 of size 256 next 260
2025-06-14 15:41:23.617433: I external/local_tsl/tsl/framework/bfc_allocator.cc:1095] InUse at 7f80bca6b700 of size 256 next 261
2025-06-14 15:41:23.617913: I external/local_tsl/tsl/framework/bfc_allocator.cc:1095] InUse at 7f80bca6b800 of size 256 next 262
2025-06-14 15:41:23.618387: I external/local_tsl/tsl/framework/bfc_allocator.cc:1095] InUse at 7f80bca6b900 of size 256 next 263
2025-06-14 15:41:23.618912: I external/local_tsl/tsl/framework/bfc_allocator.cc:1095] InUse at 7f80bca6ba00 of size 256 next 272
2025-06-14 15:41:23.619359: I external/local_tsl/tsl/framework/bfc_allocator.cc:1095] InUse at 7f80bca6bb00 of size 256 next 274
2025-06-14 15:41:23.619925: I external/local_tsl/tsl/framework/bfc_allocator.cc:1095] InUse at 7f80bca6bc00 of size 256 next 275
2025-06-14 15:41:23.620462: I external/local_tsl/tsl/framework/bfc_allocator.cc:1095] InUse at 7f80bca6bd00 of size 256 next 276
2025-06-14 15:41:23.620962: I external/local_tsl/tsl/framework/bfc_allocator.cc:1095] InUse at 7f80bca6be00 of size 256 next 280
2025-06-14 15:41:23.621482: I external/local_tsl/tsl/framework/bfc_allocator.cc:1095] InUse at 7f80bca6bf00 of size 256 next 281
2025-06-14 15:41:23.621973: I external/local_tsl/tsl/framework/bfc_allocator.cc:1095] InUse at 7f80bca6c000 of size 256 next 287
2025-06-14 15:41:23.622450: I external/local_tsl/tsl/framework/bfc_allocator.cc:1095] InUse at 7f80bca6c100 of size 256 next 288
2025-06-14 15:41:23.622903: I external/local_tsl/tsl/framework/bfc_allocator.cc:1095] InUse at 7f80bca6c200 of size 256 next 291
2025-06-14 15:41:23.623421: I external/local_tsl/tsl/framework/bfc_allocator.cc:1095] InUse at 7f80bca6c300 of size 256 next 292
2025-06-14 15:41:23.623920: I external/local_tsl/tsl/framework/bfc_allocator.cc:1095] InUse at 7f80bca6c400 of size 512 next 294
2025-06-14 15:41:23.624499: I external/local_tsl/tsl/framework/bfc_allocator.cc:1095] InUse at 7f80bca6c600 of size 768 next 268
2025-06-14 15:41:23.625077: I external/local_tsl/tsl/framework/bfc_allocator.cc:1095] InUse at 7f80bca6c900 of size 256 next 269
2025-06-14 15:41:23.625572: I external/local_tsl/tsl/framework/bfc_allocator.cc:1095] InUse at 7f80bca6ca00 of size 256 next 270
2025-06-14 15:41:23.626045: I external/local_tsl/tsl/framework/bfc_allocator.cc:1095] InUse at 7f80bca6cb00 of size 512 next 295
2025-06-14 15:41:23.626530: I external/local_tsl/tsl/framework/bfc_allocator.cc:1095] InUse at 7f80bca6cd00 of size 512 next 298
2025-06-14 15:41:23.627010: I external/local_tsl/tsl/framework/bfc_allocator.cc:1095] InUse at 7f80bca6cf00 of size 512 next 299
2025-06-14 15:41:23.627495: I external/local_tsl/tsl/framework/bfc_allocator.cc:1095] InUse at 7f80bca6d100 of size 15138816 next 56
2025-06-14 15:41:23.627919: I external/local_tsl/tsl/framework/bfc_allocator.cc:1095] InUse at 7f80bd8dd100 of size 15138816 next 301
2025-06-14 15:41:23.628345: I external/local_tsl/tsl/framework/bfc_allocator.cc:1095] InUse at 7f80be74d100 of size 1024 next 304
2025-06-14 15:41:23.628845: I external/local_tsl/tsl/framework/bfc_allocator.cc:1095] InUse at 7f80be74d500 of size 1024 next 305
2025-06-14 15:41:23.629364: I external/local_tsl/tsl/framework/bfc_allocator.cc:1095] InUse at 7f80be74d900 of size 1024 next 306
2025-06-14 15:41:23.629884: I external/local_tsl/tsl/framework/bfc_allocator.cc:1095] InUse at 7f80be74dd00 of size 1024 next 309
2025-06-14 15:41:23.630410: I external/local_tsl/tsl/framework/bfc_allocator.cc:1095] InUse at 7f80be74e100 of size 1024 next 310
2025-06-14 15:41:23.630883: I external/local_tsl/tsl/framework/bfc_allocator.cc:1095] InUse at 7f80be74e500 of size 512 next 317
2025-06-14 15:41:23.631374: I external/local_tsl/tsl/framework/bfc_allocator.cc:1095] InUse at 7f80be74e700 of size 512 next 318
2025-06-14 15:41:23.631861: I external/local_tsl/tsl/framework/bfc_allocator.cc:1095] InUse at 7f80be74e900 of size 256 next 326
2025-06-14 15:41:23.632334: I external/local_tsl/tsl/framework/bfc_allocator.cc:1095] InUse at 7f80be74ea00 of size 256 next 327
2025-06-14 15:41:23.632812: I external/local_tsl/tsl/framework/bfc_allocator.cc:1095] Free  at 7f80be74eb00 of size 25892096 next 18446744073709551615
2025-06-14 15:41:23.633227: I external/local_tsl/tsl/framework/bfc_allocator.cc:1075] Next region of size 33554432
2025-06-14 15:41:23.633709: I external/local_tsl/tsl/framework/bfc_allocator.cc:1095] InUse at 7f80d4000000 of size 3538944 next 83
2025-06-14 15:41:23.634111: I external/local_tsl/tsl/framework/bfc_allocator.cc:1095] InUse at 7f80d4360000 of size 221184 next 152
2025-06-14 15:41:23.634465: I external/local_tsl/tsl/framework/bfc_allocator.cc:1095] InUse at 7f80d4396000 of size 221184 next 106
2025-06-14 15:41:23.634916: I external/local_tsl/tsl/framework/bfc_allocator.cc:1095] InUse at 7f80d43cc000 of size 442368 next 100
2025-06-14 15:41:23.635329: I external/local_tsl/tsl/framework/bfc_allocator.cc:1095] InUse at 7f80d4438000 of size 884736 next 90
2025-06-14 15:41:23.635779: I external/local_tsl/tsl/framework/bfc_allocator.cc:1095] InUse at 7f80d4510000 of size 1769472 next 74
2025-06-14 15:41:23.636263: I external/local_tsl/tsl/framework/bfc_allocator.cc:1095] InUse at 7f80d46c0000 of size 7077888 next 72
2025-06-14 15:41:23.636830: I external/local_tsl/tsl/framework/bfc_allocator.cc:1095] InUse at 7f80d4d80000 of size 7077888 next 187
2025-06-14 15:41:23.637272: I external/local_tsl/tsl/framework/bfc_allocator.cc:1095] InUse at 7f80d5440000 of size 12320768 next 18446744073709551615
2025-06-14 15:41:23.637647: I external/local_tsl/tsl/framework/bfc_allocator.cc:1075] Next region of size 16777216
2025-06-14 15:41:23.638118: I external/local_tsl/tsl/framework/bfc_allocator.cc:1095] InUse at 7f80d6000000 of size 1769472 next 173
2025-06-14 15:41:23.638575: I external/local_tsl/tsl/framework/bfc_allocator.cc:1095] InUse at 7f80d61b0000 of size 1769472 next 64
2025-06-14 15:41:23.638987: I external/local_tsl/tsl/framework/bfc_allocator.cc:1095] InUse at 7f80d6360000 of size 3538944 next 62
2025-06-14 15:41:23.639402: I external/local_tsl/tsl/framework/bfc_allocator.cc:1095] InUse at 7f80d66c0000 of size 3538944 next 180
2025-06-14 15:41:23.639820: I external/local_tsl/tsl/framework/bfc_allocator.cc:1095] InUse at 7f80d6a20000 of size 1048576 next 194
2025-06-14 15:41:23.640291: I external/local_tsl/tsl/framework/bfc_allocator.cc:1095] InUse at 7f80d6b20000 of size 1048576 next 195
2025-06-14 15:41:23.640757: I external/local_tsl/tsl/framework/bfc_allocator.cc:1095] InUse at 7f80d6c20000 of size 4063232 next 18446744073709551615
2025-06-14 15:41:23.641220: I external/local_tsl/tsl/framework/bfc_allocator.cc:1075] Next region of size 2097152
2025-06-14 15:41:23.641710: I external/local_tsl/tsl/framework/bfc_allocator.cc:1095] InUse at 7f813ae00000 of size 1280 next 1
2025-06-14 15:41:23.642193: I external/local_tsl/tsl/framework/bfc_allocator.cc:1095] InUse at 7f813ae00500 of size 256 next 2
2025-06-14 15:41:23.642665: I external/local_tsl/tsl/framework/bfc_allocator.cc:1095] InUse at 7f813ae00600 of size 256 next 3
2025-06-14 15:41:23.643141: I external/local_tsl/tsl/framework/bfc_allocator.cc:1095] InUse at 7f813ae00700 of size 256 next 5
2025-06-14 15:41:23.643668: I external/local_tsl/tsl/framework/bfc_allocator.cc:1095] InUse at 7f813ae00800 of size 256 next 6
2025-06-14 15:41:23.644179: I external/local_tsl/tsl/framework/bfc_allocator.cc:1095] InUse at 7f813ae00900 of size 256 next 4
2025-06-14 15:41:23.644652: I external/local_tsl/tsl/framework/bfc_allocator.cc:1095] InUse at 7f813ae00a00 of size 256 next 7
2025-06-14 15:41:23.645141: I external/local_tsl/tsl/framework/bfc_allocator.cc:1095] InUse at 7f813ae00b00 of size 256 next 10
2025-06-14 15:41:23.645663: I external/local_tsl/tsl/framework/bfc_allocator.cc:1095] InUse at 7f813ae00c00 of size 256 next 278
2025-06-14 15:41:23.646175: I external/local_tsl/tsl/framework/bfc_allocator.cc:1095] InUse at 7f813ae00d00 of size 256 next 12
2025-06-14 15:41:23.646655: I external/local_tsl/tsl/framework/bfc_allocator.cc:1095] InUse at 7f813ae00e00 of size 256 next 13
2025-06-14 15:41:23.647136: I external/local_tsl/tsl/framework/bfc_allocator.cc:1095] InUse at 7f813ae00f00 of size 256 next 14
2025-06-14 15:41:23.647615: I external/local_tsl/tsl/framework/bfc_allocator.cc:1095] InUse at 7f813ae01000 of size 256 next 17
2025-06-14 15:41:23.648083: I external/local_tsl/tsl/framework/bfc_allocator.cc:1095] InUse at 7f813ae01100 of size 256 next 15
2025-06-14 15:41:23.648553: I external/local_tsl/tsl/framework/bfc_allocator.cc:1095] InUse at 7f813ae01200 of size 256 next 16
2025-06-14 15:41:23.649088: I external/local_tsl/tsl/framework/bfc_allocator.cc:1095] InUse at 7f813ae01300 of size 256 next 286
2025-06-14 15:41:23.649579: I external/local_tsl/tsl/framework/bfc_allocator.cc:1095] InUse at 7f813ae01400 of size 256 next 21
2025-06-14 15:41:23.650079: I external/local_tsl/tsl/framework/bfc_allocator.cc:1095] InUse at 7f813ae01500 of size 256 next 22
2025-06-14 15:41:23.650587: I external/local_tsl/tsl/framework/bfc_allocator.cc:1095] InUse at 7f813ae01600 of size 256 next 23
2025-06-14 15:41:23.651055: I external/local_tsl/tsl/framework/bfc_allocator.cc:1095] InUse at 7f813ae01700 of size 256 next 24
2025-06-14 15:41:23.651576: I external/local_tsl/tsl/framework/bfc_allocator.cc:1095] InUse at 7f813ae01800 of size 256 next 25
2025-06-14 15:41:23.652081: I external/local_tsl/tsl/framework/bfc_allocator.cc:1095] InUse at 7f813ae01900 of size 256 next 28
2025-06-14 15:41:23.652570: I external/local_tsl/tsl/framework/bfc_allocator.cc:1095] InUse at 7f813ae01a00 of size 256 next 290
2025-06-14 15:41:23.653127: I external/local_tsl/tsl/framework/bfc_allocator.cc:1095] InUse at 7f813ae01b00 of size 256 next 30
2025-06-14 15:41:23.653605: I external/local_tsl/tsl/framework/bfc_allocator.cc:1095] InUse at 7f813ae01c00 of size 256 next 31
2025-06-14 15:41:23.654102: I external/local_tsl/tsl/framework/bfc_allocator.cc:1095] InUse at 7f813ae01d00 of size 256 next 32
2025-06-14 15:41:23.654597: I external/local_tsl/tsl/framework/bfc_allocator.cc:1095] InUse at 7f813ae01e00 of size 256 next 35
2025-06-14 15:41:23.655100: I external/local_tsl/tsl/framework/bfc_allocator.cc:1095] InUse at 7f813ae01f00 of size 256 next 33
2025-06-14 15:41:23.655607: I external/local_tsl/tsl/framework/bfc_allocator.cc:1095] InUse at 7f813ae02000 of size 256 next 34
2025-06-14 15:41:23.656087: I external/local_tsl/tsl/framework/bfc_allocator.cc:1095] InUse at 7f813ae02100 of size 512 next 39
2025-06-14 15:41:23.656565: I external/local_tsl/tsl/framework/bfc_allocator.cc:1095] InUse at 7f813ae02300 of size 256 next 40
2025-06-14 15:41:23.657063: I external/local_tsl/tsl/framework/bfc_allocator.cc:1095] InUse at 7f813ae02400 of size 256 next 41
2025-06-14 15:41:23.657527: I external/local_tsl/tsl/framework/bfc_allocator.cc:1095] InUse at 7f813ae02500 of size 256 next 8
2025-06-14 15:41:23.658003: I external/local_tsl/tsl/framework/bfc_allocator.cc:1095] InUse at 7f813ae02600 of size 3584 next 9
2025-06-14 15:41:23.658468: I external/local_tsl/tsl/framework/bfc_allocator.cc:1095] InUse at 7f813ae03400 of size 512 next 42
2025-06-14 15:41:23.658938: I external/local_tsl/tsl/framework/bfc_allocator.cc:1095] InUse at 7f813ae03600 of size 512 next 45
2025-06-14 15:41:23.659476: I external/local_tsl/tsl/framework/bfc_allocator.cc:1095] InUse at 7f813ae03800 of size 512 next 46
2025-06-14 15:41:23.660025: I external/local_tsl/tsl/framework/bfc_allocator.cc:1095] InUse at 7f813ae03a00 of size 512 next 297
2025-06-14 15:41:23.660537: I external/local_tsl/tsl/framework/bfc_allocator.cc:1095] InUse at 7f813ae03c00 of size 512 next 48
2025-06-14 15:41:23.661040: I external/local_tsl/tsl/framework/bfc_allocator.cc:1095] InUse at 7f813ae03e00 of size 256 next 49
2025-06-14 15:41:23.661514: I external/local_tsl/tsl/framework/bfc_allocator.cc:1095] InUse at 7f813ae03f00 of size 512 next 50
2025-06-14 15:41:23.661997: I external/local_tsl/tsl/framework/bfc_allocator.cc:1095] InUse at 7f813ae04100 of size 512 next 51
2025-06-14 15:41:23.662491: I external/local_tsl/tsl/framework/bfc_allocator.cc:1095] InUse at 7f813ae04300 of size 512 next 55
2025-06-14 15:41:23.662957: I external/local_tsl/tsl/framework/bfc_allocator.cc:1095] InUse at 7f813ae04500 of size 1024 next 57
2025-06-14 15:41:23.663424: I external/local_tsl/tsl/framework/bfc_allocator.cc:1095] InUse at 7f813ae04900 of size 256 next 58
2025-06-14 15:41:23.663906: I external/local_tsl/tsl/framework/bfc_allocator.cc:1095] InUse at 7f813ae04a00 of size 256 next 59
2025-06-14 15:41:23.664378: I external/local_tsl/tsl/framework/bfc_allocator.cc:1095] InUse at 7f813ae04b00 of size 1024 next 60
2025-06-14 15:41:23.664828: I external/local_tsl/tsl/framework/bfc_allocator.cc:1095] InUse at 7f813ae04f00 of size 1024 next 61
2025-06-14 15:41:23.665286: I external/local_tsl/tsl/framework/bfc_allocator.cc:1095] InUse at 7f813ae05300 of size 1024 next 65
2025-06-14 15:41:23.665786: I external/local_tsl/tsl/framework/bfc_allocator.cc:1095] InUse at 7f813ae05700 of size 1024 next 308
2025-06-14 15:41:23.666252: I external/local_tsl/tsl/framework/bfc_allocator.cc:1095] InUse at 7f813ae05b00 of size 1024 next 67
2025-06-14 15:41:23.666758: I external/local_tsl/tsl/framework/bfc_allocator.cc:1095] InUse at 7f813ae05f00 of size 256 next 68
2025-06-14 15:41:23.667272: I external/local_tsl/tsl/framework/bfc_allocator.cc:1095] InUse at 7f813ae06000 of size 256 next 69
2025-06-14 15:41:23.667773: I external/local_tsl/tsl/framework/bfc_allocator.cc:1095] InUse at 7f813ae06100 of size 1024 next 70
2025-06-14 15:41:23.668242: I external/local_tsl/tsl/framework/bfc_allocator.cc:1095] InUse at 7f813ae06500 of size 1024 next 71
2025-06-14 15:41:23.668722: I external/local_tsl/tsl/framework/bfc_allocator.cc:1095] InUse at 7f813ae06900 of size 1024 next 75
2025-06-14 15:41:23.669194: I external/local_tsl/tsl/framework/bfc_allocator.cc:1095] InUse at 7f813ae06d00 of size 512 next 313
2025-06-14 15:41:23.669677: I external/local_tsl/tsl/framework/bfc_allocator.cc:1095] InUse at 7f813ae06f00 of size 512 next 314
2025-06-14 15:41:23.670182: I external/local_tsl/tsl/framework/bfc_allocator.cc:1095] InUse at 7f813ae07100 of size 512 next 315
2025-06-14 15:41:23.670693: I external/local_tsl/tsl/framework/bfc_allocator.cc:1095] InUse at 7f813ae07300 of size 512 next 77
2025-06-14 15:41:23.671203: I external/local_tsl/tsl/framework/bfc_allocator.cc:1095] InUse at 7f813ae07500 of size 256 next 78
2025-06-14 15:41:23.671731: I external/local_tsl/tsl/framework/bfc_allocator.cc:1095] InUse at 7f813ae07600 of size 256 next 79
2025-06-14 15:41:23.672210: I external/local_tsl/tsl/framework/bfc_allocator.cc:1095] InUse at 7f813ae07700 of size 512 next 80
2025-06-14 15:41:23.672691: I external/local_tsl/tsl/framework/bfc_allocator.cc:1095] InUse at 7f813ae07900 of size 512 next 81
2025-06-14 15:41:23.673167: I external/local_tsl/tsl/framework/bfc_allocator.cc:1095] InUse at 7f813ae07b00 of size 512 next 82
2025-06-14 15:41:23.673654: I external/local_tsl/tsl/framework/bfc_allocator.cc:1095] InUse at 7f813ae07d00 of size 512 next 84
2025-06-14 15:41:23.674154: I external/local_tsl/tsl/framework/bfc_allocator.cc:1095] InUse at 7f813ae07f00 of size 512 next 316
2025-06-14 15:41:23.674686: I external/local_tsl/tsl/framework/bfc_allocator.cc:1095] InUse at 7f813ae08100 of size 512 next 86
2025-06-14 15:41:23.675171: I external/local_tsl/tsl/framework/bfc_allocator.cc:1095] InUse at 7f813ae08300 of size 512 next 87
2025-06-14 15:41:23.675674: I external/local_tsl/tsl/framework/bfc_allocator.cc:1095] InUse at 7f813ae08500 of size 512 next 88
2025-06-14 15:41:23.676176: I external/local_tsl/tsl/framework/bfc_allocator.cc:1095] InUse at 7f813ae08700 of size 512 next 89
2025-06-14 15:41:23.676700: I external/local_tsl/tsl/framework/bfc_allocator.cc:1095] InUse at 7f813ae08900 of size 256 next 321
2025-06-14 15:41:23.677212: I external/local_tsl/tsl/framework/bfc_allocator.cc:1095] InUse at 7f813ae08a00 of size 256 next 323
2025-06-14 15:41:23.677720: I external/local_tsl/tsl/framework/bfc_allocator.cc:1095] InUse at 7f813ae08b00 of size 256 next 324
2025-06-14 15:41:23.678213: I external/local_tsl/tsl/framework/bfc_allocator.cc:1095] InUse at 7f813ae08c00 of size 256 next 92
2025-06-14 15:41:23.678701: I external/local_tsl/tsl/framework/bfc_allocator.cc:1095] InUse at 7f813ae08d00 of size 256 next 93
2025-06-14 15:41:23.679194: I external/local_tsl/tsl/framework/bfc_allocator.cc:1095] InUse at 7f813ae08e00 of size 256 next 94
2025-06-14 15:41:23.679681: I external/local_tsl/tsl/framework/bfc_allocator.cc:1095] InUse at 7f813ae08f00 of size 256 next 97
2025-06-14 15:41:23.680199: I external/local_tsl/tsl/framework/bfc_allocator.cc:1095] InUse at 7f813ae09000 of size 256 next 95
2025-06-14 15:41:23.680680: I external/local_tsl/tsl/framework/bfc_allocator.cc:1095] InUse at 7f813ae09100 of size 256 next 96
2025-06-14 15:41:23.681180: I external/local_tsl/tsl/framework/bfc_allocator.cc:1095] InUse at 7f813ae09200 of size 256 next 98
2025-06-14 15:41:23.681682: I external/local_tsl/tsl/framework/bfc_allocator.cc:1095] InUse at 7f813ae09300 of size 256 next 101
2025-06-14 15:41:23.682164: I external/local_tsl/tsl/framework/bfc_allocator.cc:1095] InUse at 7f813ae09400 of size 256 next 102
2025-06-14 15:41:23.682694: I external/local_tsl/tsl/framework/bfc_allocator.cc:1095] InUse at 7f813ae09500 of size 256 next 103
2025-06-14 15:41:23.683189: I external/local_tsl/tsl/framework/bfc_allocator.cc:1095] InUse at 7f813ae09600 of size 256 next 104
2025-06-14 15:41:23.683675: I external/local_tsl/tsl/framework/bfc_allocator.cc:1095] InUse at 7f813ae09700 of size 256 next 105
2025-06-14 15:41:23.684144: I external/local_tsl/tsl/framework/bfc_allocator.cc:1095] Free  at 7f813ae09800 of size 512 next 108
2025-06-14 15:41:23.684653: I external/local_tsl/tsl/framework/bfc_allocator.cc:1095] InUse at 7f813ae09a00 of size 256 next 109
2025-06-14 15:41:23.685132: I external/local_tsl/tsl/framework/bfc_allocator.cc:1095] InUse at 7f813ae09b00 of size 256 next 110
2025-06-14 15:41:23.685685: I external/local_tsl/tsl/framework/bfc_allocator.cc:1095] InUse at 7f813ae09c00 of size 256 next 146
2025-06-14 15:41:23.686207: I external/local_tsl/tsl/framework/bfc_allocator.cc:1095] InUse at 7f813ae09d00 of size 256 next 147
2025-06-14 15:41:23.686694: I external/local_tsl/tsl/framework/bfc_allocator.cc:1095] InUse at 7f813ae09e00 of size 256 next 148
2025-06-14 15:41:23.687302: I external/local_tsl/tsl/framework/bfc_allocator.cc:1095] InUse at 7f813ae09f00 of size 256 next 149
2025-06-14 15:41:23.687753: I external/local_tsl/tsl/framework/bfc_allocator.cc:1095] InUse at 7f813ae0a000 of size 256 next 150
2025-06-14 15:41:23.688234: I external/local_tsl/tsl/framework/bfc_allocator.cc:1095] InUse at 7f813ae0a100 of size 256 next 151
2025-06-14 15:41:23.688674: I external/local_tsl/tsl/framework/bfc_allocator.cc:1095] InUse at 7f813ae0a200 of size 256 next 153
2025-06-14 15:41:23.689103: I external/local_tsl/tsl/framework/bfc_allocator.cc:1095] InUse at 7f813ae0a300 of size 256 next 154
2025-06-14 15:41:23.689547: I external/local_tsl/tsl/framework/bfc_allocator.cc:1095] InUse at 7f813ae0a400 of size 256 next 155
2025-06-14 15:41:23.689987: I external/local_tsl/tsl/framework/bfc_allocator.cc:1095] InUse at 7f813ae0a500 of size 256 next 156
2025-06-14 15:41:23.690488: I external/local_tsl/tsl/framework/bfc_allocator.cc:1095] InUse at 7f813ae0a600 of size 256 next 157
2025-06-14 15:41:23.691022: I external/local_tsl/tsl/framework/bfc_allocator.cc:1095] InUse at 7f813ae0a700 of size 256 next 158
2025-06-14 15:41:23.691582: I external/local_tsl/tsl/framework/bfc_allocator.cc:1095] InUse at 7f813ae0a800 of size 256 next 160
2025-06-14 15:41:23.692079: I external/local_tsl/tsl/framework/bfc_allocator.cc:1095] InUse at 7f813ae0a900 of size 256 next 161
2025-06-14 15:41:23.692512: I external/local_tsl/tsl/framework/bfc_allocator.cc:1095] InUse at 7f813ae0aa00 of size 256 next 162
2025-06-14 15:41:23.692960: I external/local_tsl/tsl/framework/bfc_allocator.cc:1095] InUse at 7f813ae0ab00 of size 256 next 163
2025-06-14 15:41:23.693390: I external/local_tsl/tsl/framework/bfc_allocator.cc:1095] InUse at 7f813ae0ac00 of size 256 next 164
2025-06-14 15:41:23.693829: I external/local_tsl/tsl/framework/bfc_allocator.cc:1095] InUse at 7f813ae0ad00 of size 256 next 165
2025-06-14 15:41:23.694263: I external/local_tsl/tsl/framework/bfc_allocator.cc:1095] InUse at 7f813ae0ae00 of size 512 next 167
2025-06-14 15:41:23.694698: I external/local_tsl/tsl/framework/bfc_allocator.cc:1095] InUse at 7f813ae0b000 of size 512 next 168
2025-06-14 15:41:23.695135: I external/local_tsl/tsl/framework/bfc_allocator.cc:1095] InUse at 7f813ae0b200 of size 512 next 169
2025-06-14 15:41:23.695576: I external/local_tsl/tsl/framework/bfc_allocator.cc:1095] InUse at 7f813ae0b400 of size 512 next 170
2025-06-14 15:41:23.696031: I external/local_tsl/tsl/framework/bfc_allocator.cc:1095] InUse at 7f813ae0b600 of size 512 next 171
2025-06-14 15:41:23.696496: I external/local_tsl/tsl/framework/bfc_allocator.cc:1095] InUse at 7f813ae0b800 of size 512 next 172
2025-06-14 15:41:23.696936: I external/local_tsl/tsl/framework/bfc_allocator.cc:1095] InUse at 7f813ae0ba00 of size 512 next 174
2025-06-14 15:41:23.697408: I external/local_tsl/tsl/framework/bfc_allocator.cc:1095] InUse at 7f813ae0bc00 of size 512 next 175
2025-06-14 15:41:23.697886: I external/local_tsl/tsl/framework/bfc_allocator.cc:1095] InUse at 7f813ae0be00 of size 512 next 176
2025-06-14 15:41:23.698340: I external/local_tsl/tsl/framework/bfc_allocator.cc:1095] InUse at 7f813ae0c000 of size 512 next 177
2025-06-14 15:41:23.698770: I external/local_tsl/tsl/framework/bfc_allocator.cc:1095] InUse at 7f813ae0c200 of size 512 next 178
2025-06-14 15:41:23.699196: I external/local_tsl/tsl/framework/bfc_allocator.cc:1095] InUse at 7f813ae0c400 of size 512 next 179
2025-06-14 15:41:23.699667: I external/local_tsl/tsl/framework/bfc_allocator.cc:1095] InUse at 7f813ae0c600 of size 1024 next 181
2025-06-14 15:41:23.700127: I external/local_tsl/tsl/framework/bfc_allocator.cc:1095] InUse at 7f813ae0ca00 of size 1024 next 182
2025-06-14 15:41:23.700556: I external/local_tsl/tsl/framework/bfc_allocator.cc:1095] InUse at 7f813ae0ce00 of size 1024 next 183
2025-06-14 15:41:23.700996: I external/local_tsl/tsl/framework/bfc_allocator.cc:1095] InUse at 7f813ae0d200 of size 1024 next 184
2025-06-14 15:41:23.701452: I external/local_tsl/tsl/framework/bfc_allocator.cc:1095] InUse at 7f813ae0d600 of size 1024 next 185
2025-06-14 15:41:23.701883: I external/local_tsl/tsl/framework/bfc_allocator.cc:1095] InUse at 7f813ae0da00 of size 1024 next 186
2025-06-14 15:41:23.702325: I external/local_tsl/tsl/framework/bfc_allocator.cc:1095] InUse at 7f813ae0de00 of size 1024 next 188
2025-06-14 15:41:23.702768: I external/local_tsl/tsl/framework/bfc_allocator.cc:1095] InUse at 7f813ae0e200 of size 1024 next 189
2025-06-14 15:41:23.703270: I external/local_tsl/tsl/framework/bfc_allocator.cc:1095] InUse at 7f813ae0e600 of size 1024 next 190
2025-06-14 15:41:23.703709: I external/local_tsl/tsl/framework/bfc_allocator.cc:1095] InUse at 7f813ae0ea00 of size 1024 next 191
2025-06-14 15:41:23.704169: I external/local_tsl/tsl/framework/bfc_allocator.cc:1095] InUse at 7f813ae0ee00 of size 1024 next 192
2025-06-14 15:41:23.704784: I external/local_tsl/tsl/framework/bfc_allocator.cc:1095] InUse at 7f813ae0f200 of size 1024 next 193
2025-06-14 15:41:23.705255: I external/local_tsl/tsl/framework/bfc_allocator.cc:1095] InUse at 7f813ae0f600 of size 512 next 196
2025-06-14 15:41:23.705694: I external/local_tsl/tsl/framework/bfc_allocator.cc:1095] InUse at 7f813ae0f800 of size 512 next 197
2025-06-14 15:41:23.706138: I external/local_tsl/tsl/framework/bfc_allocator.cc:1095] InUse at 7f813ae0fa00 of size 512 next 199
2025-06-14 15:41:23.706604: I external/local_tsl/tsl/framework/bfc_allocator.cc:1095] InUse at 7f813ae0fc00 of size 512 next 200
2025-06-14 15:41:23.707050: I external/local_tsl/tsl/framework/bfc_allocator.cc:1095] InUse at 7f813ae0fe00 of size 512 next 201
2025-06-14 15:41:23.707502: I external/local_tsl/tsl/framework/bfc_allocator.cc:1095] InUse at 7f813ae10000 of size 512 next 202
2025-06-14 15:41:23.707953: I external/local_tsl/tsl/framework/bfc_allocator.cc:1095] InUse at 7f813ae10200 of size 512 next 203
2025-06-14 15:41:23.708387: I external/local_tsl/tsl/framework/bfc_allocator.cc:1095] InUse at 7f813ae10400 of size 512 next 204
2025-06-14 15:41:23.708795: I external/local_tsl/tsl/framework/bfc_allocator.cc:1095] InUse at 7f813ae10600 of size 512 next 207
2025-06-14 15:41:23.709210: I external/local_tsl/tsl/framework/bfc_allocator.cc:1095] InUse at 7f813ae10800 of size 512 next 208
2025-06-14 15:41:23.709718: I external/local_tsl/tsl/framework/bfc_allocator.cc:1095] InUse at 7f813ae10a00 of size 512 next 209
2025-06-14 15:41:23.710240: I external/local_tsl/tsl/framework/bfc_allocator.cc:1095] InUse at 7f813ae10c00 of size 512 next 210
2025-06-14 15:41:23.710782: I external/local_tsl/tsl/framework/bfc_allocator.cc:1095] InUse at 7f813ae10e00 of size 512 next 211
2025-06-14 15:41:23.711253: I external/local_tsl/tsl/framework/bfc_allocator.cc:1095] InUse at 7f813ae11000 of size 512 next 212
2025-06-14 15:41:23.711698: I external/local_tsl/tsl/framework/bfc_allocator.cc:1095] InUse at 7f813ae11200 of size 256 next 215
2025-06-14 15:41:23.712149: I external/local_tsl/tsl/framework/bfc_allocator.cc:1095] InUse at 7f813ae11300 of size 256 next 216
2025-06-14 15:41:23.712593: I external/local_tsl/tsl/framework/bfc_allocator.cc:1095] InUse at 7f813ae11400 of size 256 next 219
2025-06-14 15:41:23.712994: I external/local_tsl/tsl/framework/bfc_allocator.cc:1095] InUse at 7f813ae11500 of size 256 next 220
2025-06-14 15:41:23.713413: I external/local_tsl/tsl/framework/bfc_allocator.cc:1095] InUse at 7f813ae11600 of size 256 next 221
2025-06-14 15:41:23.713859: I external/local_tsl/tsl/framework/bfc_allocator.cc:1095] InUse at 7f813ae11700 of size 256 next 222
2025-06-14 15:41:23.714282: I external/local_tsl/tsl/framework/bfc_allocator.cc:1095] InUse at 7f813ae11800 of size 256 next 223
2025-06-14 15:41:23.714750: I external/local_tsl/tsl/framework/bfc_allocator.cc:1095] InUse at 7f813ae11900 of size 256 next 224
2025-06-14 15:41:23.715188: I external/local_tsl/tsl/framework/bfc_allocator.cc:1095] InUse at 7f813ae11a00 of size 256 next 227
2025-06-14 15:41:23.715649: I external/local_tsl/tsl/framework/bfc_allocator.cc:1095] InUse at 7f813ae11b00 of size 256 next 228
2025-06-14 15:41:23.716073: I external/local_tsl/tsl/framework/bfc_allocator.cc:1095] InUse at 7f813ae11c00 of size 256 next 229
2025-06-14 15:41:23.716491: I external/local_tsl/tsl/framework/bfc_allocator.cc:1095] InUse at 7f813ae11d00 of size 256 next 230
2025-06-14 15:41:23.716948: I external/local_tsl/tsl/framework/bfc_allocator.cc:1095] InUse at 7f813ae11e00 of size 256 next 231
2025-06-14 15:41:23.717400: I external/local_tsl/tsl/framework/bfc_allocator.cc:1095] InUse at 7f813ae11f00 of size 256 next 232
2025-06-14 15:41:23.717832: I external/local_tsl/tsl/framework/bfc_allocator.cc:1095] InUse at 7f813ae12000 of size 65536 next 233
2025-06-14 15:41:23.718225: I external/local_tsl/tsl/framework/bfc_allocator.cc:1095] InUse at 7f813ae22000 of size 95232 next 19
2025-06-14 15:41:23.718681: I external/local_tsl/tsl/framework/bfc_allocator.cc:1095] InUse at 7f813ae39400 of size 110592 next 18
2025-06-14 15:41:23.719076: I external/local_tsl/tsl/framework/bfc_allocator.cc:1095] InUse at 7f813ae54400 of size 65536 next 115
2025-06-14 15:41:23.719515: I external/local_tsl/tsl/framework/bfc_allocator.cc:1095] InUse at 7f813ae64400 of size 256 next 112
2025-06-14 15:41:23.720022: I external/local_tsl/tsl/framework/bfc_allocator.cc:1095] InUse at 7f813ae64500 of size 256 next 114
2025-06-14 15:41:23.720572: I external/local_tsl/tsl/framework/bfc_allocator.cc:1095] InUse at 7f813ae64600 of size 256 next 113
2025-06-14 15:41:23.721034: I external/local_tsl/tsl/framework/bfc_allocator.cc:1095] InUse at 7f813ae64700 of size 256 next 111
2025-06-14 15:41:23.721480: I external/local_tsl/tsl/framework/bfc_allocator.cc:1095] InUse at 7f813ae64800 of size 256 next 117
2025-06-14 15:41:23.721933: I external/local_tsl/tsl/framework/bfc_allocator.cc:1095] InUse at 7f813ae64900 of size 256 next 118
2025-06-14 15:41:23.722386: I external/local_tsl/tsl/framework/bfc_allocator.cc:1095] InUse at 7f813ae64a00 of size 256 next 120
2025-06-14 15:41:23.722809: I external/local_tsl/tsl/framework/bfc_allocator.cc:1095] InUse at 7f813ae64b00 of size 256 next 119
2025-06-14 15:41:23.723243: I external/local_tsl/tsl/framework/bfc_allocator.cc:1095] InUse at 7f813ae64c00 of size 256 next 121
2025-06-14 15:41:23.723682: I external/local_tsl/tsl/framework/bfc_allocator.cc:1095] InUse at 7f813ae64d00 of size 256 next 123
2025-06-14 15:41:23.724116: I external/local_tsl/tsl/framework/bfc_allocator.cc:1095] InUse at 7f813ae64e00 of size 256 next 124
2025-06-14 15:41:23.724549: I external/local_tsl/tsl/framework/bfc_allocator.cc:1095] InUse at 7f813ae64f00 of size 256 next 125
2025-06-14 15:41:23.725019: I external/local_tsl/tsl/framework/bfc_allocator.cc:1095] InUse at 7f813ae65000 of size 256 next 126
2025-06-14 15:41:23.725500: I external/local_tsl/tsl/framework/bfc_allocator.cc:1095] InUse at 7f813ae65100 of size 256 next 128
2025-06-14 15:41:23.725937: I external/local_tsl/tsl/framework/bfc_allocator.cc:1095] InUse at 7f813ae65200 of size 256 next 127
2025-06-14 15:41:23.726397: I external/local_tsl/tsl/framework/bfc_allocator.cc:1095] InUse at 7f813ae65300 of size 256 next 129
2025-06-14 15:41:23.726871: I external/local_tsl/tsl/framework/bfc_allocator.cc:1095] InUse at 7f813ae65400 of size 256 next 130
2025-06-14 15:41:23.727318: I external/local_tsl/tsl/framework/bfc_allocator.cc:1095] InUse at 7f813ae65500 of size 256 next 131
2025-06-14 15:41:23.727772: I external/local_tsl/tsl/framework/bfc_allocator.cc:1095] InUse at 7f813ae65600 of size 256 next 132
2025-06-14 15:41:23.728195: I external/local_tsl/tsl/framework/bfc_allocator.cc:1095] InUse at 7f813ae65700 of size 256 next 133
2025-06-14 15:41:23.728668: I external/local_tsl/tsl/framework/bfc_allocator.cc:1095] InUse at 7f813ae65800 of size 256 next 137
2025-06-14 15:41:23.729127: I external/local_tsl/tsl/framework/bfc_allocator.cc:1095] InUse at 7f813ae65900 of size 256 next 136
2025-06-14 15:41:23.729566: I external/local_tsl/tsl/framework/bfc_allocator.cc:1095] InUse at 7f813ae65a00 of size 3584 next 138
2025-06-14 15:41:23.729986: I external/local_tsl/tsl/framework/bfc_allocator.cc:1095] InUse at 7f813ae66800 of size 3584 next 139
2025-06-14 15:41:23.730468: I external/local_tsl/tsl/framework/bfc_allocator.cc:1095] InUse at 7f813ae67600 of size 256 next 140
2025-06-14 15:41:23.730916: I external/local_tsl/tsl/framework/bfc_allocator.cc:1095] InUse at 7f813ae67700 of size 256 next 141
2025-06-14 15:41:23.731347: I external/local_tsl/tsl/framework/bfc_allocator.cc:1095] InUse at 7f813ae67800 of size 256 next 142
2025-06-14 15:41:23.731763: I external/local_tsl/tsl/framework/bfc_allocator.cc:1095] InUse at 7f813ae67900 of size 256 next 143
2025-06-14 15:41:23.732188: I external/local_tsl/tsl/framework/bfc_allocator.cc:1095] InUse at 7f813ae67a00 of size 256 next 144
2025-06-14 15:41:23.732615: I external/local_tsl/tsl/framework/bfc_allocator.cc:1095] InUse at 7f813ae67b00 of size 256 next 145
2025-06-14 15:41:23.733047: I external/local_tsl/tsl/framework/bfc_allocator.cc:1095] InUse at 7f813ae67c00 of size 141312 next 27
2025-06-14 15:41:23.733441: I external/local_tsl/tsl/framework/bfc_allocator.cc:1095] InUse at 7f813ae8a400 of size 221184 next 26
2025-06-14 15:41:23.733804: I external/local_tsl/tsl/framework/bfc_allocator.cc:1095] InUse at 7f813aec0400 of size 442368 next 159
2025-06-14 15:41:23.734150: I external/local_tsl/tsl/framework/bfc_allocator.cc:1095] InUse at 7f813af2c400 of size 867328 next 18446744073709551615
2025-06-14 15:41:23.734545: I external/local_tsl/tsl/framework/bfc_allocator.cc:1075] Next region of size 4194304
2025-06-14 15:41:23.734973: I external/local_tsl/tsl/framework/bfc_allocator.cc:1095] InUse at 7f813b400000 of size 442368 next 37
2025-06-14 15:41:23.735313: I external/local_tsl/tsl/framework/bfc_allocator.cc:1095] InUse at 7f813b46c000 of size 221184 next 116
2025-06-14 15:41:23.735673: I external/local_tsl/tsl/framework/bfc_allocator.cc:1095] InUse at 7f813b4a2000 of size 110592 next 122
2025-06-14 15:41:23.736021: I external/local_tsl/tsl/framework/bfc_allocator.cc:1095] InUse at 7f813b4bd000 of size 192512 next 99
2025-06-14 15:41:23.736368: I external/local_tsl/tsl/framework/bfc_allocator.cc:1095] InUse at 7f813b4ec000 of size 360448 next 44
2025-06-14 15:41:23.736819: I external/local_tsl/tsl/framework/bfc_allocator.cc:1095] InUse at 7f813b544000 of size 884736 next 43
2025-06-14 15:41:23.737249: I external/local_tsl/tsl/framework/bfc_allocator.cc:1095] InUse at 7f813b61c000 of size 1982464 next 18446744073709551615
2025-06-14 15:41:23.737604: I external/local_tsl/tsl/framework/bfc_allocator.cc:1075] Next region of size 8388608
2025-06-14 15:41:23.738038: I external/local_tsl/tsl/framework/bfc_allocator.cc:1095] InUse at 7f813b800000 of size 884736 next 166
2025-06-14 15:41:23.738436: I external/local_tsl/tsl/framework/bfc_allocator.cc:1095] InUse at 7f813b8d8000 of size 884736 next 54
2025-06-14 15:41:23.738794: I external/local_tsl/tsl/framework/bfc_allocator.cc:1095] InUse at 7f813b9b0000 of size 1769472 next 52
2025-06-14 15:41:23.739151: I external/local_tsl/tsl/framework/bfc_allocator.cc:1095] InUse at 7f813bb60000 of size 4849664 next 18446744073709551615
2025-06-14 15:41:23.739513: I external/local_tsl/tsl/framework/bfc_allocator.cc:1100]      Summary of in-use Chunks by size: 
2025-06-14 15:41:23.739914: I external/local_tsl/tsl/framework/bfc_allocator.cc:1103] 155 Chunks of size 256 totalling 38.8KiB
2025-06-14 15:41:23.740330: I external/local_tsl/tsl/framework/bfc_allocator.cc:1103] 54 Chunks of size 512 totalling 27.0KiB
2025-06-14 15:41:23.740783: I external/local_tsl/tsl/framework/bfc_allocator.cc:1103] 1 Chunks of size 768 totalling 768B
2025-06-14 15:41:23.741199: I external/local_tsl/tsl/framework/bfc_allocator.cc:1103] 26 Chunks of size 1024 totalling 26.0KiB
2025-06-14 15:41:23.741681: I external/local_tsl/tsl/framework/bfc_allocator.cc:1103] 1 Chunks of size 1280 totalling 1.2KiB
2025-06-14 15:41:23.742125: I external/local_tsl/tsl/framework/bfc_allocator.cc:1103] 3 Chunks of size 3584 totalling 10.5KiB
2025-06-14 15:41:23.742587: I external/local_tsl/tsl/framework/bfc_allocator.cc:1103] 2 Chunks of size 65536 totalling 128.0KiB
2025-06-14 15:41:23.743021: I external/local_tsl/tsl/framework/bfc_allocator.cc:1103] 1 Chunks of size 95232 totalling 93.0KiB
2025-06-14 15:41:23.743442: I external/local_tsl/tsl/framework/bfc_allocator.cc:1103] 4 Chunks of size 110592 totalling 432.0KiB
2025-06-14 15:41:23.743863: I external/local_tsl/tsl/framework/bfc_allocator.cc:1103] 1 Chunks of size 141312 totalling 138.0KiB
2025-06-14 15:41:23.744274: I external/local_tsl/tsl/framework/bfc_allocator.cc:1103] 1 Chunks of size 192512 totalling 188.0KiB
2025-06-14 15:41:23.744663: I external/local_tsl/tsl/framework/bfc_allocator.cc:1103] 6 Chunks of size 221184 totalling 1.27MiB
2025-06-14 15:41:23.745078: I external/local_tsl/tsl/framework/bfc_allocator.cc:1103] 2 Chunks of size 262144 totalling 512.0KiB
2025-06-14 15:41:23.745484: I external/local_tsl/tsl/framework/bfc_allocator.cc:1103] 1 Chunks of size 360448 totalling 352.0KiB
2025-06-14 15:41:23.745942: I external/local_tsl/tsl/framework/bfc_allocator.cc:1103] 5 Chunks of size 442368 totalling 2.11MiB
2025-06-14 15:41:23.746384: I external/local_tsl/tsl/framework/bfc_allocator.cc:1103] 1 Chunks of size 867328 totalling 847.0KiB
2025-06-14 15:41:23.746851: I external/local_tsl/tsl/framework/bfc_allocator.cc:1103] 6 Chunks of size 884736 totalling 5.06MiB
2025-06-14 15:41:23.747275: I external/local_tsl/tsl/framework/bfc_allocator.cc:1103] 2 Chunks of size 1048576 totalling 2.00MiB
2025-06-14 15:41:23.747687: I external/local_tsl/tsl/framework/bfc_allocator.cc:1103] 6 Chunks of size 1769472 totalling 10.12MiB
2025-06-14 15:41:23.748080: I external/local_tsl/tsl/framework/bfc_allocator.cc:1103] 1 Chunks of size 1982464 totalling 1.89MiB
2025-06-14 15:41:23.748514: I external/local_tsl/tsl/framework/bfc_allocator.cc:1103] 4 Chunks of size 3538944 totalling 13.50MiB
2025-06-14 15:41:23.748915: I external/local_tsl/tsl/framework/bfc_allocator.cc:1103] 1 Chunks of size 4063232 totalling 3.88MiB
2025-06-14 15:41:23.749318: I external/local_tsl/tsl/framework/bfc_allocator.cc:1103] 1 Chunks of size 4849664 totalling 4.62MiB
2025-06-14 15:41:23.749724: I external/local_tsl/tsl/framework/bfc_allocator.cc:1103] 2 Chunks of size 7077888 totalling 13.50MiB
2025-06-14 15:41:23.750138: I external/local_tsl/tsl/framework/bfc_allocator.cc:1103] 1 Chunks of size 12320768 totalling 11.75MiB
2025-06-14 15:41:23.750451: I external/local_tsl/tsl/framework/bfc_allocator.cc:1103] 2 Chunks of size 15138816 totalling 28.88MiB
2025-06-14 15:41:23.750758: I external/local_tsl/tsl/framework/bfc_allocator.cc:1103] 4 Chunks of size 30277632 totalling 115.50MiB
2025-06-14 15:41:23.751116: I external/local_tsl/tsl/framework/bfc_allocator.cc:1103] 2 Chunks of size 60555264 totalling 115.50MiB
2025-06-14 15:41:23.751462: I external/local_tsl/tsl/framework/bfc_allocator.cc:1103] 1 Chunks of size 73662464 totalling 70.25MiB
2025-06-14 15:41:23.751800: I external/local_tsl/tsl/framework/bfc_allocator.cc:1103] 1 Chunks of size 116654080 totalling 111.25MiB
2025-06-14 15:41:23.752137: I external/local_tsl/tsl/framework/bfc_allocator.cc:1103] 6 Chunks of size 121110528 totalling 693.00MiB
2025-06-14 15:41:23.752553: I external/local_tsl/tsl/framework/bfc_allocator.cc:1103] 2 Chunks of size 209715200 totalling 400.00MiB
2025-06-14 15:41:23.752996: I external/local_tsl/tsl/framework/bfc_allocator.cc:1103] 3 Chunks of size 242221056 totalling 693.00MiB
2025-06-14 15:41:23.753525: I external/local_tsl/tsl/framework/bfc_allocator.cc:1103] 8 Chunks of size 484442112 totalling 3.61GiB
2025-06-14 15:41:23.754059: I external/local_tsl/tsl/framework/bfc_allocator.cc:1103] 1 Chunks of size 968884224 totalling 924.00MiB
2025-06-14 15:41:23.754551: I external/local_tsl/tsl/framework/bfc_allocator.cc:1103] 6 Chunks of size 1937768448 totalling 10.83GiB
2025-06-14 15:41:23.754960: I external/local_tsl/tsl/framework/bfc_allocator.cc:1107] Sum Total of in-use chunks: 17.58GiB
2025-06-14 15:41:23.755368: I external/local_tsl/tsl/framework/bfc_allocator.cc:1109] Total bytes in pool: 23575789568 memory_limit_: 23575789568 available bytes: 0 curr_region_allocation_bytes_: 34359738368
2025-06-14 15:41:23.755691: I external/local_tsl/tsl/framework/bfc_allocator.cc:1114] Stats: 
Limit:                     23575789568
InUse:                     18882554112
MaxInUse:                  22800760320
NumAllocs:                         912
MaxAllocSize:               4135495424
Reserved:                            0
PeakReserved:                        0
LargestFreeBlock:                    0

2025-06-14 15:41:23.756047: W external/local_tsl/tsl/framework/bfc_allocator.cc:497] ________*********________************************************_**************************************
2025-06-14 15:41:23.756399: W tensorflow/core/framework/op_kernel.cc:1839] OP_REQUIRES failed at concat_op.cc:165 : RESOURCE_EXHAUSTED: OOM when allocating tensor with shape[2,64,192,224,176] and type float on /job:localhost/replica:0/task:0/device:GPU:0 by allocator GPU_0_bfc
Traceback (most recent call last):
  File "/mnt/beegfs/hellgate/home/rb194958e/stroke_segmentation_sota/batch_wise_train.py", line 277, in <module>
    if main():
       ^^^^^^
  File "/mnt/beegfs/hellgate/home/rb194958e/stroke_segmentation_sota/batch_wise_train.py", line 256, in main
    history = model.fit(
              ^^^^^^^^^^
  File "/mnt/beegfs/hellgate/home/rb194958e/.conda/envs/tf215_env/lib/python3.11/site-packages/keras/src/utils/traceback_utils.py", line 70, in error_handler
    raise e.with_traceback(filtered_tb) from None
  File "/mnt/beegfs/hellgate/home/rb194958e/.conda/envs/tf215_env/lib/python3.11/site-packages/tensorflow/python/eager/execute.py", line 53, in quick_execute
    tensors = pywrap_tfe.TFE_Py_Execute(ctx._handle, device_name, op_name,
  ^^^^^^^^^^^^^^^^^^^^^^^^^^^^^^^^^^^^^^^^^^^^^^^^^^^^^^^^^^^^^^^^^^^^^^^^
tensorflow.python.framework.errors_impl.ResourceExhaustedError: Graph execution error:

Detected at node model/concatenate_2/concat defined at (most recent call last):
  File "/mnt/beegfs/hellgate/home/rb194958e/stroke_segmentation_sota/batch_wise_train.py", line 277, in <module>

  File "/mnt/beegfs/hellgate/home/rb194958e/stroke_segmentation_sota/batch_wise_train.py", line 256, in main

  File "/mnt/beegfs/hellgate/home/rb194958e/.conda/envs/tf215_env/lib/python3.11/site-packages/keras/src/utils/traceback_utils.py", line 65, in error_handler

  File "/mnt/beegfs/hellgate/home/rb194958e/.conda/envs/tf215_env/lib/python3.11/site-packages/keras/src/engine/training.py", line 1807, in fit

  File "/mnt/beegfs/hellgate/home/rb194958e/.conda/envs/tf215_env/lib/python3.11/site-packages/keras/src/engine/training.py", line 1401, in train_function

  File "/mnt/beegfs/hellgate/home/rb194958e/.conda/envs/tf215_env/lib/python3.11/site-packages/keras/src/engine/training.py", line 1384, in step_function

  File "/mnt/beegfs/hellgate/home/rb194958e/.conda/envs/tf215_env/lib/python3.11/site-packages/keras/src/engine/training.py", line 1373, in run_step

  File "/mnt/beegfs/hellgate/home/rb194958e/.conda/envs/tf215_env/lib/python3.11/site-packages/keras/src/engine/training.py", line 1150, in train_step

  File "/mnt/beegfs/hellgate/home/rb194958e/.conda/envs/tf215_env/lib/python3.11/site-packages/keras/src/utils/traceback_utils.py", line 65, in error_handler

  File "/mnt/beegfs/hellgate/home/rb194958e/.conda/envs/tf215_env/lib/python3.11/site-packages/keras/src/engine/training.py", line 590, in __call__

  File "/mnt/beegfs/hellgate/home/rb194958e/.conda/envs/tf215_env/lib/python3.11/site-packages/keras/src/utils/traceback_utils.py", line 65, in error_handler

  File "/mnt/beegfs/hellgate/home/rb194958e/.conda/envs/tf215_env/lib/python3.11/site-packages/keras/src/engine/base_layer.py", line 1149, in __call__

  File "/mnt/beegfs/hellgate/home/rb194958e/.conda/envs/tf215_env/lib/python3.11/site-packages/keras/src/utils/traceback_utils.py", line 96, in error_handler

  File "/mnt/beegfs/hellgate/home/rb194958e/.conda/envs/tf215_env/lib/python3.11/site-packages/keras/src/engine/functional.py", line 515, in call

  File "/mnt/beegfs/hellgate/home/rb194958e/.conda/envs/tf215_env/lib/python3.11/site-packages/keras/src/engine/functional.py", line 672, in _run_internal_graph

  File "/mnt/beegfs/hellgate/home/rb194958e/.conda/envs/tf215_env/lib/python3.11/site-packages/keras/src/utils/traceback_utils.py", line 65, in error_handler

  File "/mnt/beegfs/hellgate/home/rb194958e/.conda/envs/tf215_env/lib/python3.11/site-packages/keras/src/engine/base_layer.py", line 1149, in __call__

  File "/mnt/beegfs/hellgate/home/rb194958e/.conda/envs/tf215_env/lib/python3.11/site-packages/keras/src/utils/traceback_utils.py", line 96, in error_handler

  File "/mnt/beegfs/hellgate/home/rb194958e/.conda/envs/tf215_env/lib/python3.11/site-packages/keras/src/layers/merging/base_merge.py", line 196, in call

  File "/mnt/beegfs/hellgate/home/rb194958e/.conda/envs/tf215_env/lib/python3.11/site-packages/keras/src/layers/merging/concatenate.py", line 134, in _merge_function

  File "/mnt/beegfs/hellgate/home/rb194958e/.conda/envs/tf215_env/lib/python3.11/site-packages/keras/src/backend.py", line 3580, in concatenate

OOM when allocating tensor with shape[2,64,192,224,176] and type float on /job:localhost/replica:0/task:0/device:GPU:0 by allocator GPU_0_bfc
	 [[{{node model/concatenate_2/concat}}]]
Hint: If you want to see a list of allocated tensors when OOM happens, add report_tensor_allocations_upon_oom to RunOptions for current allocation info. This isn't available when running in Eager mode.
 [Op:__inference_train_function_7309]
2025-06-14 15:41:23.911030: W tensorflow/core/kernels/data/generator_dataset_op.cc:108] Error occurred when finalizing GeneratorDataset iterator: FAILED_PRECONDITION: Python interpreter state is not initialized. The process may be terminated.
	 [[{{node PyFunc}}]]
/var/spool/slurmd/job1123838/slurm_script: line 320: EOF: command not found
/var/spool/slurmd/job1123838/slurm_script: line 330: unexpected EOF while looking for matching ``'
/var/spool/slurmd/job1123838/slurm_script: line 339: syntax error: unexpected end of file
