2025-06-15 05:51:27.467041: I tensorflow/core/util/port.cc:113] oneDNN custom operations are on. You may see slightly different numerical results due to floating-point round-off errors from different computation orders. To turn them off, set the environment variable `TF_ENABLE_ONEDNN_OPTS=0`.
2025-06-15 05:51:28.221357: E external/local_xla/xla/stream_executor/cuda/cuda_dnn.cc:9261] Unable to register cuDNN factory: Attempting to register factory for plugin cuDNN when one has already been registered
2025-06-15 05:51:28.221987: E external/local_xla/xla/stream_executor/cuda/cuda_fft.cc:607] Unable to register cuFFT factory: Attempting to register factory for plugin cuFFT when one has already been registered
2025-06-15 05:51:28.338662: E external/local_xla/xla/stream_executor/cuda/cuda_blas.cc:1515] Unable to register cuBLAS factory: Attempting to register factory for plugin cuBLAS when one has already been registered
2025-06-15 05:51:28.591519: I tensorflow/core/platform/cpu_feature_guard.cc:182] This TensorFlow binary is optimized to use available CPU instructions in performance-critical operations.
To enable the following instructions: AVX2 AVX512F AVX512_VNNI FMA, in other operations, rebuild TensorFlow with the appropriate compiler flags.
2025-06-15 05:51:35.321329: W tensorflow/compiler/tf2tensorrt/utils/py_utils.cc:38] TF-TRT Warning: Could not find TensorRT
INFO:__main__:🚀 Starting Stroke Lesion Segmentation Training
INFO:__main__:Using 1 GPU(s)
INFO:__main__:Creating data generators...
INFO:__main__:Found 655 valid image/mask pairs
INFO:__main__:Found 655 valid image/mask pairs
INFO:__main__:Training batches: 262
INFO:__main__:Validation batches: 65
INFO:__main__:Building model...
2025-06-15 05:51:49.888958: I tensorflow/core/common_runtime/gpu/gpu_device.cc:1929] Created device /job:localhost/replica:0/task:0/device:GPU:0 with 22483 MB memory:  -> device: 0, name: NVIDIA RTX 4500 Ada Generation, pci bus id: 0000:1c:00.0, compute capability: 8.9
INFO:__main__:Model parameters: 5,605,345
INFO:__main__:Starting training...
pixdim[0] (qfac) should be 1 (default) or -1; setting qfac to 1
INFO:nibabel.global:pixdim[0] (qfac) should be 1 (default) or -1; setting qfac to 1
pixdim[0] (qfac) should be 1 (default) or -1; setting qfac to 1
INFO:nibabel.global:pixdim[0] (qfac) should be 1 (default) or -1; setting qfac to 1
pixdim[0] (qfac) should be 1 (default) or -1; setting qfac to 1
INFO:nibabel.global:pixdim[0] (qfac) should be 1 (default) or -1; setting qfac to 1
pixdim[0] (qfac) should be 1 (default) or -1; setting qfac to 1
INFO:nibabel.global:pixdim[0] (qfac) should be 1 (default) or -1; setting qfac to 1
2025-06-15 05:51:57.472416: I external/local_xla/xla/stream_executor/cuda/cuda_dnn.cc:454] Loaded cuDNN version 8907
pixdim[0] (qfac) should be 1 (default) or -1; setting qfac to 1
INFO:nibabel.global:pixdim[0] (qfac) should be 1 (default) or -1; setting qfac to 1
pixdim[0] (qfac) should be 1 (default) or -1; setting qfac to 1
INFO:nibabel.global:pixdim[0] (qfac) should be 1 (default) or -1; setting qfac to 1
pixdim[0] (qfac) should be 1 (default) or -1; setting qfac to 1
INFO:nibabel.global:pixdim[0] (qfac) should be 1 (default) or -1; setting qfac to 1
pixdim[0] (qfac) should be 1 (default) or -1; setting qfac to 1
INFO:nibabel.global:pixdim[0] (qfac) should be 1 (default) or -1; setting qfac to 1
2025-06-15 05:52:13.926585: W external/local_tsl/tsl/framework/bfc_allocator.cc:296] Allocator (GPU_0_bfc) ran out of memory trying to allocate 2.27GiB with freed_by_count=0. The caller indicates that this is not a failure, but this may mean that there could be performance gains if more memory were available.
2025-06-15 05:52:14.028162: W external/local_tsl/tsl/framework/bfc_allocator.cc:296] Allocator (GPU_0_bfc) ran out of memory trying to allocate 2.30GiB with freed_by_count=0. The caller indicates that this is not a failure, but this may mean that there could be performance gains if more memory were available.
2025-06-15 05:52:14.029263: W external/local_tsl/tsl/framework/bfc_allocator.cc:296] Allocator (GPU_0_bfc) ran out of memory trying to allocate 2.27GiB with freed_by_count=0. The caller indicates that this is not a failure, but this may mean that there could be performance gains if more memory were available.
2025-06-15 05:52:14.650686: W external/local_tsl/tsl/framework/bfc_allocator.cc:296] Allocator (GPU_0_bfc) ran out of memory trying to allocate 2.27GiB with freed_by_count=0. The caller indicates that this is not a failure, but this may mean that there could be performance gains if more memory were available.
2025-06-15 05:52:14.704090: W external/local_tsl/tsl/framework/bfc_allocator.cc:296] Allocator (GPU_0_bfc) ran out of memory trying to allocate 2.30GiB with freed_by_count=0. The caller indicates that this is not a failure, but this may mean that there could be performance gains if more memory were available.
2025-06-15 05:52:14.704920: W external/local_tsl/tsl/framework/bfc_allocator.cc:296] Allocator (GPU_0_bfc) ran out of memory trying to allocate 2.27GiB with freed_by_count=0. The caller indicates that this is not a failure, but this may mean that there could be performance gains if more memory were available.
2025-06-15 05:52:25.326358: W external/local_tsl/tsl/framework/bfc_allocator.cc:485] Allocator (GPU_0_bfc) ran out of memory trying to allocate 3.61GiB (rounded to 3875536896)requested by op model/concatenate_2/concat
If the cause is memory fragmentation maybe the environment variable 'TF_GPU_ALLOCATOR=cuda_malloc_async' will improve the situation. 
Current allocation summary follows.
Current allocation summary follows.
2025-06-15 05:52:25.327454: I external/local_tsl/tsl/framework/bfc_allocator.cc:1039] BFCAllocator dump for GPU_0_bfc
2025-06-15 05:52:25.328303: I external/local_tsl/tsl/framework/bfc_allocator.cc:1046] Bin (256): 	Total Chunks: 155, Chunks in use: 155. 38.8KiB allocated for chunks. 38.8KiB in use in bin. 20.7KiB client-requested in use in bin.
2025-06-15 05:52:25.328892: I external/local_tsl/tsl/framework/bfc_allocator.cc:1046] Bin (512): 	Total Chunks: 56, Chunks in use: 55. 28.0KiB allocated for chunks. 27.5KiB in use in bin. 27.5KiB client-requested in use in bin.
2025-06-15 05:52:25.329469: I external/local_tsl/tsl/framework/bfc_allocator.cc:1046] Bin (1024): 	Total Chunks: 27, Chunks in use: 27. 27.2KiB allocated for chunks. 27.2KiB in use in bin. 27.0KiB client-requested in use in bin.
2025-06-15 05:52:25.329864: I external/local_tsl/tsl/framework/bfc_allocator.cc:1046] Bin (2048): 	Total Chunks: 3, Chunks in use: 3. 10.5KiB allocated for chunks. 10.5KiB in use in bin. 10.1KiB client-requested in use in bin.
2025-06-15 05:52:25.330297: I external/local_tsl/tsl/framework/bfc_allocator.cc:1046] Bin (4096): 	Total Chunks: 0, Chunks in use: 0. 0B allocated for chunks. 0B in use in bin. 0B client-requested in use in bin.
2025-06-15 05:52:25.330652: I external/local_tsl/tsl/framework/bfc_allocator.cc:1046] Bin (8192): 	Total Chunks: 0, Chunks in use: 0. 0B allocated for chunks. 0B in use in bin. 0B client-requested in use in bin.
2025-06-15 05:52:25.331038: I external/local_tsl/tsl/framework/bfc_allocator.cc:1046] Bin (16384): 	Total Chunks: 0, Chunks in use: 0. 0B allocated for chunks. 0B in use in bin. 0B client-requested in use in bin.
2025-06-15 05:52:25.331387: I external/local_tsl/tsl/framework/bfc_allocator.cc:1046] Bin (32768): 	Total Chunks: 0, Chunks in use: 0. 0B allocated for chunks. 0B in use in bin. 0B client-requested in use in bin.
2025-06-15 05:52:25.331786: I external/local_tsl/tsl/framework/bfc_allocator.cc:1046] Bin (65536): 	Total Chunks: 7, Chunks in use: 7. 653.0KiB allocated for chunks. 653.0KiB in use in bin. 624.0KiB client-requested in use in bin.
2025-06-15 05:52:25.332208: I external/local_tsl/tsl/framework/bfc_allocator.cc:1046] Bin (131072): 	Total Chunks: 8, Chunks in use: 8. 1.58MiB allocated for chunks. 1.58MiB in use in bin. 1.48MiB client-requested in use in bin.
2025-06-15 05:52:25.332574: I external/local_tsl/tsl/framework/bfc_allocator.cc:1046] Bin (262144): 	Total Chunks: 8, Chunks in use: 8. 2.95MiB allocated for chunks. 2.95MiB in use in bin. 2.86MiB client-requested in use in bin.
2025-06-15 05:52:25.333017: I external/local_tsl/tsl/framework/bfc_allocator.cc:1046] Bin (524288): 	Total Chunks: 7, Chunks in use: 7. 5.89MiB allocated for chunks. 5.89MiB in use in bin. 5.48MiB client-requested in use in bin.
2025-06-15 05:52:25.333404: I external/local_tsl/tsl/framework/bfc_allocator.cc:1046] Bin (1048576): 	Total Chunks: 9, Chunks in use: 9. 14.02MiB allocated for chunks. 14.02MiB in use in bin. 13.12MiB client-requested in use in bin.
2025-06-15 05:52:25.333911: I external/local_tsl/tsl/framework/bfc_allocator.cc:1046] Bin (2097152): 	Total Chunks: 5, Chunks in use: 5. 17.38MiB allocated for chunks. 17.38MiB in use in bin. 16.88MiB client-requested in use in bin.
2025-06-15 05:52:25.334379: I external/local_tsl/tsl/framework/bfc_allocator.cc:1046] Bin (4194304): 	Total Chunks: 3, Chunks in use: 3. 18.12MiB allocated for chunks. 18.12MiB in use in bin. 16.88MiB client-requested in use in bin.
2025-06-15 05:52:25.334782: I external/local_tsl/tsl/framework/bfc_allocator.cc:1046] Bin (8388608): 	Total Chunks: 3, Chunks in use: 3. 40.62MiB allocated for chunks. 40.62MiB in use in bin. 35.62MiB client-requested in use in bin.
2025-06-15 05:52:25.335245: I external/local_tsl/tsl/framework/bfc_allocator.cc:1046] Bin (16777216): 	Total Chunks: 5, Chunks in use: 4. 140.19MiB allocated for chunks. 115.50MiB in use in bin. 115.50MiB client-requested in use in bin.
2025-06-15 05:52:25.335609: I external/local_tsl/tsl/framework/bfc_allocator.cc:1046] Bin (33554432): 	Total Chunks: 2, Chunks in use: 2. 115.50MiB allocated for chunks. 115.50MiB in use in bin. 115.50MiB client-requested in use in bin.
2025-06-15 05:52:25.335962: I external/local_tsl/tsl/framework/bfc_allocator.cc:1046] Bin (67108864): 	Total Chunks: 8, Chunks in use: 8. 874.50MiB allocated for chunks. 874.50MiB in use in bin. 808.50MiB client-requested in use in bin.
2025-06-15 05:52:25.336363: I external/local_tsl/tsl/framework/bfc_allocator.cc:1046] Bin (134217728): 	Total Chunks: 5, Chunks in use: 5. 1.07GiB allocated for chunks. 1.07GiB in use in bin. 924.00MiB client-requested in use in bin.
2025-06-15 05:52:25.336753: I external/local_tsl/tsl/framework/bfc_allocator.cc:1046] Bin (268435456): 	Total Chunks: 18, Chunks in use: 15. 19.69GiB allocated for chunks. 15.34GiB in use in bin. 15.34GiB client-requested in use in bin.
2025-06-15 05:52:25.337101: I external/local_tsl/tsl/framework/bfc_allocator.cc:1062] Bin for 3.61GiB was 256.00MiB, Chunk State: 
2025-06-15 05:52:25.337490: I external/local_tsl/tsl/framework/bfc_allocator.cc:1068]   Size: 453.50MiB | Requested Size: 16.00MiB | in_use: 0 | bin_num: 20, prev:   Size: 462.00MiB | Requested Size: 462.00MiB | in_use: 1 | bin_num: -1
2025-06-15 05:52:25.337832: I external/local_tsl/tsl/framework/bfc_allocator.cc:1068]   Size: 1.80GiB | Requested Size: 1.80GiB | in_use: 0 | bin_num: 20, next:   Size: 1.80GiB | Requested Size: 1.80GiB | in_use: 1 | bin_num: -1
2025-06-15 05:52:25.338190: I external/local_tsl/tsl/framework/bfc_allocator.cc:1068]   Size: 2.10GiB | Requested Size: 1.82GiB | in_use: 0 | bin_num: 20, prev:   Size: 1.80GiB | Requested Size: 1.80GiB | in_use: 1 | bin_num: -1
2025-06-15 05:52:25.338547: I external/local_tsl/tsl/framework/bfc_allocator.cc:1075] Next region of size 6129582080
2025-06-15 05:52:25.339002: I external/local_tsl/tsl/framework/bfc_allocator.cc:1095] Free  at 7fa6dc000000 of size 1937768448 next 107
2025-06-15 05:52:25.339357: I external/local_tsl/tsl/framework/bfc_allocator.cc:1095] InUse at 7fa74f800000 of size 1937768448 next 329
2025-06-15 05:52:25.339690: I external/local_tsl/tsl/framework/bfc_allocator.cc:1095] Free  at 7fa7c3000000 of size 2254045184 next 18446744073709551615
2025-06-15 05:52:25.340051: I external/local_tsl/tsl/framework/bfc_allocator.cc:1075] Next region of size 8589934592
2025-06-15 05:52:25.340486: I external/local_tsl/tsl/framework/bfc_allocator.cc:1095] InUse at 7fa86a000000 of size 1937768448 next 281
2025-06-15 05:52:25.340836: I external/local_tsl/tsl/framework/bfc_allocator.cc:1095] InUse at 7fa8dd800000 of size 242221056 next 282
2025-06-15 05:52:25.341250: I external/local_tsl/tsl/framework/bfc_allocator.cc:1095] InUse at 7fa8ebf00000 of size 484442112 next 283
2025-06-15 05:52:25.341600: I external/local_tsl/tsl/framework/bfc_allocator.cc:1095] InUse at 7fa908d00000 of size 484442112 next 284
2025-06-15 05:52:25.341944: I external/local_tsl/tsl/framework/bfc_allocator.cc:1095] InUse at 7fa925b00000 of size 484442112 next 29
2025-06-15 05:52:25.342307: I external/local_tsl/tsl/framework/bfc_allocator.cc:1095] InUse at 7fa942900000 of size 484442112 next 288
2025-06-15 05:52:25.342650: I external/local_tsl/tsl/framework/bfc_allocator.cc:1095] InUse at 7fa95f700000 of size 484442112 next 292
2025-06-15 05:52:25.343046: I external/local_tsl/tsl/framework/bfc_allocator.cc:1095] InUse at 7fa97c500000 of size 121110528 next 47
2025-06-15 05:52:25.343377: I external/local_tsl/tsl/framework/bfc_allocator.cc:1095] InUse at 7fa983880000 of size 121110528 next 296
2025-06-15 05:52:25.343698: I external/local_tsl/tsl/framework/bfc_allocator.cc:1095] InUse at 7fa98ac00000 of size 121110528 next 300
2025-06-15 05:52:25.344145: I external/local_tsl/tsl/framework/bfc_allocator.cc:1095] InUse at 7fa991f80000 of size 30277632 next 302
2025-06-15 05:52:25.344622: I external/local_tsl/tsl/framework/bfc_allocator.cc:1095] InUse at 7fa993c60000 of size 30277632 next 303
2025-06-15 05:52:25.345092: I external/local_tsl/tsl/framework/bfc_allocator.cc:1095] InUse at 7fa995940000 of size 30277632 next 66
2025-06-15 05:52:25.345442: I external/local_tsl/tsl/framework/bfc_allocator.cc:1095] InUse at 7fa997620000 of size 30277632 next 307
2025-06-15 05:52:25.345808: I external/local_tsl/tsl/framework/bfc_allocator.cc:1095] InUse at 7fa999300000 of size 121110528 next 76
2025-06-15 05:52:25.346182: I external/local_tsl/tsl/framework/bfc_allocator.cc:1095] InUse at 7fa9a0680000 of size 121110528 next 312
2025-06-15 05:52:25.346522: I external/local_tsl/tsl/framework/bfc_allocator.cc:1095] InUse at 7fa9a7a00000 of size 242221056 next 311
2025-06-15 05:52:25.346925: I external/local_tsl/tsl/framework/bfc_allocator.cc:1095] InUse at 7fa9b6100000 of size 121110528 next 85
2025-06-15 05:52:25.347302: I external/local_tsl/tsl/framework/bfc_allocator.cc:1095] InUse at 7fa9bd480000 of size 484442112 next 325
2025-06-15 05:52:25.347684: I external/local_tsl/tsl/framework/bfc_allocator.cc:1095] InUse at 7fa9da280000 of size 484442112 next 320
2025-06-15 05:52:25.348045: I external/local_tsl/tsl/framework/bfc_allocator.cc:1095] InUse at 7fa9f7080000 of size 968884224 next 319
2025-06-15 05:52:25.348390: I external/local_tsl/tsl/framework/bfc_allocator.cc:1095] InUse at 7faa30c80000 of size 484442112 next 91
2025-06-15 05:52:25.348717: I external/local_tsl/tsl/framework/bfc_allocator.cc:1095] Free  at 7faa4da80000 of size 475529216 next 18446744073709551615
2025-06-15 05:52:25.349051: I external/local_tsl/tsl/framework/bfc_allocator.cc:1075] Next region of size 4294967296
2025-06-15 05:52:25.349459: I external/local_tsl/tsl/framework/bfc_allocator.cc:1095] InUse at 7faa8c000000 of size 1937768448 next 11
2025-06-15 05:52:25.349796: I external/local_tsl/tsl/framework/bfc_allocator.cc:1095] InUse at 7faaff800000 of size 1937768448 next 276
2025-06-15 05:52:25.350161: I external/local_tsl/tsl/framework/bfc_allocator.cc:1095] InUse at 7fab73000000 of size 242221056 next 20
2025-06-15 05:52:25.350580: I external/local_tsl/tsl/framework/bfc_allocator.cc:1095] InUse at 7fab81700000 of size 60555264 next 38
2025-06-15 05:52:25.350989: I external/local_tsl/tsl/framework/bfc_allocator.cc:1095] InUse at 7fab850c0000 of size 116654080 next 18446744073709551615
2025-06-15 05:52:25.351347: I external/local_tsl/tsl/framework/bfc_allocator.cc:1075] Next region of size 2147483648
2025-06-15 05:52:25.351772: I external/local_tsl/tsl/framework/bfc_allocator.cc:1095] InUse at 7fabb8000000 of size 1937768448 next 270
2025-06-15 05:52:25.352135: I external/local_tsl/tsl/framework/bfc_allocator.cc:1095] InUse at 7fac2b800000 of size 209715200 next 18446744073709551615
2025-06-15 05:52:25.352460: I external/local_tsl/tsl/framework/bfc_allocator.cc:1075] Next region of size 2147483648
2025-06-15 05:52:25.352885: I external/local_tsl/tsl/framework/bfc_allocator.cc:1095] InUse at 7fac40000000 of size 1937768448 next 267
2025-06-15 05:52:25.353296: I external/local_tsl/tsl/framework/bfc_allocator.cc:1095] InUse at 7facb3800000 of size 209715200 next 18446744073709551615
2025-06-15 05:52:25.353640: I external/local_tsl/tsl/framework/bfc_allocator.cc:1075] Next region of size 134217728
2025-06-15 05:52:25.354101: I external/local_tsl/tsl/framework/bfc_allocator.cc:1095] InUse at 7fad4c000000 of size 60555264 next 264
2025-06-15 05:52:25.354416: I external/local_tsl/tsl/framework/bfc_allocator.cc:1095] InUse at 7fad4f9c0000 of size 73662464 next 18446744073709551615
2025-06-15 05:52:25.354764: I external/local_tsl/tsl/framework/bfc_allocator.cc:1075] Next region of size 67108864
2025-06-15 05:52:25.355181: I external/local_tsl/tsl/framework/bfc_allocator.cc:1095] InUse at 7fad54000000 of size 3538944 next 198
2025-06-15 05:52:25.355523: I external/local_tsl/tsl/framework/bfc_allocator.cc:1095] InUse at 7fad54360000 of size 1769472 next 205
2025-06-15 05:52:25.355850: I external/local_tsl/tsl/framework/bfc_allocator.cc:1095] InUse at 7fad54510000 of size 1769472 next 206
2025-06-15 05:52:25.356213: I external/local_tsl/tsl/framework/bfc_allocator.cc:1095] InUse at 7fad546c0000 of size 262144 next 213
2025-06-15 05:52:25.356557: I external/local_tsl/tsl/framework/bfc_allocator.cc:1095] InUse at 7fad54700000 of size 262144 next 214
2025-06-15 05:52:25.356906: I external/local_tsl/tsl/framework/bfc_allocator.cc:1095] InUse at 7fad54740000 of size 884736 next 217
2025-06-15 05:52:25.357236: I external/local_tsl/tsl/framework/bfc_allocator.cc:1095] InUse at 7fad54818000 of size 884736 next 218
2025-06-15 05:52:25.357559: I external/local_tsl/tsl/framework/bfc_allocator.cc:1095] InUse at 7fad548f0000 of size 442368 next 225
2025-06-15 05:52:25.357934: I external/local_tsl/tsl/framework/bfc_allocator.cc:1095] InUse at 7fad5495c000 of size 442368 next 226
2025-06-15 05:52:25.358299: I external/local_tsl/tsl/framework/bfc_allocator.cc:1095] InUse at 7fad549c8000 of size 256 next 234
2025-06-15 05:52:25.358712: I external/local_tsl/tsl/framework/bfc_allocator.cc:1095] InUse at 7fad549c8100 of size 256 next 235
2025-06-15 05:52:25.359163: I external/local_tsl/tsl/framework/bfc_allocator.cc:1095] InUse at 7fad549c8200 of size 221184 next 236
2025-06-15 05:52:25.359508: I external/local_tsl/tsl/framework/bfc_allocator.cc:1095] InUse at 7fad549fe200 of size 221184 next 237
2025-06-15 05:52:25.359847: I external/local_tsl/tsl/framework/bfc_allocator.cc:1095] InUse at 7fad54a34200 of size 256 next 238
2025-06-15 05:52:25.360282: I external/local_tsl/tsl/framework/bfc_allocator.cc:1095] InUse at 7fad54a34300 of size 256 next 239
2025-06-15 05:52:25.360709: I external/local_tsl/tsl/framework/bfc_allocator.cc:1095] InUse at 7fad54a34400 of size 256 next 240
2025-06-15 05:52:25.361123: I external/local_tsl/tsl/framework/bfc_allocator.cc:1095] InUse at 7fad54a34500 of size 256 next 241
2025-06-15 05:52:25.361530: I external/local_tsl/tsl/framework/bfc_allocator.cc:1095] InUse at 7fad54a34600 of size 256 next 242
2025-06-15 05:52:25.361939: I external/local_tsl/tsl/framework/bfc_allocator.cc:1095] InUse at 7fad54a34700 of size 256 next 243
2025-06-15 05:52:25.362355: I external/local_tsl/tsl/framework/bfc_allocator.cc:1095] InUse at 7fad54a34800 of size 110592 next 244
2025-06-15 05:52:25.362683: I external/local_tsl/tsl/framework/bfc_allocator.cc:1095] InUse at 7fad54a4f800 of size 110592 next 245
2025-06-15 05:52:25.363054: I external/local_tsl/tsl/framework/bfc_allocator.cc:1095] InUse at 7fad54a6a800 of size 256 next 246
2025-06-15 05:52:25.363473: I external/local_tsl/tsl/framework/bfc_allocator.cc:1095] InUse at 7fad54a6a900 of size 256 next 247
2025-06-15 05:52:25.363888: I external/local_tsl/tsl/framework/bfc_allocator.cc:1095] InUse at 7fad54a6aa00 of size 256 next 248
2025-06-15 05:52:25.364324: I external/local_tsl/tsl/framework/bfc_allocator.cc:1095] InUse at 7fad54a6ab00 of size 256 next 249
2025-06-15 05:52:25.364773: I external/local_tsl/tsl/framework/bfc_allocator.cc:1095] InUse at 7fad54a6ac00 of size 256 next 250
2025-06-15 05:52:25.365192: I external/local_tsl/tsl/framework/bfc_allocator.cc:1095] InUse at 7fad54a6ad00 of size 256 next 251
2025-06-15 05:52:25.365642: I external/local_tsl/tsl/framework/bfc_allocator.cc:1095] InUse at 7fad54a6ae00 of size 256 next 252
2025-06-15 05:52:25.366073: I external/local_tsl/tsl/framework/bfc_allocator.cc:1095] InUse at 7fad54a6af00 of size 256 next 253
2025-06-15 05:52:25.366494: I external/local_tsl/tsl/framework/bfc_allocator.cc:1095] InUse at 7fad54a6b000 of size 256 next 254
2025-06-15 05:52:25.366947: I external/local_tsl/tsl/framework/bfc_allocator.cc:1095] InUse at 7fad54a6b100 of size 256 next 255
2025-06-15 05:52:25.367380: I external/local_tsl/tsl/framework/bfc_allocator.cc:1095] InUse at 7fad54a6b200 of size 256 next 256
2025-06-15 05:52:25.367811: I external/local_tsl/tsl/framework/bfc_allocator.cc:1095] InUse at 7fad54a6b300 of size 256 next 257
2025-06-15 05:52:25.368247: I external/local_tsl/tsl/framework/bfc_allocator.cc:1095] InUse at 7fad54a6b400 of size 256 next 258
2025-06-15 05:52:25.368654: I external/local_tsl/tsl/framework/bfc_allocator.cc:1095] InUse at 7fad54a6b500 of size 256 next 259
2025-06-15 05:52:25.369122: I external/local_tsl/tsl/framework/bfc_allocator.cc:1095] InUse at 7fad54a6b600 of size 256 next 260
2025-06-15 05:52:25.369583: I external/local_tsl/tsl/framework/bfc_allocator.cc:1095] InUse at 7fad54a6b700 of size 256 next 261
2025-06-15 05:52:25.370038: I external/local_tsl/tsl/framework/bfc_allocator.cc:1095] InUse at 7fad54a6b800 of size 256 next 262
2025-06-15 05:52:25.370471: I external/local_tsl/tsl/framework/bfc_allocator.cc:1095] InUse at 7fad54a6b900 of size 256 next 263
2025-06-15 05:52:25.370890: I external/local_tsl/tsl/framework/bfc_allocator.cc:1095] InUse at 7fad54a6ba00 of size 256 next 265
2025-06-15 05:52:25.371344: I external/local_tsl/tsl/framework/bfc_allocator.cc:1095] InUse at 7fad54a6bb00 of size 256 next 268
2025-06-15 05:52:25.371801: I external/local_tsl/tsl/framework/bfc_allocator.cc:1095] InUse at 7fad54a6bc00 of size 256 next 269
2025-06-15 05:52:25.372239: I external/local_tsl/tsl/framework/bfc_allocator.cc:1095] InUse at 7fad54a6bd00 of size 256 next 272
2025-06-15 05:52:25.372685: I external/local_tsl/tsl/framework/bfc_allocator.cc:1095] InUse at 7fad54a6be00 of size 256 next 274
2025-06-15 05:52:25.373140: I external/local_tsl/tsl/framework/bfc_allocator.cc:1095] InUse at 7fad54a6bf00 of size 256 next 275
2025-06-15 05:52:25.373575: I external/local_tsl/tsl/framework/bfc_allocator.cc:1095] InUse at 7fad54a6c000 of size 256 next 279
2025-06-15 05:52:25.374022: I external/local_tsl/tsl/framework/bfc_allocator.cc:1095] InUse at 7fad54a6c100 of size 256 next 280
2025-06-15 05:52:25.374431: I external/local_tsl/tsl/framework/bfc_allocator.cc:1095] InUse at 7fad54a6c200 of size 256 next 286
2025-06-15 05:52:25.374833: I external/local_tsl/tsl/framework/bfc_allocator.cc:1095] InUse at 7fad54a6c300 of size 256 next 287
2025-06-15 05:52:25.375249: I external/local_tsl/tsl/framework/bfc_allocator.cc:1095] InUse at 7fad54a6c400 of size 256 next 290
2025-06-15 05:52:25.375648: I external/local_tsl/tsl/framework/bfc_allocator.cc:1095] InUse at 7fad54a6c500 of size 256 next 291
2025-06-15 05:52:25.376088: I external/local_tsl/tsl/framework/bfc_allocator.cc:1095] InUse at 7fad54a6c600 of size 512 next 293
2025-06-15 05:52:25.376554: I external/local_tsl/tsl/framework/bfc_allocator.cc:1095] InUse at 7fad54a6c800 of size 512 next 294
2025-06-15 05:52:25.377015: I external/local_tsl/tsl/framework/bfc_allocator.cc:1095] InUse at 7fad54a6ca00 of size 512 next 295
2025-06-15 05:52:25.377431: I external/local_tsl/tsl/framework/bfc_allocator.cc:1095] InUse at 7fad54a6cc00 of size 512 next 298
2025-06-15 05:52:25.377832: I external/local_tsl/tsl/framework/bfc_allocator.cc:1095] InUse at 7fad54a6ce00 of size 512 next 299
2025-06-15 05:52:25.378257: I external/local_tsl/tsl/framework/bfc_allocator.cc:1095] InUse at 7fad54a6d000 of size 15138816 next 56
2025-06-15 05:52:25.378639: I external/local_tsl/tsl/framework/bfc_allocator.cc:1095] InUse at 7fad558dd000 of size 15138816 next 301
2025-06-15 05:52:25.378979: I external/local_tsl/tsl/framework/bfc_allocator.cc:1095] InUse at 7fad5674d000 of size 1024 next 304
2025-06-15 05:52:25.379439: I external/local_tsl/tsl/framework/bfc_allocator.cc:1095] InUse at 7fad5674d400 of size 1024 next 305
2025-06-15 05:52:25.379881: I external/local_tsl/tsl/framework/bfc_allocator.cc:1095] InUse at 7fad5674d800 of size 1024 next 306
2025-06-15 05:52:25.380311: I external/local_tsl/tsl/framework/bfc_allocator.cc:1095] InUse at 7fad5674dc00 of size 1024 next 309
2025-06-15 05:52:25.380735: I external/local_tsl/tsl/framework/bfc_allocator.cc:1095] InUse at 7fad5674e000 of size 1024 next 310
2025-06-15 05:52:25.381158: I external/local_tsl/tsl/framework/bfc_allocator.cc:1095] InUse at 7fad5674e400 of size 512 next 317
2025-06-15 05:52:25.381565: I external/local_tsl/tsl/framework/bfc_allocator.cc:1095] InUse at 7fad5674e600 of size 512 next 318
2025-06-15 05:52:25.381986: I external/local_tsl/tsl/framework/bfc_allocator.cc:1095] InUse at 7fad5674e800 of size 256 next 326
2025-06-15 05:52:25.382394: I external/local_tsl/tsl/framework/bfc_allocator.cc:1095] InUse at 7fad5674e900 of size 256 next 327
2025-06-15 05:52:25.382820: I external/local_tsl/tsl/framework/bfc_allocator.cc:1095] Free  at 7fad5674ea00 of size 25892352 next 18446744073709551615
2025-06-15 05:52:25.383232: I external/local_tsl/tsl/framework/bfc_allocator.cc:1075] Next region of size 33554432
2025-06-15 05:52:25.383637: I external/local_tsl/tsl/framework/bfc_allocator.cc:1095] InUse at 7fad6c000000 of size 3538944 next 83
2025-06-15 05:52:25.383970: I external/local_tsl/tsl/framework/bfc_allocator.cc:1095] InUse at 7fad6c360000 of size 221184 next 152
2025-06-15 05:52:25.384285: I external/local_tsl/tsl/framework/bfc_allocator.cc:1095] InUse at 7fad6c396000 of size 221184 next 106
2025-06-15 05:52:25.384710: I external/local_tsl/tsl/framework/bfc_allocator.cc:1095] InUse at 7fad6c3cc000 of size 442368 next 100
2025-06-15 05:52:25.385076: I external/local_tsl/tsl/framework/bfc_allocator.cc:1095] InUse at 7fad6c438000 of size 884736 next 90
2025-06-15 05:52:25.385403: I external/local_tsl/tsl/framework/bfc_allocator.cc:1095] InUse at 7fad6c510000 of size 1769472 next 74
2025-06-15 05:52:25.385816: I external/local_tsl/tsl/framework/bfc_allocator.cc:1095] InUse at 7fad6c6c0000 of size 7077888 next 72
2025-06-15 05:52:25.386219: I external/local_tsl/tsl/framework/bfc_allocator.cc:1095] InUse at 7fad6cd80000 of size 7077888 next 187
2025-06-15 05:52:25.386551: I external/local_tsl/tsl/framework/bfc_allocator.cc:1095] InUse at 7fad6d440000 of size 12320768 next 18446744073709551615
2025-06-15 05:52:25.386920: I external/local_tsl/tsl/framework/bfc_allocator.cc:1075] Next region of size 16777216
2025-06-15 05:52:25.387336: I external/local_tsl/tsl/framework/bfc_allocator.cc:1095] InUse at 7fad6e000000 of size 1769472 next 173
2025-06-15 05:52:25.387692: I external/local_tsl/tsl/framework/bfc_allocator.cc:1095] InUse at 7fad6e1b0000 of size 1769472 next 64
2025-06-15 05:52:25.388043: I external/local_tsl/tsl/framework/bfc_allocator.cc:1095] InUse at 7fad6e360000 of size 3538944 next 62
2025-06-15 05:52:25.388392: I external/local_tsl/tsl/framework/bfc_allocator.cc:1095] InUse at 7fad6e6c0000 of size 3538944 next 180
2025-06-15 05:52:25.388723: I external/local_tsl/tsl/framework/bfc_allocator.cc:1095] InUse at 7fad6ea20000 of size 1048576 next 194
2025-06-15 05:52:25.389079: I external/local_tsl/tsl/framework/bfc_allocator.cc:1095] InUse at 7fad6eb20000 of size 1048576 next 195
2025-06-15 05:52:25.389437: I external/local_tsl/tsl/framework/bfc_allocator.cc:1095] InUse at 7fad6ec20000 of size 4063232 next 18446744073709551615
2025-06-15 05:52:25.389780: I external/local_tsl/tsl/framework/bfc_allocator.cc:1075] Next region of size 2097152
2025-06-15 05:52:25.390208: I external/local_tsl/tsl/framework/bfc_allocator.cc:1095] InUse at 7fadd2e00000 of size 1280 next 1
2025-06-15 05:52:25.390659: I external/local_tsl/tsl/framework/bfc_allocator.cc:1095] InUse at 7fadd2e00500 of size 256 next 2
2025-06-15 05:52:25.391080: I external/local_tsl/tsl/framework/bfc_allocator.cc:1095] InUse at 7fadd2e00600 of size 256 next 3
2025-06-15 05:52:25.391500: I external/local_tsl/tsl/framework/bfc_allocator.cc:1095] InUse at 7fadd2e00700 of size 256 next 5
2025-06-15 05:52:25.391937: I external/local_tsl/tsl/framework/bfc_allocator.cc:1095] InUse at 7fadd2e00800 of size 256 next 6
2025-06-15 05:52:25.392378: I external/local_tsl/tsl/framework/bfc_allocator.cc:1095] InUse at 7fadd2e00900 of size 256 next 4
2025-06-15 05:52:25.392777: I external/local_tsl/tsl/framework/bfc_allocator.cc:1095] InUse at 7fadd2e00a00 of size 256 next 7
2025-06-15 05:52:25.393206: I external/local_tsl/tsl/framework/bfc_allocator.cc:1095] InUse at 7fadd2e00b00 of size 256 next 10
2025-06-15 05:52:25.393614: I external/local_tsl/tsl/framework/bfc_allocator.cc:1095] InUse at 7fadd2e00c00 of size 256 next 277
2025-06-15 05:52:25.394084: I external/local_tsl/tsl/framework/bfc_allocator.cc:1095] InUse at 7fadd2e00d00 of size 256 next 12
2025-06-15 05:52:25.394500: I external/local_tsl/tsl/framework/bfc_allocator.cc:1095] InUse at 7fadd2e00e00 of size 256 next 13
2025-06-15 05:52:25.394909: I external/local_tsl/tsl/framework/bfc_allocator.cc:1095] InUse at 7fadd2e00f00 of size 256 next 14
2025-06-15 05:52:25.395385: I external/local_tsl/tsl/framework/bfc_allocator.cc:1095] InUse at 7fadd2e01000 of size 256 next 17
2025-06-15 05:52:25.395879: I external/local_tsl/tsl/framework/bfc_allocator.cc:1095] InUse at 7fadd2e01100 of size 256 next 15
2025-06-15 05:52:25.396308: I external/local_tsl/tsl/framework/bfc_allocator.cc:1095] InUse at 7fadd2e01200 of size 256 next 16
2025-06-15 05:52:25.396739: I external/local_tsl/tsl/framework/bfc_allocator.cc:1095] InUse at 7fadd2e01300 of size 256 next 285
2025-06-15 05:52:25.397158: I external/local_tsl/tsl/framework/bfc_allocator.cc:1095] InUse at 7fadd2e01400 of size 256 next 21
2025-06-15 05:52:25.397618: I external/local_tsl/tsl/framework/bfc_allocator.cc:1095] InUse at 7fadd2e01500 of size 256 next 22
2025-06-15 05:52:25.398066: I external/local_tsl/tsl/framework/bfc_allocator.cc:1095] InUse at 7fadd2e01600 of size 256 next 23
2025-06-15 05:52:25.398496: I external/local_tsl/tsl/framework/bfc_allocator.cc:1095] InUse at 7fadd2e01700 of size 256 next 24
2025-06-15 05:52:25.399013: I external/local_tsl/tsl/framework/bfc_allocator.cc:1095] InUse at 7fadd2e01800 of size 256 next 25
2025-06-15 05:52:25.399576: I external/local_tsl/tsl/framework/bfc_allocator.cc:1095] InUse at 7fadd2e01900 of size 256 next 28
2025-06-15 05:52:25.400032: I external/local_tsl/tsl/framework/bfc_allocator.cc:1095] InUse at 7fadd2e01a00 of size 256 next 289
2025-06-15 05:52:25.400451: I external/local_tsl/tsl/framework/bfc_allocator.cc:1095] InUse at 7fadd2e01b00 of size 256 next 30
2025-06-15 05:52:25.400847: I external/local_tsl/tsl/framework/bfc_allocator.cc:1095] InUse at 7fadd2e01c00 of size 256 next 31
2025-06-15 05:52:25.401284: I external/local_tsl/tsl/framework/bfc_allocator.cc:1095] InUse at 7fadd2e01d00 of size 256 next 32
2025-06-15 05:52:25.401697: I external/local_tsl/tsl/framework/bfc_allocator.cc:1095] InUse at 7fadd2e01e00 of size 256 next 35
2025-06-15 05:52:25.402109: I external/local_tsl/tsl/framework/bfc_allocator.cc:1095] InUse at 7fadd2e01f00 of size 256 next 33
2025-06-15 05:52:25.402550: I external/local_tsl/tsl/framework/bfc_allocator.cc:1095] InUse at 7fadd2e02000 of size 256 next 34
2025-06-15 05:52:25.403062: I external/local_tsl/tsl/framework/bfc_allocator.cc:1095] InUse at 7fadd2e02100 of size 512 next 39
2025-06-15 05:52:25.403488: I external/local_tsl/tsl/framework/bfc_allocator.cc:1095] InUse at 7fadd2e02300 of size 256 next 40
2025-06-15 05:52:25.403893: I external/local_tsl/tsl/framework/bfc_allocator.cc:1095] InUse at 7fadd2e02400 of size 256 next 41
2025-06-15 05:52:25.404318: I external/local_tsl/tsl/framework/bfc_allocator.cc:1095] InUse at 7fadd2e02500 of size 256 next 8
2025-06-15 05:52:25.404802: I external/local_tsl/tsl/framework/bfc_allocator.cc:1095] InUse at 7fadd2e02600 of size 3584 next 9
2025-06-15 05:52:25.405213: I external/local_tsl/tsl/framework/bfc_allocator.cc:1095] InUse at 7fadd2e03400 of size 512 next 42
2025-06-15 05:52:25.405611: I external/local_tsl/tsl/framework/bfc_allocator.cc:1095] InUse at 7fadd2e03600 of size 512 next 45
2025-06-15 05:52:25.406085: I external/local_tsl/tsl/framework/bfc_allocator.cc:1095] InUse at 7fadd2e03800 of size 512 next 46
2025-06-15 05:52:25.406549: I external/local_tsl/tsl/framework/bfc_allocator.cc:1095] InUse at 7fadd2e03a00 of size 512 next 297
2025-06-15 05:52:25.406992: I external/local_tsl/tsl/framework/bfc_allocator.cc:1095] InUse at 7fadd2e03c00 of size 512 next 48
2025-06-15 05:52:25.407410: I external/local_tsl/tsl/framework/bfc_allocator.cc:1095] InUse at 7fadd2e03e00 of size 256 next 49
2025-06-15 05:52:25.407825: I external/local_tsl/tsl/framework/bfc_allocator.cc:1095] InUse at 7fadd2e03f00 of size 512 next 50
2025-06-15 05:52:25.408271: I external/local_tsl/tsl/framework/bfc_allocator.cc:1095] InUse at 7fadd2e04100 of size 512 next 51
2025-06-15 05:52:25.408683: I external/local_tsl/tsl/framework/bfc_allocator.cc:1095] InUse at 7fadd2e04300 of size 512 next 55
2025-06-15 05:52:25.409093: I external/local_tsl/tsl/framework/bfc_allocator.cc:1095] InUse at 7fadd2e04500 of size 1024 next 57
2025-06-15 05:52:25.409522: I external/local_tsl/tsl/framework/bfc_allocator.cc:1095] InUse at 7fadd2e04900 of size 256 next 58
2025-06-15 05:52:25.409973: I external/local_tsl/tsl/framework/bfc_allocator.cc:1095] InUse at 7fadd2e04a00 of size 256 next 59
2025-06-15 05:52:25.410380: I external/local_tsl/tsl/framework/bfc_allocator.cc:1095] InUse at 7fadd2e04b00 of size 1024 next 60
2025-06-15 05:52:25.410787: I external/local_tsl/tsl/framework/bfc_allocator.cc:1095] InUse at 7fadd2e04f00 of size 1024 next 61
2025-06-15 05:52:25.411197: I external/local_tsl/tsl/framework/bfc_allocator.cc:1095] InUse at 7fadd2e05300 of size 1024 next 65
2025-06-15 05:52:25.411682: I external/local_tsl/tsl/framework/bfc_allocator.cc:1095] InUse at 7fadd2e05700 of size 1024 next 308
2025-06-15 05:52:25.412099: I external/local_tsl/tsl/framework/bfc_allocator.cc:1095] InUse at 7fadd2e05b00 of size 1024 next 67
2025-06-15 05:52:25.412501: I external/local_tsl/tsl/framework/bfc_allocator.cc:1095] InUse at 7fadd2e05f00 of size 256 next 68
2025-06-15 05:52:25.412967: I external/local_tsl/tsl/framework/bfc_allocator.cc:1095] InUse at 7fadd2e06000 of size 256 next 69
2025-06-15 05:52:25.413404: I external/local_tsl/tsl/framework/bfc_allocator.cc:1095] InUse at 7fadd2e06100 of size 1024 next 70
2025-06-15 05:52:25.413816: I external/local_tsl/tsl/framework/bfc_allocator.cc:1095] InUse at 7fadd2e06500 of size 1024 next 71
2025-06-15 05:52:25.414255: I external/local_tsl/tsl/framework/bfc_allocator.cc:1095] InUse at 7fadd2e06900 of size 1024 next 75
2025-06-15 05:52:25.414697: I external/local_tsl/tsl/framework/bfc_allocator.cc:1095] InUse at 7fadd2e06d00 of size 512 next 313
2025-06-15 05:52:25.415159: I external/local_tsl/tsl/framework/bfc_allocator.cc:1095] InUse at 7fadd2e06f00 of size 512 next 314
2025-06-15 05:52:25.415575: I external/local_tsl/tsl/framework/bfc_allocator.cc:1095] InUse at 7fadd2e07100 of size 512 next 315
2025-06-15 05:52:25.415998: I external/local_tsl/tsl/framework/bfc_allocator.cc:1095] InUse at 7fadd2e07300 of size 512 next 77
2025-06-15 05:52:25.416406: I external/local_tsl/tsl/framework/bfc_allocator.cc:1095] InUse at 7fadd2e07500 of size 256 next 78
2025-06-15 05:52:25.416853: I external/local_tsl/tsl/framework/bfc_allocator.cc:1095] InUse at 7fadd2e07600 of size 256 next 79
2025-06-15 05:52:25.417263: I external/local_tsl/tsl/framework/bfc_allocator.cc:1095] InUse at 7fadd2e07700 of size 512 next 80
2025-06-15 05:52:25.417707: I external/local_tsl/tsl/framework/bfc_allocator.cc:1095] InUse at 7fadd2e07900 of size 512 next 81
2025-06-15 05:52:25.418135: I external/local_tsl/tsl/framework/bfc_allocator.cc:1095] InUse at 7fadd2e07b00 of size 512 next 82
2025-06-15 05:52:25.418596: I external/local_tsl/tsl/framework/bfc_allocator.cc:1095] InUse at 7fadd2e07d00 of size 512 next 84
2025-06-15 05:52:25.419026: I external/local_tsl/tsl/framework/bfc_allocator.cc:1095] InUse at 7fadd2e07f00 of size 512 next 316
2025-06-15 05:52:25.419448: I external/local_tsl/tsl/framework/bfc_allocator.cc:1095] InUse at 7fadd2e08100 of size 512 next 86
2025-06-15 05:52:25.419904: I external/local_tsl/tsl/framework/bfc_allocator.cc:1095] InUse at 7fadd2e08300 of size 512 next 87
2025-06-15 05:52:25.420366: I external/local_tsl/tsl/framework/bfc_allocator.cc:1095] InUse at 7fadd2e08500 of size 512 next 88
2025-06-15 05:52:25.420769: I external/local_tsl/tsl/framework/bfc_allocator.cc:1095] InUse at 7fadd2e08700 of size 512 next 89
2025-06-15 05:52:25.421192: I external/local_tsl/tsl/framework/bfc_allocator.cc:1095] InUse at 7fadd2e08900 of size 256 next 321
2025-06-15 05:52:25.421607: I external/local_tsl/tsl/framework/bfc_allocator.cc:1095] InUse at 7fadd2e08a00 of size 256 next 323
2025-06-15 05:52:25.422082: I external/local_tsl/tsl/framework/bfc_allocator.cc:1095] InUse at 7fadd2e08b00 of size 256 next 324
2025-06-15 05:52:25.422509: I external/local_tsl/tsl/framework/bfc_allocator.cc:1095] InUse at 7fadd2e08c00 of size 256 next 92
2025-06-15 05:52:25.422927: I external/local_tsl/tsl/framework/bfc_allocator.cc:1095] InUse at 7fadd2e08d00 of size 256 next 93
2025-06-15 05:52:25.423392: I external/local_tsl/tsl/framework/bfc_allocator.cc:1095] InUse at 7fadd2e08e00 of size 256 next 94
2025-06-15 05:52:25.423895: I external/local_tsl/tsl/framework/bfc_allocator.cc:1095] InUse at 7fadd2e08f00 of size 256 next 97
2025-06-15 05:52:25.424325: I external/local_tsl/tsl/framework/bfc_allocator.cc:1095] InUse at 7fadd2e09000 of size 256 next 95
2025-06-15 05:52:25.424759: I external/local_tsl/tsl/framework/bfc_allocator.cc:1095] InUse at 7fadd2e09100 of size 256 next 96
2025-06-15 05:52:25.425175: I external/local_tsl/tsl/framework/bfc_allocator.cc:1095] InUse at 7fadd2e09200 of size 256 next 98
2025-06-15 05:52:25.425622: I external/local_tsl/tsl/framework/bfc_allocator.cc:1095] InUse at 7fadd2e09300 of size 256 next 101
2025-06-15 05:52:25.426057: I external/local_tsl/tsl/framework/bfc_allocator.cc:1095] InUse at 7fadd2e09400 of size 256 next 102
2025-06-15 05:52:25.426499: I external/local_tsl/tsl/framework/bfc_allocator.cc:1095] InUse at 7fadd2e09500 of size 256 next 103
2025-06-15 05:52:25.426976: I external/local_tsl/tsl/framework/bfc_allocator.cc:1095] InUse at 7fadd2e09600 of size 256 next 104
2025-06-15 05:52:25.427499: I external/local_tsl/tsl/framework/bfc_allocator.cc:1095] InUse at 7fadd2e09700 of size 256 next 105
2025-06-15 05:52:25.427918: I external/local_tsl/tsl/framework/bfc_allocator.cc:1095] Free  at 7fadd2e09800 of size 512 next 108
2025-06-15 05:52:25.428335: I external/local_tsl/tsl/framework/bfc_allocator.cc:1095] InUse at 7fadd2e09a00 of size 256 next 109
2025-06-15 05:52:25.428739: I external/local_tsl/tsl/framework/bfc_allocator.cc:1095] InUse at 7fadd2e09b00 of size 256 next 110
2025-06-15 05:52:25.429190: I external/local_tsl/tsl/framework/bfc_allocator.cc:1095] InUse at 7fadd2e09c00 of size 256 next 146
2025-06-15 05:52:25.429597: I external/local_tsl/tsl/framework/bfc_allocator.cc:1095] InUse at 7fadd2e09d00 of size 256 next 147
2025-06-15 05:52:25.430022: I external/local_tsl/tsl/framework/bfc_allocator.cc:1095] InUse at 7fadd2e09e00 of size 256 next 148
2025-06-15 05:52:25.430482: I external/local_tsl/tsl/framework/bfc_allocator.cc:1095] InUse at 7fadd2e09f00 of size 256 next 149
2025-06-15 05:52:25.430935: I external/local_tsl/tsl/framework/bfc_allocator.cc:1095] InUse at 7fadd2e0a000 of size 256 next 150
2025-06-15 05:52:25.431385: I external/local_tsl/tsl/framework/bfc_allocator.cc:1095] InUse at 7fadd2e0a100 of size 256 next 151
2025-06-15 05:52:25.431800: I external/local_tsl/tsl/framework/bfc_allocator.cc:1095] InUse at 7fadd2e0a200 of size 256 next 153
2025-06-15 05:52:25.432245: I external/local_tsl/tsl/framework/bfc_allocator.cc:1095] InUse at 7fadd2e0a300 of size 256 next 154
2025-06-15 05:52:25.432690: I external/local_tsl/tsl/framework/bfc_allocator.cc:1095] InUse at 7fadd2e0a400 of size 256 next 155
2025-06-15 05:52:25.433121: I external/local_tsl/tsl/framework/bfc_allocator.cc:1095] InUse at 7fadd2e0a500 of size 256 next 156
2025-06-15 05:52:25.433533: I external/local_tsl/tsl/framework/bfc_allocator.cc:1095] InUse at 7fadd2e0a600 of size 256 next 157
2025-06-15 05:52:25.434058: I external/local_tsl/tsl/framework/bfc_allocator.cc:1095] InUse at 7fadd2e0a700 of size 256 next 158
2025-06-15 05:52:25.434533: I external/local_tsl/tsl/framework/bfc_allocator.cc:1095] InUse at 7fadd2e0a800 of size 256 next 160
2025-06-15 05:52:25.434963: I external/local_tsl/tsl/framework/bfc_allocator.cc:1095] InUse at 7fadd2e0a900 of size 256 next 161
2025-06-15 05:52:25.435378: I external/local_tsl/tsl/framework/bfc_allocator.cc:1095] InUse at 7fadd2e0aa00 of size 256 next 162
2025-06-15 05:52:25.435826: I external/local_tsl/tsl/framework/bfc_allocator.cc:1095] InUse at 7fadd2e0ab00 of size 256 next 163
2025-06-15 05:52:25.436242: I external/local_tsl/tsl/framework/bfc_allocator.cc:1095] InUse at 7fadd2e0ac00 of size 256 next 164
2025-06-15 05:52:25.436654: I external/local_tsl/tsl/framework/bfc_allocator.cc:1095] InUse at 7fadd2e0ad00 of size 256 next 165
2025-06-15 05:52:25.437064: I external/local_tsl/tsl/framework/bfc_allocator.cc:1095] InUse at 7fadd2e0ae00 of size 512 next 167
2025-06-15 05:52:25.437525: I external/local_tsl/tsl/framework/bfc_allocator.cc:1095] InUse at 7fadd2e0b000 of size 512 next 168
2025-06-15 05:52:25.437947: I external/local_tsl/tsl/framework/bfc_allocator.cc:1095] InUse at 7fadd2e0b200 of size 512 next 169
2025-06-15 05:52:25.438360: I external/local_tsl/tsl/framework/bfc_allocator.cc:1095] InUse at 7fadd2e0b400 of size 512 next 170
2025-06-15 05:52:25.438760: I external/local_tsl/tsl/framework/bfc_allocator.cc:1095] InUse at 7fadd2e0b600 of size 512 next 171
2025-06-15 05:52:25.439192: I external/local_tsl/tsl/framework/bfc_allocator.cc:1095] InUse at 7fadd2e0b800 of size 512 next 172
2025-06-15 05:52:25.439655: I external/local_tsl/tsl/framework/bfc_allocator.cc:1095] InUse at 7fadd2e0ba00 of size 512 next 174
2025-06-15 05:52:25.440098: I external/local_tsl/tsl/framework/bfc_allocator.cc:1095] InUse at 7fadd2e0bc00 of size 512 next 175
2025-06-15 05:52:25.440511: I external/local_tsl/tsl/framework/bfc_allocator.cc:1095] InUse at 7fadd2e0be00 of size 512 next 176
2025-06-15 05:52:25.440985: I external/local_tsl/tsl/framework/bfc_allocator.cc:1095] InUse at 7fadd2e0c000 of size 512 next 177
2025-06-15 05:52:25.441397: I external/local_tsl/tsl/framework/bfc_allocator.cc:1095] InUse at 7fadd2e0c200 of size 512 next 178
2025-06-15 05:52:25.441815: I external/local_tsl/tsl/framework/bfc_allocator.cc:1095] InUse at 7fadd2e0c400 of size 512 next 179
2025-06-15 05:52:25.442273: I external/local_tsl/tsl/framework/bfc_allocator.cc:1095] InUse at 7fadd2e0c600 of size 1024 next 181
2025-06-15 05:52:25.442737: I external/local_tsl/tsl/framework/bfc_allocator.cc:1095] InUse at 7fadd2e0ca00 of size 1024 next 182
2025-06-15 05:52:25.443173: I external/local_tsl/tsl/framework/bfc_allocator.cc:1095] InUse at 7fadd2e0ce00 of size 1024 next 183
2025-06-15 05:52:25.443577: I external/local_tsl/tsl/framework/bfc_allocator.cc:1095] InUse at 7fadd2e0d200 of size 1024 next 184
2025-06-15 05:52:25.443989: I external/local_tsl/tsl/framework/bfc_allocator.cc:1095] InUse at 7fadd2e0d600 of size 1024 next 185
2025-06-15 05:52:25.444412: I external/local_tsl/tsl/framework/bfc_allocator.cc:1095] InUse at 7fadd2e0da00 of size 1024 next 186
2025-06-15 05:52:25.444823: I external/local_tsl/tsl/framework/bfc_allocator.cc:1095] InUse at 7fadd2e0de00 of size 1024 next 188
2025-06-15 05:52:25.445256: I external/local_tsl/tsl/framework/bfc_allocator.cc:1095] InUse at 7fadd2e0e200 of size 1024 next 189
2025-06-15 05:52:25.445679: I external/local_tsl/tsl/framework/bfc_allocator.cc:1095] InUse at 7fadd2e0e600 of size 1024 next 190
2025-06-15 05:52:25.446107: I external/local_tsl/tsl/framework/bfc_allocator.cc:1095] InUse at 7fadd2e0ea00 of size 1024 next 191
2025-06-15 05:52:25.446519: I external/local_tsl/tsl/framework/bfc_allocator.cc:1095] InUse at 7fadd2e0ee00 of size 1024 next 192
2025-06-15 05:52:25.446955: I external/local_tsl/tsl/framework/bfc_allocator.cc:1095] InUse at 7fadd2e0f200 of size 1024 next 193
2025-06-15 05:52:25.447468: I external/local_tsl/tsl/framework/bfc_allocator.cc:1095] InUse at 7fadd2e0f600 of size 512 next 196
2025-06-15 05:52:25.448020: I external/local_tsl/tsl/framework/bfc_allocator.cc:1095] InUse at 7fadd2e0f800 of size 512 next 197
2025-06-15 05:52:25.448446: I external/local_tsl/tsl/framework/bfc_allocator.cc:1095] InUse at 7fadd2e0fa00 of size 512 next 199
2025-06-15 05:52:25.448874: I external/local_tsl/tsl/framework/bfc_allocator.cc:1095] InUse at 7fadd2e0fc00 of size 512 next 200
2025-06-15 05:52:25.449300: I external/local_tsl/tsl/framework/bfc_allocator.cc:1095] InUse at 7fadd2e0fe00 of size 512 next 201
2025-06-15 05:52:25.449748: I external/local_tsl/tsl/framework/bfc_allocator.cc:1095] InUse at 7fadd2e10000 of size 512 next 202
2025-06-15 05:52:25.450219: I external/local_tsl/tsl/framework/bfc_allocator.cc:1095] InUse at 7fadd2e10200 of size 512 next 203
2025-06-15 05:52:25.450645: I external/local_tsl/tsl/framework/bfc_allocator.cc:1095] InUse at 7fadd2e10400 of size 512 next 204
2025-06-15 05:52:25.451063: I external/local_tsl/tsl/framework/bfc_allocator.cc:1095] InUse at 7fadd2e10600 of size 512 next 207
2025-06-15 05:52:25.451556: I external/local_tsl/tsl/framework/bfc_allocator.cc:1095] InUse at 7fadd2e10800 of size 512 next 208
2025-06-15 05:52:25.452026: I external/local_tsl/tsl/framework/bfc_allocator.cc:1095] InUse at 7fadd2e10a00 of size 512 next 209
2025-06-15 05:52:25.452454: I external/local_tsl/tsl/framework/bfc_allocator.cc:1095] InUse at 7fadd2e10c00 of size 512 next 210
2025-06-15 05:52:25.452878: I external/local_tsl/tsl/framework/bfc_allocator.cc:1095] InUse at 7fadd2e10e00 of size 512 next 211
2025-06-15 05:52:25.453298: I external/local_tsl/tsl/framework/bfc_allocator.cc:1095] InUse at 7fadd2e11000 of size 512 next 212
2025-06-15 05:52:25.453743: I external/local_tsl/tsl/framework/bfc_allocator.cc:1095] InUse at 7fadd2e11200 of size 256 next 215
2025-06-15 05:52:25.454197: I external/local_tsl/tsl/framework/bfc_allocator.cc:1095] InUse at 7fadd2e11300 of size 256 next 216
2025-06-15 05:52:25.454623: I external/local_tsl/tsl/framework/bfc_allocator.cc:1095] InUse at 7fadd2e11400 of size 256 next 219
2025-06-15 05:52:25.455117: I external/local_tsl/tsl/framework/bfc_allocator.cc:1095] InUse at 7fadd2e11500 of size 256 next 220
2025-06-15 05:52:25.455555: I external/local_tsl/tsl/framework/bfc_allocator.cc:1095] InUse at 7fadd2e11600 of size 256 next 221
2025-06-15 05:52:25.456002: I external/local_tsl/tsl/framework/bfc_allocator.cc:1095] InUse at 7fadd2e11700 of size 256 next 222
2025-06-15 05:52:25.456410: I external/local_tsl/tsl/framework/bfc_allocator.cc:1095] InUse at 7fadd2e11800 of size 256 next 223
2025-06-15 05:52:25.456838: I external/local_tsl/tsl/framework/bfc_allocator.cc:1095] InUse at 7fadd2e11900 of size 256 next 224
2025-06-15 05:52:25.457257: I external/local_tsl/tsl/framework/bfc_allocator.cc:1095] InUse at 7fadd2e11a00 of size 256 next 227
2025-06-15 05:52:25.457654: I external/local_tsl/tsl/framework/bfc_allocator.cc:1095] InUse at 7fadd2e11b00 of size 256 next 228
2025-06-15 05:52:25.458075: I external/local_tsl/tsl/framework/bfc_allocator.cc:1095] InUse at 7fadd2e11c00 of size 256 next 229
2025-06-15 05:52:25.458541: I external/local_tsl/tsl/framework/bfc_allocator.cc:1095] InUse at 7fadd2e11d00 of size 256 next 230
2025-06-15 05:52:25.459013: I external/local_tsl/tsl/framework/bfc_allocator.cc:1095] InUse at 7fadd2e11e00 of size 256 next 231
2025-06-15 05:52:25.459436: I external/local_tsl/tsl/framework/bfc_allocator.cc:1095] InUse at 7fadd2e11f00 of size 256 next 232
2025-06-15 05:52:25.459837: I external/local_tsl/tsl/framework/bfc_allocator.cc:1095] InUse at 7fadd2e12000 of size 65536 next 233
2025-06-15 05:52:25.460183: I external/local_tsl/tsl/framework/bfc_allocator.cc:1095] InUse at 7fadd2e22000 of size 95232 next 19
2025-06-15 05:52:25.460634: I external/local_tsl/tsl/framework/bfc_allocator.cc:1095] InUse at 7fadd2e39400 of size 110592 next 18
2025-06-15 05:52:25.460965: I external/local_tsl/tsl/framework/bfc_allocator.cc:1095] InUse at 7fadd2e54400 of size 65536 next 115
2025-06-15 05:52:25.461283: I external/local_tsl/tsl/framework/bfc_allocator.cc:1095] InUse at 7fadd2e64400 of size 256 next 112
2025-06-15 05:52:25.461796: I external/local_tsl/tsl/framework/bfc_allocator.cc:1095] InUse at 7fadd2e64500 of size 256 next 114
2025-06-15 05:52:25.462236: I external/local_tsl/tsl/framework/bfc_allocator.cc:1095] InUse at 7fadd2e64600 of size 256 next 113
2025-06-15 05:52:25.462680: I external/local_tsl/tsl/framework/bfc_allocator.cc:1095] InUse at 7fadd2e64700 of size 256 next 111
2025-06-15 05:52:25.463100: I external/local_tsl/tsl/framework/bfc_allocator.cc:1095] InUse at 7fadd2e64800 of size 256 next 117
2025-06-15 05:52:25.463596: I external/local_tsl/tsl/framework/bfc_allocator.cc:1095] InUse at 7fadd2e64900 of size 256 next 118
2025-06-15 05:52:25.464059: I external/local_tsl/tsl/framework/bfc_allocator.cc:1095] InUse at 7fadd2e64a00 of size 256 next 120
2025-06-15 05:52:25.464511: I external/local_tsl/tsl/framework/bfc_allocator.cc:1095] InUse at 7fadd2e64b00 of size 256 next 119
2025-06-15 05:52:25.464933: I external/local_tsl/tsl/framework/bfc_allocator.cc:1095] InUse at 7fadd2e64c00 of size 256 next 121
2025-06-15 05:52:25.465401: I external/local_tsl/tsl/framework/bfc_allocator.cc:1095] InUse at 7fadd2e64d00 of size 256 next 123
2025-06-15 05:52:25.465825: I external/local_tsl/tsl/framework/bfc_allocator.cc:1095] InUse at 7fadd2e64e00 of size 256 next 124
2025-06-15 05:52:25.466254: I external/local_tsl/tsl/framework/bfc_allocator.cc:1095] InUse at 7fadd2e64f00 of size 256 next 125
2025-06-15 05:52:25.466656: I external/local_tsl/tsl/framework/bfc_allocator.cc:1095] InUse at 7fadd2e65000 of size 256 next 126
2025-06-15 05:52:25.467112: I external/local_tsl/tsl/framework/bfc_allocator.cc:1095] InUse at 7fadd2e65100 of size 256 next 128
2025-06-15 05:52:25.467592: I external/local_tsl/tsl/framework/bfc_allocator.cc:1095] InUse at 7fadd2e65200 of size 256 next 127
2025-06-15 05:52:25.468097: I external/local_tsl/tsl/framework/bfc_allocator.cc:1095] InUse at 7fadd2e65300 of size 256 next 129
2025-06-15 05:52:25.468638: I external/local_tsl/tsl/framework/bfc_allocator.cc:1095] InUse at 7fadd2e65400 of size 256 next 130
2025-06-15 05:52:25.469143: I external/local_tsl/tsl/framework/bfc_allocator.cc:1095] InUse at 7fadd2e65500 of size 256 next 131
2025-06-15 05:52:25.469595: I external/local_tsl/tsl/framework/bfc_allocator.cc:1095] InUse at 7fadd2e65600 of size 256 next 132
2025-06-15 05:52:25.470003: I external/local_tsl/tsl/framework/bfc_allocator.cc:1095] InUse at 7fadd2e65700 of size 256 next 133
2025-06-15 05:52:25.470445: I external/local_tsl/tsl/framework/bfc_allocator.cc:1095] InUse at 7fadd2e65800 of size 256 next 137
2025-06-15 05:52:25.470878: I external/local_tsl/tsl/framework/bfc_allocator.cc:1095] InUse at 7fadd2e65900 of size 256 next 136
2025-06-15 05:52:25.471308: I external/local_tsl/tsl/framework/bfc_allocator.cc:1095] InUse at 7fadd2e65a00 of size 3584 next 138
2025-06-15 05:52:25.471713: I external/local_tsl/tsl/framework/bfc_allocator.cc:1095] InUse at 7fadd2e66800 of size 3584 next 139
2025-06-15 05:52:25.472138: I external/local_tsl/tsl/framework/bfc_allocator.cc:1095] InUse at 7fadd2e67600 of size 256 next 140
2025-06-15 05:52:25.472568: I external/local_tsl/tsl/framework/bfc_allocator.cc:1095] InUse at 7fadd2e67700 of size 256 next 141
2025-06-15 05:52:25.472978: I external/local_tsl/tsl/framework/bfc_allocator.cc:1095] InUse at 7fadd2e67800 of size 256 next 142
2025-06-15 05:52:25.473385: I external/local_tsl/tsl/framework/bfc_allocator.cc:1095] InUse at 7fadd2e67900 of size 256 next 143
2025-06-15 05:52:25.473801: I external/local_tsl/tsl/framework/bfc_allocator.cc:1095] InUse at 7fadd2e67a00 of size 256 next 144
2025-06-15 05:52:25.474264: I external/local_tsl/tsl/framework/bfc_allocator.cc:1095] InUse at 7fadd2e67b00 of size 256 next 145
2025-06-15 05:52:25.474709: I external/local_tsl/tsl/framework/bfc_allocator.cc:1095] InUse at 7fadd2e67c00 of size 141312 next 27
2025-06-15 05:52:25.475126: I external/local_tsl/tsl/framework/bfc_allocator.cc:1095] InUse at 7fadd2e8a400 of size 221184 next 26
2025-06-15 05:52:25.475516: I external/local_tsl/tsl/framework/bfc_allocator.cc:1095] InUse at 7fadd2ec0400 of size 442368 next 159
2025-06-15 05:52:25.475947: I external/local_tsl/tsl/framework/bfc_allocator.cc:1095] InUse at 7fadd2f2c400 of size 867328 next 18446744073709551615
2025-06-15 05:52:25.476282: I external/local_tsl/tsl/framework/bfc_allocator.cc:1075] Next region of size 4194304
2025-06-15 05:52:25.476684: I external/local_tsl/tsl/framework/bfc_allocator.cc:1095] InUse at 7fadd3400000 of size 442368 next 37
2025-06-15 05:52:25.477078: I external/local_tsl/tsl/framework/bfc_allocator.cc:1095] InUse at 7fadd346c000 of size 221184 next 116
2025-06-15 05:52:25.477401: I external/local_tsl/tsl/framework/bfc_allocator.cc:1095] InUse at 7fadd34a2000 of size 110592 next 122
2025-06-15 05:52:25.477825: I external/local_tsl/tsl/framework/bfc_allocator.cc:1095] InUse at 7fadd34bd000 of size 192512 next 99
2025-06-15 05:52:25.478178: I external/local_tsl/tsl/framework/bfc_allocator.cc:1095] InUse at 7fadd34ec000 of size 360448 next 44
2025-06-15 05:52:25.478525: I external/local_tsl/tsl/framework/bfc_allocator.cc:1095] InUse at 7fadd3544000 of size 884736 next 43
2025-06-15 05:52:25.478988: I external/local_tsl/tsl/framework/bfc_allocator.cc:1095] InUse at 7fadd361c000 of size 1982464 next 18446744073709551615
2025-06-15 05:52:25.479369: I external/local_tsl/tsl/framework/bfc_allocator.cc:1075] Next region of size 8388608
2025-06-15 05:52:25.479779: I external/local_tsl/tsl/framework/bfc_allocator.cc:1095] InUse at 7fadd3800000 of size 884736 next 166
2025-06-15 05:52:25.480183: I external/local_tsl/tsl/framework/bfc_allocator.cc:1095] InUse at 7fadd38d8000 of size 884736 next 54
2025-06-15 05:52:25.480667: I external/local_tsl/tsl/framework/bfc_allocator.cc:1095] InUse at 7fadd39b0000 of size 1769472 next 52
2025-06-15 05:52:25.481076: I external/local_tsl/tsl/framework/bfc_allocator.cc:1095] InUse at 7fadd3b60000 of size 4849664 next 18446744073709551615
2025-06-15 05:52:25.481576: I external/local_tsl/tsl/framework/bfc_allocator.cc:1100]      Summary of in-use Chunks by size: 
2025-06-15 05:52:25.482076: I external/local_tsl/tsl/framework/bfc_allocator.cc:1103] 155 Chunks of size 256 totalling 38.8KiB
2025-06-15 05:52:25.482521: I external/local_tsl/tsl/framework/bfc_allocator.cc:1103] 55 Chunks of size 512 totalling 27.5KiB
2025-06-15 05:52:25.482969: I external/local_tsl/tsl/framework/bfc_allocator.cc:1103] 26 Chunks of size 1024 totalling 26.0KiB
2025-06-15 05:52:25.483393: I external/local_tsl/tsl/framework/bfc_allocator.cc:1103] 1 Chunks of size 1280 totalling 1.2KiB
2025-06-15 05:52:25.483821: I external/local_tsl/tsl/framework/bfc_allocator.cc:1103] 3 Chunks of size 3584 totalling 10.5KiB
2025-06-15 05:52:25.484230: I external/local_tsl/tsl/framework/bfc_allocator.cc:1103] 2 Chunks of size 65536 totalling 128.0KiB
2025-06-15 05:52:25.484649: I external/local_tsl/tsl/framework/bfc_allocator.cc:1103] 1 Chunks of size 95232 totalling 93.0KiB
2025-06-15 05:52:25.485071: I external/local_tsl/tsl/framework/bfc_allocator.cc:1103] 4 Chunks of size 110592 totalling 432.0KiB
2025-06-15 05:52:25.485514: I external/local_tsl/tsl/framework/bfc_allocator.cc:1103] 1 Chunks of size 141312 totalling 138.0KiB
2025-06-15 05:52:25.485945: I external/local_tsl/tsl/framework/bfc_allocator.cc:1103] 1 Chunks of size 192512 totalling 188.0KiB
2025-06-15 05:52:25.486405: I external/local_tsl/tsl/framework/bfc_allocator.cc:1103] 6 Chunks of size 221184 totalling 1.27MiB
2025-06-15 05:52:25.486816: I external/local_tsl/tsl/framework/bfc_allocator.cc:1103] 2 Chunks of size 262144 totalling 512.0KiB
2025-06-15 05:52:25.487265: I external/local_tsl/tsl/framework/bfc_allocator.cc:1103] 1 Chunks of size 360448 totalling 352.0KiB
2025-06-15 05:52:25.487680: I external/local_tsl/tsl/framework/bfc_allocator.cc:1103] 5 Chunks of size 442368 totalling 2.11MiB
2025-06-15 05:52:25.488152: I external/local_tsl/tsl/framework/bfc_allocator.cc:1103] 1 Chunks of size 867328 totalling 847.0KiB
2025-06-15 05:52:25.488653: I external/local_tsl/tsl/framework/bfc_allocator.cc:1103] 6 Chunks of size 884736 totalling 5.06MiB
2025-06-15 05:52:25.489104: I external/local_tsl/tsl/framework/bfc_allocator.cc:1103] 2 Chunks of size 1048576 totalling 2.00MiB
2025-06-15 05:52:25.489607: I external/local_tsl/tsl/framework/bfc_allocator.cc:1103] 6 Chunks of size 1769472 totalling 10.12MiB
2025-06-15 05:52:25.490056: I external/local_tsl/tsl/framework/bfc_allocator.cc:1103] 1 Chunks of size 1982464 totalling 1.89MiB
2025-06-15 05:52:25.490536: I external/local_tsl/tsl/framework/bfc_allocator.cc:1103] 4 Chunks of size 3538944 totalling 13.50MiB
2025-06-15 05:52:25.490972: I external/local_tsl/tsl/framework/bfc_allocator.cc:1103] 1 Chunks of size 4063232 totalling 3.88MiB
2025-06-15 05:52:25.491390: I external/local_tsl/tsl/framework/bfc_allocator.cc:1103] 1 Chunks of size 4849664 totalling 4.62MiB
2025-06-15 05:52:25.491795: I external/local_tsl/tsl/framework/bfc_allocator.cc:1103] 2 Chunks of size 7077888 totalling 13.50MiB
2025-06-15 05:52:25.492214: I external/local_tsl/tsl/framework/bfc_allocator.cc:1103] 1 Chunks of size 12320768 totalling 11.75MiB
2025-06-15 05:52:25.492631: I external/local_tsl/tsl/framework/bfc_allocator.cc:1103] 2 Chunks of size 15138816 totalling 28.88MiB
2025-06-15 05:52:25.492992: I external/local_tsl/tsl/framework/bfc_allocator.cc:1103] 4 Chunks of size 30277632 totalling 115.50MiB
2025-06-15 05:52:25.493321: I external/local_tsl/tsl/framework/bfc_allocator.cc:1103] 2 Chunks of size 60555264 totalling 115.50MiB
2025-06-15 05:52:25.493629: I external/local_tsl/tsl/framework/bfc_allocator.cc:1103] 1 Chunks of size 73662464 totalling 70.25MiB
2025-06-15 05:52:25.494015: I external/local_tsl/tsl/framework/bfc_allocator.cc:1103] 1 Chunks of size 116654080 totalling 111.25MiB
2025-06-15 05:52:25.494346: I external/local_tsl/tsl/framework/bfc_allocator.cc:1103] 6 Chunks of size 121110528 totalling 693.00MiB
2025-06-15 05:52:25.494825: I external/local_tsl/tsl/framework/bfc_allocator.cc:1103] 2 Chunks of size 209715200 totalling 400.00MiB
2025-06-15 05:52:25.495202: I external/local_tsl/tsl/framework/bfc_allocator.cc:1103] 3 Chunks of size 242221056 totalling 693.00MiB
2025-06-15 05:52:25.495594: I external/local_tsl/tsl/framework/bfc_allocator.cc:1103] 8 Chunks of size 484442112 totalling 3.61GiB
2025-06-15 05:52:25.495984: I external/local_tsl/tsl/framework/bfc_allocator.cc:1103] 1 Chunks of size 968884224 totalling 924.00MiB
2025-06-15 05:52:25.496329: I external/local_tsl/tsl/framework/bfc_allocator.cc:1103] 6 Chunks of size 1937768448 totalling 10.83GiB
2025-06-15 05:52:25.496750: I external/local_tsl/tsl/framework/bfc_allocator.cc:1107] Sum Total of in-use chunks: 17.58GiB
2025-06-15 05:52:25.497389: I external/local_tsl/tsl/framework/bfc_allocator.cc:1109] Total bytes in pool: 23575789568 memory_limit_: 23575789568 available bytes: 0 curr_region_allocation_bytes_: 34359738368
2025-06-15 05:52:25.497851: I external/local_tsl/tsl/framework/bfc_allocator.cc:1114] Stats: 
Limit:                     23575789568
InUse:                     18882553856
MaxInUse:                  22800760320
NumAllocs:                         912
MaxAllocSize:               4135495424
Reserved:                            0
PeakReserved:                        0
LargestFreeBlock:                    0

2025-06-15 05:52:25.498298: W external/local_tsl/tsl/framework/bfc_allocator.cc:497] ________*********________************************************_**************************************
2025-06-15 05:52:25.498712: W tensorflow/core/framework/op_kernel.cc:1839] OP_REQUIRES failed at concat_op.cc:165 : RESOURCE_EXHAUSTED: OOM when allocating tensor with shape[2,64,192,224,176] and type float on /job:localhost/replica:0/task:0/device:GPU:0 by allocator GPU_0_bfc
Traceback (most recent call last):
  File "/mnt/beegfs/hellgate/home/rb194958e/stroke_segmentation_sota/batch_wise_train.py", line 277, in <module>
    if main():
       ^^^^^^
  File "/mnt/beegfs/hellgate/home/rb194958e/stroke_segmentation_sota/batch_wise_train.py", line 256, in main
    history = model.fit(
              ^^^^^^^^^^
  File "/mnt/beegfs/hellgate/home/rb194958e/.conda/envs/tf215_env/lib/python3.11/site-packages/keras/src/utils/traceback_utils.py", line 70, in error_handler
    raise e.with_traceback(filtered_tb) from None
  File "/mnt/beegfs/hellgate/home/rb194958e/.conda/envs/tf215_env/lib/python3.11/site-packages/tensorflow/python/eager/execute.py", line 53, in quick_execute
    tensors = pywrap_tfe.TFE_Py_Execute(ctx._handle, device_name, op_name,
  ^^^^^^^^^^^^^^^^^^^^^^^^^^^^^^^^^^^^^^^^^^^^^^^^^^^^^^^^^^^^^^^^^^^^^^^^
tensorflow.python.framework.errors_impl.ResourceExhaustedError: Graph execution error:

Detected at node model/concatenate_2/concat defined at (most recent call last):
  File "/mnt/beegfs/hellgate/home/rb194958e/stroke_segmentation_sota/batch_wise_train.py", line 277, in <module>

  File "/mnt/beegfs/hellgate/home/rb194958e/stroke_segmentation_sota/batch_wise_train.py", line 256, in main

  File "/mnt/beegfs/hellgate/home/rb194958e/.conda/envs/tf215_env/lib/python3.11/site-packages/keras/src/utils/traceback_utils.py", line 65, in error_handler

  File "/mnt/beegfs/hellgate/home/rb194958e/.conda/envs/tf215_env/lib/python3.11/site-packages/keras/src/engine/training.py", line 1807, in fit

  File "/mnt/beegfs/hellgate/home/rb194958e/.conda/envs/tf215_env/lib/python3.11/site-packages/keras/src/engine/training.py", line 1401, in train_function

  File "/mnt/beegfs/hellgate/home/rb194958e/.conda/envs/tf215_env/lib/python3.11/site-packages/keras/src/engine/training.py", line 1384, in step_function

  File "/mnt/beegfs/hellgate/home/rb194958e/.conda/envs/tf215_env/lib/python3.11/site-packages/keras/src/engine/training.py", line 1373, in run_step

  File "/mnt/beegfs/hellgate/home/rb194958e/.conda/envs/tf215_env/lib/python3.11/site-packages/keras/src/engine/training.py", line 1150, in train_step

  File "/mnt/beegfs/hellgate/home/rb194958e/.conda/envs/tf215_env/lib/python3.11/site-packages/keras/src/utils/traceback_utils.py", line 65, in error_handler

  File "/mnt/beegfs/hellgate/home/rb194958e/.conda/envs/tf215_env/lib/python3.11/site-packages/keras/src/engine/training.py", line 590, in __call__

  File "/mnt/beegfs/hellgate/home/rb194958e/.conda/envs/tf215_env/lib/python3.11/site-packages/keras/src/utils/traceback_utils.py", line 65, in error_handler

  File "/mnt/beegfs/hellgate/home/rb194958e/.conda/envs/tf215_env/lib/python3.11/site-packages/keras/src/engine/base_layer.py", line 1149, in __call__

  File "/mnt/beegfs/hellgate/home/rb194958e/.conda/envs/tf215_env/lib/python3.11/site-packages/keras/src/utils/traceback_utils.py", line 96, in error_handler

  File "/mnt/beegfs/hellgate/home/rb194958e/.conda/envs/tf215_env/lib/python3.11/site-packages/keras/src/engine/functional.py", line 515, in call

  File "/mnt/beegfs/hellgate/home/rb194958e/.conda/envs/tf215_env/lib/python3.11/site-packages/keras/src/engine/functional.py", line 672, in _run_internal_graph

  File "/mnt/beegfs/hellgate/home/rb194958e/.conda/envs/tf215_env/lib/python3.11/site-packages/keras/src/utils/traceback_utils.py", line 65, in error_handler

  File "/mnt/beegfs/hellgate/home/rb194958e/.conda/envs/tf215_env/lib/python3.11/site-packages/keras/src/engine/base_layer.py", line 1149, in __call__

  File "/mnt/beegfs/hellgate/home/rb194958e/.conda/envs/tf215_env/lib/python3.11/site-packages/keras/src/utils/traceback_utils.py", line 96, in error_handler

  File "/mnt/beegfs/hellgate/home/rb194958e/.conda/envs/tf215_env/lib/python3.11/site-packages/keras/src/layers/merging/base_merge.py", line 196, in call

  File "/mnt/beegfs/hellgate/home/rb194958e/.conda/envs/tf215_env/lib/python3.11/site-packages/keras/src/layers/merging/concatenate.py", line 134, in _merge_function

  File "/mnt/beegfs/hellgate/home/rb194958e/.conda/envs/tf215_env/lib/python3.11/site-packages/keras/src/backend.py", line 3580, in concatenate

OOM when allocating tensor with shape[2,64,192,224,176] and type float on /job:localhost/replica:0/task:0/device:GPU:0 by allocator GPU_0_bfc
	 [[{{node model/concatenate_2/concat}}]]
Hint: If you want to see a list of allocated tensors when OOM happens, add report_tensor_allocations_upon_oom to RunOptions for current allocation info. This isn't available when running in Eager mode.
 [Op:__inference_train_function_7309]
2025-06-15 05:52:25.662134: W tensorflow/core/kernels/data/generator_dataset_op.cc:108] Error occurred when finalizing GeneratorDataset iterator: FAILED_PRECONDITION: Python interpreter state is not initialized. The process may be terminated.
	 [[{{node PyFunc}}]]
/var/spool/slurmd/job1124371/slurm_script: line 320: EOF: command not found
/var/spool/slurmd/job1124371/slurm_script: line 330: unexpected EOF while looking for matching ``'
/var/spool/slurmd/job1124371/slurm_script: line 339: syntax error: unexpected end of file
