2025-06-14 09:37:19.688927: I tensorflow/core/util/port.cc:113] oneDNN custom operations are on. You may see slightly different numerical results due to floating-point round-off errors from different computation orders. To turn them off, set the environment variable `TF_ENABLE_ONEDNN_OPTS=0`.
2025-06-14 09:37:20.277554: E external/local_xla/xla/stream_executor/cuda/cuda_dnn.cc:9261] Unable to register cuDNN factory: Attempting to register factory for plugin cuDNN when one has already been registered
2025-06-14 09:37:20.278210: E external/local_xla/xla/stream_executor/cuda/cuda_fft.cc:607] Unable to register cuFFT factory: Attempting to register factory for plugin cuFFT when one has already been registered
2025-06-14 09:37:20.395593: E external/local_xla/xla/stream_executor/cuda/cuda_blas.cc:1515] Unable to register cuBLAS factory: Attempting to register factory for plugin cuBLAS when one has already been registered
2025-06-14 09:37:20.638143: I tensorflow/core/platform/cpu_feature_guard.cc:182] This TensorFlow binary is optimized to use available CPU instructions in performance-critical operations.
To enable the following instructions: AVX2 AVX512F AVX512_VNNI FMA, in other operations, rebuild TensorFlow with the appropriate compiler flags.
2025-06-14 09:37:27.137026: W tensorflow/compiler/tf2tensorrt/utils/py_utils.cc:38] TF-TRT Warning: Could not find TensorRT
INFO:__main__:🚀 Starting Stroke Lesion Segmentation Training
INFO:__main__:Using 1 GPU(s)
INFO:__main__:Creating data generators...
INFO:__main__:Found 655 valid image/mask pairs
INFO:__main__:Found 655 valid image/mask pairs
INFO:__main__:Training batches: 262
INFO:__main__:Validation batches: 65
INFO:__main__:Building model...
2025-06-14 09:37:41.118355: I tensorflow/core/common_runtime/gpu/gpu_device.cc:1929] Created device /job:localhost/replica:0/task:0/device:GPU:0 with 22483 MB memory:  -> device: 0, name: NVIDIA RTX 4500 Ada Generation, pci bus id: 0000:1c:00.0, compute capability: 8.9
INFO:__main__:Model parameters: 5,605,345
INFO:__main__:Starting training...
pixdim[0] (qfac) should be 1 (default) or -1; setting qfac to 1
INFO:nibabel.global:pixdim[0] (qfac) should be 1 (default) or -1; setting qfac to 1
pixdim[0] (qfac) should be 1 (default) or -1; setting qfac to 1
INFO:nibabel.global:pixdim[0] (qfac) should be 1 (default) or -1; setting qfac to 1
pixdim[0] (qfac) should be 1 (default) or -1; setting qfac to 1
INFO:nibabel.global:pixdim[0] (qfac) should be 1 (default) or -1; setting qfac to 1
pixdim[0] (qfac) should be 1 (default) or -1; setting qfac to 1
INFO:nibabel.global:pixdim[0] (qfac) should be 1 (default) or -1; setting qfac to 1
2025-06-14 09:37:48.956290: I external/local_xla/xla/stream_executor/cuda/cuda_dnn.cc:454] Loaded cuDNN version 8907
pixdim[0] (qfac) should be 1 (default) or -1; setting qfac to 1
INFO:nibabel.global:pixdim[0] (qfac) should be 1 (default) or -1; setting qfac to 1
pixdim[0] (qfac) should be 1 (default) or -1; setting qfac to 1
INFO:nibabel.global:pixdim[0] (qfac) should be 1 (default) or -1; setting qfac to 1
pixdim[0] (qfac) should be 1 (default) or -1; setting qfac to 1
INFO:nibabel.global:pixdim[0] (qfac) should be 1 (default) or -1; setting qfac to 1
pixdim[0] (qfac) should be 1 (default) or -1; setting qfac to 1
INFO:nibabel.global:pixdim[0] (qfac) should be 1 (default) or -1; setting qfac to 1
2025-06-14 09:38:05.465661: W external/local_tsl/tsl/framework/bfc_allocator.cc:296] Allocator (GPU_0_bfc) ran out of memory trying to allocate 2.27GiB with freed_by_count=0. The caller indicates that this is not a failure, but this may mean that there could be performance gains if more memory were available.
2025-06-14 09:38:05.567004: W external/local_tsl/tsl/framework/bfc_allocator.cc:296] Allocator (GPU_0_bfc) ran out of memory trying to allocate 2.30GiB with freed_by_count=0. The caller indicates that this is not a failure, but this may mean that there could be performance gains if more memory were available.
2025-06-14 09:38:05.568125: W external/local_tsl/tsl/framework/bfc_allocator.cc:296] Allocator (GPU_0_bfc) ran out of memory trying to allocate 2.27GiB with freed_by_count=0. The caller indicates that this is not a failure, but this may mean that there could be performance gains if more memory were available.
2025-06-14 09:38:06.188318: W external/local_tsl/tsl/framework/bfc_allocator.cc:296] Allocator (GPU_0_bfc) ran out of memory trying to allocate 2.27GiB with freed_by_count=0. The caller indicates that this is not a failure, but this may mean that there could be performance gains if more memory were available.
2025-06-14 09:38:06.241607: W external/local_tsl/tsl/framework/bfc_allocator.cc:296] Allocator (GPU_0_bfc) ran out of memory trying to allocate 2.30GiB with freed_by_count=0. The caller indicates that this is not a failure, but this may mean that there could be performance gains if more memory were available.
2025-06-14 09:38:06.242440: W external/local_tsl/tsl/framework/bfc_allocator.cc:296] Allocator (GPU_0_bfc) ran out of memory trying to allocate 2.27GiB with freed_by_count=0. The caller indicates that this is not a failure, but this may mean that there could be performance gains if more memory were available.
2025-06-14 09:38:16.863015: W external/local_tsl/tsl/framework/bfc_allocator.cc:485] Allocator (GPU_0_bfc) ran out of memory trying to allocate 3.61GiB (rounded to 3875536896)requested by op model/concatenate_2/concat
If the cause is memory fragmentation maybe the environment variable 'TF_GPU_ALLOCATOR=cuda_malloc_async' will improve the situation. 
Current allocation summary follows.
Current allocation summary follows.
2025-06-14 09:38:16.863851: I external/local_tsl/tsl/framework/bfc_allocator.cc:1039] BFCAllocator dump for GPU_0_bfc
2025-06-14 09:38:16.864459: I external/local_tsl/tsl/framework/bfc_allocator.cc:1046] Bin (256): 	Total Chunks: 155, Chunks in use: 155. 38.8KiB allocated for chunks. 38.8KiB in use in bin. 20.7KiB client-requested in use in bin.
2025-06-14 09:38:16.865043: I external/local_tsl/tsl/framework/bfc_allocator.cc:1046] Bin (512): 	Total Chunks: 56, Chunks in use: 55. 28.0KiB allocated for chunks. 27.5KiB in use in bin. 27.5KiB client-requested in use in bin.
2025-06-14 09:38:16.865484: I external/local_tsl/tsl/framework/bfc_allocator.cc:1046] Bin (1024): 	Total Chunks: 27, Chunks in use: 27. 27.2KiB allocated for chunks. 27.2KiB in use in bin. 27.0KiB client-requested in use in bin.
2025-06-14 09:38:16.865886: I external/local_tsl/tsl/framework/bfc_allocator.cc:1046] Bin (2048): 	Total Chunks: 3, Chunks in use: 3. 10.5KiB allocated for chunks. 10.5KiB in use in bin. 10.1KiB client-requested in use in bin.
2025-06-14 09:38:16.866265: I external/local_tsl/tsl/framework/bfc_allocator.cc:1046] Bin (4096): 	Total Chunks: 0, Chunks in use: 0. 0B allocated for chunks. 0B in use in bin. 0B client-requested in use in bin.
2025-06-14 09:38:16.866617: I external/local_tsl/tsl/framework/bfc_allocator.cc:1046] Bin (8192): 	Total Chunks: 0, Chunks in use: 0. 0B allocated for chunks. 0B in use in bin. 0B client-requested in use in bin.
2025-06-14 09:38:16.866996: I external/local_tsl/tsl/framework/bfc_allocator.cc:1046] Bin (16384): 	Total Chunks: 0, Chunks in use: 0. 0B allocated for chunks. 0B in use in bin. 0B client-requested in use in bin.
2025-06-14 09:38:16.867409: I external/local_tsl/tsl/framework/bfc_allocator.cc:1046] Bin (32768): 	Total Chunks: 0, Chunks in use: 0. 0B allocated for chunks. 0B in use in bin. 0B client-requested in use in bin.
2025-06-14 09:38:16.867883: I external/local_tsl/tsl/framework/bfc_allocator.cc:1046] Bin (65536): 	Total Chunks: 7, Chunks in use: 7. 653.0KiB allocated for chunks. 653.0KiB in use in bin. 624.0KiB client-requested in use in bin.
2025-06-14 09:38:16.868282: I external/local_tsl/tsl/framework/bfc_allocator.cc:1046] Bin (131072): 	Total Chunks: 8, Chunks in use: 8. 1.58MiB allocated for chunks. 1.58MiB in use in bin. 1.48MiB client-requested in use in bin.
2025-06-14 09:38:16.868631: I external/local_tsl/tsl/framework/bfc_allocator.cc:1046] Bin (262144): 	Total Chunks: 8, Chunks in use: 8. 2.95MiB allocated for chunks. 2.95MiB in use in bin. 2.86MiB client-requested in use in bin.
2025-06-14 09:38:16.868988: I external/local_tsl/tsl/framework/bfc_allocator.cc:1046] Bin (524288): 	Total Chunks: 7, Chunks in use: 7. 5.89MiB allocated for chunks. 5.89MiB in use in bin. 5.48MiB client-requested in use in bin.
2025-06-14 09:38:16.869327: I external/local_tsl/tsl/framework/bfc_allocator.cc:1046] Bin (1048576): 	Total Chunks: 9, Chunks in use: 9. 14.02MiB allocated for chunks. 14.02MiB in use in bin. 13.12MiB client-requested in use in bin.
2025-06-14 09:38:16.869678: I external/local_tsl/tsl/framework/bfc_allocator.cc:1046] Bin (2097152): 	Total Chunks: 5, Chunks in use: 5. 17.38MiB allocated for chunks. 17.38MiB in use in bin. 16.88MiB client-requested in use in bin.
2025-06-14 09:38:16.870077: I external/local_tsl/tsl/framework/bfc_allocator.cc:1046] Bin (4194304): 	Total Chunks: 3, Chunks in use: 3. 18.12MiB allocated for chunks. 18.12MiB in use in bin. 16.88MiB client-requested in use in bin.
2025-06-14 09:38:16.870469: I external/local_tsl/tsl/framework/bfc_allocator.cc:1046] Bin (8388608): 	Total Chunks: 3, Chunks in use: 3. 40.62MiB allocated for chunks. 40.62MiB in use in bin. 35.62MiB client-requested in use in bin.
2025-06-14 09:38:16.870869: I external/local_tsl/tsl/framework/bfc_allocator.cc:1046] Bin (16777216): 	Total Chunks: 5, Chunks in use: 4. 140.19MiB allocated for chunks. 115.50MiB in use in bin. 115.50MiB client-requested in use in bin.
2025-06-14 09:38:16.871255: I external/local_tsl/tsl/framework/bfc_allocator.cc:1046] Bin (33554432): 	Total Chunks: 2, Chunks in use: 2. 115.50MiB allocated for chunks. 115.50MiB in use in bin. 115.50MiB client-requested in use in bin.
2025-06-14 09:38:16.871651: I external/local_tsl/tsl/framework/bfc_allocator.cc:1046] Bin (67108864): 	Total Chunks: 8, Chunks in use: 8. 874.50MiB allocated for chunks. 874.50MiB in use in bin. 808.50MiB client-requested in use in bin.
2025-06-14 09:38:16.872059: I external/local_tsl/tsl/framework/bfc_allocator.cc:1046] Bin (134217728): 	Total Chunks: 5, Chunks in use: 5. 1.07GiB allocated for chunks. 1.07GiB in use in bin. 924.00MiB client-requested in use in bin.
2025-06-14 09:38:16.872470: I external/local_tsl/tsl/framework/bfc_allocator.cc:1046] Bin (268435456): 	Total Chunks: 18, Chunks in use: 15. 19.69GiB allocated for chunks. 15.34GiB in use in bin. 15.34GiB client-requested in use in bin.
2025-06-14 09:38:16.872849: I external/local_tsl/tsl/framework/bfc_allocator.cc:1062] Bin for 3.61GiB was 256.00MiB, Chunk State: 
2025-06-14 09:38:16.873243: I external/local_tsl/tsl/framework/bfc_allocator.cc:1068]   Size: 453.50MiB | Requested Size: 16.00MiB | in_use: 0 | bin_num: 20, prev:   Size: 462.00MiB | Requested Size: 462.00MiB | in_use: 1 | bin_num: -1
2025-06-14 09:38:16.873637: I external/local_tsl/tsl/framework/bfc_allocator.cc:1068]   Size: 1.80GiB | Requested Size: 1.80GiB | in_use: 0 | bin_num: 20, next:   Size: 1.80GiB | Requested Size: 1.80GiB | in_use: 1 | bin_num: -1
2025-06-14 09:38:16.874022: I external/local_tsl/tsl/framework/bfc_allocator.cc:1068]   Size: 2.10GiB | Requested Size: 1.82GiB | in_use: 0 | bin_num: 20, prev:   Size: 1.80GiB | Requested Size: 1.80GiB | in_use: 1 | bin_num: -1
2025-06-14 09:38:16.874399: I external/local_tsl/tsl/framework/bfc_allocator.cc:1075] Next region of size 6129582080
2025-06-14 09:38:16.874879: I external/local_tsl/tsl/framework/bfc_allocator.cc:1095] Free  at 7f0bbe000000 of size 1937768448 next 107
2025-06-14 09:38:16.875241: I external/local_tsl/tsl/framework/bfc_allocator.cc:1095] InUse at 7f0c31800000 of size 1937768448 next 329
2025-06-14 09:38:16.875662: I external/local_tsl/tsl/framework/bfc_allocator.cc:1095] Free  at 7f0ca5000000 of size 2254045184 next 18446744073709551615
2025-06-14 09:38:16.876062: I external/local_tsl/tsl/framework/bfc_allocator.cc:1075] Next region of size 8589934592
2025-06-14 09:38:16.876485: I external/local_tsl/tsl/framework/bfc_allocator.cc:1095] InUse at 7f0d58000000 of size 1937768448 next 281
2025-06-14 09:38:16.876886: I external/local_tsl/tsl/framework/bfc_allocator.cc:1095] InUse at 7f0dcb800000 of size 242221056 next 282
2025-06-14 09:38:16.877267: I external/local_tsl/tsl/framework/bfc_allocator.cc:1095] InUse at 7f0dd9f00000 of size 484442112 next 283
2025-06-14 09:38:16.877612: I external/local_tsl/tsl/framework/bfc_allocator.cc:1095] InUse at 7f0df6d00000 of size 484442112 next 284
2025-06-14 09:38:16.877940: I external/local_tsl/tsl/framework/bfc_allocator.cc:1095] InUse at 7f0e13b00000 of size 484442112 next 29
2025-06-14 09:38:16.878298: I external/local_tsl/tsl/framework/bfc_allocator.cc:1095] InUse at 7f0e30900000 of size 484442112 next 288
2025-06-14 09:38:16.878665: I external/local_tsl/tsl/framework/bfc_allocator.cc:1095] InUse at 7f0e4d700000 of size 484442112 next 292
2025-06-14 09:38:16.879042: I external/local_tsl/tsl/framework/bfc_allocator.cc:1095] InUse at 7f0e6a500000 of size 121110528 next 47
2025-06-14 09:38:16.879399: I external/local_tsl/tsl/framework/bfc_allocator.cc:1095] InUse at 7f0e71880000 of size 121110528 next 296
2025-06-14 09:38:16.879732: I external/local_tsl/tsl/framework/bfc_allocator.cc:1095] InUse at 7f0e78c00000 of size 121110528 next 300
2025-06-14 09:38:16.880071: I external/local_tsl/tsl/framework/bfc_allocator.cc:1095] InUse at 7f0e7ff80000 of size 30277632 next 302
2025-06-14 09:38:16.880437: I external/local_tsl/tsl/framework/bfc_allocator.cc:1095] InUse at 7f0e81c60000 of size 30277632 next 303
2025-06-14 09:38:16.880833: I external/local_tsl/tsl/framework/bfc_allocator.cc:1095] InUse at 7f0e83940000 of size 30277632 next 66
2025-06-14 09:38:16.881238: I external/local_tsl/tsl/framework/bfc_allocator.cc:1095] InUse at 7f0e85620000 of size 30277632 next 307
2025-06-14 09:38:16.881633: I external/local_tsl/tsl/framework/bfc_allocator.cc:1095] InUse at 7f0e87300000 of size 121110528 next 76
2025-06-14 09:38:16.882009: I external/local_tsl/tsl/framework/bfc_allocator.cc:1095] InUse at 7f0e8e680000 of size 121110528 next 312
2025-06-14 09:38:16.882357: I external/local_tsl/tsl/framework/bfc_allocator.cc:1095] InUse at 7f0e95a00000 of size 242221056 next 311
2025-06-14 09:38:16.882719: I external/local_tsl/tsl/framework/bfc_allocator.cc:1095] InUse at 7f0ea4100000 of size 121110528 next 85
2025-06-14 09:38:16.883044: I external/local_tsl/tsl/framework/bfc_allocator.cc:1095] InUse at 7f0eab480000 of size 484442112 next 325
2025-06-14 09:38:16.883394: I external/local_tsl/tsl/framework/bfc_allocator.cc:1095] InUse at 7f0ec8280000 of size 484442112 next 320
2025-06-14 09:38:16.883722: I external/local_tsl/tsl/framework/bfc_allocator.cc:1095] InUse at 7f0ee5080000 of size 968884224 next 319
2025-06-14 09:38:16.884070: I external/local_tsl/tsl/framework/bfc_allocator.cc:1095] InUse at 7f0f1ec80000 of size 484442112 next 91
2025-06-14 09:38:16.884378: I external/local_tsl/tsl/framework/bfc_allocator.cc:1095] Free  at 7f0f3ba80000 of size 475529216 next 18446744073709551615
2025-06-14 09:38:16.884735: I external/local_tsl/tsl/framework/bfc_allocator.cc:1075] Next region of size 4294967296
2025-06-14 09:38:16.885228: I external/local_tsl/tsl/framework/bfc_allocator.cc:1095] InUse at 7f0f7c000000 of size 1937768448 next 11
2025-06-14 09:38:16.885571: I external/local_tsl/tsl/framework/bfc_allocator.cc:1095] InUse at 7f0fef800000 of size 1937768448 next 276
2025-06-14 09:38:16.885957: I external/local_tsl/tsl/framework/bfc_allocator.cc:1095] InUse at 7f1063000000 of size 242221056 next 20
2025-06-14 09:38:16.886321: I external/local_tsl/tsl/framework/bfc_allocator.cc:1095] InUse at 7f1071700000 of size 60555264 next 38
2025-06-14 09:38:16.886638: I external/local_tsl/tsl/framework/bfc_allocator.cc:1095] InUse at 7f10750c0000 of size 116654080 next 18446744073709551615
2025-06-14 09:38:16.886974: I external/local_tsl/tsl/framework/bfc_allocator.cc:1075] Next region of size 2147483648
2025-06-14 09:38:16.887390: I external/local_tsl/tsl/framework/bfc_allocator.cc:1095] InUse at 7f10a8000000 of size 1937768448 next 270
2025-06-14 09:38:16.887727: I external/local_tsl/tsl/framework/bfc_allocator.cc:1095] InUse at 7f111b800000 of size 209715200 next 18446744073709551615
2025-06-14 09:38:16.888074: I external/local_tsl/tsl/framework/bfc_allocator.cc:1075] Next region of size 2147483648
2025-06-14 09:38:16.888516: I external/local_tsl/tsl/framework/bfc_allocator.cc:1095] InUse at 7f112e000000 of size 1937768448 next 269
2025-06-14 09:38:16.888862: I external/local_tsl/tsl/framework/bfc_allocator.cc:1095] InUse at 7f11a1800000 of size 209715200 next 18446744073709551615
2025-06-14 09:38:16.889183: I external/local_tsl/tsl/framework/bfc_allocator.cc:1075] Next region of size 134217728
2025-06-14 09:38:16.889620: I external/local_tsl/tsl/framework/bfc_allocator.cc:1095] InUse at 7f1240000000 of size 60555264 next 265
2025-06-14 09:38:16.890001: I external/local_tsl/tsl/framework/bfc_allocator.cc:1095] InUse at 7f12439c0000 of size 73662464 next 18446744073709551615
2025-06-14 09:38:16.890345: I external/local_tsl/tsl/framework/bfc_allocator.cc:1075] Next region of size 67108864
2025-06-14 09:38:16.890781: I external/local_tsl/tsl/framework/bfc_allocator.cc:1095] InUse at 7f1248000000 of size 3538944 next 198
2025-06-14 09:38:16.891167: I external/local_tsl/tsl/framework/bfc_allocator.cc:1095] InUse at 7f1248360000 of size 1769472 next 205
2025-06-14 09:38:16.891535: I external/local_tsl/tsl/framework/bfc_allocator.cc:1095] InUse at 7f1248510000 of size 1769472 next 206
2025-06-14 09:38:16.892009: I external/local_tsl/tsl/framework/bfc_allocator.cc:1095] InUse at 7f12486c0000 of size 262144 next 213
2025-06-14 09:38:16.892439: I external/local_tsl/tsl/framework/bfc_allocator.cc:1095] InUse at 7f1248700000 of size 262144 next 214
2025-06-14 09:38:16.892883: I external/local_tsl/tsl/framework/bfc_allocator.cc:1095] InUse at 7f1248740000 of size 884736 next 217
2025-06-14 09:38:16.893294: I external/local_tsl/tsl/framework/bfc_allocator.cc:1095] InUse at 7f1248818000 of size 884736 next 218
2025-06-14 09:38:16.893616: I external/local_tsl/tsl/framework/bfc_allocator.cc:1095] InUse at 7f12488f0000 of size 442368 next 225
2025-06-14 09:38:16.893936: I external/local_tsl/tsl/framework/bfc_allocator.cc:1095] InUse at 7f124895c000 of size 442368 next 226
2025-06-14 09:38:16.894293: I external/local_tsl/tsl/framework/bfc_allocator.cc:1095] InUse at 7f12489c8000 of size 256 next 234
2025-06-14 09:38:16.894742: I external/local_tsl/tsl/framework/bfc_allocator.cc:1095] InUse at 7f12489c8100 of size 256 next 235
2025-06-14 09:38:16.895196: I external/local_tsl/tsl/framework/bfc_allocator.cc:1095] InUse at 7f12489c8200 of size 221184 next 236
2025-06-14 09:38:16.895540: I external/local_tsl/tsl/framework/bfc_allocator.cc:1095] InUse at 7f12489fe200 of size 221184 next 237
2025-06-14 09:38:16.895969: I external/local_tsl/tsl/framework/bfc_allocator.cc:1095] InUse at 7f1248a34200 of size 256 next 238
2025-06-14 09:38:16.896424: I external/local_tsl/tsl/framework/bfc_allocator.cc:1095] InUse at 7f1248a34300 of size 256 next 239
2025-06-14 09:38:16.896849: I external/local_tsl/tsl/framework/bfc_allocator.cc:1095] InUse at 7f1248a34400 of size 256 next 240
2025-06-14 09:38:16.897290: I external/local_tsl/tsl/framework/bfc_allocator.cc:1095] InUse at 7f1248a34500 of size 256 next 241
2025-06-14 09:38:16.897787: I external/local_tsl/tsl/framework/bfc_allocator.cc:1095] InUse at 7f1248a34600 of size 256 next 242
2025-06-14 09:38:16.898225: I external/local_tsl/tsl/framework/bfc_allocator.cc:1095] InUse at 7f1248a34700 of size 256 next 243
2025-06-14 09:38:16.898658: I external/local_tsl/tsl/framework/bfc_allocator.cc:1095] InUse at 7f1248a34800 of size 110592 next 244
2025-06-14 09:38:16.899017: I external/local_tsl/tsl/framework/bfc_allocator.cc:1095] InUse at 7f1248a4f800 of size 110592 next 245
2025-06-14 09:38:16.899422: I external/local_tsl/tsl/framework/bfc_allocator.cc:1095] InUse at 7f1248a6a800 of size 256 next 246
2025-06-14 09:38:16.899847: I external/local_tsl/tsl/framework/bfc_allocator.cc:1095] InUse at 7f1248a6a900 of size 256 next 247
2025-06-14 09:38:16.900324: I external/local_tsl/tsl/framework/bfc_allocator.cc:1095] InUse at 7f1248a6aa00 of size 256 next 248
2025-06-14 09:38:16.900749: I external/local_tsl/tsl/framework/bfc_allocator.cc:1095] InUse at 7f1248a6ab00 of size 256 next 249
2025-06-14 09:38:16.901193: I external/local_tsl/tsl/framework/bfc_allocator.cc:1095] InUse at 7f1248a6ac00 of size 256 next 250
2025-06-14 09:38:16.901782: I external/local_tsl/tsl/framework/bfc_allocator.cc:1095] InUse at 7f1248a6ad00 of size 256 next 251
2025-06-14 09:38:16.902232: I external/local_tsl/tsl/framework/bfc_allocator.cc:1095] InUse at 7f1248a6ae00 of size 256 next 252
2025-06-14 09:38:16.902648: I external/local_tsl/tsl/framework/bfc_allocator.cc:1095] InUse at 7f1248a6af00 of size 256 next 253
2025-06-14 09:38:16.903068: I external/local_tsl/tsl/framework/bfc_allocator.cc:1095] InUse at 7f1248a6b000 of size 256 next 254
2025-06-14 09:38:16.903467: I external/local_tsl/tsl/framework/bfc_allocator.cc:1095] InUse at 7f1248a6b100 of size 256 next 255
2025-06-14 09:38:16.903870: I external/local_tsl/tsl/framework/bfc_allocator.cc:1095] InUse at 7f1248a6b200 of size 256 next 256
2025-06-14 09:38:16.904342: I external/local_tsl/tsl/framework/bfc_allocator.cc:1095] InUse at 7f1248a6b300 of size 256 next 257
2025-06-14 09:38:16.904790: I external/local_tsl/tsl/framework/bfc_allocator.cc:1095] InUse at 7f1248a6b400 of size 256 next 258
2025-06-14 09:38:16.905216: I external/local_tsl/tsl/framework/bfc_allocator.cc:1095] InUse at 7f1248a6b500 of size 256 next 259
2025-06-14 09:38:16.905620: I external/local_tsl/tsl/framework/bfc_allocator.cc:1095] InUse at 7f1248a6b600 of size 256 next 260
2025-06-14 09:38:16.906059: I external/local_tsl/tsl/framework/bfc_allocator.cc:1095] InUse at 7f1248a6b700 of size 256 next 261
2025-06-14 09:38:16.906527: I external/local_tsl/tsl/framework/bfc_allocator.cc:1095] InUse at 7f1248a6b800 of size 256 next 262
2025-06-14 09:38:16.906987: I external/local_tsl/tsl/framework/bfc_allocator.cc:1095] InUse at 7f1248a6b900 of size 256 next 263
2025-06-14 09:38:16.907424: I external/local_tsl/tsl/framework/bfc_allocator.cc:1095] InUse at 7f1248a6ba00 of size 256 next 264
2025-06-14 09:38:16.907878: I external/local_tsl/tsl/framework/bfc_allocator.cc:1095] InUse at 7f1248a6bb00 of size 256 next 266
2025-06-14 09:38:16.908361: I external/local_tsl/tsl/framework/bfc_allocator.cc:1095] InUse at 7f1248a6bc00 of size 256 next 267
2025-06-14 09:38:16.908877: I external/local_tsl/tsl/framework/bfc_allocator.cc:1095] InUse at 7f1248a6bd00 of size 256 next 272
2025-06-14 09:38:16.909412: I external/local_tsl/tsl/framework/bfc_allocator.cc:1095] InUse at 7f1248a6be00 of size 256 next 274
2025-06-14 09:38:16.909897: I external/local_tsl/tsl/framework/bfc_allocator.cc:1095] InUse at 7f1248a6bf00 of size 256 next 275
2025-06-14 09:38:16.910318: I external/local_tsl/tsl/framework/bfc_allocator.cc:1095] InUse at 7f1248a6c000 of size 256 next 279
2025-06-14 09:38:16.910726: I external/local_tsl/tsl/framework/bfc_allocator.cc:1095] InUse at 7f1248a6c100 of size 256 next 280
2025-06-14 09:38:16.911135: I external/local_tsl/tsl/framework/bfc_allocator.cc:1095] InUse at 7f1248a6c200 of size 256 next 286
2025-06-14 09:38:16.911587: I external/local_tsl/tsl/framework/bfc_allocator.cc:1095] InUse at 7f1248a6c300 of size 256 next 287
2025-06-14 09:38:16.912047: I external/local_tsl/tsl/framework/bfc_allocator.cc:1095] InUse at 7f1248a6c400 of size 256 next 290
2025-06-14 09:38:16.912471: I external/local_tsl/tsl/framework/bfc_allocator.cc:1095] InUse at 7f1248a6c500 of size 256 next 291
2025-06-14 09:38:16.912923: I external/local_tsl/tsl/framework/bfc_allocator.cc:1095] InUse at 7f1248a6c600 of size 512 next 293
2025-06-14 09:38:16.913358: I external/local_tsl/tsl/framework/bfc_allocator.cc:1095] InUse at 7f1248a6c800 of size 512 next 294
2025-06-14 09:38:16.913796: I external/local_tsl/tsl/framework/bfc_allocator.cc:1095] InUse at 7f1248a6ca00 of size 512 next 295
2025-06-14 09:38:16.914209: I external/local_tsl/tsl/framework/bfc_allocator.cc:1095] InUse at 7f1248a6cc00 of size 512 next 298
2025-06-14 09:38:16.914618: I external/local_tsl/tsl/framework/bfc_allocator.cc:1095] InUse at 7f1248a6ce00 of size 512 next 299
2025-06-14 09:38:16.915025: I external/local_tsl/tsl/framework/bfc_allocator.cc:1095] InUse at 7f1248a6d000 of size 15138816 next 56
2025-06-14 09:38:16.915389: I external/local_tsl/tsl/framework/bfc_allocator.cc:1095] InUse at 7f12498dd000 of size 15138816 next 301
2025-06-14 09:38:16.915749: I external/local_tsl/tsl/framework/bfc_allocator.cc:1095] InUse at 7f124a74d000 of size 1024 next 304
2025-06-14 09:38:16.916228: I external/local_tsl/tsl/framework/bfc_allocator.cc:1095] InUse at 7f124a74d400 of size 1024 next 305
2025-06-14 09:38:16.916705: I external/local_tsl/tsl/framework/bfc_allocator.cc:1095] InUse at 7f124a74d800 of size 1024 next 306
2025-06-14 09:38:16.917123: I external/local_tsl/tsl/framework/bfc_allocator.cc:1095] InUse at 7f124a74dc00 of size 1024 next 309
2025-06-14 09:38:16.917562: I external/local_tsl/tsl/framework/bfc_allocator.cc:1095] InUse at 7f124a74e000 of size 1024 next 310
2025-06-14 09:38:16.917990: I external/local_tsl/tsl/framework/bfc_allocator.cc:1095] InUse at 7f124a74e400 of size 512 next 317
2025-06-14 09:38:16.918398: I external/local_tsl/tsl/framework/bfc_allocator.cc:1095] InUse at 7f124a74e600 of size 512 next 318
2025-06-14 09:38:16.918834: I external/local_tsl/tsl/framework/bfc_allocator.cc:1095] InUse at 7f124a74e800 of size 256 next 326
2025-06-14 09:38:16.919277: I external/local_tsl/tsl/framework/bfc_allocator.cc:1095] InUse at 7f124a74e900 of size 256 next 327
2025-06-14 09:38:16.919738: I external/local_tsl/tsl/framework/bfc_allocator.cc:1095] Free  at 7f124a74ea00 of size 25892352 next 18446744073709551615
2025-06-14 09:38:16.920132: I external/local_tsl/tsl/framework/bfc_allocator.cc:1075] Next region of size 33554432
2025-06-14 09:38:16.920539: I external/local_tsl/tsl/framework/bfc_allocator.cc:1095] InUse at 7f1260000000 of size 3538944 next 83
2025-06-14 09:38:16.920884: I external/local_tsl/tsl/framework/bfc_allocator.cc:1095] InUse at 7f1260360000 of size 221184 next 152
2025-06-14 09:38:16.921208: I external/local_tsl/tsl/framework/bfc_allocator.cc:1095] InUse at 7f1260396000 of size 221184 next 106
2025-06-14 09:38:16.921562: I external/local_tsl/tsl/framework/bfc_allocator.cc:1095] InUse at 7f12603cc000 of size 442368 next 100
2025-06-14 09:38:16.921915: I external/local_tsl/tsl/framework/bfc_allocator.cc:1095] InUse at 7f1260438000 of size 884736 next 90
2025-06-14 09:38:16.922288: I external/local_tsl/tsl/framework/bfc_allocator.cc:1095] InUse at 7f1260510000 of size 1769472 next 74
2025-06-14 09:38:16.922664: I external/local_tsl/tsl/framework/bfc_allocator.cc:1095] InUse at 7f12606c0000 of size 7077888 next 72
2025-06-14 09:38:16.923075: I external/local_tsl/tsl/framework/bfc_allocator.cc:1095] InUse at 7f1260d80000 of size 7077888 next 187
2025-06-14 09:38:16.923467: I external/local_tsl/tsl/framework/bfc_allocator.cc:1095] InUse at 7f1261440000 of size 12320768 next 18446744073709551615
2025-06-14 09:38:16.923832: I external/local_tsl/tsl/framework/bfc_allocator.cc:1075] Next region of size 16777216
2025-06-14 09:38:16.924254: I external/local_tsl/tsl/framework/bfc_allocator.cc:1095] InUse at 7f1262000000 of size 1769472 next 173
2025-06-14 09:38:16.924663: I external/local_tsl/tsl/framework/bfc_allocator.cc:1095] InUse at 7f12621b0000 of size 1769472 next 64
2025-06-14 09:38:16.925044: I external/local_tsl/tsl/framework/bfc_allocator.cc:1095] InUse at 7f1262360000 of size 3538944 next 62
2025-06-14 09:38:16.925410: I external/local_tsl/tsl/framework/bfc_allocator.cc:1095] InUse at 7f12626c0000 of size 3538944 next 180
2025-06-14 09:38:16.925803: I external/local_tsl/tsl/framework/bfc_allocator.cc:1095] InUse at 7f1262a20000 of size 1048576 next 194
2025-06-14 09:38:16.926192: I external/local_tsl/tsl/framework/bfc_allocator.cc:1095] InUse at 7f1262b20000 of size 1048576 next 195
2025-06-14 09:38:16.926565: I external/local_tsl/tsl/framework/bfc_allocator.cc:1095] InUse at 7f1262c20000 of size 4063232 next 18446744073709551615
2025-06-14 09:38:16.926913: I external/local_tsl/tsl/framework/bfc_allocator.cc:1075] Next region of size 2097152
2025-06-14 09:38:16.927353: I external/local_tsl/tsl/framework/bfc_allocator.cc:1095] InUse at 7f12c6e00000 of size 1280 next 1
2025-06-14 09:38:16.927789: I external/local_tsl/tsl/framework/bfc_allocator.cc:1095] InUse at 7f12c6e00500 of size 256 next 2
2025-06-14 09:38:16.928222: I external/local_tsl/tsl/framework/bfc_allocator.cc:1095] InUse at 7f12c6e00600 of size 256 next 3
2025-06-14 09:38:16.928700: I external/local_tsl/tsl/framework/bfc_allocator.cc:1095] InUse at 7f12c6e00700 of size 256 next 5
2025-06-14 09:38:16.929148: I external/local_tsl/tsl/framework/bfc_allocator.cc:1095] InUse at 7f12c6e00800 of size 256 next 6
2025-06-14 09:38:16.929599: I external/local_tsl/tsl/framework/bfc_allocator.cc:1095] InUse at 7f12c6e00900 of size 256 next 4
2025-06-14 09:38:16.930022: I external/local_tsl/tsl/framework/bfc_allocator.cc:1095] InUse at 7f12c6e00a00 of size 256 next 7
2025-06-14 09:38:16.930455: I external/local_tsl/tsl/framework/bfc_allocator.cc:1095] InUse at 7f12c6e00b00 of size 256 next 10
2025-06-14 09:38:16.930856: I external/local_tsl/tsl/framework/bfc_allocator.cc:1095] InUse at 7f12c6e00c00 of size 256 next 277
2025-06-14 09:38:16.931342: I external/local_tsl/tsl/framework/bfc_allocator.cc:1095] InUse at 7f12c6e00d00 of size 256 next 12
2025-06-14 09:38:16.931779: I external/local_tsl/tsl/framework/bfc_allocator.cc:1095] InUse at 7f12c6e00e00 of size 256 next 13
2025-06-14 09:38:16.932208: I external/local_tsl/tsl/framework/bfc_allocator.cc:1095] InUse at 7f12c6e00f00 of size 256 next 14
2025-06-14 09:38:16.932628: I external/local_tsl/tsl/framework/bfc_allocator.cc:1095] InUse at 7f12c6e01000 of size 256 next 17
2025-06-14 09:38:16.933074: I external/local_tsl/tsl/framework/bfc_allocator.cc:1095] InUse at 7f12c6e01100 of size 256 next 15
2025-06-14 09:38:16.933538: I external/local_tsl/tsl/framework/bfc_allocator.cc:1095] InUse at 7f12c6e01200 of size 256 next 16
2025-06-14 09:38:16.933998: I external/local_tsl/tsl/framework/bfc_allocator.cc:1095] InUse at 7f12c6e01300 of size 256 next 285
2025-06-14 09:38:16.934429: I external/local_tsl/tsl/framework/bfc_allocator.cc:1095] InUse at 7f12c6e01400 of size 256 next 21
2025-06-14 09:38:16.934891: I external/local_tsl/tsl/framework/bfc_allocator.cc:1095] InUse at 7f12c6e01500 of size 256 next 22
2025-06-14 09:38:16.935327: I external/local_tsl/tsl/framework/bfc_allocator.cc:1095] InUse at 7f12c6e01600 of size 256 next 23
2025-06-14 09:38:16.935767: I external/local_tsl/tsl/framework/bfc_allocator.cc:1095] InUse at 7f12c6e01700 of size 256 next 24
2025-06-14 09:38:16.936187: I external/local_tsl/tsl/framework/bfc_allocator.cc:1095] InUse at 7f12c6e01800 of size 256 next 25
2025-06-14 09:38:16.936662: I external/local_tsl/tsl/framework/bfc_allocator.cc:1095] InUse at 7f12c6e01900 of size 256 next 28
2025-06-14 09:38:16.937094: I external/local_tsl/tsl/framework/bfc_allocator.cc:1095] InUse at 7f12c6e01a00 of size 256 next 289
2025-06-14 09:38:16.937504: I external/local_tsl/tsl/framework/bfc_allocator.cc:1095] InUse at 7f12c6e01b00 of size 256 next 30
2025-06-14 09:38:16.937911: I external/local_tsl/tsl/framework/bfc_allocator.cc:1095] InUse at 7f12c6e01c00 of size 256 next 31
2025-06-14 09:38:16.938408: I external/local_tsl/tsl/framework/bfc_allocator.cc:1095] InUse at 7f12c6e01d00 of size 256 next 32
2025-06-14 09:38:16.938871: I external/local_tsl/tsl/framework/bfc_allocator.cc:1095] InUse at 7f12c6e01e00 of size 256 next 35
2025-06-14 09:38:16.939301: I external/local_tsl/tsl/framework/bfc_allocator.cc:1095] InUse at 7f12c6e01f00 of size 256 next 33
2025-06-14 09:38:16.939754: I external/local_tsl/tsl/framework/bfc_allocator.cc:1095] InUse at 7f12c6e02000 of size 256 next 34
2025-06-14 09:38:16.940228: I external/local_tsl/tsl/framework/bfc_allocator.cc:1095] InUse at 7f12c6e02100 of size 512 next 39
2025-06-14 09:38:16.940678: I external/local_tsl/tsl/framework/bfc_allocator.cc:1095] InUse at 7f12c6e02300 of size 256 next 40
2025-06-14 09:38:16.941098: I external/local_tsl/tsl/framework/bfc_allocator.cc:1095] InUse at 7f12c6e02400 of size 256 next 41
2025-06-14 09:38:16.941526: I external/local_tsl/tsl/framework/bfc_allocator.cc:1095] InUse at 7f12c6e02500 of size 256 next 8
2025-06-14 09:38:16.941993: I external/local_tsl/tsl/framework/bfc_allocator.cc:1095] InUse at 7f12c6e02600 of size 3584 next 9
2025-06-14 09:38:16.942456: I external/local_tsl/tsl/framework/bfc_allocator.cc:1095] InUse at 7f12c6e03400 of size 512 next 42
2025-06-14 09:38:16.942921: I external/local_tsl/tsl/framework/bfc_allocator.cc:1095] InUse at 7f12c6e03600 of size 512 next 45
2025-06-14 09:38:16.943373: I external/local_tsl/tsl/framework/bfc_allocator.cc:1095] InUse at 7f12c6e03800 of size 512 next 46
2025-06-14 09:38:16.943857: I external/local_tsl/tsl/framework/bfc_allocator.cc:1095] InUse at 7f12c6e03a00 of size 512 next 297
2025-06-14 09:38:16.944283: I external/local_tsl/tsl/framework/bfc_allocator.cc:1095] InUse at 7f12c6e03c00 of size 512 next 48
2025-06-14 09:38:16.944767: I external/local_tsl/tsl/framework/bfc_allocator.cc:1095] InUse at 7f12c6e03e00 of size 256 next 49
2025-06-14 09:38:16.945129: I external/local_tsl/tsl/framework/bfc_allocator.cc:1095] InUse at 7f12c6e03f00 of size 512 next 50
2025-06-14 09:38:16.945606: I external/local_tsl/tsl/framework/bfc_allocator.cc:1095] InUse at 7f12c6e04100 of size 512 next 51
2025-06-14 09:38:16.946062: I external/local_tsl/tsl/framework/bfc_allocator.cc:1095] InUse at 7f12c6e04300 of size 512 next 55
2025-06-14 09:38:16.946392: I external/local_tsl/tsl/framework/bfc_allocator.cc:1095] InUse at 7f12c6e04500 of size 1024 next 57
2025-06-14 09:38:16.946795: I external/local_tsl/tsl/framework/bfc_allocator.cc:1095] InUse at 7f12c6e04900 of size 256 next 58
2025-06-14 09:38:16.947171: I external/local_tsl/tsl/framework/bfc_allocator.cc:1095] InUse at 7f12c6e04a00 of size 256 next 59
2025-06-14 09:38:16.947604: I external/local_tsl/tsl/framework/bfc_allocator.cc:1095] InUse at 7f12c6e04b00 of size 1024 next 60
2025-06-14 09:38:16.947996: I external/local_tsl/tsl/framework/bfc_allocator.cc:1095] InUse at 7f12c6e04f00 of size 1024 next 61
2025-06-14 09:38:16.948418: I external/local_tsl/tsl/framework/bfc_allocator.cc:1095] InUse at 7f12c6e05300 of size 1024 next 65
2025-06-14 09:38:16.948844: I external/local_tsl/tsl/framework/bfc_allocator.cc:1095] InUse at 7f12c6e05700 of size 1024 next 308
2025-06-14 09:38:16.949278: I external/local_tsl/tsl/framework/bfc_allocator.cc:1095] InUse at 7f12c6e05b00 of size 1024 next 67
2025-06-14 09:38:16.949724: I external/local_tsl/tsl/framework/bfc_allocator.cc:1095] InUse at 7f12c6e05f00 of size 256 next 68
2025-06-14 09:38:16.950152: I external/local_tsl/tsl/framework/bfc_allocator.cc:1095] InUse at 7f12c6e06000 of size 256 next 69
2025-06-14 09:38:16.950617: I external/local_tsl/tsl/framework/bfc_allocator.cc:1095] InUse at 7f12c6e06100 of size 1024 next 70
2025-06-14 09:38:16.951050: I external/local_tsl/tsl/framework/bfc_allocator.cc:1095] InUse at 7f12c6e06500 of size 1024 next 71
2025-06-14 09:38:16.951453: I external/local_tsl/tsl/framework/bfc_allocator.cc:1095] InUse at 7f12c6e06900 of size 1024 next 75
2025-06-14 09:38:16.951863: I external/local_tsl/tsl/framework/bfc_allocator.cc:1095] InUse at 7f12c6e06d00 of size 512 next 313
2025-06-14 09:38:16.952294: I external/local_tsl/tsl/framework/bfc_allocator.cc:1095] InUse at 7f12c6e06f00 of size 512 next 314
2025-06-14 09:38:16.952685: I external/local_tsl/tsl/framework/bfc_allocator.cc:1095] InUse at 7f12c6e07100 of size 512 next 315
2025-06-14 09:38:16.953152: I external/local_tsl/tsl/framework/bfc_allocator.cc:1095] InUse at 7f12c6e07300 of size 512 next 77
2025-06-14 09:38:16.953625: I external/local_tsl/tsl/framework/bfc_allocator.cc:1095] InUse at 7f12c6e07500 of size 256 next 78
2025-06-14 09:38:16.954069: I external/local_tsl/tsl/framework/bfc_allocator.cc:1095] InUse at 7f12c6e07600 of size 256 next 79
2025-06-14 09:38:16.954481: I external/local_tsl/tsl/framework/bfc_allocator.cc:1095] InUse at 7f12c6e07700 of size 512 next 80
2025-06-14 09:38:16.954935: I external/local_tsl/tsl/framework/bfc_allocator.cc:1095] InUse at 7f12c6e07900 of size 512 next 81
2025-06-14 09:38:16.955382: I external/local_tsl/tsl/framework/bfc_allocator.cc:1095] InUse at 7f12c6e07b00 of size 512 next 82
2025-06-14 09:38:16.955865: I external/local_tsl/tsl/framework/bfc_allocator.cc:1095] InUse at 7f12c6e07d00 of size 512 next 84
2025-06-14 09:38:16.956320: I external/local_tsl/tsl/framework/bfc_allocator.cc:1095] InUse at 7f12c6e07f00 of size 512 next 316
2025-06-14 09:38:16.956772: I external/local_tsl/tsl/framework/bfc_allocator.cc:1095] InUse at 7f12c6e08100 of size 512 next 86
2025-06-14 09:38:16.957237: I external/local_tsl/tsl/framework/bfc_allocator.cc:1095] InUse at 7f12c6e08300 of size 512 next 87
2025-06-14 09:38:16.957697: I external/local_tsl/tsl/framework/bfc_allocator.cc:1095] InUse at 7f12c6e08500 of size 512 next 88
2025-06-14 09:38:16.958130: I external/local_tsl/tsl/framework/bfc_allocator.cc:1095] InUse at 7f12c6e08700 of size 512 next 89
2025-06-14 09:38:16.958575: I external/local_tsl/tsl/framework/bfc_allocator.cc:1095] InUse at 7f12c6e08900 of size 256 next 321
2025-06-14 09:38:16.959013: I external/local_tsl/tsl/framework/bfc_allocator.cc:1095] InUse at 7f12c6e08a00 of size 256 next 323
2025-06-14 09:38:16.959487: I external/local_tsl/tsl/framework/bfc_allocator.cc:1095] InUse at 7f12c6e08b00 of size 256 next 324
2025-06-14 09:38:16.959927: I external/local_tsl/tsl/framework/bfc_allocator.cc:1095] InUse at 7f12c6e08c00 of size 256 next 92
2025-06-14 09:38:16.960444: I external/local_tsl/tsl/framework/bfc_allocator.cc:1095] InUse at 7f12c6e08d00 of size 256 next 93
2025-06-14 09:38:16.960914: I external/local_tsl/tsl/framework/bfc_allocator.cc:1095] InUse at 7f12c6e08e00 of size 256 next 94
2025-06-14 09:38:16.961342: I external/local_tsl/tsl/framework/bfc_allocator.cc:1095] InUse at 7f12c6e08f00 of size 256 next 97
2025-06-14 09:38:16.961782: I external/local_tsl/tsl/framework/bfc_allocator.cc:1095] InUse at 7f12c6e09000 of size 256 next 95
2025-06-14 09:38:16.962228: I external/local_tsl/tsl/framework/bfc_allocator.cc:1095] InUse at 7f12c6e09100 of size 256 next 96
2025-06-14 09:38:16.962645: I external/local_tsl/tsl/framework/bfc_allocator.cc:1095] InUse at 7f12c6e09200 of size 256 next 98
2025-06-14 09:38:16.963060: I external/local_tsl/tsl/framework/bfc_allocator.cc:1095] InUse at 7f12c6e09300 of size 256 next 101
2025-06-14 09:38:16.963469: I external/local_tsl/tsl/framework/bfc_allocator.cc:1095] InUse at 7f12c6e09400 of size 256 next 102
2025-06-14 09:38:16.963900: I external/local_tsl/tsl/framework/bfc_allocator.cc:1095] InUse at 7f12c6e09500 of size 256 next 103
2025-06-14 09:38:16.964342: I external/local_tsl/tsl/framework/bfc_allocator.cc:1095] InUse at 7f12c6e09600 of size 256 next 104
2025-06-14 09:38:16.964787: I external/local_tsl/tsl/framework/bfc_allocator.cc:1095] InUse at 7f12c6e09700 of size 256 next 105
2025-06-14 09:38:16.965217: I external/local_tsl/tsl/framework/bfc_allocator.cc:1095] Free  at 7f12c6e09800 of size 512 next 108
2025-06-14 09:38:16.965633: I external/local_tsl/tsl/framework/bfc_allocator.cc:1095] InUse at 7f12c6e09a00 of size 256 next 109
2025-06-14 09:38:16.966066: I external/local_tsl/tsl/framework/bfc_allocator.cc:1095] InUse at 7f12c6e09b00 of size 256 next 110
2025-06-14 09:38:16.966530: I external/local_tsl/tsl/framework/bfc_allocator.cc:1095] InUse at 7f12c6e09c00 of size 256 next 146
2025-06-14 09:38:16.966954: I external/local_tsl/tsl/framework/bfc_allocator.cc:1095] InUse at 7f12c6e09d00 of size 256 next 147
2025-06-14 09:38:16.967366: I external/local_tsl/tsl/framework/bfc_allocator.cc:1095] InUse at 7f12c6e09e00 of size 256 next 148
2025-06-14 09:38:16.967826: I external/local_tsl/tsl/framework/bfc_allocator.cc:1095] InUse at 7f12c6e09f00 of size 256 next 149
2025-06-14 09:38:16.968288: I external/local_tsl/tsl/framework/bfc_allocator.cc:1095] InUse at 7f12c6e0a000 of size 256 next 150
2025-06-14 09:38:16.968767: I external/local_tsl/tsl/framework/bfc_allocator.cc:1095] InUse at 7f12c6e0a100 of size 256 next 151
2025-06-14 09:38:16.969218: I external/local_tsl/tsl/framework/bfc_allocator.cc:1095] InUse at 7f12c6e0a200 of size 256 next 153
2025-06-14 09:38:16.969663: I external/local_tsl/tsl/framework/bfc_allocator.cc:1095] InUse at 7f12c6e0a300 of size 256 next 154
2025-06-14 09:38:16.970091: I external/local_tsl/tsl/framework/bfc_allocator.cc:1095] InUse at 7f12c6e0a400 of size 256 next 155
2025-06-14 09:38:16.970492: I external/local_tsl/tsl/framework/bfc_allocator.cc:1095] InUse at 7f12c6e0a500 of size 256 next 156
2025-06-14 09:38:16.970931: I external/local_tsl/tsl/framework/bfc_allocator.cc:1095] InUse at 7f12c6e0a600 of size 256 next 157
2025-06-14 09:38:16.971403: I external/local_tsl/tsl/framework/bfc_allocator.cc:1095] InUse at 7f12c6e0a700 of size 256 next 158
2025-06-14 09:38:16.971887: I external/local_tsl/tsl/framework/bfc_allocator.cc:1095] InUse at 7f12c6e0a800 of size 256 next 160
2025-06-14 09:38:16.972386: I external/local_tsl/tsl/framework/bfc_allocator.cc:1095] InUse at 7f12c6e0a900 of size 256 next 161
2025-06-14 09:38:16.972852: I external/local_tsl/tsl/framework/bfc_allocator.cc:1095] InUse at 7f12c6e0aa00 of size 256 next 162
2025-06-14 09:38:16.973355: I external/local_tsl/tsl/framework/bfc_allocator.cc:1095] InUse at 7f12c6e0ab00 of size 256 next 163
2025-06-14 09:38:16.973866: I external/local_tsl/tsl/framework/bfc_allocator.cc:1095] InUse at 7f12c6e0ac00 of size 256 next 164
2025-06-14 09:38:16.974335: I external/local_tsl/tsl/framework/bfc_allocator.cc:1095] InUse at 7f12c6e0ad00 of size 256 next 165
2025-06-14 09:38:16.974833: I external/local_tsl/tsl/framework/bfc_allocator.cc:1095] InUse at 7f12c6e0ae00 of size 512 next 167
2025-06-14 09:38:16.975378: I external/local_tsl/tsl/framework/bfc_allocator.cc:1095] InUse at 7f12c6e0b000 of size 512 next 168
2025-06-14 09:38:16.975805: I external/local_tsl/tsl/framework/bfc_allocator.cc:1095] InUse at 7f12c6e0b200 of size 512 next 169
2025-06-14 09:38:16.976262: I external/local_tsl/tsl/framework/bfc_allocator.cc:1095] InUse at 7f12c6e0b400 of size 512 next 170
2025-06-14 09:38:16.976736: I external/local_tsl/tsl/framework/bfc_allocator.cc:1095] InUse at 7f12c6e0b600 of size 512 next 171
2025-06-14 09:38:16.977226: I external/local_tsl/tsl/framework/bfc_allocator.cc:1095] InUse at 7f12c6e0b800 of size 512 next 172
2025-06-14 09:38:16.977682: I external/local_tsl/tsl/framework/bfc_allocator.cc:1095] InUse at 7f12c6e0ba00 of size 512 next 174
2025-06-14 09:38:16.978161: I external/local_tsl/tsl/framework/bfc_allocator.cc:1095] InUse at 7f12c6e0bc00 of size 512 next 175
2025-06-14 09:38:16.978620: I external/local_tsl/tsl/framework/bfc_allocator.cc:1095] InUse at 7f12c6e0be00 of size 512 next 176
2025-06-14 09:38:16.979080: I external/local_tsl/tsl/framework/bfc_allocator.cc:1095] InUse at 7f12c6e0c000 of size 512 next 177
2025-06-14 09:38:16.979554: I external/local_tsl/tsl/framework/bfc_allocator.cc:1095] InUse at 7f12c6e0c200 of size 512 next 178
2025-06-14 09:38:16.980031: I external/local_tsl/tsl/framework/bfc_allocator.cc:1095] InUse at 7f12c6e0c400 of size 512 next 179
2025-06-14 09:38:16.980464: I external/local_tsl/tsl/framework/bfc_allocator.cc:1095] InUse at 7f12c6e0c600 of size 1024 next 181
2025-06-14 09:38:16.980905: I external/local_tsl/tsl/framework/bfc_allocator.cc:1095] InUse at 7f12c6e0ca00 of size 1024 next 182
2025-06-14 09:38:16.981346: I external/local_tsl/tsl/framework/bfc_allocator.cc:1095] InUse at 7f12c6e0ce00 of size 1024 next 183
2025-06-14 09:38:16.981790: I external/local_tsl/tsl/framework/bfc_allocator.cc:1095] InUse at 7f12c6e0d200 of size 1024 next 184
2025-06-14 09:38:16.982299: I external/local_tsl/tsl/framework/bfc_allocator.cc:1095] InUse at 7f12c6e0d600 of size 1024 next 185
2025-06-14 09:38:16.982761: I external/local_tsl/tsl/framework/bfc_allocator.cc:1095] InUse at 7f12c6e0da00 of size 1024 next 186
2025-06-14 09:38:16.983218: I external/local_tsl/tsl/framework/bfc_allocator.cc:1095] InUse at 7f12c6e0de00 of size 1024 next 188
2025-06-14 09:38:16.983667: I external/local_tsl/tsl/framework/bfc_allocator.cc:1095] InUse at 7f12c6e0e200 of size 1024 next 189
2025-06-14 09:38:16.984135: I external/local_tsl/tsl/framework/bfc_allocator.cc:1095] InUse at 7f12c6e0e600 of size 1024 next 190
2025-06-14 09:38:16.984622: I external/local_tsl/tsl/framework/bfc_allocator.cc:1095] InUse at 7f12c6e0ea00 of size 1024 next 191
2025-06-14 09:38:16.985086: I external/local_tsl/tsl/framework/bfc_allocator.cc:1095] InUse at 7f12c6e0ee00 of size 1024 next 192
2025-06-14 09:38:16.985519: I external/local_tsl/tsl/framework/bfc_allocator.cc:1095] InUse at 7f12c6e0f200 of size 1024 next 193
2025-06-14 09:38:16.985961: I external/local_tsl/tsl/framework/bfc_allocator.cc:1095] InUse at 7f12c6e0f600 of size 512 next 196
2025-06-14 09:38:16.986415: I external/local_tsl/tsl/framework/bfc_allocator.cc:1095] InUse at 7f12c6e0f800 of size 512 next 197
2025-06-14 09:38:16.986842: I external/local_tsl/tsl/framework/bfc_allocator.cc:1095] InUse at 7f12c6e0fa00 of size 512 next 199
2025-06-14 09:38:16.987265: I external/local_tsl/tsl/framework/bfc_allocator.cc:1095] InUse at 7f12c6e0fc00 of size 512 next 200
2025-06-14 09:38:16.987686: I external/local_tsl/tsl/framework/bfc_allocator.cc:1095] InUse at 7f12c6e0fe00 of size 512 next 201
2025-06-14 09:38:16.988110: I external/local_tsl/tsl/framework/bfc_allocator.cc:1095] InUse at 7f12c6e10000 of size 512 next 202
2025-06-14 09:38:16.988518: I external/local_tsl/tsl/framework/bfc_allocator.cc:1095] InUse at 7f12c6e10200 of size 512 next 203
2025-06-14 09:38:16.988933: I external/local_tsl/tsl/framework/bfc_allocator.cc:1095] InUse at 7f12c6e10400 of size 512 next 204
2025-06-14 09:38:16.989397: I external/local_tsl/tsl/framework/bfc_allocator.cc:1095] InUse at 7f12c6e10600 of size 512 next 207
2025-06-14 09:38:16.989894: I external/local_tsl/tsl/framework/bfc_allocator.cc:1095] InUse at 7f12c6e10800 of size 512 next 208
2025-06-14 09:38:16.990383: I external/local_tsl/tsl/framework/bfc_allocator.cc:1095] InUse at 7f12c6e10a00 of size 512 next 209
2025-06-14 09:38:16.990919: I external/local_tsl/tsl/framework/bfc_allocator.cc:1095] InUse at 7f12c6e10c00 of size 512 next 210
2025-06-14 09:38:16.991371: I external/local_tsl/tsl/framework/bfc_allocator.cc:1095] InUse at 7f12c6e10e00 of size 512 next 211
2025-06-14 09:38:16.991817: I external/local_tsl/tsl/framework/bfc_allocator.cc:1095] InUse at 7f12c6e11000 of size 512 next 212
2025-06-14 09:38:16.992233: I external/local_tsl/tsl/framework/bfc_allocator.cc:1095] InUse at 7f12c6e11200 of size 256 next 215
2025-06-14 09:38:16.992657: I external/local_tsl/tsl/framework/bfc_allocator.cc:1095] InUse at 7f12c6e11300 of size 256 next 216
2025-06-14 09:38:16.993142: I external/local_tsl/tsl/framework/bfc_allocator.cc:1095] InUse at 7f12c6e11400 of size 256 next 219
2025-06-14 09:38:16.993622: I external/local_tsl/tsl/framework/bfc_allocator.cc:1095] InUse at 7f12c6e11500 of size 256 next 220
2025-06-14 09:38:16.994075: I external/local_tsl/tsl/framework/bfc_allocator.cc:1095] InUse at 7f12c6e11600 of size 256 next 221
2025-06-14 09:38:16.994483: I external/local_tsl/tsl/framework/bfc_allocator.cc:1095] InUse at 7f12c6e11700 of size 256 next 222
2025-06-14 09:38:16.994905: I external/local_tsl/tsl/framework/bfc_allocator.cc:1095] InUse at 7f12c6e11800 of size 256 next 223
2025-06-14 09:38:16.995358: I external/local_tsl/tsl/framework/bfc_allocator.cc:1095] InUse at 7f12c6e11900 of size 256 next 224
2025-06-14 09:38:16.995817: I external/local_tsl/tsl/framework/bfc_allocator.cc:1095] InUse at 7f12c6e11a00 of size 256 next 227
2025-06-14 09:38:16.996234: I external/local_tsl/tsl/framework/bfc_allocator.cc:1095] InUse at 7f12c6e11b00 of size 256 next 228
2025-06-14 09:38:16.996650: I external/local_tsl/tsl/framework/bfc_allocator.cc:1095] InUse at 7f12c6e11c00 of size 256 next 229
2025-06-14 09:38:16.997121: I external/local_tsl/tsl/framework/bfc_allocator.cc:1095] InUse at 7f12c6e11d00 of size 256 next 230
2025-06-14 09:38:16.997575: I external/local_tsl/tsl/framework/bfc_allocator.cc:1095] InUse at 7f12c6e11e00 of size 256 next 231
2025-06-14 09:38:16.998062: I external/local_tsl/tsl/framework/bfc_allocator.cc:1095] InUse at 7f12c6e11f00 of size 256 next 232
2025-06-14 09:38:16.998511: I external/local_tsl/tsl/framework/bfc_allocator.cc:1095] InUse at 7f12c6e12000 of size 65536 next 233
2025-06-14 09:38:16.998908: I external/local_tsl/tsl/framework/bfc_allocator.cc:1095] InUse at 7f12c6e22000 of size 95232 next 19
2025-06-14 09:38:16.999322: I external/local_tsl/tsl/framework/bfc_allocator.cc:1095] InUse at 7f12c6e39400 of size 110592 next 18
2025-06-14 09:38:16.999656: I external/local_tsl/tsl/framework/bfc_allocator.cc:1095] InUse at 7f12c6e54400 of size 65536 next 115
2025-06-14 09:38:16.999990: I external/local_tsl/tsl/framework/bfc_allocator.cc:1095] InUse at 7f12c6e64400 of size 256 next 112
2025-06-14 09:38:17.000460: I external/local_tsl/tsl/framework/bfc_allocator.cc:1095] InUse at 7f12c6e64500 of size 256 next 114
2025-06-14 09:38:17.000941: I external/local_tsl/tsl/framework/bfc_allocator.cc:1095] InUse at 7f12c6e64600 of size 256 next 113
2025-06-14 09:38:17.001396: I external/local_tsl/tsl/framework/bfc_allocator.cc:1095] InUse at 7f12c6e64700 of size 256 next 111
2025-06-14 09:38:17.001816: I external/local_tsl/tsl/framework/bfc_allocator.cc:1095] InUse at 7f12c6e64800 of size 256 next 117
2025-06-14 09:38:17.002288: I external/local_tsl/tsl/framework/bfc_allocator.cc:1095] InUse at 7f12c6e64900 of size 256 next 118
2025-06-14 09:38:17.002750: I external/local_tsl/tsl/framework/bfc_allocator.cc:1095] InUse at 7f12c6e64a00 of size 256 next 120
2025-06-14 09:38:17.003183: I external/local_tsl/tsl/framework/bfc_allocator.cc:1095] InUse at 7f12c6e64b00 of size 256 next 119
2025-06-14 09:38:17.003620: I external/local_tsl/tsl/framework/bfc_allocator.cc:1095] InUse at 7f12c6e64c00 of size 256 next 121
2025-06-14 09:38:17.004102: I external/local_tsl/tsl/framework/bfc_allocator.cc:1095] InUse at 7f12c6e64d00 of size 256 next 123
2025-06-14 09:38:17.004535: I external/local_tsl/tsl/framework/bfc_allocator.cc:1095] InUse at 7f12c6e64e00 of size 256 next 124
2025-06-14 09:38:17.004951: I external/local_tsl/tsl/framework/bfc_allocator.cc:1095] InUse at 7f12c6e64f00 of size 256 next 125
2025-06-14 09:38:17.005399: I external/local_tsl/tsl/framework/bfc_allocator.cc:1095] InUse at 7f12c6e65000 of size 256 next 126
2025-06-14 09:38:17.005859: I external/local_tsl/tsl/framework/bfc_allocator.cc:1095] InUse at 7f12c6e65100 of size 256 next 128
2025-06-14 09:38:17.006299: I external/local_tsl/tsl/framework/bfc_allocator.cc:1095] InUse at 7f12c6e65200 of size 256 next 127
2025-06-14 09:38:17.006775: I external/local_tsl/tsl/framework/bfc_allocator.cc:1095] InUse at 7f12c6e65300 of size 256 next 129
2025-06-14 09:38:17.007217: I external/local_tsl/tsl/framework/bfc_allocator.cc:1095] InUse at 7f12c6e65400 of size 256 next 130
2025-06-14 09:38:17.007642: I external/local_tsl/tsl/framework/bfc_allocator.cc:1095] InUse at 7f12c6e65500 of size 256 next 131
2025-06-14 09:38:17.008088: I external/local_tsl/tsl/framework/bfc_allocator.cc:1095] InUse at 7f12c6e65600 of size 256 next 132
2025-06-14 09:38:17.008514: I external/local_tsl/tsl/framework/bfc_allocator.cc:1095] InUse at 7f12c6e65700 of size 256 next 133
2025-06-14 09:38:17.008961: I external/local_tsl/tsl/framework/bfc_allocator.cc:1095] InUse at 7f12c6e65800 of size 256 next 137
2025-06-14 09:38:17.009482: I external/local_tsl/tsl/framework/bfc_allocator.cc:1095] InUse at 7f12c6e65900 of size 256 next 136
2025-06-14 09:38:17.009919: I external/local_tsl/tsl/framework/bfc_allocator.cc:1095] InUse at 7f12c6e65a00 of size 3584 next 138
2025-06-14 09:38:17.010330: I external/local_tsl/tsl/framework/bfc_allocator.cc:1095] InUse at 7f12c6e66800 of size 3584 next 139
2025-06-14 09:38:17.010783: I external/local_tsl/tsl/framework/bfc_allocator.cc:1095] InUse at 7f12c6e67600 of size 256 next 140
2025-06-14 09:38:17.011241: I external/local_tsl/tsl/framework/bfc_allocator.cc:1095] InUse at 7f12c6e67700 of size 256 next 141
2025-06-14 09:38:17.011668: I external/local_tsl/tsl/framework/bfc_allocator.cc:1095] InUse at 7f12c6e67800 of size 256 next 142
2025-06-14 09:38:17.012080: I external/local_tsl/tsl/framework/bfc_allocator.cc:1095] InUse at 7f12c6e67900 of size 256 next 143
2025-06-14 09:38:17.012529: I external/local_tsl/tsl/framework/bfc_allocator.cc:1095] InUse at 7f12c6e67a00 of size 256 next 144
2025-06-14 09:38:17.013021: I external/local_tsl/tsl/framework/bfc_allocator.cc:1095] InUse at 7f12c6e67b00 of size 256 next 145
2025-06-14 09:38:17.013476: I external/local_tsl/tsl/framework/bfc_allocator.cc:1095] InUse at 7f12c6e67c00 of size 141312 next 27
2025-06-14 09:38:17.013837: I external/local_tsl/tsl/framework/bfc_allocator.cc:1095] InUse at 7f12c6e8a400 of size 221184 next 26
2025-06-14 09:38:17.014213: I external/local_tsl/tsl/framework/bfc_allocator.cc:1095] InUse at 7f12c6ec0400 of size 442368 next 159
2025-06-14 09:38:17.014570: I external/local_tsl/tsl/framework/bfc_allocator.cc:1095] InUse at 7f12c6f2c400 of size 867328 next 18446744073709551615
2025-06-14 09:38:17.014917: I external/local_tsl/tsl/framework/bfc_allocator.cc:1075] Next region of size 4194304
2025-06-14 09:38:17.015317: I external/local_tsl/tsl/framework/bfc_allocator.cc:1095] InUse at 7f12c7400000 of size 442368 next 37
2025-06-14 09:38:17.015659: I external/local_tsl/tsl/framework/bfc_allocator.cc:1095] InUse at 7f12c746c000 of size 221184 next 116
2025-06-14 09:38:17.016002: I external/local_tsl/tsl/framework/bfc_allocator.cc:1095] InUse at 7f12c74a2000 of size 110592 next 122
2025-06-14 09:38:17.016321: I external/local_tsl/tsl/framework/bfc_allocator.cc:1095] InUse at 7f12c74bd000 of size 192512 next 99
2025-06-14 09:38:17.016642: I external/local_tsl/tsl/framework/bfc_allocator.cc:1095] InUse at 7f12c74ec000 of size 360448 next 44
2025-06-14 09:38:17.017039: I external/local_tsl/tsl/framework/bfc_allocator.cc:1095] InUse at 7f12c7544000 of size 884736 next 43
2025-06-14 09:38:17.017421: I external/local_tsl/tsl/framework/bfc_allocator.cc:1095] InUse at 7f12c761c000 of size 1982464 next 18446744073709551615
2025-06-14 09:38:17.017768: I external/local_tsl/tsl/framework/bfc_allocator.cc:1075] Next region of size 8388608
2025-06-14 09:38:17.018228: I external/local_tsl/tsl/framework/bfc_allocator.cc:1095] InUse at 7f12c7800000 of size 884736 next 166
2025-06-14 09:38:17.018620: I external/local_tsl/tsl/framework/bfc_allocator.cc:1095] InUse at 7f12c78d8000 of size 884736 next 54
2025-06-14 09:38:17.018984: I external/local_tsl/tsl/framework/bfc_allocator.cc:1095] InUse at 7f12c79b0000 of size 1769472 next 52
2025-06-14 09:38:17.019302: I external/local_tsl/tsl/framework/bfc_allocator.cc:1095] InUse at 7f12c7b60000 of size 4849664 next 18446744073709551615
2025-06-14 09:38:17.019625: I external/local_tsl/tsl/framework/bfc_allocator.cc:1100]      Summary of in-use Chunks by size: 
2025-06-14 09:38:17.020093: I external/local_tsl/tsl/framework/bfc_allocator.cc:1103] 155 Chunks of size 256 totalling 38.8KiB
2025-06-14 09:38:17.020539: I external/local_tsl/tsl/framework/bfc_allocator.cc:1103] 55 Chunks of size 512 totalling 27.5KiB
2025-06-14 09:38:17.020965: I external/local_tsl/tsl/framework/bfc_allocator.cc:1103] 26 Chunks of size 1024 totalling 26.0KiB
2025-06-14 09:38:17.021386: I external/local_tsl/tsl/framework/bfc_allocator.cc:1103] 1 Chunks of size 1280 totalling 1.2KiB
2025-06-14 09:38:17.021845: I external/local_tsl/tsl/framework/bfc_allocator.cc:1103] 3 Chunks of size 3584 totalling 10.5KiB
2025-06-14 09:38:17.022286: I external/local_tsl/tsl/framework/bfc_allocator.cc:1103] 2 Chunks of size 65536 totalling 128.0KiB
2025-06-14 09:38:17.022815: I external/local_tsl/tsl/framework/bfc_allocator.cc:1103] 1 Chunks of size 95232 totalling 93.0KiB
2025-06-14 09:38:17.023292: I external/local_tsl/tsl/framework/bfc_allocator.cc:1103] 4 Chunks of size 110592 totalling 432.0KiB
2025-06-14 09:38:17.023772: I external/local_tsl/tsl/framework/bfc_allocator.cc:1103] 1 Chunks of size 141312 totalling 138.0KiB
2025-06-14 09:38:17.024290: I external/local_tsl/tsl/framework/bfc_allocator.cc:1103] 1 Chunks of size 192512 totalling 188.0KiB
2025-06-14 09:38:17.024792: I external/local_tsl/tsl/framework/bfc_allocator.cc:1103] 6 Chunks of size 221184 totalling 1.27MiB
2025-06-14 09:38:17.025287: I external/local_tsl/tsl/framework/bfc_allocator.cc:1103] 2 Chunks of size 262144 totalling 512.0KiB
2025-06-14 09:38:17.025831: I external/local_tsl/tsl/framework/bfc_allocator.cc:1103] 1 Chunks of size 360448 totalling 352.0KiB
2025-06-14 09:38:17.026336: I external/local_tsl/tsl/framework/bfc_allocator.cc:1103] 5 Chunks of size 442368 totalling 2.11MiB
2025-06-14 09:38:17.026751: I external/local_tsl/tsl/framework/bfc_allocator.cc:1103] 1 Chunks of size 867328 totalling 847.0KiB
2025-06-14 09:38:17.027178: I external/local_tsl/tsl/framework/bfc_allocator.cc:1103] 6 Chunks of size 884736 totalling 5.06MiB
2025-06-14 09:38:17.027635: I external/local_tsl/tsl/framework/bfc_allocator.cc:1103] 2 Chunks of size 1048576 totalling 2.00MiB
2025-06-14 09:38:17.028062: I external/local_tsl/tsl/framework/bfc_allocator.cc:1103] 6 Chunks of size 1769472 totalling 10.12MiB
2025-06-14 09:38:17.028530: I external/local_tsl/tsl/framework/bfc_allocator.cc:1103] 1 Chunks of size 1982464 totalling 1.89MiB
2025-06-14 09:38:17.028990: I external/local_tsl/tsl/framework/bfc_allocator.cc:1103] 4 Chunks of size 3538944 totalling 13.50MiB
2025-06-14 09:38:17.029466: I external/local_tsl/tsl/framework/bfc_allocator.cc:1103] 1 Chunks of size 4063232 totalling 3.88MiB
2025-06-14 09:38:17.029937: I external/local_tsl/tsl/framework/bfc_allocator.cc:1103] 1 Chunks of size 4849664 totalling 4.62MiB
2025-06-14 09:38:17.030381: I external/local_tsl/tsl/framework/bfc_allocator.cc:1103] 2 Chunks of size 7077888 totalling 13.50MiB
2025-06-14 09:38:17.030807: I external/local_tsl/tsl/framework/bfc_allocator.cc:1103] 1 Chunks of size 12320768 totalling 11.75MiB
2025-06-14 09:38:17.031199: I external/local_tsl/tsl/framework/bfc_allocator.cc:1103] 2 Chunks of size 15138816 totalling 28.88MiB
2025-06-14 09:38:17.031624: I external/local_tsl/tsl/framework/bfc_allocator.cc:1103] 4 Chunks of size 30277632 totalling 115.50MiB
2025-06-14 09:38:17.032018: I external/local_tsl/tsl/framework/bfc_allocator.cc:1103] 2 Chunks of size 60555264 totalling 115.50MiB
2025-06-14 09:38:17.032381: I external/local_tsl/tsl/framework/bfc_allocator.cc:1103] 1 Chunks of size 73662464 totalling 70.25MiB
2025-06-14 09:38:17.032790: I external/local_tsl/tsl/framework/bfc_allocator.cc:1103] 1 Chunks of size 116654080 totalling 111.25MiB
2025-06-14 09:38:17.033195: I external/local_tsl/tsl/framework/bfc_allocator.cc:1103] 6 Chunks of size 121110528 totalling 693.00MiB
2025-06-14 09:38:17.033578: I external/local_tsl/tsl/framework/bfc_allocator.cc:1103] 2 Chunks of size 209715200 totalling 400.00MiB
2025-06-14 09:38:17.033984: I external/local_tsl/tsl/framework/bfc_allocator.cc:1103] 3 Chunks of size 242221056 totalling 693.00MiB
2025-06-14 09:38:17.034398: I external/local_tsl/tsl/framework/bfc_allocator.cc:1103] 8 Chunks of size 484442112 totalling 3.61GiB
2025-06-14 09:38:17.034748: I external/local_tsl/tsl/framework/bfc_allocator.cc:1103] 1 Chunks of size 968884224 totalling 924.00MiB
2025-06-14 09:38:17.035104: I external/local_tsl/tsl/framework/bfc_allocator.cc:1103] 6 Chunks of size 1937768448 totalling 10.83GiB
2025-06-14 09:38:17.035485: I external/local_tsl/tsl/framework/bfc_allocator.cc:1107] Sum Total of in-use chunks: 17.58GiB
2025-06-14 09:38:17.035944: I external/local_tsl/tsl/framework/bfc_allocator.cc:1109] Total bytes in pool: 23575789568 memory_limit_: 23575789568 available bytes: 0 curr_region_allocation_bytes_: 34359738368
2025-06-14 09:38:17.036267: I external/local_tsl/tsl/framework/bfc_allocator.cc:1114] Stats: 
Limit:                     23575789568
InUse:                     18882553856
MaxInUse:                  22800760320
NumAllocs:                         912
MaxAllocSize:               4135495424
Reserved:                            0
PeakReserved:                        0
LargestFreeBlock:                    0

2025-06-14 09:38:17.036601: W external/local_tsl/tsl/framework/bfc_allocator.cc:497] ________*********________************************************_**************************************
2025-06-14 09:38:17.036966: W tensorflow/core/framework/op_kernel.cc:1839] OP_REQUIRES failed at concat_op.cc:165 : RESOURCE_EXHAUSTED: OOM when allocating tensor with shape[2,64,192,224,176] and type float on /job:localhost/replica:0/task:0/device:GPU:0 by allocator GPU_0_bfc
Traceback (most recent call last):
  File "/mnt/beegfs/hellgate/home/rb194958e/stroke_segmentation_sota/batch_wise_train.py", line 277, in <module>
    if main():
       ^^^^^^
  File "/mnt/beegfs/hellgate/home/rb194958e/stroke_segmentation_sota/batch_wise_train.py", line 256, in main
    history = model.fit(
              ^^^^^^^^^^
  File "/mnt/beegfs/hellgate/home/rb194958e/.conda/envs/tf215_env/lib/python3.11/site-packages/keras/src/utils/traceback_utils.py", line 70, in error_handler
    raise e.with_traceback(filtered_tb) from None
  File "/mnt/beegfs/hellgate/home/rb194958e/.conda/envs/tf215_env/lib/python3.11/site-packages/tensorflow/python/eager/execute.py", line 53, in quick_execute
    tensors = pywrap_tfe.TFE_Py_Execute(ctx._handle, device_name, op_name,
  ^^^^^^^^^^^^^^^^^^^^^^^^^^^^^^^^^^^^^^^^^^^^^^^^^^^^^^^^^^^^^^^^^^^^^^^^
tensorflow.python.framework.errors_impl.ResourceExhaustedError: Graph execution error:

Detected at node model/concatenate_2/concat defined at (most recent call last):
  File "/mnt/beegfs/hellgate/home/rb194958e/stroke_segmentation_sota/batch_wise_train.py", line 277, in <module>

  File "/mnt/beegfs/hellgate/home/rb194958e/stroke_segmentation_sota/batch_wise_train.py", line 256, in main

  File "/mnt/beegfs/hellgate/home/rb194958e/.conda/envs/tf215_env/lib/python3.11/site-packages/keras/src/utils/traceback_utils.py", line 65, in error_handler

  File "/mnt/beegfs/hellgate/home/rb194958e/.conda/envs/tf215_env/lib/python3.11/site-packages/keras/src/engine/training.py", line 1807, in fit

  File "/mnt/beegfs/hellgate/home/rb194958e/.conda/envs/tf215_env/lib/python3.11/site-packages/keras/src/engine/training.py", line 1401, in train_function

  File "/mnt/beegfs/hellgate/home/rb194958e/.conda/envs/tf215_env/lib/python3.11/site-packages/keras/src/engine/training.py", line 1384, in step_function

  File "/mnt/beegfs/hellgate/home/rb194958e/.conda/envs/tf215_env/lib/python3.11/site-packages/keras/src/engine/training.py", line 1373, in run_step

  File "/mnt/beegfs/hellgate/home/rb194958e/.conda/envs/tf215_env/lib/python3.11/site-packages/keras/src/engine/training.py", line 1150, in train_step

  File "/mnt/beegfs/hellgate/home/rb194958e/.conda/envs/tf215_env/lib/python3.11/site-packages/keras/src/utils/traceback_utils.py", line 65, in error_handler

  File "/mnt/beegfs/hellgate/home/rb194958e/.conda/envs/tf215_env/lib/python3.11/site-packages/keras/src/engine/training.py", line 590, in __call__

  File "/mnt/beegfs/hellgate/home/rb194958e/.conda/envs/tf215_env/lib/python3.11/site-packages/keras/src/utils/traceback_utils.py", line 65, in error_handler

  File "/mnt/beegfs/hellgate/home/rb194958e/.conda/envs/tf215_env/lib/python3.11/site-packages/keras/src/engine/base_layer.py", line 1149, in __call__

  File "/mnt/beegfs/hellgate/home/rb194958e/.conda/envs/tf215_env/lib/python3.11/site-packages/keras/src/utils/traceback_utils.py", line 96, in error_handler

  File "/mnt/beegfs/hellgate/home/rb194958e/.conda/envs/tf215_env/lib/python3.11/site-packages/keras/src/engine/functional.py", line 515, in call

  File "/mnt/beegfs/hellgate/home/rb194958e/.conda/envs/tf215_env/lib/python3.11/site-packages/keras/src/engine/functional.py", line 672, in _run_internal_graph

  File "/mnt/beegfs/hellgate/home/rb194958e/.conda/envs/tf215_env/lib/python3.11/site-packages/keras/src/utils/traceback_utils.py", line 65, in error_handler

  File "/mnt/beegfs/hellgate/home/rb194958e/.conda/envs/tf215_env/lib/python3.11/site-packages/keras/src/engine/base_layer.py", line 1149, in __call__

  File "/mnt/beegfs/hellgate/home/rb194958e/.conda/envs/tf215_env/lib/python3.11/site-packages/keras/src/utils/traceback_utils.py", line 96, in error_handler

  File "/mnt/beegfs/hellgate/home/rb194958e/.conda/envs/tf215_env/lib/python3.11/site-packages/keras/src/layers/merging/base_merge.py", line 196, in call

  File "/mnt/beegfs/hellgate/home/rb194958e/.conda/envs/tf215_env/lib/python3.11/site-packages/keras/src/layers/merging/concatenate.py", line 134, in _merge_function

  File "/mnt/beegfs/hellgate/home/rb194958e/.conda/envs/tf215_env/lib/python3.11/site-packages/keras/src/backend.py", line 3580, in concatenate

OOM when allocating tensor with shape[2,64,192,224,176] and type float on /job:localhost/replica:0/task:0/device:GPU:0 by allocator GPU_0_bfc
	 [[{{node model/concatenate_2/concat}}]]
Hint: If you want to see a list of allocated tensors when OOM happens, add report_tensor_allocations_upon_oom to RunOptions for current allocation info. This isn't available when running in Eager mode.
 [Op:__inference_train_function_7309]
2025-06-14 09:38:17.204209: W tensorflow/core/kernels/data/generator_dataset_op.cc:108] Error occurred when finalizing GeneratorDataset iterator: FAILED_PRECONDITION: Python interpreter state is not initialized. The process may be terminated.
	 [[{{node PyFunc}}]]
/var/spool/slurmd/job1123612/slurm_script: line 320: EOF: command not found
/var/spool/slurmd/job1123612/slurm_script: line 330: unexpected EOF while looking for matching ``'
/var/spool/slurmd/job1123612/slurm_script: line 339: syntax error: unexpected end of file
