2025-06-14 22:02:25.629988: I tensorflow/core/util/port.cc:113] oneDNN custom operations are on. You may see slightly different numerical results due to floating-point round-off errors from different computation orders. To turn them off, set the environment variable `TF_ENABLE_ONEDNN_OPTS=0`.
2025-06-14 22:02:26.378908: E external/local_xla/xla/stream_executor/cuda/cuda_dnn.cc:9261] Unable to register cuDNN factory: Attempting to register factory for plugin cuDNN when one has already been registered
2025-06-14 22:02:26.379630: E external/local_xla/xla/stream_executor/cuda/cuda_fft.cc:607] Unable to register cuFFT factory: Attempting to register factory for plugin cuFFT when one has already been registered
2025-06-14 22:02:26.493761: E external/local_xla/xla/stream_executor/cuda/cuda_blas.cc:1515] Unable to register cuBLAS factory: Attempting to register factory for plugin cuBLAS when one has already been registered
2025-06-14 22:02:26.745787: I tensorflow/core/platform/cpu_feature_guard.cc:182] This TensorFlow binary is optimized to use available CPU instructions in performance-critical operations.
To enable the following instructions: AVX2 AVX512F AVX512_VNNI FMA, in other operations, rebuild TensorFlow with the appropriate compiler flags.
2025-06-14 22:02:33.476244: W tensorflow/compiler/tf2tensorrt/utils/py_utils.cc:38] TF-TRT Warning: Could not find TensorRT
INFO:__main__:🚀 Starting Stroke Lesion Segmentation Training
INFO:__main__:Using 1 GPU(s)
INFO:__main__:Creating data generators...
INFO:__main__:Found 655 valid image/mask pairs
INFO:__main__:Found 655 valid image/mask pairs
INFO:__main__:Training batches: 262
INFO:__main__:Validation batches: 65
INFO:__main__:Building model...
2025-06-14 22:02:48.022550: I tensorflow/core/common_runtime/gpu/gpu_device.cc:1929] Created device /job:localhost/replica:0/task:0/device:GPU:0 with 22483 MB memory:  -> device: 0, name: NVIDIA RTX 4500 Ada Generation, pci bus id: 0000:1c:00.0, compute capability: 8.9
INFO:__main__:Model parameters: 5,605,345
INFO:__main__:Starting training...
pixdim[0] (qfac) should be 1 (default) or -1; setting qfac to 1
INFO:nibabel.global:pixdim[0] (qfac) should be 1 (default) or -1; setting qfac to 1
pixdim[0] (qfac) should be 1 (default) or -1; setting qfac to 1
INFO:nibabel.global:pixdim[0] (qfac) should be 1 (default) or -1; setting qfac to 1
pixdim[0] (qfac) should be 1 (default) or -1; setting qfac to 1
INFO:nibabel.global:pixdim[0] (qfac) should be 1 (default) or -1; setting qfac to 1
pixdim[0] (qfac) should be 1 (default) or -1; setting qfac to 1
INFO:nibabel.global:pixdim[0] (qfac) should be 1 (default) or -1; setting qfac to 1
2025-06-14 22:02:55.666323: I external/local_xla/xla/stream_executor/cuda/cuda_dnn.cc:454] Loaded cuDNN version 8907
pixdim[0] (qfac) should be 1 (default) or -1; setting qfac to 1
INFO:nibabel.global:pixdim[0] (qfac) should be 1 (default) or -1; setting qfac to 1
pixdim[0] (qfac) should be 1 (default) or -1; setting qfac to 1
INFO:nibabel.global:pixdim[0] (qfac) should be 1 (default) or -1; setting qfac to 1
pixdim[0] (qfac) should be 1 (default) or -1; setting qfac to 1
INFO:nibabel.global:pixdim[0] (qfac) should be 1 (default) or -1; setting qfac to 1
pixdim[0] (qfac) should be 1 (default) or -1; setting qfac to 1
INFO:nibabel.global:pixdim[0] (qfac) should be 1 (default) or -1; setting qfac to 1
pixdim[0] (qfac) should be 1 (default) or -1; setting qfac to 1
INFO:nibabel.global:pixdim[0] (qfac) should be 1 (default) or -1; setting qfac to 1
2025-06-14 22:03:12.100316: W external/local_tsl/tsl/framework/bfc_allocator.cc:296] Allocator (GPU_0_bfc) ran out of memory trying to allocate 2.27GiB with freed_by_count=0. The caller indicates that this is not a failure, but this may mean that there could be performance gains if more memory were available.
2025-06-14 22:03:12.201721: W external/local_tsl/tsl/framework/bfc_allocator.cc:296] Allocator (GPU_0_bfc) ran out of memory trying to allocate 2.30GiB with freed_by_count=0. The caller indicates that this is not a failure, but this may mean that there could be performance gains if more memory were available.
2025-06-14 22:03:12.202630: W external/local_tsl/tsl/framework/bfc_allocator.cc:296] Allocator (GPU_0_bfc) ran out of memory trying to allocate 2.27GiB with freed_by_count=0. The caller indicates that this is not a failure, but this may mean that there could be performance gains if more memory were available.
2025-06-14 22:03:12.821812: W external/local_tsl/tsl/framework/bfc_allocator.cc:296] Allocator (GPU_0_bfc) ran out of memory trying to allocate 2.27GiB with freed_by_count=0. The caller indicates that this is not a failure, but this may mean that there could be performance gains if more memory were available.
2025-06-14 22:03:12.875315: W external/local_tsl/tsl/framework/bfc_allocator.cc:296] Allocator (GPU_0_bfc) ran out of memory trying to allocate 2.30GiB with freed_by_count=0. The caller indicates that this is not a failure, but this may mean that there could be performance gains if more memory were available.
2025-06-14 22:03:12.876383: W external/local_tsl/tsl/framework/bfc_allocator.cc:296] Allocator (GPU_0_bfc) ran out of memory trying to allocate 2.27GiB with freed_by_count=0. The caller indicates that this is not a failure, but this may mean that there could be performance gains if more memory were available.
2025-06-14 22:03:23.497026: W external/local_tsl/tsl/framework/bfc_allocator.cc:485] Allocator (GPU_0_bfc) ran out of memory trying to allocate 3.61GiB (rounded to 3875536896)requested by op model/concatenate_2/concat
If the cause is memory fragmentation maybe the environment variable 'TF_GPU_ALLOCATOR=cuda_malloc_async' will improve the situation. 
Current allocation summary follows.
Current allocation summary follows.
2025-06-14 22:03:23.497984: I external/local_tsl/tsl/framework/bfc_allocator.cc:1039] BFCAllocator dump for GPU_0_bfc
2025-06-14 22:03:23.498590: I external/local_tsl/tsl/framework/bfc_allocator.cc:1046] Bin (256): 	Total Chunks: 155, Chunks in use: 155. 38.8KiB allocated for chunks. 38.8KiB in use in bin. 20.7KiB client-requested in use in bin.
2025-06-14 22:03:23.499153: I external/local_tsl/tsl/framework/bfc_allocator.cc:1046] Bin (512): 	Total Chunks: 56, Chunks in use: 55. 28.2KiB allocated for chunks. 27.8KiB in use in bin. 27.5KiB client-requested in use in bin.
2025-06-14 22:03:23.499657: I external/local_tsl/tsl/framework/bfc_allocator.cc:1046] Bin (1024): 	Total Chunks: 27, Chunks in use: 27. 27.2KiB allocated for chunks. 27.2KiB in use in bin. 27.0KiB client-requested in use in bin.
2025-06-14 22:03:23.500153: I external/local_tsl/tsl/framework/bfc_allocator.cc:1046] Bin (2048): 	Total Chunks: 3, Chunks in use: 3. 10.5KiB allocated for chunks. 10.5KiB in use in bin. 10.1KiB client-requested in use in bin.
2025-06-14 22:03:23.500584: I external/local_tsl/tsl/framework/bfc_allocator.cc:1046] Bin (4096): 	Total Chunks: 0, Chunks in use: 0. 0B allocated for chunks. 0B in use in bin. 0B client-requested in use in bin.
2025-06-14 22:03:23.501022: I external/local_tsl/tsl/framework/bfc_allocator.cc:1046] Bin (8192): 	Total Chunks: 0, Chunks in use: 0. 0B allocated for chunks. 0B in use in bin. 0B client-requested in use in bin.
2025-06-14 22:03:23.501455: I external/local_tsl/tsl/framework/bfc_allocator.cc:1046] Bin (16384): 	Total Chunks: 0, Chunks in use: 0. 0B allocated for chunks. 0B in use in bin. 0B client-requested in use in bin.
2025-06-14 22:03:23.501937: I external/local_tsl/tsl/framework/bfc_allocator.cc:1046] Bin (32768): 	Total Chunks: 0, Chunks in use: 0. 0B allocated for chunks. 0B in use in bin. 0B client-requested in use in bin.
2025-06-14 22:03:23.502369: I external/local_tsl/tsl/framework/bfc_allocator.cc:1046] Bin (65536): 	Total Chunks: 7, Chunks in use: 7. 653.0KiB allocated for chunks. 653.0KiB in use in bin. 624.0KiB client-requested in use in bin.
2025-06-14 22:03:23.502872: I external/local_tsl/tsl/framework/bfc_allocator.cc:1046] Bin (131072): 	Total Chunks: 8, Chunks in use: 8. 1.58MiB allocated for chunks. 1.58MiB in use in bin. 1.48MiB client-requested in use in bin.
2025-06-14 22:03:23.503302: I external/local_tsl/tsl/framework/bfc_allocator.cc:1046] Bin (262144): 	Total Chunks: 8, Chunks in use: 8. 2.95MiB allocated for chunks. 2.95MiB in use in bin. 2.86MiB client-requested in use in bin.
2025-06-14 22:03:23.503941: I external/local_tsl/tsl/framework/bfc_allocator.cc:1046] Bin (524288): 	Total Chunks: 7, Chunks in use: 7. 5.89MiB allocated for chunks. 5.89MiB in use in bin. 5.48MiB client-requested in use in bin.
2025-06-14 22:03:23.504446: I external/local_tsl/tsl/framework/bfc_allocator.cc:1046] Bin (1048576): 	Total Chunks: 9, Chunks in use: 9. 14.02MiB allocated for chunks. 14.02MiB in use in bin. 13.12MiB client-requested in use in bin.
2025-06-14 22:03:23.504895: I external/local_tsl/tsl/framework/bfc_allocator.cc:1046] Bin (2097152): 	Total Chunks: 5, Chunks in use: 5. 17.38MiB allocated for chunks. 17.38MiB in use in bin. 16.88MiB client-requested in use in bin.
2025-06-14 22:03:23.505300: I external/local_tsl/tsl/framework/bfc_allocator.cc:1046] Bin (4194304): 	Total Chunks: 3, Chunks in use: 3. 18.12MiB allocated for chunks. 18.12MiB in use in bin. 16.88MiB client-requested in use in bin.
2025-06-14 22:03:23.505707: I external/local_tsl/tsl/framework/bfc_allocator.cc:1046] Bin (8388608): 	Total Chunks: 3, Chunks in use: 3. 40.62MiB allocated for chunks. 40.62MiB in use in bin. 35.62MiB client-requested in use in bin.
2025-06-14 22:03:23.506147: I external/local_tsl/tsl/framework/bfc_allocator.cc:1046] Bin (16777216): 	Total Chunks: 5, Chunks in use: 4. 140.19MiB allocated for chunks. 115.50MiB in use in bin. 115.50MiB client-requested in use in bin.
2025-06-14 22:03:23.506584: I external/local_tsl/tsl/framework/bfc_allocator.cc:1046] Bin (33554432): 	Total Chunks: 2, Chunks in use: 2. 115.50MiB allocated for chunks. 115.50MiB in use in bin. 115.50MiB client-requested in use in bin.
2025-06-14 22:03:23.507027: I external/local_tsl/tsl/framework/bfc_allocator.cc:1046] Bin (67108864): 	Total Chunks: 8, Chunks in use: 8. 874.50MiB allocated for chunks. 874.50MiB in use in bin. 808.50MiB client-requested in use in bin.
2025-06-14 22:03:23.507465: I external/local_tsl/tsl/framework/bfc_allocator.cc:1046] Bin (134217728): 	Total Chunks: 5, Chunks in use: 5. 1.07GiB allocated for chunks. 1.07GiB in use in bin. 924.00MiB client-requested in use in bin.
2025-06-14 22:03:23.507892: I external/local_tsl/tsl/framework/bfc_allocator.cc:1046] Bin (268435456): 	Total Chunks: 18, Chunks in use: 15. 19.69GiB allocated for chunks. 15.34GiB in use in bin. 15.34GiB client-requested in use in bin.
2025-06-14 22:03:23.508280: I external/local_tsl/tsl/framework/bfc_allocator.cc:1062] Bin for 3.61GiB was 256.00MiB, Chunk State: 
2025-06-14 22:03:23.508688: I external/local_tsl/tsl/framework/bfc_allocator.cc:1068]   Size: 453.50MiB | Requested Size: 16.00MiB | in_use: 0 | bin_num: 20, prev:   Size: 462.00MiB | Requested Size: 462.00MiB | in_use: 1 | bin_num: -1
2025-06-14 22:03:23.509090: I external/local_tsl/tsl/framework/bfc_allocator.cc:1068]   Size: 1.80GiB | Requested Size: 1.80GiB | in_use: 0 | bin_num: 20, next:   Size: 1.80GiB | Requested Size: 1.80GiB | in_use: 1 | bin_num: -1
2025-06-14 22:03:23.509470: I external/local_tsl/tsl/framework/bfc_allocator.cc:1068]   Size: 2.10GiB | Requested Size: 1.82GiB | in_use: 0 | bin_num: 20, prev:   Size: 1.80GiB | Requested Size: 1.80GiB | in_use: 1 | bin_num: -1
2025-06-14 22:03:23.509906: I external/local_tsl/tsl/framework/bfc_allocator.cc:1075] Next region of size 6129582080
2025-06-14 22:03:23.510367: I external/local_tsl/tsl/framework/bfc_allocator.cc:1095] Free  at 7f1722000000 of size 1937768448 next 107
2025-06-14 22:03:23.510737: I external/local_tsl/tsl/framework/bfc_allocator.cc:1095] InUse at 7f1795800000 of size 1937768448 next 329
2025-06-14 22:03:23.511109: I external/local_tsl/tsl/framework/bfc_allocator.cc:1095] Free  at 7f1809000000 of size 2254045184 next 18446744073709551615
2025-06-14 22:03:23.511469: I external/local_tsl/tsl/framework/bfc_allocator.cc:1075] Next region of size 8589934592
2025-06-14 22:03:23.511990: I external/local_tsl/tsl/framework/bfc_allocator.cc:1095] InUse at 7f18ba000000 of size 1937768448 next 282
2025-06-14 22:03:23.512364: I external/local_tsl/tsl/framework/bfc_allocator.cc:1095] InUse at 7f192d800000 of size 242221056 next 283
2025-06-14 22:03:23.512732: I external/local_tsl/tsl/framework/bfc_allocator.cc:1095] InUse at 7f193bf00000 of size 484442112 next 284
2025-06-14 22:03:23.513098: I external/local_tsl/tsl/framework/bfc_allocator.cc:1095] InUse at 7f1958d00000 of size 484442112 next 285
2025-06-14 22:03:23.513464: I external/local_tsl/tsl/framework/bfc_allocator.cc:1095] InUse at 7f1975b00000 of size 484442112 next 29
2025-06-14 22:03:23.513869: I external/local_tsl/tsl/framework/bfc_allocator.cc:1095] InUse at 7f1992900000 of size 484442112 next 289
2025-06-14 22:03:23.514237: I external/local_tsl/tsl/framework/bfc_allocator.cc:1095] InUse at 7f19af700000 of size 484442112 next 293
2025-06-14 22:03:23.514582: I external/local_tsl/tsl/framework/bfc_allocator.cc:1095] InUse at 7f19cc500000 of size 121110528 next 47
2025-06-14 22:03:23.514947: I external/local_tsl/tsl/framework/bfc_allocator.cc:1095] InUse at 7f19d3880000 of size 121110528 next 296
2025-06-14 22:03:23.515306: I external/local_tsl/tsl/framework/bfc_allocator.cc:1095] InUse at 7f19dac00000 of size 121110528 next 300
2025-06-14 22:03:23.515659: I external/local_tsl/tsl/framework/bfc_allocator.cc:1095] InUse at 7f19e1f80000 of size 30277632 next 302
2025-06-14 22:03:23.516056: I external/local_tsl/tsl/framework/bfc_allocator.cc:1095] InUse at 7f19e3c60000 of size 30277632 next 303
2025-06-14 22:03:23.516445: I external/local_tsl/tsl/framework/bfc_allocator.cc:1095] InUse at 7f19e5940000 of size 30277632 next 66
2025-06-14 22:03:23.516818: I external/local_tsl/tsl/framework/bfc_allocator.cc:1095] InUse at 7f19e7620000 of size 30277632 next 307
2025-06-14 22:03:23.517176: I external/local_tsl/tsl/framework/bfc_allocator.cc:1095] InUse at 7f19e9300000 of size 121110528 next 76
2025-06-14 22:03:23.517530: I external/local_tsl/tsl/framework/bfc_allocator.cc:1095] InUse at 7f19f0680000 of size 121110528 next 312
2025-06-14 22:03:23.517916: I external/local_tsl/tsl/framework/bfc_allocator.cc:1095] InUse at 7f19f7a00000 of size 242221056 next 311
2025-06-14 22:03:23.518257: I external/local_tsl/tsl/framework/bfc_allocator.cc:1095] InUse at 7f1a06100000 of size 121110528 next 85
2025-06-14 22:03:23.518650: I external/local_tsl/tsl/framework/bfc_allocator.cc:1095] InUse at 7f1a0d480000 of size 484442112 next 325
2025-06-14 22:03:23.519034: I external/local_tsl/tsl/framework/bfc_allocator.cc:1095] InUse at 7f1a2a280000 of size 484442112 next 320
2025-06-14 22:03:23.519459: I external/local_tsl/tsl/framework/bfc_allocator.cc:1095] InUse at 7f1a47080000 of size 968884224 next 319
2025-06-14 22:03:23.519867: I external/local_tsl/tsl/framework/bfc_allocator.cc:1095] InUse at 7f1a80c80000 of size 484442112 next 91
2025-06-14 22:03:23.520241: I external/local_tsl/tsl/framework/bfc_allocator.cc:1095] Free  at 7f1a9da80000 of size 475529216 next 18446744073709551615
2025-06-14 22:03:23.520588: I external/local_tsl/tsl/framework/bfc_allocator.cc:1075] Next region of size 4294967296
2025-06-14 22:03:23.521050: I external/local_tsl/tsl/framework/bfc_allocator.cc:1095] InUse at 7f1ad6000000 of size 1937768448 next 11
2025-06-14 22:03:23.521471: I external/local_tsl/tsl/framework/bfc_allocator.cc:1095] InUse at 7f1b49800000 of size 1937768448 next 277
2025-06-14 22:03:23.521863: I external/local_tsl/tsl/framework/bfc_allocator.cc:1095] InUse at 7f1bbd000000 of size 242221056 next 20
2025-06-14 22:03:23.522358: I external/local_tsl/tsl/framework/bfc_allocator.cc:1095] InUse at 7f1bcb700000 of size 60555264 next 38
2025-06-14 22:03:23.522923: I external/local_tsl/tsl/framework/bfc_allocator.cc:1095] InUse at 7f1bcf0c0000 of size 116654080 next 18446744073709551615
2025-06-14 22:03:23.523391: I external/local_tsl/tsl/framework/bfc_allocator.cc:1075] Next region of size 2147483648
2025-06-14 22:03:23.523910: I external/local_tsl/tsl/framework/bfc_allocator.cc:1095] InUse at 7f1c02000000 of size 1937768448 next 265
2025-06-14 22:03:23.524321: I external/local_tsl/tsl/framework/bfc_allocator.cc:1095] InUse at 7f1c75800000 of size 209715200 next 18446744073709551615
2025-06-14 22:03:23.524677: I external/local_tsl/tsl/framework/bfc_allocator.cc:1075] Next region of size 2147483648
2025-06-14 22:03:23.525154: I external/local_tsl/tsl/framework/bfc_allocator.cc:1095] InUse at 7f1c8c000000 of size 1937768448 next 267
2025-06-14 22:03:23.525500: I external/local_tsl/tsl/framework/bfc_allocator.cc:1095] InUse at 7f1cff800000 of size 209715200 next 18446744073709551615
2025-06-14 22:03:23.525842: I external/local_tsl/tsl/framework/bfc_allocator.cc:1075] Next region of size 134217728
2025-06-14 22:03:23.526324: I external/local_tsl/tsl/framework/bfc_allocator.cc:1095] InUse at 7f1d9e000000 of size 60555264 next 264
2025-06-14 22:03:23.526692: I external/local_tsl/tsl/framework/bfc_allocator.cc:1095] InUse at 7f1da19c0000 of size 73662464 next 18446744073709551615
2025-06-14 22:03:23.527016: I external/local_tsl/tsl/framework/bfc_allocator.cc:1075] Next region of size 67108864
2025-06-14 22:03:23.527440: I external/local_tsl/tsl/framework/bfc_allocator.cc:1095] InUse at 7f1da6000000 of size 3538944 next 198
2025-06-14 22:03:23.527778: I external/local_tsl/tsl/framework/bfc_allocator.cc:1095] InUse at 7f1da6360000 of size 1769472 next 205
2025-06-14 22:03:23.528119: I external/local_tsl/tsl/framework/bfc_allocator.cc:1095] InUse at 7f1da6510000 of size 1769472 next 206
2025-06-14 22:03:23.528459: I external/local_tsl/tsl/framework/bfc_allocator.cc:1095] InUse at 7f1da66c0000 of size 262144 next 213
2025-06-14 22:03:23.528828: I external/local_tsl/tsl/framework/bfc_allocator.cc:1095] InUse at 7f1da6700000 of size 262144 next 214
2025-06-14 22:03:23.529210: I external/local_tsl/tsl/framework/bfc_allocator.cc:1095] InUse at 7f1da6740000 of size 884736 next 217
2025-06-14 22:03:23.529617: I external/local_tsl/tsl/framework/bfc_allocator.cc:1095] InUse at 7f1da6818000 of size 884736 next 218
2025-06-14 22:03:23.529968: I external/local_tsl/tsl/framework/bfc_allocator.cc:1095] InUse at 7f1da68f0000 of size 442368 next 225
2025-06-14 22:03:23.530341: I external/local_tsl/tsl/framework/bfc_allocator.cc:1095] InUse at 7f1da695c000 of size 442368 next 226
2025-06-14 22:03:23.530702: I external/local_tsl/tsl/framework/bfc_allocator.cc:1095] InUse at 7f1da69c8000 of size 256 next 234
2025-06-14 22:03:23.531142: I external/local_tsl/tsl/framework/bfc_allocator.cc:1095] InUse at 7f1da69c8100 of size 256 next 235
2025-06-14 22:03:23.531597: I external/local_tsl/tsl/framework/bfc_allocator.cc:1095] InUse at 7f1da69c8200 of size 221184 next 236
2025-06-14 22:03:23.531994: I external/local_tsl/tsl/framework/bfc_allocator.cc:1095] InUse at 7f1da69fe200 of size 221184 next 237
2025-06-14 22:03:23.532342: I external/local_tsl/tsl/framework/bfc_allocator.cc:1095] InUse at 7f1da6a34200 of size 256 next 238
2025-06-14 22:03:23.532808: I external/local_tsl/tsl/framework/bfc_allocator.cc:1095] InUse at 7f1da6a34300 of size 256 next 239
2025-06-14 22:03:23.533242: I external/local_tsl/tsl/framework/bfc_allocator.cc:1095] InUse at 7f1da6a34400 of size 256 next 240
2025-06-14 22:03:23.533669: I external/local_tsl/tsl/framework/bfc_allocator.cc:1095] InUse at 7f1da6a34500 of size 256 next 241
2025-06-14 22:03:23.534085: I external/local_tsl/tsl/framework/bfc_allocator.cc:1095] InUse at 7f1da6a34600 of size 256 next 242
2025-06-14 22:03:23.534509: I external/local_tsl/tsl/framework/bfc_allocator.cc:1095] InUse at 7f1da6a34700 of size 256 next 243
2025-06-14 22:03:23.534954: I external/local_tsl/tsl/framework/bfc_allocator.cc:1095] InUse at 7f1da6a34800 of size 110592 next 244
2025-06-14 22:03:23.535338: I external/local_tsl/tsl/framework/bfc_allocator.cc:1095] InUse at 7f1da6a4f800 of size 110592 next 245
2025-06-14 22:03:23.535674: I external/local_tsl/tsl/framework/bfc_allocator.cc:1095] InUse at 7f1da6a6a800 of size 256 next 246
2025-06-14 22:03:23.536082: I external/local_tsl/tsl/framework/bfc_allocator.cc:1095] InUse at 7f1da6a6a900 of size 256 next 247
2025-06-14 22:03:23.536507: I external/local_tsl/tsl/framework/bfc_allocator.cc:1095] InUse at 7f1da6a6aa00 of size 256 next 248
2025-06-14 22:03:23.536934: I external/local_tsl/tsl/framework/bfc_allocator.cc:1095] InUse at 7f1da6a6ab00 of size 256 next 249
2025-06-14 22:03:23.537437: I external/local_tsl/tsl/framework/bfc_allocator.cc:1095] InUse at 7f1da6a6ac00 of size 256 next 250
2025-06-14 22:03:23.537949: I external/local_tsl/tsl/framework/bfc_allocator.cc:1095] InUse at 7f1da6a6ad00 of size 256 next 251
2025-06-14 22:03:23.538351: I external/local_tsl/tsl/framework/bfc_allocator.cc:1095] InUse at 7f1da6a6ae00 of size 256 next 252
2025-06-14 22:03:23.538781: I external/local_tsl/tsl/framework/bfc_allocator.cc:1095] InUse at 7f1da6a6af00 of size 256 next 253
2025-06-14 22:03:23.539199: I external/local_tsl/tsl/framework/bfc_allocator.cc:1095] InUse at 7f1da6a6b000 of size 256 next 254
2025-06-14 22:03:23.539684: I external/local_tsl/tsl/framework/bfc_allocator.cc:1095] InUse at 7f1da6a6b100 of size 256 next 255
2025-06-14 22:03:23.540099: I external/local_tsl/tsl/framework/bfc_allocator.cc:1095] InUse at 7f1da6a6b200 of size 256 next 256
2025-06-14 22:03:23.540518: I external/local_tsl/tsl/framework/bfc_allocator.cc:1095] InUse at 7f1da6a6b300 of size 256 next 257
2025-06-14 22:03:23.540914: I external/local_tsl/tsl/framework/bfc_allocator.cc:1095] InUse at 7f1da6a6b400 of size 256 next 258
2025-06-14 22:03:23.541317: I external/local_tsl/tsl/framework/bfc_allocator.cc:1095] InUse at 7f1da6a6b500 of size 256 next 259
2025-06-14 22:03:23.541749: I external/local_tsl/tsl/framework/bfc_allocator.cc:1095] InUse at 7f1da6a6b600 of size 256 next 260
2025-06-14 22:03:23.542344: I external/local_tsl/tsl/framework/bfc_allocator.cc:1095] InUse at 7f1da6a6b700 of size 256 next 261
2025-06-14 22:03:23.542985: I external/local_tsl/tsl/framework/bfc_allocator.cc:1095] InUse at 7f1da6a6b800 of size 256 next 262
2025-06-14 22:03:23.543426: I external/local_tsl/tsl/framework/bfc_allocator.cc:1095] InUse at 7f1da6a6b900 of size 256 next 263
2025-06-14 22:03:23.543844: I external/local_tsl/tsl/framework/bfc_allocator.cc:1095] InUse at 7f1da6a6ba00 of size 256 next 272
2025-06-14 22:03:23.544261: I external/local_tsl/tsl/framework/bfc_allocator.cc:1095] InUse at 7f1da6a6bb00 of size 256 next 274
2025-06-14 22:03:23.544704: I external/local_tsl/tsl/framework/bfc_allocator.cc:1095] InUse at 7f1da6a6bc00 of size 256 next 275
2025-06-14 22:03:23.545131: I external/local_tsl/tsl/framework/bfc_allocator.cc:1095] InUse at 7f1da6a6bd00 of size 256 next 276
2025-06-14 22:03:23.545585: I external/local_tsl/tsl/framework/bfc_allocator.cc:1095] InUse at 7f1da6a6be00 of size 256 next 280
2025-06-14 22:03:23.546013: I external/local_tsl/tsl/framework/bfc_allocator.cc:1095] InUse at 7f1da6a6bf00 of size 256 next 281
2025-06-14 22:03:23.546470: I external/local_tsl/tsl/framework/bfc_allocator.cc:1095] InUse at 7f1da6a6c000 of size 256 next 287
2025-06-14 22:03:23.546921: I external/local_tsl/tsl/framework/bfc_allocator.cc:1095] InUse at 7f1da6a6c100 of size 256 next 288
2025-06-14 22:03:23.547345: I external/local_tsl/tsl/framework/bfc_allocator.cc:1095] InUse at 7f1da6a6c200 of size 256 next 291
2025-06-14 22:03:23.547748: I external/local_tsl/tsl/framework/bfc_allocator.cc:1095] InUse at 7f1da6a6c300 of size 256 next 292
2025-06-14 22:03:23.548157: I external/local_tsl/tsl/framework/bfc_allocator.cc:1095] InUse at 7f1da6a6c400 of size 512 next 294
2025-06-14 22:03:23.548576: I external/local_tsl/tsl/framework/bfc_allocator.cc:1095] InUse at 7f1da6a6c600 of size 768 next 268
2025-06-14 22:03:23.549048: I external/local_tsl/tsl/framework/bfc_allocator.cc:1095] InUse at 7f1da6a6c900 of size 256 next 269
2025-06-14 22:03:23.549508: I external/local_tsl/tsl/framework/bfc_allocator.cc:1095] InUse at 7f1da6a6ca00 of size 256 next 270
2025-06-14 22:03:23.549937: I external/local_tsl/tsl/framework/bfc_allocator.cc:1095] InUse at 7f1da6a6cb00 of size 512 next 295
2025-06-14 22:03:23.550355: I external/local_tsl/tsl/framework/bfc_allocator.cc:1095] InUse at 7f1da6a6cd00 of size 512 next 298
2025-06-14 22:03:23.550776: I external/local_tsl/tsl/framework/bfc_allocator.cc:1095] InUse at 7f1da6a6cf00 of size 512 next 299
2025-06-14 22:03:23.551194: I external/local_tsl/tsl/framework/bfc_allocator.cc:1095] InUse at 7f1da6a6d100 of size 15138816 next 56
2025-06-14 22:03:23.551545: I external/local_tsl/tsl/framework/bfc_allocator.cc:1095] InUse at 7f1da78dd100 of size 15138816 next 301
2025-06-14 22:03:23.551910: I external/local_tsl/tsl/framework/bfc_allocator.cc:1095] InUse at 7f1da874d100 of size 1024 next 304
2025-06-14 22:03:23.552358: I external/local_tsl/tsl/framework/bfc_allocator.cc:1095] InUse at 7f1da874d500 of size 1024 next 305
2025-06-14 22:03:23.552771: I external/local_tsl/tsl/framework/bfc_allocator.cc:1095] InUse at 7f1da874d900 of size 1024 next 306
2025-06-14 22:03:23.553240: I external/local_tsl/tsl/framework/bfc_allocator.cc:1095] InUse at 7f1da874dd00 of size 1024 next 309
2025-06-14 22:03:23.553661: I external/local_tsl/tsl/framework/bfc_allocator.cc:1095] InUse at 7f1da874e100 of size 1024 next 310
2025-06-14 22:03:23.554077: I external/local_tsl/tsl/framework/bfc_allocator.cc:1095] InUse at 7f1da874e500 of size 512 next 317
2025-06-14 22:03:23.554476: I external/local_tsl/tsl/framework/bfc_allocator.cc:1095] InUse at 7f1da874e700 of size 512 next 318
2025-06-14 22:03:23.554887: I external/local_tsl/tsl/framework/bfc_allocator.cc:1095] InUse at 7f1da874e900 of size 256 next 326
2025-06-14 22:03:23.555295: I external/local_tsl/tsl/framework/bfc_allocator.cc:1095] InUse at 7f1da874ea00 of size 256 next 327
2025-06-14 22:03:23.555709: I external/local_tsl/tsl/framework/bfc_allocator.cc:1095] Free  at 7f1da874eb00 of size 25892096 next 18446744073709551615
2025-06-14 22:03:23.556061: I external/local_tsl/tsl/framework/bfc_allocator.cc:1075] Next region of size 33554432
2025-06-14 22:03:23.556526: I external/local_tsl/tsl/framework/bfc_allocator.cc:1095] InUse at 7f1dbe000000 of size 3538944 next 83
2025-06-14 22:03:23.556916: I external/local_tsl/tsl/framework/bfc_allocator.cc:1095] InUse at 7f1dbe360000 of size 221184 next 152
2025-06-14 22:03:23.557265: I external/local_tsl/tsl/framework/bfc_allocator.cc:1095] InUse at 7f1dbe396000 of size 221184 next 106
2025-06-14 22:03:23.557626: I external/local_tsl/tsl/framework/bfc_allocator.cc:1095] InUse at 7f1dbe3cc000 of size 442368 next 100
2025-06-14 22:03:23.557975: I external/local_tsl/tsl/framework/bfc_allocator.cc:1095] InUse at 7f1dbe438000 of size 884736 next 90
2025-06-14 22:03:23.558290: I external/local_tsl/tsl/framework/bfc_allocator.cc:1095] InUse at 7f1dbe510000 of size 1769472 next 74
2025-06-14 22:03:23.558653: I external/local_tsl/tsl/framework/bfc_allocator.cc:1095] InUse at 7f1dbe6c0000 of size 7077888 next 72
2025-06-14 22:03:23.559012: I external/local_tsl/tsl/framework/bfc_allocator.cc:1095] InUse at 7f1dbed80000 of size 7077888 next 187
2025-06-14 22:03:23.559339: I external/local_tsl/tsl/framework/bfc_allocator.cc:1095] InUse at 7f1dbf440000 of size 12320768 next 18446744073709551615
2025-06-14 22:03:23.559708: I external/local_tsl/tsl/framework/bfc_allocator.cc:1075] Next region of size 16777216
2025-06-14 22:03:23.560132: I external/local_tsl/tsl/framework/bfc_allocator.cc:1095] InUse at 7f1dc6000000 of size 1769472 next 173
2025-06-14 22:03:23.560443: I external/local_tsl/tsl/framework/bfc_allocator.cc:1095] InUse at 7f1dc61b0000 of size 1769472 next 64
2025-06-14 22:03:23.560769: I external/local_tsl/tsl/framework/bfc_allocator.cc:1095] InUse at 7f1dc6360000 of size 3538944 next 62
2025-06-14 22:03:23.561088: I external/local_tsl/tsl/framework/bfc_allocator.cc:1095] InUse at 7f1dc66c0000 of size 3538944 next 180
2025-06-14 22:03:23.561626: I external/local_tsl/tsl/framework/bfc_allocator.cc:1095] InUse at 7f1dc6a20000 of size 1048576 next 194
2025-06-14 22:03:23.562052: I external/local_tsl/tsl/framework/bfc_allocator.cc:1095] InUse at 7f1dc6b20000 of size 1048576 next 195
2025-06-14 22:03:23.562389: I external/local_tsl/tsl/framework/bfc_allocator.cc:1095] InUse at 7f1dc6c20000 of size 4063232 next 18446744073709551615
2025-06-14 22:03:23.562816: I external/local_tsl/tsl/framework/bfc_allocator.cc:1075] Next region of size 2097152
2025-06-14 22:03:23.563234: I external/local_tsl/tsl/framework/bfc_allocator.cc:1095] InUse at 7f1e26e00000 of size 1280 next 1
2025-06-14 22:03:23.563646: I external/local_tsl/tsl/framework/bfc_allocator.cc:1095] InUse at 7f1e26e00500 of size 256 next 2
2025-06-14 22:03:23.564146: I external/local_tsl/tsl/framework/bfc_allocator.cc:1095] InUse at 7f1e26e00600 of size 256 next 3
2025-06-14 22:03:23.564581: I external/local_tsl/tsl/framework/bfc_allocator.cc:1095] InUse at 7f1e26e00700 of size 256 next 5
2025-06-14 22:03:23.565000: I external/local_tsl/tsl/framework/bfc_allocator.cc:1095] InUse at 7f1e26e00800 of size 256 next 6
2025-06-14 22:03:23.565399: I external/local_tsl/tsl/framework/bfc_allocator.cc:1095] InUse at 7f1e26e00900 of size 256 next 4
2025-06-14 22:03:23.565819: I external/local_tsl/tsl/framework/bfc_allocator.cc:1095] InUse at 7f1e26e00a00 of size 256 next 7
2025-06-14 22:03:23.566263: I external/local_tsl/tsl/framework/bfc_allocator.cc:1095] InUse at 7f1e26e00b00 of size 256 next 10
2025-06-14 22:03:23.566677: I external/local_tsl/tsl/framework/bfc_allocator.cc:1095] InUse at 7f1e26e00c00 of size 256 next 278
2025-06-14 22:03:23.567085: I external/local_tsl/tsl/framework/bfc_allocator.cc:1095] InUse at 7f1e26e00d00 of size 256 next 12
2025-06-14 22:03:23.567499: I external/local_tsl/tsl/framework/bfc_allocator.cc:1095] InUse at 7f1e26e00e00 of size 256 next 13
2025-06-14 22:03:23.567905: I external/local_tsl/tsl/framework/bfc_allocator.cc:1095] InUse at 7f1e26e00f00 of size 256 next 14
2025-06-14 22:03:23.568312: I external/local_tsl/tsl/framework/bfc_allocator.cc:1095] InUse at 7f1e26e01000 of size 256 next 17
2025-06-14 22:03:23.568766: I external/local_tsl/tsl/framework/bfc_allocator.cc:1095] InUse at 7f1e26e01100 of size 256 next 15
2025-06-14 22:03:23.569216: I external/local_tsl/tsl/framework/bfc_allocator.cc:1095] InUse at 7f1e26e01200 of size 256 next 16
2025-06-14 22:03:23.569637: I external/local_tsl/tsl/framework/bfc_allocator.cc:1095] InUse at 7f1e26e01300 of size 256 next 286
2025-06-14 22:03:23.570068: I external/local_tsl/tsl/framework/bfc_allocator.cc:1095] InUse at 7f1e26e01400 of size 256 next 21
2025-06-14 22:03:23.570462: I external/local_tsl/tsl/framework/bfc_allocator.cc:1095] InUse at 7f1e26e01500 of size 256 next 22
2025-06-14 22:03:23.570924: I external/local_tsl/tsl/framework/bfc_allocator.cc:1095] InUse at 7f1e26e01600 of size 256 next 23
2025-06-14 22:03:23.571348: I external/local_tsl/tsl/framework/bfc_allocator.cc:1095] InUse at 7f1e26e01700 of size 256 next 24
2025-06-14 22:03:23.571807: I external/local_tsl/tsl/framework/bfc_allocator.cc:1095] InUse at 7f1e26e01800 of size 256 next 25
2025-06-14 22:03:23.572221: I external/local_tsl/tsl/framework/bfc_allocator.cc:1095] InUse at 7f1e26e01900 of size 256 next 28
2025-06-14 22:03:23.572663: I external/local_tsl/tsl/framework/bfc_allocator.cc:1095] InUse at 7f1e26e01a00 of size 256 next 290
2025-06-14 22:03:23.573104: I external/local_tsl/tsl/framework/bfc_allocator.cc:1095] InUse at 7f1e26e01b00 of size 256 next 30
2025-06-14 22:03:23.573523: I external/local_tsl/tsl/framework/bfc_allocator.cc:1095] InUse at 7f1e26e01c00 of size 256 next 31
2025-06-14 22:03:23.573936: I external/local_tsl/tsl/framework/bfc_allocator.cc:1095] InUse at 7f1e26e01d00 of size 256 next 32
2025-06-14 22:03:23.574349: I external/local_tsl/tsl/framework/bfc_allocator.cc:1095] InUse at 7f1e26e01e00 of size 256 next 35
2025-06-14 22:03:23.574759: I external/local_tsl/tsl/framework/bfc_allocator.cc:1095] InUse at 7f1e26e01f00 of size 256 next 33
2025-06-14 22:03:23.575230: I external/local_tsl/tsl/framework/bfc_allocator.cc:1095] InUse at 7f1e26e02000 of size 256 next 34
2025-06-14 22:03:23.575684: I external/local_tsl/tsl/framework/bfc_allocator.cc:1095] InUse at 7f1e26e02100 of size 512 next 39
2025-06-14 22:03:23.576121: I external/local_tsl/tsl/framework/bfc_allocator.cc:1095] InUse at 7f1e26e02300 of size 256 next 40
2025-06-14 22:03:23.576542: I external/local_tsl/tsl/framework/bfc_allocator.cc:1095] InUse at 7f1e26e02400 of size 256 next 41
2025-06-14 22:03:23.576981: I external/local_tsl/tsl/framework/bfc_allocator.cc:1095] InUse at 7f1e26e02500 of size 256 next 8
2025-06-14 22:03:23.577376: I external/local_tsl/tsl/framework/bfc_allocator.cc:1095] InUse at 7f1e26e02600 of size 3584 next 9
2025-06-14 22:03:23.577817: I external/local_tsl/tsl/framework/bfc_allocator.cc:1095] InUse at 7f1e26e03400 of size 512 next 42
2025-06-14 22:03:23.578262: I external/local_tsl/tsl/framework/bfc_allocator.cc:1095] InUse at 7f1e26e03600 of size 512 next 45
2025-06-14 22:03:23.578690: I external/local_tsl/tsl/framework/bfc_allocator.cc:1095] InUse at 7f1e26e03800 of size 512 next 46
2025-06-14 22:03:23.579082: I external/local_tsl/tsl/framework/bfc_allocator.cc:1095] InUse at 7f1e26e03a00 of size 512 next 297
2025-06-14 22:03:23.579556: I external/local_tsl/tsl/framework/bfc_allocator.cc:1095] InUse at 7f1e26e03c00 of size 512 next 48
2025-06-14 22:03:23.579995: I external/local_tsl/tsl/framework/bfc_allocator.cc:1095] InUse at 7f1e26e03e00 of size 256 next 49
2025-06-14 22:03:23.580404: I external/local_tsl/tsl/framework/bfc_allocator.cc:1095] InUse at 7f1e26e03f00 of size 512 next 50
2025-06-14 22:03:23.580856: I external/local_tsl/tsl/framework/bfc_allocator.cc:1095] InUse at 7f1e26e04100 of size 512 next 51
2025-06-14 22:03:23.581310: I external/local_tsl/tsl/framework/bfc_allocator.cc:1095] InUse at 7f1e26e04300 of size 512 next 55
2025-06-14 22:03:23.581712: I external/local_tsl/tsl/framework/bfc_allocator.cc:1095] InUse at 7f1e26e04500 of size 1024 next 57
2025-06-14 22:03:23.582140: I external/local_tsl/tsl/framework/bfc_allocator.cc:1095] InUse at 7f1e26e04900 of size 256 next 58
2025-06-14 22:03:23.582599: I external/local_tsl/tsl/framework/bfc_allocator.cc:1095] InUse at 7f1e26e04a00 of size 256 next 59
2025-06-14 22:03:23.583024: I external/local_tsl/tsl/framework/bfc_allocator.cc:1095] InUse at 7f1e26e04b00 of size 1024 next 60
2025-06-14 22:03:23.583494: I external/local_tsl/tsl/framework/bfc_allocator.cc:1095] InUse at 7f1e26e04f00 of size 1024 next 61
2025-06-14 22:03:23.583940: I external/local_tsl/tsl/framework/bfc_allocator.cc:1095] InUse at 7f1e26e05300 of size 1024 next 65
2025-06-14 22:03:23.584390: I external/local_tsl/tsl/framework/bfc_allocator.cc:1095] InUse at 7f1e26e05700 of size 1024 next 308
2025-06-14 22:03:23.584864: I external/local_tsl/tsl/framework/bfc_allocator.cc:1095] InUse at 7f1e26e05b00 of size 1024 next 67
2025-06-14 22:03:23.585365: I external/local_tsl/tsl/framework/bfc_allocator.cc:1095] InUse at 7f1e26e05f00 of size 256 next 68
2025-06-14 22:03:23.585878: I external/local_tsl/tsl/framework/bfc_allocator.cc:1095] InUse at 7f1e26e06000 of size 256 next 69
2025-06-14 22:03:23.586332: I external/local_tsl/tsl/framework/bfc_allocator.cc:1095] InUse at 7f1e26e06100 of size 1024 next 70
2025-06-14 22:03:23.586757: I external/local_tsl/tsl/framework/bfc_allocator.cc:1095] InUse at 7f1e26e06500 of size 1024 next 71
2025-06-14 22:03:23.587210: I external/local_tsl/tsl/framework/bfc_allocator.cc:1095] InUse at 7f1e26e06900 of size 1024 next 75
2025-06-14 22:03:23.587639: I external/local_tsl/tsl/framework/bfc_allocator.cc:1095] InUse at 7f1e26e06d00 of size 512 next 313
2025-06-14 22:03:23.588068: I external/local_tsl/tsl/framework/bfc_allocator.cc:1095] InUse at 7f1e26e06f00 of size 512 next 314
2025-06-14 22:03:23.588479: I external/local_tsl/tsl/framework/bfc_allocator.cc:1095] InUse at 7f1e26e07100 of size 512 next 315
2025-06-14 22:03:23.588909: I external/local_tsl/tsl/framework/bfc_allocator.cc:1095] InUse at 7f1e26e07300 of size 512 next 77
2025-06-14 22:03:23.589316: I external/local_tsl/tsl/framework/bfc_allocator.cc:1095] InUse at 7f1e26e07500 of size 256 next 78
2025-06-14 22:03:23.589785: I external/local_tsl/tsl/framework/bfc_allocator.cc:1095] InUse at 7f1e26e07600 of size 256 next 79
2025-06-14 22:03:23.590215: I external/local_tsl/tsl/framework/bfc_allocator.cc:1095] InUse at 7f1e26e07700 of size 512 next 80
2025-06-14 22:03:23.590646: I external/local_tsl/tsl/framework/bfc_allocator.cc:1095] InUse at 7f1e26e07900 of size 512 next 81
2025-06-14 22:03:23.591046: I external/local_tsl/tsl/framework/bfc_allocator.cc:1095] InUse at 7f1e26e07b00 of size 512 next 82
2025-06-14 22:03:23.591468: I external/local_tsl/tsl/framework/bfc_allocator.cc:1095] InUse at 7f1e26e07d00 of size 512 next 84
2025-06-14 22:03:23.591937: I external/local_tsl/tsl/framework/bfc_allocator.cc:1095] InUse at 7f1e26e07f00 of size 512 next 316
2025-06-14 22:03:23.592372: I external/local_tsl/tsl/framework/bfc_allocator.cc:1095] InUse at 7f1e26e08100 of size 512 next 86
2025-06-14 22:03:23.592770: I external/local_tsl/tsl/framework/bfc_allocator.cc:1095] InUse at 7f1e26e08300 of size 512 next 87
2025-06-14 22:03:23.593179: I external/local_tsl/tsl/framework/bfc_allocator.cc:1095] InUse at 7f1e26e08500 of size 512 next 88
2025-06-14 22:03:23.593640: I external/local_tsl/tsl/framework/bfc_allocator.cc:1095] InUse at 7f1e26e08700 of size 512 next 89
2025-06-14 22:03:23.594055: I external/local_tsl/tsl/framework/bfc_allocator.cc:1095] InUse at 7f1e26e08900 of size 256 next 321
2025-06-14 22:03:23.594455: I external/local_tsl/tsl/framework/bfc_allocator.cc:1095] InUse at 7f1e26e08a00 of size 256 next 323
2025-06-14 22:03:23.594872: I external/local_tsl/tsl/framework/bfc_allocator.cc:1095] InUse at 7f1e26e08b00 of size 256 next 324
2025-06-14 22:03:23.595282: I external/local_tsl/tsl/framework/bfc_allocator.cc:1095] InUse at 7f1e26e08c00 of size 256 next 92
2025-06-14 22:03:23.595706: I external/local_tsl/tsl/framework/bfc_allocator.cc:1095] InUse at 7f1e26e08d00 of size 256 next 93
2025-06-14 22:03:23.596142: I external/local_tsl/tsl/framework/bfc_allocator.cc:1095] InUse at 7f1e26e08e00 of size 256 next 94
2025-06-14 22:03:23.596569: I external/local_tsl/tsl/framework/bfc_allocator.cc:1095] InUse at 7f1e26e08f00 of size 256 next 97
2025-06-14 22:03:23.596993: I external/local_tsl/tsl/framework/bfc_allocator.cc:1095] InUse at 7f1e26e09000 of size 256 next 95
2025-06-14 22:03:23.597408: I external/local_tsl/tsl/framework/bfc_allocator.cc:1095] InUse at 7f1e26e09100 of size 256 next 96
2025-06-14 22:03:23.597802: I external/local_tsl/tsl/framework/bfc_allocator.cc:1095] InUse at 7f1e26e09200 of size 256 next 98
2025-06-14 22:03:23.598252: I external/local_tsl/tsl/framework/bfc_allocator.cc:1095] InUse at 7f1e26e09300 of size 256 next 101
2025-06-14 22:03:23.598684: I external/local_tsl/tsl/framework/bfc_allocator.cc:1095] InUse at 7f1e26e09400 of size 256 next 102
2025-06-14 22:03:23.599132: I external/local_tsl/tsl/framework/bfc_allocator.cc:1095] InUse at 7f1e26e09500 of size 256 next 103
2025-06-14 22:03:23.599551: I external/local_tsl/tsl/framework/bfc_allocator.cc:1095] InUse at 7f1e26e09600 of size 256 next 104
2025-06-14 22:03:23.600017: I external/local_tsl/tsl/framework/bfc_allocator.cc:1095] InUse at 7f1e26e09700 of size 256 next 105
2025-06-14 22:03:23.600485: I external/local_tsl/tsl/framework/bfc_allocator.cc:1095] Free  at 7f1e26e09800 of size 512 next 108
2025-06-14 22:03:23.600985: I external/local_tsl/tsl/framework/bfc_allocator.cc:1095] InUse at 7f1e26e09a00 of size 256 next 109
2025-06-14 22:03:23.601410: I external/local_tsl/tsl/framework/bfc_allocator.cc:1095] InUse at 7f1e26e09b00 of size 256 next 110
2025-06-14 22:03:23.601820: I external/local_tsl/tsl/framework/bfc_allocator.cc:1095] InUse at 7f1e26e09c00 of size 256 next 146
2025-06-14 22:03:23.602212: I external/local_tsl/tsl/framework/bfc_allocator.cc:1095] InUse at 7f1e26e09d00 of size 256 next 147
2025-06-14 22:03:23.602678: I external/local_tsl/tsl/framework/bfc_allocator.cc:1095] InUse at 7f1e26e09e00 of size 256 next 148
2025-06-14 22:03:23.603139: I external/local_tsl/tsl/framework/bfc_allocator.cc:1095] InUse at 7f1e26e09f00 of size 256 next 149
2025-06-14 22:03:23.603554: I external/local_tsl/tsl/framework/bfc_allocator.cc:1095] InUse at 7f1e26e0a000 of size 256 next 150
2025-06-14 22:03:23.603971: I external/local_tsl/tsl/framework/bfc_allocator.cc:1095] InUse at 7f1e26e0a100 of size 256 next 151
2025-06-14 22:03:23.604414: I external/local_tsl/tsl/framework/bfc_allocator.cc:1095] InUse at 7f1e26e0a200 of size 256 next 153
2025-06-14 22:03:23.604830: I external/local_tsl/tsl/framework/bfc_allocator.cc:1095] InUse at 7f1e26e0a300 of size 256 next 154
2025-06-14 22:03:23.605253: I external/local_tsl/tsl/framework/bfc_allocator.cc:1095] InUse at 7f1e26e0a400 of size 256 next 155
2025-06-14 22:03:23.605724: I external/local_tsl/tsl/framework/bfc_allocator.cc:1095] InUse at 7f1e26e0a500 of size 256 next 156
2025-06-14 22:03:23.606227: I external/local_tsl/tsl/framework/bfc_allocator.cc:1095] InUse at 7f1e26e0a600 of size 256 next 157
2025-06-14 22:03:23.606658: I external/local_tsl/tsl/framework/bfc_allocator.cc:1095] InUse at 7f1e26e0a700 of size 256 next 158
2025-06-14 22:03:23.607110: I external/local_tsl/tsl/framework/bfc_allocator.cc:1095] InUse at 7f1e26e0a800 of size 256 next 160
2025-06-14 22:03:23.607530: I external/local_tsl/tsl/framework/bfc_allocator.cc:1095] InUse at 7f1e26e0a900 of size 256 next 161
2025-06-14 22:03:23.607971: I external/local_tsl/tsl/framework/bfc_allocator.cc:1095] InUse at 7f1e26e0aa00 of size 256 next 162
2025-06-14 22:03:23.608381: I external/local_tsl/tsl/framework/bfc_allocator.cc:1095] InUse at 7f1e26e0ab00 of size 256 next 163
2025-06-14 22:03:23.608802: I external/local_tsl/tsl/framework/bfc_allocator.cc:1095] InUse at 7f1e26e0ac00 of size 256 next 164
2025-06-14 22:03:23.609212: I external/local_tsl/tsl/framework/bfc_allocator.cc:1095] InUse at 7f1e26e0ad00 of size 256 next 165
2025-06-14 22:03:23.609644: I external/local_tsl/tsl/framework/bfc_allocator.cc:1095] InUse at 7f1e26e0ae00 of size 512 next 167
2025-06-14 22:03:23.610103: I external/local_tsl/tsl/framework/bfc_allocator.cc:1095] InUse at 7f1e26e0b000 of size 512 next 168
2025-06-14 22:03:23.610558: I external/local_tsl/tsl/framework/bfc_allocator.cc:1095] InUse at 7f1e26e0b200 of size 512 next 169
2025-06-14 22:03:23.611057: I external/local_tsl/tsl/framework/bfc_allocator.cc:1095] InUse at 7f1e26e0b400 of size 512 next 170
2025-06-14 22:03:23.611555: I external/local_tsl/tsl/framework/bfc_allocator.cc:1095] InUse at 7f1e26e0b600 of size 512 next 171
2025-06-14 22:03:23.612011: I external/local_tsl/tsl/framework/bfc_allocator.cc:1095] InUse at 7f1e26e0b800 of size 512 next 172
2025-06-14 22:03:23.612424: I external/local_tsl/tsl/framework/bfc_allocator.cc:1095] InUse at 7f1e26e0ba00 of size 512 next 174
2025-06-14 22:03:23.612837: I external/local_tsl/tsl/framework/bfc_allocator.cc:1095] InUse at 7f1e26e0bc00 of size 512 next 175
2025-06-14 22:03:23.613290: I external/local_tsl/tsl/framework/bfc_allocator.cc:1095] InUse at 7f1e26e0be00 of size 512 next 176
2025-06-14 22:03:23.613725: I external/local_tsl/tsl/framework/bfc_allocator.cc:1095] InUse at 7f1e26e0c000 of size 512 next 177
2025-06-14 22:03:23.614142: I external/local_tsl/tsl/framework/bfc_allocator.cc:1095] InUse at 7f1e26e0c200 of size 512 next 178
2025-06-14 22:03:23.614599: I external/local_tsl/tsl/framework/bfc_allocator.cc:1095] InUse at 7f1e26e0c400 of size 512 next 179
2025-06-14 22:03:23.615038: I external/local_tsl/tsl/framework/bfc_allocator.cc:1095] InUse at 7f1e26e0c600 of size 1024 next 181
2025-06-14 22:03:23.615454: I external/local_tsl/tsl/framework/bfc_allocator.cc:1095] InUse at 7f1e26e0ca00 of size 1024 next 182
2025-06-14 22:03:23.615880: I external/local_tsl/tsl/framework/bfc_allocator.cc:1095] InUse at 7f1e26e0ce00 of size 1024 next 183
2025-06-14 22:03:23.616282: I external/local_tsl/tsl/framework/bfc_allocator.cc:1095] InUse at 7f1e26e0d200 of size 1024 next 184
2025-06-14 22:03:23.616694: I external/local_tsl/tsl/framework/bfc_allocator.cc:1095] InUse at 7f1e26e0d600 of size 1024 next 185
2025-06-14 22:03:23.617145: I external/local_tsl/tsl/framework/bfc_allocator.cc:1095] InUse at 7f1e26e0da00 of size 1024 next 186
2025-06-14 22:03:23.617563: I external/local_tsl/tsl/framework/bfc_allocator.cc:1095] InUse at 7f1e26e0de00 of size 1024 next 188
2025-06-14 22:03:23.617977: I external/local_tsl/tsl/framework/bfc_allocator.cc:1095] InUse at 7f1e26e0e200 of size 1024 next 189
2025-06-14 22:03:23.618397: I external/local_tsl/tsl/framework/bfc_allocator.cc:1095] InUse at 7f1e26e0e600 of size 1024 next 190
2025-06-14 22:03:23.618820: I external/local_tsl/tsl/framework/bfc_allocator.cc:1095] InUse at 7f1e26e0ea00 of size 1024 next 191
2025-06-14 22:03:23.619263: I external/local_tsl/tsl/framework/bfc_allocator.cc:1095] InUse at 7f1e26e0ee00 of size 1024 next 192
2025-06-14 22:03:23.619682: I external/local_tsl/tsl/framework/bfc_allocator.cc:1095] InUse at 7f1e26e0f200 of size 1024 next 193
2025-06-14 22:03:23.620108: I external/local_tsl/tsl/framework/bfc_allocator.cc:1095] InUse at 7f1e26e0f600 of size 512 next 196
2025-06-14 22:03:23.620521: I external/local_tsl/tsl/framework/bfc_allocator.cc:1095] InUse at 7f1e26e0f800 of size 512 next 197
2025-06-14 22:03:23.620929: I external/local_tsl/tsl/framework/bfc_allocator.cc:1095] InUse at 7f1e26e0fa00 of size 512 next 199
2025-06-14 22:03:23.621419: I external/local_tsl/tsl/framework/bfc_allocator.cc:1095] InUse at 7f1e26e0fc00 of size 512 next 200
2025-06-14 22:03:23.621851: I external/local_tsl/tsl/framework/bfc_allocator.cc:1095] InUse at 7f1e26e0fe00 of size 512 next 201
2025-06-14 22:03:23.622242: I external/local_tsl/tsl/framework/bfc_allocator.cc:1095] InUse at 7f1e26e10000 of size 512 next 202
2025-06-14 22:03:23.622647: I external/local_tsl/tsl/framework/bfc_allocator.cc:1095] InUse at 7f1e26e10200 of size 512 next 203
2025-06-14 22:03:23.623062: I external/local_tsl/tsl/framework/bfc_allocator.cc:1095] InUse at 7f1e26e10400 of size 512 next 204
2025-06-14 22:03:23.623526: I external/local_tsl/tsl/framework/bfc_allocator.cc:1095] InUse at 7f1e26e10600 of size 512 next 207
2025-06-14 22:03:23.623948: I external/local_tsl/tsl/framework/bfc_allocator.cc:1095] InUse at 7f1e26e10800 of size 512 next 208
2025-06-14 22:03:23.624375: I external/local_tsl/tsl/framework/bfc_allocator.cc:1095] InUse at 7f1e26e10a00 of size 512 next 209
2025-06-14 22:03:23.624796: I external/local_tsl/tsl/framework/bfc_allocator.cc:1095] InUse at 7f1e26e10c00 of size 512 next 210
2025-06-14 22:03:23.625238: I external/local_tsl/tsl/framework/bfc_allocator.cc:1095] InUse at 7f1e26e10e00 of size 512 next 211
2025-06-14 22:03:23.625674: I external/local_tsl/tsl/framework/bfc_allocator.cc:1095] InUse at 7f1e26e11000 of size 512 next 212
2025-06-14 22:03:23.626133: I external/local_tsl/tsl/framework/bfc_allocator.cc:1095] InUse at 7f1e26e11200 of size 256 next 215
2025-06-14 22:03:23.626600: I external/local_tsl/tsl/framework/bfc_allocator.cc:1095] InUse at 7f1e26e11300 of size 256 next 216
2025-06-14 22:03:23.627034: I external/local_tsl/tsl/framework/bfc_allocator.cc:1095] InUse at 7f1e26e11400 of size 256 next 219
2025-06-14 22:03:23.627487: I external/local_tsl/tsl/framework/bfc_allocator.cc:1095] InUse at 7f1e26e11500 of size 256 next 220
2025-06-14 22:03:23.627930: I external/local_tsl/tsl/framework/bfc_allocator.cc:1095] InUse at 7f1e26e11600 of size 256 next 221
2025-06-14 22:03:23.628357: I external/local_tsl/tsl/framework/bfc_allocator.cc:1095] InUse at 7f1e26e11700 of size 256 next 222
2025-06-14 22:03:23.628789: I external/local_tsl/tsl/framework/bfc_allocator.cc:1095] InUse at 7f1e26e11800 of size 256 next 223
2025-06-14 22:03:23.629203: I external/local_tsl/tsl/framework/bfc_allocator.cc:1095] InUse at 7f1e26e11900 of size 256 next 224
2025-06-14 22:03:23.629612: I external/local_tsl/tsl/framework/bfc_allocator.cc:1095] InUse at 7f1e26e11a00 of size 256 next 227
2025-06-14 22:03:23.630075: I external/local_tsl/tsl/framework/bfc_allocator.cc:1095] InUse at 7f1e26e11b00 of size 256 next 228
2025-06-14 22:03:23.630527: I external/local_tsl/tsl/framework/bfc_allocator.cc:1095] InUse at 7f1e26e11c00 of size 256 next 229
2025-06-14 22:03:23.630942: I external/local_tsl/tsl/framework/bfc_allocator.cc:1095] InUse at 7f1e26e11d00 of size 256 next 230
2025-06-14 22:03:23.631360: I external/local_tsl/tsl/framework/bfc_allocator.cc:1095] InUse at 7f1e26e11e00 of size 256 next 231
2025-06-14 22:03:23.631767: I external/local_tsl/tsl/framework/bfc_allocator.cc:1095] InUse at 7f1e26e11f00 of size 256 next 232
2025-06-14 22:03:23.632189: I external/local_tsl/tsl/framework/bfc_allocator.cc:1095] InUse at 7f1e26e12000 of size 65536 next 233
2025-06-14 22:03:23.632593: I external/local_tsl/tsl/framework/bfc_allocator.cc:1095] InUse at 7f1e26e22000 of size 95232 next 19
2025-06-14 22:03:23.633040: I external/local_tsl/tsl/framework/bfc_allocator.cc:1095] InUse at 7f1e26e39400 of size 110592 next 18
2025-06-14 22:03:23.633370: I external/local_tsl/tsl/framework/bfc_allocator.cc:1095] InUse at 7f1e26e54400 of size 65536 next 115
2025-06-14 22:03:23.633691: I external/local_tsl/tsl/framework/bfc_allocator.cc:1095] InUse at 7f1e26e64400 of size 256 next 112
2025-06-14 22:03:23.634145: I external/local_tsl/tsl/framework/bfc_allocator.cc:1095] InUse at 7f1e26e64500 of size 256 next 114
2025-06-14 22:03:23.634573: I external/local_tsl/tsl/framework/bfc_allocator.cc:1095] InUse at 7f1e26e64600 of size 256 next 113
2025-06-14 22:03:23.634984: I external/local_tsl/tsl/framework/bfc_allocator.cc:1095] InUse at 7f1e26e64700 of size 256 next 111
2025-06-14 22:03:23.635407: I external/local_tsl/tsl/framework/bfc_allocator.cc:1095] InUse at 7f1e26e64800 of size 256 next 117
2025-06-14 22:03:23.635828: I external/local_tsl/tsl/framework/bfc_allocator.cc:1095] InUse at 7f1e26e64900 of size 256 next 118
2025-06-14 22:03:23.636241: I external/local_tsl/tsl/framework/bfc_allocator.cc:1095] InUse at 7f1e26e64a00 of size 256 next 120
2025-06-14 22:03:23.636644: I external/local_tsl/tsl/framework/bfc_allocator.cc:1095] InUse at 7f1e26e64b00 of size 256 next 119
2025-06-14 22:03:23.637106: I external/local_tsl/tsl/framework/bfc_allocator.cc:1095] InUse at 7f1e26e64c00 of size 256 next 121
2025-06-14 22:03:23.637559: I external/local_tsl/tsl/framework/bfc_allocator.cc:1095] InUse at 7f1e26e64d00 of size 256 next 123
2025-06-14 22:03:23.638055: I external/local_tsl/tsl/framework/bfc_allocator.cc:1095] InUse at 7f1e26e64e00 of size 256 next 124
2025-06-14 22:03:23.638532: I external/local_tsl/tsl/framework/bfc_allocator.cc:1095] InUse at 7f1e26e64f00 of size 256 next 125
2025-06-14 22:03:23.639002: I external/local_tsl/tsl/framework/bfc_allocator.cc:1095] InUse at 7f1e26e65000 of size 256 next 126
2025-06-14 22:03:23.639415: I external/local_tsl/tsl/framework/bfc_allocator.cc:1095] InUse at 7f1e26e65100 of size 256 next 128
2025-06-14 22:03:23.639845: I external/local_tsl/tsl/framework/bfc_allocator.cc:1095] InUse at 7f1e26e65200 of size 256 next 127
2025-06-14 22:03:23.640300: I external/local_tsl/tsl/framework/bfc_allocator.cc:1095] InUse at 7f1e26e65300 of size 256 next 129
2025-06-14 22:03:23.640822: I external/local_tsl/tsl/framework/bfc_allocator.cc:1095] InUse at 7f1e26e65400 of size 256 next 130
2025-06-14 22:03:23.641247: I external/local_tsl/tsl/framework/bfc_allocator.cc:1095] InUse at 7f1e26e65500 of size 256 next 131
2025-06-14 22:03:23.641689: I external/local_tsl/tsl/framework/bfc_allocator.cc:1095] InUse at 7f1e26e65600 of size 256 next 132
2025-06-14 22:03:23.642140: I external/local_tsl/tsl/framework/bfc_allocator.cc:1095] InUse at 7f1e26e65700 of size 256 next 133
2025-06-14 22:03:23.642535: I external/local_tsl/tsl/framework/bfc_allocator.cc:1095] InUse at 7f1e26e65800 of size 256 next 137
2025-06-14 22:03:23.642927: I external/local_tsl/tsl/framework/bfc_allocator.cc:1095] InUse at 7f1e26e65900 of size 256 next 136
2025-06-14 22:03:23.643339: I external/local_tsl/tsl/framework/bfc_allocator.cc:1095] InUse at 7f1e26e65a00 of size 3584 next 138
2025-06-14 22:03:23.643755: I external/local_tsl/tsl/framework/bfc_allocator.cc:1095] InUse at 7f1e26e66800 of size 3584 next 139
2025-06-14 22:03:23.644212: I external/local_tsl/tsl/framework/bfc_allocator.cc:1095] InUse at 7f1e26e67600 of size 256 next 140
2025-06-14 22:03:23.644649: I external/local_tsl/tsl/framework/bfc_allocator.cc:1095] InUse at 7f1e26e67700 of size 256 next 141
2025-06-14 22:03:23.645079: I external/local_tsl/tsl/framework/bfc_allocator.cc:1095] InUse at 7f1e26e67800 of size 256 next 142
2025-06-14 22:03:23.645518: I external/local_tsl/tsl/framework/bfc_allocator.cc:1095] InUse at 7f1e26e67900 of size 256 next 143
2025-06-14 22:03:23.645943: I external/local_tsl/tsl/framework/bfc_allocator.cc:1095] InUse at 7f1e26e67a00 of size 256 next 144
2025-06-14 22:03:23.646408: I external/local_tsl/tsl/framework/bfc_allocator.cc:1095] InUse at 7f1e26e67b00 of size 256 next 145
2025-06-14 22:03:23.646839: I external/local_tsl/tsl/framework/bfc_allocator.cc:1095] InUse at 7f1e26e67c00 of size 141312 next 27
2025-06-14 22:03:23.647179: I external/local_tsl/tsl/framework/bfc_allocator.cc:1095] InUse at 7f1e26e8a400 of size 221184 next 26
2025-06-14 22:03:23.647586: I external/local_tsl/tsl/framework/bfc_allocator.cc:1095] InUse at 7f1e26ec0400 of size 442368 next 159
2025-06-14 22:03:23.647999: I external/local_tsl/tsl/framework/bfc_allocator.cc:1095] InUse at 7f1e26f2c400 of size 867328 next 18446744073709551615
2025-06-14 22:03:23.648481: I external/local_tsl/tsl/framework/bfc_allocator.cc:1075] Next region of size 4194304
2025-06-14 22:03:23.648908: I external/local_tsl/tsl/framework/bfc_allocator.cc:1095] InUse at 7f1e27400000 of size 442368 next 37
2025-06-14 22:03:23.649251: I external/local_tsl/tsl/framework/bfc_allocator.cc:1095] InUse at 7f1e2746c000 of size 221184 next 116
2025-06-14 22:03:23.649620: I external/local_tsl/tsl/framework/bfc_allocator.cc:1095] InUse at 7f1e274a2000 of size 110592 next 122
2025-06-14 22:03:23.649960: I external/local_tsl/tsl/framework/bfc_allocator.cc:1095] InUse at 7f1e274bd000 of size 192512 next 99
2025-06-14 22:03:23.650329: I external/local_tsl/tsl/framework/bfc_allocator.cc:1095] InUse at 7f1e274ec000 of size 360448 next 44
2025-06-14 22:03:23.650752: I external/local_tsl/tsl/framework/bfc_allocator.cc:1095] InUse at 7f1e27544000 of size 884736 next 43
2025-06-14 22:03:23.651178: I external/local_tsl/tsl/framework/bfc_allocator.cc:1095] InUse at 7f1e2761c000 of size 1982464 next 18446744073709551615
2025-06-14 22:03:23.651528: I external/local_tsl/tsl/framework/bfc_allocator.cc:1075] Next region of size 8388608
2025-06-14 22:03:23.651955: I external/local_tsl/tsl/framework/bfc_allocator.cc:1095] InUse at 7f1e27800000 of size 884736 next 166
2025-06-14 22:03:23.652295: I external/local_tsl/tsl/framework/bfc_allocator.cc:1095] InUse at 7f1e278d8000 of size 884736 next 54
2025-06-14 22:03:23.652653: I external/local_tsl/tsl/framework/bfc_allocator.cc:1095] InUse at 7f1e279b0000 of size 1769472 next 52
2025-06-14 22:03:23.653042: I external/local_tsl/tsl/framework/bfc_allocator.cc:1095] InUse at 7f1e27b60000 of size 4849664 next 18446744073709551615
2025-06-14 22:03:23.653446: I external/local_tsl/tsl/framework/bfc_allocator.cc:1100]      Summary of in-use Chunks by size: 
2025-06-14 22:03:23.653916: I external/local_tsl/tsl/framework/bfc_allocator.cc:1103] 155 Chunks of size 256 totalling 38.8KiB
2025-06-14 22:03:23.654364: I external/local_tsl/tsl/framework/bfc_allocator.cc:1103] 54 Chunks of size 512 totalling 27.0KiB
2025-06-14 22:03:23.654814: I external/local_tsl/tsl/framework/bfc_allocator.cc:1103] 1 Chunks of size 768 totalling 768B
2025-06-14 22:03:23.655253: I external/local_tsl/tsl/framework/bfc_allocator.cc:1103] 26 Chunks of size 1024 totalling 26.0KiB
2025-06-14 22:03:23.655694: I external/local_tsl/tsl/framework/bfc_allocator.cc:1103] 1 Chunks of size 1280 totalling 1.2KiB
2025-06-14 22:03:23.656129: I external/local_tsl/tsl/framework/bfc_allocator.cc:1103] 3 Chunks of size 3584 totalling 10.5KiB
2025-06-14 22:03:23.656553: I external/local_tsl/tsl/framework/bfc_allocator.cc:1103] 2 Chunks of size 65536 totalling 128.0KiB
2025-06-14 22:03:23.656997: I external/local_tsl/tsl/framework/bfc_allocator.cc:1103] 1 Chunks of size 95232 totalling 93.0KiB
2025-06-14 22:03:23.657430: I external/local_tsl/tsl/framework/bfc_allocator.cc:1103] 4 Chunks of size 110592 totalling 432.0KiB
2025-06-14 22:03:23.657863: I external/local_tsl/tsl/framework/bfc_allocator.cc:1103] 1 Chunks of size 141312 totalling 138.0KiB
2025-06-14 22:03:23.658262: I external/local_tsl/tsl/framework/bfc_allocator.cc:1103] 1 Chunks of size 192512 totalling 188.0KiB
2025-06-14 22:03:23.658699: I external/local_tsl/tsl/framework/bfc_allocator.cc:1103] 6 Chunks of size 221184 totalling 1.27MiB
2025-06-14 22:03:23.659119: I external/local_tsl/tsl/framework/bfc_allocator.cc:1103] 2 Chunks of size 262144 totalling 512.0KiB
2025-06-14 22:03:23.659578: I external/local_tsl/tsl/framework/bfc_allocator.cc:1103] 1 Chunks of size 360448 totalling 352.0KiB
2025-06-14 22:03:23.660034: I external/local_tsl/tsl/framework/bfc_allocator.cc:1103] 5 Chunks of size 442368 totalling 2.11MiB
2025-06-14 22:03:23.660491: I external/local_tsl/tsl/framework/bfc_allocator.cc:1103] 1 Chunks of size 867328 totalling 847.0KiB
2025-06-14 22:03:23.660962: I external/local_tsl/tsl/framework/bfc_allocator.cc:1103] 6 Chunks of size 884736 totalling 5.06MiB
2025-06-14 22:03:23.661390: I external/local_tsl/tsl/framework/bfc_allocator.cc:1103] 2 Chunks of size 1048576 totalling 2.00MiB
2025-06-14 22:03:23.661807: I external/local_tsl/tsl/framework/bfc_allocator.cc:1103] 6 Chunks of size 1769472 totalling 10.12MiB
2025-06-14 22:03:23.662225: I external/local_tsl/tsl/framework/bfc_allocator.cc:1103] 1 Chunks of size 1982464 totalling 1.89MiB
2025-06-14 22:03:23.662622: I external/local_tsl/tsl/framework/bfc_allocator.cc:1103] 4 Chunks of size 3538944 totalling 13.50MiB
2025-06-14 22:03:23.663045: I external/local_tsl/tsl/framework/bfc_allocator.cc:1103] 1 Chunks of size 4063232 totalling 3.88MiB
2025-06-14 22:03:23.663459: I external/local_tsl/tsl/framework/bfc_allocator.cc:1103] 1 Chunks of size 4849664 totalling 4.62MiB
2025-06-14 22:03:23.663913: I external/local_tsl/tsl/framework/bfc_allocator.cc:1103] 2 Chunks of size 7077888 totalling 13.50MiB
2025-06-14 22:03:23.664371: I external/local_tsl/tsl/framework/bfc_allocator.cc:1103] 1 Chunks of size 12320768 totalling 11.75MiB
2025-06-14 22:03:23.664748: I external/local_tsl/tsl/framework/bfc_allocator.cc:1103] 2 Chunks of size 15138816 totalling 28.88MiB
2025-06-14 22:03:23.665100: I external/local_tsl/tsl/framework/bfc_allocator.cc:1103] 4 Chunks of size 30277632 totalling 115.50MiB
2025-06-14 22:03:23.665526: I external/local_tsl/tsl/framework/bfc_allocator.cc:1103] 2 Chunks of size 60555264 totalling 115.50MiB
2025-06-14 22:03:23.665864: I external/local_tsl/tsl/framework/bfc_allocator.cc:1103] 1 Chunks of size 73662464 totalling 70.25MiB
2025-06-14 22:03:23.666184: I external/local_tsl/tsl/framework/bfc_allocator.cc:1103] 1 Chunks of size 116654080 totalling 111.25MiB
2025-06-14 22:03:23.666606: I external/local_tsl/tsl/framework/bfc_allocator.cc:1103] 6 Chunks of size 121110528 totalling 693.00MiB
2025-06-14 22:03:23.666979: I external/local_tsl/tsl/framework/bfc_allocator.cc:1103] 2 Chunks of size 209715200 totalling 400.00MiB
2025-06-14 22:03:23.667386: I external/local_tsl/tsl/framework/bfc_allocator.cc:1103] 3 Chunks of size 242221056 totalling 693.00MiB
2025-06-14 22:03:23.667742: I external/local_tsl/tsl/framework/bfc_allocator.cc:1103] 8 Chunks of size 484442112 totalling 3.61GiB
2025-06-14 22:03:23.668091: I external/local_tsl/tsl/framework/bfc_allocator.cc:1103] 1 Chunks of size 968884224 totalling 924.00MiB
2025-06-14 22:03:23.668491: I external/local_tsl/tsl/framework/bfc_allocator.cc:1103] 6 Chunks of size 1937768448 totalling 10.83GiB
2025-06-14 22:03:23.668945: I external/local_tsl/tsl/framework/bfc_allocator.cc:1107] Sum Total of in-use chunks: 17.58GiB
2025-06-14 22:03:23.669363: I external/local_tsl/tsl/framework/bfc_allocator.cc:1109] Total bytes in pool: 23575789568 memory_limit_: 23575789568 available bytes: 0 curr_region_allocation_bytes_: 34359738368
2025-06-14 22:03:23.669694: I external/local_tsl/tsl/framework/bfc_allocator.cc:1114] Stats: 
Limit:                     23575789568
InUse:                     18882554112
MaxInUse:                  22800760320
NumAllocs:                         912
MaxAllocSize:               4135495424
Reserved:                            0
PeakReserved:                        0
LargestFreeBlock:                    0

2025-06-14 22:03:23.670106: W external/local_tsl/tsl/framework/bfc_allocator.cc:497] ________*********________************************************_**************************************
2025-06-14 22:03:23.670546: W tensorflow/core/framework/op_kernel.cc:1839] OP_REQUIRES failed at concat_op.cc:165 : RESOURCE_EXHAUSTED: OOM when allocating tensor with shape[2,64,192,224,176] and type float on /job:localhost/replica:0/task:0/device:GPU:0 by allocator GPU_0_bfc
Traceback (most recent call last):
  File "/mnt/beegfs/hellgate/home/rb194958e/stroke_segmentation_sota/batch_wise_train.py", line 277, in <module>
    if main():
       ^^^^^^
  File "/mnt/beegfs/hellgate/home/rb194958e/stroke_segmentation_sota/batch_wise_train.py", line 256, in main
    history = model.fit(
              ^^^^^^^^^^
  File "/mnt/beegfs/hellgate/home/rb194958e/.conda/envs/tf215_env/lib/python3.11/site-packages/keras/src/utils/traceback_utils.py", line 70, in error_handler
    raise e.with_traceback(filtered_tb) from None
  File "/mnt/beegfs/hellgate/home/rb194958e/.conda/envs/tf215_env/lib/python3.11/site-packages/tensorflow/python/eager/execute.py", line 53, in quick_execute
    tensors = pywrap_tfe.TFE_Py_Execute(ctx._handle, device_name, op_name,
  ^^^^^^^^^^^^^^^^^^^^^^^^^^^^^^^^^^^^^^^^^^^^^^^^^^^^^^^^^^^^^^^^^^^^^^^^
tensorflow.python.framework.errors_impl.ResourceExhaustedError: Graph execution error:

Detected at node model/concatenate_2/concat defined at (most recent call last):
  File "/mnt/beegfs/hellgate/home/rb194958e/stroke_segmentation_sota/batch_wise_train.py", line 277, in <module>

  File "/mnt/beegfs/hellgate/home/rb194958e/stroke_segmentation_sota/batch_wise_train.py", line 256, in main

  File "/mnt/beegfs/hellgate/home/rb194958e/.conda/envs/tf215_env/lib/python3.11/site-packages/keras/src/utils/traceback_utils.py", line 65, in error_handler

  File "/mnt/beegfs/hellgate/home/rb194958e/.conda/envs/tf215_env/lib/python3.11/site-packages/keras/src/engine/training.py", line 1807, in fit

  File "/mnt/beegfs/hellgate/home/rb194958e/.conda/envs/tf215_env/lib/python3.11/site-packages/keras/src/engine/training.py", line 1401, in train_function

  File "/mnt/beegfs/hellgate/home/rb194958e/.conda/envs/tf215_env/lib/python3.11/site-packages/keras/src/engine/training.py", line 1384, in step_function

  File "/mnt/beegfs/hellgate/home/rb194958e/.conda/envs/tf215_env/lib/python3.11/site-packages/keras/src/engine/training.py", line 1373, in run_step

  File "/mnt/beegfs/hellgate/home/rb194958e/.conda/envs/tf215_env/lib/python3.11/site-packages/keras/src/engine/training.py", line 1150, in train_step

  File "/mnt/beegfs/hellgate/home/rb194958e/.conda/envs/tf215_env/lib/python3.11/site-packages/keras/src/utils/traceback_utils.py", line 65, in error_handler

  File "/mnt/beegfs/hellgate/home/rb194958e/.conda/envs/tf215_env/lib/python3.11/site-packages/keras/src/engine/training.py", line 590, in __call__

  File "/mnt/beegfs/hellgate/home/rb194958e/.conda/envs/tf215_env/lib/python3.11/site-packages/keras/src/utils/traceback_utils.py", line 65, in error_handler

  File "/mnt/beegfs/hellgate/home/rb194958e/.conda/envs/tf215_env/lib/python3.11/site-packages/keras/src/engine/base_layer.py", line 1149, in __call__

  File "/mnt/beegfs/hellgate/home/rb194958e/.conda/envs/tf215_env/lib/python3.11/site-packages/keras/src/utils/traceback_utils.py", line 96, in error_handler

  File "/mnt/beegfs/hellgate/home/rb194958e/.conda/envs/tf215_env/lib/python3.11/site-packages/keras/src/engine/functional.py", line 515, in call

  File "/mnt/beegfs/hellgate/home/rb194958e/.conda/envs/tf215_env/lib/python3.11/site-packages/keras/src/engine/functional.py", line 672, in _run_internal_graph

  File "/mnt/beegfs/hellgate/home/rb194958e/.conda/envs/tf215_env/lib/python3.11/site-packages/keras/src/utils/traceback_utils.py", line 65, in error_handler

  File "/mnt/beegfs/hellgate/home/rb194958e/.conda/envs/tf215_env/lib/python3.11/site-packages/keras/src/engine/base_layer.py", line 1149, in __call__

  File "/mnt/beegfs/hellgate/home/rb194958e/.conda/envs/tf215_env/lib/python3.11/site-packages/keras/src/utils/traceback_utils.py", line 96, in error_handler

  File "/mnt/beegfs/hellgate/home/rb194958e/.conda/envs/tf215_env/lib/python3.11/site-packages/keras/src/layers/merging/base_merge.py", line 196, in call

  File "/mnt/beegfs/hellgate/home/rb194958e/.conda/envs/tf215_env/lib/python3.11/site-packages/keras/src/layers/merging/concatenate.py", line 134, in _merge_function

  File "/mnt/beegfs/hellgate/home/rb194958e/.conda/envs/tf215_env/lib/python3.11/site-packages/keras/src/backend.py", line 3580, in concatenate

OOM when allocating tensor with shape[2,64,192,224,176] and type float on /job:localhost/replica:0/task:0/device:GPU:0 by allocator GPU_0_bfc
	 [[{{node model/concatenate_2/concat}}]]
Hint: If you want to see a list of allocated tensors when OOM happens, add report_tensor_allocations_upon_oom to RunOptions for current allocation info. This isn't available when running in Eager mode.
 [Op:__inference_train_function_7309]
2025-06-14 22:03:23.831765: W tensorflow/core/kernels/data/generator_dataset_op.cc:108] Error occurred when finalizing GeneratorDataset iterator: FAILED_PRECONDITION: Python interpreter state is not initialized. The process may be terminated.
	 [[{{node PyFunc}}]]
/var/spool/slurmd/job1124084/slurm_script: line 320: EOF: command not found
/var/spool/slurmd/job1124084/slurm_script: line 330: unexpected EOF while looking for matching ``'
/var/spool/slurmd/job1124084/slurm_script: line 339: syntax error: unexpected end of file
