2025-06-15 03:12:10.688154: I tensorflow/core/util/port.cc:113] oneDNN custom operations are on. You may see slightly different numerical results due to floating-point round-off errors from different computation orders. To turn them off, set the environment variable `TF_ENABLE_ONEDNN_OPTS=0`.
2025-06-15 03:12:11.435710: E external/local_xla/xla/stream_executor/cuda/cuda_dnn.cc:9261] Unable to register cuDNN factory: Attempting to register factory for plugin cuDNN when one has already been registered
2025-06-15 03:12:11.436345: E external/local_xla/xla/stream_executor/cuda/cuda_fft.cc:607] Unable to register cuFFT factory: Attempting to register factory for plugin cuFFT when one has already been registered
2025-06-15 03:12:11.548001: E external/local_xla/xla/stream_executor/cuda/cuda_blas.cc:1515] Unable to register cuBLAS factory: Attempting to register factory for plugin cuBLAS when one has already been registered
2025-06-15 03:12:11.807758: I tensorflow/core/platform/cpu_feature_guard.cc:182] This TensorFlow binary is optimized to use available CPU instructions in performance-critical operations.
To enable the following instructions: AVX2 AVX512F AVX512_VNNI FMA, in other operations, rebuild TensorFlow with the appropriate compiler flags.
2025-06-15 03:12:18.565599: W tensorflow/compiler/tf2tensorrt/utils/py_utils.cc:38] TF-TRT Warning: Could not find TensorRT
INFO:__main__:🚀 Starting Stroke Lesion Segmentation Training
INFO:__main__:Using 1 GPU(s)
INFO:__main__:Creating data generators...
INFO:__main__:Found 655 valid image/mask pairs
INFO:__main__:Found 655 valid image/mask pairs
INFO:__main__:Training batches: 262
INFO:__main__:Validation batches: 65
INFO:__main__:Building model...
2025-06-15 03:12:33.154003: I tensorflow/core/common_runtime/gpu/gpu_device.cc:1929] Created device /job:localhost/replica:0/task:0/device:GPU:0 with 22483 MB memory:  -> device: 0, name: NVIDIA RTX 4500 Ada Generation, pci bus id: 0000:1c:00.0, compute capability: 8.9
INFO:__main__:Model parameters: 5,605,345
INFO:__main__:Starting training...
pixdim[0] (qfac) should be 1 (default) or -1; setting qfac to 1
INFO:nibabel.global:pixdim[0] (qfac) should be 1 (default) or -1; setting qfac to 1
pixdim[0] (qfac) should be 1 (default) or -1; setting qfac to 1
INFO:nibabel.global:pixdim[0] (qfac) should be 1 (default) or -1; setting qfac to 1
pixdim[0] (qfac) should be 1 (default) or -1; setting qfac to 1
INFO:nibabel.global:pixdim[0] (qfac) should be 1 (default) or -1; setting qfac to 1
pixdim[0] (qfac) should be 1 (default) or -1; setting qfac to 1
INFO:nibabel.global:pixdim[0] (qfac) should be 1 (default) or -1; setting qfac to 1
2025-06-15 03:12:40.848599: I external/local_xla/xla/stream_executor/cuda/cuda_dnn.cc:454] Loaded cuDNN version 8907
pixdim[0] (qfac) should be 1 (default) or -1; setting qfac to 1
INFO:nibabel.global:pixdim[0] (qfac) should be 1 (default) or -1; setting qfac to 1
pixdim[0] (qfac) should be 1 (default) or -1; setting qfac to 1
INFO:nibabel.global:pixdim[0] (qfac) should be 1 (default) or -1; setting qfac to 1
pixdim[0] (qfac) should be 1 (default) or -1; setting qfac to 1
INFO:nibabel.global:pixdim[0] (qfac) should be 1 (default) or -1; setting qfac to 1
pixdim[0] (qfac) should be 1 (default) or -1; setting qfac to 1
INFO:nibabel.global:pixdim[0] (qfac) should be 1 (default) or -1; setting qfac to 1
pixdim[0] (qfac) should be 1 (default) or -1; setting qfac to 1
INFO:nibabel.global:pixdim[0] (qfac) should be 1 (default) or -1; setting qfac to 1
2025-06-15 03:12:57.437351: W external/local_tsl/tsl/framework/bfc_allocator.cc:296] Allocator (GPU_0_bfc) ran out of memory trying to allocate 2.27GiB with freed_by_count=0. The caller indicates that this is not a failure, but this may mean that there could be performance gains if more memory were available.
2025-06-15 03:12:57.539223: W external/local_tsl/tsl/framework/bfc_allocator.cc:296] Allocator (GPU_0_bfc) ran out of memory trying to allocate 2.30GiB with freed_by_count=0. The caller indicates that this is not a failure, but this may mean that there could be performance gains if more memory were available.
2025-06-15 03:12:57.540247: W external/local_tsl/tsl/framework/bfc_allocator.cc:296] Allocator (GPU_0_bfc) ran out of memory trying to allocate 2.27GiB with freed_by_count=0. The caller indicates that this is not a failure, but this may mean that there could be performance gains if more memory were available.
2025-06-15 03:12:58.168883: W external/local_tsl/tsl/framework/bfc_allocator.cc:296] Allocator (GPU_0_bfc) ran out of memory trying to allocate 2.27GiB with freed_by_count=0. The caller indicates that this is not a failure, but this may mean that there could be performance gains if more memory were available.
2025-06-15 03:12:58.222437: W external/local_tsl/tsl/framework/bfc_allocator.cc:296] Allocator (GPU_0_bfc) ran out of memory trying to allocate 2.30GiB with freed_by_count=0. The caller indicates that this is not a failure, but this may mean that there could be performance gains if more memory were available.
2025-06-15 03:12:58.223210: W external/local_tsl/tsl/framework/bfc_allocator.cc:296] Allocator (GPU_0_bfc) ran out of memory trying to allocate 2.27GiB with freed_by_count=0. The caller indicates that this is not a failure, but this may mean that there could be performance gains if more memory were available.
2025-06-15 03:13:08.852237: W external/local_tsl/tsl/framework/bfc_allocator.cc:485] Allocator (GPU_0_bfc) ran out of memory trying to allocate 3.61GiB (rounded to 3875536896)requested by op model/concatenate_2/concat
If the cause is memory fragmentation maybe the environment variable 'TF_GPU_ALLOCATOR=cuda_malloc_async' will improve the situation. 
Current allocation summary follows.
Current allocation summary follows.
2025-06-15 03:13:08.853175: I external/local_tsl/tsl/framework/bfc_allocator.cc:1039] BFCAllocator dump for GPU_0_bfc
2025-06-15 03:13:08.853906: I external/local_tsl/tsl/framework/bfc_allocator.cc:1046] Bin (256): 	Total Chunks: 155, Chunks in use: 155. 38.8KiB allocated for chunks. 38.8KiB in use in bin. 20.7KiB client-requested in use in bin.
2025-06-15 03:13:08.854373: I external/local_tsl/tsl/framework/bfc_allocator.cc:1046] Bin (512): 	Total Chunks: 56, Chunks in use: 55. 28.0KiB allocated for chunks. 27.5KiB in use in bin. 27.5KiB client-requested in use in bin.
2025-06-15 03:13:08.854801: I external/local_tsl/tsl/framework/bfc_allocator.cc:1046] Bin (1024): 	Total Chunks: 27, Chunks in use: 27. 27.2KiB allocated for chunks. 27.2KiB in use in bin. 27.0KiB client-requested in use in bin.
2025-06-15 03:13:08.855169: I external/local_tsl/tsl/framework/bfc_allocator.cc:1046] Bin (2048): 	Total Chunks: 3, Chunks in use: 3. 10.5KiB allocated for chunks. 10.5KiB in use in bin. 10.1KiB client-requested in use in bin.
2025-06-15 03:13:08.855537: I external/local_tsl/tsl/framework/bfc_allocator.cc:1046] Bin (4096): 	Total Chunks: 0, Chunks in use: 0. 0B allocated for chunks. 0B in use in bin. 0B client-requested in use in bin.
2025-06-15 03:13:08.855927: I external/local_tsl/tsl/framework/bfc_allocator.cc:1046] Bin (8192): 	Total Chunks: 0, Chunks in use: 0. 0B allocated for chunks. 0B in use in bin. 0B client-requested in use in bin.
2025-06-15 03:13:08.856290: I external/local_tsl/tsl/framework/bfc_allocator.cc:1046] Bin (16384): 	Total Chunks: 0, Chunks in use: 0. 0B allocated for chunks. 0B in use in bin. 0B client-requested in use in bin.
2025-06-15 03:13:08.856620: I external/local_tsl/tsl/framework/bfc_allocator.cc:1046] Bin (32768): 	Total Chunks: 0, Chunks in use: 0. 0B allocated for chunks. 0B in use in bin. 0B client-requested in use in bin.
2025-06-15 03:13:08.856965: I external/local_tsl/tsl/framework/bfc_allocator.cc:1046] Bin (65536): 	Total Chunks: 7, Chunks in use: 7. 653.0KiB allocated for chunks. 653.0KiB in use in bin. 624.0KiB client-requested in use in bin.
2025-06-15 03:13:08.857305: I external/local_tsl/tsl/framework/bfc_allocator.cc:1046] Bin (131072): 	Total Chunks: 8, Chunks in use: 8. 1.58MiB allocated for chunks. 1.58MiB in use in bin. 1.48MiB client-requested in use in bin.
2025-06-15 03:13:08.857718: I external/local_tsl/tsl/framework/bfc_allocator.cc:1046] Bin (262144): 	Total Chunks: 8, Chunks in use: 8. 2.95MiB allocated for chunks. 2.95MiB in use in bin. 2.86MiB client-requested in use in bin.
2025-06-15 03:13:08.858151: I external/local_tsl/tsl/framework/bfc_allocator.cc:1046] Bin (524288): 	Total Chunks: 7, Chunks in use: 7. 5.89MiB allocated for chunks. 5.89MiB in use in bin. 5.48MiB client-requested in use in bin.
2025-06-15 03:13:08.858549: I external/local_tsl/tsl/framework/bfc_allocator.cc:1046] Bin (1048576): 	Total Chunks: 9, Chunks in use: 9. 14.02MiB allocated for chunks. 14.02MiB in use in bin. 13.12MiB client-requested in use in bin.
2025-06-15 03:13:08.858928: I external/local_tsl/tsl/framework/bfc_allocator.cc:1046] Bin (2097152): 	Total Chunks: 5, Chunks in use: 5. 17.38MiB allocated for chunks. 17.38MiB in use in bin. 16.88MiB client-requested in use in bin.
2025-06-15 03:13:08.859275: I external/local_tsl/tsl/framework/bfc_allocator.cc:1046] Bin (4194304): 	Total Chunks: 3, Chunks in use: 3. 18.12MiB allocated for chunks. 18.12MiB in use in bin. 16.88MiB client-requested in use in bin.
2025-06-15 03:13:08.859631: I external/local_tsl/tsl/framework/bfc_allocator.cc:1046] Bin (8388608): 	Total Chunks: 3, Chunks in use: 3. 40.62MiB allocated for chunks. 40.62MiB in use in bin. 35.62MiB client-requested in use in bin.
2025-06-15 03:13:08.860048: I external/local_tsl/tsl/framework/bfc_allocator.cc:1046] Bin (16777216): 	Total Chunks: 5, Chunks in use: 4. 140.19MiB allocated for chunks. 115.50MiB in use in bin. 115.50MiB client-requested in use in bin.
2025-06-15 03:13:08.860434: I external/local_tsl/tsl/framework/bfc_allocator.cc:1046] Bin (33554432): 	Total Chunks: 2, Chunks in use: 2. 115.50MiB allocated for chunks. 115.50MiB in use in bin. 115.50MiB client-requested in use in bin.
2025-06-15 03:13:08.860824: I external/local_tsl/tsl/framework/bfc_allocator.cc:1046] Bin (67108864): 	Total Chunks: 8, Chunks in use: 8. 874.50MiB allocated for chunks. 874.50MiB in use in bin. 808.50MiB client-requested in use in bin.
2025-06-15 03:13:08.861209: I external/local_tsl/tsl/framework/bfc_allocator.cc:1046] Bin (134217728): 	Total Chunks: 5, Chunks in use: 5. 1.07GiB allocated for chunks. 1.07GiB in use in bin. 924.00MiB client-requested in use in bin.
2025-06-15 03:13:08.861591: I external/local_tsl/tsl/framework/bfc_allocator.cc:1046] Bin (268435456): 	Total Chunks: 18, Chunks in use: 15. 19.69GiB allocated for chunks. 15.34GiB in use in bin. 15.34GiB client-requested in use in bin.
2025-06-15 03:13:08.861945: I external/local_tsl/tsl/framework/bfc_allocator.cc:1062] Bin for 3.61GiB was 256.00MiB, Chunk State: 
2025-06-15 03:13:08.862331: I external/local_tsl/tsl/framework/bfc_allocator.cc:1068]   Size: 453.50MiB | Requested Size: 16.00MiB | in_use: 0 | bin_num: 20, prev:   Size: 462.00MiB | Requested Size: 462.00MiB | in_use: 1 | bin_num: -1
2025-06-15 03:13:08.862661: I external/local_tsl/tsl/framework/bfc_allocator.cc:1068]   Size: 1.80GiB | Requested Size: 1.80GiB | in_use: 0 | bin_num: 20, next:   Size: 1.80GiB | Requested Size: 1.80GiB | in_use: 1 | bin_num: -1
2025-06-15 03:13:08.862969: I external/local_tsl/tsl/framework/bfc_allocator.cc:1068]   Size: 2.10GiB | Requested Size: 1.82GiB | in_use: 0 | bin_num: 20, prev:   Size: 1.80GiB | Requested Size: 1.80GiB | in_use: 1 | bin_num: -1
2025-06-15 03:13:08.863329: I external/local_tsl/tsl/framework/bfc_allocator.cc:1075] Next region of size 6129582080
2025-06-15 03:13:08.863797: I external/local_tsl/tsl/framework/bfc_allocator.cc:1095] Free  at 7f7d6e000000 of size 1937768448 next 107
2025-06-15 03:13:08.864148: I external/local_tsl/tsl/framework/bfc_allocator.cc:1095] InUse at 7f7de1800000 of size 1937768448 next 329
2025-06-15 03:13:08.864479: I external/local_tsl/tsl/framework/bfc_allocator.cc:1095] Free  at 7f7e55000000 of size 2254045184 next 18446744073709551615
2025-06-15 03:13:08.864876: I external/local_tsl/tsl/framework/bfc_allocator.cc:1075] Next region of size 8589934592
2025-06-15 03:13:08.865296: I external/local_tsl/tsl/framework/bfc_allocator.cc:1095] InUse at 7f7f06000000 of size 1937768448 next 281
2025-06-15 03:13:08.865634: I external/local_tsl/tsl/framework/bfc_allocator.cc:1095] InUse at 7f7f79800000 of size 242221056 next 282
2025-06-15 03:13:08.865975: I external/local_tsl/tsl/framework/bfc_allocator.cc:1095] InUse at 7f7f87f00000 of size 484442112 next 283
2025-06-15 03:13:08.866339: I external/local_tsl/tsl/framework/bfc_allocator.cc:1095] InUse at 7f7fa4d00000 of size 484442112 next 284
2025-06-15 03:13:08.866686: I external/local_tsl/tsl/framework/bfc_allocator.cc:1095] InUse at 7f7fc1b00000 of size 484442112 next 29
2025-06-15 03:13:08.867015: I external/local_tsl/tsl/framework/bfc_allocator.cc:1095] InUse at 7f7fde900000 of size 484442112 next 288
2025-06-15 03:13:08.867342: I external/local_tsl/tsl/framework/bfc_allocator.cc:1095] InUse at 7f7ffb700000 of size 484442112 next 292
2025-06-15 03:13:08.867681: I external/local_tsl/tsl/framework/bfc_allocator.cc:1095] InUse at 7f8018500000 of size 121110528 next 47
2025-06-15 03:13:08.868021: I external/local_tsl/tsl/framework/bfc_allocator.cc:1095] InUse at 7f801f880000 of size 121110528 next 296
2025-06-15 03:13:08.868345: I external/local_tsl/tsl/framework/bfc_allocator.cc:1095] InUse at 7f8026c00000 of size 121110528 next 300
2025-06-15 03:13:08.868649: I external/local_tsl/tsl/framework/bfc_allocator.cc:1095] InUse at 7f802df80000 of size 30277632 next 302
2025-06-15 03:13:08.868987: I external/local_tsl/tsl/framework/bfc_allocator.cc:1095] InUse at 7f802fc60000 of size 30277632 next 303
2025-06-15 03:13:08.869328: I external/local_tsl/tsl/framework/bfc_allocator.cc:1095] InUse at 7f8031940000 of size 30277632 next 66
2025-06-15 03:13:08.869655: I external/local_tsl/tsl/framework/bfc_allocator.cc:1095] InUse at 7f8033620000 of size 30277632 next 307
2025-06-15 03:13:08.869994: I external/local_tsl/tsl/framework/bfc_allocator.cc:1095] InUse at 7f8035300000 of size 121110528 next 76
2025-06-15 03:13:08.870334: I external/local_tsl/tsl/framework/bfc_allocator.cc:1095] InUse at 7f803c680000 of size 121110528 next 312
2025-06-15 03:13:08.870678: I external/local_tsl/tsl/framework/bfc_allocator.cc:1095] InUse at 7f8043a00000 of size 242221056 next 311
2025-06-15 03:13:08.871008: I external/local_tsl/tsl/framework/bfc_allocator.cc:1095] InUse at 7f8052100000 of size 121110528 next 85
2025-06-15 03:13:08.871417: I external/local_tsl/tsl/framework/bfc_allocator.cc:1095] InUse at 7f8059480000 of size 484442112 next 325
2025-06-15 03:13:08.871762: I external/local_tsl/tsl/framework/bfc_allocator.cc:1095] InUse at 7f8076280000 of size 484442112 next 320
2025-06-15 03:13:08.872137: I external/local_tsl/tsl/framework/bfc_allocator.cc:1095] InUse at 7f8093080000 of size 968884224 next 319
2025-06-15 03:13:08.872492: I external/local_tsl/tsl/framework/bfc_allocator.cc:1095] InUse at 7f80ccc80000 of size 484442112 next 91
2025-06-15 03:13:08.872821: I external/local_tsl/tsl/framework/bfc_allocator.cc:1095] Free  at 7f80e9a80000 of size 475529216 next 18446744073709551615
2025-06-15 03:13:08.873172: I external/local_tsl/tsl/framework/bfc_allocator.cc:1075] Next region of size 4294967296
2025-06-15 03:13:08.873623: I external/local_tsl/tsl/framework/bfc_allocator.cc:1095] InUse at 7f8124000000 of size 1937768448 next 11
2025-06-15 03:13:08.873950: I external/local_tsl/tsl/framework/bfc_allocator.cc:1095] InUse at 7f8197800000 of size 1937768448 next 276
2025-06-15 03:13:08.874256: I external/local_tsl/tsl/framework/bfc_allocator.cc:1095] InUse at 7f820b000000 of size 242221056 next 20
2025-06-15 03:13:08.874593: I external/local_tsl/tsl/framework/bfc_allocator.cc:1095] InUse at 7f8219700000 of size 60555264 next 38
2025-06-15 03:13:08.874905: I external/local_tsl/tsl/framework/bfc_allocator.cc:1095] InUse at 7f821d0c0000 of size 116654080 next 18446744073709551615
2025-06-15 03:13:08.875224: I external/local_tsl/tsl/framework/bfc_allocator.cc:1075] Next region of size 2147483648
2025-06-15 03:13:08.875623: I external/local_tsl/tsl/framework/bfc_allocator.cc:1095] InUse at 7f8250000000 of size 1937768448 next 270
2025-06-15 03:13:08.875972: I external/local_tsl/tsl/framework/bfc_allocator.cc:1095] InUse at 7f82c3800000 of size 209715200 next 18446744073709551615
2025-06-15 03:13:08.876292: I external/local_tsl/tsl/framework/bfc_allocator.cc:1075] Next region of size 2147483648
2025-06-15 03:13:08.876710: I external/local_tsl/tsl/framework/bfc_allocator.cc:1095] InUse at 7f82d8000000 of size 1937768448 next 268
2025-06-15 03:13:08.877057: I external/local_tsl/tsl/framework/bfc_allocator.cc:1095] InUse at 7f834b800000 of size 209715200 next 18446744073709551615
2025-06-15 03:13:08.877491: I external/local_tsl/tsl/framework/bfc_allocator.cc:1075] Next region of size 134217728
2025-06-15 03:13:08.877949: I external/local_tsl/tsl/framework/bfc_allocator.cc:1095] InUse at 7f83e8000000 of size 60555264 next 264
2025-06-15 03:13:08.878354: I external/local_tsl/tsl/framework/bfc_allocator.cc:1095] InUse at 7f83eb9c0000 of size 73662464 next 18446744073709551615
2025-06-15 03:13:08.878709: I external/local_tsl/tsl/framework/bfc_allocator.cc:1075] Next region of size 67108864
2025-06-15 03:13:08.879170: I external/local_tsl/tsl/framework/bfc_allocator.cc:1095] InUse at 7f83f0000000 of size 3538944 next 198
2025-06-15 03:13:08.879506: I external/local_tsl/tsl/framework/bfc_allocator.cc:1095] InUse at 7f83f0360000 of size 1769472 next 205
2025-06-15 03:13:08.879812: I external/local_tsl/tsl/framework/bfc_allocator.cc:1095] InUse at 7f83f0510000 of size 1769472 next 206
2025-06-15 03:13:08.880143: I external/local_tsl/tsl/framework/bfc_allocator.cc:1095] InUse at 7f83f06c0000 of size 262144 next 213
2025-06-15 03:13:08.880482: I external/local_tsl/tsl/framework/bfc_allocator.cc:1095] InUse at 7f83f0700000 of size 262144 next 214
2025-06-15 03:13:08.880787: I external/local_tsl/tsl/framework/bfc_allocator.cc:1095] InUse at 7f83f0740000 of size 884736 next 217
2025-06-15 03:13:08.881134: I external/local_tsl/tsl/framework/bfc_allocator.cc:1095] InUse at 7f83f0818000 of size 884736 next 218
2025-06-15 03:13:08.881486: I external/local_tsl/tsl/framework/bfc_allocator.cc:1095] InUse at 7f83f08f0000 of size 442368 next 225
2025-06-15 03:13:08.881879: I external/local_tsl/tsl/framework/bfc_allocator.cc:1095] InUse at 7f83f095c000 of size 442368 next 226
2025-06-15 03:13:08.882213: I external/local_tsl/tsl/framework/bfc_allocator.cc:1095] InUse at 7f83f09c8000 of size 256 next 234
2025-06-15 03:13:08.882629: I external/local_tsl/tsl/framework/bfc_allocator.cc:1095] InUse at 7f83f09c8100 of size 256 next 235
2025-06-15 03:13:08.883113: I external/local_tsl/tsl/framework/bfc_allocator.cc:1095] InUse at 7f83f09c8200 of size 221184 next 236
2025-06-15 03:13:08.883470: I external/local_tsl/tsl/framework/bfc_allocator.cc:1095] InUse at 7f83f09fe200 of size 221184 next 237
2025-06-15 03:13:08.883772: I external/local_tsl/tsl/framework/bfc_allocator.cc:1095] InUse at 7f83f0a34200 of size 256 next 238
2025-06-15 03:13:08.884179: I external/local_tsl/tsl/framework/bfc_allocator.cc:1095] InUse at 7f83f0a34300 of size 256 next 239
2025-06-15 03:13:08.884618: I external/local_tsl/tsl/framework/bfc_allocator.cc:1095] InUse at 7f83f0a34400 of size 256 next 240
2025-06-15 03:13:08.885051: I external/local_tsl/tsl/framework/bfc_allocator.cc:1095] InUse at 7f83f0a34500 of size 256 next 241
2025-06-15 03:13:08.885504: I external/local_tsl/tsl/framework/bfc_allocator.cc:1095] InUse at 7f83f0a34600 of size 256 next 242
2025-06-15 03:13:08.885917: I external/local_tsl/tsl/framework/bfc_allocator.cc:1095] InUse at 7f83f0a34700 of size 256 next 243
2025-06-15 03:13:08.886341: I external/local_tsl/tsl/framework/bfc_allocator.cc:1095] InUse at 7f83f0a34800 of size 110592 next 244
2025-06-15 03:13:08.886686: I external/local_tsl/tsl/framework/bfc_allocator.cc:1095] InUse at 7f83f0a4f800 of size 110592 next 245
2025-06-15 03:13:08.887031: I external/local_tsl/tsl/framework/bfc_allocator.cc:1095] InUse at 7f83f0a6a800 of size 256 next 246
2025-06-15 03:13:08.887444: I external/local_tsl/tsl/framework/bfc_allocator.cc:1095] InUse at 7f83f0a6a900 of size 256 next 247
2025-06-15 03:13:08.887880: I external/local_tsl/tsl/framework/bfc_allocator.cc:1095] InUse at 7f83f0a6aa00 of size 256 next 248
2025-06-15 03:13:08.888360: I external/local_tsl/tsl/framework/bfc_allocator.cc:1095] InUse at 7f83f0a6ab00 of size 256 next 249
2025-06-15 03:13:08.888805: I external/local_tsl/tsl/framework/bfc_allocator.cc:1095] InUse at 7f83f0a6ac00 of size 256 next 250
2025-06-15 03:13:08.889221: I external/local_tsl/tsl/framework/bfc_allocator.cc:1095] InUse at 7f83f0a6ad00 of size 256 next 251
2025-06-15 03:13:08.889672: I external/local_tsl/tsl/framework/bfc_allocator.cc:1095] InUse at 7f83f0a6ae00 of size 256 next 252
2025-06-15 03:13:08.890093: I external/local_tsl/tsl/framework/bfc_allocator.cc:1095] InUse at 7f83f0a6af00 of size 256 next 253
2025-06-15 03:13:08.890518: I external/local_tsl/tsl/framework/bfc_allocator.cc:1095] InUse at 7f83f0a6b000 of size 256 next 254
2025-06-15 03:13:08.890934: I external/local_tsl/tsl/framework/bfc_allocator.cc:1095] InUse at 7f83f0a6b100 of size 256 next 255
2025-06-15 03:13:08.891339: I external/local_tsl/tsl/framework/bfc_allocator.cc:1095] InUse at 7f83f0a6b200 of size 256 next 256
2025-06-15 03:13:08.891780: I external/local_tsl/tsl/framework/bfc_allocator.cc:1095] InUse at 7f83f0a6b300 of size 256 next 257
2025-06-15 03:13:08.892230: I external/local_tsl/tsl/framework/bfc_allocator.cc:1095] InUse at 7f83f0a6b400 of size 256 next 258
2025-06-15 03:13:08.892652: I external/local_tsl/tsl/framework/bfc_allocator.cc:1095] InUse at 7f83f0a6b500 of size 256 next 259
2025-06-15 03:13:08.893075: I external/local_tsl/tsl/framework/bfc_allocator.cc:1095] InUse at 7f83f0a6b600 of size 256 next 260
2025-06-15 03:13:08.893481: I external/local_tsl/tsl/framework/bfc_allocator.cc:1095] InUse at 7f83f0a6b700 of size 256 next 261
2025-06-15 03:13:08.893903: I external/local_tsl/tsl/framework/bfc_allocator.cc:1095] InUse at 7f83f0a6b800 of size 256 next 262
2025-06-15 03:13:08.894324: I external/local_tsl/tsl/framework/bfc_allocator.cc:1095] InUse at 7f83f0a6b900 of size 256 next 263
2025-06-15 03:13:08.894778: I external/local_tsl/tsl/framework/bfc_allocator.cc:1095] InUse at 7f83f0a6ba00 of size 256 next 265
2025-06-15 03:13:08.895220: I external/local_tsl/tsl/framework/bfc_allocator.cc:1095] InUse at 7f83f0a6bb00 of size 256 next 266
2025-06-15 03:13:08.895649: I external/local_tsl/tsl/framework/bfc_allocator.cc:1095] InUse at 7f83f0a6bc00 of size 256 next 269
2025-06-15 03:13:08.896076: I external/local_tsl/tsl/framework/bfc_allocator.cc:1095] InUse at 7f83f0a6bd00 of size 256 next 272
2025-06-15 03:13:08.896583: I external/local_tsl/tsl/framework/bfc_allocator.cc:1095] InUse at 7f83f0a6be00 of size 256 next 274
2025-06-15 03:13:08.897015: I external/local_tsl/tsl/framework/bfc_allocator.cc:1095] InUse at 7f83f0a6bf00 of size 256 next 275
2025-06-15 03:13:08.897523: I external/local_tsl/tsl/framework/bfc_allocator.cc:1095] InUse at 7f83f0a6c000 of size 256 next 279
2025-06-15 03:13:08.897982: I external/local_tsl/tsl/framework/bfc_allocator.cc:1095] InUse at 7f83f0a6c100 of size 256 next 280
2025-06-15 03:13:08.898416: I external/local_tsl/tsl/framework/bfc_allocator.cc:1095] InUse at 7f83f0a6c200 of size 256 next 286
2025-06-15 03:13:08.898844: I external/local_tsl/tsl/framework/bfc_allocator.cc:1095] InUse at 7f83f0a6c300 of size 256 next 287
2025-06-15 03:13:08.899272: I external/local_tsl/tsl/framework/bfc_allocator.cc:1095] InUse at 7f83f0a6c400 of size 256 next 290
2025-06-15 03:13:08.899679: I external/local_tsl/tsl/framework/bfc_allocator.cc:1095] InUse at 7f83f0a6c500 of size 256 next 291
2025-06-15 03:13:08.900097: I external/local_tsl/tsl/framework/bfc_allocator.cc:1095] InUse at 7f83f0a6c600 of size 512 next 293
2025-06-15 03:13:08.900505: I external/local_tsl/tsl/framework/bfc_allocator.cc:1095] InUse at 7f83f0a6c800 of size 512 next 294
2025-06-15 03:13:08.900909: I external/local_tsl/tsl/framework/bfc_allocator.cc:1095] InUse at 7f83f0a6ca00 of size 512 next 295
2025-06-15 03:13:08.901317: I external/local_tsl/tsl/framework/bfc_allocator.cc:1095] InUse at 7f83f0a6cc00 of size 512 next 298
2025-06-15 03:13:08.901728: I external/local_tsl/tsl/framework/bfc_allocator.cc:1095] InUse at 7f83f0a6ce00 of size 512 next 299
2025-06-15 03:13:08.902154: I external/local_tsl/tsl/framework/bfc_allocator.cc:1095] InUse at 7f83f0a6d000 of size 15138816 next 56
2025-06-15 03:13:08.902521: I external/local_tsl/tsl/framework/bfc_allocator.cc:1095] InUse at 7f83f18dd000 of size 15138816 next 301
2025-06-15 03:13:08.902922: I external/local_tsl/tsl/framework/bfc_allocator.cc:1095] InUse at 7f83f274d000 of size 1024 next 304
2025-06-15 03:13:08.903391: I external/local_tsl/tsl/framework/bfc_allocator.cc:1095] InUse at 7f83f274d400 of size 1024 next 305
2025-06-15 03:13:08.903837: I external/local_tsl/tsl/framework/bfc_allocator.cc:1095] InUse at 7f83f274d800 of size 1024 next 306
2025-06-15 03:13:08.904270: I external/local_tsl/tsl/framework/bfc_allocator.cc:1095] InUse at 7f83f274dc00 of size 1024 next 309
2025-06-15 03:13:08.904701: I external/local_tsl/tsl/framework/bfc_allocator.cc:1095] InUse at 7f83f274e000 of size 1024 next 310
2025-06-15 03:13:08.905139: I external/local_tsl/tsl/framework/bfc_allocator.cc:1095] InUse at 7f83f274e400 of size 512 next 317
2025-06-15 03:13:08.905596: I external/local_tsl/tsl/framework/bfc_allocator.cc:1095] InUse at 7f83f274e600 of size 512 next 318
2025-06-15 03:13:08.906038: I external/local_tsl/tsl/framework/bfc_allocator.cc:1095] InUse at 7f83f274e800 of size 256 next 326
2025-06-15 03:13:08.906449: I external/local_tsl/tsl/framework/bfc_allocator.cc:1095] InUse at 7f83f274e900 of size 256 next 327
2025-06-15 03:13:08.906854: I external/local_tsl/tsl/framework/bfc_allocator.cc:1095] Free  at 7f83f274ea00 of size 25892352 next 18446744073709551615
2025-06-15 03:13:08.907166: I external/local_tsl/tsl/framework/bfc_allocator.cc:1075] Next region of size 33554432
2025-06-15 03:13:08.907572: I external/local_tsl/tsl/framework/bfc_allocator.cc:1095] InUse at 7f843e000000 of size 3538944 next 83
2025-06-15 03:13:08.907894: I external/local_tsl/tsl/framework/bfc_allocator.cc:1095] InUse at 7f843e360000 of size 221184 next 152
2025-06-15 03:13:08.908207: I external/local_tsl/tsl/framework/bfc_allocator.cc:1095] InUse at 7f843e396000 of size 221184 next 106
2025-06-15 03:13:08.908545: I external/local_tsl/tsl/framework/bfc_allocator.cc:1095] InUse at 7f843e3cc000 of size 442368 next 100
2025-06-15 03:13:08.908874: I external/local_tsl/tsl/framework/bfc_allocator.cc:1095] InUse at 7f843e438000 of size 884736 next 90
2025-06-15 03:13:08.909191: I external/local_tsl/tsl/framework/bfc_allocator.cc:1095] InUse at 7f843e510000 of size 1769472 next 74
2025-06-15 03:13:08.909572: I external/local_tsl/tsl/framework/bfc_allocator.cc:1095] InUse at 7f843e6c0000 of size 7077888 next 72
2025-06-15 03:13:08.909888: I external/local_tsl/tsl/framework/bfc_allocator.cc:1095] InUse at 7f843ed80000 of size 7077888 next 187
2025-06-15 03:13:08.910228: I external/local_tsl/tsl/framework/bfc_allocator.cc:1095] InUse at 7f843f440000 of size 12320768 next 18446744073709551615
2025-06-15 03:13:08.910545: I external/local_tsl/tsl/framework/bfc_allocator.cc:1075] Next region of size 16777216
2025-06-15 03:13:08.910971: I external/local_tsl/tsl/framework/bfc_allocator.cc:1095] InUse at 7f8446000000 of size 1769472 next 173
2025-06-15 03:13:08.911306: I external/local_tsl/tsl/framework/bfc_allocator.cc:1095] InUse at 7f84461b0000 of size 1769472 next 64
2025-06-15 03:13:08.911656: I external/local_tsl/tsl/framework/bfc_allocator.cc:1095] InUse at 7f8446360000 of size 3538944 next 62
2025-06-15 03:13:08.912005: I external/local_tsl/tsl/framework/bfc_allocator.cc:1095] InUse at 7f84466c0000 of size 3538944 next 180
2025-06-15 03:13:08.912316: I external/local_tsl/tsl/framework/bfc_allocator.cc:1095] InUse at 7f8446a20000 of size 1048576 next 194
2025-06-15 03:13:08.912637: I external/local_tsl/tsl/framework/bfc_allocator.cc:1095] InUse at 7f8446b20000 of size 1048576 next 195
2025-06-15 03:13:08.912975: I external/local_tsl/tsl/framework/bfc_allocator.cc:1095] InUse at 7f8446c20000 of size 4063232 next 18446744073709551615
2025-06-15 03:13:08.913324: I external/local_tsl/tsl/framework/bfc_allocator.cc:1075] Next region of size 2097152
2025-06-15 03:13:08.913745: I external/local_tsl/tsl/framework/bfc_allocator.cc:1095] InUse at 7f8474e00000 of size 1280 next 1
2025-06-15 03:13:08.914212: I external/local_tsl/tsl/framework/bfc_allocator.cc:1095] InUse at 7f8474e00500 of size 256 next 2
2025-06-15 03:13:08.914646: I external/local_tsl/tsl/framework/bfc_allocator.cc:1095] InUse at 7f8474e00600 of size 256 next 3
2025-06-15 03:13:08.915052: I external/local_tsl/tsl/framework/bfc_allocator.cc:1095] InUse at 7f8474e00700 of size 256 next 5
2025-06-15 03:13:08.915492: I external/local_tsl/tsl/framework/bfc_allocator.cc:1095] InUse at 7f8474e00800 of size 256 next 6
2025-06-15 03:13:08.915899: I external/local_tsl/tsl/framework/bfc_allocator.cc:1095] InUse at 7f8474e00900 of size 256 next 4
2025-06-15 03:13:08.916311: I external/local_tsl/tsl/framework/bfc_allocator.cc:1095] InUse at 7f8474e00a00 of size 256 next 7
2025-06-15 03:13:08.916795: I external/local_tsl/tsl/framework/bfc_allocator.cc:1095] InUse at 7f8474e00b00 of size 256 next 10
2025-06-15 03:13:08.917241: I external/local_tsl/tsl/framework/bfc_allocator.cc:1095] InUse at 7f8474e00c00 of size 256 next 277
2025-06-15 03:13:08.917706: I external/local_tsl/tsl/framework/bfc_allocator.cc:1095] InUse at 7f8474e00d00 of size 256 next 12
2025-06-15 03:13:08.918141: I external/local_tsl/tsl/framework/bfc_allocator.cc:1095] InUse at 7f8474e00e00 of size 256 next 13
2025-06-15 03:13:08.918590: I external/local_tsl/tsl/framework/bfc_allocator.cc:1095] InUse at 7f8474e00f00 of size 256 next 14
2025-06-15 03:13:08.918997: I external/local_tsl/tsl/framework/bfc_allocator.cc:1095] InUse at 7f8474e01000 of size 256 next 17
2025-06-15 03:13:08.919390: I external/local_tsl/tsl/framework/bfc_allocator.cc:1095] InUse at 7f8474e01100 of size 256 next 15
2025-06-15 03:13:08.919834: I external/local_tsl/tsl/framework/bfc_allocator.cc:1095] InUse at 7f8474e01200 of size 256 next 16
2025-06-15 03:13:08.920259: I external/local_tsl/tsl/framework/bfc_allocator.cc:1095] InUse at 7f8474e01300 of size 256 next 285
2025-06-15 03:13:08.920703: I external/local_tsl/tsl/framework/bfc_allocator.cc:1095] InUse at 7f8474e01400 of size 256 next 21
2025-06-15 03:13:08.921132: I external/local_tsl/tsl/framework/bfc_allocator.cc:1095] InUse at 7f8474e01500 of size 256 next 22
2025-06-15 03:13:08.921587: I external/local_tsl/tsl/framework/bfc_allocator.cc:1095] InUse at 7f8474e01600 of size 256 next 23
2025-06-15 03:13:08.922019: I external/local_tsl/tsl/framework/bfc_allocator.cc:1095] InUse at 7f8474e01700 of size 256 next 24
2025-06-15 03:13:08.922494: I external/local_tsl/tsl/framework/bfc_allocator.cc:1095] InUse at 7f8474e01800 of size 256 next 25
2025-06-15 03:13:08.922909: I external/local_tsl/tsl/framework/bfc_allocator.cc:1095] InUse at 7f8474e01900 of size 256 next 28
2025-06-15 03:13:08.923356: I external/local_tsl/tsl/framework/bfc_allocator.cc:1095] InUse at 7f8474e01a00 of size 256 next 289
2025-06-15 03:13:08.923764: I external/local_tsl/tsl/framework/bfc_allocator.cc:1095] InUse at 7f8474e01b00 of size 256 next 30
2025-06-15 03:13:08.924211: I external/local_tsl/tsl/framework/bfc_allocator.cc:1095] InUse at 7f8474e01c00 of size 256 next 31
2025-06-15 03:13:08.924640: I external/local_tsl/tsl/framework/bfc_allocator.cc:1095] InUse at 7f8474e01d00 of size 256 next 32
2025-06-15 03:13:08.925074: I external/local_tsl/tsl/framework/bfc_allocator.cc:1095] InUse at 7f8474e01e00 of size 256 next 35
2025-06-15 03:13:08.925488: I external/local_tsl/tsl/framework/bfc_allocator.cc:1095] InUse at 7f8474e01f00 of size 256 next 33
2025-06-15 03:13:08.925899: I external/local_tsl/tsl/framework/bfc_allocator.cc:1095] InUse at 7f8474e02000 of size 256 next 34
2025-06-15 03:13:08.926319: I external/local_tsl/tsl/framework/bfc_allocator.cc:1095] InUse at 7f8474e02100 of size 512 next 39
2025-06-15 03:13:08.926732: I external/local_tsl/tsl/framework/bfc_allocator.cc:1095] InUse at 7f8474e02300 of size 256 next 40
2025-06-15 03:13:08.927140: I external/local_tsl/tsl/framework/bfc_allocator.cc:1095] InUse at 7f8474e02400 of size 256 next 41
2025-06-15 03:13:08.927557: I external/local_tsl/tsl/framework/bfc_allocator.cc:1095] InUse at 7f8474e02500 of size 256 next 8
2025-06-15 03:13:08.927980: I external/local_tsl/tsl/framework/bfc_allocator.cc:1095] InUse at 7f8474e02600 of size 3584 next 9
2025-06-15 03:13:08.928390: I external/local_tsl/tsl/framework/bfc_allocator.cc:1095] InUse at 7f8474e03400 of size 512 next 42
2025-06-15 03:13:08.928824: I external/local_tsl/tsl/framework/bfc_allocator.cc:1095] InUse at 7f8474e03600 of size 512 next 45
2025-06-15 03:13:08.929247: I external/local_tsl/tsl/framework/bfc_allocator.cc:1095] InUse at 7f8474e03800 of size 512 next 46
2025-06-15 03:13:08.929697: I external/local_tsl/tsl/framework/bfc_allocator.cc:1095] InUse at 7f8474e03a00 of size 512 next 297
2025-06-15 03:13:08.930127: I external/local_tsl/tsl/framework/bfc_allocator.cc:1095] InUse at 7f8474e03c00 of size 512 next 48
2025-06-15 03:13:08.930552: I external/local_tsl/tsl/framework/bfc_allocator.cc:1095] InUse at 7f8474e03e00 of size 256 next 49
2025-06-15 03:13:08.930983: I external/local_tsl/tsl/framework/bfc_allocator.cc:1095] InUse at 7f8474e03f00 of size 512 next 50
2025-06-15 03:13:08.931414: I external/local_tsl/tsl/framework/bfc_allocator.cc:1095] InUse at 7f8474e04100 of size 512 next 51
2025-06-15 03:13:08.931844: I external/local_tsl/tsl/framework/bfc_allocator.cc:1095] InUse at 7f8474e04300 of size 512 next 55
2025-06-15 03:13:08.932256: I external/local_tsl/tsl/framework/bfc_allocator.cc:1095] InUse at 7f8474e04500 of size 1024 next 57
2025-06-15 03:13:08.932659: I external/local_tsl/tsl/framework/bfc_allocator.cc:1095] InUse at 7f8474e04900 of size 256 next 58
2025-06-15 03:13:08.933058: I external/local_tsl/tsl/framework/bfc_allocator.cc:1095] InUse at 7f8474e04a00 of size 256 next 59
2025-06-15 03:13:08.933468: I external/local_tsl/tsl/framework/bfc_allocator.cc:1095] InUse at 7f8474e04b00 of size 1024 next 60
2025-06-15 03:13:08.933879: I external/local_tsl/tsl/framework/bfc_allocator.cc:1095] InUse at 7f8474e04f00 of size 1024 next 61
2025-06-15 03:13:08.934288: I external/local_tsl/tsl/framework/bfc_allocator.cc:1095] InUse at 7f8474e05300 of size 1024 next 65
2025-06-15 03:13:08.934707: I external/local_tsl/tsl/framework/bfc_allocator.cc:1095] InUse at 7f8474e05700 of size 1024 next 308
2025-06-15 03:13:08.935119: I external/local_tsl/tsl/framework/bfc_allocator.cc:1095] InUse at 7f8474e05b00 of size 1024 next 67
2025-06-15 03:13:08.935533: I external/local_tsl/tsl/framework/bfc_allocator.cc:1095] InUse at 7f8474e05f00 of size 256 next 68
2025-06-15 03:13:08.936048: I external/local_tsl/tsl/framework/bfc_allocator.cc:1095] InUse at 7f8474e06000 of size 256 next 69
2025-06-15 03:13:08.936471: I external/local_tsl/tsl/framework/bfc_allocator.cc:1095] InUse at 7f8474e06100 of size 1024 next 70
2025-06-15 03:13:08.936924: I external/local_tsl/tsl/framework/bfc_allocator.cc:1095] InUse at 7f8474e06500 of size 1024 next 71
2025-06-15 03:13:08.937373: I external/local_tsl/tsl/framework/bfc_allocator.cc:1095] InUse at 7f8474e06900 of size 1024 next 75
2025-06-15 03:13:08.937803: I external/local_tsl/tsl/framework/bfc_allocator.cc:1095] InUse at 7f8474e06d00 of size 512 next 313
2025-06-15 03:13:08.938227: I external/local_tsl/tsl/framework/bfc_allocator.cc:1095] InUse at 7f8474e06f00 of size 512 next 314
2025-06-15 03:13:08.938669: I external/local_tsl/tsl/framework/bfc_allocator.cc:1095] InUse at 7f8474e07100 of size 512 next 315
2025-06-15 03:13:08.939081: I external/local_tsl/tsl/framework/bfc_allocator.cc:1095] InUse at 7f8474e07300 of size 512 next 77
2025-06-15 03:13:08.939481: I external/local_tsl/tsl/framework/bfc_allocator.cc:1095] InUse at 7f8474e07500 of size 256 next 78
2025-06-15 03:13:08.939899: I external/local_tsl/tsl/framework/bfc_allocator.cc:1095] InUse at 7f8474e07600 of size 256 next 79
2025-06-15 03:13:08.940329: I external/local_tsl/tsl/framework/bfc_allocator.cc:1095] InUse at 7f8474e07700 of size 512 next 80
2025-06-15 03:13:08.940763: I external/local_tsl/tsl/framework/bfc_allocator.cc:1095] InUse at 7f8474e07900 of size 512 next 81
2025-06-15 03:13:08.941209: I external/local_tsl/tsl/framework/bfc_allocator.cc:1095] InUse at 7f8474e07b00 of size 512 next 82
2025-06-15 03:13:08.941690: I external/local_tsl/tsl/framework/bfc_allocator.cc:1095] InUse at 7f8474e07d00 of size 512 next 84
2025-06-15 03:13:08.942196: I external/local_tsl/tsl/framework/bfc_allocator.cc:1095] InUse at 7f8474e07f00 of size 512 next 316
2025-06-15 03:13:08.942676: I external/local_tsl/tsl/framework/bfc_allocator.cc:1095] InUse at 7f8474e08100 of size 512 next 86
2025-06-15 03:13:08.943115: I external/local_tsl/tsl/framework/bfc_allocator.cc:1095] InUse at 7f8474e08300 of size 512 next 87
2025-06-15 03:13:08.943551: I external/local_tsl/tsl/framework/bfc_allocator.cc:1095] InUse at 7f8474e08500 of size 512 next 88
2025-06-15 03:13:08.943982: I external/local_tsl/tsl/framework/bfc_allocator.cc:1095] InUse at 7f8474e08700 of size 512 next 89
2025-06-15 03:13:08.944463: I external/local_tsl/tsl/framework/bfc_allocator.cc:1095] InUse at 7f8474e08900 of size 256 next 321
2025-06-15 03:13:08.944874: I external/local_tsl/tsl/framework/bfc_allocator.cc:1095] InUse at 7f8474e08a00 of size 256 next 323
2025-06-15 03:13:08.945301: I external/local_tsl/tsl/framework/bfc_allocator.cc:1095] InUse at 7f8474e08b00 of size 256 next 324
2025-06-15 03:13:08.945739: I external/local_tsl/tsl/framework/bfc_allocator.cc:1095] InUse at 7f8474e08c00 of size 256 next 92
2025-06-15 03:13:08.946178: I external/local_tsl/tsl/framework/bfc_allocator.cc:1095] InUse at 7f8474e08d00 of size 256 next 93
2025-06-15 03:13:08.946589: I external/local_tsl/tsl/framework/bfc_allocator.cc:1095] InUse at 7f8474e08e00 of size 256 next 94
2025-06-15 03:13:08.946992: I external/local_tsl/tsl/framework/bfc_allocator.cc:1095] InUse at 7f8474e08f00 of size 256 next 97
2025-06-15 03:13:08.947404: I external/local_tsl/tsl/framework/bfc_allocator.cc:1095] InUse at 7f8474e09000 of size 256 next 95
2025-06-15 03:13:08.947842: I external/local_tsl/tsl/framework/bfc_allocator.cc:1095] InUse at 7f8474e09100 of size 256 next 96
2025-06-15 03:13:08.948313: I external/local_tsl/tsl/framework/bfc_allocator.cc:1095] InUse at 7f8474e09200 of size 256 next 98
2025-06-15 03:13:08.948730: I external/local_tsl/tsl/framework/bfc_allocator.cc:1095] InUse at 7f8474e09300 of size 256 next 101
2025-06-15 03:13:08.949164: I external/local_tsl/tsl/framework/bfc_allocator.cc:1095] InUse at 7f8474e09400 of size 256 next 102
2025-06-15 03:13:08.949602: I external/local_tsl/tsl/framework/bfc_allocator.cc:1095] InUse at 7f8474e09500 of size 256 next 103
2025-06-15 03:13:08.950061: I external/local_tsl/tsl/framework/bfc_allocator.cc:1095] InUse at 7f8474e09600 of size 256 next 104
2025-06-15 03:13:08.950487: I external/local_tsl/tsl/framework/bfc_allocator.cc:1095] InUse at 7f8474e09700 of size 256 next 105
2025-06-15 03:13:08.950921: I external/local_tsl/tsl/framework/bfc_allocator.cc:1095] Free  at 7f8474e09800 of size 512 next 108
2025-06-15 03:13:08.951356: I external/local_tsl/tsl/framework/bfc_allocator.cc:1095] InUse at 7f8474e09a00 of size 256 next 109
2025-06-15 03:13:08.951777: I external/local_tsl/tsl/framework/bfc_allocator.cc:1095] InUse at 7f8474e09b00 of size 256 next 110
2025-06-15 03:13:08.952224: I external/local_tsl/tsl/framework/bfc_allocator.cc:1095] InUse at 7f8474e09c00 of size 256 next 146
2025-06-15 03:13:08.952648: I external/local_tsl/tsl/framework/bfc_allocator.cc:1095] InUse at 7f8474e09d00 of size 256 next 147
2025-06-15 03:13:08.953053: I external/local_tsl/tsl/framework/bfc_allocator.cc:1095] InUse at 7f8474e09e00 of size 256 next 148
2025-06-15 03:13:08.953458: I external/local_tsl/tsl/framework/bfc_allocator.cc:1095] InUse at 7f8474e09f00 of size 256 next 149
2025-06-15 03:13:08.953861: I external/local_tsl/tsl/framework/bfc_allocator.cc:1095] InUse at 7f8474e0a000 of size 256 next 150
2025-06-15 03:13:08.954267: I external/local_tsl/tsl/framework/bfc_allocator.cc:1095] InUse at 7f8474e0a100 of size 256 next 151
2025-06-15 03:13:08.954714: I external/local_tsl/tsl/framework/bfc_allocator.cc:1095] InUse at 7f8474e0a200 of size 256 next 153
2025-06-15 03:13:08.955137: I external/local_tsl/tsl/framework/bfc_allocator.cc:1095] InUse at 7f8474e0a300 of size 256 next 154
2025-06-15 03:13:08.955550: I external/local_tsl/tsl/framework/bfc_allocator.cc:1095] InUse at 7f8474e0a400 of size 256 next 155
2025-06-15 03:13:08.955981: I external/local_tsl/tsl/framework/bfc_allocator.cc:1095] InUse at 7f8474e0a500 of size 256 next 156
2025-06-15 03:13:08.956465: I external/local_tsl/tsl/framework/bfc_allocator.cc:1095] InUse at 7f8474e0a600 of size 256 next 157
2025-06-15 03:13:08.956886: I external/local_tsl/tsl/framework/bfc_allocator.cc:1095] InUse at 7f8474e0a700 of size 256 next 158
2025-06-15 03:13:08.957326: I external/local_tsl/tsl/framework/bfc_allocator.cc:1095] InUse at 7f8474e0a800 of size 256 next 160
2025-06-15 03:13:08.957777: I external/local_tsl/tsl/framework/bfc_allocator.cc:1095] InUse at 7f8474e0a900 of size 256 next 161
2025-06-15 03:13:08.958251: I external/local_tsl/tsl/framework/bfc_allocator.cc:1095] InUse at 7f8474e0aa00 of size 256 next 162
2025-06-15 03:13:08.958702: I external/local_tsl/tsl/framework/bfc_allocator.cc:1095] InUse at 7f8474e0ab00 of size 256 next 163
2025-06-15 03:13:08.959147: I external/local_tsl/tsl/framework/bfc_allocator.cc:1095] InUse at 7f8474e0ac00 of size 256 next 164
2025-06-15 03:13:08.959570: I external/local_tsl/tsl/framework/bfc_allocator.cc:1095] InUse at 7f8474e0ad00 of size 256 next 165
2025-06-15 03:13:08.959982: I external/local_tsl/tsl/framework/bfc_allocator.cc:1095] InUse at 7f8474e0ae00 of size 512 next 167
2025-06-15 03:13:08.960391: I external/local_tsl/tsl/framework/bfc_allocator.cc:1095] InUse at 7f8474e0b000 of size 512 next 168
2025-06-15 03:13:08.960807: I external/local_tsl/tsl/framework/bfc_allocator.cc:1095] InUse at 7f8474e0b200 of size 512 next 169
2025-06-15 03:13:08.961221: I external/local_tsl/tsl/framework/bfc_allocator.cc:1095] InUse at 7f8474e0b400 of size 512 next 170
2025-06-15 03:13:08.961678: I external/local_tsl/tsl/framework/bfc_allocator.cc:1095] InUse at 7f8474e0b600 of size 512 next 171
2025-06-15 03:13:08.962094: I external/local_tsl/tsl/framework/bfc_allocator.cc:1095] InUse at 7f8474e0b800 of size 512 next 172
2025-06-15 03:13:08.962503: I external/local_tsl/tsl/framework/bfc_allocator.cc:1095] InUse at 7f8474e0ba00 of size 512 next 174
2025-06-15 03:13:08.962918: I external/local_tsl/tsl/framework/bfc_allocator.cc:1095] InUse at 7f8474e0bc00 of size 512 next 175
2025-06-15 03:13:08.963341: I external/local_tsl/tsl/framework/bfc_allocator.cc:1095] InUse at 7f8474e0be00 of size 512 next 176
2025-06-15 03:13:08.963793: I external/local_tsl/tsl/framework/bfc_allocator.cc:1095] InUse at 7f8474e0c000 of size 512 next 177
2025-06-15 03:13:08.964219: I external/local_tsl/tsl/framework/bfc_allocator.cc:1095] InUse at 7f8474e0c200 of size 512 next 178
2025-06-15 03:13:08.964612: I external/local_tsl/tsl/framework/bfc_allocator.cc:1095] InUse at 7f8474e0c400 of size 512 next 179
2025-06-15 03:13:08.965028: I external/local_tsl/tsl/framework/bfc_allocator.cc:1095] InUse at 7f8474e0c600 of size 1024 next 181
2025-06-15 03:13:08.965480: I external/local_tsl/tsl/framework/bfc_allocator.cc:1095] InUse at 7f8474e0ca00 of size 1024 next 182
2025-06-15 03:13:08.965910: I external/local_tsl/tsl/framework/bfc_allocator.cc:1095] InUse at 7f8474e0ce00 of size 1024 next 183
2025-06-15 03:13:08.966367: I external/local_tsl/tsl/framework/bfc_allocator.cc:1095] InUse at 7f8474e0d200 of size 1024 next 184
2025-06-15 03:13:08.966819: I external/local_tsl/tsl/framework/bfc_allocator.cc:1095] InUse at 7f8474e0d600 of size 1024 next 185
2025-06-15 03:13:08.967234: I external/local_tsl/tsl/framework/bfc_allocator.cc:1095] InUse at 7f8474e0da00 of size 1024 next 186
2025-06-15 03:13:08.967656: I external/local_tsl/tsl/framework/bfc_allocator.cc:1095] InUse at 7f8474e0de00 of size 1024 next 188
2025-06-15 03:13:08.968104: I external/local_tsl/tsl/framework/bfc_allocator.cc:1095] InUse at 7f8474e0e200 of size 1024 next 189
2025-06-15 03:13:08.968571: I external/local_tsl/tsl/framework/bfc_allocator.cc:1095] InUse at 7f8474e0e600 of size 1024 next 190
2025-06-15 03:13:08.969017: I external/local_tsl/tsl/framework/bfc_allocator.cc:1095] InUse at 7f8474e0ea00 of size 1024 next 191
2025-06-15 03:13:08.969499: I external/local_tsl/tsl/framework/bfc_allocator.cc:1095] InUse at 7f8474e0ee00 of size 1024 next 192
2025-06-15 03:13:08.969937: I external/local_tsl/tsl/framework/bfc_allocator.cc:1095] InUse at 7f8474e0f200 of size 1024 next 193
2025-06-15 03:13:08.970371: I external/local_tsl/tsl/framework/bfc_allocator.cc:1095] InUse at 7f8474e0f600 of size 512 next 196
2025-06-15 03:13:08.970819: I external/local_tsl/tsl/framework/bfc_allocator.cc:1095] InUse at 7f8474e0f800 of size 512 next 197
2025-06-15 03:13:08.971252: I external/local_tsl/tsl/framework/bfc_allocator.cc:1095] InUse at 7f8474e0fa00 of size 512 next 199
2025-06-15 03:13:08.971685: I external/local_tsl/tsl/framework/bfc_allocator.cc:1095] InUse at 7f8474e0fc00 of size 512 next 200
2025-06-15 03:13:08.972132: I external/local_tsl/tsl/framework/bfc_allocator.cc:1095] InUse at 7f8474e0fe00 of size 512 next 201
2025-06-15 03:13:08.972543: I external/local_tsl/tsl/framework/bfc_allocator.cc:1095] InUse at 7f8474e10000 of size 512 next 202
2025-06-15 03:13:08.972976: I external/local_tsl/tsl/framework/bfc_allocator.cc:1095] InUse at 7f8474e10200 of size 512 next 203
2025-06-15 03:13:08.973427: I external/local_tsl/tsl/framework/bfc_allocator.cc:1095] InUse at 7f8474e10400 of size 512 next 204
2025-06-15 03:13:08.973865: I external/local_tsl/tsl/framework/bfc_allocator.cc:1095] InUse at 7f8474e10600 of size 512 next 207
2025-06-15 03:13:08.974282: I external/local_tsl/tsl/framework/bfc_allocator.cc:1095] InUse at 7f8474e10800 of size 512 next 208
2025-06-15 03:13:08.974682: I external/local_tsl/tsl/framework/bfc_allocator.cc:1095] InUse at 7f8474e10a00 of size 512 next 209
2025-06-15 03:13:08.975146: I external/local_tsl/tsl/framework/bfc_allocator.cc:1095] InUse at 7f8474e10c00 of size 512 next 210
2025-06-15 03:13:08.975626: I external/local_tsl/tsl/framework/bfc_allocator.cc:1095] InUse at 7f8474e10e00 of size 512 next 211
2025-06-15 03:13:08.976111: I external/local_tsl/tsl/framework/bfc_allocator.cc:1095] InUse at 7f8474e11000 of size 512 next 212
2025-06-15 03:13:08.976558: I external/local_tsl/tsl/framework/bfc_allocator.cc:1095] InUse at 7f8474e11200 of size 256 next 215
2025-06-15 03:13:08.977001: I external/local_tsl/tsl/framework/bfc_allocator.cc:1095] InUse at 7f8474e11300 of size 256 next 216
2025-06-15 03:13:08.977440: I external/local_tsl/tsl/framework/bfc_allocator.cc:1095] InUse at 7f8474e11400 of size 256 next 219
2025-06-15 03:13:08.977914: I external/local_tsl/tsl/framework/bfc_allocator.cc:1095] InUse at 7f8474e11500 of size 256 next 220
2025-06-15 03:13:08.978358: I external/local_tsl/tsl/framework/bfc_allocator.cc:1095] InUse at 7f8474e11600 of size 256 next 221
2025-06-15 03:13:08.978809: I external/local_tsl/tsl/framework/bfc_allocator.cc:1095] InUse at 7f8474e11700 of size 256 next 222
2025-06-15 03:13:08.979274: I external/local_tsl/tsl/framework/bfc_allocator.cc:1095] InUse at 7f8474e11800 of size 256 next 223
2025-06-15 03:13:08.979712: I external/local_tsl/tsl/framework/bfc_allocator.cc:1095] InUse at 7f8474e11900 of size 256 next 224
2025-06-15 03:13:08.980174: I external/local_tsl/tsl/framework/bfc_allocator.cc:1095] InUse at 7f8474e11a00 of size 256 next 227
2025-06-15 03:13:08.980612: I external/local_tsl/tsl/framework/bfc_allocator.cc:1095] InUse at 7f8474e11b00 of size 256 next 228
2025-06-15 03:13:08.981055: I external/local_tsl/tsl/framework/bfc_allocator.cc:1095] InUse at 7f8474e11c00 of size 256 next 229
2025-06-15 03:13:08.981460: I external/local_tsl/tsl/framework/bfc_allocator.cc:1095] InUse at 7f8474e11d00 of size 256 next 230
2025-06-15 03:13:08.981883: I external/local_tsl/tsl/framework/bfc_allocator.cc:1095] InUse at 7f8474e11e00 of size 256 next 231
2025-06-15 03:13:08.982309: I external/local_tsl/tsl/framework/bfc_allocator.cc:1095] InUse at 7f8474e11f00 of size 256 next 232
2025-06-15 03:13:08.982745: I external/local_tsl/tsl/framework/bfc_allocator.cc:1095] InUse at 7f8474e12000 of size 65536 next 233
2025-06-15 03:13:08.983066: I external/local_tsl/tsl/framework/bfc_allocator.cc:1095] InUse at 7f8474e22000 of size 95232 next 19
2025-06-15 03:13:08.983475: I external/local_tsl/tsl/framework/bfc_allocator.cc:1095] InUse at 7f8474e39400 of size 110592 next 18
2025-06-15 03:13:08.983831: I external/local_tsl/tsl/framework/bfc_allocator.cc:1095] InUse at 7f8474e54400 of size 65536 next 115
2025-06-15 03:13:08.984253: I external/local_tsl/tsl/framework/bfc_allocator.cc:1095] InUse at 7f8474e64400 of size 256 next 112
2025-06-15 03:13:08.984684: I external/local_tsl/tsl/framework/bfc_allocator.cc:1095] InUse at 7f8474e64500 of size 256 next 114
2025-06-15 03:13:08.985158: I external/local_tsl/tsl/framework/bfc_allocator.cc:1095] InUse at 7f8474e64600 of size 256 next 113
2025-06-15 03:13:08.985633: I external/local_tsl/tsl/framework/bfc_allocator.cc:1095] InUse at 7f8474e64700 of size 256 next 111
2025-06-15 03:13:08.986131: I external/local_tsl/tsl/framework/bfc_allocator.cc:1095] InUse at 7f8474e64800 of size 256 next 117
2025-06-15 03:13:08.986553: I external/local_tsl/tsl/framework/bfc_allocator.cc:1095] InUse at 7f8474e64900 of size 256 next 118
2025-06-15 03:13:08.986987: I external/local_tsl/tsl/framework/bfc_allocator.cc:1095] InUse at 7f8474e64a00 of size 256 next 120
2025-06-15 03:13:08.987405: I external/local_tsl/tsl/framework/bfc_allocator.cc:1095] InUse at 7f8474e64b00 of size 256 next 119
2025-06-15 03:13:08.987834: I external/local_tsl/tsl/framework/bfc_allocator.cc:1095] InUse at 7f8474e64c00 of size 256 next 121
2025-06-15 03:13:08.988249: I external/local_tsl/tsl/framework/bfc_allocator.cc:1095] InUse at 7f8474e64d00 of size 256 next 123
2025-06-15 03:13:08.988677: I external/local_tsl/tsl/framework/bfc_allocator.cc:1095] InUse at 7f8474e64e00 of size 256 next 124
2025-06-15 03:13:08.989094: I external/local_tsl/tsl/framework/bfc_allocator.cc:1095] InUse at 7f8474e64f00 of size 256 next 125
2025-06-15 03:13:08.989537: I external/local_tsl/tsl/framework/bfc_allocator.cc:1095] InUse at 7f8474e65000 of size 256 next 126
2025-06-15 03:13:08.989944: I external/local_tsl/tsl/framework/bfc_allocator.cc:1095] InUse at 7f8474e65100 of size 256 next 128
2025-06-15 03:13:08.990353: I external/local_tsl/tsl/framework/bfc_allocator.cc:1095] InUse at 7f8474e65200 of size 256 next 127
2025-06-15 03:13:08.990764: I external/local_tsl/tsl/framework/bfc_allocator.cc:1095] InUse at 7f8474e65300 of size 256 next 129
2025-06-15 03:13:08.991185: I external/local_tsl/tsl/framework/bfc_allocator.cc:1095] InUse at 7f8474e65400 of size 256 next 130
2025-06-15 03:13:08.991643: I external/local_tsl/tsl/framework/bfc_allocator.cc:1095] InUse at 7f8474e65500 of size 256 next 131
2025-06-15 03:13:08.992057: I external/local_tsl/tsl/framework/bfc_allocator.cc:1095] InUse at 7f8474e65600 of size 256 next 132
2025-06-15 03:13:08.992470: I external/local_tsl/tsl/framework/bfc_allocator.cc:1095] InUse at 7f8474e65700 of size 256 next 133
2025-06-15 03:13:08.992888: I external/local_tsl/tsl/framework/bfc_allocator.cc:1095] InUse at 7f8474e65800 of size 256 next 137
2025-06-15 03:13:08.993311: I external/local_tsl/tsl/framework/bfc_allocator.cc:1095] InUse at 7f8474e65900 of size 256 next 136
2025-06-15 03:13:08.993733: I external/local_tsl/tsl/framework/bfc_allocator.cc:1095] InUse at 7f8474e65a00 of size 3584 next 138
2025-06-15 03:13:08.994199: I external/local_tsl/tsl/framework/bfc_allocator.cc:1095] InUse at 7f8474e66800 of size 3584 next 139
2025-06-15 03:13:08.994622: I external/local_tsl/tsl/framework/bfc_allocator.cc:1095] InUse at 7f8474e67600 of size 256 next 140
2025-06-15 03:13:08.995050: I external/local_tsl/tsl/framework/bfc_allocator.cc:1095] InUse at 7f8474e67700 of size 256 next 141
2025-06-15 03:13:08.995494: I external/local_tsl/tsl/framework/bfc_allocator.cc:1095] InUse at 7f8474e67800 of size 256 next 142
2025-06-15 03:13:08.995933: I external/local_tsl/tsl/framework/bfc_allocator.cc:1095] InUse at 7f8474e67900 of size 256 next 143
2025-06-15 03:13:08.996355: I external/local_tsl/tsl/framework/bfc_allocator.cc:1095] InUse at 7f8474e67a00 of size 256 next 144
2025-06-15 03:13:08.996800: I external/local_tsl/tsl/framework/bfc_allocator.cc:1095] InUse at 7f8474e67b00 of size 256 next 145
2025-06-15 03:13:08.997269: I external/local_tsl/tsl/framework/bfc_allocator.cc:1095] InUse at 7f8474e67c00 of size 141312 next 27
2025-06-15 03:13:08.997636: I external/local_tsl/tsl/framework/bfc_allocator.cc:1095] InUse at 7f8474e8a400 of size 221184 next 26
2025-06-15 03:13:08.998013: I external/local_tsl/tsl/framework/bfc_allocator.cc:1095] InUse at 7f8474ec0400 of size 442368 next 159
2025-06-15 03:13:08.998359: I external/local_tsl/tsl/framework/bfc_allocator.cc:1095] InUse at 7f8474f2c400 of size 867328 next 18446744073709551615
2025-06-15 03:13:08.998703: I external/local_tsl/tsl/framework/bfc_allocator.cc:1075] Next region of size 4194304
2025-06-15 03:13:08.999153: I external/local_tsl/tsl/framework/bfc_allocator.cc:1095] InUse at 7f8475400000 of size 442368 next 37
2025-06-15 03:13:08.999483: I external/local_tsl/tsl/framework/bfc_allocator.cc:1095] InUse at 7f847546c000 of size 221184 next 116
2025-06-15 03:13:08.999818: I external/local_tsl/tsl/framework/bfc_allocator.cc:1095] InUse at 7f84754a2000 of size 110592 next 122
2025-06-15 03:13:09.000170: I external/local_tsl/tsl/framework/bfc_allocator.cc:1095] InUse at 7f84754bd000 of size 192512 next 99
2025-06-15 03:13:09.000586: I external/local_tsl/tsl/framework/bfc_allocator.cc:1095] InUse at 7f84754ec000 of size 360448 next 44
2025-06-15 03:13:09.000969: I external/local_tsl/tsl/framework/bfc_allocator.cc:1095] InUse at 7f8475544000 of size 884736 next 43
2025-06-15 03:13:09.001312: I external/local_tsl/tsl/framework/bfc_allocator.cc:1095] InUse at 7f847561c000 of size 1982464 next 18446744073709551615
2025-06-15 03:13:09.001693: I external/local_tsl/tsl/framework/bfc_allocator.cc:1075] Next region of size 8388608
2025-06-15 03:13:09.002131: I external/local_tsl/tsl/framework/bfc_allocator.cc:1095] InUse at 7f8475800000 of size 884736 next 166
2025-06-15 03:13:09.002450: I external/local_tsl/tsl/framework/bfc_allocator.cc:1095] InUse at 7f84758d8000 of size 884736 next 54
2025-06-15 03:13:09.002834: I external/local_tsl/tsl/framework/bfc_allocator.cc:1095] InUse at 7f84759b0000 of size 1769472 next 52
2025-06-15 03:13:09.003171: I external/local_tsl/tsl/framework/bfc_allocator.cc:1095] InUse at 7f8475b60000 of size 4849664 next 18446744073709551615
2025-06-15 03:13:09.003543: I external/local_tsl/tsl/framework/bfc_allocator.cc:1100]      Summary of in-use Chunks by size: 
2025-06-15 03:13:09.003979: I external/local_tsl/tsl/framework/bfc_allocator.cc:1103] 155 Chunks of size 256 totalling 38.8KiB
2025-06-15 03:13:09.004434: I external/local_tsl/tsl/framework/bfc_allocator.cc:1103] 55 Chunks of size 512 totalling 27.5KiB
2025-06-15 03:13:09.004882: I external/local_tsl/tsl/framework/bfc_allocator.cc:1103] 26 Chunks of size 1024 totalling 26.0KiB
2025-06-15 03:13:09.005420: I external/local_tsl/tsl/framework/bfc_allocator.cc:1103] 1 Chunks of size 1280 totalling 1.2KiB
2025-06-15 03:13:09.005861: I external/local_tsl/tsl/framework/bfc_allocator.cc:1103] 3 Chunks of size 3584 totalling 10.5KiB
2025-06-15 03:13:09.006277: I external/local_tsl/tsl/framework/bfc_allocator.cc:1103] 2 Chunks of size 65536 totalling 128.0KiB
2025-06-15 03:13:09.006727: I external/local_tsl/tsl/framework/bfc_allocator.cc:1103] 1 Chunks of size 95232 totalling 93.0KiB
2025-06-15 03:13:09.007190: I external/local_tsl/tsl/framework/bfc_allocator.cc:1103] 4 Chunks of size 110592 totalling 432.0KiB
2025-06-15 03:13:09.007629: I external/local_tsl/tsl/framework/bfc_allocator.cc:1103] 1 Chunks of size 141312 totalling 138.0KiB
2025-06-15 03:13:09.008081: I external/local_tsl/tsl/framework/bfc_allocator.cc:1103] 1 Chunks of size 192512 totalling 188.0KiB
2025-06-15 03:13:09.008504: I external/local_tsl/tsl/framework/bfc_allocator.cc:1103] 6 Chunks of size 221184 totalling 1.27MiB
2025-06-15 03:13:09.008926: I external/local_tsl/tsl/framework/bfc_allocator.cc:1103] 2 Chunks of size 262144 totalling 512.0KiB
2025-06-15 03:13:09.009343: I external/local_tsl/tsl/framework/bfc_allocator.cc:1103] 1 Chunks of size 360448 totalling 352.0KiB
2025-06-15 03:13:09.009778: I external/local_tsl/tsl/framework/bfc_allocator.cc:1103] 5 Chunks of size 442368 totalling 2.11MiB
2025-06-15 03:13:09.010219: I external/local_tsl/tsl/framework/bfc_allocator.cc:1103] 1 Chunks of size 867328 totalling 847.0KiB
2025-06-15 03:13:09.010673: I external/local_tsl/tsl/framework/bfc_allocator.cc:1103] 6 Chunks of size 884736 totalling 5.06MiB
2025-06-15 03:13:09.011126: I external/local_tsl/tsl/framework/bfc_allocator.cc:1103] 2 Chunks of size 1048576 totalling 2.00MiB
2025-06-15 03:13:09.011577: I external/local_tsl/tsl/framework/bfc_allocator.cc:1103] 6 Chunks of size 1769472 totalling 10.12MiB
2025-06-15 03:13:09.012038: I external/local_tsl/tsl/framework/bfc_allocator.cc:1103] 1 Chunks of size 1982464 totalling 1.89MiB
2025-06-15 03:13:09.012522: I external/local_tsl/tsl/framework/bfc_allocator.cc:1103] 4 Chunks of size 3538944 totalling 13.50MiB
2025-06-15 03:13:09.012988: I external/local_tsl/tsl/framework/bfc_allocator.cc:1103] 1 Chunks of size 4063232 totalling 3.88MiB
2025-06-15 03:13:09.013435: I external/local_tsl/tsl/framework/bfc_allocator.cc:1103] 1 Chunks of size 4849664 totalling 4.62MiB
2025-06-15 03:13:09.013915: I external/local_tsl/tsl/framework/bfc_allocator.cc:1103] 2 Chunks of size 7077888 totalling 13.50MiB
2025-06-15 03:13:09.014410: I external/local_tsl/tsl/framework/bfc_allocator.cc:1103] 1 Chunks of size 12320768 totalling 11.75MiB
2025-06-15 03:13:09.014809: I external/local_tsl/tsl/framework/bfc_allocator.cc:1103] 2 Chunks of size 15138816 totalling 28.88MiB
2025-06-15 03:13:09.015178: I external/local_tsl/tsl/framework/bfc_allocator.cc:1103] 4 Chunks of size 30277632 totalling 115.50MiB
2025-06-15 03:13:09.015530: I external/local_tsl/tsl/framework/bfc_allocator.cc:1103] 2 Chunks of size 60555264 totalling 115.50MiB
2025-06-15 03:13:09.015866: I external/local_tsl/tsl/framework/bfc_allocator.cc:1103] 1 Chunks of size 73662464 totalling 70.25MiB
2025-06-15 03:13:09.016231: I external/local_tsl/tsl/framework/bfc_allocator.cc:1103] 1 Chunks of size 116654080 totalling 111.25MiB
2025-06-15 03:13:09.016591: I external/local_tsl/tsl/framework/bfc_allocator.cc:1103] 6 Chunks of size 121110528 totalling 693.00MiB
2025-06-15 03:13:09.016952: I external/local_tsl/tsl/framework/bfc_allocator.cc:1103] 2 Chunks of size 209715200 totalling 400.00MiB
2025-06-15 03:13:09.017335: I external/local_tsl/tsl/framework/bfc_allocator.cc:1103] 3 Chunks of size 242221056 totalling 693.00MiB
2025-06-15 03:13:09.017718: I external/local_tsl/tsl/framework/bfc_allocator.cc:1103] 8 Chunks of size 484442112 totalling 3.61GiB
2025-06-15 03:13:09.018121: I external/local_tsl/tsl/framework/bfc_allocator.cc:1103] 1 Chunks of size 968884224 totalling 924.00MiB
2025-06-15 03:13:09.018519: I external/local_tsl/tsl/framework/bfc_allocator.cc:1103] 6 Chunks of size 1937768448 totalling 10.83GiB
2025-06-15 03:13:09.018859: I external/local_tsl/tsl/framework/bfc_allocator.cc:1107] Sum Total of in-use chunks: 17.58GiB
2025-06-15 03:13:09.019302: I external/local_tsl/tsl/framework/bfc_allocator.cc:1109] Total bytes in pool: 23575789568 memory_limit_: 23575789568 available bytes: 0 curr_region_allocation_bytes_: 34359738368
2025-06-15 03:13:09.019701: I external/local_tsl/tsl/framework/bfc_allocator.cc:1114] Stats: 
Limit:                     23575789568
InUse:                     18882553856
MaxInUse:                  22800760320
NumAllocs:                         912
MaxAllocSize:               4135495424
Reserved:                            0
PeakReserved:                        0
LargestFreeBlock:                    0

2025-06-15 03:13:09.020106: W external/local_tsl/tsl/framework/bfc_allocator.cc:497] ________*********________************************************_**************************************
2025-06-15 03:13:09.020513: W tensorflow/core/framework/op_kernel.cc:1839] OP_REQUIRES failed at concat_op.cc:165 : RESOURCE_EXHAUSTED: OOM when allocating tensor with shape[2,64,192,224,176] and type float on /job:localhost/replica:0/task:0/device:GPU:0 by allocator GPU_0_bfc
Traceback (most recent call last):
  File "/mnt/beegfs/hellgate/home/rb194958e/stroke_segmentation_sota/batch_wise_train.py", line 277, in <module>
    if main():
       ^^^^^^
  File "/mnt/beegfs/hellgate/home/rb194958e/stroke_segmentation_sota/batch_wise_train.py", line 256, in main
    history = model.fit(
              ^^^^^^^^^^
  File "/mnt/beegfs/hellgate/home/rb194958e/.conda/envs/tf215_env/lib/python3.11/site-packages/keras/src/utils/traceback_utils.py", line 70, in error_handler
    raise e.with_traceback(filtered_tb) from None
  File "/mnt/beegfs/hellgate/home/rb194958e/.conda/envs/tf215_env/lib/python3.11/site-packages/tensorflow/python/eager/execute.py", line 53, in quick_execute
    tensors = pywrap_tfe.TFE_Py_Execute(ctx._handle, device_name, op_name,
  ^^^^^^^^^^^^^^^^^^^^^^^^^^^^^^^^^^^^^^^^^^^^^^^^^^^^^^^^^^^^^^^^^^^^^^^^
tensorflow.python.framework.errors_impl.ResourceExhaustedError: Graph execution error:

Detected at node model/concatenate_2/concat defined at (most recent call last):
  File "/mnt/beegfs/hellgate/home/rb194958e/stroke_segmentation_sota/batch_wise_train.py", line 277, in <module>

  File "/mnt/beegfs/hellgate/home/rb194958e/stroke_segmentation_sota/batch_wise_train.py", line 256, in main

  File "/mnt/beegfs/hellgate/home/rb194958e/.conda/envs/tf215_env/lib/python3.11/site-packages/keras/src/utils/traceback_utils.py", line 65, in error_handler

  File "/mnt/beegfs/hellgate/home/rb194958e/.conda/envs/tf215_env/lib/python3.11/site-packages/keras/src/engine/training.py", line 1807, in fit

  File "/mnt/beegfs/hellgate/home/rb194958e/.conda/envs/tf215_env/lib/python3.11/site-packages/keras/src/engine/training.py", line 1401, in train_function

  File "/mnt/beegfs/hellgate/home/rb194958e/.conda/envs/tf215_env/lib/python3.11/site-packages/keras/src/engine/training.py", line 1384, in step_function

  File "/mnt/beegfs/hellgate/home/rb194958e/.conda/envs/tf215_env/lib/python3.11/site-packages/keras/src/engine/training.py", line 1373, in run_step

  File "/mnt/beegfs/hellgate/home/rb194958e/.conda/envs/tf215_env/lib/python3.11/site-packages/keras/src/engine/training.py", line 1150, in train_step

  File "/mnt/beegfs/hellgate/home/rb194958e/.conda/envs/tf215_env/lib/python3.11/site-packages/keras/src/utils/traceback_utils.py", line 65, in error_handler

  File "/mnt/beegfs/hellgate/home/rb194958e/.conda/envs/tf215_env/lib/python3.11/site-packages/keras/src/engine/training.py", line 590, in __call__

  File "/mnt/beegfs/hellgate/home/rb194958e/.conda/envs/tf215_env/lib/python3.11/site-packages/keras/src/utils/traceback_utils.py", line 65, in error_handler

  File "/mnt/beegfs/hellgate/home/rb194958e/.conda/envs/tf215_env/lib/python3.11/site-packages/keras/src/engine/base_layer.py", line 1149, in __call__

  File "/mnt/beegfs/hellgate/home/rb194958e/.conda/envs/tf215_env/lib/python3.11/site-packages/keras/src/utils/traceback_utils.py", line 96, in error_handler

  File "/mnt/beegfs/hellgate/home/rb194958e/.conda/envs/tf215_env/lib/python3.11/site-packages/keras/src/engine/functional.py", line 515, in call

  File "/mnt/beegfs/hellgate/home/rb194958e/.conda/envs/tf215_env/lib/python3.11/site-packages/keras/src/engine/functional.py", line 672, in _run_internal_graph

  File "/mnt/beegfs/hellgate/home/rb194958e/.conda/envs/tf215_env/lib/python3.11/site-packages/keras/src/utils/traceback_utils.py", line 65, in error_handler

  File "/mnt/beegfs/hellgate/home/rb194958e/.conda/envs/tf215_env/lib/python3.11/site-packages/keras/src/engine/base_layer.py", line 1149, in __call__

  File "/mnt/beegfs/hellgate/home/rb194958e/.conda/envs/tf215_env/lib/python3.11/site-packages/keras/src/utils/traceback_utils.py", line 96, in error_handler

  File "/mnt/beegfs/hellgate/home/rb194958e/.conda/envs/tf215_env/lib/python3.11/site-packages/keras/src/layers/merging/base_merge.py", line 196, in call

  File "/mnt/beegfs/hellgate/home/rb194958e/.conda/envs/tf215_env/lib/python3.11/site-packages/keras/src/layers/merging/concatenate.py", line 134, in _merge_function

  File "/mnt/beegfs/hellgate/home/rb194958e/.conda/envs/tf215_env/lib/python3.11/site-packages/keras/src/backend.py", line 3580, in concatenate

OOM when allocating tensor with shape[2,64,192,224,176] and type float on /job:localhost/replica:0/task:0/device:GPU:0 by allocator GPU_0_bfc
	 [[{{node model/concatenate_2/concat}}]]
Hint: If you want to see a list of allocated tensors when OOM happens, add report_tensor_allocations_upon_oom to RunOptions for current allocation info. This isn't available when running in Eager mode.
 [Op:__inference_train_function_7309]
2025-06-15 03:13:09.180957: W tensorflow/core/kernels/data/generator_dataset_op.cc:108] Error occurred when finalizing GeneratorDataset iterator: FAILED_PRECONDITION: Python interpreter state is not initialized. The process may be terminated.
	 [[{{node PyFunc}}]]
/var/spool/slurmd/job1124272/slurm_script: line 320: EOF: command not found
/var/spool/slurmd/job1124272/slurm_script: line 330: unexpected EOF while looking for matching ``'
/var/spool/slurmd/job1124272/slurm_script: line 339: syntax error: unexpected end of file
