2025-06-14 20:57:30.307781: I tensorflow/core/util/port.cc:113] oneDNN custom operations are on. You may see slightly different numerical results due to floating-point round-off errors from different computation orders. To turn them off, set the environment variable `TF_ENABLE_ONEDNN_OPTS=0`.
2025-06-14 20:57:31.047954: E external/local_xla/xla/stream_executor/cuda/cuda_dnn.cc:9261] Unable to register cuDNN factory: Attempting to register factory for plugin cuDNN when one has already been registered
2025-06-14 20:57:31.048658: E external/local_xla/xla/stream_executor/cuda/cuda_fft.cc:607] Unable to register cuFFT factory: Attempting to register factory for plugin cuFFT when one has already been registered
2025-06-14 20:57:31.165144: E external/local_xla/xla/stream_executor/cuda/cuda_blas.cc:1515] Unable to register cuBLAS factory: Attempting to register factory for plugin cuBLAS when one has already been registered
2025-06-14 20:57:31.421089: I tensorflow/core/platform/cpu_feature_guard.cc:182] This TensorFlow binary is optimized to use available CPU instructions in performance-critical operations.
To enable the following instructions: AVX2 AVX512F AVX512_VNNI FMA, in other operations, rebuild TensorFlow with the appropriate compiler flags.
2025-06-14 20:57:38.021445: W tensorflow/compiler/tf2tensorrt/utils/py_utils.cc:38] TF-TRT Warning: Could not find TensorRT
INFO:__main__:🚀 Starting Stroke Lesion Segmentation Training
INFO:__main__:Using 1 GPU(s)
INFO:__main__:Creating data generators...
INFO:__main__:Found 655 valid image/mask pairs
INFO:__main__:Found 655 valid image/mask pairs
INFO:__main__:Training batches: 262
INFO:__main__:Validation batches: 65
INFO:__main__:Building model...
2025-06-14 20:57:52.296243: I tensorflow/core/common_runtime/gpu/gpu_device.cc:1929] Created device /job:localhost/replica:0/task:0/device:GPU:0 with 22483 MB memory:  -> device: 0, name: NVIDIA RTX 4500 Ada Generation, pci bus id: 0000:1c:00.0, compute capability: 8.9
INFO:__main__:Model parameters: 5,605,345
INFO:__main__:Starting training...
pixdim[0] (qfac) should be 1 (default) or -1; setting qfac to 1
INFO:nibabel.global:pixdim[0] (qfac) should be 1 (default) or -1; setting qfac to 1
pixdim[0] (qfac) should be 1 (default) or -1; setting qfac to 1
INFO:nibabel.global:pixdim[0] (qfac) should be 1 (default) or -1; setting qfac to 1
pixdim[0] (qfac) should be 1 (default) or -1; setting qfac to 1
INFO:nibabel.global:pixdim[0] (qfac) should be 1 (default) or -1; setting qfac to 1
pixdim[0] (qfac) should be 1 (default) or -1; setting qfac to 1
INFO:nibabel.global:pixdim[0] (qfac) should be 1 (default) or -1; setting qfac to 1
2025-06-14 20:57:59.986354: I external/local_xla/xla/stream_executor/cuda/cuda_dnn.cc:454] Loaded cuDNN version 8907
pixdim[0] (qfac) should be 1 (default) or -1; setting qfac to 1
INFO:nibabel.global:pixdim[0] (qfac) should be 1 (default) or -1; setting qfac to 1
pixdim[0] (qfac) should be 1 (default) or -1; setting qfac to 1
INFO:nibabel.global:pixdim[0] (qfac) should be 1 (default) or -1; setting qfac to 1
pixdim[0] (qfac) should be 1 (default) or -1; setting qfac to 1
INFO:nibabel.global:pixdim[0] (qfac) should be 1 (default) or -1; setting qfac to 1
pixdim[0] (qfac) should be 1 (default) or -1; setting qfac to 1
INFO:nibabel.global:pixdim[0] (qfac) should be 1 (default) or -1; setting qfac to 1
2025-06-14 20:58:16.400668: W external/local_tsl/tsl/framework/bfc_allocator.cc:296] Allocator (GPU_0_bfc) ran out of memory trying to allocate 2.27GiB with freed_by_count=0. The caller indicates that this is not a failure, but this may mean that there could be performance gains if more memory were available.
2025-06-14 20:58:16.501945: W external/local_tsl/tsl/framework/bfc_allocator.cc:296] Allocator (GPU_0_bfc) ran out of memory trying to allocate 2.30GiB with freed_by_count=0. The caller indicates that this is not a failure, but this may mean that there could be performance gains if more memory were available.
2025-06-14 20:58:16.503036: W external/local_tsl/tsl/framework/bfc_allocator.cc:296] Allocator (GPU_0_bfc) ran out of memory trying to allocate 2.27GiB with freed_by_count=0. The caller indicates that this is not a failure, but this may mean that there could be performance gains if more memory were available.
2025-06-14 20:58:17.124288: W external/local_tsl/tsl/framework/bfc_allocator.cc:296] Allocator (GPU_0_bfc) ran out of memory trying to allocate 2.27GiB with freed_by_count=0. The caller indicates that this is not a failure, but this may mean that there could be performance gains if more memory were available.
2025-06-14 20:58:17.177726: W external/local_tsl/tsl/framework/bfc_allocator.cc:296] Allocator (GPU_0_bfc) ran out of memory trying to allocate 2.30GiB with freed_by_count=0. The caller indicates that this is not a failure, but this may mean that there could be performance gains if more memory were available.
2025-06-14 20:58:17.178770: W external/local_tsl/tsl/framework/bfc_allocator.cc:296] Allocator (GPU_0_bfc) ran out of memory trying to allocate 2.27GiB with freed_by_count=0. The caller indicates that this is not a failure, but this may mean that there could be performance gains if more memory were available.
2025-06-14 20:58:27.800413: W external/local_tsl/tsl/framework/bfc_allocator.cc:485] Allocator (GPU_0_bfc) ran out of memory trying to allocate 3.61GiB (rounded to 3875536896)requested by op model/concatenate_2/concat
If the cause is memory fragmentation maybe the environment variable 'TF_GPU_ALLOCATOR=cuda_malloc_async' will improve the situation. 
Current allocation summary follows.
Current allocation summary follows.
2025-06-14 20:58:27.801510: I external/local_tsl/tsl/framework/bfc_allocator.cc:1039] BFCAllocator dump for GPU_0_bfc
2025-06-14 20:58:27.802351: I external/local_tsl/tsl/framework/bfc_allocator.cc:1046] Bin (256): 	Total Chunks: 155, Chunks in use: 155. 38.8KiB allocated for chunks. 38.8KiB in use in bin. 20.7KiB client-requested in use in bin.
2025-06-14 20:58:27.803098: I external/local_tsl/tsl/framework/bfc_allocator.cc:1046] Bin (512): 	Total Chunks: 56, Chunks in use: 55. 28.2KiB allocated for chunks. 27.8KiB in use in bin. 27.5KiB client-requested in use in bin.
2025-06-14 20:58:27.803572: I external/local_tsl/tsl/framework/bfc_allocator.cc:1046] Bin (1024): 	Total Chunks: 27, Chunks in use: 27. 27.2KiB allocated for chunks. 27.2KiB in use in bin. 27.0KiB client-requested in use in bin.
2025-06-14 20:58:27.804055: I external/local_tsl/tsl/framework/bfc_allocator.cc:1046] Bin (2048): 	Total Chunks: 3, Chunks in use: 3. 10.5KiB allocated for chunks. 10.5KiB in use in bin. 10.1KiB client-requested in use in bin.
2025-06-14 20:58:27.804569: I external/local_tsl/tsl/framework/bfc_allocator.cc:1046] Bin (4096): 	Total Chunks: 0, Chunks in use: 0. 0B allocated for chunks. 0B in use in bin. 0B client-requested in use in bin.
2025-06-14 20:58:27.805040: I external/local_tsl/tsl/framework/bfc_allocator.cc:1046] Bin (8192): 	Total Chunks: 0, Chunks in use: 0. 0B allocated for chunks. 0B in use in bin. 0B client-requested in use in bin.
2025-06-14 20:58:27.805418: I external/local_tsl/tsl/framework/bfc_allocator.cc:1046] Bin (16384): 	Total Chunks: 0, Chunks in use: 0. 0B allocated for chunks. 0B in use in bin. 0B client-requested in use in bin.
2025-06-14 20:58:27.805825: I external/local_tsl/tsl/framework/bfc_allocator.cc:1046] Bin (32768): 	Total Chunks: 0, Chunks in use: 0. 0B allocated for chunks. 0B in use in bin. 0B client-requested in use in bin.
2025-06-14 20:58:27.806180: I external/local_tsl/tsl/framework/bfc_allocator.cc:1046] Bin (65536): 	Total Chunks: 7, Chunks in use: 7. 653.0KiB allocated for chunks. 653.0KiB in use in bin. 624.0KiB client-requested in use in bin.
2025-06-14 20:58:27.806548: I external/local_tsl/tsl/framework/bfc_allocator.cc:1046] Bin (131072): 	Total Chunks: 8, Chunks in use: 8. 1.58MiB allocated for chunks. 1.58MiB in use in bin. 1.48MiB client-requested in use in bin.
2025-06-14 20:58:27.806909: I external/local_tsl/tsl/framework/bfc_allocator.cc:1046] Bin (262144): 	Total Chunks: 8, Chunks in use: 8. 2.95MiB allocated for chunks. 2.95MiB in use in bin. 2.86MiB client-requested in use in bin.
2025-06-14 20:58:27.807266: I external/local_tsl/tsl/framework/bfc_allocator.cc:1046] Bin (524288): 	Total Chunks: 7, Chunks in use: 7. 5.89MiB allocated for chunks. 5.89MiB in use in bin. 5.48MiB client-requested in use in bin.
2025-06-14 20:58:27.807665: I external/local_tsl/tsl/framework/bfc_allocator.cc:1046] Bin (1048576): 	Total Chunks: 9, Chunks in use: 9. 14.02MiB allocated for chunks. 14.02MiB in use in bin. 13.12MiB client-requested in use in bin.
2025-06-14 20:58:27.808031: I external/local_tsl/tsl/framework/bfc_allocator.cc:1046] Bin (2097152): 	Total Chunks: 5, Chunks in use: 5. 17.38MiB allocated for chunks. 17.38MiB in use in bin. 16.88MiB client-requested in use in bin.
2025-06-14 20:58:27.808401: I external/local_tsl/tsl/framework/bfc_allocator.cc:1046] Bin (4194304): 	Total Chunks: 3, Chunks in use: 3. 18.12MiB allocated for chunks. 18.12MiB in use in bin. 16.88MiB client-requested in use in bin.
2025-06-14 20:58:27.808770: I external/local_tsl/tsl/framework/bfc_allocator.cc:1046] Bin (8388608): 	Total Chunks: 3, Chunks in use: 3. 40.62MiB allocated for chunks. 40.62MiB in use in bin. 35.62MiB client-requested in use in bin.
2025-06-14 20:58:27.809145: I external/local_tsl/tsl/framework/bfc_allocator.cc:1046] Bin (16777216): 	Total Chunks: 5, Chunks in use: 4. 140.19MiB allocated for chunks. 115.50MiB in use in bin. 115.50MiB client-requested in use in bin.
2025-06-14 20:58:27.809531: I external/local_tsl/tsl/framework/bfc_allocator.cc:1046] Bin (33554432): 	Total Chunks: 2, Chunks in use: 2. 115.50MiB allocated for chunks. 115.50MiB in use in bin. 115.50MiB client-requested in use in bin.
2025-06-14 20:58:27.809942: I external/local_tsl/tsl/framework/bfc_allocator.cc:1046] Bin (67108864): 	Total Chunks: 8, Chunks in use: 8. 874.50MiB allocated for chunks. 874.50MiB in use in bin. 808.50MiB client-requested in use in bin.
2025-06-14 20:58:27.810352: I external/local_tsl/tsl/framework/bfc_allocator.cc:1046] Bin (134217728): 	Total Chunks: 5, Chunks in use: 5. 1.07GiB allocated for chunks. 1.07GiB in use in bin. 924.00MiB client-requested in use in bin.
2025-06-14 20:58:27.810776: I external/local_tsl/tsl/framework/bfc_allocator.cc:1046] Bin (268435456): 	Total Chunks: 18, Chunks in use: 15. 19.69GiB allocated for chunks. 15.34GiB in use in bin. 15.34GiB client-requested in use in bin.
2025-06-14 20:58:27.811144: I external/local_tsl/tsl/framework/bfc_allocator.cc:1062] Bin for 3.61GiB was 256.00MiB, Chunk State: 
2025-06-14 20:58:27.811511: I external/local_tsl/tsl/framework/bfc_allocator.cc:1068]   Size: 453.50MiB | Requested Size: 16.00MiB | in_use: 0 | bin_num: 20, prev:   Size: 462.00MiB | Requested Size: 462.00MiB | in_use: 1 | bin_num: -1
2025-06-14 20:58:27.811885: I external/local_tsl/tsl/framework/bfc_allocator.cc:1068]   Size: 1.80GiB | Requested Size: 1.80GiB | in_use: 0 | bin_num: 20, next:   Size: 1.80GiB | Requested Size: 1.80GiB | in_use: 1 | bin_num: -1
2025-06-14 20:58:27.812272: I external/local_tsl/tsl/framework/bfc_allocator.cc:1068]   Size: 2.10GiB | Requested Size: 1.82GiB | in_use: 0 | bin_num: 20, prev:   Size: 1.80GiB | Requested Size: 1.80GiB | in_use: 1 | bin_num: -1
2025-06-14 20:58:27.812665: I external/local_tsl/tsl/framework/bfc_allocator.cc:1075] Next region of size 6129582080
2025-06-14 20:58:27.813126: I external/local_tsl/tsl/framework/bfc_allocator.cc:1095] Free  at 7fe992000000 of size 1937768448 next 107
2025-06-14 20:58:27.813500: I external/local_tsl/tsl/framework/bfc_allocator.cc:1095] InUse at 7fea05800000 of size 1937768448 next 329
2025-06-14 20:58:27.813870: I external/local_tsl/tsl/framework/bfc_allocator.cc:1095] Free  at 7fea79000000 of size 2254045184 next 18446744073709551615
2025-06-14 20:58:27.814283: I external/local_tsl/tsl/framework/bfc_allocator.cc:1075] Next region of size 8589934592
2025-06-14 20:58:27.814805: I external/local_tsl/tsl/framework/bfc_allocator.cc:1095] InUse at 7feb2a000000 of size 1937768448 next 282
2025-06-14 20:58:27.815255: I external/local_tsl/tsl/framework/bfc_allocator.cc:1095] InUse at 7feb9d800000 of size 242221056 next 283
2025-06-14 20:58:27.815695: I external/local_tsl/tsl/framework/bfc_allocator.cc:1095] InUse at 7febabf00000 of size 484442112 next 284
2025-06-14 20:58:27.816066: I external/local_tsl/tsl/framework/bfc_allocator.cc:1095] InUse at 7febc8d00000 of size 484442112 next 285
2025-06-14 20:58:27.816444: I external/local_tsl/tsl/framework/bfc_allocator.cc:1095] InUse at 7febe5b00000 of size 484442112 next 29
2025-06-14 20:58:27.816827: I external/local_tsl/tsl/framework/bfc_allocator.cc:1095] InUse at 7fec02900000 of size 484442112 next 289
2025-06-14 20:58:27.817165: I external/local_tsl/tsl/framework/bfc_allocator.cc:1095] InUse at 7fec1f700000 of size 484442112 next 293
2025-06-14 20:58:27.817522: I external/local_tsl/tsl/framework/bfc_allocator.cc:1095] InUse at 7fec3c500000 of size 121110528 next 47
2025-06-14 20:58:27.817898: I external/local_tsl/tsl/framework/bfc_allocator.cc:1095] InUse at 7fec43880000 of size 121110528 next 296
2025-06-14 20:58:27.818289: I external/local_tsl/tsl/framework/bfc_allocator.cc:1095] InUse at 7fec4ac00000 of size 121110528 next 300
2025-06-14 20:58:27.818708: I external/local_tsl/tsl/framework/bfc_allocator.cc:1095] InUse at 7fec51f80000 of size 30277632 next 302
2025-06-14 20:58:27.819078: I external/local_tsl/tsl/framework/bfc_allocator.cc:1095] InUse at 7fec53c60000 of size 30277632 next 303
2025-06-14 20:58:27.819470: I external/local_tsl/tsl/framework/bfc_allocator.cc:1095] InUse at 7fec55940000 of size 30277632 next 66
2025-06-14 20:58:27.819840: I external/local_tsl/tsl/framework/bfc_allocator.cc:1095] InUse at 7fec57620000 of size 30277632 next 307
2025-06-14 20:58:27.820262: I external/local_tsl/tsl/framework/bfc_allocator.cc:1095] InUse at 7fec59300000 of size 121110528 next 76
2025-06-14 20:58:27.820674: I external/local_tsl/tsl/framework/bfc_allocator.cc:1095] InUse at 7fec60680000 of size 121110528 next 312
2025-06-14 20:58:27.821046: I external/local_tsl/tsl/framework/bfc_allocator.cc:1095] InUse at 7fec67a00000 of size 242221056 next 311
2025-06-14 20:58:27.821458: I external/local_tsl/tsl/framework/bfc_allocator.cc:1095] InUse at 7fec76100000 of size 121110528 next 85
2025-06-14 20:58:27.821927: I external/local_tsl/tsl/framework/bfc_allocator.cc:1095] InUse at 7fec7d480000 of size 484442112 next 325
2025-06-14 20:58:27.822312: I external/local_tsl/tsl/framework/bfc_allocator.cc:1095] InUse at 7fec9a280000 of size 484442112 next 320
2025-06-14 20:58:27.822717: I external/local_tsl/tsl/framework/bfc_allocator.cc:1095] InUse at 7fecb7080000 of size 968884224 next 319
2025-06-14 20:58:27.823147: I external/local_tsl/tsl/framework/bfc_allocator.cc:1095] InUse at 7fecf0c80000 of size 484442112 next 91
2025-06-14 20:58:27.823580: I external/local_tsl/tsl/framework/bfc_allocator.cc:1095] Free  at 7fed0da80000 of size 475529216 next 18446744073709551615
2025-06-14 20:58:27.824019: I external/local_tsl/tsl/framework/bfc_allocator.cc:1075] Next region of size 4294967296
2025-06-14 20:58:27.824517: I external/local_tsl/tsl/framework/bfc_allocator.cc:1095] InUse at 7fed46000000 of size 1937768448 next 11
2025-06-14 20:58:27.824948: I external/local_tsl/tsl/framework/bfc_allocator.cc:1095] InUse at 7fedb9800000 of size 1937768448 next 277
2025-06-14 20:58:27.825367: I external/local_tsl/tsl/framework/bfc_allocator.cc:1095] InUse at 7fee2d000000 of size 242221056 next 20
2025-06-14 20:58:27.825776: I external/local_tsl/tsl/framework/bfc_allocator.cc:1095] InUse at 7fee3b700000 of size 60555264 next 38
2025-06-14 20:58:27.826160: I external/local_tsl/tsl/framework/bfc_allocator.cc:1095] InUse at 7fee3f0c0000 of size 116654080 next 18446744073709551615
2025-06-14 20:58:27.826605: I external/local_tsl/tsl/framework/bfc_allocator.cc:1075] Next region of size 2147483648
2025-06-14 20:58:27.827151: I external/local_tsl/tsl/framework/bfc_allocator.cc:1095] InUse at 7fee72000000 of size 1937768448 next 272
2025-06-14 20:58:27.827582: I external/local_tsl/tsl/framework/bfc_allocator.cc:1095] InUse at 7feee5800000 of size 209715200 next 18446744073709551615
2025-06-14 20:58:27.828004: I external/local_tsl/tsl/framework/bfc_allocator.cc:1075] Next region of size 2147483648
2025-06-14 20:58:27.828525: I external/local_tsl/tsl/framework/bfc_allocator.cc:1095] InUse at 7feefc000000 of size 1937768448 next 267
2025-06-14 20:58:27.828957: I external/local_tsl/tsl/framework/bfc_allocator.cc:1095] InUse at 7fef6f800000 of size 209715200 next 18446744073709551615
2025-06-14 20:58:27.829368: I external/local_tsl/tsl/framework/bfc_allocator.cc:1075] Next region of size 134217728
2025-06-14 20:58:27.829922: I external/local_tsl/tsl/framework/bfc_allocator.cc:1095] InUse at 7ff00e000000 of size 60555264 next 264
2025-06-14 20:58:27.830374: I external/local_tsl/tsl/framework/bfc_allocator.cc:1095] InUse at 7ff0119c0000 of size 73662464 next 18446744073709551615
2025-06-14 20:58:27.830816: I external/local_tsl/tsl/framework/bfc_allocator.cc:1075] Next region of size 67108864
2025-06-14 20:58:27.831320: I external/local_tsl/tsl/framework/bfc_allocator.cc:1095] InUse at 7ff016000000 of size 3538944 next 198
2025-06-14 20:58:27.831780: I external/local_tsl/tsl/framework/bfc_allocator.cc:1095] InUse at 7ff016360000 of size 1769472 next 205
2025-06-14 20:58:27.832219: I external/local_tsl/tsl/framework/bfc_allocator.cc:1095] InUse at 7ff016510000 of size 1769472 next 206
2025-06-14 20:58:27.832691: I external/local_tsl/tsl/framework/bfc_allocator.cc:1095] InUse at 7ff0166c0000 of size 262144 next 213
2025-06-14 20:58:27.833096: I external/local_tsl/tsl/framework/bfc_allocator.cc:1095] InUse at 7ff016700000 of size 262144 next 214
2025-06-14 20:58:27.833510: I external/local_tsl/tsl/framework/bfc_allocator.cc:1095] InUse at 7ff016740000 of size 884736 next 217
2025-06-14 20:58:27.833913: I external/local_tsl/tsl/framework/bfc_allocator.cc:1095] InUse at 7ff016818000 of size 884736 next 218
2025-06-14 20:58:27.834358: I external/local_tsl/tsl/framework/bfc_allocator.cc:1095] InUse at 7ff0168f0000 of size 442368 next 225
2025-06-14 20:58:27.834826: I external/local_tsl/tsl/framework/bfc_allocator.cc:1095] InUse at 7ff01695c000 of size 442368 next 226
2025-06-14 20:58:27.835298: I external/local_tsl/tsl/framework/bfc_allocator.cc:1095] InUse at 7ff0169c8000 of size 256 next 234
2025-06-14 20:58:27.835888: I external/local_tsl/tsl/framework/bfc_allocator.cc:1095] InUse at 7ff0169c8100 of size 256 next 235
2025-06-14 20:58:27.836382: I external/local_tsl/tsl/framework/bfc_allocator.cc:1095] InUse at 7ff0169c8200 of size 221184 next 236
2025-06-14 20:58:27.836822: I external/local_tsl/tsl/framework/bfc_allocator.cc:1095] InUse at 7ff0169fe200 of size 221184 next 237
2025-06-14 20:58:27.837268: I external/local_tsl/tsl/framework/bfc_allocator.cc:1095] InUse at 7ff016a34200 of size 256 next 238
2025-06-14 20:58:27.837784: I external/local_tsl/tsl/framework/bfc_allocator.cc:1095] InUse at 7ff016a34300 of size 256 next 239
2025-06-14 20:58:27.838242: I external/local_tsl/tsl/framework/bfc_allocator.cc:1095] InUse at 7ff016a34400 of size 256 next 240
2025-06-14 20:58:27.838703: I external/local_tsl/tsl/framework/bfc_allocator.cc:1095] InUse at 7ff016a34500 of size 256 next 241
2025-06-14 20:58:27.839158: I external/local_tsl/tsl/framework/bfc_allocator.cc:1095] InUse at 7ff016a34600 of size 256 next 242
2025-06-14 20:58:27.839622: I external/local_tsl/tsl/framework/bfc_allocator.cc:1095] InUse at 7ff016a34700 of size 256 next 243
2025-06-14 20:58:27.840064: I external/local_tsl/tsl/framework/bfc_allocator.cc:1095] InUse at 7ff016a34800 of size 110592 next 244
2025-06-14 20:58:27.840464: I external/local_tsl/tsl/framework/bfc_allocator.cc:1095] InUse at 7ff016a4f800 of size 110592 next 245
2025-06-14 20:58:27.840868: I external/local_tsl/tsl/framework/bfc_allocator.cc:1095] InUse at 7ff016a6a800 of size 256 next 246
2025-06-14 20:58:27.841338: I external/local_tsl/tsl/framework/bfc_allocator.cc:1095] InUse at 7ff016a6a900 of size 256 next 247
2025-06-14 20:58:27.841810: I external/local_tsl/tsl/framework/bfc_allocator.cc:1095] InUse at 7ff016a6aa00 of size 256 next 248
2025-06-14 20:58:27.842254: I external/local_tsl/tsl/framework/bfc_allocator.cc:1095] InUse at 7ff016a6ab00 of size 256 next 249
2025-06-14 20:58:27.842704: I external/local_tsl/tsl/framework/bfc_allocator.cc:1095] InUse at 7ff016a6ac00 of size 256 next 250
2025-06-14 20:58:27.843183: I external/local_tsl/tsl/framework/bfc_allocator.cc:1095] InUse at 7ff016a6ad00 of size 256 next 251
2025-06-14 20:58:27.843671: I external/local_tsl/tsl/framework/bfc_allocator.cc:1095] InUse at 7ff016a6ae00 of size 256 next 252
2025-06-14 20:58:27.844131: I external/local_tsl/tsl/framework/bfc_allocator.cc:1095] InUse at 7ff016a6af00 of size 256 next 253
2025-06-14 20:58:27.844589: I external/local_tsl/tsl/framework/bfc_allocator.cc:1095] InUse at 7ff016a6b000 of size 256 next 254
2025-06-14 20:58:27.845053: I external/local_tsl/tsl/framework/bfc_allocator.cc:1095] InUse at 7ff016a6b100 of size 256 next 255
2025-06-14 20:58:27.845516: I external/local_tsl/tsl/framework/bfc_allocator.cc:1095] InUse at 7ff016a6b200 of size 256 next 256
2025-06-14 20:58:27.845967: I external/local_tsl/tsl/framework/bfc_allocator.cc:1095] InUse at 7ff016a6b300 of size 256 next 257
2025-06-14 20:58:27.846421: I external/local_tsl/tsl/framework/bfc_allocator.cc:1095] InUse at 7ff016a6b400 of size 256 next 258
2025-06-14 20:58:27.846896: I external/local_tsl/tsl/framework/bfc_allocator.cc:1095] InUse at 7ff016a6b500 of size 256 next 259
2025-06-14 20:58:27.847367: I external/local_tsl/tsl/framework/bfc_allocator.cc:1095] InUse at 7ff016a6b600 of size 256 next 260
2025-06-14 20:58:27.847815: I external/local_tsl/tsl/framework/bfc_allocator.cc:1095] InUse at 7ff016a6b700 of size 256 next 261
2025-06-14 20:58:27.848265: I external/local_tsl/tsl/framework/bfc_allocator.cc:1095] InUse at 7ff016a6b800 of size 256 next 262
2025-06-14 20:58:27.848760: I external/local_tsl/tsl/framework/bfc_allocator.cc:1095] InUse at 7ff016a6b900 of size 256 next 263
2025-06-14 20:58:27.849224: I external/local_tsl/tsl/framework/bfc_allocator.cc:1095] InUse at 7ff016a6ba00 of size 256 next 265
2025-06-14 20:58:27.849698: I external/local_tsl/tsl/framework/bfc_allocator.cc:1095] InUse at 7ff016a6bb00 of size 256 next 268
2025-06-14 20:58:27.850150: I external/local_tsl/tsl/framework/bfc_allocator.cc:1095] InUse at 7ff016a6bc00 of size 256 next 274
2025-06-14 20:58:27.850607: I external/local_tsl/tsl/framework/bfc_allocator.cc:1095] InUse at 7ff016a6bd00 of size 256 next 275
2025-06-14 20:58:27.851074: I external/local_tsl/tsl/framework/bfc_allocator.cc:1095] InUse at 7ff016a6be00 of size 256 next 276
2025-06-14 20:58:27.851557: I external/local_tsl/tsl/framework/bfc_allocator.cc:1095] InUse at 7ff016a6bf00 of size 256 next 280
2025-06-14 20:58:27.852072: I external/local_tsl/tsl/framework/bfc_allocator.cc:1095] InUse at 7ff016a6c000 of size 256 next 281
2025-06-14 20:58:27.852539: I external/local_tsl/tsl/framework/bfc_allocator.cc:1095] InUse at 7ff016a6c100 of size 256 next 287
2025-06-14 20:58:27.853036: I external/local_tsl/tsl/framework/bfc_allocator.cc:1095] InUse at 7ff016a6c200 of size 256 next 288
2025-06-14 20:58:27.853546: I external/local_tsl/tsl/framework/bfc_allocator.cc:1095] InUse at 7ff016a6c300 of size 256 next 291
2025-06-14 20:58:27.854058: I external/local_tsl/tsl/framework/bfc_allocator.cc:1095] InUse at 7ff016a6c400 of size 256 next 292
2025-06-14 20:58:27.854553: I external/local_tsl/tsl/framework/bfc_allocator.cc:1095] InUse at 7ff016a6c500 of size 512 next 294
2025-06-14 20:58:27.855050: I external/local_tsl/tsl/framework/bfc_allocator.cc:1095] InUse at 7ff016a6c700 of size 768 next 269
2025-06-14 20:58:27.855556: I external/local_tsl/tsl/framework/bfc_allocator.cc:1095] InUse at 7ff016a6ca00 of size 256 next 270
2025-06-14 20:58:27.856049: I external/local_tsl/tsl/framework/bfc_allocator.cc:1095] InUse at 7ff016a6cb00 of size 512 next 295
2025-06-14 20:58:27.856540: I external/local_tsl/tsl/framework/bfc_allocator.cc:1095] InUse at 7ff016a6cd00 of size 512 next 298
2025-06-14 20:58:27.857064: I external/local_tsl/tsl/framework/bfc_allocator.cc:1095] InUse at 7ff016a6cf00 of size 512 next 299
2025-06-14 20:58:27.857591: I external/local_tsl/tsl/framework/bfc_allocator.cc:1095] InUse at 7ff016a6d100 of size 15138816 next 56
2025-06-14 20:58:27.858015: I external/local_tsl/tsl/framework/bfc_allocator.cc:1095] InUse at 7ff0178dd100 of size 15138816 next 301
2025-06-14 20:58:27.858393: I external/local_tsl/tsl/framework/bfc_allocator.cc:1095] InUse at 7ff01874d100 of size 1024 next 304
2025-06-14 20:58:27.858929: I external/local_tsl/tsl/framework/bfc_allocator.cc:1095] InUse at 7ff01874d500 of size 1024 next 305
2025-06-14 20:58:27.859439: I external/local_tsl/tsl/framework/bfc_allocator.cc:1095] InUse at 7ff01874d900 of size 1024 next 306
2025-06-14 20:58:27.859963: I external/local_tsl/tsl/framework/bfc_allocator.cc:1095] InUse at 7ff01874dd00 of size 1024 next 309
2025-06-14 20:58:27.860462: I external/local_tsl/tsl/framework/bfc_allocator.cc:1095] InUse at 7ff01874e100 of size 1024 next 310
2025-06-14 20:58:27.860930: I external/local_tsl/tsl/framework/bfc_allocator.cc:1095] InUse at 7ff01874e500 of size 512 next 317
2025-06-14 20:58:27.861477: I external/local_tsl/tsl/framework/bfc_allocator.cc:1095] InUse at 7ff01874e700 of size 512 next 318
2025-06-14 20:58:27.861963: I external/local_tsl/tsl/framework/bfc_allocator.cc:1095] InUse at 7ff01874e900 of size 256 next 326
2025-06-14 20:58:27.862449: I external/local_tsl/tsl/framework/bfc_allocator.cc:1095] InUse at 7ff01874ea00 of size 256 next 327
2025-06-14 20:58:27.862960: I external/local_tsl/tsl/framework/bfc_allocator.cc:1095] Free  at 7ff01874eb00 of size 25892096 next 18446744073709551615
2025-06-14 20:58:27.863363: I external/local_tsl/tsl/framework/bfc_allocator.cc:1075] Next region of size 33554432
2025-06-14 20:58:27.863863: I external/local_tsl/tsl/framework/bfc_allocator.cc:1095] InUse at 7ff02e000000 of size 3538944 next 83
2025-06-14 20:58:27.864270: I external/local_tsl/tsl/framework/bfc_allocator.cc:1095] InUse at 7ff02e360000 of size 221184 next 152
2025-06-14 20:58:27.864715: I external/local_tsl/tsl/framework/bfc_allocator.cc:1095] InUse at 7ff02e396000 of size 221184 next 106
2025-06-14 20:58:27.865148: I external/local_tsl/tsl/framework/bfc_allocator.cc:1095] InUse at 7ff02e3cc000 of size 442368 next 100
2025-06-14 20:58:27.865528: I external/local_tsl/tsl/framework/bfc_allocator.cc:1095] InUse at 7ff02e438000 of size 884736 next 90
2025-06-14 20:58:27.865934: I external/local_tsl/tsl/framework/bfc_allocator.cc:1095] InUse at 7ff02e510000 of size 1769472 next 74
2025-06-14 20:58:27.866342: I external/local_tsl/tsl/framework/bfc_allocator.cc:1095] InUse at 7ff02e6c0000 of size 7077888 next 72
2025-06-14 20:58:27.866789: I external/local_tsl/tsl/framework/bfc_allocator.cc:1095] InUse at 7ff02ed80000 of size 7077888 next 187
2025-06-14 20:58:27.867207: I external/local_tsl/tsl/framework/bfc_allocator.cc:1095] InUse at 7ff02f440000 of size 12320768 next 18446744073709551615
2025-06-14 20:58:27.867624: I external/local_tsl/tsl/framework/bfc_allocator.cc:1075] Next region of size 16777216
2025-06-14 20:58:27.868099: I external/local_tsl/tsl/framework/bfc_allocator.cc:1095] InUse at 7ff036000000 of size 1769472 next 173
2025-06-14 20:58:27.868456: I external/local_tsl/tsl/framework/bfc_allocator.cc:1095] InUse at 7ff0361b0000 of size 1769472 next 64
2025-06-14 20:58:27.868821: I external/local_tsl/tsl/framework/bfc_allocator.cc:1095] InUse at 7ff036360000 of size 3538944 next 62
2025-06-14 20:58:27.869172: I external/local_tsl/tsl/framework/bfc_allocator.cc:1095] InUse at 7ff0366c0000 of size 3538944 next 180
2025-06-14 20:58:27.869537: I external/local_tsl/tsl/framework/bfc_allocator.cc:1095] InUse at 7ff036a20000 of size 1048576 next 194
2025-06-14 20:58:27.869904: I external/local_tsl/tsl/framework/bfc_allocator.cc:1095] InUse at 7ff036b20000 of size 1048576 next 195
2025-06-14 20:58:27.870294: I external/local_tsl/tsl/framework/bfc_allocator.cc:1095] InUse at 7ff036c20000 of size 4063232 next 18446744073709551615
2025-06-14 20:58:27.870664: I external/local_tsl/tsl/framework/bfc_allocator.cc:1075] Next region of size 2097152
2025-06-14 20:58:27.871108: I external/local_tsl/tsl/framework/bfc_allocator.cc:1095] InUse at 7ff094e00000 of size 1280 next 1
2025-06-14 20:58:27.871629: I external/local_tsl/tsl/framework/bfc_allocator.cc:1095] InUse at 7ff094e00500 of size 256 next 2
2025-06-14 20:58:27.872133: I external/local_tsl/tsl/framework/bfc_allocator.cc:1095] InUse at 7ff094e00600 of size 256 next 3
2025-06-14 20:58:27.872636: I external/local_tsl/tsl/framework/bfc_allocator.cc:1095] InUse at 7ff094e00700 of size 256 next 5
2025-06-14 20:58:27.873118: I external/local_tsl/tsl/framework/bfc_allocator.cc:1095] InUse at 7ff094e00800 of size 256 next 6
2025-06-14 20:58:27.873585: I external/local_tsl/tsl/framework/bfc_allocator.cc:1095] InUse at 7ff094e00900 of size 256 next 4
2025-06-14 20:58:27.874045: I external/local_tsl/tsl/framework/bfc_allocator.cc:1095] InUse at 7ff094e00a00 of size 256 next 7
2025-06-14 20:58:27.874498: I external/local_tsl/tsl/framework/bfc_allocator.cc:1095] InUse at 7ff094e00b00 of size 256 next 10
2025-06-14 20:58:27.874942: I external/local_tsl/tsl/framework/bfc_allocator.cc:1095] InUse at 7ff094e00c00 of size 256 next 278
2025-06-14 20:58:27.875378: I external/local_tsl/tsl/framework/bfc_allocator.cc:1095] InUse at 7ff094e00d00 of size 256 next 12
2025-06-14 20:58:27.875813: I external/local_tsl/tsl/framework/bfc_allocator.cc:1095] InUse at 7ff094e00e00 of size 256 next 13
2025-06-14 20:58:27.876281: I external/local_tsl/tsl/framework/bfc_allocator.cc:1095] InUse at 7ff094e00f00 of size 256 next 14
2025-06-14 20:58:27.876764: I external/local_tsl/tsl/framework/bfc_allocator.cc:1095] InUse at 7ff094e01000 of size 256 next 17
2025-06-14 20:58:27.877210: I external/local_tsl/tsl/framework/bfc_allocator.cc:1095] InUse at 7ff094e01100 of size 256 next 15
2025-06-14 20:58:27.877682: I external/local_tsl/tsl/framework/bfc_allocator.cc:1095] InUse at 7ff094e01200 of size 256 next 16
2025-06-14 20:58:27.878177: I external/local_tsl/tsl/framework/bfc_allocator.cc:1095] InUse at 7ff094e01300 of size 256 next 286
2025-06-14 20:58:27.878652: I external/local_tsl/tsl/framework/bfc_allocator.cc:1095] InUse at 7ff094e01400 of size 256 next 21
2025-06-14 20:58:27.879103: I external/local_tsl/tsl/framework/bfc_allocator.cc:1095] InUse at 7ff094e01500 of size 256 next 22
2025-06-14 20:58:27.879576: I external/local_tsl/tsl/framework/bfc_allocator.cc:1095] InUse at 7ff094e01600 of size 256 next 23
2025-06-14 20:58:27.880075: I external/local_tsl/tsl/framework/bfc_allocator.cc:1095] InUse at 7ff094e01700 of size 256 next 24
2025-06-14 20:58:27.880591: I external/local_tsl/tsl/framework/bfc_allocator.cc:1095] InUse at 7ff094e01800 of size 256 next 25
2025-06-14 20:58:27.881078: I external/local_tsl/tsl/framework/bfc_allocator.cc:1095] InUse at 7ff094e01900 of size 256 next 28
2025-06-14 20:58:27.881517: I external/local_tsl/tsl/framework/bfc_allocator.cc:1095] InUse at 7ff094e01a00 of size 256 next 290
2025-06-14 20:58:27.881945: I external/local_tsl/tsl/framework/bfc_allocator.cc:1095] InUse at 7ff094e01b00 of size 256 next 30
2025-06-14 20:58:27.882370: I external/local_tsl/tsl/framework/bfc_allocator.cc:1095] InUse at 7ff094e01c00 of size 256 next 31
2025-06-14 20:58:27.882828: I external/local_tsl/tsl/framework/bfc_allocator.cc:1095] InUse at 7ff094e01d00 of size 256 next 32
2025-06-14 20:58:27.883239: I external/local_tsl/tsl/framework/bfc_allocator.cc:1095] InUse at 7ff094e01e00 of size 256 next 35
2025-06-14 20:58:27.883675: I external/local_tsl/tsl/framework/bfc_allocator.cc:1095] InUse at 7ff094e01f00 of size 256 next 33
2025-06-14 20:58:27.884088: I external/local_tsl/tsl/framework/bfc_allocator.cc:1095] InUse at 7ff094e02000 of size 256 next 34
2025-06-14 20:58:27.884556: I external/local_tsl/tsl/framework/bfc_allocator.cc:1095] InUse at 7ff094e02100 of size 512 next 39
2025-06-14 20:58:27.884973: I external/local_tsl/tsl/framework/bfc_allocator.cc:1095] InUse at 7ff094e02300 of size 256 next 40
2025-06-14 20:58:27.885421: I external/local_tsl/tsl/framework/bfc_allocator.cc:1095] InUse at 7ff094e02400 of size 256 next 41
2025-06-14 20:58:27.885871: I external/local_tsl/tsl/framework/bfc_allocator.cc:1095] InUse at 7ff094e02500 of size 256 next 8
2025-06-14 20:58:27.886315: I external/local_tsl/tsl/framework/bfc_allocator.cc:1095] InUse at 7ff094e02600 of size 3584 next 9
2025-06-14 20:58:27.886756: I external/local_tsl/tsl/framework/bfc_allocator.cc:1095] InUse at 7ff094e03400 of size 512 next 42
2025-06-14 20:58:27.887170: I external/local_tsl/tsl/framework/bfc_allocator.cc:1095] InUse at 7ff094e03600 of size 512 next 45
2025-06-14 20:58:27.887643: I external/local_tsl/tsl/framework/bfc_allocator.cc:1095] InUse at 7ff094e03800 of size 512 next 46
2025-06-14 20:58:27.888076: I external/local_tsl/tsl/framework/bfc_allocator.cc:1095] InUse at 7ff094e03a00 of size 512 next 297
2025-06-14 20:58:27.888522: I external/local_tsl/tsl/framework/bfc_allocator.cc:1095] InUse at 7ff094e03c00 of size 512 next 48
2025-06-14 20:58:27.888990: I external/local_tsl/tsl/framework/bfc_allocator.cc:1095] InUse at 7ff094e03e00 of size 256 next 49
2025-06-14 20:58:27.889431: I external/local_tsl/tsl/framework/bfc_allocator.cc:1095] InUse at 7ff094e03f00 of size 512 next 50
2025-06-14 20:58:27.889879: I external/local_tsl/tsl/framework/bfc_allocator.cc:1095] InUse at 7ff094e04100 of size 512 next 51
2025-06-14 20:58:27.890288: I external/local_tsl/tsl/framework/bfc_allocator.cc:1095] InUse at 7ff094e04300 of size 512 next 55
2025-06-14 20:58:27.890722: I external/local_tsl/tsl/framework/bfc_allocator.cc:1095] InUse at 7ff094e04500 of size 1024 next 57
2025-06-14 20:58:27.891156: I external/local_tsl/tsl/framework/bfc_allocator.cc:1095] InUse at 7ff094e04900 of size 256 next 58
2025-06-14 20:58:27.891611: I external/local_tsl/tsl/framework/bfc_allocator.cc:1095] InUse at 7ff094e04a00 of size 256 next 59
2025-06-14 20:58:27.892034: I external/local_tsl/tsl/framework/bfc_allocator.cc:1095] InUse at 7ff094e04b00 of size 1024 next 60
2025-06-14 20:58:27.892521: I external/local_tsl/tsl/framework/bfc_allocator.cc:1095] InUse at 7ff094e04f00 of size 1024 next 61
2025-06-14 20:58:27.892973: I external/local_tsl/tsl/framework/bfc_allocator.cc:1095] InUse at 7ff094e05300 of size 1024 next 65
2025-06-14 20:58:27.893448: I external/local_tsl/tsl/framework/bfc_allocator.cc:1095] InUse at 7ff094e05700 of size 1024 next 308
2025-06-14 20:58:27.893898: I external/local_tsl/tsl/framework/bfc_allocator.cc:1095] InUse at 7ff094e05b00 of size 1024 next 67
2025-06-14 20:58:27.894321: I external/local_tsl/tsl/framework/bfc_allocator.cc:1095] InUse at 7ff094e05f00 of size 256 next 68
2025-06-14 20:58:27.894767: I external/local_tsl/tsl/framework/bfc_allocator.cc:1095] InUse at 7ff094e06000 of size 256 next 69
2025-06-14 20:58:27.895216: I external/local_tsl/tsl/framework/bfc_allocator.cc:1095] InUse at 7ff094e06100 of size 1024 next 70
2025-06-14 20:58:27.895693: I external/local_tsl/tsl/framework/bfc_allocator.cc:1095] InUse at 7ff094e06500 of size 1024 next 71
2025-06-14 20:58:27.896154: I external/local_tsl/tsl/framework/bfc_allocator.cc:1095] InUse at 7ff094e06900 of size 1024 next 75
2025-06-14 20:58:27.896635: I external/local_tsl/tsl/framework/bfc_allocator.cc:1095] InUse at 7ff094e06d00 of size 512 next 313
2025-06-14 20:58:27.897089: I external/local_tsl/tsl/framework/bfc_allocator.cc:1095] InUse at 7ff094e06f00 of size 512 next 314
2025-06-14 20:58:27.897537: I external/local_tsl/tsl/framework/bfc_allocator.cc:1095] InUse at 7ff094e07100 of size 512 next 315
2025-06-14 20:58:27.897981: I external/local_tsl/tsl/framework/bfc_allocator.cc:1095] InUse at 7ff094e07300 of size 512 next 77
2025-06-14 20:58:27.898441: I external/local_tsl/tsl/framework/bfc_allocator.cc:1095] InUse at 7ff094e07500 of size 256 next 78
2025-06-14 20:58:27.898959: I external/local_tsl/tsl/framework/bfc_allocator.cc:1095] InUse at 7ff094e07600 of size 256 next 79
2025-06-14 20:58:27.899466: I external/local_tsl/tsl/framework/bfc_allocator.cc:1095] InUse at 7ff094e07700 of size 512 next 80
2025-06-14 20:58:27.899964: I external/local_tsl/tsl/framework/bfc_allocator.cc:1095] InUse at 7ff094e07900 of size 512 next 81
2025-06-14 20:58:27.900409: I external/local_tsl/tsl/framework/bfc_allocator.cc:1095] InUse at 7ff094e07b00 of size 512 next 82
2025-06-14 20:58:27.900889: I external/local_tsl/tsl/framework/bfc_allocator.cc:1095] InUse at 7ff094e07d00 of size 512 next 84
2025-06-14 20:58:27.901360: I external/local_tsl/tsl/framework/bfc_allocator.cc:1095] InUse at 7ff094e07f00 of size 512 next 316
2025-06-14 20:58:27.901859: I external/local_tsl/tsl/framework/bfc_allocator.cc:1095] InUse at 7ff094e08100 of size 512 next 86
2025-06-14 20:58:27.902317: I external/local_tsl/tsl/framework/bfc_allocator.cc:1095] InUse at 7ff094e08300 of size 512 next 87
2025-06-14 20:58:27.902760: I external/local_tsl/tsl/framework/bfc_allocator.cc:1095] InUse at 7ff094e08500 of size 512 next 88
2025-06-14 20:58:27.903202: I external/local_tsl/tsl/framework/bfc_allocator.cc:1095] InUse at 7ff094e08700 of size 512 next 89
2025-06-14 20:58:27.903647: I external/local_tsl/tsl/framework/bfc_allocator.cc:1095] InUse at 7ff094e08900 of size 256 next 321
2025-06-14 20:58:27.904101: I external/local_tsl/tsl/framework/bfc_allocator.cc:1095] InUse at 7ff094e08a00 of size 256 next 323
2025-06-14 20:58:27.904559: I external/local_tsl/tsl/framework/bfc_allocator.cc:1095] InUse at 7ff094e08b00 of size 256 next 324
2025-06-14 20:58:27.904997: I external/local_tsl/tsl/framework/bfc_allocator.cc:1095] InUse at 7ff094e08c00 of size 256 next 92
2025-06-14 20:58:27.905473: I external/local_tsl/tsl/framework/bfc_allocator.cc:1095] InUse at 7ff094e08d00 of size 256 next 93
2025-06-14 20:58:27.905965: I external/local_tsl/tsl/framework/bfc_allocator.cc:1095] InUse at 7ff094e08e00 of size 256 next 94
2025-06-14 20:58:27.906434: I external/local_tsl/tsl/framework/bfc_allocator.cc:1095] InUse at 7ff094e08f00 of size 256 next 97
2025-06-14 20:58:27.906882: I external/local_tsl/tsl/framework/bfc_allocator.cc:1095] InUse at 7ff094e09000 of size 256 next 95
2025-06-14 20:58:27.907359: I external/local_tsl/tsl/framework/bfc_allocator.cc:1095] InUse at 7ff094e09100 of size 256 next 96
2025-06-14 20:58:27.907826: I external/local_tsl/tsl/framework/bfc_allocator.cc:1095] InUse at 7ff094e09200 of size 256 next 98
2025-06-14 20:58:27.908305: I external/local_tsl/tsl/framework/bfc_allocator.cc:1095] InUse at 7ff094e09300 of size 256 next 101
2025-06-14 20:58:27.908791: I external/local_tsl/tsl/framework/bfc_allocator.cc:1095] InUse at 7ff094e09400 of size 256 next 102
2025-06-14 20:58:27.909258: I external/local_tsl/tsl/framework/bfc_allocator.cc:1095] InUse at 7ff094e09500 of size 256 next 103
2025-06-14 20:58:27.909732: I external/local_tsl/tsl/framework/bfc_allocator.cc:1095] InUse at 7ff094e09600 of size 256 next 104
2025-06-14 20:58:27.910170: I external/local_tsl/tsl/framework/bfc_allocator.cc:1095] InUse at 7ff094e09700 of size 256 next 105
2025-06-14 20:58:27.910639: I external/local_tsl/tsl/framework/bfc_allocator.cc:1095] Free  at 7ff094e09800 of size 512 next 108
2025-06-14 20:58:27.911080: I external/local_tsl/tsl/framework/bfc_allocator.cc:1095] InUse at 7ff094e09a00 of size 256 next 109
2025-06-14 20:58:27.911555: I external/local_tsl/tsl/framework/bfc_allocator.cc:1095] InUse at 7ff094e09b00 of size 256 next 110
2025-06-14 20:58:27.911982: I external/local_tsl/tsl/framework/bfc_allocator.cc:1095] InUse at 7ff094e09c00 of size 256 next 146
2025-06-14 20:58:27.912435: I external/local_tsl/tsl/framework/bfc_allocator.cc:1095] InUse at 7ff094e09d00 of size 256 next 147
2025-06-14 20:58:27.912953: I external/local_tsl/tsl/framework/bfc_allocator.cc:1095] InUse at 7ff094e09e00 of size 256 next 148
2025-06-14 20:58:27.913509: I external/local_tsl/tsl/framework/bfc_allocator.cc:1095] InUse at 7ff094e09f00 of size 256 next 149
2025-06-14 20:58:27.913981: I external/local_tsl/tsl/framework/bfc_allocator.cc:1095] InUse at 7ff094e0a000 of size 256 next 150
2025-06-14 20:58:27.914433: I external/local_tsl/tsl/framework/bfc_allocator.cc:1095] InUse at 7ff094e0a100 of size 256 next 151
2025-06-14 20:58:27.914885: I external/local_tsl/tsl/framework/bfc_allocator.cc:1095] InUse at 7ff094e0a200 of size 256 next 153
2025-06-14 20:58:27.915355: I external/local_tsl/tsl/framework/bfc_allocator.cc:1095] InUse at 7ff094e0a300 of size 256 next 154
2025-06-14 20:58:27.915834: I external/local_tsl/tsl/framework/bfc_allocator.cc:1095] InUse at 7ff094e0a400 of size 256 next 155
2025-06-14 20:58:27.916283: I external/local_tsl/tsl/framework/bfc_allocator.cc:1095] InUse at 7ff094e0a500 of size 256 next 156
2025-06-14 20:58:27.916742: I external/local_tsl/tsl/framework/bfc_allocator.cc:1095] InUse at 7ff094e0a600 of size 256 next 157
2025-06-14 20:58:27.917222: I external/local_tsl/tsl/framework/bfc_allocator.cc:1095] InUse at 7ff094e0a700 of size 256 next 158
2025-06-14 20:58:27.917678: I external/local_tsl/tsl/framework/bfc_allocator.cc:1095] InUse at 7ff094e0a800 of size 256 next 160
2025-06-14 20:58:27.918206: I external/local_tsl/tsl/framework/bfc_allocator.cc:1095] InUse at 7ff094e0a900 of size 256 next 161
2025-06-14 20:58:27.918731: I external/local_tsl/tsl/framework/bfc_allocator.cc:1095] InUse at 7ff094e0aa00 of size 256 next 162
2025-06-14 20:58:27.919275: I external/local_tsl/tsl/framework/bfc_allocator.cc:1095] InUse at 7ff094e0ab00 of size 256 next 163
2025-06-14 20:58:27.919744: I external/local_tsl/tsl/framework/bfc_allocator.cc:1095] InUse at 7ff094e0ac00 of size 256 next 164
2025-06-14 20:58:27.920191: I external/local_tsl/tsl/framework/bfc_allocator.cc:1095] InUse at 7ff094e0ad00 of size 256 next 165
2025-06-14 20:58:27.920648: I external/local_tsl/tsl/framework/bfc_allocator.cc:1095] InUse at 7ff094e0ae00 of size 512 next 167
2025-06-14 20:58:27.921106: I external/local_tsl/tsl/framework/bfc_allocator.cc:1095] InUse at 7ff094e0b000 of size 512 next 168
2025-06-14 20:58:27.921563: I external/local_tsl/tsl/framework/bfc_allocator.cc:1095] InUse at 7ff094e0b200 of size 512 next 169
2025-06-14 20:58:27.922002: I external/local_tsl/tsl/framework/bfc_allocator.cc:1095] InUse at 7ff094e0b400 of size 512 next 170
2025-06-14 20:58:27.922467: I external/local_tsl/tsl/framework/bfc_allocator.cc:1095] InUse at 7ff094e0b600 of size 512 next 171
2025-06-14 20:58:27.922932: I external/local_tsl/tsl/framework/bfc_allocator.cc:1095] InUse at 7ff094e0b800 of size 512 next 172
2025-06-14 20:58:27.923398: I external/local_tsl/tsl/framework/bfc_allocator.cc:1095] InUse at 7ff094e0ba00 of size 512 next 174
2025-06-14 20:58:27.923863: I external/local_tsl/tsl/framework/bfc_allocator.cc:1095] InUse at 7ff094e0bc00 of size 512 next 175
2025-06-14 20:58:27.924323: I external/local_tsl/tsl/framework/bfc_allocator.cc:1095] InUse at 7ff094e0be00 of size 512 next 176
2025-06-14 20:58:27.924773: I external/local_tsl/tsl/framework/bfc_allocator.cc:1095] InUse at 7ff094e0c000 of size 512 next 177
2025-06-14 20:58:27.925228: I external/local_tsl/tsl/framework/bfc_allocator.cc:1095] InUse at 7ff094e0c200 of size 512 next 178
2025-06-14 20:58:27.925689: I external/local_tsl/tsl/framework/bfc_allocator.cc:1095] InUse at 7ff094e0c400 of size 512 next 179
2025-06-14 20:58:27.926146: I external/local_tsl/tsl/framework/bfc_allocator.cc:1095] InUse at 7ff094e0c600 of size 1024 next 181
2025-06-14 20:58:27.926621: I external/local_tsl/tsl/framework/bfc_allocator.cc:1095] InUse at 7ff094e0ca00 of size 1024 next 182
2025-06-14 20:58:27.927069: I external/local_tsl/tsl/framework/bfc_allocator.cc:1095] InUse at 7ff094e0ce00 of size 1024 next 183
2025-06-14 20:58:27.927519: I external/local_tsl/tsl/framework/bfc_allocator.cc:1095] InUse at 7ff094e0d200 of size 1024 next 184
2025-06-14 20:58:27.927967: I external/local_tsl/tsl/framework/bfc_allocator.cc:1095] InUse at 7ff094e0d600 of size 1024 next 185
2025-06-14 20:58:27.928430: I external/local_tsl/tsl/framework/bfc_allocator.cc:1095] InUse at 7ff094e0da00 of size 1024 next 186
2025-06-14 20:58:27.928882: I external/local_tsl/tsl/framework/bfc_allocator.cc:1095] InUse at 7ff094e0de00 of size 1024 next 188
2025-06-14 20:58:27.929342: I external/local_tsl/tsl/framework/bfc_allocator.cc:1095] InUse at 7ff094e0e200 of size 1024 next 189
2025-06-14 20:58:27.929814: I external/local_tsl/tsl/framework/bfc_allocator.cc:1095] InUse at 7ff094e0e600 of size 1024 next 190
2025-06-14 20:58:27.930259: I external/local_tsl/tsl/framework/bfc_allocator.cc:1095] InUse at 7ff094e0ea00 of size 1024 next 191
2025-06-14 20:58:27.930711: I external/local_tsl/tsl/framework/bfc_allocator.cc:1095] InUse at 7ff094e0ee00 of size 1024 next 192
2025-06-14 20:58:27.931180: I external/local_tsl/tsl/framework/bfc_allocator.cc:1095] InUse at 7ff094e0f200 of size 1024 next 193
2025-06-14 20:58:27.931664: I external/local_tsl/tsl/framework/bfc_allocator.cc:1095] InUse at 7ff094e0f600 of size 512 next 196
2025-06-14 20:58:27.932148: I external/local_tsl/tsl/framework/bfc_allocator.cc:1095] InUse at 7ff094e0f800 of size 512 next 197
2025-06-14 20:58:27.932596: I external/local_tsl/tsl/framework/bfc_allocator.cc:1095] InUse at 7ff094e0fa00 of size 512 next 199
2025-06-14 20:58:27.933120: I external/local_tsl/tsl/framework/bfc_allocator.cc:1095] InUse at 7ff094e0fc00 of size 512 next 200
2025-06-14 20:58:27.933626: I external/local_tsl/tsl/framework/bfc_allocator.cc:1095] InUse at 7ff094e0fe00 of size 512 next 201
2025-06-14 20:58:27.934054: I external/local_tsl/tsl/framework/bfc_allocator.cc:1095] InUse at 7ff094e10000 of size 512 next 202
2025-06-14 20:58:27.934523: I external/local_tsl/tsl/framework/bfc_allocator.cc:1095] InUse at 7ff094e10200 of size 512 next 203
2025-06-14 20:58:27.934967: I external/local_tsl/tsl/framework/bfc_allocator.cc:1095] InUse at 7ff094e10400 of size 512 next 204
2025-06-14 20:58:27.935445: I external/local_tsl/tsl/framework/bfc_allocator.cc:1095] InUse at 7ff094e10600 of size 512 next 207
2025-06-14 20:58:27.935920: I external/local_tsl/tsl/framework/bfc_allocator.cc:1095] InUse at 7ff094e10800 of size 512 next 208
2025-06-14 20:58:27.936385: I external/local_tsl/tsl/framework/bfc_allocator.cc:1095] InUse at 7ff094e10a00 of size 512 next 209
2025-06-14 20:58:27.936851: I external/local_tsl/tsl/framework/bfc_allocator.cc:1095] InUse at 7ff094e10c00 of size 512 next 210
2025-06-14 20:58:27.937356: I external/local_tsl/tsl/framework/bfc_allocator.cc:1095] InUse at 7ff094e10e00 of size 512 next 211
2025-06-14 20:58:27.937902: I external/local_tsl/tsl/framework/bfc_allocator.cc:1095] InUse at 7ff094e11000 of size 512 next 212
2025-06-14 20:58:27.938401: I external/local_tsl/tsl/framework/bfc_allocator.cc:1095] InUse at 7ff094e11200 of size 256 next 215
2025-06-14 20:58:27.938868: I external/local_tsl/tsl/framework/bfc_allocator.cc:1095] InUse at 7ff094e11300 of size 256 next 216
2025-06-14 20:58:27.939325: I external/local_tsl/tsl/framework/bfc_allocator.cc:1095] InUse at 7ff094e11400 of size 256 next 219
2025-06-14 20:58:27.939785: I external/local_tsl/tsl/framework/bfc_allocator.cc:1095] InUse at 7ff094e11500 of size 256 next 220
2025-06-14 20:58:27.940240: I external/local_tsl/tsl/framework/bfc_allocator.cc:1095] InUse at 7ff094e11600 of size 256 next 221
2025-06-14 20:58:27.940711: I external/local_tsl/tsl/framework/bfc_allocator.cc:1095] InUse at 7ff094e11700 of size 256 next 222
2025-06-14 20:58:27.941152: I external/local_tsl/tsl/framework/bfc_allocator.cc:1095] InUse at 7ff094e11800 of size 256 next 223
2025-06-14 20:58:27.941601: I external/local_tsl/tsl/framework/bfc_allocator.cc:1095] InUse at 7ff094e11900 of size 256 next 224
2025-06-14 20:58:27.942061: I external/local_tsl/tsl/framework/bfc_allocator.cc:1095] InUse at 7ff094e11a00 of size 256 next 227
2025-06-14 20:58:27.942512: I external/local_tsl/tsl/framework/bfc_allocator.cc:1095] InUse at 7ff094e11b00 of size 256 next 228
2025-06-14 20:58:27.942954: I external/local_tsl/tsl/framework/bfc_allocator.cc:1095] InUse at 7ff094e11c00 of size 256 next 229
2025-06-14 20:58:27.943394: I external/local_tsl/tsl/framework/bfc_allocator.cc:1095] InUse at 7ff094e11d00 of size 256 next 230
2025-06-14 20:58:27.943854: I external/local_tsl/tsl/framework/bfc_allocator.cc:1095] InUse at 7ff094e11e00 of size 256 next 231
2025-06-14 20:58:27.944321: I external/local_tsl/tsl/framework/bfc_allocator.cc:1095] InUse at 7ff094e11f00 of size 256 next 232
2025-06-14 20:58:27.944776: I external/local_tsl/tsl/framework/bfc_allocator.cc:1095] InUse at 7ff094e12000 of size 65536 next 233
2025-06-14 20:58:27.945191: I external/local_tsl/tsl/framework/bfc_allocator.cc:1095] InUse at 7ff094e22000 of size 95232 next 19
2025-06-14 20:58:27.945629: I external/local_tsl/tsl/framework/bfc_allocator.cc:1095] InUse at 7ff094e39400 of size 110592 next 18
2025-06-14 20:58:27.946026: I external/local_tsl/tsl/framework/bfc_allocator.cc:1095] InUse at 7ff094e54400 of size 65536 next 115
2025-06-14 20:58:27.946388: I external/local_tsl/tsl/framework/bfc_allocator.cc:1095] InUse at 7ff094e64400 of size 256 next 112
2025-06-14 20:58:27.946843: I external/local_tsl/tsl/framework/bfc_allocator.cc:1095] InUse at 7ff094e64500 of size 256 next 114
2025-06-14 20:58:27.947314: I external/local_tsl/tsl/framework/bfc_allocator.cc:1095] InUse at 7ff094e64600 of size 256 next 113
2025-06-14 20:58:27.947812: I external/local_tsl/tsl/framework/bfc_allocator.cc:1095] InUse at 7ff094e64700 of size 256 next 111
2025-06-14 20:58:27.948260: I external/local_tsl/tsl/framework/bfc_allocator.cc:1095] InUse at 7ff094e64800 of size 256 next 117
2025-06-14 20:58:27.948749: I external/local_tsl/tsl/framework/bfc_allocator.cc:1095] InUse at 7ff094e64900 of size 256 next 118
2025-06-14 20:58:27.949203: I external/local_tsl/tsl/framework/bfc_allocator.cc:1095] InUse at 7ff094e64a00 of size 256 next 120
2025-06-14 20:58:27.949669: I external/local_tsl/tsl/framework/bfc_allocator.cc:1095] InUse at 7ff094e64b00 of size 256 next 119
2025-06-14 20:58:27.950122: I external/local_tsl/tsl/framework/bfc_allocator.cc:1095] InUse at 7ff094e64c00 of size 256 next 121
2025-06-14 20:58:27.950591: I external/local_tsl/tsl/framework/bfc_allocator.cc:1095] InUse at 7ff094e64d00 of size 256 next 123
2025-06-14 20:58:27.951049: I external/local_tsl/tsl/framework/bfc_allocator.cc:1095] InUse at 7ff094e64e00 of size 256 next 124
2025-06-14 20:58:27.951524: I external/local_tsl/tsl/framework/bfc_allocator.cc:1095] InUse at 7ff094e64f00 of size 256 next 125
2025-06-14 20:58:27.951996: I external/local_tsl/tsl/framework/bfc_allocator.cc:1095] InUse at 7ff094e65000 of size 256 next 126
2025-06-14 20:58:27.952463: I external/local_tsl/tsl/framework/bfc_allocator.cc:1095] InUse at 7ff094e65100 of size 256 next 128
2025-06-14 20:58:27.952924: I external/local_tsl/tsl/framework/bfc_allocator.cc:1095] InUse at 7ff094e65200 of size 256 next 127
2025-06-14 20:58:27.953474: I external/local_tsl/tsl/framework/bfc_allocator.cc:1095] InUse at 7ff094e65300 of size 256 next 129
2025-06-14 20:58:27.953997: I external/local_tsl/tsl/framework/bfc_allocator.cc:1095] InUse at 7ff094e65400 of size 256 next 130
2025-06-14 20:58:27.954541: I external/local_tsl/tsl/framework/bfc_allocator.cc:1095] InUse at 7ff094e65500 of size 256 next 131
2025-06-14 20:58:27.955066: I external/local_tsl/tsl/framework/bfc_allocator.cc:1095] InUse at 7ff094e65600 of size 256 next 132
2025-06-14 20:58:27.955545: I external/local_tsl/tsl/framework/bfc_allocator.cc:1095] InUse at 7ff094e65700 of size 256 next 133
2025-06-14 20:58:27.955994: I external/local_tsl/tsl/framework/bfc_allocator.cc:1095] InUse at 7ff094e65800 of size 256 next 137
2025-06-14 20:58:27.956525: I external/local_tsl/tsl/framework/bfc_allocator.cc:1095] InUse at 7ff094e65900 of size 256 next 136
2025-06-14 20:58:27.957079: I external/local_tsl/tsl/framework/bfc_allocator.cc:1095] InUse at 7ff094e65a00 of size 3584 next 138
2025-06-14 20:58:27.957571: I external/local_tsl/tsl/framework/bfc_allocator.cc:1095] InUse at 7ff094e66800 of size 3584 next 139
2025-06-14 20:58:27.958043: I external/local_tsl/tsl/framework/bfc_allocator.cc:1095] InUse at 7ff094e67600 of size 256 next 140
2025-06-14 20:58:27.958497: I external/local_tsl/tsl/framework/bfc_allocator.cc:1095] InUse at 7ff094e67700 of size 256 next 141
2025-06-14 20:58:27.958969: I external/local_tsl/tsl/framework/bfc_allocator.cc:1095] InUse at 7ff094e67800 of size 256 next 142
2025-06-14 20:58:27.959426: I external/local_tsl/tsl/framework/bfc_allocator.cc:1095] InUse at 7ff094e67900 of size 256 next 143
2025-06-14 20:58:27.959894: I external/local_tsl/tsl/framework/bfc_allocator.cc:1095] InUse at 7ff094e67a00 of size 256 next 144
2025-06-14 20:58:27.960327: I external/local_tsl/tsl/framework/bfc_allocator.cc:1095] InUse at 7ff094e67b00 of size 256 next 145
2025-06-14 20:58:27.960778: I external/local_tsl/tsl/framework/bfc_allocator.cc:1095] InUse at 7ff094e67c00 of size 141312 next 27
2025-06-14 20:58:27.961163: I external/local_tsl/tsl/framework/bfc_allocator.cc:1095] InUse at 7ff094e8a400 of size 221184 next 26
2025-06-14 20:58:27.961577: I external/local_tsl/tsl/framework/bfc_allocator.cc:1095] InUse at 7ff094ec0400 of size 442368 next 159
2025-06-14 20:58:27.961969: I external/local_tsl/tsl/framework/bfc_allocator.cc:1095] InUse at 7ff094f2c400 of size 867328 next 18446744073709551615
2025-06-14 20:58:27.962357: I external/local_tsl/tsl/framework/bfc_allocator.cc:1075] Next region of size 4194304
2025-06-14 20:58:27.962796: I external/local_tsl/tsl/framework/bfc_allocator.cc:1095] InUse at 7ff095400000 of size 442368 next 37
2025-06-14 20:58:27.963146: I external/local_tsl/tsl/framework/bfc_allocator.cc:1095] InUse at 7ff09546c000 of size 221184 next 116
2025-06-14 20:58:27.963523: I external/local_tsl/tsl/framework/bfc_allocator.cc:1095] InUse at 7ff0954a2000 of size 110592 next 122
2025-06-14 20:58:27.963888: I external/local_tsl/tsl/framework/bfc_allocator.cc:1095] InUse at 7ff0954bd000 of size 192512 next 99
2025-06-14 20:58:27.964221: I external/local_tsl/tsl/framework/bfc_allocator.cc:1095] InUse at 7ff0954ec000 of size 360448 next 44
2025-06-14 20:58:27.964615: I external/local_tsl/tsl/framework/bfc_allocator.cc:1095] InUse at 7ff095544000 of size 884736 next 43
2025-06-14 20:58:27.965005: I external/local_tsl/tsl/framework/bfc_allocator.cc:1095] InUse at 7ff09561c000 of size 1982464 next 18446744073709551615
2025-06-14 20:58:27.965386: I external/local_tsl/tsl/framework/bfc_allocator.cc:1075] Next region of size 8388608
2025-06-14 20:58:27.965862: I external/local_tsl/tsl/framework/bfc_allocator.cc:1095] InUse at 7ff095800000 of size 884736 next 166
2025-06-14 20:58:27.966250: I external/local_tsl/tsl/framework/bfc_allocator.cc:1095] InUse at 7ff0958d8000 of size 884736 next 54
2025-06-14 20:58:27.966665: I external/local_tsl/tsl/framework/bfc_allocator.cc:1095] InUse at 7ff0959b0000 of size 1769472 next 52
2025-06-14 20:58:27.967025: I external/local_tsl/tsl/framework/bfc_allocator.cc:1095] InUse at 7ff095b60000 of size 4849664 next 18446744073709551615
2025-06-14 20:58:27.967398: I external/local_tsl/tsl/framework/bfc_allocator.cc:1100]      Summary of in-use Chunks by size: 
2025-06-14 20:58:27.967849: I external/local_tsl/tsl/framework/bfc_allocator.cc:1103] 155 Chunks of size 256 totalling 38.8KiB
2025-06-14 20:58:27.968304: I external/local_tsl/tsl/framework/bfc_allocator.cc:1103] 54 Chunks of size 512 totalling 27.0KiB
2025-06-14 20:58:27.968768: I external/local_tsl/tsl/framework/bfc_allocator.cc:1103] 1 Chunks of size 768 totalling 768B
2025-06-14 20:58:27.969219: I external/local_tsl/tsl/framework/bfc_allocator.cc:1103] 26 Chunks of size 1024 totalling 26.0KiB
2025-06-14 20:58:27.969681: I external/local_tsl/tsl/framework/bfc_allocator.cc:1103] 1 Chunks of size 1280 totalling 1.2KiB
2025-06-14 20:58:27.970129: I external/local_tsl/tsl/framework/bfc_allocator.cc:1103] 3 Chunks of size 3584 totalling 10.5KiB
2025-06-14 20:58:27.970594: I external/local_tsl/tsl/framework/bfc_allocator.cc:1103] 2 Chunks of size 65536 totalling 128.0KiB
2025-06-14 20:58:27.971026: I external/local_tsl/tsl/framework/bfc_allocator.cc:1103] 1 Chunks of size 95232 totalling 93.0KiB
2025-06-14 20:58:27.971479: I external/local_tsl/tsl/framework/bfc_allocator.cc:1103] 4 Chunks of size 110592 totalling 432.0KiB
2025-06-14 20:58:27.971937: I external/local_tsl/tsl/framework/bfc_allocator.cc:1103] 1 Chunks of size 141312 totalling 138.0KiB
2025-06-14 20:58:27.972395: I external/local_tsl/tsl/framework/bfc_allocator.cc:1103] 1 Chunks of size 192512 totalling 188.0KiB
2025-06-14 20:58:27.972845: I external/local_tsl/tsl/framework/bfc_allocator.cc:1103] 6 Chunks of size 221184 totalling 1.27MiB
2025-06-14 20:58:27.973298: I external/local_tsl/tsl/framework/bfc_allocator.cc:1103] 2 Chunks of size 262144 totalling 512.0KiB
2025-06-14 20:58:27.973789: I external/local_tsl/tsl/framework/bfc_allocator.cc:1103] 1 Chunks of size 360448 totalling 352.0KiB
2025-06-14 20:58:27.974257: I external/local_tsl/tsl/framework/bfc_allocator.cc:1103] 5 Chunks of size 442368 totalling 2.11MiB
2025-06-14 20:58:27.974810: I external/local_tsl/tsl/framework/bfc_allocator.cc:1103] 1 Chunks of size 867328 totalling 847.0KiB
2025-06-14 20:58:27.975316: I external/local_tsl/tsl/framework/bfc_allocator.cc:1103] 6 Chunks of size 884736 totalling 5.06MiB
2025-06-14 20:58:27.975841: I external/local_tsl/tsl/framework/bfc_allocator.cc:1103] 2 Chunks of size 1048576 totalling 2.00MiB
2025-06-14 20:58:27.976448: I external/local_tsl/tsl/framework/bfc_allocator.cc:1103] 6 Chunks of size 1769472 totalling 10.12MiB
2025-06-14 20:58:27.976966: I external/local_tsl/tsl/framework/bfc_allocator.cc:1103] 1 Chunks of size 1982464 totalling 1.89MiB
2025-06-14 20:58:27.977451: I external/local_tsl/tsl/framework/bfc_allocator.cc:1103] 4 Chunks of size 3538944 totalling 13.50MiB
2025-06-14 20:58:27.977919: I external/local_tsl/tsl/framework/bfc_allocator.cc:1103] 1 Chunks of size 4063232 totalling 3.88MiB
2025-06-14 20:58:27.978394: I external/local_tsl/tsl/framework/bfc_allocator.cc:1103] 1 Chunks of size 4849664 totalling 4.62MiB
2025-06-14 20:58:27.978861: I external/local_tsl/tsl/framework/bfc_allocator.cc:1103] 2 Chunks of size 7077888 totalling 13.50MiB
2025-06-14 20:58:27.979318: I external/local_tsl/tsl/framework/bfc_allocator.cc:1103] 1 Chunks of size 12320768 totalling 11.75MiB
2025-06-14 20:58:27.979749: I external/local_tsl/tsl/framework/bfc_allocator.cc:1103] 2 Chunks of size 15138816 totalling 28.88MiB
2025-06-14 20:58:27.980168: I external/local_tsl/tsl/framework/bfc_allocator.cc:1103] 4 Chunks of size 30277632 totalling 115.50MiB
2025-06-14 20:58:27.980595: I external/local_tsl/tsl/framework/bfc_allocator.cc:1103] 2 Chunks of size 60555264 totalling 115.50MiB
2025-06-14 20:58:27.981001: I external/local_tsl/tsl/framework/bfc_allocator.cc:1103] 1 Chunks of size 73662464 totalling 70.25MiB
2025-06-14 20:58:27.981378: I external/local_tsl/tsl/framework/bfc_allocator.cc:1103] 1 Chunks of size 116654080 totalling 111.25MiB
2025-06-14 20:58:27.981779: I external/local_tsl/tsl/framework/bfc_allocator.cc:1103] 6 Chunks of size 121110528 totalling 693.00MiB
2025-06-14 20:58:27.982184: I external/local_tsl/tsl/framework/bfc_allocator.cc:1103] 2 Chunks of size 209715200 totalling 400.00MiB
2025-06-14 20:58:27.982586: I external/local_tsl/tsl/framework/bfc_allocator.cc:1103] 3 Chunks of size 242221056 totalling 693.00MiB
2025-06-14 20:58:27.982970: I external/local_tsl/tsl/framework/bfc_allocator.cc:1103] 8 Chunks of size 484442112 totalling 3.61GiB
2025-06-14 20:58:27.983358: I external/local_tsl/tsl/framework/bfc_allocator.cc:1103] 1 Chunks of size 968884224 totalling 924.00MiB
2025-06-14 20:58:27.983764: I external/local_tsl/tsl/framework/bfc_allocator.cc:1103] 6 Chunks of size 1937768448 totalling 10.83GiB
2025-06-14 20:58:27.984184: I external/local_tsl/tsl/framework/bfc_allocator.cc:1107] Sum Total of in-use chunks: 17.58GiB
2025-06-14 20:58:27.984673: I external/local_tsl/tsl/framework/bfc_allocator.cc:1109] Total bytes in pool: 23575789568 memory_limit_: 23575789568 available bytes: 0 curr_region_allocation_bytes_: 34359738368
2025-06-14 20:58:27.985081: I external/local_tsl/tsl/framework/bfc_allocator.cc:1114] Stats: 
Limit:                     23575789568
InUse:                     18882554112
MaxInUse:                  22800760320
NumAllocs:                         912
MaxAllocSize:               4135495424
Reserved:                            0
PeakReserved:                        0
LargestFreeBlock:                    0

2025-06-14 20:58:27.985468: W external/local_tsl/tsl/framework/bfc_allocator.cc:497] ________*********________************************************_**************************************
2025-06-14 20:58:27.985865: W tensorflow/core/framework/op_kernel.cc:1839] OP_REQUIRES failed at concat_op.cc:165 : RESOURCE_EXHAUSTED: OOM when allocating tensor with shape[2,64,192,224,176] and type float on /job:localhost/replica:0/task:0/device:GPU:0 by allocator GPU_0_bfc
Traceback (most recent call last):
  File "/mnt/beegfs/hellgate/home/rb194958e/stroke_segmentation_sota/batch_wise_train.py", line 277, in <module>
    if main():
       ^^^^^^
  File "/mnt/beegfs/hellgate/home/rb194958e/stroke_segmentation_sota/batch_wise_train.py", line 256, in main
    history = model.fit(
              ^^^^^^^^^^
  File "/mnt/beegfs/hellgate/home/rb194958e/.conda/envs/tf215_env/lib/python3.11/site-packages/keras/src/utils/traceback_utils.py", line 70, in error_handler
    raise e.with_traceback(filtered_tb) from None
  File "/mnt/beegfs/hellgate/home/rb194958e/.conda/envs/tf215_env/lib/python3.11/site-packages/tensorflow/python/eager/execute.py", line 53, in quick_execute
    tensors = pywrap_tfe.TFE_Py_Execute(ctx._handle, device_name, op_name,
  ^^^^^^^^^^^^^^^^^^^^^^^^^^^^^^^^^^^^^^^^^^^^^^^^^^^^^^^^^^^^^^^^^^^^^^^^
tensorflow.python.framework.errors_impl.ResourceExhaustedError: Graph execution error:

Detected at node model/concatenate_2/concat defined at (most recent call last):
  File "/mnt/beegfs/hellgate/home/rb194958e/stroke_segmentation_sota/batch_wise_train.py", line 277, in <module>

  File "/mnt/beegfs/hellgate/home/rb194958e/stroke_segmentation_sota/batch_wise_train.py", line 256, in main

  File "/mnt/beegfs/hellgate/home/rb194958e/.conda/envs/tf215_env/lib/python3.11/site-packages/keras/src/utils/traceback_utils.py", line 65, in error_handler

  File "/mnt/beegfs/hellgate/home/rb194958e/.conda/envs/tf215_env/lib/python3.11/site-packages/keras/src/engine/training.py", line 1807, in fit

  File "/mnt/beegfs/hellgate/home/rb194958e/.conda/envs/tf215_env/lib/python3.11/site-packages/keras/src/engine/training.py", line 1401, in train_function

  File "/mnt/beegfs/hellgate/home/rb194958e/.conda/envs/tf215_env/lib/python3.11/site-packages/keras/src/engine/training.py", line 1384, in step_function

  File "/mnt/beegfs/hellgate/home/rb194958e/.conda/envs/tf215_env/lib/python3.11/site-packages/keras/src/engine/training.py", line 1373, in run_step

  File "/mnt/beegfs/hellgate/home/rb194958e/.conda/envs/tf215_env/lib/python3.11/site-packages/keras/src/engine/training.py", line 1150, in train_step

  File "/mnt/beegfs/hellgate/home/rb194958e/.conda/envs/tf215_env/lib/python3.11/site-packages/keras/src/utils/traceback_utils.py", line 65, in error_handler

  File "/mnt/beegfs/hellgate/home/rb194958e/.conda/envs/tf215_env/lib/python3.11/site-packages/keras/src/engine/training.py", line 590, in __call__

  File "/mnt/beegfs/hellgate/home/rb194958e/.conda/envs/tf215_env/lib/python3.11/site-packages/keras/src/utils/traceback_utils.py", line 65, in error_handler

  File "/mnt/beegfs/hellgate/home/rb194958e/.conda/envs/tf215_env/lib/python3.11/site-packages/keras/src/engine/base_layer.py", line 1149, in __call__

  File "/mnt/beegfs/hellgate/home/rb194958e/.conda/envs/tf215_env/lib/python3.11/site-packages/keras/src/utils/traceback_utils.py", line 96, in error_handler

  File "/mnt/beegfs/hellgate/home/rb194958e/.conda/envs/tf215_env/lib/python3.11/site-packages/keras/src/engine/functional.py", line 515, in call

  File "/mnt/beegfs/hellgate/home/rb194958e/.conda/envs/tf215_env/lib/python3.11/site-packages/keras/src/engine/functional.py", line 672, in _run_internal_graph

  File "/mnt/beegfs/hellgate/home/rb194958e/.conda/envs/tf215_env/lib/python3.11/site-packages/keras/src/utils/traceback_utils.py", line 65, in error_handler

  File "/mnt/beegfs/hellgate/home/rb194958e/.conda/envs/tf215_env/lib/python3.11/site-packages/keras/src/engine/base_layer.py", line 1149, in __call__

  File "/mnt/beegfs/hellgate/home/rb194958e/.conda/envs/tf215_env/lib/python3.11/site-packages/keras/src/utils/traceback_utils.py", line 96, in error_handler

  File "/mnt/beegfs/hellgate/home/rb194958e/.conda/envs/tf215_env/lib/python3.11/site-packages/keras/src/layers/merging/base_merge.py", line 196, in call

  File "/mnt/beegfs/hellgate/home/rb194958e/.conda/envs/tf215_env/lib/python3.11/site-packages/keras/src/layers/merging/concatenate.py", line 134, in _merge_function

  File "/mnt/beegfs/hellgate/home/rb194958e/.conda/envs/tf215_env/lib/python3.11/site-packages/keras/src/backend.py", line 3580, in concatenate

OOM when allocating tensor with shape[2,64,192,224,176] and type float on /job:localhost/replica:0/task:0/device:GPU:0 by allocator GPU_0_bfc
	 [[{{node model/concatenate_2/concat}}]]
Hint: If you want to see a list of allocated tensors when OOM happens, add report_tensor_allocations_upon_oom to RunOptions for current allocation info. This isn't available when running in Eager mode.
 [Op:__inference_train_function_7309]
2025-06-14 20:58:28.149809: W tensorflow/core/kernels/data/generator_dataset_op.cc:108] Error occurred when finalizing GeneratorDataset iterator: FAILED_PRECONDITION: Python interpreter state is not initialized. The process may be terminated.
	 [[{{node PyFunc}}]]
/var/spool/slurmd/job1124045/slurm_script: line 320: EOF: command not found
/var/spool/slurmd/job1124045/slurm_script: line 330: unexpected EOF while looking for matching ``'
/var/spool/slurmd/job1124045/slurm_script: line 339: syntax error: unexpected end of file
