2025-06-15 03:28:17.666618: I tensorflow/core/util/port.cc:113] oneDNN custom operations are on. You may see slightly different numerical results due to floating-point round-off errors from different computation orders. To turn them off, set the environment variable `TF_ENABLE_ONEDNN_OPTS=0`.
2025-06-15 03:28:18.402337: E external/local_xla/xla/stream_executor/cuda/cuda_dnn.cc:9261] Unable to register cuDNN factory: Attempting to register factory for plugin cuDNN when one has already been registered
2025-06-15 03:28:18.403127: E external/local_xla/xla/stream_executor/cuda/cuda_fft.cc:607] Unable to register cuFFT factory: Attempting to register factory for plugin cuFFT when one has already been registered
2025-06-15 03:28:18.519043: E external/local_xla/xla/stream_executor/cuda/cuda_blas.cc:1515] Unable to register cuBLAS factory: Attempting to register factory for plugin cuBLAS when one has already been registered
2025-06-15 03:28:18.771187: I tensorflow/core/platform/cpu_feature_guard.cc:182] This TensorFlow binary is optimized to use available CPU instructions in performance-critical operations.
To enable the following instructions: AVX2 AVX512F AVX512_VNNI FMA, in other operations, rebuild TensorFlow with the appropriate compiler flags.
2025-06-15 03:28:25.333426: W tensorflow/compiler/tf2tensorrt/utils/py_utils.cc:38] TF-TRT Warning: Could not find TensorRT
INFO:__main__:🚀 Starting Stroke Lesion Segmentation Training
INFO:__main__:Using 1 GPU(s)
INFO:__main__:Creating data generators...
INFO:__main__:Found 655 valid image/mask pairs
INFO:__main__:Found 655 valid image/mask pairs
INFO:__main__:Training batches: 262
INFO:__main__:Validation batches: 65
INFO:__main__:Building model...
2025-06-15 03:28:39.299311: I tensorflow/core/common_runtime/gpu/gpu_device.cc:1929] Created device /job:localhost/replica:0/task:0/device:GPU:0 with 22483 MB memory:  -> device: 0, name: NVIDIA RTX 4500 Ada Generation, pci bus id: 0000:1c:00.0, compute capability: 8.9
INFO:__main__:Model parameters: 5,605,345
INFO:__main__:Starting training...
pixdim[0] (qfac) should be 1 (default) or -1; setting qfac to 1
INFO:nibabel.global:pixdim[0] (qfac) should be 1 (default) or -1; setting qfac to 1
pixdim[0] (qfac) should be 1 (default) or -1; setting qfac to 1
INFO:nibabel.global:pixdim[0] (qfac) should be 1 (default) or -1; setting qfac to 1
pixdim[0] (qfac) should be 1 (default) or -1; setting qfac to 1
INFO:nibabel.global:pixdim[0] (qfac) should be 1 (default) or -1; setting qfac to 1
pixdim[0] (qfac) should be 1 (default) or -1; setting qfac to 1
INFO:nibabel.global:pixdim[0] (qfac) should be 1 (default) or -1; setting qfac to 1
2025-06-15 03:28:47.050829: I external/local_xla/xla/stream_executor/cuda/cuda_dnn.cc:454] Loaded cuDNN version 8907
pixdim[0] (qfac) should be 1 (default) or -1; setting qfac to 1
INFO:nibabel.global:pixdim[0] (qfac) should be 1 (default) or -1; setting qfac to 1
pixdim[0] (qfac) should be 1 (default) or -1; setting qfac to 1
INFO:nibabel.global:pixdim[0] (qfac) should be 1 (default) or -1; setting qfac to 1
pixdim[0] (qfac) should be 1 (default) or -1; setting qfac to 1
INFO:nibabel.global:pixdim[0] (qfac) should be 1 (default) or -1; setting qfac to 1
pixdim[0] (qfac) should be 1 (default) or -1; setting qfac to 1
INFO:nibabel.global:pixdim[0] (qfac) should be 1 (default) or -1; setting qfac to 1
2025-06-15 03:29:03.471962: W external/local_tsl/tsl/framework/bfc_allocator.cc:296] Allocator (GPU_0_bfc) ran out of memory trying to allocate 2.27GiB with freed_by_count=0. The caller indicates that this is not a failure, but this may mean that there could be performance gains if more memory were available.
2025-06-15 03:29:03.573589: W external/local_tsl/tsl/framework/bfc_allocator.cc:296] Allocator (GPU_0_bfc) ran out of memory trying to allocate 2.30GiB with freed_by_count=0. The caller indicates that this is not a failure, but this may mean that there could be performance gains if more memory were available.
2025-06-15 03:29:03.574512: W external/local_tsl/tsl/framework/bfc_allocator.cc:296] Allocator (GPU_0_bfc) ran out of memory trying to allocate 2.27GiB with freed_by_count=0. The caller indicates that this is not a failure, but this may mean that there could be performance gains if more memory were available.
2025-06-15 03:29:04.196327: W external/local_tsl/tsl/framework/bfc_allocator.cc:296] Allocator (GPU_0_bfc) ran out of memory trying to allocate 2.27GiB with freed_by_count=0. The caller indicates that this is not a failure, but this may mean that there could be performance gains if more memory were available.
2025-06-15 03:29:04.249794: W external/local_tsl/tsl/framework/bfc_allocator.cc:296] Allocator (GPU_0_bfc) ran out of memory trying to allocate 2.30GiB with freed_by_count=0. The caller indicates that this is not a failure, but this may mean that there could be performance gains if more memory were available.
2025-06-15 03:29:04.250827: W external/local_tsl/tsl/framework/bfc_allocator.cc:296] Allocator (GPU_0_bfc) ran out of memory trying to allocate 2.27GiB with freed_by_count=0. The caller indicates that this is not a failure, but this may mean that there could be performance gains if more memory were available.
2025-06-15 03:29:14.873497: W external/local_tsl/tsl/framework/bfc_allocator.cc:485] Allocator (GPU_0_bfc) ran out of memory trying to allocate 3.61GiB (rounded to 3875536896)requested by op model/concatenate_2/concat
If the cause is memory fragmentation maybe the environment variable 'TF_GPU_ALLOCATOR=cuda_malloc_async' will improve the situation. 
Current allocation summary follows.
Current allocation summary follows.
2025-06-15 03:29:14.874451: I external/local_tsl/tsl/framework/bfc_allocator.cc:1039] BFCAllocator dump for GPU_0_bfc
2025-06-15 03:29:14.875235: I external/local_tsl/tsl/framework/bfc_allocator.cc:1046] Bin (256): 	Total Chunks: 155, Chunks in use: 155. 38.8KiB allocated for chunks. 38.8KiB in use in bin. 20.7KiB client-requested in use in bin.
2025-06-15 03:29:14.875803: I external/local_tsl/tsl/framework/bfc_allocator.cc:1046] Bin (512): 	Total Chunks: 56, Chunks in use: 55. 28.0KiB allocated for chunks. 27.5KiB in use in bin. 27.5KiB client-requested in use in bin.
2025-06-15 03:29:14.876310: I external/local_tsl/tsl/framework/bfc_allocator.cc:1046] Bin (1024): 	Total Chunks: 27, Chunks in use: 27. 27.2KiB allocated for chunks. 27.2KiB in use in bin. 27.0KiB client-requested in use in bin.
2025-06-15 03:29:14.876805: I external/local_tsl/tsl/framework/bfc_allocator.cc:1046] Bin (2048): 	Total Chunks: 3, Chunks in use: 3. 10.5KiB allocated for chunks. 10.5KiB in use in bin. 10.1KiB client-requested in use in bin.
2025-06-15 03:29:14.877167: I external/local_tsl/tsl/framework/bfc_allocator.cc:1046] Bin (4096): 	Total Chunks: 0, Chunks in use: 0. 0B allocated for chunks. 0B in use in bin. 0B client-requested in use in bin.
2025-06-15 03:29:14.877638: I external/local_tsl/tsl/framework/bfc_allocator.cc:1046] Bin (8192): 	Total Chunks: 0, Chunks in use: 0. 0B allocated for chunks. 0B in use in bin. 0B client-requested in use in bin.
2025-06-15 03:29:14.877992: I external/local_tsl/tsl/framework/bfc_allocator.cc:1046] Bin (16384): 	Total Chunks: 0, Chunks in use: 0. 0B allocated for chunks. 0B in use in bin. 0B client-requested in use in bin.
2025-06-15 03:29:14.878441: I external/local_tsl/tsl/framework/bfc_allocator.cc:1046] Bin (32768): 	Total Chunks: 0, Chunks in use: 0. 0B allocated for chunks. 0B in use in bin. 0B client-requested in use in bin.
2025-06-15 03:29:14.878895: I external/local_tsl/tsl/framework/bfc_allocator.cc:1046] Bin (65536): 	Total Chunks: 7, Chunks in use: 7. 653.0KiB allocated for chunks. 653.0KiB in use in bin. 624.0KiB client-requested in use in bin.
2025-06-15 03:29:14.879335: I external/local_tsl/tsl/framework/bfc_allocator.cc:1046] Bin (131072): 	Total Chunks: 8, Chunks in use: 8. 1.58MiB allocated for chunks. 1.58MiB in use in bin. 1.48MiB client-requested in use in bin.
2025-06-15 03:29:14.879770: I external/local_tsl/tsl/framework/bfc_allocator.cc:1046] Bin (262144): 	Total Chunks: 8, Chunks in use: 8. 2.95MiB allocated for chunks. 2.95MiB in use in bin. 2.86MiB client-requested in use in bin.
2025-06-15 03:29:14.880219: I external/local_tsl/tsl/framework/bfc_allocator.cc:1046] Bin (524288): 	Total Chunks: 7, Chunks in use: 7. 5.89MiB allocated for chunks. 5.89MiB in use in bin. 5.48MiB client-requested in use in bin.
2025-06-15 03:29:14.880603: I external/local_tsl/tsl/framework/bfc_allocator.cc:1046] Bin (1048576): 	Total Chunks: 9, Chunks in use: 9. 14.02MiB allocated for chunks. 14.02MiB in use in bin. 13.12MiB client-requested in use in bin.
2025-06-15 03:29:14.881002: I external/local_tsl/tsl/framework/bfc_allocator.cc:1046] Bin (2097152): 	Total Chunks: 5, Chunks in use: 5. 17.38MiB allocated for chunks. 17.38MiB in use in bin. 16.88MiB client-requested in use in bin.
2025-06-15 03:29:14.881417: I external/local_tsl/tsl/framework/bfc_allocator.cc:1046] Bin (4194304): 	Total Chunks: 3, Chunks in use: 3. 18.12MiB allocated for chunks. 18.12MiB in use in bin. 16.88MiB client-requested in use in bin.
2025-06-15 03:29:14.881827: I external/local_tsl/tsl/framework/bfc_allocator.cc:1046] Bin (8388608): 	Total Chunks: 3, Chunks in use: 3. 40.62MiB allocated for chunks. 40.62MiB in use in bin. 35.62MiB client-requested in use in bin.
2025-06-15 03:29:14.882216: I external/local_tsl/tsl/framework/bfc_allocator.cc:1046] Bin (16777216): 	Total Chunks: 5, Chunks in use: 4. 140.19MiB allocated for chunks. 115.50MiB in use in bin. 115.50MiB client-requested in use in bin.
2025-06-15 03:29:14.882602: I external/local_tsl/tsl/framework/bfc_allocator.cc:1046] Bin (33554432): 	Total Chunks: 2, Chunks in use: 2. 115.50MiB allocated for chunks. 115.50MiB in use in bin. 115.50MiB client-requested in use in bin.
2025-06-15 03:29:14.882997: I external/local_tsl/tsl/framework/bfc_allocator.cc:1046] Bin (67108864): 	Total Chunks: 8, Chunks in use: 8. 874.50MiB allocated for chunks. 874.50MiB in use in bin. 808.50MiB client-requested in use in bin.
2025-06-15 03:29:14.883407: I external/local_tsl/tsl/framework/bfc_allocator.cc:1046] Bin (134217728): 	Total Chunks: 5, Chunks in use: 5. 1.07GiB allocated for chunks. 1.07GiB in use in bin. 924.00MiB client-requested in use in bin.
2025-06-15 03:29:14.883806: I external/local_tsl/tsl/framework/bfc_allocator.cc:1046] Bin (268435456): 	Total Chunks: 18, Chunks in use: 15. 19.69GiB allocated for chunks. 15.34GiB in use in bin. 15.34GiB client-requested in use in bin.
2025-06-15 03:29:14.884183: I external/local_tsl/tsl/framework/bfc_allocator.cc:1062] Bin for 3.61GiB was 256.00MiB, Chunk State: 
2025-06-15 03:29:14.884561: I external/local_tsl/tsl/framework/bfc_allocator.cc:1068]   Size: 453.50MiB | Requested Size: 16.00MiB | in_use: 0 | bin_num: 20, prev:   Size: 462.00MiB | Requested Size: 462.00MiB | in_use: 1 | bin_num: -1
2025-06-15 03:29:14.884962: I external/local_tsl/tsl/framework/bfc_allocator.cc:1068]   Size: 1.80GiB | Requested Size: 1.80GiB | in_use: 0 | bin_num: 20, next:   Size: 1.80GiB | Requested Size: 1.80GiB | in_use: 1 | bin_num: -1
2025-06-15 03:29:14.885336: I external/local_tsl/tsl/framework/bfc_allocator.cc:1068]   Size: 2.10GiB | Requested Size: 1.82GiB | in_use: 0 | bin_num: 20, prev:   Size: 1.80GiB | Requested Size: 1.80GiB | in_use: 1 | bin_num: -1
2025-06-15 03:29:14.885838: I external/local_tsl/tsl/framework/bfc_allocator.cc:1075] Next region of size 6129582080
2025-06-15 03:29:14.886352: I external/local_tsl/tsl/framework/bfc_allocator.cc:1095] Free  at 7f8eae000000 of size 1937768448 next 107
2025-06-15 03:29:14.886753: I external/local_tsl/tsl/framework/bfc_allocator.cc:1095] InUse at 7f8f21800000 of size 1937768448 next 329
2025-06-15 03:29:14.887194: I external/local_tsl/tsl/framework/bfc_allocator.cc:1095] Free  at 7f8f95000000 of size 2254045184 next 18446744073709551615
2025-06-15 03:29:14.887631: I external/local_tsl/tsl/framework/bfc_allocator.cc:1075] Next region of size 8589934592
2025-06-15 03:29:14.888105: I external/local_tsl/tsl/framework/bfc_allocator.cc:1095] InUse at 7f9046000000 of size 1937768448 next 281
2025-06-15 03:29:14.888488: I external/local_tsl/tsl/framework/bfc_allocator.cc:1095] InUse at 7f90b9800000 of size 242221056 next 282
2025-06-15 03:29:14.888882: I external/local_tsl/tsl/framework/bfc_allocator.cc:1095] InUse at 7f90c7f00000 of size 484442112 next 283
2025-06-15 03:29:14.889258: I external/local_tsl/tsl/framework/bfc_allocator.cc:1095] InUse at 7f90e4d00000 of size 484442112 next 284
2025-06-15 03:29:14.889713: I external/local_tsl/tsl/framework/bfc_allocator.cc:1095] InUse at 7f9101b00000 of size 484442112 next 29
2025-06-15 03:29:14.890025: I external/local_tsl/tsl/framework/bfc_allocator.cc:1095] InUse at 7f911e900000 of size 484442112 next 288
2025-06-15 03:29:14.890398: I external/local_tsl/tsl/framework/bfc_allocator.cc:1095] InUse at 7f913b700000 of size 484442112 next 292
2025-06-15 03:29:14.890856: I external/local_tsl/tsl/framework/bfc_allocator.cc:1095] InUse at 7f9158500000 of size 121110528 next 47
2025-06-15 03:29:14.891250: I external/local_tsl/tsl/framework/bfc_allocator.cc:1095] InUse at 7f915f880000 of size 121110528 next 296
2025-06-15 03:29:14.891678: I external/local_tsl/tsl/framework/bfc_allocator.cc:1095] InUse at 7f9166c00000 of size 121110528 next 300
2025-06-15 03:29:14.892085: I external/local_tsl/tsl/framework/bfc_allocator.cc:1095] InUse at 7f916df80000 of size 30277632 next 302
2025-06-15 03:29:14.892567: I external/local_tsl/tsl/framework/bfc_allocator.cc:1095] InUse at 7f916fc60000 of size 30277632 next 303
2025-06-15 03:29:14.893020: I external/local_tsl/tsl/framework/bfc_allocator.cc:1095] InUse at 7f9171940000 of size 30277632 next 66
2025-06-15 03:29:14.893436: I external/local_tsl/tsl/framework/bfc_allocator.cc:1095] InUse at 7f9173620000 of size 30277632 next 307
2025-06-15 03:29:14.893858: I external/local_tsl/tsl/framework/bfc_allocator.cc:1095] InUse at 7f9175300000 of size 121110528 next 76
2025-06-15 03:29:14.894252: I external/local_tsl/tsl/framework/bfc_allocator.cc:1095] InUse at 7f917c680000 of size 121110528 next 312
2025-06-15 03:29:14.894640: I external/local_tsl/tsl/framework/bfc_allocator.cc:1095] InUse at 7f9183a00000 of size 242221056 next 311
2025-06-15 03:29:14.895026: I external/local_tsl/tsl/framework/bfc_allocator.cc:1095] InUse at 7f9192100000 of size 121110528 next 85
2025-06-15 03:29:14.895402: I external/local_tsl/tsl/framework/bfc_allocator.cc:1095] InUse at 7f9199480000 of size 484442112 next 325
2025-06-15 03:29:14.895797: I external/local_tsl/tsl/framework/bfc_allocator.cc:1095] InUse at 7f91b6280000 of size 484442112 next 320
2025-06-15 03:29:14.896174: I external/local_tsl/tsl/framework/bfc_allocator.cc:1095] InUse at 7f91d3080000 of size 968884224 next 319
2025-06-15 03:29:14.896546: I external/local_tsl/tsl/framework/bfc_allocator.cc:1095] InUse at 7f920cc80000 of size 484442112 next 91
2025-06-15 03:29:14.896978: I external/local_tsl/tsl/framework/bfc_allocator.cc:1095] Free  at 7f9229a80000 of size 475529216 next 18446744073709551615
2025-06-15 03:29:14.897368: I external/local_tsl/tsl/framework/bfc_allocator.cc:1075] Next region of size 4294967296
2025-06-15 03:29:14.897853: I external/local_tsl/tsl/framework/bfc_allocator.cc:1095] InUse at 7f9264000000 of size 1937768448 next 11
2025-06-15 03:29:14.898237: I external/local_tsl/tsl/framework/bfc_allocator.cc:1095] InUse at 7f92d7800000 of size 1937768448 next 276
2025-06-15 03:29:14.898737: I external/local_tsl/tsl/framework/bfc_allocator.cc:1095] InUse at 7f934b000000 of size 242221056 next 20
2025-06-15 03:29:14.899131: I external/local_tsl/tsl/framework/bfc_allocator.cc:1095] InUse at 7f9359700000 of size 60555264 next 38
2025-06-15 03:29:14.899507: I external/local_tsl/tsl/framework/bfc_allocator.cc:1095] InUse at 7f935d0c0000 of size 116654080 next 18446744073709551615
2025-06-15 03:29:14.899911: I external/local_tsl/tsl/framework/bfc_allocator.cc:1075] Next region of size 2147483648
2025-06-15 03:29:14.900426: I external/local_tsl/tsl/framework/bfc_allocator.cc:1095] InUse at 7f9390000000 of size 1937768448 next 270
2025-06-15 03:29:14.900835: I external/local_tsl/tsl/framework/bfc_allocator.cc:1095] InUse at 7f9403800000 of size 209715200 next 18446744073709551615
2025-06-15 03:29:14.901209: I external/local_tsl/tsl/framework/bfc_allocator.cc:1075] Next region of size 2147483648
2025-06-15 03:29:14.901699: I external/local_tsl/tsl/framework/bfc_allocator.cc:1095] InUse at 7f9418000000 of size 1937768448 next 268
2025-06-15 03:29:14.902080: I external/local_tsl/tsl/framework/bfc_allocator.cc:1095] InUse at 7f948b800000 of size 209715200 next 18446744073709551615
2025-06-15 03:29:14.902466: I external/local_tsl/tsl/framework/bfc_allocator.cc:1075] Next region of size 134217728
2025-06-15 03:29:14.902944: I external/local_tsl/tsl/framework/bfc_allocator.cc:1095] InUse at 7f9524000000 of size 60555264 next 264
2025-06-15 03:29:14.903324: I external/local_tsl/tsl/framework/bfc_allocator.cc:1095] InUse at 7f95279c0000 of size 73662464 next 18446744073709551615
2025-06-15 03:29:14.903735: I external/local_tsl/tsl/framework/bfc_allocator.cc:1075] Next region of size 67108864
2025-06-15 03:29:14.904270: I external/local_tsl/tsl/framework/bfc_allocator.cc:1095] InUse at 7f952c000000 of size 3538944 next 198
2025-06-15 03:29:14.904681: I external/local_tsl/tsl/framework/bfc_allocator.cc:1095] InUse at 7f952c360000 of size 1769472 next 205
2025-06-15 03:29:14.905049: I external/local_tsl/tsl/framework/bfc_allocator.cc:1095] InUse at 7f952c510000 of size 1769472 next 206
2025-06-15 03:29:14.905451: I external/local_tsl/tsl/framework/bfc_allocator.cc:1095] InUse at 7f952c6c0000 of size 262144 next 213
2025-06-15 03:29:14.905818: I external/local_tsl/tsl/framework/bfc_allocator.cc:1095] InUse at 7f952c700000 of size 262144 next 214
2025-06-15 03:29:14.906165: I external/local_tsl/tsl/framework/bfc_allocator.cc:1095] InUse at 7f952c740000 of size 884736 next 217
2025-06-15 03:29:14.906584: I external/local_tsl/tsl/framework/bfc_allocator.cc:1095] InUse at 7f952c818000 of size 884736 next 218
2025-06-15 03:29:14.906944: I external/local_tsl/tsl/framework/bfc_allocator.cc:1095] InUse at 7f952c8f0000 of size 442368 next 225
2025-06-15 03:29:14.907296: I external/local_tsl/tsl/framework/bfc_allocator.cc:1095] InUse at 7f952c95c000 of size 442368 next 226
2025-06-15 03:29:14.907653: I external/local_tsl/tsl/framework/bfc_allocator.cc:1095] InUse at 7f952c9c8000 of size 256 next 234
2025-06-15 03:29:14.908086: I external/local_tsl/tsl/framework/bfc_allocator.cc:1095] InUse at 7f952c9c8100 of size 256 next 235
2025-06-15 03:29:14.908528: I external/local_tsl/tsl/framework/bfc_allocator.cc:1095] InUse at 7f952c9c8200 of size 221184 next 236
2025-06-15 03:29:14.908876: I external/local_tsl/tsl/framework/bfc_allocator.cc:1095] InUse at 7f952c9fe200 of size 221184 next 237
2025-06-15 03:29:14.909227: I external/local_tsl/tsl/framework/bfc_allocator.cc:1095] InUse at 7f952ca34200 of size 256 next 238
2025-06-15 03:29:14.909679: I external/local_tsl/tsl/framework/bfc_allocator.cc:1095] InUse at 7f952ca34300 of size 256 next 239
2025-06-15 03:29:14.910115: I external/local_tsl/tsl/framework/bfc_allocator.cc:1095] InUse at 7f952ca34400 of size 256 next 240
2025-06-15 03:29:14.910586: I external/local_tsl/tsl/framework/bfc_allocator.cc:1095] InUse at 7f952ca34500 of size 256 next 241
2025-06-15 03:29:14.911069: I external/local_tsl/tsl/framework/bfc_allocator.cc:1095] InUse at 7f952ca34600 of size 256 next 242
2025-06-15 03:29:14.911552: I external/local_tsl/tsl/framework/bfc_allocator.cc:1095] InUse at 7f952ca34700 of size 256 next 243
2025-06-15 03:29:14.912027: I external/local_tsl/tsl/framework/bfc_allocator.cc:1095] InUse at 7f952ca34800 of size 110592 next 244
2025-06-15 03:29:14.912433: I external/local_tsl/tsl/framework/bfc_allocator.cc:1095] InUse at 7f952ca4f800 of size 110592 next 245
2025-06-15 03:29:14.912831: I external/local_tsl/tsl/framework/bfc_allocator.cc:1095] InUse at 7f952ca6a800 of size 256 next 246
2025-06-15 03:29:14.913283: I external/local_tsl/tsl/framework/bfc_allocator.cc:1095] InUse at 7f952ca6a900 of size 256 next 247
2025-06-15 03:29:14.913741: I external/local_tsl/tsl/framework/bfc_allocator.cc:1095] InUse at 7f952ca6aa00 of size 256 next 248
2025-06-15 03:29:14.914188: I external/local_tsl/tsl/framework/bfc_allocator.cc:1095] InUse at 7f952ca6ab00 of size 256 next 249
2025-06-15 03:29:14.914637: I external/local_tsl/tsl/framework/bfc_allocator.cc:1095] InUse at 7f952ca6ac00 of size 256 next 250
2025-06-15 03:29:14.915073: I external/local_tsl/tsl/framework/bfc_allocator.cc:1095] InUse at 7f952ca6ad00 of size 256 next 251
2025-06-15 03:29:14.915507: I external/local_tsl/tsl/framework/bfc_allocator.cc:1095] InUse at 7f952ca6ae00 of size 256 next 252
2025-06-15 03:29:14.915943: I external/local_tsl/tsl/framework/bfc_allocator.cc:1095] InUse at 7f952ca6af00 of size 256 next 253
2025-06-15 03:29:14.916424: I external/local_tsl/tsl/framework/bfc_allocator.cc:1095] InUse at 7f952ca6b000 of size 256 next 254
2025-06-15 03:29:14.916870: I external/local_tsl/tsl/framework/bfc_allocator.cc:1095] InUse at 7f952ca6b100 of size 256 next 255
2025-06-15 03:29:14.917302: I external/local_tsl/tsl/framework/bfc_allocator.cc:1095] InUse at 7f952ca6b200 of size 256 next 256
2025-06-15 03:29:14.917828: I external/local_tsl/tsl/framework/bfc_allocator.cc:1095] InUse at 7f952ca6b300 of size 256 next 257
2025-06-15 03:29:14.918310: I external/local_tsl/tsl/framework/bfc_allocator.cc:1095] InUse at 7f952ca6b400 of size 256 next 258
2025-06-15 03:29:14.918748: I external/local_tsl/tsl/framework/bfc_allocator.cc:1095] InUse at 7f952ca6b500 of size 256 next 259
2025-06-15 03:29:14.919222: I external/local_tsl/tsl/framework/bfc_allocator.cc:1095] InUse at 7f952ca6b600 of size 256 next 260
2025-06-15 03:29:14.919745: I external/local_tsl/tsl/framework/bfc_allocator.cc:1095] InUse at 7f952ca6b700 of size 256 next 261
2025-06-15 03:29:14.920279: I external/local_tsl/tsl/framework/bfc_allocator.cc:1095] InUse at 7f952ca6b800 of size 256 next 262
2025-06-15 03:29:14.920771: I external/local_tsl/tsl/framework/bfc_allocator.cc:1095] InUse at 7f952ca6b900 of size 256 next 263
2025-06-15 03:29:14.921261: I external/local_tsl/tsl/framework/bfc_allocator.cc:1095] InUse at 7f952ca6ba00 of size 256 next 265
2025-06-15 03:29:14.921752: I external/local_tsl/tsl/framework/bfc_allocator.cc:1095] InUse at 7f952ca6bb00 of size 256 next 266
2025-06-15 03:29:14.922234: I external/local_tsl/tsl/framework/bfc_allocator.cc:1095] InUse at 7f952ca6bc00 of size 256 next 269
2025-06-15 03:29:14.922708: I external/local_tsl/tsl/framework/bfc_allocator.cc:1095] InUse at 7f952ca6bd00 of size 256 next 272
2025-06-15 03:29:14.923185: I external/local_tsl/tsl/framework/bfc_allocator.cc:1095] InUse at 7f952ca6be00 of size 256 next 274
2025-06-15 03:29:14.923656: I external/local_tsl/tsl/framework/bfc_allocator.cc:1095] InUse at 7f952ca6bf00 of size 256 next 275
2025-06-15 03:29:14.924132: I external/local_tsl/tsl/framework/bfc_allocator.cc:1095] InUse at 7f952ca6c000 of size 256 next 279
2025-06-15 03:29:14.924616: I external/local_tsl/tsl/framework/bfc_allocator.cc:1095] InUse at 7f952ca6c100 of size 256 next 280
2025-06-15 03:29:14.925135: I external/local_tsl/tsl/framework/bfc_allocator.cc:1095] InUse at 7f952ca6c200 of size 256 next 286
2025-06-15 03:29:14.925616: I external/local_tsl/tsl/framework/bfc_allocator.cc:1095] InUse at 7f952ca6c300 of size 256 next 287
2025-06-15 03:29:14.926099: I external/local_tsl/tsl/framework/bfc_allocator.cc:1095] InUse at 7f952ca6c400 of size 256 next 290
2025-06-15 03:29:14.926577: I external/local_tsl/tsl/framework/bfc_allocator.cc:1095] InUse at 7f952ca6c500 of size 256 next 291
2025-06-15 03:29:14.927080: I external/local_tsl/tsl/framework/bfc_allocator.cc:1095] InUse at 7f952ca6c600 of size 512 next 293
2025-06-15 03:29:14.927570: I external/local_tsl/tsl/framework/bfc_allocator.cc:1095] InUse at 7f952ca6c800 of size 512 next 294
2025-06-15 03:29:14.928061: I external/local_tsl/tsl/framework/bfc_allocator.cc:1095] InUse at 7f952ca6ca00 of size 512 next 295
2025-06-15 03:29:14.928529: I external/local_tsl/tsl/framework/bfc_allocator.cc:1095] InUse at 7f952ca6cc00 of size 512 next 298
2025-06-15 03:29:14.929049: I external/local_tsl/tsl/framework/bfc_allocator.cc:1095] InUse at 7f952ca6ce00 of size 512 next 299
2025-06-15 03:29:14.929537: I external/local_tsl/tsl/framework/bfc_allocator.cc:1095] InUse at 7f952ca6d000 of size 15138816 next 56
2025-06-15 03:29:14.929959: I external/local_tsl/tsl/framework/bfc_allocator.cc:1095] InUse at 7f952d8dd000 of size 15138816 next 301
2025-06-15 03:29:14.930373: I external/local_tsl/tsl/framework/bfc_allocator.cc:1095] InUse at 7f952e74d000 of size 1024 next 304
2025-06-15 03:29:14.930854: I external/local_tsl/tsl/framework/bfc_allocator.cc:1095] InUse at 7f952e74d400 of size 1024 next 305
2025-06-15 03:29:14.931363: I external/local_tsl/tsl/framework/bfc_allocator.cc:1095] InUse at 7f952e74d800 of size 1024 next 306
2025-06-15 03:29:14.931839: I external/local_tsl/tsl/framework/bfc_allocator.cc:1095] InUse at 7f952e74dc00 of size 1024 next 309
2025-06-15 03:29:14.932339: I external/local_tsl/tsl/framework/bfc_allocator.cc:1095] InUse at 7f952e74e000 of size 1024 next 310
2025-06-15 03:29:14.932835: I external/local_tsl/tsl/framework/bfc_allocator.cc:1095] InUse at 7f952e74e400 of size 512 next 317
2025-06-15 03:29:14.933377: I external/local_tsl/tsl/framework/bfc_allocator.cc:1095] InUse at 7f952e74e600 of size 512 next 318
2025-06-15 03:29:14.933874: I external/local_tsl/tsl/framework/bfc_allocator.cc:1095] InUse at 7f952e74e800 of size 256 next 326
2025-06-15 03:29:14.934342: I external/local_tsl/tsl/framework/bfc_allocator.cc:1095] InUse at 7f952e74e900 of size 256 next 327
2025-06-15 03:29:14.934853: I external/local_tsl/tsl/framework/bfc_allocator.cc:1095] Free  at 7f952e74ea00 of size 25892352 next 18446744073709551615
2025-06-15 03:29:14.935212: I external/local_tsl/tsl/framework/bfc_allocator.cc:1075] Next region of size 33554432
2025-06-15 03:29:14.935647: I external/local_tsl/tsl/framework/bfc_allocator.cc:1095] InUse at 7f954a000000 of size 3538944 next 83
2025-06-15 03:29:14.936050: I external/local_tsl/tsl/framework/bfc_allocator.cc:1095] InUse at 7f954a360000 of size 221184 next 152
2025-06-15 03:29:14.936410: I external/local_tsl/tsl/framework/bfc_allocator.cc:1095] InUse at 7f954a396000 of size 221184 next 106
2025-06-15 03:29:14.936768: I external/local_tsl/tsl/framework/bfc_allocator.cc:1095] InUse at 7f954a3cc000 of size 442368 next 100
2025-06-15 03:29:14.937100: I external/local_tsl/tsl/framework/bfc_allocator.cc:1095] InUse at 7f954a438000 of size 884736 next 90
2025-06-15 03:29:14.937450: I external/local_tsl/tsl/framework/bfc_allocator.cc:1095] InUse at 7f954a510000 of size 1769472 next 74
2025-06-15 03:29:14.937796: I external/local_tsl/tsl/framework/bfc_allocator.cc:1095] InUse at 7f954a6c0000 of size 7077888 next 72
2025-06-15 03:29:14.938132: I external/local_tsl/tsl/framework/bfc_allocator.cc:1095] InUse at 7f954ad80000 of size 7077888 next 187
2025-06-15 03:29:14.938497: I external/local_tsl/tsl/framework/bfc_allocator.cc:1095] InUse at 7f954b440000 of size 12320768 next 18446744073709551615
2025-06-15 03:29:14.938861: I external/local_tsl/tsl/framework/bfc_allocator.cc:1075] Next region of size 16777216
2025-06-15 03:29:14.939307: I external/local_tsl/tsl/framework/bfc_allocator.cc:1095] InUse at 7f9572000000 of size 1769472 next 173
2025-06-15 03:29:14.939673: I external/local_tsl/tsl/framework/bfc_allocator.cc:1095] InUse at 7f95721b0000 of size 1769472 next 64
2025-06-15 03:29:14.940011: I external/local_tsl/tsl/framework/bfc_allocator.cc:1095] InUse at 7f9572360000 of size 3538944 next 62
2025-06-15 03:29:14.940341: I external/local_tsl/tsl/framework/bfc_allocator.cc:1095] InUse at 7f95726c0000 of size 3538944 next 180
2025-06-15 03:29:14.940696: I external/local_tsl/tsl/framework/bfc_allocator.cc:1095] InUse at 7f9572a20000 of size 1048576 next 194
2025-06-15 03:29:14.941098: I external/local_tsl/tsl/framework/bfc_allocator.cc:1095] InUse at 7f9572b20000 of size 1048576 next 195
2025-06-15 03:29:14.941457: I external/local_tsl/tsl/framework/bfc_allocator.cc:1095] InUse at 7f9572c20000 of size 4063232 next 18446744073709551615
2025-06-15 03:29:14.941828: I external/local_tsl/tsl/framework/bfc_allocator.cc:1075] Next region of size 2097152
2025-06-15 03:29:14.942285: I external/local_tsl/tsl/framework/bfc_allocator.cc:1095] InUse at 7f95b0e00000 of size 1280 next 1
2025-06-15 03:29:14.942725: I external/local_tsl/tsl/framework/bfc_allocator.cc:1095] InUse at 7f95b0e00500 of size 256 next 2
2025-06-15 03:29:14.943157: I external/local_tsl/tsl/framework/bfc_allocator.cc:1095] InUse at 7f95b0e00600 of size 256 next 3
2025-06-15 03:29:14.943590: I external/local_tsl/tsl/framework/bfc_allocator.cc:1095] InUse at 7f95b0e00700 of size 256 next 5
2025-06-15 03:29:14.944030: I external/local_tsl/tsl/framework/bfc_allocator.cc:1095] InUse at 7f95b0e00800 of size 256 next 6
2025-06-15 03:29:14.944467: I external/local_tsl/tsl/framework/bfc_allocator.cc:1095] InUse at 7f95b0e00900 of size 256 next 4
2025-06-15 03:29:14.944961: I external/local_tsl/tsl/framework/bfc_allocator.cc:1095] InUse at 7f95b0e00a00 of size 256 next 7
2025-06-15 03:29:14.945407: I external/local_tsl/tsl/framework/bfc_allocator.cc:1095] InUse at 7f95b0e00b00 of size 256 next 10
2025-06-15 03:29:14.945855: I external/local_tsl/tsl/framework/bfc_allocator.cc:1095] InUse at 7f95b0e00c00 of size 256 next 277
2025-06-15 03:29:14.946361: I external/local_tsl/tsl/framework/bfc_allocator.cc:1095] InUse at 7f95b0e00d00 of size 256 next 12
2025-06-15 03:29:14.946806: I external/local_tsl/tsl/framework/bfc_allocator.cc:1095] InUse at 7f95b0e00e00 of size 256 next 13
2025-06-15 03:29:14.947224: I external/local_tsl/tsl/framework/bfc_allocator.cc:1095] InUse at 7f95b0e00f00 of size 256 next 14
2025-06-15 03:29:14.947669: I external/local_tsl/tsl/framework/bfc_allocator.cc:1095] InUse at 7f95b0e01000 of size 256 next 17
2025-06-15 03:29:14.948218: I external/local_tsl/tsl/framework/bfc_allocator.cc:1095] InUse at 7f95b0e01100 of size 256 next 15
2025-06-15 03:29:14.948718: I external/local_tsl/tsl/framework/bfc_allocator.cc:1095] InUse at 7f95b0e01200 of size 256 next 16
2025-06-15 03:29:14.949163: I external/local_tsl/tsl/framework/bfc_allocator.cc:1095] InUse at 7f95b0e01300 of size 256 next 285
2025-06-15 03:29:14.949611: I external/local_tsl/tsl/framework/bfc_allocator.cc:1095] InUse at 7f95b0e01400 of size 256 next 21
2025-06-15 03:29:14.950050: I external/local_tsl/tsl/framework/bfc_allocator.cc:1095] InUse at 7f95b0e01500 of size 256 next 22
2025-06-15 03:29:14.950471: I external/local_tsl/tsl/framework/bfc_allocator.cc:1095] InUse at 7f95b0e01600 of size 256 next 23
2025-06-15 03:29:14.950890: I external/local_tsl/tsl/framework/bfc_allocator.cc:1095] InUse at 7f95b0e01700 of size 256 next 24
2025-06-15 03:29:14.951337: I external/local_tsl/tsl/framework/bfc_allocator.cc:1095] InUse at 7f95b0e01800 of size 256 next 25
2025-06-15 03:29:14.951793: I external/local_tsl/tsl/framework/bfc_allocator.cc:1095] InUse at 7f95b0e01900 of size 256 next 28
2025-06-15 03:29:14.952246: I external/local_tsl/tsl/framework/bfc_allocator.cc:1095] InUse at 7f95b0e01a00 of size 256 next 289
2025-06-15 03:29:14.952665: I external/local_tsl/tsl/framework/bfc_allocator.cc:1095] InUse at 7f95b0e01b00 of size 256 next 30
2025-06-15 03:29:14.953132: I external/local_tsl/tsl/framework/bfc_allocator.cc:1095] InUse at 7f95b0e01c00 of size 256 next 31
2025-06-15 03:29:14.953557: I external/local_tsl/tsl/framework/bfc_allocator.cc:1095] InUse at 7f95b0e01d00 of size 256 next 32
2025-06-15 03:29:14.953966: I external/local_tsl/tsl/framework/bfc_allocator.cc:1095] InUse at 7f95b0e01e00 of size 256 next 35
2025-06-15 03:29:14.954385: I external/local_tsl/tsl/framework/bfc_allocator.cc:1095] InUse at 7f95b0e01f00 of size 256 next 33
2025-06-15 03:29:14.954884: I external/local_tsl/tsl/framework/bfc_allocator.cc:1095] InUse at 7f95b0e02000 of size 256 next 34
2025-06-15 03:29:14.955346: I external/local_tsl/tsl/framework/bfc_allocator.cc:1095] InUse at 7f95b0e02100 of size 512 next 39
2025-06-15 03:29:14.955767: I external/local_tsl/tsl/framework/bfc_allocator.cc:1095] InUse at 7f95b0e02300 of size 256 next 40
2025-06-15 03:29:14.956169: I external/local_tsl/tsl/framework/bfc_allocator.cc:1095] InUse at 7f95b0e02400 of size 256 next 41
2025-06-15 03:29:14.956615: I external/local_tsl/tsl/framework/bfc_allocator.cc:1095] InUse at 7f95b0e02500 of size 256 next 8
2025-06-15 03:29:14.957037: I external/local_tsl/tsl/framework/bfc_allocator.cc:1095] InUse at 7f95b0e02600 of size 3584 next 9
2025-06-15 03:29:14.957453: I external/local_tsl/tsl/framework/bfc_allocator.cc:1095] InUse at 7f95b0e03400 of size 512 next 42
2025-06-15 03:29:14.957866: I external/local_tsl/tsl/framework/bfc_allocator.cc:1095] InUse at 7f95b0e03600 of size 512 next 45
2025-06-15 03:29:14.958288: I external/local_tsl/tsl/framework/bfc_allocator.cc:1095] InUse at 7f95b0e03800 of size 512 next 46
2025-06-15 03:29:14.958693: I external/local_tsl/tsl/framework/bfc_allocator.cc:1095] InUse at 7f95b0e03a00 of size 512 next 297
2025-06-15 03:29:14.959095: I external/local_tsl/tsl/framework/bfc_allocator.cc:1095] InUse at 7f95b0e03c00 of size 512 next 48
2025-06-15 03:29:14.959540: I external/local_tsl/tsl/framework/bfc_allocator.cc:1095] InUse at 7f95b0e03e00 of size 256 next 49
2025-06-15 03:29:14.959967: I external/local_tsl/tsl/framework/bfc_allocator.cc:1095] InUse at 7f95b0e03f00 of size 512 next 50
2025-06-15 03:29:14.960435: I external/local_tsl/tsl/framework/bfc_allocator.cc:1095] InUse at 7f95b0e04100 of size 512 next 51
2025-06-15 03:29:14.960860: I external/local_tsl/tsl/framework/bfc_allocator.cc:1095] InUse at 7f95b0e04300 of size 512 next 55
2025-06-15 03:29:14.961278: I external/local_tsl/tsl/framework/bfc_allocator.cc:1095] InUse at 7f95b0e04500 of size 1024 next 57
2025-06-15 03:29:14.961752: I external/local_tsl/tsl/framework/bfc_allocator.cc:1095] InUse at 7f95b0e04900 of size 256 next 58
2025-06-15 03:29:14.962214: I external/local_tsl/tsl/framework/bfc_allocator.cc:1095] InUse at 7f95b0e04a00 of size 256 next 59
2025-06-15 03:29:14.962649: I external/local_tsl/tsl/framework/bfc_allocator.cc:1095] InUse at 7f95b0e04b00 of size 1024 next 60
2025-06-15 03:29:14.963120: I external/local_tsl/tsl/framework/bfc_allocator.cc:1095] InUse at 7f95b0e04f00 of size 1024 next 61
2025-06-15 03:29:14.963568: I external/local_tsl/tsl/framework/bfc_allocator.cc:1095] InUse at 7f95b0e05300 of size 1024 next 65
2025-06-15 03:29:14.964009: I external/local_tsl/tsl/framework/bfc_allocator.cc:1095] InUse at 7f95b0e05700 of size 1024 next 308
2025-06-15 03:29:14.964446: I external/local_tsl/tsl/framework/bfc_allocator.cc:1095] InUse at 7f95b0e05b00 of size 1024 next 67
2025-06-15 03:29:14.964876: I external/local_tsl/tsl/framework/bfc_allocator.cc:1095] InUse at 7f95b0e05f00 of size 256 next 68
2025-06-15 03:29:14.965327: I external/local_tsl/tsl/framework/bfc_allocator.cc:1095] InUse at 7f95b0e06000 of size 256 next 69
2025-06-15 03:29:14.965767: I external/local_tsl/tsl/framework/bfc_allocator.cc:1095] InUse at 7f95b0e06100 of size 1024 next 70
2025-06-15 03:29:14.966187: I external/local_tsl/tsl/framework/bfc_allocator.cc:1095] InUse at 7f95b0e06500 of size 1024 next 71
2025-06-15 03:29:14.966644: I external/local_tsl/tsl/framework/bfc_allocator.cc:1095] InUse at 7f95b0e06900 of size 1024 next 75
2025-06-15 03:29:14.967080: I external/local_tsl/tsl/framework/bfc_allocator.cc:1095] InUse at 7f95b0e06d00 of size 512 next 313
2025-06-15 03:29:14.967515: I external/local_tsl/tsl/framework/bfc_allocator.cc:1095] InUse at 7f95b0e06f00 of size 512 next 314
2025-06-15 03:29:14.967970: I external/local_tsl/tsl/framework/bfc_allocator.cc:1095] InUse at 7f95b0e07100 of size 512 next 315
2025-06-15 03:29:14.968416: I external/local_tsl/tsl/framework/bfc_allocator.cc:1095] InUse at 7f95b0e07300 of size 512 next 77
2025-06-15 03:29:14.968858: I external/local_tsl/tsl/framework/bfc_allocator.cc:1095] InUse at 7f95b0e07500 of size 256 next 78
2025-06-15 03:29:14.969360: I external/local_tsl/tsl/framework/bfc_allocator.cc:1095] InUse at 7f95b0e07600 of size 256 next 79
2025-06-15 03:29:14.969833: I external/local_tsl/tsl/framework/bfc_allocator.cc:1095] InUse at 7f95b0e07700 of size 512 next 80
2025-06-15 03:29:14.970271: I external/local_tsl/tsl/framework/bfc_allocator.cc:1095] InUse at 7f95b0e07900 of size 512 next 81
2025-06-15 03:29:14.970714: I external/local_tsl/tsl/framework/bfc_allocator.cc:1095] InUse at 7f95b0e07b00 of size 512 next 82
2025-06-15 03:29:14.971181: I external/local_tsl/tsl/framework/bfc_allocator.cc:1095] InUse at 7f95b0e07d00 of size 512 next 84
2025-06-15 03:29:14.971650: I external/local_tsl/tsl/framework/bfc_allocator.cc:1095] InUse at 7f95b0e07f00 of size 512 next 316
2025-06-15 03:29:14.972103: I external/local_tsl/tsl/framework/bfc_allocator.cc:1095] InUse at 7f95b0e08100 of size 512 next 86
2025-06-15 03:29:14.972548: I external/local_tsl/tsl/framework/bfc_allocator.cc:1095] InUse at 7f95b0e08300 of size 512 next 87
2025-06-15 03:29:14.973033: I external/local_tsl/tsl/framework/bfc_allocator.cc:1095] InUse at 7f95b0e08500 of size 512 next 88
2025-06-15 03:29:14.973519: I external/local_tsl/tsl/framework/bfc_allocator.cc:1095] InUse at 7f95b0e08700 of size 512 next 89
2025-06-15 03:29:14.973965: I external/local_tsl/tsl/framework/bfc_allocator.cc:1095] InUse at 7f95b0e08900 of size 256 next 321
2025-06-15 03:29:14.974394: I external/local_tsl/tsl/framework/bfc_allocator.cc:1095] InUse at 7f95b0e08a00 of size 256 next 323
2025-06-15 03:29:14.974921: I external/local_tsl/tsl/framework/bfc_allocator.cc:1095] InUse at 7f95b0e08b00 of size 256 next 324
2025-06-15 03:29:14.975388: I external/local_tsl/tsl/framework/bfc_allocator.cc:1095] InUse at 7f95b0e08c00 of size 256 next 92
2025-06-15 03:29:14.975840: I external/local_tsl/tsl/framework/bfc_allocator.cc:1095] InUse at 7f95b0e08d00 of size 256 next 93
2025-06-15 03:29:14.976281: I external/local_tsl/tsl/framework/bfc_allocator.cc:1095] InUse at 7f95b0e08e00 of size 256 next 94
2025-06-15 03:29:14.976807: I external/local_tsl/tsl/framework/bfc_allocator.cc:1095] InUse at 7f95b0e08f00 of size 256 next 97
2025-06-15 03:29:14.977350: I external/local_tsl/tsl/framework/bfc_allocator.cc:1095] InUse at 7f95b0e09000 of size 256 next 95
2025-06-15 03:29:14.977793: I external/local_tsl/tsl/framework/bfc_allocator.cc:1095] InUse at 7f95b0e09100 of size 256 next 96
2025-06-15 03:29:14.978228: I external/local_tsl/tsl/framework/bfc_allocator.cc:1095] InUse at 7f95b0e09200 of size 256 next 98
2025-06-15 03:29:14.978669: I external/local_tsl/tsl/framework/bfc_allocator.cc:1095] InUse at 7f95b0e09300 of size 256 next 101
2025-06-15 03:29:14.979099: I external/local_tsl/tsl/framework/bfc_allocator.cc:1095] InUse at 7f95b0e09400 of size 256 next 102
2025-06-15 03:29:14.979520: I external/local_tsl/tsl/framework/bfc_allocator.cc:1095] InUse at 7f95b0e09500 of size 256 next 103
2025-06-15 03:29:14.979945: I external/local_tsl/tsl/framework/bfc_allocator.cc:1095] InUse at 7f95b0e09600 of size 256 next 104
2025-06-15 03:29:14.980370: I external/local_tsl/tsl/framework/bfc_allocator.cc:1095] InUse at 7f95b0e09700 of size 256 next 105
2025-06-15 03:29:14.980803: I external/local_tsl/tsl/framework/bfc_allocator.cc:1095] Free  at 7f95b0e09800 of size 512 next 108
2025-06-15 03:29:14.981216: I external/local_tsl/tsl/framework/bfc_allocator.cc:1095] InUse at 7f95b0e09a00 of size 256 next 109
2025-06-15 03:29:14.981691: I external/local_tsl/tsl/framework/bfc_allocator.cc:1095] InUse at 7f95b0e09b00 of size 256 next 110
2025-06-15 03:29:14.982139: I external/local_tsl/tsl/framework/bfc_allocator.cc:1095] InUse at 7f95b0e09c00 of size 256 next 146
2025-06-15 03:29:14.982567: I external/local_tsl/tsl/framework/bfc_allocator.cc:1095] InUse at 7f95b0e09d00 of size 256 next 147
2025-06-15 03:29:14.982993: I external/local_tsl/tsl/framework/bfc_allocator.cc:1095] InUse at 7f95b0e09e00 of size 256 next 148
2025-06-15 03:29:14.983457: I external/local_tsl/tsl/framework/bfc_allocator.cc:1095] InUse at 7f95b0e09f00 of size 256 next 149
2025-06-15 03:29:14.983895: I external/local_tsl/tsl/framework/bfc_allocator.cc:1095] InUse at 7f95b0e0a000 of size 256 next 150
2025-06-15 03:29:14.984302: I external/local_tsl/tsl/framework/bfc_allocator.cc:1095] InUse at 7f95b0e0a100 of size 256 next 151
2025-06-15 03:29:14.984722: I external/local_tsl/tsl/framework/bfc_allocator.cc:1095] InUse at 7f95b0e0a200 of size 256 next 153
2025-06-15 03:29:14.985162: I external/local_tsl/tsl/framework/bfc_allocator.cc:1095] InUse at 7f95b0e0a300 of size 256 next 154
2025-06-15 03:29:14.985596: I external/local_tsl/tsl/framework/bfc_allocator.cc:1095] InUse at 7f95b0e0a400 of size 256 next 155
2025-06-15 03:29:14.986013: I external/local_tsl/tsl/framework/bfc_allocator.cc:1095] InUse at 7f95b0e0a500 of size 256 next 156
2025-06-15 03:29:14.986440: I external/local_tsl/tsl/framework/bfc_allocator.cc:1095] InUse at 7f95b0e0a600 of size 256 next 157
2025-06-15 03:29:14.986872: I external/local_tsl/tsl/framework/bfc_allocator.cc:1095] InUse at 7f95b0e0a700 of size 256 next 158
2025-06-15 03:29:14.987299: I external/local_tsl/tsl/framework/bfc_allocator.cc:1095] InUse at 7f95b0e0a800 of size 256 next 160
2025-06-15 03:29:14.987735: I external/local_tsl/tsl/framework/bfc_allocator.cc:1095] InUse at 7f95b0e0a900 of size 256 next 161
2025-06-15 03:29:14.988175: I external/local_tsl/tsl/framework/bfc_allocator.cc:1095] InUse at 7f95b0e0aa00 of size 256 next 162
2025-06-15 03:29:14.988589: I external/local_tsl/tsl/framework/bfc_allocator.cc:1095] InUse at 7f95b0e0ab00 of size 256 next 163
2025-06-15 03:29:14.989053: I external/local_tsl/tsl/framework/bfc_allocator.cc:1095] InUse at 7f95b0e0ac00 of size 256 next 164
2025-06-15 03:29:14.989495: I external/local_tsl/tsl/framework/bfc_allocator.cc:1095] InUse at 7f95b0e0ad00 of size 256 next 165
2025-06-15 03:29:14.989923: I external/local_tsl/tsl/framework/bfc_allocator.cc:1095] InUse at 7f95b0e0ae00 of size 512 next 167
2025-06-15 03:29:14.990391: I external/local_tsl/tsl/framework/bfc_allocator.cc:1095] InUse at 7f95b0e0b000 of size 512 next 168
2025-06-15 03:29:14.990826: I external/local_tsl/tsl/framework/bfc_allocator.cc:1095] InUse at 7f95b0e0b200 of size 512 next 169
2025-06-15 03:29:14.991241: I external/local_tsl/tsl/framework/bfc_allocator.cc:1095] InUse at 7f95b0e0b400 of size 512 next 170
2025-06-15 03:29:14.991700: I external/local_tsl/tsl/framework/bfc_allocator.cc:1095] InUse at 7f95b0e0b600 of size 512 next 171
2025-06-15 03:29:14.992162: I external/local_tsl/tsl/framework/bfc_allocator.cc:1095] InUse at 7f95b0e0b800 of size 512 next 172
2025-06-15 03:29:14.992613: I external/local_tsl/tsl/framework/bfc_allocator.cc:1095] InUse at 7f95b0e0ba00 of size 512 next 174
2025-06-15 03:29:14.993057: I external/local_tsl/tsl/framework/bfc_allocator.cc:1095] InUse at 7f95b0e0bc00 of size 512 next 175
2025-06-15 03:29:14.993516: I external/local_tsl/tsl/framework/bfc_allocator.cc:1095] InUse at 7f95b0e0be00 of size 512 next 176
2025-06-15 03:29:14.993980: I external/local_tsl/tsl/framework/bfc_allocator.cc:1095] InUse at 7f95b0e0c000 of size 512 next 177
2025-06-15 03:29:14.994411: I external/local_tsl/tsl/framework/bfc_allocator.cc:1095] InUse at 7f95b0e0c200 of size 512 next 178
2025-06-15 03:29:14.994839: I external/local_tsl/tsl/framework/bfc_allocator.cc:1095] InUse at 7f95b0e0c400 of size 512 next 179
2025-06-15 03:29:14.995276: I external/local_tsl/tsl/framework/bfc_allocator.cc:1095] InUse at 7f95b0e0c600 of size 1024 next 181
2025-06-15 03:29:14.995721: I external/local_tsl/tsl/framework/bfc_allocator.cc:1095] InUse at 7f95b0e0ca00 of size 1024 next 182
2025-06-15 03:29:14.996160: I external/local_tsl/tsl/framework/bfc_allocator.cc:1095] InUse at 7f95b0e0ce00 of size 1024 next 183
2025-06-15 03:29:14.996589: I external/local_tsl/tsl/framework/bfc_allocator.cc:1095] InUse at 7f95b0e0d200 of size 1024 next 184
2025-06-15 03:29:14.997026: I external/local_tsl/tsl/framework/bfc_allocator.cc:1095] InUse at 7f95b0e0d600 of size 1024 next 185
2025-06-15 03:29:14.997465: I external/local_tsl/tsl/framework/bfc_allocator.cc:1095] InUse at 7f95b0e0da00 of size 1024 next 186
2025-06-15 03:29:14.997976: I external/local_tsl/tsl/framework/bfc_allocator.cc:1095] InUse at 7f95b0e0de00 of size 1024 next 188
2025-06-15 03:29:14.998471: I external/local_tsl/tsl/framework/bfc_allocator.cc:1095] InUse at 7f95b0e0e200 of size 1024 next 189
2025-06-15 03:29:14.999000: I external/local_tsl/tsl/framework/bfc_allocator.cc:1095] InUse at 7f95b0e0e600 of size 1024 next 190
2025-06-15 03:29:14.999480: I external/local_tsl/tsl/framework/bfc_allocator.cc:1095] InUse at 7f95b0e0ea00 of size 1024 next 191
2025-06-15 03:29:14.999928: I external/local_tsl/tsl/framework/bfc_allocator.cc:1095] InUse at 7f95b0e0ee00 of size 1024 next 192
2025-06-15 03:29:15.000359: I external/local_tsl/tsl/framework/bfc_allocator.cc:1095] InUse at 7f95b0e0f200 of size 1024 next 193
2025-06-15 03:29:15.000798: I external/local_tsl/tsl/framework/bfc_allocator.cc:1095] InUse at 7f95b0e0f600 of size 512 next 196
2025-06-15 03:29:15.001254: I external/local_tsl/tsl/framework/bfc_allocator.cc:1095] InUse at 7f95b0e0f800 of size 512 next 197
2025-06-15 03:29:15.001690: I external/local_tsl/tsl/framework/bfc_allocator.cc:1095] InUse at 7f95b0e0fa00 of size 512 next 199
2025-06-15 03:29:15.002156: I external/local_tsl/tsl/framework/bfc_allocator.cc:1095] InUse at 7f95b0e0fc00 of size 512 next 200
2025-06-15 03:29:15.002595: I external/local_tsl/tsl/framework/bfc_allocator.cc:1095] InUse at 7f95b0e0fe00 of size 512 next 201
2025-06-15 03:29:15.003042: I external/local_tsl/tsl/framework/bfc_allocator.cc:1095] InUse at 7f95b0e10000 of size 512 next 202
2025-06-15 03:29:15.003559: I external/local_tsl/tsl/framework/bfc_allocator.cc:1095] InUse at 7f95b0e10200 of size 512 next 203
2025-06-15 03:29:15.004007: I external/local_tsl/tsl/framework/bfc_allocator.cc:1095] InUse at 7f95b0e10400 of size 512 next 204
2025-06-15 03:29:15.004513: I external/local_tsl/tsl/framework/bfc_allocator.cc:1095] InUse at 7f95b0e10600 of size 512 next 207
2025-06-15 03:29:15.004988: I external/local_tsl/tsl/framework/bfc_allocator.cc:1095] InUse at 7f95b0e10800 of size 512 next 208
2025-06-15 03:29:15.005424: I external/local_tsl/tsl/framework/bfc_allocator.cc:1095] InUse at 7f95b0e10a00 of size 512 next 209
2025-06-15 03:29:15.005896: I external/local_tsl/tsl/framework/bfc_allocator.cc:1095] InUse at 7f95b0e10c00 of size 512 next 210
2025-06-15 03:29:15.006392: I external/local_tsl/tsl/framework/bfc_allocator.cc:1095] InUse at 7f95b0e10e00 of size 512 next 211
2025-06-15 03:29:15.006861: I external/local_tsl/tsl/framework/bfc_allocator.cc:1095] InUse at 7f95b0e11000 of size 512 next 212
2025-06-15 03:29:15.007268: I external/local_tsl/tsl/framework/bfc_allocator.cc:1095] InUse at 7f95b0e11200 of size 256 next 215
2025-06-15 03:29:15.007684: I external/local_tsl/tsl/framework/bfc_allocator.cc:1095] InUse at 7f95b0e11300 of size 256 next 216
2025-06-15 03:29:15.008109: I external/local_tsl/tsl/framework/bfc_allocator.cc:1095] InUse at 7f95b0e11400 of size 256 next 219
2025-06-15 03:29:15.008540: I external/local_tsl/tsl/framework/bfc_allocator.cc:1095] InUse at 7f95b0e11500 of size 256 next 220
2025-06-15 03:29:15.008988: I external/local_tsl/tsl/framework/bfc_allocator.cc:1095] InUse at 7f95b0e11600 of size 256 next 221
2025-06-15 03:29:15.009452: I external/local_tsl/tsl/framework/bfc_allocator.cc:1095] InUse at 7f95b0e11700 of size 256 next 222
2025-06-15 03:29:15.009887: I external/local_tsl/tsl/framework/bfc_allocator.cc:1095] InUse at 7f95b0e11800 of size 256 next 223
2025-06-15 03:29:15.010304: I external/local_tsl/tsl/framework/bfc_allocator.cc:1095] InUse at 7f95b0e11900 of size 256 next 224
2025-06-15 03:29:15.010752: I external/local_tsl/tsl/framework/bfc_allocator.cc:1095] InUse at 7f95b0e11a00 of size 256 next 227
2025-06-15 03:29:15.011221: I external/local_tsl/tsl/framework/bfc_allocator.cc:1095] InUse at 7f95b0e11b00 of size 256 next 228
2025-06-15 03:29:15.011661: I external/local_tsl/tsl/framework/bfc_allocator.cc:1095] InUse at 7f95b0e11c00 of size 256 next 229
2025-06-15 03:29:15.012079: I external/local_tsl/tsl/framework/bfc_allocator.cc:1095] InUse at 7f95b0e11d00 of size 256 next 230
2025-06-15 03:29:15.012498: I external/local_tsl/tsl/framework/bfc_allocator.cc:1095] InUse at 7f95b0e11e00 of size 256 next 231
2025-06-15 03:29:15.012969: I external/local_tsl/tsl/framework/bfc_allocator.cc:1095] InUse at 7f95b0e11f00 of size 256 next 232
2025-06-15 03:29:15.013447: I external/local_tsl/tsl/framework/bfc_allocator.cc:1095] InUse at 7f95b0e12000 of size 65536 next 233
2025-06-15 03:29:15.013850: I external/local_tsl/tsl/framework/bfc_allocator.cc:1095] InUse at 7f95b0e22000 of size 95232 next 19
2025-06-15 03:29:15.014270: I external/local_tsl/tsl/framework/bfc_allocator.cc:1095] InUse at 7f95b0e39400 of size 110592 next 18
2025-06-15 03:29:15.014595: I external/local_tsl/tsl/framework/bfc_allocator.cc:1095] InUse at 7f95b0e54400 of size 65536 next 115
2025-06-15 03:29:15.014941: I external/local_tsl/tsl/framework/bfc_allocator.cc:1095] InUse at 7f95b0e64400 of size 256 next 112
2025-06-15 03:29:15.015354: I external/local_tsl/tsl/framework/bfc_allocator.cc:1095] InUse at 7f95b0e64500 of size 256 next 114
2025-06-15 03:29:15.015787: I external/local_tsl/tsl/framework/bfc_allocator.cc:1095] InUse at 7f95b0e64600 of size 256 next 113
2025-06-15 03:29:15.016196: I external/local_tsl/tsl/framework/bfc_allocator.cc:1095] InUse at 7f95b0e64700 of size 256 next 111
2025-06-15 03:29:15.016669: I external/local_tsl/tsl/framework/bfc_allocator.cc:1095] InUse at 7f95b0e64800 of size 256 next 117
2025-06-15 03:29:15.017109: I external/local_tsl/tsl/framework/bfc_allocator.cc:1095] InUse at 7f95b0e64900 of size 256 next 118
2025-06-15 03:29:15.017527: I external/local_tsl/tsl/framework/bfc_allocator.cc:1095] InUse at 7f95b0e64a00 of size 256 next 120
2025-06-15 03:29:15.017987: I external/local_tsl/tsl/framework/bfc_allocator.cc:1095] InUse at 7f95b0e64b00 of size 256 next 119
2025-06-15 03:29:15.018413: I external/local_tsl/tsl/framework/bfc_allocator.cc:1095] InUse at 7f95b0e64c00 of size 256 next 121
2025-06-15 03:29:15.018819: I external/local_tsl/tsl/framework/bfc_allocator.cc:1095] InUse at 7f95b0e64d00 of size 256 next 123
2025-06-15 03:29:15.019268: I external/local_tsl/tsl/framework/bfc_allocator.cc:1095] InUse at 7f95b0e64e00 of size 256 next 124
2025-06-15 03:29:15.019692: I external/local_tsl/tsl/framework/bfc_allocator.cc:1095] InUse at 7f95b0e64f00 of size 256 next 125
2025-06-15 03:29:15.020106: I external/local_tsl/tsl/framework/bfc_allocator.cc:1095] InUse at 7f95b0e65000 of size 256 next 126
2025-06-15 03:29:15.020541: I external/local_tsl/tsl/framework/bfc_allocator.cc:1095] InUse at 7f95b0e65100 of size 256 next 128
2025-06-15 03:29:15.020957: I external/local_tsl/tsl/framework/bfc_allocator.cc:1095] InUse at 7f95b0e65200 of size 256 next 127
2025-06-15 03:29:15.021355: I external/local_tsl/tsl/framework/bfc_allocator.cc:1095] InUse at 7f95b0e65300 of size 256 next 129
2025-06-15 03:29:15.021769: I external/local_tsl/tsl/framework/bfc_allocator.cc:1095] InUse at 7f95b0e65400 of size 256 next 130
2025-06-15 03:29:15.022174: I external/local_tsl/tsl/framework/bfc_allocator.cc:1095] InUse at 7f95b0e65500 of size 256 next 131
2025-06-15 03:29:15.022590: I external/local_tsl/tsl/framework/bfc_allocator.cc:1095] InUse at 7f95b0e65600 of size 256 next 132
2025-06-15 03:29:15.022989: I external/local_tsl/tsl/framework/bfc_allocator.cc:1095] InUse at 7f95b0e65700 of size 256 next 133
2025-06-15 03:29:15.023390: I external/local_tsl/tsl/framework/bfc_allocator.cc:1095] InUse at 7f95b0e65800 of size 256 next 137
2025-06-15 03:29:15.023799: I external/local_tsl/tsl/framework/bfc_allocator.cc:1095] InUse at 7f95b0e65900 of size 256 next 136
2025-06-15 03:29:15.024195: I external/local_tsl/tsl/framework/bfc_allocator.cc:1095] InUse at 7f95b0e65a00 of size 3584 next 138
2025-06-15 03:29:15.024606: I external/local_tsl/tsl/framework/bfc_allocator.cc:1095] InUse at 7f95b0e66800 of size 3584 next 139
2025-06-15 03:29:15.025097: I external/local_tsl/tsl/framework/bfc_allocator.cc:1095] InUse at 7f95b0e67600 of size 256 next 140
2025-06-15 03:29:15.025550: I external/local_tsl/tsl/framework/bfc_allocator.cc:1095] InUse at 7f95b0e67700 of size 256 next 141
2025-06-15 03:29:15.025960: I external/local_tsl/tsl/framework/bfc_allocator.cc:1095] InUse at 7f95b0e67800 of size 256 next 142
2025-06-15 03:29:15.026386: I external/local_tsl/tsl/framework/bfc_allocator.cc:1095] InUse at 7f95b0e67900 of size 256 next 143
2025-06-15 03:29:15.026799: I external/local_tsl/tsl/framework/bfc_allocator.cc:1095] InUse at 7f95b0e67a00 of size 256 next 144
2025-06-15 03:29:15.027208: I external/local_tsl/tsl/framework/bfc_allocator.cc:1095] InUse at 7f95b0e67b00 of size 256 next 145
2025-06-15 03:29:15.027602: I external/local_tsl/tsl/framework/bfc_allocator.cc:1095] InUse at 7f95b0e67c00 of size 141312 next 27
2025-06-15 03:29:15.027918: I external/local_tsl/tsl/framework/bfc_allocator.cc:1095] InUse at 7f95b0e8a400 of size 221184 next 26
2025-06-15 03:29:15.028246: I external/local_tsl/tsl/framework/bfc_allocator.cc:1095] InUse at 7f95b0ec0400 of size 442368 next 159
2025-06-15 03:29:15.028602: I external/local_tsl/tsl/framework/bfc_allocator.cc:1095] InUse at 7f95b0f2c400 of size 867328 next 18446744073709551615
2025-06-15 03:29:15.028906: I external/local_tsl/tsl/framework/bfc_allocator.cc:1075] Next region of size 4194304
2025-06-15 03:29:15.029315: I external/local_tsl/tsl/framework/bfc_allocator.cc:1095] InUse at 7f95b1400000 of size 442368 next 37
2025-06-15 03:29:15.029641: I external/local_tsl/tsl/framework/bfc_allocator.cc:1095] InUse at 7f95b146c000 of size 221184 next 116
2025-06-15 03:29:15.029945: I external/local_tsl/tsl/framework/bfc_allocator.cc:1095] InUse at 7f95b14a2000 of size 110592 next 122
2025-06-15 03:29:15.030335: I external/local_tsl/tsl/framework/bfc_allocator.cc:1095] InUse at 7f95b14bd000 of size 192512 next 99
2025-06-15 03:29:15.030663: I external/local_tsl/tsl/framework/bfc_allocator.cc:1095] InUse at 7f95b14ec000 of size 360448 next 44
2025-06-15 03:29:15.031022: I external/local_tsl/tsl/framework/bfc_allocator.cc:1095] InUse at 7f95b1544000 of size 884736 next 43
2025-06-15 03:29:15.031371: I external/local_tsl/tsl/framework/bfc_allocator.cc:1095] InUse at 7f95b161c000 of size 1982464 next 18446744073709551615
2025-06-15 03:29:15.031695: I external/local_tsl/tsl/framework/bfc_allocator.cc:1075] Next region of size 8388608
2025-06-15 03:29:15.032112: I external/local_tsl/tsl/framework/bfc_allocator.cc:1095] InUse at 7f95b1800000 of size 884736 next 166
2025-06-15 03:29:15.032429: I external/local_tsl/tsl/framework/bfc_allocator.cc:1095] InUse at 7f95b18d8000 of size 884736 next 54
2025-06-15 03:29:15.032757: I external/local_tsl/tsl/framework/bfc_allocator.cc:1095] InUse at 7f95b19b0000 of size 1769472 next 52
2025-06-15 03:29:15.033071: I external/local_tsl/tsl/framework/bfc_allocator.cc:1095] InUse at 7f95b1b60000 of size 4849664 next 18446744073709551615
2025-06-15 03:29:15.033445: I external/local_tsl/tsl/framework/bfc_allocator.cc:1100]      Summary of in-use Chunks by size: 
2025-06-15 03:29:15.033910: I external/local_tsl/tsl/framework/bfc_allocator.cc:1103] 155 Chunks of size 256 totalling 38.8KiB
2025-06-15 03:29:15.034439: I external/local_tsl/tsl/framework/bfc_allocator.cc:1103] 55 Chunks of size 512 totalling 27.5KiB
2025-06-15 03:29:15.034857: I external/local_tsl/tsl/framework/bfc_allocator.cc:1103] 26 Chunks of size 1024 totalling 26.0KiB
2025-06-15 03:29:15.035341: I external/local_tsl/tsl/framework/bfc_allocator.cc:1103] 1 Chunks of size 1280 totalling 1.2KiB
2025-06-15 03:29:15.035799: I external/local_tsl/tsl/framework/bfc_allocator.cc:1103] 3 Chunks of size 3584 totalling 10.5KiB
2025-06-15 03:29:15.036211: I external/local_tsl/tsl/framework/bfc_allocator.cc:1103] 2 Chunks of size 65536 totalling 128.0KiB
2025-06-15 03:29:15.036634: I external/local_tsl/tsl/framework/bfc_allocator.cc:1103] 1 Chunks of size 95232 totalling 93.0KiB
2025-06-15 03:29:15.037101: I external/local_tsl/tsl/framework/bfc_allocator.cc:1103] 4 Chunks of size 110592 totalling 432.0KiB
2025-06-15 03:29:15.037513: I external/local_tsl/tsl/framework/bfc_allocator.cc:1103] 1 Chunks of size 141312 totalling 138.0KiB
2025-06-15 03:29:15.037924: I external/local_tsl/tsl/framework/bfc_allocator.cc:1103] 1 Chunks of size 192512 totalling 188.0KiB
2025-06-15 03:29:15.038350: I external/local_tsl/tsl/framework/bfc_allocator.cc:1103] 6 Chunks of size 221184 totalling 1.27MiB
2025-06-15 03:29:15.038791: I external/local_tsl/tsl/framework/bfc_allocator.cc:1103] 2 Chunks of size 262144 totalling 512.0KiB
2025-06-15 03:29:15.039213: I external/local_tsl/tsl/framework/bfc_allocator.cc:1103] 1 Chunks of size 360448 totalling 352.0KiB
2025-06-15 03:29:15.039637: I external/local_tsl/tsl/framework/bfc_allocator.cc:1103] 5 Chunks of size 442368 totalling 2.11MiB
2025-06-15 03:29:15.040054: I external/local_tsl/tsl/framework/bfc_allocator.cc:1103] 1 Chunks of size 867328 totalling 847.0KiB
2025-06-15 03:29:15.040480: I external/local_tsl/tsl/framework/bfc_allocator.cc:1103] 6 Chunks of size 884736 totalling 5.06MiB
2025-06-15 03:29:15.040905: I external/local_tsl/tsl/framework/bfc_allocator.cc:1103] 2 Chunks of size 1048576 totalling 2.00MiB
2025-06-15 03:29:15.041312: I external/local_tsl/tsl/framework/bfc_allocator.cc:1103] 6 Chunks of size 1769472 totalling 10.12MiB
2025-06-15 03:29:15.041765: I external/local_tsl/tsl/framework/bfc_allocator.cc:1103] 1 Chunks of size 1982464 totalling 1.89MiB
2025-06-15 03:29:15.042190: I external/local_tsl/tsl/framework/bfc_allocator.cc:1103] 4 Chunks of size 3538944 totalling 13.50MiB
2025-06-15 03:29:15.042665: I external/local_tsl/tsl/framework/bfc_allocator.cc:1103] 1 Chunks of size 4063232 totalling 3.88MiB
2025-06-15 03:29:15.043095: I external/local_tsl/tsl/framework/bfc_allocator.cc:1103] 1 Chunks of size 4849664 totalling 4.62MiB
2025-06-15 03:29:15.043536: I external/local_tsl/tsl/framework/bfc_allocator.cc:1103] 2 Chunks of size 7077888 totalling 13.50MiB
2025-06-15 03:29:15.044005: I external/local_tsl/tsl/framework/bfc_allocator.cc:1103] 1 Chunks of size 12320768 totalling 11.75MiB
2025-06-15 03:29:15.044337: I external/local_tsl/tsl/framework/bfc_allocator.cc:1103] 2 Chunks of size 15138816 totalling 28.88MiB
2025-06-15 03:29:15.044682: I external/local_tsl/tsl/framework/bfc_allocator.cc:1103] 4 Chunks of size 30277632 totalling 115.50MiB
2025-06-15 03:29:15.045048: I external/local_tsl/tsl/framework/bfc_allocator.cc:1103] 2 Chunks of size 60555264 totalling 115.50MiB
2025-06-15 03:29:15.045473: I external/local_tsl/tsl/framework/bfc_allocator.cc:1103] 1 Chunks of size 73662464 totalling 70.25MiB
2025-06-15 03:29:15.045821: I external/local_tsl/tsl/framework/bfc_allocator.cc:1103] 1 Chunks of size 116654080 totalling 111.25MiB
2025-06-15 03:29:15.046142: I external/local_tsl/tsl/framework/bfc_allocator.cc:1103] 6 Chunks of size 121110528 totalling 693.00MiB
2025-06-15 03:29:15.046490: I external/local_tsl/tsl/framework/bfc_allocator.cc:1103] 2 Chunks of size 209715200 totalling 400.00MiB
2025-06-15 03:29:15.046834: I external/local_tsl/tsl/framework/bfc_allocator.cc:1103] 3 Chunks of size 242221056 totalling 693.00MiB
2025-06-15 03:29:15.047149: I external/local_tsl/tsl/framework/bfc_allocator.cc:1103] 8 Chunks of size 484442112 totalling 3.61GiB
2025-06-15 03:29:15.047463: I external/local_tsl/tsl/framework/bfc_allocator.cc:1103] 1 Chunks of size 968884224 totalling 924.00MiB
2025-06-15 03:29:15.047820: I external/local_tsl/tsl/framework/bfc_allocator.cc:1103] 6 Chunks of size 1937768448 totalling 10.83GiB
2025-06-15 03:29:15.048151: I external/local_tsl/tsl/framework/bfc_allocator.cc:1107] Sum Total of in-use chunks: 17.58GiB
2025-06-15 03:29:15.048588: I external/local_tsl/tsl/framework/bfc_allocator.cc:1109] Total bytes in pool: 23575789568 memory_limit_: 23575789568 available bytes: 0 curr_region_allocation_bytes_: 34359738368
2025-06-15 03:29:15.048932: I external/local_tsl/tsl/framework/bfc_allocator.cc:1114] Stats: 
Limit:                     23575789568
InUse:                     18882553856
MaxInUse:                  22800760320
NumAllocs:                         912
MaxAllocSize:               4135495424
Reserved:                            0
PeakReserved:                        0
LargestFreeBlock:                    0

2025-06-15 03:29:15.049276: W external/local_tsl/tsl/framework/bfc_allocator.cc:497] ________*********________************************************_**************************************
2025-06-15 03:29:15.049616: W tensorflow/core/framework/op_kernel.cc:1839] OP_REQUIRES failed at concat_op.cc:165 : RESOURCE_EXHAUSTED: OOM when allocating tensor with shape[2,64,192,224,176] and type float on /job:localhost/replica:0/task:0/device:GPU:0 by allocator GPU_0_bfc
Traceback (most recent call last):
  File "/mnt/beegfs/hellgate/home/rb194958e/stroke_segmentation_sota/batch_wise_train.py", line 277, in <module>
    if main():
       ^^^^^^
  File "/mnt/beegfs/hellgate/home/rb194958e/stroke_segmentation_sota/batch_wise_train.py", line 256, in main
    history = model.fit(
              ^^^^^^^^^^
  File "/mnt/beegfs/hellgate/home/rb194958e/.conda/envs/tf215_env/lib/python3.11/site-packages/keras/src/utils/traceback_utils.py", line 70, in error_handler
    raise e.with_traceback(filtered_tb) from None
  File "/mnt/beegfs/hellgate/home/rb194958e/.conda/envs/tf215_env/lib/python3.11/site-packages/tensorflow/python/eager/execute.py", line 53, in quick_execute
    tensors = pywrap_tfe.TFE_Py_Execute(ctx._handle, device_name, op_name,
  ^^^^^^^^^^^^^^^^^^^^^^^^^^^^^^^^^^^^^^^^^^^^^^^^^^^^^^^^^^^^^^^^^^^^^^^^
tensorflow.python.framework.errors_impl.ResourceExhaustedError: Graph execution error:

Detected at node model/concatenate_2/concat defined at (most recent call last):
  File "/mnt/beegfs/hellgate/home/rb194958e/stroke_segmentation_sota/batch_wise_train.py", line 277, in <module>

  File "/mnt/beegfs/hellgate/home/rb194958e/stroke_segmentation_sota/batch_wise_train.py", line 256, in main

  File "/mnt/beegfs/hellgate/home/rb194958e/.conda/envs/tf215_env/lib/python3.11/site-packages/keras/src/utils/traceback_utils.py", line 65, in error_handler

  File "/mnt/beegfs/hellgate/home/rb194958e/.conda/envs/tf215_env/lib/python3.11/site-packages/keras/src/engine/training.py", line 1807, in fit

  File "/mnt/beegfs/hellgate/home/rb194958e/.conda/envs/tf215_env/lib/python3.11/site-packages/keras/src/engine/training.py", line 1401, in train_function

  File "/mnt/beegfs/hellgate/home/rb194958e/.conda/envs/tf215_env/lib/python3.11/site-packages/keras/src/engine/training.py", line 1384, in step_function

  File "/mnt/beegfs/hellgate/home/rb194958e/.conda/envs/tf215_env/lib/python3.11/site-packages/keras/src/engine/training.py", line 1373, in run_step

  File "/mnt/beegfs/hellgate/home/rb194958e/.conda/envs/tf215_env/lib/python3.11/site-packages/keras/src/engine/training.py", line 1150, in train_step

  File "/mnt/beegfs/hellgate/home/rb194958e/.conda/envs/tf215_env/lib/python3.11/site-packages/keras/src/utils/traceback_utils.py", line 65, in error_handler

  File "/mnt/beegfs/hellgate/home/rb194958e/.conda/envs/tf215_env/lib/python3.11/site-packages/keras/src/engine/training.py", line 590, in __call__

  File "/mnt/beegfs/hellgate/home/rb194958e/.conda/envs/tf215_env/lib/python3.11/site-packages/keras/src/utils/traceback_utils.py", line 65, in error_handler

  File "/mnt/beegfs/hellgate/home/rb194958e/.conda/envs/tf215_env/lib/python3.11/site-packages/keras/src/engine/base_layer.py", line 1149, in __call__

  File "/mnt/beegfs/hellgate/home/rb194958e/.conda/envs/tf215_env/lib/python3.11/site-packages/keras/src/utils/traceback_utils.py", line 96, in error_handler

  File "/mnt/beegfs/hellgate/home/rb194958e/.conda/envs/tf215_env/lib/python3.11/site-packages/keras/src/engine/functional.py", line 515, in call

  File "/mnt/beegfs/hellgate/home/rb194958e/.conda/envs/tf215_env/lib/python3.11/site-packages/keras/src/engine/functional.py", line 672, in _run_internal_graph

  File "/mnt/beegfs/hellgate/home/rb194958e/.conda/envs/tf215_env/lib/python3.11/site-packages/keras/src/utils/traceback_utils.py", line 65, in error_handler

  File "/mnt/beegfs/hellgate/home/rb194958e/.conda/envs/tf215_env/lib/python3.11/site-packages/keras/src/engine/base_layer.py", line 1149, in __call__

  File "/mnt/beegfs/hellgate/home/rb194958e/.conda/envs/tf215_env/lib/python3.11/site-packages/keras/src/utils/traceback_utils.py", line 96, in error_handler

  File "/mnt/beegfs/hellgate/home/rb194958e/.conda/envs/tf215_env/lib/python3.11/site-packages/keras/src/layers/merging/base_merge.py", line 196, in call

  File "/mnt/beegfs/hellgate/home/rb194958e/.conda/envs/tf215_env/lib/python3.11/site-packages/keras/src/layers/merging/concatenate.py", line 134, in _merge_function

  File "/mnt/beegfs/hellgate/home/rb194958e/.conda/envs/tf215_env/lib/python3.11/site-packages/keras/src/backend.py", line 3580, in concatenate

OOM when allocating tensor with shape[2,64,192,224,176] and type float on /job:localhost/replica:0/task:0/device:GPU:0 by allocator GPU_0_bfc
	 [[{{node model/concatenate_2/concat}}]]
Hint: If you want to see a list of allocated tensors when OOM happens, add report_tensor_allocations_upon_oom to RunOptions for current allocation info. This isn't available when running in Eager mode.
 [Op:__inference_train_function_7309]
2025-06-15 03:29:15.209710: W tensorflow/core/kernels/data/generator_dataset_op.cc:108] Error occurred when finalizing GeneratorDataset iterator: FAILED_PRECONDITION: Python interpreter state is not initialized. The process may be terminated.
	 [[{{node PyFunc}}]]
/var/spool/slurmd/job1124282/slurm_script: line 320: EOF: command not found
/var/spool/slurmd/job1124282/slurm_script: line 330: unexpected EOF while looking for matching ``'
/var/spool/slurmd/job1124282/slurm_script: line 339: syntax error: unexpected end of file
