2025-06-14 22:52:59.348053: I tensorflow/core/util/port.cc:113] oneDNN custom operations are on. You may see slightly different numerical results due to floating-point round-off errors from different computation orders. To turn them off, set the environment variable `TF_ENABLE_ONEDNN_OPTS=0`.
2025-06-14 22:53:00.089115: E external/local_xla/xla/stream_executor/cuda/cuda_dnn.cc:9261] Unable to register cuDNN factory: Attempting to register factory for plugin cuDNN when one has already been registered
2025-06-14 22:53:00.089730: E external/local_xla/xla/stream_executor/cuda/cuda_fft.cc:607] Unable to register cuFFT factory: Attempting to register factory for plugin cuFFT when one has already been registered
2025-06-14 22:53:00.203034: E external/local_xla/xla/stream_executor/cuda/cuda_blas.cc:1515] Unable to register cuBLAS factory: Attempting to register factory for plugin cuBLAS when one has already been registered
2025-06-14 22:53:00.452789: I tensorflow/core/platform/cpu_feature_guard.cc:182] This TensorFlow binary is optimized to use available CPU instructions in performance-critical operations.
To enable the following instructions: AVX2 AVX512F AVX512_VNNI FMA, in other operations, rebuild TensorFlow with the appropriate compiler flags.
2025-06-14 22:53:07.101412: W tensorflow/compiler/tf2tensorrt/utils/py_utils.cc:38] TF-TRT Warning: Could not find TensorRT
INFO:__main__:🚀 Starting Stroke Lesion Segmentation Training
INFO:__main__:Using 1 GPU(s)
INFO:__main__:Creating data generators...
INFO:__main__:Found 655 valid image/mask pairs
INFO:__main__:Found 655 valid image/mask pairs
INFO:__main__:Training batches: 262
INFO:__main__:Validation batches: 65
INFO:__main__:Building model...
2025-06-14 22:53:21.416882: I tensorflow/core/common_runtime/gpu/gpu_device.cc:1929] Created device /job:localhost/replica:0/task:0/device:GPU:0 with 22483 MB memory:  -> device: 0, name: NVIDIA RTX 4500 Ada Generation, pci bus id: 0000:1c:00.0, compute capability: 8.9
INFO:__main__:Model parameters: 5,605,345
INFO:__main__:Starting training...
pixdim[0] (qfac) should be 1 (default) or -1; setting qfac to 1
INFO:nibabel.global:pixdim[0] (qfac) should be 1 (default) or -1; setting qfac to 1
pixdim[0] (qfac) should be 1 (default) or -1; setting qfac to 1
INFO:nibabel.global:pixdim[0] (qfac) should be 1 (default) or -1; setting qfac to 1
pixdim[0] (qfac) should be 1 (default) or -1; setting qfac to 1
INFO:nibabel.global:pixdim[0] (qfac) should be 1 (default) or -1; setting qfac to 1
pixdim[0] (qfac) should be 1 (default) or -1; setting qfac to 1
INFO:nibabel.global:pixdim[0] (qfac) should be 1 (default) or -1; setting qfac to 1
2025-06-14 22:53:29.023320: I external/local_xla/xla/stream_executor/cuda/cuda_dnn.cc:454] Loaded cuDNN version 8907
pixdim[0] (qfac) should be 1 (default) or -1; setting qfac to 1
INFO:nibabel.global:pixdim[0] (qfac) should be 1 (default) or -1; setting qfac to 1
pixdim[0] (qfac) should be 1 (default) or -1; setting qfac to 1
INFO:nibabel.global:pixdim[0] (qfac) should be 1 (default) or -1; setting qfac to 1
pixdim[0] (qfac) should be 1 (default) or -1; setting qfac to 1
INFO:nibabel.global:pixdim[0] (qfac) should be 1 (default) or -1; setting qfac to 1
pixdim[0] (qfac) should be 1 (default) or -1; setting qfac to 1
INFO:nibabel.global:pixdim[0] (qfac) should be 1 (default) or -1; setting qfac to 1
2025-06-14 22:53:45.468071: W external/local_tsl/tsl/framework/bfc_allocator.cc:296] Allocator (GPU_0_bfc) ran out of memory trying to allocate 2.27GiB with freed_by_count=0. The caller indicates that this is not a failure, but this may mean that there could be performance gains if more memory were available.
2025-06-14 22:53:45.569866: W external/local_tsl/tsl/framework/bfc_allocator.cc:296] Allocator (GPU_0_bfc) ran out of memory trying to allocate 2.30GiB with freed_by_count=0. The caller indicates that this is not a failure, but this may mean that there could be performance gains if more memory were available.
2025-06-14 22:53:45.570717: W external/local_tsl/tsl/framework/bfc_allocator.cc:296] Allocator (GPU_0_bfc) ran out of memory trying to allocate 2.27GiB with freed_by_count=0. The caller indicates that this is not a failure, but this may mean that there could be performance gains if more memory were available.
2025-06-14 22:53:46.190719: W external/local_tsl/tsl/framework/bfc_allocator.cc:296] Allocator (GPU_0_bfc) ran out of memory trying to allocate 2.27GiB with freed_by_count=0. The caller indicates that this is not a failure, but this may mean that there could be performance gains if more memory were available.
2025-06-14 22:53:46.243791: W external/local_tsl/tsl/framework/bfc_allocator.cc:296] Allocator (GPU_0_bfc) ran out of memory trying to allocate 2.30GiB with freed_by_count=0. The caller indicates that this is not a failure, but this may mean that there could be performance gains if more memory were available.
2025-06-14 22:53:46.244820: W external/local_tsl/tsl/framework/bfc_allocator.cc:296] Allocator (GPU_0_bfc) ran out of memory trying to allocate 2.27GiB with freed_by_count=0. The caller indicates that this is not a failure, but this may mean that there could be performance gains if more memory were available.
2025-06-14 22:53:56.867286: W external/local_tsl/tsl/framework/bfc_allocator.cc:485] Allocator (GPU_0_bfc) ran out of memory trying to allocate 3.61GiB (rounded to 3875536896)requested by op model/concatenate_2/concat
If the cause is memory fragmentation maybe the environment variable 'TF_GPU_ALLOCATOR=cuda_malloc_async' will improve the situation. 
Current allocation summary follows.
Current allocation summary follows.
2025-06-14 22:53:56.868178: I external/local_tsl/tsl/framework/bfc_allocator.cc:1039] BFCAllocator dump for GPU_0_bfc
2025-06-14 22:53:56.868842: I external/local_tsl/tsl/framework/bfc_allocator.cc:1046] Bin (256): 	Total Chunks: 155, Chunks in use: 155. 38.8KiB allocated for chunks. 38.8KiB in use in bin. 20.7KiB client-requested in use in bin.
2025-06-14 22:53:56.869278: I external/local_tsl/tsl/framework/bfc_allocator.cc:1046] Bin (512): 	Total Chunks: 56, Chunks in use: 55. 28.0KiB allocated for chunks. 27.5KiB in use in bin. 27.5KiB client-requested in use in bin.
2025-06-14 22:53:56.869678: I external/local_tsl/tsl/framework/bfc_allocator.cc:1046] Bin (1024): 	Total Chunks: 27, Chunks in use: 27. 27.2KiB allocated for chunks. 27.2KiB in use in bin. 27.0KiB client-requested in use in bin.
2025-06-14 22:53:56.870022: I external/local_tsl/tsl/framework/bfc_allocator.cc:1046] Bin (2048): 	Total Chunks: 3, Chunks in use: 3. 10.5KiB allocated for chunks. 10.5KiB in use in bin. 10.1KiB client-requested in use in bin.
2025-06-14 22:53:56.870417: I external/local_tsl/tsl/framework/bfc_allocator.cc:1046] Bin (4096): 	Total Chunks: 0, Chunks in use: 0. 0B allocated for chunks. 0B in use in bin. 0B client-requested in use in bin.
2025-06-14 22:53:56.870796: I external/local_tsl/tsl/framework/bfc_allocator.cc:1046] Bin (8192): 	Total Chunks: 0, Chunks in use: 0. 0B allocated for chunks. 0B in use in bin. 0B client-requested in use in bin.
2025-06-14 22:53:56.871145: I external/local_tsl/tsl/framework/bfc_allocator.cc:1046] Bin (16384): 	Total Chunks: 0, Chunks in use: 0. 0B allocated for chunks. 0B in use in bin. 0B client-requested in use in bin.
2025-06-14 22:53:56.871523: I external/local_tsl/tsl/framework/bfc_allocator.cc:1046] Bin (32768): 	Total Chunks: 0, Chunks in use: 0. 0B allocated for chunks. 0B in use in bin. 0B client-requested in use in bin.
2025-06-14 22:53:56.871912: I external/local_tsl/tsl/framework/bfc_allocator.cc:1046] Bin (65536): 	Total Chunks: 7, Chunks in use: 7. 653.0KiB allocated for chunks. 653.0KiB in use in bin. 624.0KiB client-requested in use in bin.
2025-06-14 22:53:56.872285: I external/local_tsl/tsl/framework/bfc_allocator.cc:1046] Bin (131072): 	Total Chunks: 8, Chunks in use: 8. 1.58MiB allocated for chunks. 1.58MiB in use in bin. 1.48MiB client-requested in use in bin.
2025-06-14 22:53:56.872661: I external/local_tsl/tsl/framework/bfc_allocator.cc:1046] Bin (262144): 	Total Chunks: 8, Chunks in use: 8. 2.95MiB allocated for chunks. 2.95MiB in use in bin. 2.86MiB client-requested in use in bin.
2025-06-14 22:53:56.873033: I external/local_tsl/tsl/framework/bfc_allocator.cc:1046] Bin (524288): 	Total Chunks: 7, Chunks in use: 7. 5.89MiB allocated for chunks. 5.89MiB in use in bin. 5.48MiB client-requested in use in bin.
2025-06-14 22:53:56.873391: I external/local_tsl/tsl/framework/bfc_allocator.cc:1046] Bin (1048576): 	Total Chunks: 9, Chunks in use: 9. 14.02MiB allocated for chunks. 14.02MiB in use in bin. 13.12MiB client-requested in use in bin.
2025-06-14 22:53:56.873796: I external/local_tsl/tsl/framework/bfc_allocator.cc:1046] Bin (2097152): 	Total Chunks: 5, Chunks in use: 5. 17.38MiB allocated for chunks. 17.38MiB in use in bin. 16.88MiB client-requested in use in bin.
2025-06-14 22:53:56.874169: I external/local_tsl/tsl/framework/bfc_allocator.cc:1046] Bin (4194304): 	Total Chunks: 3, Chunks in use: 3. 18.12MiB allocated for chunks. 18.12MiB in use in bin. 16.88MiB client-requested in use in bin.
2025-06-14 22:53:56.874549: I external/local_tsl/tsl/framework/bfc_allocator.cc:1046] Bin (8388608): 	Total Chunks: 3, Chunks in use: 3. 40.62MiB allocated for chunks. 40.62MiB in use in bin. 35.62MiB client-requested in use in bin.
2025-06-14 22:53:56.874927: I external/local_tsl/tsl/framework/bfc_allocator.cc:1046] Bin (16777216): 	Total Chunks: 5, Chunks in use: 4. 140.19MiB allocated for chunks. 115.50MiB in use in bin. 115.50MiB client-requested in use in bin.
2025-06-14 22:53:56.875266: I external/local_tsl/tsl/framework/bfc_allocator.cc:1046] Bin (33554432): 	Total Chunks: 2, Chunks in use: 2. 115.50MiB allocated for chunks. 115.50MiB in use in bin. 115.50MiB client-requested in use in bin.
2025-06-14 22:53:56.875765: I external/local_tsl/tsl/framework/bfc_allocator.cc:1046] Bin (67108864): 	Total Chunks: 8, Chunks in use: 8. 874.50MiB allocated for chunks. 874.50MiB in use in bin. 808.50MiB client-requested in use in bin.
2025-06-14 22:53:56.876222: I external/local_tsl/tsl/framework/bfc_allocator.cc:1046] Bin (134217728): 	Total Chunks: 5, Chunks in use: 5. 1.07GiB allocated for chunks. 1.07GiB in use in bin. 924.00MiB client-requested in use in bin.
2025-06-14 22:53:56.876705: I external/local_tsl/tsl/framework/bfc_allocator.cc:1046] Bin (268435456): 	Total Chunks: 18, Chunks in use: 15. 19.69GiB allocated for chunks. 15.34GiB in use in bin. 15.34GiB client-requested in use in bin.
2025-06-14 22:53:56.877081: I external/local_tsl/tsl/framework/bfc_allocator.cc:1062] Bin for 3.61GiB was 256.00MiB, Chunk State: 
2025-06-14 22:53:56.877426: I external/local_tsl/tsl/framework/bfc_allocator.cc:1068]   Size: 453.50MiB | Requested Size: 16.00MiB | in_use: 0 | bin_num: 20, prev:   Size: 462.00MiB | Requested Size: 462.00MiB | in_use: 1 | bin_num: -1
2025-06-14 22:53:56.877815: I external/local_tsl/tsl/framework/bfc_allocator.cc:1068]   Size: 1.80GiB | Requested Size: 1.80GiB | in_use: 0 | bin_num: 20, next:   Size: 1.80GiB | Requested Size: 1.80GiB | in_use: 1 | bin_num: -1
2025-06-14 22:53:56.878202: I external/local_tsl/tsl/framework/bfc_allocator.cc:1068]   Size: 2.10GiB | Requested Size: 1.82GiB | in_use: 0 | bin_num: 20, prev:   Size: 1.80GiB | Requested Size: 1.80GiB | in_use: 1 | bin_num: -1
2025-06-14 22:53:56.878656: I external/local_tsl/tsl/framework/bfc_allocator.cc:1075] Next region of size 6129582080
2025-06-14 22:53:56.879105: I external/local_tsl/tsl/framework/bfc_allocator.cc:1095] Free  at 7fb6ea000000 of size 1937768448 next 107
2025-06-14 22:53:56.879428: I external/local_tsl/tsl/framework/bfc_allocator.cc:1095] InUse at 7fb75d800000 of size 1937768448 next 329
2025-06-14 22:53:56.879800: I external/local_tsl/tsl/framework/bfc_allocator.cc:1095] Free  at 7fb7d1000000 of size 2254045184 next 18446744073709551615
2025-06-14 22:53:56.880128: I external/local_tsl/tsl/framework/bfc_allocator.cc:1075] Next region of size 8589934592
2025-06-14 22:53:56.880578: I external/local_tsl/tsl/framework/bfc_allocator.cc:1095] InUse at 7fb882000000 of size 1937768448 next 281
2025-06-14 22:53:56.880962: I external/local_tsl/tsl/framework/bfc_allocator.cc:1095] InUse at 7fb8f5800000 of size 242221056 next 282
2025-06-14 22:53:56.881325: I external/local_tsl/tsl/framework/bfc_allocator.cc:1095] InUse at 7fb903f00000 of size 484442112 next 283
2025-06-14 22:53:56.881696: I external/local_tsl/tsl/framework/bfc_allocator.cc:1095] InUse at 7fb920d00000 of size 484442112 next 284
2025-06-14 22:53:56.882046: I external/local_tsl/tsl/framework/bfc_allocator.cc:1095] InUse at 7fb93db00000 of size 484442112 next 29
2025-06-14 22:53:56.882402: I external/local_tsl/tsl/framework/bfc_allocator.cc:1095] InUse at 7fb95a900000 of size 484442112 next 288
2025-06-14 22:53:56.882758: I external/local_tsl/tsl/framework/bfc_allocator.cc:1095] InUse at 7fb977700000 of size 484442112 next 292
2025-06-14 22:53:56.883109: I external/local_tsl/tsl/framework/bfc_allocator.cc:1095] InUse at 7fb994500000 of size 121110528 next 47
2025-06-14 22:53:56.883476: I external/local_tsl/tsl/framework/bfc_allocator.cc:1095] InUse at 7fb99b880000 of size 121110528 next 296
2025-06-14 22:53:56.883846: I external/local_tsl/tsl/framework/bfc_allocator.cc:1095] InUse at 7fb9a2c00000 of size 121110528 next 300
2025-06-14 22:53:56.884219: I external/local_tsl/tsl/framework/bfc_allocator.cc:1095] InUse at 7fb9a9f80000 of size 30277632 next 302
2025-06-14 22:53:56.884575: I external/local_tsl/tsl/framework/bfc_allocator.cc:1095] InUse at 7fb9abc60000 of size 30277632 next 303
2025-06-14 22:53:56.884938: I external/local_tsl/tsl/framework/bfc_allocator.cc:1095] InUse at 7fb9ad940000 of size 30277632 next 66
2025-06-14 22:53:56.885311: I external/local_tsl/tsl/framework/bfc_allocator.cc:1095] InUse at 7fb9af620000 of size 30277632 next 307
2025-06-14 22:53:56.885674: I external/local_tsl/tsl/framework/bfc_allocator.cc:1095] InUse at 7fb9b1300000 of size 121110528 next 76
2025-06-14 22:53:56.886005: I external/local_tsl/tsl/framework/bfc_allocator.cc:1095] InUse at 7fb9b8680000 of size 121110528 next 312
2025-06-14 22:53:56.886333: I external/local_tsl/tsl/framework/bfc_allocator.cc:1095] InUse at 7fb9bfa00000 of size 242221056 next 311
2025-06-14 22:53:56.886661: I external/local_tsl/tsl/framework/bfc_allocator.cc:1095] InUse at 7fb9ce100000 of size 121110528 next 85
2025-06-14 22:53:56.886977: I external/local_tsl/tsl/framework/bfc_allocator.cc:1095] InUse at 7fb9d5480000 of size 484442112 next 325
2025-06-14 22:53:56.887280: I external/local_tsl/tsl/framework/bfc_allocator.cc:1095] InUse at 7fb9f2280000 of size 484442112 next 320
2025-06-14 22:53:56.887620: I external/local_tsl/tsl/framework/bfc_allocator.cc:1095] InUse at 7fba0f080000 of size 968884224 next 319
2025-06-14 22:53:56.888013: I external/local_tsl/tsl/framework/bfc_allocator.cc:1095] InUse at 7fba48c80000 of size 484442112 next 91
2025-06-14 22:53:56.888385: I external/local_tsl/tsl/framework/bfc_allocator.cc:1095] Free  at 7fba65a80000 of size 475529216 next 18446744073709551615
2025-06-14 22:53:56.888728: I external/local_tsl/tsl/framework/bfc_allocator.cc:1075] Next region of size 4294967296
2025-06-14 22:53:56.889196: I external/local_tsl/tsl/framework/bfc_allocator.cc:1095] InUse at 7fbaa0000000 of size 1937768448 next 11
2025-06-14 22:53:56.889532: I external/local_tsl/tsl/framework/bfc_allocator.cc:1095] InUse at 7fbb13800000 of size 1937768448 next 276
2025-06-14 22:53:56.889871: I external/local_tsl/tsl/framework/bfc_allocator.cc:1095] InUse at 7fbb87000000 of size 242221056 next 20
2025-06-14 22:53:56.890210: I external/local_tsl/tsl/framework/bfc_allocator.cc:1095] InUse at 7fbb95700000 of size 60555264 next 38
2025-06-14 22:53:56.890541: I external/local_tsl/tsl/framework/bfc_allocator.cc:1095] InUse at 7fbb990c0000 of size 116654080 next 18446744073709551615
2025-06-14 22:53:56.890879: I external/local_tsl/tsl/framework/bfc_allocator.cc:1075] Next region of size 2147483648
2025-06-14 22:53:56.891296: I external/local_tsl/tsl/framework/bfc_allocator.cc:1095] InUse at 7fbbcc000000 of size 1937768448 next 270
2025-06-14 22:53:56.891633: I external/local_tsl/tsl/framework/bfc_allocator.cc:1095] InUse at 7fbc3f800000 of size 209715200 next 18446744073709551615
2025-06-14 22:53:56.891960: I external/local_tsl/tsl/framework/bfc_allocator.cc:1075] Next region of size 2147483648
2025-06-14 22:53:56.892369: I external/local_tsl/tsl/framework/bfc_allocator.cc:1095] InUse at 7fbc54000000 of size 1937768448 next 268
2025-06-14 22:53:56.892702: I external/local_tsl/tsl/framework/bfc_allocator.cc:1095] InUse at 7fbcc7800000 of size 209715200 next 18446744073709551615
2025-06-14 22:53:56.893037: I external/local_tsl/tsl/framework/bfc_allocator.cc:1075] Next region of size 134217728
2025-06-14 22:53:56.893458: I external/local_tsl/tsl/framework/bfc_allocator.cc:1095] InUse at 7fbd62000000 of size 60555264 next 264
2025-06-14 22:53:56.893792: I external/local_tsl/tsl/framework/bfc_allocator.cc:1095] InUse at 7fbd659c0000 of size 73662464 next 18446744073709551615
2025-06-14 22:53:56.894108: I external/local_tsl/tsl/framework/bfc_allocator.cc:1075] Next region of size 67108864
2025-06-14 22:53:56.894519: I external/local_tsl/tsl/framework/bfc_allocator.cc:1095] InUse at 7fbd6a000000 of size 3538944 next 198
2025-06-14 22:53:56.894855: I external/local_tsl/tsl/framework/bfc_allocator.cc:1095] InUse at 7fbd6a360000 of size 1769472 next 205
2025-06-14 22:53:56.895298: I external/local_tsl/tsl/framework/bfc_allocator.cc:1095] InUse at 7fbd6a510000 of size 1769472 next 206
2025-06-14 22:53:56.895796: I external/local_tsl/tsl/framework/bfc_allocator.cc:1095] InUse at 7fbd6a6c0000 of size 262144 next 213
2025-06-14 22:53:56.896215: I external/local_tsl/tsl/framework/bfc_allocator.cc:1095] InUse at 7fbd6a700000 of size 262144 next 214
2025-06-14 22:53:56.896692: I external/local_tsl/tsl/framework/bfc_allocator.cc:1095] InUse at 7fbd6a740000 of size 884736 next 217
2025-06-14 22:53:56.897019: I external/local_tsl/tsl/framework/bfc_allocator.cc:1095] InUse at 7fbd6a818000 of size 884736 next 218
2025-06-14 22:53:56.897340: I external/local_tsl/tsl/framework/bfc_allocator.cc:1095] InUse at 7fbd6a8f0000 of size 442368 next 225
2025-06-14 22:53:56.897698: I external/local_tsl/tsl/framework/bfc_allocator.cc:1095] InUse at 7fbd6a95c000 of size 442368 next 226
2025-06-14 22:53:56.898035: I external/local_tsl/tsl/framework/bfc_allocator.cc:1095] InUse at 7fbd6a9c8000 of size 256 next 234
2025-06-14 22:53:56.898499: I external/local_tsl/tsl/framework/bfc_allocator.cc:1095] InUse at 7fbd6a9c8100 of size 256 next 235
2025-06-14 22:53:56.898987: I external/local_tsl/tsl/framework/bfc_allocator.cc:1095] InUse at 7fbd6a9c8200 of size 221184 next 236
2025-06-14 22:53:56.899466: I external/local_tsl/tsl/framework/bfc_allocator.cc:1095] InUse at 7fbd6a9fe200 of size 221184 next 237
2025-06-14 22:53:56.899930: I external/local_tsl/tsl/framework/bfc_allocator.cc:1095] InUse at 7fbd6aa34200 of size 256 next 238
2025-06-14 22:53:56.900401: I external/local_tsl/tsl/framework/bfc_allocator.cc:1095] InUse at 7fbd6aa34300 of size 256 next 239
2025-06-14 22:53:56.900828: I external/local_tsl/tsl/framework/bfc_allocator.cc:1095] InUse at 7fbd6aa34400 of size 256 next 240
2025-06-14 22:53:56.901280: I external/local_tsl/tsl/framework/bfc_allocator.cc:1095] InUse at 7fbd6aa34500 of size 256 next 241
2025-06-14 22:53:56.901732: I external/local_tsl/tsl/framework/bfc_allocator.cc:1095] InUse at 7fbd6aa34600 of size 256 next 242
2025-06-14 22:53:56.902178: I external/local_tsl/tsl/framework/bfc_allocator.cc:1095] InUse at 7fbd6aa34700 of size 256 next 243
2025-06-14 22:53:56.902614: I external/local_tsl/tsl/framework/bfc_allocator.cc:1095] InUse at 7fbd6aa34800 of size 110592 next 244
2025-06-14 22:53:56.902982: I external/local_tsl/tsl/framework/bfc_allocator.cc:1095] InUse at 7fbd6aa4f800 of size 110592 next 245
2025-06-14 22:53:56.903300: I external/local_tsl/tsl/framework/bfc_allocator.cc:1095] InUse at 7fbd6aa6a800 of size 256 next 246
2025-06-14 22:53:56.903711: I external/local_tsl/tsl/framework/bfc_allocator.cc:1095] InUse at 7fbd6aa6a900 of size 256 next 247
2025-06-14 22:53:56.904146: I external/local_tsl/tsl/framework/bfc_allocator.cc:1095] InUse at 7fbd6aa6aa00 of size 256 next 248
2025-06-14 22:53:56.904588: I external/local_tsl/tsl/framework/bfc_allocator.cc:1095] InUse at 7fbd6aa6ab00 of size 256 next 249
2025-06-14 22:53:56.905034: I external/local_tsl/tsl/framework/bfc_allocator.cc:1095] InUse at 7fbd6aa6ac00 of size 256 next 250
2025-06-14 22:53:56.905468: I external/local_tsl/tsl/framework/bfc_allocator.cc:1095] InUse at 7fbd6aa6ad00 of size 256 next 251
2025-06-14 22:53:56.905899: I external/local_tsl/tsl/framework/bfc_allocator.cc:1095] InUse at 7fbd6aa6ae00 of size 256 next 252
2025-06-14 22:53:56.906323: I external/local_tsl/tsl/framework/bfc_allocator.cc:1095] InUse at 7fbd6aa6af00 of size 256 next 253
2025-06-14 22:53:56.906747: I external/local_tsl/tsl/framework/bfc_allocator.cc:1095] InUse at 7fbd6aa6b000 of size 256 next 254
2025-06-14 22:53:56.907186: I external/local_tsl/tsl/framework/bfc_allocator.cc:1095] InUse at 7fbd6aa6b100 of size 256 next 255
2025-06-14 22:53:56.907623: I external/local_tsl/tsl/framework/bfc_allocator.cc:1095] InUse at 7fbd6aa6b200 of size 256 next 256
2025-06-14 22:53:56.908053: I external/local_tsl/tsl/framework/bfc_allocator.cc:1095] InUse at 7fbd6aa6b300 of size 256 next 257
2025-06-14 22:53:56.908484: I external/local_tsl/tsl/framework/bfc_allocator.cc:1095] InUse at 7fbd6aa6b400 of size 256 next 258
2025-06-14 22:53:56.908926: I external/local_tsl/tsl/framework/bfc_allocator.cc:1095] InUse at 7fbd6aa6b500 of size 256 next 259
2025-06-14 22:53:56.909348: I external/local_tsl/tsl/framework/bfc_allocator.cc:1095] InUse at 7fbd6aa6b600 of size 256 next 260
2025-06-14 22:53:56.909786: I external/local_tsl/tsl/framework/bfc_allocator.cc:1095] InUse at 7fbd6aa6b700 of size 256 next 261
2025-06-14 22:53:56.910236: I external/local_tsl/tsl/framework/bfc_allocator.cc:1095] InUse at 7fbd6aa6b800 of size 256 next 262
2025-06-14 22:53:56.910657: I external/local_tsl/tsl/framework/bfc_allocator.cc:1095] InUse at 7fbd6aa6b900 of size 256 next 263
2025-06-14 22:53:56.911074: I external/local_tsl/tsl/framework/bfc_allocator.cc:1095] InUse at 7fbd6aa6ba00 of size 256 next 265
2025-06-14 22:53:56.911485: I external/local_tsl/tsl/framework/bfc_allocator.cc:1095] InUse at 7fbd6aa6bb00 of size 256 next 266
2025-06-14 22:53:56.911911: I external/local_tsl/tsl/framework/bfc_allocator.cc:1095] InUse at 7fbd6aa6bc00 of size 256 next 269
2025-06-14 22:53:56.912319: I external/local_tsl/tsl/framework/bfc_allocator.cc:1095] InUse at 7fbd6aa6bd00 of size 256 next 272
2025-06-14 22:53:56.912762: I external/local_tsl/tsl/framework/bfc_allocator.cc:1095] InUse at 7fbd6aa6be00 of size 256 next 274
2025-06-14 22:53:56.913173: I external/local_tsl/tsl/framework/bfc_allocator.cc:1095] InUse at 7fbd6aa6bf00 of size 256 next 275
2025-06-14 22:53:56.913616: I external/local_tsl/tsl/framework/bfc_allocator.cc:1095] InUse at 7fbd6aa6c000 of size 256 next 279
2025-06-14 22:53:56.914049: I external/local_tsl/tsl/framework/bfc_allocator.cc:1095] InUse at 7fbd6aa6c100 of size 256 next 280
2025-06-14 22:53:56.914481: I external/local_tsl/tsl/framework/bfc_allocator.cc:1095] InUse at 7fbd6aa6c200 of size 256 next 286
2025-06-14 22:53:56.914920: I external/local_tsl/tsl/framework/bfc_allocator.cc:1095] InUse at 7fbd6aa6c300 of size 256 next 287
2025-06-14 22:53:56.915393: I external/local_tsl/tsl/framework/bfc_allocator.cc:1095] InUse at 7fbd6aa6c400 of size 256 next 290
2025-06-14 22:53:56.915828: I external/local_tsl/tsl/framework/bfc_allocator.cc:1095] InUse at 7fbd6aa6c500 of size 256 next 291
2025-06-14 22:53:56.916342: I external/local_tsl/tsl/framework/bfc_allocator.cc:1095] InUse at 7fbd6aa6c600 of size 512 next 293
2025-06-14 22:53:56.916845: I external/local_tsl/tsl/framework/bfc_allocator.cc:1095] InUse at 7fbd6aa6c800 of size 512 next 294
2025-06-14 22:53:56.917304: I external/local_tsl/tsl/framework/bfc_allocator.cc:1095] InUse at 7fbd6aa6ca00 of size 512 next 295
2025-06-14 22:53:56.917730: I external/local_tsl/tsl/framework/bfc_allocator.cc:1095] InUse at 7fbd6aa6cc00 of size 512 next 298
2025-06-14 22:53:56.918159: I external/local_tsl/tsl/framework/bfc_allocator.cc:1095] InUse at 7fbd6aa6ce00 of size 512 next 299
2025-06-14 22:53:56.918604: I external/local_tsl/tsl/framework/bfc_allocator.cc:1095] InUse at 7fbd6aa6d000 of size 15138816 next 56
2025-06-14 22:53:56.918949: I external/local_tsl/tsl/framework/bfc_allocator.cc:1095] InUse at 7fbd6b8dd000 of size 15138816 next 301
2025-06-14 22:53:56.919322: I external/local_tsl/tsl/framework/bfc_allocator.cc:1095] InUse at 7fbd6c74d000 of size 1024 next 304
2025-06-14 22:53:56.919769: I external/local_tsl/tsl/framework/bfc_allocator.cc:1095] InUse at 7fbd6c74d400 of size 1024 next 305
2025-06-14 22:53:56.920238: I external/local_tsl/tsl/framework/bfc_allocator.cc:1095] InUse at 7fbd6c74d800 of size 1024 next 306
2025-06-14 22:53:56.920663: I external/local_tsl/tsl/framework/bfc_allocator.cc:1095] InUse at 7fbd6c74dc00 of size 1024 next 309
2025-06-14 22:53:56.921081: I external/local_tsl/tsl/framework/bfc_allocator.cc:1095] InUse at 7fbd6c74e000 of size 1024 next 310
2025-06-14 22:53:56.921500: I external/local_tsl/tsl/framework/bfc_allocator.cc:1095] InUse at 7fbd6c74e400 of size 512 next 317
2025-06-14 22:53:56.921931: I external/local_tsl/tsl/framework/bfc_allocator.cc:1095] InUse at 7fbd6c74e600 of size 512 next 318
2025-06-14 22:53:56.922365: I external/local_tsl/tsl/framework/bfc_allocator.cc:1095] InUse at 7fbd6c74e800 of size 256 next 326
2025-06-14 22:53:56.922806: I external/local_tsl/tsl/framework/bfc_allocator.cc:1095] InUse at 7fbd6c74e900 of size 256 next 327
2025-06-14 22:53:56.923248: I external/local_tsl/tsl/framework/bfc_allocator.cc:1095] Free  at 7fbd6c74ea00 of size 25892352 next 18446744073709551615
2025-06-14 22:53:56.923634: I external/local_tsl/tsl/framework/bfc_allocator.cc:1075] Next region of size 33554432
2025-06-14 22:53:56.924075: I external/local_tsl/tsl/framework/bfc_allocator.cc:1095] InUse at 7fbd82000000 of size 3538944 next 83
2025-06-14 22:53:56.924414: I external/local_tsl/tsl/framework/bfc_allocator.cc:1095] InUse at 7fbd82360000 of size 221184 next 152
2025-06-14 22:53:56.924793: I external/local_tsl/tsl/framework/bfc_allocator.cc:1095] InUse at 7fbd82396000 of size 221184 next 106
2025-06-14 22:53:56.925174: I external/local_tsl/tsl/framework/bfc_allocator.cc:1095] InUse at 7fbd823cc000 of size 442368 next 100
2025-06-14 22:53:56.925583: I external/local_tsl/tsl/framework/bfc_allocator.cc:1095] InUse at 7fbd82438000 of size 884736 next 90
2025-06-14 22:53:56.925959: I external/local_tsl/tsl/framework/bfc_allocator.cc:1095] InUse at 7fbd82510000 of size 1769472 next 74
2025-06-14 22:53:56.926320: I external/local_tsl/tsl/framework/bfc_allocator.cc:1095] InUse at 7fbd826c0000 of size 7077888 next 72
2025-06-14 22:53:56.926711: I external/local_tsl/tsl/framework/bfc_allocator.cc:1095] InUse at 7fbd82d80000 of size 7077888 next 187
2025-06-14 22:53:56.927107: I external/local_tsl/tsl/framework/bfc_allocator.cc:1095] InUse at 7fbd83440000 of size 12320768 next 18446744073709551615
2025-06-14 22:53:56.927467: I external/local_tsl/tsl/framework/bfc_allocator.cc:1075] Next region of size 16777216
2025-06-14 22:53:56.927920: I external/local_tsl/tsl/framework/bfc_allocator.cc:1095] InUse at 7fbd8a000000 of size 1769472 next 173
2025-06-14 22:53:56.928285: I external/local_tsl/tsl/framework/bfc_allocator.cc:1095] InUse at 7fbd8a1b0000 of size 1769472 next 64
2025-06-14 22:53:56.928645: I external/local_tsl/tsl/framework/bfc_allocator.cc:1095] InUse at 7fbd8a360000 of size 3538944 next 62
2025-06-14 22:53:56.929007: I external/local_tsl/tsl/framework/bfc_allocator.cc:1095] InUse at 7fbd8a6c0000 of size 3538944 next 180
2025-06-14 22:53:56.929366: I external/local_tsl/tsl/framework/bfc_allocator.cc:1095] InUse at 7fbd8aa20000 of size 1048576 next 194
2025-06-14 22:53:56.929730: I external/local_tsl/tsl/framework/bfc_allocator.cc:1095] InUse at 7fbd8ab20000 of size 1048576 next 195
2025-06-14 22:53:56.930118: I external/local_tsl/tsl/framework/bfc_allocator.cc:1095] InUse at 7fbd8ac20000 of size 4063232 next 18446744073709551615
2025-06-14 22:53:56.930518: I external/local_tsl/tsl/framework/bfc_allocator.cc:1075] Next region of size 2097152
2025-06-14 22:53:56.930971: I external/local_tsl/tsl/framework/bfc_allocator.cc:1095] InUse at 7fbdece00000 of size 1280 next 1
2025-06-14 22:53:56.931401: I external/local_tsl/tsl/framework/bfc_allocator.cc:1095] InUse at 7fbdece00500 of size 256 next 2
2025-06-14 22:53:56.931845: I external/local_tsl/tsl/framework/bfc_allocator.cc:1095] InUse at 7fbdece00600 of size 256 next 3
2025-06-14 22:53:56.932264: I external/local_tsl/tsl/framework/bfc_allocator.cc:1095] InUse at 7fbdece00700 of size 256 next 5
2025-06-14 22:53:56.932712: I external/local_tsl/tsl/framework/bfc_allocator.cc:1095] InUse at 7fbdece00800 of size 256 next 6
2025-06-14 22:53:56.933169: I external/local_tsl/tsl/framework/bfc_allocator.cc:1095] InUse at 7fbdece00900 of size 256 next 4
2025-06-14 22:53:56.933618: I external/local_tsl/tsl/framework/bfc_allocator.cc:1095] InUse at 7fbdece00a00 of size 256 next 7
2025-06-14 22:53:56.934075: I external/local_tsl/tsl/framework/bfc_allocator.cc:1095] InUse at 7fbdece00b00 of size 256 next 10
2025-06-14 22:53:56.934551: I external/local_tsl/tsl/framework/bfc_allocator.cc:1095] InUse at 7fbdece00c00 of size 256 next 277
2025-06-14 22:53:56.935002: I external/local_tsl/tsl/framework/bfc_allocator.cc:1095] InUse at 7fbdece00d00 of size 256 next 12
2025-06-14 22:53:56.935484: I external/local_tsl/tsl/framework/bfc_allocator.cc:1095] InUse at 7fbdece00e00 of size 256 next 13
2025-06-14 22:53:56.935944: I external/local_tsl/tsl/framework/bfc_allocator.cc:1095] InUse at 7fbdece00f00 of size 256 next 14
2025-06-14 22:53:56.936422: I external/local_tsl/tsl/framework/bfc_allocator.cc:1095] InUse at 7fbdece01000 of size 256 next 17
2025-06-14 22:53:56.936895: I external/local_tsl/tsl/framework/bfc_allocator.cc:1095] InUse at 7fbdece01100 of size 256 next 15
2025-06-14 22:53:56.937317: I external/local_tsl/tsl/framework/bfc_allocator.cc:1095] InUse at 7fbdece01200 of size 256 next 16
2025-06-14 22:53:56.937731: I external/local_tsl/tsl/framework/bfc_allocator.cc:1095] InUse at 7fbdece01300 of size 256 next 285
2025-06-14 22:53:56.938153: I external/local_tsl/tsl/framework/bfc_allocator.cc:1095] InUse at 7fbdece01400 of size 256 next 21
2025-06-14 22:53:56.938564: I external/local_tsl/tsl/framework/bfc_allocator.cc:1095] InUse at 7fbdece01500 of size 256 next 22
2025-06-14 22:53:56.938993: I external/local_tsl/tsl/framework/bfc_allocator.cc:1095] InUse at 7fbdece01600 of size 256 next 23
2025-06-14 22:53:56.939457: I external/local_tsl/tsl/framework/bfc_allocator.cc:1095] InUse at 7fbdece01700 of size 256 next 24
2025-06-14 22:53:56.939896: I external/local_tsl/tsl/framework/bfc_allocator.cc:1095] InUse at 7fbdece01800 of size 256 next 25
2025-06-14 22:53:56.940401: I external/local_tsl/tsl/framework/bfc_allocator.cc:1095] InUse at 7fbdece01900 of size 256 next 28
2025-06-14 22:53:56.940874: I external/local_tsl/tsl/framework/bfc_allocator.cc:1095] InUse at 7fbdece01a00 of size 256 next 289
2025-06-14 22:53:56.941304: I external/local_tsl/tsl/framework/bfc_allocator.cc:1095] InUse at 7fbdece01b00 of size 256 next 30
2025-06-14 22:53:56.941740: I external/local_tsl/tsl/framework/bfc_allocator.cc:1095] InUse at 7fbdece01c00 of size 256 next 31
2025-06-14 22:53:56.942197: I external/local_tsl/tsl/framework/bfc_allocator.cc:1095] InUse at 7fbdece01d00 of size 256 next 32
2025-06-14 22:53:56.942639: I external/local_tsl/tsl/framework/bfc_allocator.cc:1095] InUse at 7fbdece01e00 of size 256 next 35
2025-06-14 22:53:56.943067: I external/local_tsl/tsl/framework/bfc_allocator.cc:1095] InUse at 7fbdece01f00 of size 256 next 33
2025-06-14 22:53:56.943514: I external/local_tsl/tsl/framework/bfc_allocator.cc:1095] InUse at 7fbdece02000 of size 256 next 34
2025-06-14 22:53:56.943951: I external/local_tsl/tsl/framework/bfc_allocator.cc:1095] InUse at 7fbdece02100 of size 512 next 39
2025-06-14 22:53:56.944376: I external/local_tsl/tsl/framework/bfc_allocator.cc:1095] InUse at 7fbdece02300 of size 256 next 40
2025-06-14 22:53:56.944814: I external/local_tsl/tsl/framework/bfc_allocator.cc:1095] InUse at 7fbdece02400 of size 256 next 41
2025-06-14 22:53:56.945245: I external/local_tsl/tsl/framework/bfc_allocator.cc:1095] InUse at 7fbdece02500 of size 256 next 8
2025-06-14 22:53:56.945688: I external/local_tsl/tsl/framework/bfc_allocator.cc:1095] InUse at 7fbdece02600 of size 3584 next 9
2025-06-14 22:53:56.946116: I external/local_tsl/tsl/framework/bfc_allocator.cc:1095] InUse at 7fbdece03400 of size 512 next 42
2025-06-14 22:53:56.946553: I external/local_tsl/tsl/framework/bfc_allocator.cc:1095] InUse at 7fbdece03600 of size 512 next 45
2025-06-14 22:53:56.946999: I external/local_tsl/tsl/framework/bfc_allocator.cc:1095] InUse at 7fbdece03800 of size 512 next 46
2025-06-14 22:53:56.947437: I external/local_tsl/tsl/framework/bfc_allocator.cc:1095] InUse at 7fbdece03a00 of size 512 next 297
2025-06-14 22:53:56.947873: I external/local_tsl/tsl/framework/bfc_allocator.cc:1095] InUse at 7fbdece03c00 of size 512 next 48
2025-06-14 22:53:56.948294: I external/local_tsl/tsl/framework/bfc_allocator.cc:1095] InUse at 7fbdece03e00 of size 256 next 49
2025-06-14 22:53:56.948709: I external/local_tsl/tsl/framework/bfc_allocator.cc:1095] InUse at 7fbdece03f00 of size 512 next 50
2025-06-14 22:53:56.949164: I external/local_tsl/tsl/framework/bfc_allocator.cc:1095] InUse at 7fbdece04100 of size 512 next 51
2025-06-14 22:53:56.949605: I external/local_tsl/tsl/framework/bfc_allocator.cc:1095] InUse at 7fbdece04300 of size 512 next 55
2025-06-14 22:53:56.950063: I external/local_tsl/tsl/framework/bfc_allocator.cc:1095] InUse at 7fbdece04500 of size 1024 next 57
2025-06-14 22:53:56.950537: I external/local_tsl/tsl/framework/bfc_allocator.cc:1095] InUse at 7fbdece04900 of size 256 next 58
2025-06-14 22:53:56.950986: I external/local_tsl/tsl/framework/bfc_allocator.cc:1095] InUse at 7fbdece04a00 of size 256 next 59
2025-06-14 22:53:56.951423: I external/local_tsl/tsl/framework/bfc_allocator.cc:1095] InUse at 7fbdece04b00 of size 1024 next 60
2025-06-14 22:53:56.951876: I external/local_tsl/tsl/framework/bfc_allocator.cc:1095] InUse at 7fbdece04f00 of size 1024 next 61
2025-06-14 22:53:56.952306: I external/local_tsl/tsl/framework/bfc_allocator.cc:1095] InUse at 7fbdece05300 of size 1024 next 65
2025-06-14 22:53:56.952739: I external/local_tsl/tsl/framework/bfc_allocator.cc:1095] InUse at 7fbdece05700 of size 1024 next 308
2025-06-14 22:53:56.953182: I external/local_tsl/tsl/framework/bfc_allocator.cc:1095] InUse at 7fbdece05b00 of size 1024 next 67
2025-06-14 22:53:56.953619: I external/local_tsl/tsl/framework/bfc_allocator.cc:1095] InUse at 7fbdece05f00 of size 256 next 68
2025-06-14 22:53:56.954043: I external/local_tsl/tsl/framework/bfc_allocator.cc:1095] InUse at 7fbdece06000 of size 256 next 69
2025-06-14 22:53:56.954554: I external/local_tsl/tsl/framework/bfc_allocator.cc:1095] InUse at 7fbdece06100 of size 1024 next 70
2025-06-14 22:53:56.955047: I external/local_tsl/tsl/framework/bfc_allocator.cc:1095] InUse at 7fbdece06500 of size 1024 next 71
2025-06-14 22:53:56.955505: I external/local_tsl/tsl/framework/bfc_allocator.cc:1095] InUse at 7fbdece06900 of size 1024 next 75
2025-06-14 22:53:56.955969: I external/local_tsl/tsl/framework/bfc_allocator.cc:1095] InUse at 7fbdece06d00 of size 512 next 313
2025-06-14 22:53:56.956400: I external/local_tsl/tsl/framework/bfc_allocator.cc:1095] InUse at 7fbdece06f00 of size 512 next 314
2025-06-14 22:53:56.956864: I external/local_tsl/tsl/framework/bfc_allocator.cc:1095] InUse at 7fbdece07100 of size 512 next 315
2025-06-14 22:53:56.957297: I external/local_tsl/tsl/framework/bfc_allocator.cc:1095] InUse at 7fbdece07300 of size 512 next 77
2025-06-14 22:53:56.957741: I external/local_tsl/tsl/framework/bfc_allocator.cc:1095] InUse at 7fbdece07500 of size 256 next 78
2025-06-14 22:53:56.958184: I external/local_tsl/tsl/framework/bfc_allocator.cc:1095] InUse at 7fbdece07600 of size 256 next 79
2025-06-14 22:53:56.958637: I external/local_tsl/tsl/framework/bfc_allocator.cc:1095] InUse at 7fbdece07700 of size 512 next 80
2025-06-14 22:53:56.959092: I external/local_tsl/tsl/framework/bfc_allocator.cc:1095] InUse at 7fbdece07900 of size 512 next 81
2025-06-14 22:53:56.959522: I external/local_tsl/tsl/framework/bfc_allocator.cc:1095] InUse at 7fbdece07b00 of size 512 next 82
2025-06-14 22:53:56.959964: I external/local_tsl/tsl/framework/bfc_allocator.cc:1095] InUse at 7fbdece07d00 of size 512 next 84
2025-06-14 22:53:56.960407: I external/local_tsl/tsl/framework/bfc_allocator.cc:1095] InUse at 7fbdece07f00 of size 512 next 316
2025-06-14 22:53:56.960897: I external/local_tsl/tsl/framework/bfc_allocator.cc:1095] InUse at 7fbdece08100 of size 512 next 86
2025-06-14 22:53:56.961374: I external/local_tsl/tsl/framework/bfc_allocator.cc:1095] InUse at 7fbdece08300 of size 512 next 87
2025-06-14 22:53:56.961797: I external/local_tsl/tsl/framework/bfc_allocator.cc:1095] InUse at 7fbdece08500 of size 512 next 88
2025-06-14 22:53:56.962216: I external/local_tsl/tsl/framework/bfc_allocator.cc:1095] InUse at 7fbdece08700 of size 512 next 89
2025-06-14 22:53:56.962633: I external/local_tsl/tsl/framework/bfc_allocator.cc:1095] InUse at 7fbdece08900 of size 256 next 321
2025-06-14 22:53:56.963054: I external/local_tsl/tsl/framework/bfc_allocator.cc:1095] InUse at 7fbdece08a00 of size 256 next 323
2025-06-14 22:53:56.963502: I external/local_tsl/tsl/framework/bfc_allocator.cc:1095] InUse at 7fbdece08b00 of size 256 next 324
2025-06-14 22:53:56.963921: I external/local_tsl/tsl/framework/bfc_allocator.cc:1095] InUse at 7fbdece08c00 of size 256 next 92
2025-06-14 22:53:56.964323: I external/local_tsl/tsl/framework/bfc_allocator.cc:1095] InUse at 7fbdece08d00 of size 256 next 93
2025-06-14 22:53:56.964753: I external/local_tsl/tsl/framework/bfc_allocator.cc:1095] InUse at 7fbdece08e00 of size 256 next 94
2025-06-14 22:53:56.965185: I external/local_tsl/tsl/framework/bfc_allocator.cc:1095] InUse at 7fbdece08f00 of size 256 next 97
2025-06-14 22:53:56.965643: I external/local_tsl/tsl/framework/bfc_allocator.cc:1095] InUse at 7fbdece09000 of size 256 next 95
2025-06-14 22:53:56.966074: I external/local_tsl/tsl/framework/bfc_allocator.cc:1095] InUse at 7fbdece09100 of size 256 next 96
2025-06-14 22:53:56.966497: I external/local_tsl/tsl/framework/bfc_allocator.cc:1095] InUse at 7fbdece09200 of size 256 next 98
2025-06-14 22:53:56.966931: I external/local_tsl/tsl/framework/bfc_allocator.cc:1095] InUse at 7fbdece09300 of size 256 next 101
2025-06-14 22:53:56.967344: I external/local_tsl/tsl/framework/bfc_allocator.cc:1095] InUse at 7fbdece09400 of size 256 next 102
2025-06-14 22:53:56.967778: I external/local_tsl/tsl/framework/bfc_allocator.cc:1095] InUse at 7fbdece09500 of size 256 next 103
2025-06-14 22:53:56.968251: I external/local_tsl/tsl/framework/bfc_allocator.cc:1095] InUse at 7fbdece09600 of size 256 next 104
2025-06-14 22:53:56.968716: I external/local_tsl/tsl/framework/bfc_allocator.cc:1095] InUse at 7fbdece09700 of size 256 next 105
2025-06-14 22:53:56.969132: I external/local_tsl/tsl/framework/bfc_allocator.cc:1095] Free  at 7fbdece09800 of size 512 next 108
2025-06-14 22:53:56.969575: I external/local_tsl/tsl/framework/bfc_allocator.cc:1095] InUse at 7fbdece09a00 of size 256 next 109
2025-06-14 22:53:56.969995: I external/local_tsl/tsl/framework/bfc_allocator.cc:1095] InUse at 7fbdece09b00 of size 256 next 110
2025-06-14 22:53:56.970439: I external/local_tsl/tsl/framework/bfc_allocator.cc:1095] InUse at 7fbdece09c00 of size 256 next 146
2025-06-14 22:53:56.970875: I external/local_tsl/tsl/framework/bfc_allocator.cc:1095] InUse at 7fbdece09d00 of size 256 next 147
2025-06-14 22:53:56.971324: I external/local_tsl/tsl/framework/bfc_allocator.cc:1095] InUse at 7fbdece09e00 of size 256 next 148
2025-06-14 22:53:56.971761: I external/local_tsl/tsl/framework/bfc_allocator.cc:1095] InUse at 7fbdece09f00 of size 256 next 149
2025-06-14 22:53:56.972187: I external/local_tsl/tsl/framework/bfc_allocator.cc:1095] InUse at 7fbdece0a000 of size 256 next 150
2025-06-14 22:53:56.972626: I external/local_tsl/tsl/framework/bfc_allocator.cc:1095] InUse at 7fbdece0a100 of size 256 next 151
2025-06-14 22:53:56.973032: I external/local_tsl/tsl/framework/bfc_allocator.cc:1095] InUse at 7fbdece0a200 of size 256 next 153
2025-06-14 22:53:56.973470: I external/local_tsl/tsl/framework/bfc_allocator.cc:1095] InUse at 7fbdece0a300 of size 256 next 154
2025-06-14 22:53:56.973897: I external/local_tsl/tsl/framework/bfc_allocator.cc:1095] InUse at 7fbdece0a400 of size 256 next 155
2025-06-14 22:53:56.974318: I external/local_tsl/tsl/framework/bfc_allocator.cc:1095] InUse at 7fbdece0a500 of size 256 next 156
2025-06-14 22:53:56.974796: I external/local_tsl/tsl/framework/bfc_allocator.cc:1095] InUse at 7fbdece0a600 of size 256 next 157
2025-06-14 22:53:56.975258: I external/local_tsl/tsl/framework/bfc_allocator.cc:1095] InUse at 7fbdece0a700 of size 256 next 158
2025-06-14 22:53:56.975697: I external/local_tsl/tsl/framework/bfc_allocator.cc:1095] InUse at 7fbdece0a800 of size 256 next 160
2025-06-14 22:53:56.976132: I external/local_tsl/tsl/framework/bfc_allocator.cc:1095] InUse at 7fbdece0a900 of size 256 next 161
2025-06-14 22:53:56.976548: I external/local_tsl/tsl/framework/bfc_allocator.cc:1095] InUse at 7fbdece0aa00 of size 256 next 162
2025-06-14 22:53:56.976958: I external/local_tsl/tsl/framework/bfc_allocator.cc:1095] InUse at 7fbdece0ab00 of size 256 next 163
2025-06-14 22:53:56.977394: I external/local_tsl/tsl/framework/bfc_allocator.cc:1095] InUse at 7fbdece0ac00 of size 256 next 164
2025-06-14 22:53:56.977869: I external/local_tsl/tsl/framework/bfc_allocator.cc:1095] InUse at 7fbdece0ad00 of size 256 next 165
2025-06-14 22:53:56.978317: I external/local_tsl/tsl/framework/bfc_allocator.cc:1095] InUse at 7fbdece0ae00 of size 512 next 167
2025-06-14 22:53:56.978747: I external/local_tsl/tsl/framework/bfc_allocator.cc:1095] InUse at 7fbdece0b000 of size 512 next 168
2025-06-14 22:53:56.979170: I external/local_tsl/tsl/framework/bfc_allocator.cc:1095] InUse at 7fbdece0b200 of size 512 next 169
2025-06-14 22:53:56.979626: I external/local_tsl/tsl/framework/bfc_allocator.cc:1095] InUse at 7fbdece0b400 of size 512 next 170
2025-06-14 22:53:56.980050: I external/local_tsl/tsl/framework/bfc_allocator.cc:1095] InUse at 7fbdece0b600 of size 512 next 171
2025-06-14 22:53:56.980521: I external/local_tsl/tsl/framework/bfc_allocator.cc:1095] InUse at 7fbdece0b800 of size 512 next 172
2025-06-14 22:53:56.980997: I external/local_tsl/tsl/framework/bfc_allocator.cc:1095] InUse at 7fbdece0ba00 of size 512 next 174
2025-06-14 22:53:56.981488: I external/local_tsl/tsl/framework/bfc_allocator.cc:1095] InUse at 7fbdece0bc00 of size 512 next 175
2025-06-14 22:53:56.981971: I external/local_tsl/tsl/framework/bfc_allocator.cc:1095] InUse at 7fbdece0be00 of size 512 next 176
2025-06-14 22:53:56.982420: I external/local_tsl/tsl/framework/bfc_allocator.cc:1095] InUse at 7fbdece0c000 of size 512 next 177
2025-06-14 22:53:56.982847: I external/local_tsl/tsl/framework/bfc_allocator.cc:1095] InUse at 7fbdece0c200 of size 512 next 178
2025-06-14 22:53:56.983292: I external/local_tsl/tsl/framework/bfc_allocator.cc:1095] InUse at 7fbdece0c400 of size 512 next 179
2025-06-14 22:53:56.983718: I external/local_tsl/tsl/framework/bfc_allocator.cc:1095] InUse at 7fbdece0c600 of size 1024 next 181
2025-06-14 22:53:56.984148: I external/local_tsl/tsl/framework/bfc_allocator.cc:1095] InUse at 7fbdece0ca00 of size 1024 next 182
2025-06-14 22:53:56.984563: I external/local_tsl/tsl/framework/bfc_allocator.cc:1095] InUse at 7fbdece0ce00 of size 1024 next 183
2025-06-14 22:53:56.984978: I external/local_tsl/tsl/framework/bfc_allocator.cc:1095] InUse at 7fbdece0d200 of size 1024 next 184
2025-06-14 22:53:56.985413: I external/local_tsl/tsl/framework/bfc_allocator.cc:1095] InUse at 7fbdece0d600 of size 1024 next 185
2025-06-14 22:53:56.985851: I external/local_tsl/tsl/framework/bfc_allocator.cc:1095] InUse at 7fbdece0da00 of size 1024 next 186
2025-06-14 22:53:56.986285: I external/local_tsl/tsl/framework/bfc_allocator.cc:1095] InUse at 7fbdece0de00 of size 1024 next 188
2025-06-14 22:53:56.986698: I external/local_tsl/tsl/framework/bfc_allocator.cc:1095] InUse at 7fbdece0e200 of size 1024 next 189
2025-06-14 22:53:56.987121: I external/local_tsl/tsl/framework/bfc_allocator.cc:1095] InUse at 7fbdece0e600 of size 1024 next 190
2025-06-14 22:53:56.987564: I external/local_tsl/tsl/framework/bfc_allocator.cc:1095] InUse at 7fbdece0ea00 of size 1024 next 191
2025-06-14 22:53:56.987986: I external/local_tsl/tsl/framework/bfc_allocator.cc:1095] InUse at 7fbdece0ee00 of size 1024 next 192
2025-06-14 22:53:56.988446: I external/local_tsl/tsl/framework/bfc_allocator.cc:1095] InUse at 7fbdece0f200 of size 1024 next 193
2025-06-14 22:53:56.988887: I external/local_tsl/tsl/framework/bfc_allocator.cc:1095] InUse at 7fbdece0f600 of size 512 next 196
2025-06-14 22:53:56.989311: I external/local_tsl/tsl/framework/bfc_allocator.cc:1095] InUse at 7fbdece0f800 of size 512 next 197
2025-06-14 22:53:56.989747: I external/local_tsl/tsl/framework/bfc_allocator.cc:1095] InUse at 7fbdece0fa00 of size 512 next 199
2025-06-14 22:53:56.990182: I external/local_tsl/tsl/framework/bfc_allocator.cc:1095] InUse at 7fbdece0fc00 of size 512 next 200
2025-06-14 22:53:56.990609: I external/local_tsl/tsl/framework/bfc_allocator.cc:1095] InUse at 7fbdece0fe00 of size 512 next 201
2025-06-14 22:53:56.991016: I external/local_tsl/tsl/framework/bfc_allocator.cc:1095] InUse at 7fbdece10000 of size 512 next 202
2025-06-14 22:53:56.991438: I external/local_tsl/tsl/framework/bfc_allocator.cc:1095] InUse at 7fbdece10200 of size 512 next 203
2025-06-14 22:53:56.991850: I external/local_tsl/tsl/framework/bfc_allocator.cc:1095] InUse at 7fbdece10400 of size 512 next 204
2025-06-14 22:53:56.992270: I external/local_tsl/tsl/framework/bfc_allocator.cc:1095] InUse at 7fbdece10600 of size 512 next 207
2025-06-14 22:53:56.992731: I external/local_tsl/tsl/framework/bfc_allocator.cc:1095] InUse at 7fbdece10800 of size 512 next 208
2025-06-14 22:53:56.993130: I external/local_tsl/tsl/framework/bfc_allocator.cc:1095] InUse at 7fbdece10a00 of size 512 next 209
2025-06-14 22:53:56.993586: I external/local_tsl/tsl/framework/bfc_allocator.cc:1095] InUse at 7fbdece10c00 of size 512 next 210
2025-06-14 22:53:56.994032: I external/local_tsl/tsl/framework/bfc_allocator.cc:1095] InUse at 7fbdece10e00 of size 512 next 211
2025-06-14 22:53:56.994488: I external/local_tsl/tsl/framework/bfc_allocator.cc:1095] InUse at 7fbdece11000 of size 512 next 212
2025-06-14 22:53:56.994900: I external/local_tsl/tsl/framework/bfc_allocator.cc:1095] InUse at 7fbdece11200 of size 256 next 215
2025-06-14 22:53:56.995320: I external/local_tsl/tsl/framework/bfc_allocator.cc:1095] InUse at 7fbdece11300 of size 256 next 216
2025-06-14 22:53:56.995764: I external/local_tsl/tsl/framework/bfc_allocator.cc:1095] InUse at 7fbdece11400 of size 256 next 219
2025-06-14 22:53:56.996208: I external/local_tsl/tsl/framework/bfc_allocator.cc:1095] InUse at 7fbdece11500 of size 256 next 220
2025-06-14 22:53:56.996644: I external/local_tsl/tsl/framework/bfc_allocator.cc:1095] InUse at 7fbdece11600 of size 256 next 221
2025-06-14 22:53:56.997068: I external/local_tsl/tsl/framework/bfc_allocator.cc:1095] InUse at 7fbdece11700 of size 256 next 222
2025-06-14 22:53:56.997491: I external/local_tsl/tsl/framework/bfc_allocator.cc:1095] InUse at 7fbdece11800 of size 256 next 223
2025-06-14 22:53:56.997960: I external/local_tsl/tsl/framework/bfc_allocator.cc:1095] InUse at 7fbdece11900 of size 256 next 224
2025-06-14 22:53:56.998389: I external/local_tsl/tsl/framework/bfc_allocator.cc:1095] InUse at 7fbdece11a00 of size 256 next 227
2025-06-14 22:53:56.998832: I external/local_tsl/tsl/framework/bfc_allocator.cc:1095] InUse at 7fbdece11b00 of size 256 next 228
2025-06-14 22:53:56.999254: I external/local_tsl/tsl/framework/bfc_allocator.cc:1095] InUse at 7fbdece11c00 of size 256 next 229
2025-06-14 22:53:56.999683: I external/local_tsl/tsl/framework/bfc_allocator.cc:1095] InUse at 7fbdece11d00 of size 256 next 230
2025-06-14 22:53:57.000125: I external/local_tsl/tsl/framework/bfc_allocator.cc:1095] InUse at 7fbdece11e00 of size 256 next 231
2025-06-14 22:53:57.000564: I external/local_tsl/tsl/framework/bfc_allocator.cc:1095] InUse at 7fbdece11f00 of size 256 next 232
2025-06-14 22:53:57.000983: I external/local_tsl/tsl/framework/bfc_allocator.cc:1095] InUse at 7fbdece12000 of size 65536 next 233
2025-06-14 22:53:57.001338: I external/local_tsl/tsl/framework/bfc_allocator.cc:1095] InUse at 7fbdece22000 of size 95232 next 19
2025-06-14 22:53:57.001769: I external/local_tsl/tsl/framework/bfc_allocator.cc:1095] InUse at 7fbdece39400 of size 110592 next 18
2025-06-14 22:53:57.002128: I external/local_tsl/tsl/framework/bfc_allocator.cc:1095] InUse at 7fbdece54400 of size 65536 next 115
2025-06-14 22:53:57.002581: I external/local_tsl/tsl/framework/bfc_allocator.cc:1095] InUse at 7fbdece64400 of size 256 next 112
2025-06-14 22:53:57.003067: I external/local_tsl/tsl/framework/bfc_allocator.cc:1095] InUse at 7fbdece64500 of size 256 next 114
2025-06-14 22:53:57.003518: I external/local_tsl/tsl/framework/bfc_allocator.cc:1095] InUse at 7fbdece64600 of size 256 next 113
2025-06-14 22:53:57.003962: I external/local_tsl/tsl/framework/bfc_allocator.cc:1095] InUse at 7fbdece64700 of size 256 next 111
2025-06-14 22:53:57.004372: I external/local_tsl/tsl/framework/bfc_allocator.cc:1095] InUse at 7fbdece64800 of size 256 next 117
2025-06-14 22:53:57.004827: I external/local_tsl/tsl/framework/bfc_allocator.cc:1095] InUse at 7fbdece64900 of size 256 next 118
2025-06-14 22:53:57.005231: I external/local_tsl/tsl/framework/bfc_allocator.cc:1095] InUse at 7fbdece64a00 of size 256 next 120
2025-06-14 22:53:57.005676: I external/local_tsl/tsl/framework/bfc_allocator.cc:1095] InUse at 7fbdece64b00 of size 256 next 119
2025-06-14 22:53:57.006097: I external/local_tsl/tsl/framework/bfc_allocator.cc:1095] InUse at 7fbdece64c00 of size 256 next 121
2025-06-14 22:53:57.006556: I external/local_tsl/tsl/framework/bfc_allocator.cc:1095] InUse at 7fbdece64d00 of size 256 next 123
2025-06-14 22:53:57.007002: I external/local_tsl/tsl/framework/bfc_allocator.cc:1095] InUse at 7fbdece64e00 of size 256 next 124
2025-06-14 22:53:57.007449: I external/local_tsl/tsl/framework/bfc_allocator.cc:1095] InUse at 7fbdece64f00 of size 256 next 125
2025-06-14 22:53:57.007892: I external/local_tsl/tsl/framework/bfc_allocator.cc:1095] InUse at 7fbdece65000 of size 256 next 126
2025-06-14 22:53:57.008339: I external/local_tsl/tsl/framework/bfc_allocator.cc:1095] InUse at 7fbdece65100 of size 256 next 128
2025-06-14 22:53:57.008786: I external/local_tsl/tsl/framework/bfc_allocator.cc:1095] InUse at 7fbdece65200 of size 256 next 127
2025-06-14 22:53:57.009232: I external/local_tsl/tsl/framework/bfc_allocator.cc:1095] InUse at 7fbdece65300 of size 256 next 129
2025-06-14 22:53:57.009658: I external/local_tsl/tsl/framework/bfc_allocator.cc:1095] InUse at 7fbdece65400 of size 256 next 130
2025-06-14 22:53:57.010120: I external/local_tsl/tsl/framework/bfc_allocator.cc:1095] InUse at 7fbdece65500 of size 256 next 131
2025-06-14 22:53:57.010527: I external/local_tsl/tsl/framework/bfc_allocator.cc:1095] InUse at 7fbdece65600 of size 256 next 132
2025-06-14 22:53:57.010938: I external/local_tsl/tsl/framework/bfc_allocator.cc:1095] InUse at 7fbdece65700 of size 256 next 133
2025-06-14 22:53:57.011340: I external/local_tsl/tsl/framework/bfc_allocator.cc:1095] InUse at 7fbdece65800 of size 256 next 137
2025-06-14 22:53:57.011791: I external/local_tsl/tsl/framework/bfc_allocator.cc:1095] InUse at 7fbdece65900 of size 256 next 136
2025-06-14 22:53:57.012225: I external/local_tsl/tsl/framework/bfc_allocator.cc:1095] InUse at 7fbdece65a00 of size 3584 next 138
2025-06-14 22:53:57.012692: I external/local_tsl/tsl/framework/bfc_allocator.cc:1095] InUse at 7fbdece66800 of size 3584 next 139
2025-06-14 22:53:57.013135: I external/local_tsl/tsl/framework/bfc_allocator.cc:1095] InUse at 7fbdece67600 of size 256 next 140
2025-06-14 22:53:57.013639: I external/local_tsl/tsl/framework/bfc_allocator.cc:1095] InUse at 7fbdece67700 of size 256 next 141
2025-06-14 22:53:57.014047: I external/local_tsl/tsl/framework/bfc_allocator.cc:1095] InUse at 7fbdece67800 of size 256 next 142
2025-06-14 22:53:57.014490: I external/local_tsl/tsl/framework/bfc_allocator.cc:1095] InUse at 7fbdece67900 of size 256 next 143
2025-06-14 22:53:57.014953: I external/local_tsl/tsl/framework/bfc_allocator.cc:1095] InUse at 7fbdece67a00 of size 256 next 144
2025-06-14 22:53:57.015410: I external/local_tsl/tsl/framework/bfc_allocator.cc:1095] InUse at 7fbdece67b00 of size 256 next 145
2025-06-14 22:53:57.015819: I external/local_tsl/tsl/framework/bfc_allocator.cc:1095] InUse at 7fbdece67c00 of size 141312 next 27
2025-06-14 22:53:57.016170: I external/local_tsl/tsl/framework/bfc_allocator.cc:1095] InUse at 7fbdece8a400 of size 221184 next 26
2025-06-14 22:53:57.016546: I external/local_tsl/tsl/framework/bfc_allocator.cc:1095] InUse at 7fbdecec0400 of size 442368 next 159
2025-06-14 22:53:57.016893: I external/local_tsl/tsl/framework/bfc_allocator.cc:1095] InUse at 7fbdecf2c400 of size 867328 next 18446744073709551615
2025-06-14 22:53:57.017198: I external/local_tsl/tsl/framework/bfc_allocator.cc:1075] Next region of size 4194304
2025-06-14 22:53:57.017615: I external/local_tsl/tsl/framework/bfc_allocator.cc:1095] InUse at 7fbded400000 of size 442368 next 37
2025-06-14 22:53:57.017970: I external/local_tsl/tsl/framework/bfc_allocator.cc:1095] InUse at 7fbded46c000 of size 221184 next 116
2025-06-14 22:53:57.018338: I external/local_tsl/tsl/framework/bfc_allocator.cc:1095] InUse at 7fbded4a2000 of size 110592 next 122
2025-06-14 22:53:57.018660: I external/local_tsl/tsl/framework/bfc_allocator.cc:1095] InUse at 7fbded4bd000 of size 192512 next 99
2025-06-14 22:53:57.018972: I external/local_tsl/tsl/framework/bfc_allocator.cc:1095] InUse at 7fbded4ec000 of size 360448 next 44
2025-06-14 22:53:57.019299: I external/local_tsl/tsl/framework/bfc_allocator.cc:1095] InUse at 7fbded544000 of size 884736 next 43
2025-06-14 22:53:57.019641: I external/local_tsl/tsl/framework/bfc_allocator.cc:1095] InUse at 7fbded61c000 of size 1982464 next 18446744073709551615
2025-06-14 22:53:57.019982: I external/local_tsl/tsl/framework/bfc_allocator.cc:1075] Next region of size 8388608
2025-06-14 22:53:57.020401: I external/local_tsl/tsl/framework/bfc_allocator.cc:1095] InUse at 7fbded800000 of size 884736 next 166
2025-06-14 22:53:57.020745: I external/local_tsl/tsl/framework/bfc_allocator.cc:1095] InUse at 7fbded8d8000 of size 884736 next 54
2025-06-14 22:53:57.021062: I external/local_tsl/tsl/framework/bfc_allocator.cc:1095] InUse at 7fbded9b0000 of size 1769472 next 52
2025-06-14 22:53:57.021389: I external/local_tsl/tsl/framework/bfc_allocator.cc:1095] InUse at 7fbdedb60000 of size 4849664 next 18446744073709551615
2025-06-14 22:53:57.021740: I external/local_tsl/tsl/framework/bfc_allocator.cc:1100]      Summary of in-use Chunks by size: 
2025-06-14 22:53:57.022167: I external/local_tsl/tsl/framework/bfc_allocator.cc:1103] 155 Chunks of size 256 totalling 38.8KiB
2025-06-14 22:53:57.022641: I external/local_tsl/tsl/framework/bfc_allocator.cc:1103] 55 Chunks of size 512 totalling 27.5KiB
2025-06-14 22:53:57.023141: I external/local_tsl/tsl/framework/bfc_allocator.cc:1103] 26 Chunks of size 1024 totalling 26.0KiB
2025-06-14 22:53:57.023594: I external/local_tsl/tsl/framework/bfc_allocator.cc:1103] 1 Chunks of size 1280 totalling 1.2KiB
2025-06-14 22:53:57.024047: I external/local_tsl/tsl/framework/bfc_allocator.cc:1103] 3 Chunks of size 3584 totalling 10.5KiB
2025-06-14 22:53:57.024473: I external/local_tsl/tsl/framework/bfc_allocator.cc:1103] 2 Chunks of size 65536 totalling 128.0KiB
2025-06-14 22:53:57.024906: I external/local_tsl/tsl/framework/bfc_allocator.cc:1103] 1 Chunks of size 95232 totalling 93.0KiB
2025-06-14 22:53:57.025343: I external/local_tsl/tsl/framework/bfc_allocator.cc:1103] 4 Chunks of size 110592 totalling 432.0KiB
2025-06-14 22:53:57.025804: I external/local_tsl/tsl/framework/bfc_allocator.cc:1103] 1 Chunks of size 141312 totalling 138.0KiB
2025-06-14 22:53:57.026243: I external/local_tsl/tsl/framework/bfc_allocator.cc:1103] 1 Chunks of size 192512 totalling 188.0KiB
2025-06-14 22:53:57.026681: I external/local_tsl/tsl/framework/bfc_allocator.cc:1103] 6 Chunks of size 221184 totalling 1.27MiB
2025-06-14 22:53:57.027108: I external/local_tsl/tsl/framework/bfc_allocator.cc:1103] 2 Chunks of size 262144 totalling 512.0KiB
2025-06-14 22:53:57.027565: I external/local_tsl/tsl/framework/bfc_allocator.cc:1103] 1 Chunks of size 360448 totalling 352.0KiB
2025-06-14 22:53:57.027993: I external/local_tsl/tsl/framework/bfc_allocator.cc:1103] 5 Chunks of size 442368 totalling 2.11MiB
2025-06-14 22:53:57.028447: I external/local_tsl/tsl/framework/bfc_allocator.cc:1103] 1 Chunks of size 867328 totalling 847.0KiB
2025-06-14 22:53:57.028848: I external/local_tsl/tsl/framework/bfc_allocator.cc:1103] 6 Chunks of size 884736 totalling 5.06MiB
2025-06-14 22:53:57.029270: I external/local_tsl/tsl/framework/bfc_allocator.cc:1103] 2 Chunks of size 1048576 totalling 2.00MiB
2025-06-14 22:53:57.029679: I external/local_tsl/tsl/framework/bfc_allocator.cc:1103] 6 Chunks of size 1769472 totalling 10.12MiB
2025-06-14 22:53:57.030103: I external/local_tsl/tsl/framework/bfc_allocator.cc:1103] 1 Chunks of size 1982464 totalling 1.89MiB
2025-06-14 22:53:57.030536: I external/local_tsl/tsl/framework/bfc_allocator.cc:1103] 4 Chunks of size 3538944 totalling 13.50MiB
2025-06-14 22:53:57.030988: I external/local_tsl/tsl/framework/bfc_allocator.cc:1103] 1 Chunks of size 4063232 totalling 3.88MiB
2025-06-14 22:53:57.031399: I external/local_tsl/tsl/framework/bfc_allocator.cc:1103] 1 Chunks of size 4849664 totalling 4.62MiB
2025-06-14 22:53:57.031831: I external/local_tsl/tsl/framework/bfc_allocator.cc:1103] 2 Chunks of size 7077888 totalling 13.50MiB
2025-06-14 22:53:57.032270: I external/local_tsl/tsl/framework/bfc_allocator.cc:1103] 1 Chunks of size 12320768 totalling 11.75MiB
2025-06-14 22:53:57.032761: I external/local_tsl/tsl/framework/bfc_allocator.cc:1103] 2 Chunks of size 15138816 totalling 28.88MiB
2025-06-14 22:53:57.033195: I external/local_tsl/tsl/framework/bfc_allocator.cc:1103] 4 Chunks of size 30277632 totalling 115.50MiB
2025-06-14 22:53:57.033630: I external/local_tsl/tsl/framework/bfc_allocator.cc:1103] 2 Chunks of size 60555264 totalling 115.50MiB
2025-06-14 22:53:57.033948: I external/local_tsl/tsl/framework/bfc_allocator.cc:1103] 1 Chunks of size 73662464 totalling 70.25MiB
2025-06-14 22:53:57.034359: I external/local_tsl/tsl/framework/bfc_allocator.cc:1103] 1 Chunks of size 116654080 totalling 111.25MiB
2025-06-14 22:53:57.034694: I external/local_tsl/tsl/framework/bfc_allocator.cc:1103] 6 Chunks of size 121110528 totalling 693.00MiB
2025-06-14 22:53:57.035016: I external/local_tsl/tsl/framework/bfc_allocator.cc:1103] 2 Chunks of size 209715200 totalling 400.00MiB
2025-06-14 22:53:57.035348: I external/local_tsl/tsl/framework/bfc_allocator.cc:1103] 3 Chunks of size 242221056 totalling 693.00MiB
2025-06-14 22:53:57.035738: I external/local_tsl/tsl/framework/bfc_allocator.cc:1103] 8 Chunks of size 484442112 totalling 3.61GiB
2025-06-14 22:53:57.036073: I external/local_tsl/tsl/framework/bfc_allocator.cc:1103] 1 Chunks of size 968884224 totalling 924.00MiB
2025-06-14 22:53:57.036424: I external/local_tsl/tsl/framework/bfc_allocator.cc:1103] 6 Chunks of size 1937768448 totalling 10.83GiB
2025-06-14 22:53:57.036764: I external/local_tsl/tsl/framework/bfc_allocator.cc:1107] Sum Total of in-use chunks: 17.58GiB
2025-06-14 22:53:57.037224: I external/local_tsl/tsl/framework/bfc_allocator.cc:1109] Total bytes in pool: 23575789568 memory_limit_: 23575789568 available bytes: 0 curr_region_allocation_bytes_: 34359738368
2025-06-14 22:53:57.037535: I external/local_tsl/tsl/framework/bfc_allocator.cc:1114] Stats: 
Limit:                     23575789568
InUse:                     18882553856
MaxInUse:                  22800760320
NumAllocs:                         912
MaxAllocSize:               4135495424
Reserved:                            0
PeakReserved:                        0
LargestFreeBlock:                    0

2025-06-14 22:53:57.037904: W external/local_tsl/tsl/framework/bfc_allocator.cc:497] ________*********________************************************_**************************************
2025-06-14 22:53:57.038243: W tensorflow/core/framework/op_kernel.cc:1839] OP_REQUIRES failed at concat_op.cc:165 : RESOURCE_EXHAUSTED: OOM when allocating tensor with shape[2,64,192,224,176] and type float on /job:localhost/replica:0/task:0/device:GPU:0 by allocator GPU_0_bfc
Traceback (most recent call last):
  File "/mnt/beegfs/hellgate/home/rb194958e/stroke_segmentation_sota/batch_wise_train.py", line 277, in <module>
    if main():
       ^^^^^^
  File "/mnt/beegfs/hellgate/home/rb194958e/stroke_segmentation_sota/batch_wise_train.py", line 256, in main
    history = model.fit(
              ^^^^^^^^^^
  File "/mnt/beegfs/hellgate/home/rb194958e/.conda/envs/tf215_env/lib/python3.11/site-packages/keras/src/utils/traceback_utils.py", line 70, in error_handler
    raise e.with_traceback(filtered_tb) from None
  File "/mnt/beegfs/hellgate/home/rb194958e/.conda/envs/tf215_env/lib/python3.11/site-packages/tensorflow/python/eager/execute.py", line 53, in quick_execute
    tensors = pywrap_tfe.TFE_Py_Execute(ctx._handle, device_name, op_name,
  ^^^^^^^^^^^^^^^^^^^^^^^^^^^^^^^^^^^^^^^^^^^^^^^^^^^^^^^^^^^^^^^^^^^^^^^^
tensorflow.python.framework.errors_impl.ResourceExhaustedError: Graph execution error:

Detected at node model/concatenate_2/concat defined at (most recent call last):
  File "/mnt/beegfs/hellgate/home/rb194958e/stroke_segmentation_sota/batch_wise_train.py", line 277, in <module>

  File "/mnt/beegfs/hellgate/home/rb194958e/stroke_segmentation_sota/batch_wise_train.py", line 256, in main

  File "/mnt/beegfs/hellgate/home/rb194958e/.conda/envs/tf215_env/lib/python3.11/site-packages/keras/src/utils/traceback_utils.py", line 65, in error_handler

  File "/mnt/beegfs/hellgate/home/rb194958e/.conda/envs/tf215_env/lib/python3.11/site-packages/keras/src/engine/training.py", line 1807, in fit

  File "/mnt/beegfs/hellgate/home/rb194958e/.conda/envs/tf215_env/lib/python3.11/site-packages/keras/src/engine/training.py", line 1401, in train_function

  File "/mnt/beegfs/hellgate/home/rb194958e/.conda/envs/tf215_env/lib/python3.11/site-packages/keras/src/engine/training.py", line 1384, in step_function

  File "/mnt/beegfs/hellgate/home/rb194958e/.conda/envs/tf215_env/lib/python3.11/site-packages/keras/src/engine/training.py", line 1373, in run_step

  File "/mnt/beegfs/hellgate/home/rb194958e/.conda/envs/tf215_env/lib/python3.11/site-packages/keras/src/engine/training.py", line 1150, in train_step

  File "/mnt/beegfs/hellgate/home/rb194958e/.conda/envs/tf215_env/lib/python3.11/site-packages/keras/src/utils/traceback_utils.py", line 65, in error_handler

  File "/mnt/beegfs/hellgate/home/rb194958e/.conda/envs/tf215_env/lib/python3.11/site-packages/keras/src/engine/training.py", line 590, in __call__

  File "/mnt/beegfs/hellgate/home/rb194958e/.conda/envs/tf215_env/lib/python3.11/site-packages/keras/src/utils/traceback_utils.py", line 65, in error_handler

  File "/mnt/beegfs/hellgate/home/rb194958e/.conda/envs/tf215_env/lib/python3.11/site-packages/keras/src/engine/base_layer.py", line 1149, in __call__

  File "/mnt/beegfs/hellgate/home/rb194958e/.conda/envs/tf215_env/lib/python3.11/site-packages/keras/src/utils/traceback_utils.py", line 96, in error_handler

  File "/mnt/beegfs/hellgate/home/rb194958e/.conda/envs/tf215_env/lib/python3.11/site-packages/keras/src/engine/functional.py", line 515, in call

  File "/mnt/beegfs/hellgate/home/rb194958e/.conda/envs/tf215_env/lib/python3.11/site-packages/keras/src/engine/functional.py", line 672, in _run_internal_graph

  File "/mnt/beegfs/hellgate/home/rb194958e/.conda/envs/tf215_env/lib/python3.11/site-packages/keras/src/utils/traceback_utils.py", line 65, in error_handler

  File "/mnt/beegfs/hellgate/home/rb194958e/.conda/envs/tf215_env/lib/python3.11/site-packages/keras/src/engine/base_layer.py", line 1149, in __call__

  File "/mnt/beegfs/hellgate/home/rb194958e/.conda/envs/tf215_env/lib/python3.11/site-packages/keras/src/utils/traceback_utils.py", line 96, in error_handler

  File "/mnt/beegfs/hellgate/home/rb194958e/.conda/envs/tf215_env/lib/python3.11/site-packages/keras/src/layers/merging/base_merge.py", line 196, in call

  File "/mnt/beegfs/hellgate/home/rb194958e/.conda/envs/tf215_env/lib/python3.11/site-packages/keras/src/layers/merging/concatenate.py", line 134, in _merge_function

  File "/mnt/beegfs/hellgate/home/rb194958e/.conda/envs/tf215_env/lib/python3.11/site-packages/keras/src/backend.py", line 3580, in concatenate

OOM when allocating tensor with shape[2,64,192,224,176] and type float on /job:localhost/replica:0/task:0/device:GPU:0 by allocator GPU_0_bfc
	 [[{{node model/concatenate_2/concat}}]]
Hint: If you want to see a list of allocated tensors when OOM happens, add report_tensor_allocations_upon_oom to RunOptions for current allocation info. This isn't available when running in Eager mode.
 [Op:__inference_train_function_7309]
2025-06-14 22:53:57.201047: W tensorflow/core/kernels/data/generator_dataset_op.cc:108] Error occurred when finalizing GeneratorDataset iterator: FAILED_PRECONDITION: Python interpreter state is not initialized. The process may be terminated.
	 [[{{node PyFunc}}]]
/var/spool/slurmd/job1124115/slurm_script: line 320: EOF: command not found
/var/spool/slurmd/job1124115/slurm_script: line 330: unexpected EOF while looking for matching ``'
/var/spool/slurmd/job1124115/slurm_script: line 339: syntax error: unexpected end of file
