2025-06-14 19:05:03.154197: I tensorflow/core/util/port.cc:113] oneDNN custom operations are on. You may see slightly different numerical results due to floating-point round-off errors from different computation orders. To turn them off, set the environment variable `TF_ENABLE_ONEDNN_OPTS=0`.
2025-06-14 19:05:03.889209: E external/local_xla/xla/stream_executor/cuda/cuda_dnn.cc:9261] Unable to register cuDNN factory: Attempting to register factory for plugin cuDNN when one has already been registered
2025-06-14 19:05:03.889935: E external/local_xla/xla/stream_executor/cuda/cuda_fft.cc:607] Unable to register cuFFT factory: Attempting to register factory for plugin cuFFT when one has already been registered
2025-06-14 19:05:04.007253: E external/local_xla/xla/stream_executor/cuda/cuda_blas.cc:1515] Unable to register cuBLAS factory: Attempting to register factory for plugin cuBLAS when one has already been registered
2025-06-14 19:05:04.262598: I tensorflow/core/platform/cpu_feature_guard.cc:182] This TensorFlow binary is optimized to use available CPU instructions in performance-critical operations.
To enable the following instructions: AVX2 AVX512F AVX512_VNNI FMA, in other operations, rebuild TensorFlow with the appropriate compiler flags.
2025-06-14 19:05:10.958243: W tensorflow/compiler/tf2tensorrt/utils/py_utils.cc:38] TF-TRT Warning: Could not find TensorRT
INFO:__main__:🚀 Starting Stroke Lesion Segmentation Training
INFO:__main__:Using 1 GPU(s)
INFO:__main__:Creating data generators...
INFO:__main__:Found 655 valid image/mask pairs
INFO:__main__:Found 655 valid image/mask pairs
INFO:__main__:Training batches: 262
INFO:__main__:Validation batches: 65
INFO:__main__:Building model...
2025-06-14 19:05:25.574473: I tensorflow/core/common_runtime/gpu/gpu_device.cc:1929] Created device /job:localhost/replica:0/task:0/device:GPU:0 with 22483 MB memory:  -> device: 0, name: NVIDIA RTX 4500 Ada Generation, pci bus id: 0000:1c:00.0, compute capability: 8.9
INFO:__main__:Model parameters: 5,605,345
INFO:__main__:Starting training...
pixdim[0] (qfac) should be 1 (default) or -1; setting qfac to 1
INFO:nibabel.global:pixdim[0] (qfac) should be 1 (default) or -1; setting qfac to 1
pixdim[0] (qfac) should be 1 (default) or -1; setting qfac to 1
INFO:nibabel.global:pixdim[0] (qfac) should be 1 (default) or -1; setting qfac to 1
pixdim[0] (qfac) should be 1 (default) or -1; setting qfac to 1
INFO:nibabel.global:pixdim[0] (qfac) should be 1 (default) or -1; setting qfac to 1
pixdim[0] (qfac) should be 1 (default) or -1; setting qfac to 1
INFO:nibabel.global:pixdim[0] (qfac) should be 1 (default) or -1; setting qfac to 1
2025-06-14 19:05:33.167187: I external/local_xla/xla/stream_executor/cuda/cuda_dnn.cc:454] Loaded cuDNN version 8907
pixdim[0] (qfac) should be 1 (default) or -1; setting qfac to 1
INFO:nibabel.global:pixdim[0] (qfac) should be 1 (default) or -1; setting qfac to 1
pixdim[0] (qfac) should be 1 (default) or -1; setting qfac to 1
INFO:nibabel.global:pixdim[0] (qfac) should be 1 (default) or -1; setting qfac to 1
pixdim[0] (qfac) should be 1 (default) or -1; setting qfac to 1
INFO:nibabel.global:pixdim[0] (qfac) should be 1 (default) or -1; setting qfac to 1
pixdim[0] (qfac) should be 1 (default) or -1; setting qfac to 1
INFO:nibabel.global:pixdim[0] (qfac) should be 1 (default) or -1; setting qfac to 1
2025-06-14 19:05:49.606273: W external/local_tsl/tsl/framework/bfc_allocator.cc:296] Allocator (GPU_0_bfc) ran out of memory trying to allocate 2.27GiB with freed_by_count=0. The caller indicates that this is not a failure, but this may mean that there could be performance gains if more memory were available.
2025-06-14 19:05:49.707668: W external/local_tsl/tsl/framework/bfc_allocator.cc:296] Allocator (GPU_0_bfc) ran out of memory trying to allocate 2.30GiB with freed_by_count=0. The caller indicates that this is not a failure, but this may mean that there could be performance gains if more memory were available.
2025-06-14 19:05:49.708598: W external/local_tsl/tsl/framework/bfc_allocator.cc:296] Allocator (GPU_0_bfc) ran out of memory trying to allocate 2.27GiB with freed_by_count=0. The caller indicates that this is not a failure, but this may mean that there could be performance gains if more memory were available.
2025-06-14 19:05:50.328571: W external/local_tsl/tsl/framework/bfc_allocator.cc:296] Allocator (GPU_0_bfc) ran out of memory trying to allocate 2.27GiB with freed_by_count=0. The caller indicates that this is not a failure, but this may mean that there could be performance gains if more memory were available.
2025-06-14 19:05:50.381791: W external/local_tsl/tsl/framework/bfc_allocator.cc:296] Allocator (GPU_0_bfc) ran out of memory trying to allocate 2.30GiB with freed_by_count=0. The caller indicates that this is not a failure, but this may mean that there could be performance gains if more memory were available.
2025-06-14 19:05:50.382829: W external/local_tsl/tsl/framework/bfc_allocator.cc:296] Allocator (GPU_0_bfc) ran out of memory trying to allocate 2.27GiB with freed_by_count=0. The caller indicates that this is not a failure, but this may mean that there could be performance gains if more memory were available.
2025-06-14 19:06:01.003777: W external/local_tsl/tsl/framework/bfc_allocator.cc:485] Allocator (GPU_0_bfc) ran out of memory trying to allocate 3.61GiB (rounded to 3875536896)requested by op model/concatenate_2/concat
If the cause is memory fragmentation maybe the environment variable 'TF_GPU_ALLOCATOR=cuda_malloc_async' will improve the situation. 
Current allocation summary follows.
Current allocation summary follows.
2025-06-14 19:06:01.004826: I external/local_tsl/tsl/framework/bfc_allocator.cc:1039] BFCAllocator dump for GPU_0_bfc
2025-06-14 19:06:01.005710: I external/local_tsl/tsl/framework/bfc_allocator.cc:1046] Bin (256): 	Total Chunks: 155, Chunks in use: 155. 38.8KiB allocated for chunks. 38.8KiB in use in bin. 20.7KiB client-requested in use in bin.
2025-06-14 19:06:01.006228: I external/local_tsl/tsl/framework/bfc_allocator.cc:1046] Bin (512): 	Total Chunks: 56, Chunks in use: 55. 28.2KiB allocated for chunks. 27.8KiB in use in bin. 27.5KiB client-requested in use in bin.
2025-06-14 19:06:01.006727: I external/local_tsl/tsl/framework/bfc_allocator.cc:1046] Bin (1024): 	Total Chunks: 27, Chunks in use: 27. 27.2KiB allocated for chunks. 27.2KiB in use in bin. 27.0KiB client-requested in use in bin.
2025-06-14 19:06:01.007196: I external/local_tsl/tsl/framework/bfc_allocator.cc:1046] Bin (2048): 	Total Chunks: 3, Chunks in use: 3. 10.5KiB allocated for chunks. 10.5KiB in use in bin. 10.1KiB client-requested in use in bin.
2025-06-14 19:06:01.007697: I external/local_tsl/tsl/framework/bfc_allocator.cc:1046] Bin (4096): 	Total Chunks: 0, Chunks in use: 0. 0B allocated for chunks. 0B in use in bin. 0B client-requested in use in bin.
2025-06-14 19:06:01.008115: I external/local_tsl/tsl/framework/bfc_allocator.cc:1046] Bin (8192): 	Total Chunks: 0, Chunks in use: 0. 0B allocated for chunks. 0B in use in bin. 0B client-requested in use in bin.
2025-06-14 19:06:01.008549: I external/local_tsl/tsl/framework/bfc_allocator.cc:1046] Bin (16384): 	Total Chunks: 0, Chunks in use: 0. 0B allocated for chunks. 0B in use in bin. 0B client-requested in use in bin.
2025-06-14 19:06:01.009055: I external/local_tsl/tsl/framework/bfc_allocator.cc:1046] Bin (32768): 	Total Chunks: 0, Chunks in use: 0. 0B allocated for chunks. 0B in use in bin. 0B client-requested in use in bin.
2025-06-14 19:06:01.009481: I external/local_tsl/tsl/framework/bfc_allocator.cc:1046] Bin (65536): 	Total Chunks: 7, Chunks in use: 7. 653.0KiB allocated for chunks. 653.0KiB in use in bin. 624.0KiB client-requested in use in bin.
2025-06-14 19:06:01.009963: I external/local_tsl/tsl/framework/bfc_allocator.cc:1046] Bin (131072): 	Total Chunks: 8, Chunks in use: 8. 1.58MiB allocated for chunks. 1.58MiB in use in bin. 1.48MiB client-requested in use in bin.
2025-06-14 19:06:01.010434: I external/local_tsl/tsl/framework/bfc_allocator.cc:1046] Bin (262144): 	Total Chunks: 8, Chunks in use: 8. 2.95MiB allocated for chunks. 2.95MiB in use in bin. 2.86MiB client-requested in use in bin.
2025-06-14 19:06:01.010916: I external/local_tsl/tsl/framework/bfc_allocator.cc:1046] Bin (524288): 	Total Chunks: 7, Chunks in use: 7. 5.89MiB allocated for chunks. 5.89MiB in use in bin. 5.48MiB client-requested in use in bin.
2025-06-14 19:06:01.011348: I external/local_tsl/tsl/framework/bfc_allocator.cc:1046] Bin (1048576): 	Total Chunks: 9, Chunks in use: 9. 14.02MiB allocated for chunks. 14.02MiB in use in bin. 13.12MiB client-requested in use in bin.
2025-06-14 19:06:01.011855: I external/local_tsl/tsl/framework/bfc_allocator.cc:1046] Bin (2097152): 	Total Chunks: 5, Chunks in use: 5. 17.38MiB allocated for chunks. 17.38MiB in use in bin. 16.88MiB client-requested in use in bin.
2025-06-14 19:06:01.012340: I external/local_tsl/tsl/framework/bfc_allocator.cc:1046] Bin (4194304): 	Total Chunks: 3, Chunks in use: 3. 18.12MiB allocated for chunks. 18.12MiB in use in bin. 16.88MiB client-requested in use in bin.
2025-06-14 19:06:01.012781: I external/local_tsl/tsl/framework/bfc_allocator.cc:1046] Bin (8388608): 	Total Chunks: 3, Chunks in use: 3. 40.62MiB allocated for chunks. 40.62MiB in use in bin. 35.62MiB client-requested in use in bin.
2025-06-14 19:06:01.013240: I external/local_tsl/tsl/framework/bfc_allocator.cc:1046] Bin (16777216): 	Total Chunks: 5, Chunks in use: 4. 140.19MiB allocated for chunks. 115.50MiB in use in bin. 115.50MiB client-requested in use in bin.
2025-06-14 19:06:01.013712: I external/local_tsl/tsl/framework/bfc_allocator.cc:1046] Bin (33554432): 	Total Chunks: 2, Chunks in use: 2. 115.50MiB allocated for chunks. 115.50MiB in use in bin. 115.50MiB client-requested in use in bin.
2025-06-14 19:06:01.014207: I external/local_tsl/tsl/framework/bfc_allocator.cc:1046] Bin (67108864): 	Total Chunks: 8, Chunks in use: 8. 874.50MiB allocated for chunks. 874.50MiB in use in bin. 808.50MiB client-requested in use in bin.
2025-06-14 19:06:01.014669: I external/local_tsl/tsl/framework/bfc_allocator.cc:1046] Bin (134217728): 	Total Chunks: 5, Chunks in use: 5. 1.07GiB allocated for chunks. 1.07GiB in use in bin. 924.00MiB client-requested in use in bin.
2025-06-14 19:06:01.015121: I external/local_tsl/tsl/framework/bfc_allocator.cc:1046] Bin (268435456): 	Total Chunks: 18, Chunks in use: 15. 19.69GiB allocated for chunks. 15.34GiB in use in bin. 15.34GiB client-requested in use in bin.
2025-06-14 19:06:01.015512: I external/local_tsl/tsl/framework/bfc_allocator.cc:1062] Bin for 3.61GiB was 256.00MiB, Chunk State: 
2025-06-14 19:06:01.015946: I external/local_tsl/tsl/framework/bfc_allocator.cc:1068]   Size: 453.50MiB | Requested Size: 16.00MiB | in_use: 0 | bin_num: 20, prev:   Size: 462.00MiB | Requested Size: 462.00MiB | in_use: 1 | bin_num: -1
2025-06-14 19:06:01.016354: I external/local_tsl/tsl/framework/bfc_allocator.cc:1068]   Size: 1.80GiB | Requested Size: 1.80GiB | in_use: 0 | bin_num: 20, next:   Size: 1.80GiB | Requested Size: 1.80GiB | in_use: 1 | bin_num: -1
2025-06-14 19:06:01.016763: I external/local_tsl/tsl/framework/bfc_allocator.cc:1068]   Size: 2.10GiB | Requested Size: 1.82GiB | in_use: 0 | bin_num: 20, prev:   Size: 1.80GiB | Requested Size: 1.80GiB | in_use: 1 | bin_num: -1
2025-06-14 19:06:01.017219: I external/local_tsl/tsl/framework/bfc_allocator.cc:1075] Next region of size 6129582080
2025-06-14 19:06:01.017694: I external/local_tsl/tsl/framework/bfc_allocator.cc:1095] Free  at 7f4c8a000000 of size 1937768448 next 107
2025-06-14 19:06:01.018183: I external/local_tsl/tsl/framework/bfc_allocator.cc:1095] InUse at 7f4cfd800000 of size 1937768448 next 329
2025-06-14 19:06:01.018588: I external/local_tsl/tsl/framework/bfc_allocator.cc:1095] Free  at 7f4d71000000 of size 2254045184 next 18446744073709551615
2025-06-14 19:06:01.019067: I external/local_tsl/tsl/framework/bfc_allocator.cc:1075] Next region of size 8589934592
2025-06-14 19:06:01.019586: I external/local_tsl/tsl/framework/bfc_allocator.cc:1095] InUse at 7f4e22000000 of size 1937768448 next 282
2025-06-14 19:06:01.020122: I external/local_tsl/tsl/framework/bfc_allocator.cc:1095] InUse at 7f4e95800000 of size 242221056 next 283
2025-06-14 19:06:01.020574: I external/local_tsl/tsl/framework/bfc_allocator.cc:1095] InUse at 7f4ea3f00000 of size 484442112 next 284
2025-06-14 19:06:01.021034: I external/local_tsl/tsl/framework/bfc_allocator.cc:1095] InUse at 7f4ec0d00000 of size 484442112 next 285
2025-06-14 19:06:01.021472: I external/local_tsl/tsl/framework/bfc_allocator.cc:1095] InUse at 7f4eddb00000 of size 484442112 next 29
2025-06-14 19:06:01.021939: I external/local_tsl/tsl/framework/bfc_allocator.cc:1095] InUse at 7f4efa900000 of size 484442112 next 289
2025-06-14 19:06:01.022290: I external/local_tsl/tsl/framework/bfc_allocator.cc:1095] InUse at 7f4f17700000 of size 484442112 next 293
2025-06-14 19:06:01.022730: I external/local_tsl/tsl/framework/bfc_allocator.cc:1095] InUse at 7f4f34500000 of size 121110528 next 47
2025-06-14 19:06:01.023124: I external/local_tsl/tsl/framework/bfc_allocator.cc:1095] InUse at 7f4f3b880000 of size 121110528 next 296
2025-06-14 19:06:01.023541: I external/local_tsl/tsl/framework/bfc_allocator.cc:1095] InUse at 7f4f42c00000 of size 121110528 next 300
2025-06-14 19:06:01.023949: I external/local_tsl/tsl/framework/bfc_allocator.cc:1095] InUse at 7f4f49f80000 of size 30277632 next 302
2025-06-14 19:06:01.024403: I external/local_tsl/tsl/framework/bfc_allocator.cc:1095] InUse at 7f4f4bc60000 of size 30277632 next 303
2025-06-14 19:06:01.024856: I external/local_tsl/tsl/framework/bfc_allocator.cc:1095] InUse at 7f4f4d940000 of size 30277632 next 66
2025-06-14 19:06:01.025273: I external/local_tsl/tsl/framework/bfc_allocator.cc:1095] InUse at 7f4f4f620000 of size 30277632 next 307
2025-06-14 19:06:01.025598: I external/local_tsl/tsl/framework/bfc_allocator.cc:1095] InUse at 7f4f51300000 of size 121110528 next 76
2025-06-14 19:06:01.026100: I external/local_tsl/tsl/framework/bfc_allocator.cc:1095] InUse at 7f4f58680000 of size 121110528 next 312
2025-06-14 19:06:01.026525: I external/local_tsl/tsl/framework/bfc_allocator.cc:1095] InUse at 7f4f5fa00000 of size 242221056 next 311
2025-06-14 19:06:01.026906: I external/local_tsl/tsl/framework/bfc_allocator.cc:1095] InUse at 7f4f6e100000 of size 121110528 next 85
2025-06-14 19:06:01.027344: I external/local_tsl/tsl/framework/bfc_allocator.cc:1095] InUse at 7f4f75480000 of size 484442112 next 325
2025-06-14 19:06:01.027779: I external/local_tsl/tsl/framework/bfc_allocator.cc:1095] InUse at 7f4f92280000 of size 484442112 next 320
2025-06-14 19:06:01.028134: I external/local_tsl/tsl/framework/bfc_allocator.cc:1095] InUse at 7f4faf080000 of size 968884224 next 319
2025-06-14 19:06:01.028565: I external/local_tsl/tsl/framework/bfc_allocator.cc:1095] InUse at 7f4fe8c80000 of size 484442112 next 91
2025-06-14 19:06:01.029004: I external/local_tsl/tsl/framework/bfc_allocator.cc:1095] Free  at 7f5005a80000 of size 475529216 next 18446744073709551615
2025-06-14 19:06:01.029412: I external/local_tsl/tsl/framework/bfc_allocator.cc:1075] Next region of size 4294967296
2025-06-14 19:06:01.029881: I external/local_tsl/tsl/framework/bfc_allocator.cc:1095] InUse at 7f503e000000 of size 1937768448 next 11
2025-06-14 19:06:01.030228: I external/local_tsl/tsl/framework/bfc_allocator.cc:1095] InUse at 7f50b1800000 of size 1937768448 next 277
2025-06-14 19:06:01.030625: I external/local_tsl/tsl/framework/bfc_allocator.cc:1095] InUse at 7f5125000000 of size 242221056 next 20
2025-06-14 19:06:01.031031: I external/local_tsl/tsl/framework/bfc_allocator.cc:1095] InUse at 7f5133700000 of size 60555264 next 38
2025-06-14 19:06:01.031471: I external/local_tsl/tsl/framework/bfc_allocator.cc:1095] InUse at 7f51370c0000 of size 116654080 next 18446744073709551615
2025-06-14 19:06:01.031834: I external/local_tsl/tsl/framework/bfc_allocator.cc:1075] Next region of size 2147483648
2025-06-14 19:06:01.032234: I external/local_tsl/tsl/framework/bfc_allocator.cc:1095] InUse at 7f516a000000 of size 1937768448 next 265
2025-06-14 19:06:01.032643: I external/local_tsl/tsl/framework/bfc_allocator.cc:1095] InUse at 7f51dd800000 of size 209715200 next 18446744073709551615
2025-06-14 19:06:01.033126: I external/local_tsl/tsl/framework/bfc_allocator.cc:1075] Next region of size 2147483648
2025-06-14 19:06:01.033552: I external/local_tsl/tsl/framework/bfc_allocator.cc:1095] InUse at 7f51f0000000 of size 1937768448 next 267
2025-06-14 19:06:01.033949: I external/local_tsl/tsl/framework/bfc_allocator.cc:1095] InUse at 7f5263800000 of size 209715200 next 18446744073709551615
2025-06-14 19:06:01.034392: I external/local_tsl/tsl/framework/bfc_allocator.cc:1075] Next region of size 134217728
2025-06-14 19:06:01.034839: I external/local_tsl/tsl/framework/bfc_allocator.cc:1095] InUse at 7f52fc000000 of size 60555264 next 264
2025-06-14 19:06:01.035256: I external/local_tsl/tsl/framework/bfc_allocator.cc:1095] InUse at 7f52ff9c0000 of size 73662464 next 18446744073709551615
2025-06-14 19:06:01.035701: I external/local_tsl/tsl/framework/bfc_allocator.cc:1075] Next region of size 67108864
2025-06-14 19:06:01.036165: I external/local_tsl/tsl/framework/bfc_allocator.cc:1095] InUse at 7f5304000000 of size 3538944 next 198
2025-06-14 19:06:01.036589: I external/local_tsl/tsl/framework/bfc_allocator.cc:1095] InUse at 7f5304360000 of size 1769472 next 205
2025-06-14 19:06:01.037043: I external/local_tsl/tsl/framework/bfc_allocator.cc:1095] InUse at 7f5304510000 of size 1769472 next 206
2025-06-14 19:06:01.037487: I external/local_tsl/tsl/framework/bfc_allocator.cc:1095] InUse at 7f53046c0000 of size 262144 next 213
2025-06-14 19:06:01.038013: I external/local_tsl/tsl/framework/bfc_allocator.cc:1095] InUse at 7f5304700000 of size 262144 next 214
2025-06-14 19:06:01.038459: I external/local_tsl/tsl/framework/bfc_allocator.cc:1095] InUse at 7f5304740000 of size 884736 next 217
2025-06-14 19:06:01.038902: I external/local_tsl/tsl/framework/bfc_allocator.cc:1095] InUse at 7f5304818000 of size 884736 next 218
2025-06-14 19:06:01.039330: I external/local_tsl/tsl/framework/bfc_allocator.cc:1095] InUse at 7f53048f0000 of size 442368 next 225
2025-06-14 19:06:01.039730: I external/local_tsl/tsl/framework/bfc_allocator.cc:1095] InUse at 7f530495c000 of size 442368 next 226
2025-06-14 19:06:01.040198: I external/local_tsl/tsl/framework/bfc_allocator.cc:1095] InUse at 7f53049c8000 of size 256 next 234
2025-06-14 19:06:01.040688: I external/local_tsl/tsl/framework/bfc_allocator.cc:1095] InUse at 7f53049c8100 of size 256 next 235
2025-06-14 19:06:01.041157: I external/local_tsl/tsl/framework/bfc_allocator.cc:1095] InUse at 7f53049c8200 of size 221184 next 236
2025-06-14 19:06:01.041611: I external/local_tsl/tsl/framework/bfc_allocator.cc:1095] InUse at 7f53049fe200 of size 221184 next 237
2025-06-14 19:06:01.042077: I external/local_tsl/tsl/framework/bfc_allocator.cc:1095] InUse at 7f5304a34200 of size 256 next 238
2025-06-14 19:06:01.042551: I external/local_tsl/tsl/framework/bfc_allocator.cc:1095] InUse at 7f5304a34300 of size 256 next 239
2025-06-14 19:06:01.043009: I external/local_tsl/tsl/framework/bfc_allocator.cc:1095] InUse at 7f5304a34400 of size 256 next 240
2025-06-14 19:06:01.043417: I external/local_tsl/tsl/framework/bfc_allocator.cc:1095] InUse at 7f5304a34500 of size 256 next 241
2025-06-14 19:06:01.043854: I external/local_tsl/tsl/framework/bfc_allocator.cc:1095] InUse at 7f5304a34600 of size 256 next 242
2025-06-14 19:06:01.044274: I external/local_tsl/tsl/framework/bfc_allocator.cc:1095] InUse at 7f5304a34700 of size 256 next 243
2025-06-14 19:06:01.044755: I external/local_tsl/tsl/framework/bfc_allocator.cc:1095] InUse at 7f5304a34800 of size 110592 next 244
2025-06-14 19:06:01.045177: I external/local_tsl/tsl/framework/bfc_allocator.cc:1095] InUse at 7f5304a4f800 of size 110592 next 245
2025-06-14 19:06:01.045627: I external/local_tsl/tsl/framework/bfc_allocator.cc:1095] InUse at 7f5304a6a800 of size 256 next 246
2025-06-14 19:06:01.046050: I external/local_tsl/tsl/framework/bfc_allocator.cc:1095] InUse at 7f5304a6a900 of size 256 next 247
2025-06-14 19:06:01.046479: I external/local_tsl/tsl/framework/bfc_allocator.cc:1095] InUse at 7f5304a6aa00 of size 256 next 248
2025-06-14 19:06:01.046908: I external/local_tsl/tsl/framework/bfc_allocator.cc:1095] InUse at 7f5304a6ab00 of size 256 next 249
2025-06-14 19:06:01.047370: I external/local_tsl/tsl/framework/bfc_allocator.cc:1095] InUse at 7f5304a6ac00 of size 256 next 250
2025-06-14 19:06:01.047824: I external/local_tsl/tsl/framework/bfc_allocator.cc:1095] InUse at 7f5304a6ad00 of size 256 next 251
2025-06-14 19:06:01.048299: I external/local_tsl/tsl/framework/bfc_allocator.cc:1095] InUse at 7f5304a6ae00 of size 256 next 252
2025-06-14 19:06:01.048751: I external/local_tsl/tsl/framework/bfc_allocator.cc:1095] InUse at 7f5304a6af00 of size 256 next 253
2025-06-14 19:06:01.049218: I external/local_tsl/tsl/framework/bfc_allocator.cc:1095] InUse at 7f5304a6b000 of size 256 next 254
2025-06-14 19:06:01.049642: I external/local_tsl/tsl/framework/bfc_allocator.cc:1095] InUse at 7f5304a6b100 of size 256 next 255
2025-06-14 19:06:01.050089: I external/local_tsl/tsl/framework/bfc_allocator.cc:1095] InUse at 7f5304a6b200 of size 256 next 256
2025-06-14 19:06:01.050554: I external/local_tsl/tsl/framework/bfc_allocator.cc:1095] InUse at 7f5304a6b300 of size 256 next 257
2025-06-14 19:06:01.051000: I external/local_tsl/tsl/framework/bfc_allocator.cc:1095] InUse at 7f5304a6b400 of size 256 next 258
2025-06-14 19:06:01.051456: I external/local_tsl/tsl/framework/bfc_allocator.cc:1095] InUse at 7f5304a6b500 of size 256 next 259
2025-06-14 19:06:01.051952: I external/local_tsl/tsl/framework/bfc_allocator.cc:1095] InUse at 7f5304a6b600 of size 256 next 260
2025-06-14 19:06:01.052422: I external/local_tsl/tsl/framework/bfc_allocator.cc:1095] InUse at 7f5304a6b700 of size 256 next 261
2025-06-14 19:06:01.052886: I external/local_tsl/tsl/framework/bfc_allocator.cc:1095] InUse at 7f5304a6b800 of size 256 next 262
2025-06-14 19:06:01.053346: I external/local_tsl/tsl/framework/bfc_allocator.cc:1095] InUse at 7f5304a6b900 of size 256 next 263
2025-06-14 19:06:01.053811: I external/local_tsl/tsl/framework/bfc_allocator.cc:1095] InUse at 7f5304a6ba00 of size 256 next 272
2025-06-14 19:06:01.054313: I external/local_tsl/tsl/framework/bfc_allocator.cc:1095] InUse at 7f5304a6bb00 of size 256 next 274
2025-06-14 19:06:01.054810: I external/local_tsl/tsl/framework/bfc_allocator.cc:1095] InUse at 7f5304a6bc00 of size 256 next 275
2025-06-14 19:06:01.055262: I external/local_tsl/tsl/framework/bfc_allocator.cc:1095] InUse at 7f5304a6bd00 of size 256 next 276
2025-06-14 19:06:01.055757: I external/local_tsl/tsl/framework/bfc_allocator.cc:1095] InUse at 7f5304a6be00 of size 256 next 280
2025-06-14 19:06:01.056224: I external/local_tsl/tsl/framework/bfc_allocator.cc:1095] InUse at 7f5304a6bf00 of size 256 next 281
2025-06-14 19:06:01.056678: I external/local_tsl/tsl/framework/bfc_allocator.cc:1095] InUse at 7f5304a6c000 of size 256 next 287
2025-06-14 19:06:01.057143: I external/local_tsl/tsl/framework/bfc_allocator.cc:1095] InUse at 7f5304a6c100 of size 256 next 288
2025-06-14 19:06:01.057681: I external/local_tsl/tsl/framework/bfc_allocator.cc:1095] InUse at 7f5304a6c200 of size 256 next 291
2025-06-14 19:06:01.058248: I external/local_tsl/tsl/framework/bfc_allocator.cc:1095] InUse at 7f5304a6c300 of size 256 next 292
2025-06-14 19:06:01.058814: I external/local_tsl/tsl/framework/bfc_allocator.cc:1095] InUse at 7f5304a6c400 of size 512 next 294
2025-06-14 19:06:01.059287: I external/local_tsl/tsl/framework/bfc_allocator.cc:1095] InUse at 7f5304a6c600 of size 768 next 268
2025-06-14 19:06:01.059728: I external/local_tsl/tsl/framework/bfc_allocator.cc:1095] InUse at 7f5304a6c900 of size 256 next 269
2025-06-14 19:06:01.060223: I external/local_tsl/tsl/framework/bfc_allocator.cc:1095] InUse at 7f5304a6ca00 of size 256 next 270
2025-06-14 19:06:01.060787: I external/local_tsl/tsl/framework/bfc_allocator.cc:1095] InUse at 7f5304a6cb00 of size 512 next 295
2025-06-14 19:06:01.061341: I external/local_tsl/tsl/framework/bfc_allocator.cc:1095] InUse at 7f5304a6cd00 of size 512 next 298
2025-06-14 19:06:01.061821: I external/local_tsl/tsl/framework/bfc_allocator.cc:1095] InUse at 7f5304a6cf00 of size 512 next 299
2025-06-14 19:06:01.062285: I external/local_tsl/tsl/framework/bfc_allocator.cc:1095] InUse at 7f5304a6d100 of size 15138816 next 56
2025-06-14 19:06:01.062651: I external/local_tsl/tsl/framework/bfc_allocator.cc:1095] InUse at 7f53058dd100 of size 15138816 next 301
2025-06-14 19:06:01.063007: I external/local_tsl/tsl/framework/bfc_allocator.cc:1095] InUse at 7f530674d100 of size 1024 next 304
2025-06-14 19:06:01.063408: I external/local_tsl/tsl/framework/bfc_allocator.cc:1095] InUse at 7f530674d500 of size 1024 next 305
2025-06-14 19:06:01.063882: I external/local_tsl/tsl/framework/bfc_allocator.cc:1095] InUse at 7f530674d900 of size 1024 next 306
2025-06-14 19:06:01.064332: I external/local_tsl/tsl/framework/bfc_allocator.cc:1095] InUse at 7f530674dd00 of size 1024 next 309
2025-06-14 19:06:01.064762: I external/local_tsl/tsl/framework/bfc_allocator.cc:1095] InUse at 7f530674e100 of size 1024 next 310
2025-06-14 19:06:01.065186: I external/local_tsl/tsl/framework/bfc_allocator.cc:1095] InUse at 7f530674e500 of size 512 next 317
2025-06-14 19:06:01.065623: I external/local_tsl/tsl/framework/bfc_allocator.cc:1095] InUse at 7f530674e700 of size 512 next 318
2025-06-14 19:06:01.066051: I external/local_tsl/tsl/framework/bfc_allocator.cc:1095] InUse at 7f530674e900 of size 256 next 326
2025-06-14 19:06:01.066496: I external/local_tsl/tsl/framework/bfc_allocator.cc:1095] InUse at 7f530674ea00 of size 256 next 327
2025-06-14 19:06:01.066953: I external/local_tsl/tsl/framework/bfc_allocator.cc:1095] Free  at 7f530674eb00 of size 25892096 next 18446744073709551615
2025-06-14 19:06:01.067356: I external/local_tsl/tsl/framework/bfc_allocator.cc:1075] Next region of size 33554432
2025-06-14 19:06:01.067794: I external/local_tsl/tsl/framework/bfc_allocator.cc:1095] InUse at 7f531c000000 of size 3538944 next 83
2025-06-14 19:06:01.068158: I external/local_tsl/tsl/framework/bfc_allocator.cc:1095] InUse at 7f531c360000 of size 221184 next 152
2025-06-14 19:06:01.068474: I external/local_tsl/tsl/framework/bfc_allocator.cc:1095] InUse at 7f531c396000 of size 221184 next 106
2025-06-14 19:06:01.068863: I external/local_tsl/tsl/framework/bfc_allocator.cc:1095] InUse at 7f531c3cc000 of size 442368 next 100
2025-06-14 19:06:01.069218: I external/local_tsl/tsl/framework/bfc_allocator.cc:1095] InUse at 7f531c438000 of size 884736 next 90
2025-06-14 19:06:01.069591: I external/local_tsl/tsl/framework/bfc_allocator.cc:1095] InUse at 7f531c510000 of size 1769472 next 74
2025-06-14 19:06:01.069963: I external/local_tsl/tsl/framework/bfc_allocator.cc:1095] InUse at 7f531c6c0000 of size 7077888 next 72
2025-06-14 19:06:01.070352: I external/local_tsl/tsl/framework/bfc_allocator.cc:1095] InUse at 7f531cd80000 of size 7077888 next 187
2025-06-14 19:06:01.070708: I external/local_tsl/tsl/framework/bfc_allocator.cc:1095] InUse at 7f531d440000 of size 12320768 next 18446744073709551615
2025-06-14 19:06:01.071066: I external/local_tsl/tsl/framework/bfc_allocator.cc:1075] Next region of size 16777216
2025-06-14 19:06:01.071489: I external/local_tsl/tsl/framework/bfc_allocator.cc:1095] InUse at 7f531e000000 of size 1769472 next 173
2025-06-14 19:06:01.071853: I external/local_tsl/tsl/framework/bfc_allocator.cc:1095] InUse at 7f531e1b0000 of size 1769472 next 64
2025-06-14 19:06:01.072238: I external/local_tsl/tsl/framework/bfc_allocator.cc:1095] InUse at 7f531e360000 of size 3538944 next 62
2025-06-14 19:06:01.072624: I external/local_tsl/tsl/framework/bfc_allocator.cc:1095] InUse at 7f531e6c0000 of size 3538944 next 180
2025-06-14 19:06:01.072993: I external/local_tsl/tsl/framework/bfc_allocator.cc:1095] InUse at 7f531ea20000 of size 1048576 next 194
2025-06-14 19:06:01.073386: I external/local_tsl/tsl/framework/bfc_allocator.cc:1095] InUse at 7f531eb20000 of size 1048576 next 195
2025-06-14 19:06:01.073748: I external/local_tsl/tsl/framework/bfc_allocator.cc:1095] InUse at 7f531ec20000 of size 4063232 next 18446744073709551615
2025-06-14 19:06:01.074173: I external/local_tsl/tsl/framework/bfc_allocator.cc:1075] Next region of size 2097152
2025-06-14 19:06:01.074598: I external/local_tsl/tsl/framework/bfc_allocator.cc:1095] InUse at 7f5386e00000 of size 1280 next 1
2025-06-14 19:06:01.075053: I external/local_tsl/tsl/framework/bfc_allocator.cc:1095] InUse at 7f5386e00500 of size 256 next 2
2025-06-14 19:06:01.075473: I external/local_tsl/tsl/framework/bfc_allocator.cc:1095] InUse at 7f5386e00600 of size 256 next 3
2025-06-14 19:06:01.075905: I external/local_tsl/tsl/framework/bfc_allocator.cc:1095] InUse at 7f5386e00700 of size 256 next 5
2025-06-14 19:06:01.076348: I external/local_tsl/tsl/framework/bfc_allocator.cc:1095] InUse at 7f5386e00800 of size 256 next 6
2025-06-14 19:06:01.076802: I external/local_tsl/tsl/framework/bfc_allocator.cc:1095] InUse at 7f5386e00900 of size 256 next 4
2025-06-14 19:06:01.077259: I external/local_tsl/tsl/framework/bfc_allocator.cc:1095] InUse at 7f5386e00a00 of size 256 next 7
2025-06-14 19:06:01.077718: I external/local_tsl/tsl/framework/bfc_allocator.cc:1095] InUse at 7f5386e00b00 of size 256 next 10
2025-06-14 19:06:01.078231: I external/local_tsl/tsl/framework/bfc_allocator.cc:1095] InUse at 7f5386e00c00 of size 256 next 278
2025-06-14 19:06:01.078672: I external/local_tsl/tsl/framework/bfc_allocator.cc:1095] InUse at 7f5386e00d00 of size 256 next 12
2025-06-14 19:06:01.079117: I external/local_tsl/tsl/framework/bfc_allocator.cc:1095] InUse at 7f5386e00e00 of size 256 next 13
2025-06-14 19:06:01.079534: I external/local_tsl/tsl/framework/bfc_allocator.cc:1095] InUse at 7f5386e00f00 of size 256 next 14
2025-06-14 19:06:01.079993: I external/local_tsl/tsl/framework/bfc_allocator.cc:1095] InUse at 7f5386e01000 of size 256 next 17
2025-06-14 19:06:01.080477: I external/local_tsl/tsl/framework/bfc_allocator.cc:1095] InUse at 7f5386e01100 of size 256 next 15
2025-06-14 19:06:01.080902: I external/local_tsl/tsl/framework/bfc_allocator.cc:1095] InUse at 7f5386e01200 of size 256 next 16
2025-06-14 19:06:01.081347: I external/local_tsl/tsl/framework/bfc_allocator.cc:1095] InUse at 7f5386e01300 of size 256 next 286
2025-06-14 19:06:01.081764: I external/local_tsl/tsl/framework/bfc_allocator.cc:1095] InUse at 7f5386e01400 of size 256 next 21
2025-06-14 19:06:01.082196: I external/local_tsl/tsl/framework/bfc_allocator.cc:1095] InUse at 7f5386e01500 of size 256 next 22
2025-06-14 19:06:01.082648: I external/local_tsl/tsl/framework/bfc_allocator.cc:1095] InUse at 7f5386e01600 of size 256 next 23
2025-06-14 19:06:01.083084: I external/local_tsl/tsl/framework/bfc_allocator.cc:1095] InUse at 7f5386e01700 of size 256 next 24
2025-06-14 19:06:01.083510: I external/local_tsl/tsl/framework/bfc_allocator.cc:1095] InUse at 7f5386e01800 of size 256 next 25
2025-06-14 19:06:01.083958: I external/local_tsl/tsl/framework/bfc_allocator.cc:1095] InUse at 7f5386e01900 of size 256 next 28
2025-06-14 19:06:01.084467: I external/local_tsl/tsl/framework/bfc_allocator.cc:1095] InUse at 7f5386e01a00 of size 256 next 290
2025-06-14 19:06:01.084965: I external/local_tsl/tsl/framework/bfc_allocator.cc:1095] InUse at 7f5386e01b00 of size 256 next 30
2025-06-14 19:06:01.085372: I external/local_tsl/tsl/framework/bfc_allocator.cc:1095] InUse at 7f5386e01c00 of size 256 next 31
2025-06-14 19:06:01.085805: I external/local_tsl/tsl/framework/bfc_allocator.cc:1095] InUse at 7f5386e01d00 of size 256 next 32
2025-06-14 19:06:01.086301: I external/local_tsl/tsl/framework/bfc_allocator.cc:1095] InUse at 7f5386e01e00 of size 256 next 35
2025-06-14 19:06:01.086844: I external/local_tsl/tsl/framework/bfc_allocator.cc:1095] InUse at 7f5386e01f00 of size 256 next 33
2025-06-14 19:06:01.087266: I external/local_tsl/tsl/framework/bfc_allocator.cc:1095] InUse at 7f5386e02000 of size 256 next 34
2025-06-14 19:06:01.087712: I external/local_tsl/tsl/framework/bfc_allocator.cc:1095] InUse at 7f5386e02100 of size 512 next 39
2025-06-14 19:06:01.088130: I external/local_tsl/tsl/framework/bfc_allocator.cc:1095] InUse at 7f5386e02300 of size 256 next 40
2025-06-14 19:06:01.088573: I external/local_tsl/tsl/framework/bfc_allocator.cc:1095] InUse at 7f5386e02400 of size 256 next 41
2025-06-14 19:06:01.089005: I external/local_tsl/tsl/framework/bfc_allocator.cc:1095] InUse at 7f5386e02500 of size 256 next 8
2025-06-14 19:06:01.089463: I external/local_tsl/tsl/framework/bfc_allocator.cc:1095] InUse at 7f5386e02600 of size 3584 next 9
2025-06-14 19:06:01.089909: I external/local_tsl/tsl/framework/bfc_allocator.cc:1095] InUse at 7f5386e03400 of size 512 next 42
2025-06-14 19:06:01.090332: I external/local_tsl/tsl/framework/bfc_allocator.cc:1095] InUse at 7f5386e03600 of size 512 next 45
2025-06-14 19:06:01.090757: I external/local_tsl/tsl/framework/bfc_allocator.cc:1095] InUse at 7f5386e03800 of size 512 next 46
2025-06-14 19:06:01.091241: I external/local_tsl/tsl/framework/bfc_allocator.cc:1095] InUse at 7f5386e03a00 of size 512 next 297
2025-06-14 19:06:01.091673: I external/local_tsl/tsl/framework/bfc_allocator.cc:1095] InUse at 7f5386e03c00 of size 512 next 48
2025-06-14 19:06:01.092118: I external/local_tsl/tsl/framework/bfc_allocator.cc:1095] InUse at 7f5386e03e00 of size 256 next 49
2025-06-14 19:06:01.092549: I external/local_tsl/tsl/framework/bfc_allocator.cc:1095] InUse at 7f5386e03f00 of size 512 next 50
2025-06-14 19:06:01.093016: I external/local_tsl/tsl/framework/bfc_allocator.cc:1095] InUse at 7f5386e04100 of size 512 next 51
2025-06-14 19:06:01.093467: I external/local_tsl/tsl/framework/bfc_allocator.cc:1095] InUse at 7f5386e04300 of size 512 next 55
2025-06-14 19:06:01.093934: I external/local_tsl/tsl/framework/bfc_allocator.cc:1095] InUse at 7f5386e04500 of size 1024 next 57
2025-06-14 19:06:01.094346: I external/local_tsl/tsl/framework/bfc_allocator.cc:1095] InUse at 7f5386e04900 of size 256 next 58
2025-06-14 19:06:01.094788: I external/local_tsl/tsl/framework/bfc_allocator.cc:1095] InUse at 7f5386e04a00 of size 256 next 59
2025-06-14 19:06:01.095234: I external/local_tsl/tsl/framework/bfc_allocator.cc:1095] InUse at 7f5386e04b00 of size 1024 next 60
2025-06-14 19:06:01.095676: I external/local_tsl/tsl/framework/bfc_allocator.cc:1095] InUse at 7f5386e04f00 of size 1024 next 61
2025-06-14 19:06:01.096107: I external/local_tsl/tsl/framework/bfc_allocator.cc:1095] InUse at 7f5386e05300 of size 1024 next 65
2025-06-14 19:06:01.096540: I external/local_tsl/tsl/framework/bfc_allocator.cc:1095] InUse at 7f5386e05700 of size 1024 next 308
2025-06-14 19:06:01.096967: I external/local_tsl/tsl/framework/bfc_allocator.cc:1095] InUse at 7f5386e05b00 of size 1024 next 67
2025-06-14 19:06:01.097421: I external/local_tsl/tsl/framework/bfc_allocator.cc:1095] InUse at 7f5386e05f00 of size 256 next 68
2025-06-14 19:06:01.097844: I external/local_tsl/tsl/framework/bfc_allocator.cc:1095] InUse at 7f5386e06000 of size 256 next 69
2025-06-14 19:06:01.098305: I external/local_tsl/tsl/framework/bfc_allocator.cc:1095] InUse at 7f5386e06100 of size 1024 next 70
2025-06-14 19:06:01.098719: I external/local_tsl/tsl/framework/bfc_allocator.cc:1095] InUse at 7f5386e06500 of size 1024 next 71
2025-06-14 19:06:01.099129: I external/local_tsl/tsl/framework/bfc_allocator.cc:1095] InUse at 7f5386e06900 of size 1024 next 75
2025-06-14 19:06:01.099596: I external/local_tsl/tsl/framework/bfc_allocator.cc:1095] InUse at 7f5386e06d00 of size 512 next 313
2025-06-14 19:06:01.100065: I external/local_tsl/tsl/framework/bfc_allocator.cc:1095] InUse at 7f5386e06f00 of size 512 next 314
2025-06-14 19:06:01.100533: I external/local_tsl/tsl/framework/bfc_allocator.cc:1095] InUse at 7f5386e07100 of size 512 next 315
2025-06-14 19:06:01.100997: I external/local_tsl/tsl/framework/bfc_allocator.cc:1095] InUse at 7f5386e07300 of size 512 next 77
2025-06-14 19:06:01.101510: I external/local_tsl/tsl/framework/bfc_allocator.cc:1095] InUse at 7f5386e07500 of size 256 next 78
2025-06-14 19:06:01.101988: I external/local_tsl/tsl/framework/bfc_allocator.cc:1095] InUse at 7f5386e07600 of size 256 next 79
2025-06-14 19:06:01.102424: I external/local_tsl/tsl/framework/bfc_allocator.cc:1095] InUse at 7f5386e07700 of size 512 next 80
2025-06-14 19:06:01.102842: I external/local_tsl/tsl/framework/bfc_allocator.cc:1095] InUse at 7f5386e07900 of size 512 next 81
2025-06-14 19:06:01.103250: I external/local_tsl/tsl/framework/bfc_allocator.cc:1095] InUse at 7f5386e07b00 of size 512 next 82
2025-06-14 19:06:01.103699: I external/local_tsl/tsl/framework/bfc_allocator.cc:1095] InUse at 7f5386e07d00 of size 512 next 84
2025-06-14 19:06:01.104180: I external/local_tsl/tsl/framework/bfc_allocator.cc:1095] InUse at 7f5386e07f00 of size 512 next 316
2025-06-14 19:06:01.104657: I external/local_tsl/tsl/framework/bfc_allocator.cc:1095] InUse at 7f5386e08100 of size 512 next 86
2025-06-14 19:06:01.105102: I external/local_tsl/tsl/framework/bfc_allocator.cc:1095] InUse at 7f5386e08300 of size 512 next 87
2025-06-14 19:06:01.105524: I external/local_tsl/tsl/framework/bfc_allocator.cc:1095] InUse at 7f5386e08500 of size 512 next 88
2025-06-14 19:06:01.105946: I external/local_tsl/tsl/framework/bfc_allocator.cc:1095] InUse at 7f5386e08700 of size 512 next 89
2025-06-14 19:06:01.106379: I external/local_tsl/tsl/framework/bfc_allocator.cc:1095] InUse at 7f5386e08900 of size 256 next 321
2025-06-14 19:06:01.106835: I external/local_tsl/tsl/framework/bfc_allocator.cc:1095] InUse at 7f5386e08a00 of size 256 next 323
2025-06-14 19:06:01.107289: I external/local_tsl/tsl/framework/bfc_allocator.cc:1095] InUse at 7f5386e08b00 of size 256 next 324
2025-06-14 19:06:01.107716: I external/local_tsl/tsl/framework/bfc_allocator.cc:1095] InUse at 7f5386e08c00 of size 256 next 92
2025-06-14 19:06:01.108180: I external/local_tsl/tsl/framework/bfc_allocator.cc:1095] InUse at 7f5386e08d00 of size 256 next 93
2025-06-14 19:06:01.108637: I external/local_tsl/tsl/framework/bfc_allocator.cc:1095] InUse at 7f5386e08e00 of size 256 next 94
2025-06-14 19:06:01.109118: I external/local_tsl/tsl/framework/bfc_allocator.cc:1095] InUse at 7f5386e08f00 of size 256 next 97
2025-06-14 19:06:01.109565: I external/local_tsl/tsl/framework/bfc_allocator.cc:1095] InUse at 7f5386e09000 of size 256 next 95
2025-06-14 19:06:01.109979: I external/local_tsl/tsl/framework/bfc_allocator.cc:1095] InUse at 7f5386e09100 of size 256 next 96
2025-06-14 19:06:01.110418: I external/local_tsl/tsl/framework/bfc_allocator.cc:1095] InUse at 7f5386e09200 of size 256 next 98
2025-06-14 19:06:01.110845: I external/local_tsl/tsl/framework/bfc_allocator.cc:1095] InUse at 7f5386e09300 of size 256 next 101
2025-06-14 19:06:01.111269: I external/local_tsl/tsl/framework/bfc_allocator.cc:1095] InUse at 7f5386e09400 of size 256 next 102
2025-06-14 19:06:01.111704: I external/local_tsl/tsl/framework/bfc_allocator.cc:1095] InUse at 7f5386e09500 of size 256 next 103
2025-06-14 19:06:01.112159: I external/local_tsl/tsl/framework/bfc_allocator.cc:1095] InUse at 7f5386e09600 of size 256 next 104
2025-06-14 19:06:01.112592: I external/local_tsl/tsl/framework/bfc_allocator.cc:1095] InUse at 7f5386e09700 of size 256 next 105
2025-06-14 19:06:01.112995: I external/local_tsl/tsl/framework/bfc_allocator.cc:1095] Free  at 7f5386e09800 of size 512 next 108
2025-06-14 19:06:01.113405: I external/local_tsl/tsl/framework/bfc_allocator.cc:1095] InUse at 7f5386e09a00 of size 256 next 109
2025-06-14 19:06:01.113831: I external/local_tsl/tsl/framework/bfc_allocator.cc:1095] InUse at 7f5386e09b00 of size 256 next 110
2025-06-14 19:06:01.114296: I external/local_tsl/tsl/framework/bfc_allocator.cc:1095] InUse at 7f5386e09c00 of size 256 next 146
2025-06-14 19:06:01.114770: I external/local_tsl/tsl/framework/bfc_allocator.cc:1095] InUse at 7f5386e09d00 of size 256 next 147
2025-06-14 19:06:01.115206: I external/local_tsl/tsl/framework/bfc_allocator.cc:1095] InUse at 7f5386e09e00 of size 256 next 148
2025-06-14 19:06:01.115697: I external/local_tsl/tsl/framework/bfc_allocator.cc:1095] InUse at 7f5386e09f00 of size 256 next 149
2025-06-14 19:06:01.116121: I external/local_tsl/tsl/framework/bfc_allocator.cc:1095] InUse at 7f5386e0a000 of size 256 next 150
2025-06-14 19:06:01.116558: I external/local_tsl/tsl/framework/bfc_allocator.cc:1095] InUse at 7f5386e0a100 of size 256 next 151
2025-06-14 19:06:01.116994: I external/local_tsl/tsl/framework/bfc_allocator.cc:1095] InUse at 7f5386e0a200 of size 256 next 153
2025-06-14 19:06:01.117555: I external/local_tsl/tsl/framework/bfc_allocator.cc:1095] InUse at 7f5386e0a300 of size 256 next 154
2025-06-14 19:06:01.118053: I external/local_tsl/tsl/framework/bfc_allocator.cc:1095] InUse at 7f5386e0a400 of size 256 next 155
2025-06-14 19:06:01.118556: I external/local_tsl/tsl/framework/bfc_allocator.cc:1095] InUse at 7f5386e0a500 of size 256 next 156
2025-06-14 19:06:01.118975: I external/local_tsl/tsl/framework/bfc_allocator.cc:1095] InUse at 7f5386e0a600 of size 256 next 157
2025-06-14 19:06:01.119440: I external/local_tsl/tsl/framework/bfc_allocator.cc:1095] InUse at 7f5386e0a700 of size 256 next 158
2025-06-14 19:06:01.119883: I external/local_tsl/tsl/framework/bfc_allocator.cc:1095] InUse at 7f5386e0a800 of size 256 next 160
2025-06-14 19:06:01.120316: I external/local_tsl/tsl/framework/bfc_allocator.cc:1095] InUse at 7f5386e0a900 of size 256 next 161
2025-06-14 19:06:01.120762: I external/local_tsl/tsl/framework/bfc_allocator.cc:1095] InUse at 7f5386e0aa00 of size 256 next 162
2025-06-14 19:06:01.121198: I external/local_tsl/tsl/framework/bfc_allocator.cc:1095] InUse at 7f5386e0ab00 of size 256 next 163
2025-06-14 19:06:01.121767: I external/local_tsl/tsl/framework/bfc_allocator.cc:1095] InUse at 7f5386e0ac00 of size 256 next 164
2025-06-14 19:06:01.122441: I external/local_tsl/tsl/framework/bfc_allocator.cc:1095] InUse at 7f5386e0ad00 of size 256 next 165
2025-06-14 19:06:01.122999: I external/local_tsl/tsl/framework/bfc_allocator.cc:1095] InUse at 7f5386e0ae00 of size 512 next 167
2025-06-14 19:06:01.123472: I external/local_tsl/tsl/framework/bfc_allocator.cc:1095] InUse at 7f5386e0b000 of size 512 next 168
2025-06-14 19:06:01.123907: I external/local_tsl/tsl/framework/bfc_allocator.cc:1095] InUse at 7f5386e0b200 of size 512 next 169
2025-06-14 19:06:01.124342: I external/local_tsl/tsl/framework/bfc_allocator.cc:1095] InUse at 7f5386e0b400 of size 512 next 170
2025-06-14 19:06:01.124767: I external/local_tsl/tsl/framework/bfc_allocator.cc:1095] InUse at 7f5386e0b600 of size 512 next 171
2025-06-14 19:06:01.125227: I external/local_tsl/tsl/framework/bfc_allocator.cc:1095] InUse at 7f5386e0b800 of size 512 next 172
2025-06-14 19:06:01.125640: I external/local_tsl/tsl/framework/bfc_allocator.cc:1095] InUse at 7f5386e0ba00 of size 512 next 174
2025-06-14 19:06:01.126068: I external/local_tsl/tsl/framework/bfc_allocator.cc:1095] InUse at 7f5386e0bc00 of size 512 next 175
2025-06-14 19:06:01.126503: I external/local_tsl/tsl/framework/bfc_allocator.cc:1095] InUse at 7f5386e0be00 of size 512 next 176
2025-06-14 19:06:01.126922: I external/local_tsl/tsl/framework/bfc_allocator.cc:1095] InUse at 7f5386e0c000 of size 512 next 177
2025-06-14 19:06:01.127344: I external/local_tsl/tsl/framework/bfc_allocator.cc:1095] InUse at 7f5386e0c200 of size 512 next 178
2025-06-14 19:06:01.127745: I external/local_tsl/tsl/framework/bfc_allocator.cc:1095] InUse at 7f5386e0c400 of size 512 next 179
2025-06-14 19:06:01.128207: I external/local_tsl/tsl/framework/bfc_allocator.cc:1095] InUse at 7f5386e0c600 of size 1024 next 181
2025-06-14 19:06:01.128632: I external/local_tsl/tsl/framework/bfc_allocator.cc:1095] InUse at 7f5386e0ca00 of size 1024 next 182
2025-06-14 19:06:01.129120: I external/local_tsl/tsl/framework/bfc_allocator.cc:1095] InUse at 7f5386e0ce00 of size 1024 next 183
2025-06-14 19:06:01.129618: I external/local_tsl/tsl/framework/bfc_allocator.cc:1095] InUse at 7f5386e0d200 of size 1024 next 184
2025-06-14 19:06:01.130102: I external/local_tsl/tsl/framework/bfc_allocator.cc:1095] InUse at 7f5386e0d600 of size 1024 next 185
2025-06-14 19:06:01.130549: I external/local_tsl/tsl/framework/bfc_allocator.cc:1095] InUse at 7f5386e0da00 of size 1024 next 186
2025-06-14 19:06:01.131007: I external/local_tsl/tsl/framework/bfc_allocator.cc:1095] InUse at 7f5386e0de00 of size 1024 next 188
2025-06-14 19:06:01.131420: I external/local_tsl/tsl/framework/bfc_allocator.cc:1095] InUse at 7f5386e0e200 of size 1024 next 189
2025-06-14 19:06:01.131819: I external/local_tsl/tsl/framework/bfc_allocator.cc:1095] InUse at 7f5386e0e600 of size 1024 next 190
2025-06-14 19:06:01.132261: I external/local_tsl/tsl/framework/bfc_allocator.cc:1095] InUse at 7f5386e0ea00 of size 1024 next 191
2025-06-14 19:06:01.132683: I external/local_tsl/tsl/framework/bfc_allocator.cc:1095] InUse at 7f5386e0ee00 of size 1024 next 192
2025-06-14 19:06:01.133146: I external/local_tsl/tsl/framework/bfc_allocator.cc:1095] InUse at 7f5386e0f200 of size 1024 next 193
2025-06-14 19:06:01.133579: I external/local_tsl/tsl/framework/bfc_allocator.cc:1095] InUse at 7f5386e0f600 of size 512 next 196
2025-06-14 19:06:01.134050: I external/local_tsl/tsl/framework/bfc_allocator.cc:1095] InUse at 7f5386e0f800 of size 512 next 197
2025-06-14 19:06:01.134456: I external/local_tsl/tsl/framework/bfc_allocator.cc:1095] InUse at 7f5386e0fa00 of size 512 next 199
2025-06-14 19:06:01.134887: I external/local_tsl/tsl/framework/bfc_allocator.cc:1095] InUse at 7f5386e0fc00 of size 512 next 200
2025-06-14 19:06:01.135328: I external/local_tsl/tsl/framework/bfc_allocator.cc:1095] InUse at 7f5386e0fe00 of size 512 next 201
2025-06-14 19:06:01.135770: I external/local_tsl/tsl/framework/bfc_allocator.cc:1095] InUse at 7f5386e10000 of size 512 next 202
2025-06-14 19:06:01.136218: I external/local_tsl/tsl/framework/bfc_allocator.cc:1095] InUse at 7f5386e10200 of size 512 next 203
2025-06-14 19:06:01.136673: I external/local_tsl/tsl/framework/bfc_allocator.cc:1095] InUse at 7f5386e10400 of size 512 next 204
2025-06-14 19:06:01.137102: I external/local_tsl/tsl/framework/bfc_allocator.cc:1095] InUse at 7f5386e10600 of size 512 next 207
2025-06-14 19:06:01.137555: I external/local_tsl/tsl/framework/bfc_allocator.cc:1095] InUse at 7f5386e10800 of size 512 next 208
2025-06-14 19:06:01.138015: I external/local_tsl/tsl/framework/bfc_allocator.cc:1095] InUse at 7f5386e10a00 of size 512 next 209
2025-06-14 19:06:01.138426: I external/local_tsl/tsl/framework/bfc_allocator.cc:1095] InUse at 7f5386e10c00 of size 512 next 210
2025-06-14 19:06:01.138863: I external/local_tsl/tsl/framework/bfc_allocator.cc:1095] InUse at 7f5386e10e00 of size 512 next 211
2025-06-14 19:06:01.139315: I external/local_tsl/tsl/framework/bfc_allocator.cc:1095] InUse at 7f5386e11000 of size 512 next 212
2025-06-14 19:06:01.139746: I external/local_tsl/tsl/framework/bfc_allocator.cc:1095] InUse at 7f5386e11200 of size 256 next 215
2025-06-14 19:06:01.140167: I external/local_tsl/tsl/framework/bfc_allocator.cc:1095] InUse at 7f5386e11300 of size 256 next 216
2025-06-14 19:06:01.140599: I external/local_tsl/tsl/framework/bfc_allocator.cc:1095] InUse at 7f5386e11400 of size 256 next 219
2025-06-14 19:06:01.141061: I external/local_tsl/tsl/framework/bfc_allocator.cc:1095] InUse at 7f5386e11500 of size 256 next 220
2025-06-14 19:06:01.141467: I external/local_tsl/tsl/framework/bfc_allocator.cc:1095] InUse at 7f5386e11600 of size 256 next 221
2025-06-14 19:06:01.141878: I external/local_tsl/tsl/framework/bfc_allocator.cc:1095] InUse at 7f5386e11700 of size 256 next 222
2025-06-14 19:06:01.142438: I external/local_tsl/tsl/framework/bfc_allocator.cc:1095] InUse at 7f5386e11800 of size 256 next 223
2025-06-14 19:06:01.143105: I external/local_tsl/tsl/framework/bfc_allocator.cc:1095] InUse at 7f5386e11900 of size 256 next 224
2025-06-14 19:06:01.143656: I external/local_tsl/tsl/framework/bfc_allocator.cc:1095] InUse at 7f5386e11a00 of size 256 next 227
2025-06-14 19:06:01.144161: I external/local_tsl/tsl/framework/bfc_allocator.cc:1095] InUse at 7f5386e11b00 of size 256 next 228
2025-06-14 19:06:01.144581: I external/local_tsl/tsl/framework/bfc_allocator.cc:1095] InUse at 7f5386e11c00 of size 256 next 229
2025-06-14 19:06:01.145055: I external/local_tsl/tsl/framework/bfc_allocator.cc:1095] InUse at 7f5386e11d00 of size 256 next 230
2025-06-14 19:06:01.145466: I external/local_tsl/tsl/framework/bfc_allocator.cc:1095] InUse at 7f5386e11e00 of size 256 next 231
2025-06-14 19:06:01.145894: I external/local_tsl/tsl/framework/bfc_allocator.cc:1095] InUse at 7f5386e11f00 of size 256 next 232
2025-06-14 19:06:01.146337: I external/local_tsl/tsl/framework/bfc_allocator.cc:1095] InUse at 7f5386e12000 of size 65536 next 233
2025-06-14 19:06:01.146746: I external/local_tsl/tsl/framework/bfc_allocator.cc:1095] InUse at 7f5386e22000 of size 95232 next 19
2025-06-14 19:06:01.147223: I external/local_tsl/tsl/framework/bfc_allocator.cc:1095] InUse at 7f5386e39400 of size 110592 next 18
2025-06-14 19:06:01.147610: I external/local_tsl/tsl/framework/bfc_allocator.cc:1095] InUse at 7f5386e54400 of size 65536 next 115
2025-06-14 19:06:01.147958: I external/local_tsl/tsl/framework/bfc_allocator.cc:1095] InUse at 7f5386e64400 of size 256 next 112
2025-06-14 19:06:01.148443: I external/local_tsl/tsl/framework/bfc_allocator.cc:1095] InUse at 7f5386e64500 of size 256 next 114
2025-06-14 19:06:01.148876: I external/local_tsl/tsl/framework/bfc_allocator.cc:1095] InUse at 7f5386e64600 of size 256 next 113
2025-06-14 19:06:01.149321: I external/local_tsl/tsl/framework/bfc_allocator.cc:1095] InUse at 7f5386e64700 of size 256 next 111
2025-06-14 19:06:01.149779: I external/local_tsl/tsl/framework/bfc_allocator.cc:1095] InUse at 7f5386e64800 of size 256 next 117
2025-06-14 19:06:01.150214: I external/local_tsl/tsl/framework/bfc_allocator.cc:1095] InUse at 7f5386e64900 of size 256 next 118
2025-06-14 19:06:01.150650: I external/local_tsl/tsl/framework/bfc_allocator.cc:1095] InUse at 7f5386e64a00 of size 256 next 120
2025-06-14 19:06:01.151083: I external/local_tsl/tsl/framework/bfc_allocator.cc:1095] InUse at 7f5386e64b00 of size 256 next 119
2025-06-14 19:06:01.151485: I external/local_tsl/tsl/framework/bfc_allocator.cc:1095] InUse at 7f5386e64c00 of size 256 next 121
2025-06-14 19:06:01.151973: I external/local_tsl/tsl/framework/bfc_allocator.cc:1095] InUse at 7f5386e64d00 of size 256 next 123
2025-06-14 19:06:01.152406: I external/local_tsl/tsl/framework/bfc_allocator.cc:1095] InUse at 7f5386e64e00 of size 256 next 124
2025-06-14 19:06:01.152852: I external/local_tsl/tsl/framework/bfc_allocator.cc:1095] InUse at 7f5386e64f00 of size 256 next 125
2025-06-14 19:06:01.153298: I external/local_tsl/tsl/framework/bfc_allocator.cc:1095] InUse at 7f5386e65000 of size 256 next 126
2025-06-14 19:06:01.153747: I external/local_tsl/tsl/framework/bfc_allocator.cc:1095] InUse at 7f5386e65100 of size 256 next 128
2025-06-14 19:06:01.154162: I external/local_tsl/tsl/framework/bfc_allocator.cc:1095] InUse at 7f5386e65200 of size 256 next 127
2025-06-14 19:06:01.154567: I external/local_tsl/tsl/framework/bfc_allocator.cc:1095] InUse at 7f5386e65300 of size 256 next 129
2025-06-14 19:06:01.155013: I external/local_tsl/tsl/framework/bfc_allocator.cc:1095] InUse at 7f5386e65400 of size 256 next 130
2025-06-14 19:06:01.155457: I external/local_tsl/tsl/framework/bfc_allocator.cc:1095] InUse at 7f5386e65500 of size 256 next 131
2025-06-14 19:06:01.155902: I external/local_tsl/tsl/framework/bfc_allocator.cc:1095] InUse at 7f5386e65600 of size 256 next 132
2025-06-14 19:06:01.156329: I external/local_tsl/tsl/framework/bfc_allocator.cc:1095] InUse at 7f5386e65700 of size 256 next 133
2025-06-14 19:06:01.156846: I external/local_tsl/tsl/framework/bfc_allocator.cc:1095] InUse at 7f5386e65800 of size 256 next 137
2025-06-14 19:06:01.157400: I external/local_tsl/tsl/framework/bfc_allocator.cc:1095] InUse at 7f5386e65900 of size 256 next 136
2025-06-14 19:06:01.157981: I external/local_tsl/tsl/framework/bfc_allocator.cc:1095] InUse at 7f5386e65a00 of size 3584 next 138
2025-06-14 19:06:01.158404: I external/local_tsl/tsl/framework/bfc_allocator.cc:1095] InUse at 7f5386e66800 of size 3584 next 139
2025-06-14 19:06:01.158817: I external/local_tsl/tsl/framework/bfc_allocator.cc:1095] InUse at 7f5386e67600 of size 256 next 140
2025-06-14 19:06:01.159236: I external/local_tsl/tsl/framework/bfc_allocator.cc:1095] InUse at 7f5386e67700 of size 256 next 141
2025-06-14 19:06:01.159666: I external/local_tsl/tsl/framework/bfc_allocator.cc:1095] InUse at 7f5386e67800 of size 256 next 142
2025-06-14 19:06:01.160100: I external/local_tsl/tsl/framework/bfc_allocator.cc:1095] InUse at 7f5386e67900 of size 256 next 143
2025-06-14 19:06:01.160513: I external/local_tsl/tsl/framework/bfc_allocator.cc:1095] InUse at 7f5386e67a00 of size 256 next 144
2025-06-14 19:06:01.161028: I external/local_tsl/tsl/framework/bfc_allocator.cc:1095] InUse at 7f5386e67b00 of size 256 next 145
2025-06-14 19:06:01.161471: I external/local_tsl/tsl/framework/bfc_allocator.cc:1095] InUse at 7f5386e67c00 of size 141312 next 27
2025-06-14 19:06:01.161823: I external/local_tsl/tsl/framework/bfc_allocator.cc:1095] InUse at 7f5386e8a400 of size 221184 next 26
2025-06-14 19:06:01.162199: I external/local_tsl/tsl/framework/bfc_allocator.cc:1095] InUse at 7f5386ec0400 of size 442368 next 159
2025-06-14 19:06:01.162537: I external/local_tsl/tsl/framework/bfc_allocator.cc:1095] InUse at 7f5386f2c400 of size 867328 next 18446744073709551615
2025-06-14 19:06:01.162897: I external/local_tsl/tsl/framework/bfc_allocator.cc:1075] Next region of size 4194304
2025-06-14 19:06:01.163350: I external/local_tsl/tsl/framework/bfc_allocator.cc:1095] InUse at 7f5387400000 of size 442368 next 37
2025-06-14 19:06:01.163742: I external/local_tsl/tsl/framework/bfc_allocator.cc:1095] InUse at 7f538746c000 of size 221184 next 116
2025-06-14 19:06:01.164099: I external/local_tsl/tsl/framework/bfc_allocator.cc:1095] InUse at 7f53874a2000 of size 110592 next 122
2025-06-14 19:06:01.164447: I external/local_tsl/tsl/framework/bfc_allocator.cc:1095] InUse at 7f53874bd000 of size 192512 next 99
2025-06-14 19:06:01.164801: I external/local_tsl/tsl/framework/bfc_allocator.cc:1095] InUse at 7f53874ec000 of size 360448 next 44
2025-06-14 19:06:01.165167: I external/local_tsl/tsl/framework/bfc_allocator.cc:1095] InUse at 7f5387544000 of size 884736 next 43
2025-06-14 19:06:01.165516: I external/local_tsl/tsl/framework/bfc_allocator.cc:1095] InUse at 7f538761c000 of size 1982464 next 18446744073709551615
2025-06-14 19:06:01.165887: I external/local_tsl/tsl/framework/bfc_allocator.cc:1075] Next region of size 8388608
2025-06-14 19:06:01.166311: I external/local_tsl/tsl/framework/bfc_allocator.cc:1095] InUse at 7f5387800000 of size 884736 next 166
2025-06-14 19:06:01.166707: I external/local_tsl/tsl/framework/bfc_allocator.cc:1095] InUse at 7f53878d8000 of size 884736 next 54
2025-06-14 19:06:01.167053: I external/local_tsl/tsl/framework/bfc_allocator.cc:1095] InUse at 7f53879b0000 of size 1769472 next 52
2025-06-14 19:06:01.167386: I external/local_tsl/tsl/framework/bfc_allocator.cc:1095] InUse at 7f5387b60000 of size 4849664 next 18446744073709551615
2025-06-14 19:06:01.167720: I external/local_tsl/tsl/framework/bfc_allocator.cc:1100]      Summary of in-use Chunks by size: 
2025-06-14 19:06:01.168188: I external/local_tsl/tsl/framework/bfc_allocator.cc:1103] 155 Chunks of size 256 totalling 38.8KiB
2025-06-14 19:06:01.168617: I external/local_tsl/tsl/framework/bfc_allocator.cc:1103] 54 Chunks of size 512 totalling 27.0KiB
2025-06-14 19:06:01.169028: I external/local_tsl/tsl/framework/bfc_allocator.cc:1103] 1 Chunks of size 768 totalling 768B
2025-06-14 19:06:01.169427: I external/local_tsl/tsl/framework/bfc_allocator.cc:1103] 26 Chunks of size 1024 totalling 26.0KiB
2025-06-14 19:06:01.169903: I external/local_tsl/tsl/framework/bfc_allocator.cc:1103] 1 Chunks of size 1280 totalling 1.2KiB
2025-06-14 19:06:01.170351: I external/local_tsl/tsl/framework/bfc_allocator.cc:1103] 3 Chunks of size 3584 totalling 10.5KiB
2025-06-14 19:06:01.170850: I external/local_tsl/tsl/framework/bfc_allocator.cc:1103] 2 Chunks of size 65536 totalling 128.0KiB
2025-06-14 19:06:01.171387: I external/local_tsl/tsl/framework/bfc_allocator.cc:1103] 1 Chunks of size 95232 totalling 93.0KiB
2025-06-14 19:06:01.171895: I external/local_tsl/tsl/framework/bfc_allocator.cc:1103] 4 Chunks of size 110592 totalling 432.0KiB
2025-06-14 19:06:01.172329: I external/local_tsl/tsl/framework/bfc_allocator.cc:1103] 1 Chunks of size 141312 totalling 138.0KiB
2025-06-14 19:06:01.172742: I external/local_tsl/tsl/framework/bfc_allocator.cc:1103] 1 Chunks of size 192512 totalling 188.0KiB
2025-06-14 19:06:01.173194: I external/local_tsl/tsl/framework/bfc_allocator.cc:1103] 6 Chunks of size 221184 totalling 1.27MiB
2025-06-14 19:06:01.173696: I external/local_tsl/tsl/framework/bfc_allocator.cc:1103] 2 Chunks of size 262144 totalling 512.0KiB
2025-06-14 19:06:01.174107: I external/local_tsl/tsl/framework/bfc_allocator.cc:1103] 1 Chunks of size 360448 totalling 352.0KiB
2025-06-14 19:06:01.174546: I external/local_tsl/tsl/framework/bfc_allocator.cc:1103] 5 Chunks of size 442368 totalling 2.11MiB
2025-06-14 19:06:01.174997: I external/local_tsl/tsl/framework/bfc_allocator.cc:1103] 1 Chunks of size 867328 totalling 847.0KiB
2025-06-14 19:06:01.175455: I external/local_tsl/tsl/framework/bfc_allocator.cc:1103] 6 Chunks of size 884736 totalling 5.06MiB
2025-06-14 19:06:01.175911: I external/local_tsl/tsl/framework/bfc_allocator.cc:1103] 2 Chunks of size 1048576 totalling 2.00MiB
2025-06-14 19:06:01.176353: I external/local_tsl/tsl/framework/bfc_allocator.cc:1103] 6 Chunks of size 1769472 totalling 10.12MiB
2025-06-14 19:06:01.176798: I external/local_tsl/tsl/framework/bfc_allocator.cc:1103] 1 Chunks of size 1982464 totalling 1.89MiB
2025-06-14 19:06:01.177308: I external/local_tsl/tsl/framework/bfc_allocator.cc:1103] 4 Chunks of size 3538944 totalling 13.50MiB
2025-06-14 19:06:01.177744: I external/local_tsl/tsl/framework/bfc_allocator.cc:1103] 1 Chunks of size 4063232 totalling 3.88MiB
2025-06-14 19:06:01.178190: I external/local_tsl/tsl/framework/bfc_allocator.cc:1103] 1 Chunks of size 4849664 totalling 4.62MiB
2025-06-14 19:06:01.178616: I external/local_tsl/tsl/framework/bfc_allocator.cc:1103] 2 Chunks of size 7077888 totalling 13.50MiB
2025-06-14 19:06:01.179075: I external/local_tsl/tsl/framework/bfc_allocator.cc:1103] 1 Chunks of size 12320768 totalling 11.75MiB
2025-06-14 19:06:01.179426: I external/local_tsl/tsl/framework/bfc_allocator.cc:1103] 2 Chunks of size 15138816 totalling 28.88MiB
2025-06-14 19:06:01.179807: I external/local_tsl/tsl/framework/bfc_allocator.cc:1103] 4 Chunks of size 30277632 totalling 115.50MiB
2025-06-14 19:06:01.180199: I external/local_tsl/tsl/framework/bfc_allocator.cc:1103] 2 Chunks of size 60555264 totalling 115.50MiB
2025-06-14 19:06:01.180639: I external/local_tsl/tsl/framework/bfc_allocator.cc:1103] 1 Chunks of size 73662464 totalling 70.25MiB
2025-06-14 19:06:01.181028: I external/local_tsl/tsl/framework/bfc_allocator.cc:1103] 1 Chunks of size 116654080 totalling 111.25MiB
2025-06-14 19:06:01.181382: I external/local_tsl/tsl/framework/bfc_allocator.cc:1103] 6 Chunks of size 121110528 totalling 693.00MiB
2025-06-14 19:06:01.181732: I external/local_tsl/tsl/framework/bfc_allocator.cc:1103] 2 Chunks of size 209715200 totalling 400.00MiB
2025-06-14 19:06:01.182117: I external/local_tsl/tsl/framework/bfc_allocator.cc:1103] 3 Chunks of size 242221056 totalling 693.00MiB
2025-06-14 19:06:01.182468: I external/local_tsl/tsl/framework/bfc_allocator.cc:1103] 8 Chunks of size 484442112 totalling 3.61GiB
2025-06-14 19:06:01.182847: I external/local_tsl/tsl/framework/bfc_allocator.cc:1103] 1 Chunks of size 968884224 totalling 924.00MiB
2025-06-14 19:06:01.183214: I external/local_tsl/tsl/framework/bfc_allocator.cc:1103] 6 Chunks of size 1937768448 totalling 10.83GiB
2025-06-14 19:06:01.183652: I external/local_tsl/tsl/framework/bfc_allocator.cc:1107] Sum Total of in-use chunks: 17.58GiB
2025-06-14 19:06:01.184149: I external/local_tsl/tsl/framework/bfc_allocator.cc:1109] Total bytes in pool: 23575789568 memory_limit_: 23575789568 available bytes: 0 curr_region_allocation_bytes_: 34359738368
2025-06-14 19:06:01.184594: I external/local_tsl/tsl/framework/bfc_allocator.cc:1114] Stats: 
Limit:                     23575789568
InUse:                     18882554112
MaxInUse:                  22800760320
NumAllocs:                         912
MaxAllocSize:               4135495424
Reserved:                            0
PeakReserved:                        0
LargestFreeBlock:                    0

2025-06-14 19:06:01.185056: W external/local_tsl/tsl/framework/bfc_allocator.cc:497] ________*********________************************************_**************************************
2025-06-14 19:06:01.185458: W tensorflow/core/framework/op_kernel.cc:1839] OP_REQUIRES failed at concat_op.cc:165 : RESOURCE_EXHAUSTED: OOM when allocating tensor with shape[2,64,192,224,176] and type float on /job:localhost/replica:0/task:0/device:GPU:0 by allocator GPU_0_bfc
Traceback (most recent call last):
  File "/mnt/beegfs/hellgate/home/rb194958e/stroke_segmentation_sota/batch_wise_train.py", line 277, in <module>
    if main():
       ^^^^^^
  File "/mnt/beegfs/hellgate/home/rb194958e/stroke_segmentation_sota/batch_wise_train.py", line 256, in main
    history = model.fit(
              ^^^^^^^^^^
  File "/mnt/beegfs/hellgate/home/rb194958e/.conda/envs/tf215_env/lib/python3.11/site-packages/keras/src/utils/traceback_utils.py", line 70, in error_handler
    raise e.with_traceback(filtered_tb) from None
  File "/mnt/beegfs/hellgate/home/rb194958e/.conda/envs/tf215_env/lib/python3.11/site-packages/tensorflow/python/eager/execute.py", line 53, in quick_execute
    tensors = pywrap_tfe.TFE_Py_Execute(ctx._handle, device_name, op_name,
  ^^^^^^^^^^^^^^^^^^^^^^^^^^^^^^^^^^^^^^^^^^^^^^^^^^^^^^^^^^^^^^^^^^^^^^^^
tensorflow.python.framework.errors_impl.ResourceExhaustedError: Graph execution error:

Detected at node model/concatenate_2/concat defined at (most recent call last):
  File "/mnt/beegfs/hellgate/home/rb194958e/stroke_segmentation_sota/batch_wise_train.py", line 277, in <module>

  File "/mnt/beegfs/hellgate/home/rb194958e/stroke_segmentation_sota/batch_wise_train.py", line 256, in main

  File "/mnt/beegfs/hellgate/home/rb194958e/.conda/envs/tf215_env/lib/python3.11/site-packages/keras/src/utils/traceback_utils.py", line 65, in error_handler

  File "/mnt/beegfs/hellgate/home/rb194958e/.conda/envs/tf215_env/lib/python3.11/site-packages/keras/src/engine/training.py", line 1807, in fit

  File "/mnt/beegfs/hellgate/home/rb194958e/.conda/envs/tf215_env/lib/python3.11/site-packages/keras/src/engine/training.py", line 1401, in train_function

  File "/mnt/beegfs/hellgate/home/rb194958e/.conda/envs/tf215_env/lib/python3.11/site-packages/keras/src/engine/training.py", line 1384, in step_function

  File "/mnt/beegfs/hellgate/home/rb194958e/.conda/envs/tf215_env/lib/python3.11/site-packages/keras/src/engine/training.py", line 1373, in run_step

  File "/mnt/beegfs/hellgate/home/rb194958e/.conda/envs/tf215_env/lib/python3.11/site-packages/keras/src/engine/training.py", line 1150, in train_step

  File "/mnt/beegfs/hellgate/home/rb194958e/.conda/envs/tf215_env/lib/python3.11/site-packages/keras/src/utils/traceback_utils.py", line 65, in error_handler

  File "/mnt/beegfs/hellgate/home/rb194958e/.conda/envs/tf215_env/lib/python3.11/site-packages/keras/src/engine/training.py", line 590, in __call__

  File "/mnt/beegfs/hellgate/home/rb194958e/.conda/envs/tf215_env/lib/python3.11/site-packages/keras/src/utils/traceback_utils.py", line 65, in error_handler

  File "/mnt/beegfs/hellgate/home/rb194958e/.conda/envs/tf215_env/lib/python3.11/site-packages/keras/src/engine/base_layer.py", line 1149, in __call__

  File "/mnt/beegfs/hellgate/home/rb194958e/.conda/envs/tf215_env/lib/python3.11/site-packages/keras/src/utils/traceback_utils.py", line 96, in error_handler

  File "/mnt/beegfs/hellgate/home/rb194958e/.conda/envs/tf215_env/lib/python3.11/site-packages/keras/src/engine/functional.py", line 515, in call

  File "/mnt/beegfs/hellgate/home/rb194958e/.conda/envs/tf215_env/lib/python3.11/site-packages/keras/src/engine/functional.py", line 672, in _run_internal_graph

  File "/mnt/beegfs/hellgate/home/rb194958e/.conda/envs/tf215_env/lib/python3.11/site-packages/keras/src/utils/traceback_utils.py", line 65, in error_handler

  File "/mnt/beegfs/hellgate/home/rb194958e/.conda/envs/tf215_env/lib/python3.11/site-packages/keras/src/engine/base_layer.py", line 1149, in __call__

  File "/mnt/beegfs/hellgate/home/rb194958e/.conda/envs/tf215_env/lib/python3.11/site-packages/keras/src/utils/traceback_utils.py", line 96, in error_handler

  File "/mnt/beegfs/hellgate/home/rb194958e/.conda/envs/tf215_env/lib/python3.11/site-packages/keras/src/layers/merging/base_merge.py", line 196, in call

  File "/mnt/beegfs/hellgate/home/rb194958e/.conda/envs/tf215_env/lib/python3.11/site-packages/keras/src/layers/merging/concatenate.py", line 134, in _merge_function

  File "/mnt/beegfs/hellgate/home/rb194958e/.conda/envs/tf215_env/lib/python3.11/site-packages/keras/src/backend.py", line 3580, in concatenate

OOM when allocating tensor with shape[2,64,192,224,176] and type float on /job:localhost/replica:0/task:0/device:GPU:0 by allocator GPU_0_bfc
	 [[{{node model/concatenate_2/concat}}]]
Hint: If you want to see a list of allocated tensors when OOM happens, add report_tensor_allocations_upon_oom to RunOptions for current allocation info. This isn't available when running in Eager mode.
 [Op:__inference_train_function_7309]
2025-06-14 19:06:01.348499: W tensorflow/core/kernels/data/generator_dataset_op.cc:108] Error occurred when finalizing GeneratorDataset iterator: FAILED_PRECONDITION: Python interpreter state is not initialized. The process may be terminated.
	 [[{{node PyFunc}}]]
/var/spool/slurmd/job1123969/slurm_script: line 320: EOF: command not found
/var/spool/slurmd/job1123969/slurm_script: line 330: unexpected EOF while looking for matching ``'
/var/spool/slurmd/job1123969/slurm_script: line 339: syntax error: unexpected end of file
