2025-06-14 19:00:12.464927: I tensorflow/core/util/port.cc:113] oneDNN custom operations are on. You may see slightly different numerical results due to floating-point round-off errors from different computation orders. To turn them off, set the environment variable `TF_ENABLE_ONEDNN_OPTS=0`.
2025-06-14 19:00:13.207199: E external/local_xla/xla/stream_executor/cuda/cuda_dnn.cc:9261] Unable to register cuDNN factory: Attempting to register factory for plugin cuDNN when one has already been registered
2025-06-14 19:00:13.207937: E external/local_xla/xla/stream_executor/cuda/cuda_fft.cc:607] Unable to register cuFFT factory: Attempting to register factory for plugin cuFFT when one has already been registered
2025-06-14 19:00:13.322335: E external/local_xla/xla/stream_executor/cuda/cuda_blas.cc:1515] Unable to register cuBLAS factory: Attempting to register factory for plugin cuBLAS when one has already been registered
2025-06-14 19:00:13.575877: I tensorflow/core/platform/cpu_feature_guard.cc:182] This TensorFlow binary is optimized to use available CPU instructions in performance-critical operations.
To enable the following instructions: AVX2 AVX512F AVX512_VNNI FMA, in other operations, rebuild TensorFlow with the appropriate compiler flags.
2025-06-14 19:00:20.335790: W tensorflow/compiler/tf2tensorrt/utils/py_utils.cc:38] TF-TRT Warning: Could not find TensorRT
INFO:__main__:🚀 Starting Stroke Lesion Segmentation Training
INFO:__main__:Using 1 GPU(s)
INFO:__main__:Creating data generators...
INFO:__main__:Found 655 valid image/mask pairs
INFO:__main__:Found 655 valid image/mask pairs
INFO:__main__:Training batches: 262
INFO:__main__:Validation batches: 65
INFO:__main__:Building model...
2025-06-14 19:00:34.955018: I tensorflow/core/common_runtime/gpu/gpu_device.cc:1929] Created device /job:localhost/replica:0/task:0/device:GPU:0 with 22483 MB memory:  -> device: 0, name: NVIDIA RTX 4500 Ada Generation, pci bus id: 0000:1c:00.0, compute capability: 8.9
INFO:__main__:Model parameters: 5,605,345
INFO:__main__:Starting training...
pixdim[0] (qfac) should be 1 (default) or -1; setting qfac to 1
INFO:nibabel.global:pixdim[0] (qfac) should be 1 (default) or -1; setting qfac to 1
pixdim[0] (qfac) should be 1 (default) or -1; setting qfac to 1
INFO:nibabel.global:pixdim[0] (qfac) should be 1 (default) or -1; setting qfac to 1
pixdim[0] (qfac) should be 1 (default) or -1; setting qfac to 1
INFO:nibabel.global:pixdim[0] (qfac) should be 1 (default) or -1; setting qfac to 1
pixdim[0] (qfac) should be 1 (default) or -1; setting qfac to 1
INFO:nibabel.global:pixdim[0] (qfac) should be 1 (default) or -1; setting qfac to 1
2025-06-14 19:00:42.453314: I external/local_xla/xla/stream_executor/cuda/cuda_dnn.cc:454] Loaded cuDNN version 8907
pixdim[0] (qfac) should be 1 (default) or -1; setting qfac to 1
INFO:nibabel.global:pixdim[0] (qfac) should be 1 (default) or -1; setting qfac to 1
pixdim[0] (qfac) should be 1 (default) or -1; setting qfac to 1
INFO:nibabel.global:pixdim[0] (qfac) should be 1 (default) or -1; setting qfac to 1
pixdim[0] (qfac) should be 1 (default) or -1; setting qfac to 1
INFO:nibabel.global:pixdim[0] (qfac) should be 1 (default) or -1; setting qfac to 1
pixdim[0] (qfac) should be 1 (default) or -1; setting qfac to 1
INFO:nibabel.global:pixdim[0] (qfac) should be 1 (default) or -1; setting qfac to 1
2025-06-14 19:00:58.894011: W external/local_tsl/tsl/framework/bfc_allocator.cc:296] Allocator (GPU_0_bfc) ran out of memory trying to allocate 2.27GiB with freed_by_count=0. The caller indicates that this is not a failure, but this may mean that there could be performance gains if more memory were available.
2025-06-14 19:00:58.995294: W external/local_tsl/tsl/framework/bfc_allocator.cc:296] Allocator (GPU_0_bfc) ran out of memory trying to allocate 2.30GiB with freed_by_count=0. The caller indicates that this is not a failure, but this may mean that there could be performance gains if more memory were available.
2025-06-14 19:00:58.996317: W external/local_tsl/tsl/framework/bfc_allocator.cc:296] Allocator (GPU_0_bfc) ran out of memory trying to allocate 2.27GiB with freed_by_count=0. The caller indicates that this is not a failure, but this may mean that there could be performance gains if more memory were available.
2025-06-14 19:00:59.616798: W external/local_tsl/tsl/framework/bfc_allocator.cc:296] Allocator (GPU_0_bfc) ran out of memory trying to allocate 2.27GiB with freed_by_count=0. The caller indicates that this is not a failure, but this may mean that there could be performance gains if more memory were available.
2025-06-14 19:00:59.670266: W external/local_tsl/tsl/framework/bfc_allocator.cc:296] Allocator (GPU_0_bfc) ran out of memory trying to allocate 2.30GiB with freed_by_count=0. The caller indicates that this is not a failure, but this may mean that there could be performance gains if more memory were available.
2025-06-14 19:00:59.671290: W external/local_tsl/tsl/framework/bfc_allocator.cc:296] Allocator (GPU_0_bfc) ran out of memory trying to allocate 2.27GiB with freed_by_count=0. The caller indicates that this is not a failure, but this may mean that there could be performance gains if more memory were available.
2025-06-14 19:01:10.292137: W external/local_tsl/tsl/framework/bfc_allocator.cc:485] Allocator (GPU_0_bfc) ran out of memory trying to allocate 3.61GiB (rounded to 3875536896)requested by op model/concatenate_2/concat
If the cause is memory fragmentation maybe the environment variable 'TF_GPU_ALLOCATOR=cuda_malloc_async' will improve the situation. 
Current allocation summary follows.
Current allocation summary follows.
2025-06-14 19:01:10.293175: I external/local_tsl/tsl/framework/bfc_allocator.cc:1039] BFCAllocator dump for GPU_0_bfc
2025-06-14 19:01:10.293905: I external/local_tsl/tsl/framework/bfc_allocator.cc:1046] Bin (256): 	Total Chunks: 155, Chunks in use: 155. 38.8KiB allocated for chunks. 38.8KiB in use in bin. 20.7KiB client-requested in use in bin.
2025-06-14 19:01:10.294392: I external/local_tsl/tsl/framework/bfc_allocator.cc:1046] Bin (512): 	Total Chunks: 56, Chunks in use: 55. 28.0KiB allocated for chunks. 27.5KiB in use in bin. 27.5KiB client-requested in use in bin.
2025-06-14 19:01:10.294854: I external/local_tsl/tsl/framework/bfc_allocator.cc:1046] Bin (1024): 	Total Chunks: 27, Chunks in use: 27. 27.2KiB allocated for chunks. 27.2KiB in use in bin. 27.0KiB client-requested in use in bin.
2025-06-14 19:01:10.295262: I external/local_tsl/tsl/framework/bfc_allocator.cc:1046] Bin (2048): 	Total Chunks: 3, Chunks in use: 3. 10.5KiB allocated for chunks. 10.5KiB in use in bin. 10.1KiB client-requested in use in bin.
2025-06-14 19:01:10.295658: I external/local_tsl/tsl/framework/bfc_allocator.cc:1046] Bin (4096): 	Total Chunks: 0, Chunks in use: 0. 0B allocated for chunks. 0B in use in bin. 0B client-requested in use in bin.
2025-06-14 19:01:10.296073: I external/local_tsl/tsl/framework/bfc_allocator.cc:1046] Bin (8192): 	Total Chunks: 0, Chunks in use: 0. 0B allocated for chunks. 0B in use in bin. 0B client-requested in use in bin.
2025-06-14 19:01:10.296480: I external/local_tsl/tsl/framework/bfc_allocator.cc:1046] Bin (16384): 	Total Chunks: 0, Chunks in use: 0. 0B allocated for chunks. 0B in use in bin. 0B client-requested in use in bin.
2025-06-14 19:01:10.296848: I external/local_tsl/tsl/framework/bfc_allocator.cc:1046] Bin (32768): 	Total Chunks: 0, Chunks in use: 0. 0B allocated for chunks. 0B in use in bin. 0B client-requested in use in bin.
2025-06-14 19:01:10.297230: I external/local_tsl/tsl/framework/bfc_allocator.cc:1046] Bin (65536): 	Total Chunks: 7, Chunks in use: 7. 653.0KiB allocated for chunks. 653.0KiB in use in bin. 624.0KiB client-requested in use in bin.
2025-06-14 19:01:10.297630: I external/local_tsl/tsl/framework/bfc_allocator.cc:1046] Bin (131072): 	Total Chunks: 8, Chunks in use: 8. 1.58MiB allocated for chunks. 1.58MiB in use in bin. 1.48MiB client-requested in use in bin.
2025-06-14 19:01:10.298006: I external/local_tsl/tsl/framework/bfc_allocator.cc:1046] Bin (262144): 	Total Chunks: 8, Chunks in use: 8. 2.95MiB allocated for chunks. 2.95MiB in use in bin. 2.86MiB client-requested in use in bin.
2025-06-14 19:01:10.298434: I external/local_tsl/tsl/framework/bfc_allocator.cc:1046] Bin (524288): 	Total Chunks: 7, Chunks in use: 7. 5.89MiB allocated for chunks. 5.89MiB in use in bin. 5.48MiB client-requested in use in bin.
2025-06-14 19:01:10.298835: I external/local_tsl/tsl/framework/bfc_allocator.cc:1046] Bin (1048576): 	Total Chunks: 9, Chunks in use: 9. 14.02MiB allocated for chunks. 14.02MiB in use in bin. 13.12MiB client-requested in use in bin.
2025-06-14 19:01:10.299226: I external/local_tsl/tsl/framework/bfc_allocator.cc:1046] Bin (2097152): 	Total Chunks: 5, Chunks in use: 5. 17.38MiB allocated for chunks. 17.38MiB in use in bin. 16.88MiB client-requested in use in bin.
2025-06-14 19:01:10.299585: I external/local_tsl/tsl/framework/bfc_allocator.cc:1046] Bin (4194304): 	Total Chunks: 3, Chunks in use: 3. 18.12MiB allocated for chunks. 18.12MiB in use in bin. 16.88MiB client-requested in use in bin.
2025-06-14 19:01:10.299987: I external/local_tsl/tsl/framework/bfc_allocator.cc:1046] Bin (8388608): 	Total Chunks: 3, Chunks in use: 3. 40.62MiB allocated for chunks. 40.62MiB in use in bin. 35.62MiB client-requested in use in bin.
2025-06-14 19:01:10.300361: I external/local_tsl/tsl/framework/bfc_allocator.cc:1046] Bin (16777216): 	Total Chunks: 5, Chunks in use: 4. 140.19MiB allocated for chunks. 115.50MiB in use in bin. 115.50MiB client-requested in use in bin.
2025-06-14 19:01:10.300720: I external/local_tsl/tsl/framework/bfc_allocator.cc:1046] Bin (33554432): 	Total Chunks: 2, Chunks in use: 2. 115.50MiB allocated for chunks. 115.50MiB in use in bin. 115.50MiB client-requested in use in bin.
2025-06-14 19:01:10.301058: I external/local_tsl/tsl/framework/bfc_allocator.cc:1046] Bin (67108864): 	Total Chunks: 8, Chunks in use: 8. 874.50MiB allocated for chunks. 874.50MiB in use in bin. 808.50MiB client-requested in use in bin.
2025-06-14 19:01:10.301384: I external/local_tsl/tsl/framework/bfc_allocator.cc:1046] Bin (134217728): 	Total Chunks: 5, Chunks in use: 5. 1.07GiB allocated for chunks. 1.07GiB in use in bin. 924.00MiB client-requested in use in bin.
2025-06-14 19:01:10.301741: I external/local_tsl/tsl/framework/bfc_allocator.cc:1046] Bin (268435456): 	Total Chunks: 18, Chunks in use: 15. 19.69GiB allocated for chunks. 15.34GiB in use in bin. 15.34GiB client-requested in use in bin.
2025-06-14 19:01:10.302096: I external/local_tsl/tsl/framework/bfc_allocator.cc:1062] Bin for 3.61GiB was 256.00MiB, Chunk State: 
2025-06-14 19:01:10.302446: I external/local_tsl/tsl/framework/bfc_allocator.cc:1068]   Size: 453.50MiB | Requested Size: 16.00MiB | in_use: 0 | bin_num: 20, prev:   Size: 462.00MiB | Requested Size: 462.00MiB | in_use: 1 | bin_num: -1
2025-06-14 19:01:10.302799: I external/local_tsl/tsl/framework/bfc_allocator.cc:1068]   Size: 1.80GiB | Requested Size: 1.80GiB | in_use: 0 | bin_num: 20, next:   Size: 1.80GiB | Requested Size: 1.80GiB | in_use: 1 | bin_num: -1
2025-06-14 19:01:10.303127: I external/local_tsl/tsl/framework/bfc_allocator.cc:1068]   Size: 2.10GiB | Requested Size: 1.82GiB | in_use: 0 | bin_num: 20, prev:   Size: 1.80GiB | Requested Size: 1.80GiB | in_use: 1 | bin_num: -1
2025-06-14 19:01:10.303487: I external/local_tsl/tsl/framework/bfc_allocator.cc:1075] Next region of size 6129582080
2025-06-14 19:01:10.303936: I external/local_tsl/tsl/framework/bfc_allocator.cc:1095] Free  at 7fceee000000 of size 1937768448 next 107
2025-06-14 19:01:10.304302: I external/local_tsl/tsl/framework/bfc_allocator.cc:1095] InUse at 7fcf61800000 of size 1937768448 next 329
2025-06-14 19:01:10.304673: I external/local_tsl/tsl/framework/bfc_allocator.cc:1095] Free  at 7fcfd5000000 of size 2254045184 next 18446744073709551615
2025-06-14 19:01:10.305022: I external/local_tsl/tsl/framework/bfc_allocator.cc:1075] Next region of size 8589934592
2025-06-14 19:01:10.305530: I external/local_tsl/tsl/framework/bfc_allocator.cc:1095] InUse at 7fd082000000 of size 1937768448 next 281
2025-06-14 19:01:10.305941: I external/local_tsl/tsl/framework/bfc_allocator.cc:1095] InUse at 7fd0f5800000 of size 242221056 next 282
2025-06-14 19:01:10.306348: I external/local_tsl/tsl/framework/bfc_allocator.cc:1095] InUse at 7fd103f00000 of size 484442112 next 283
2025-06-14 19:01:10.306747: I external/local_tsl/tsl/framework/bfc_allocator.cc:1095] InUse at 7fd120d00000 of size 484442112 next 284
2025-06-14 19:01:10.307184: I external/local_tsl/tsl/framework/bfc_allocator.cc:1095] InUse at 7fd13db00000 of size 484442112 next 29
2025-06-14 19:01:10.307522: I external/local_tsl/tsl/framework/bfc_allocator.cc:1095] InUse at 7fd15a900000 of size 484442112 next 288
2025-06-14 19:01:10.307860: I external/local_tsl/tsl/framework/bfc_allocator.cc:1095] InUse at 7fd177700000 of size 484442112 next 292
2025-06-14 19:01:10.308211: I external/local_tsl/tsl/framework/bfc_allocator.cc:1095] InUse at 7fd194500000 of size 121110528 next 47
2025-06-14 19:01:10.308553: I external/local_tsl/tsl/framework/bfc_allocator.cc:1095] InUse at 7fd19b880000 of size 121110528 next 296
2025-06-14 19:01:10.308865: I external/local_tsl/tsl/framework/bfc_allocator.cc:1095] InUse at 7fd1a2c00000 of size 121110528 next 300
2025-06-14 19:01:10.309289: I external/local_tsl/tsl/framework/bfc_allocator.cc:1095] InUse at 7fd1a9f80000 of size 30277632 next 302
2025-06-14 19:01:10.309651: I external/local_tsl/tsl/framework/bfc_allocator.cc:1095] InUse at 7fd1abc60000 of size 30277632 next 303
2025-06-14 19:01:10.310011: I external/local_tsl/tsl/framework/bfc_allocator.cc:1095] InUse at 7fd1ad940000 of size 30277632 next 66
2025-06-14 19:01:10.310334: I external/local_tsl/tsl/framework/bfc_allocator.cc:1095] InUse at 7fd1af620000 of size 30277632 next 307
2025-06-14 19:01:10.310646: I external/local_tsl/tsl/framework/bfc_allocator.cc:1095] InUse at 7fd1b1300000 of size 121110528 next 76
2025-06-14 19:01:10.310966: I external/local_tsl/tsl/framework/bfc_allocator.cc:1095] InUse at 7fd1b8680000 of size 121110528 next 312
2025-06-14 19:01:10.311304: I external/local_tsl/tsl/framework/bfc_allocator.cc:1095] InUse at 7fd1bfa00000 of size 242221056 next 311
2025-06-14 19:01:10.311637: I external/local_tsl/tsl/framework/bfc_allocator.cc:1095] InUse at 7fd1ce100000 of size 121110528 next 85
2025-06-14 19:01:10.311977: I external/local_tsl/tsl/framework/bfc_allocator.cc:1095] InUse at 7fd1d5480000 of size 484442112 next 325
2025-06-14 19:01:10.312316: I external/local_tsl/tsl/framework/bfc_allocator.cc:1095] InUse at 7fd1f2280000 of size 484442112 next 320
2025-06-14 19:01:10.312666: I external/local_tsl/tsl/framework/bfc_allocator.cc:1095] InUse at 7fd20f080000 of size 968884224 next 319
2025-06-14 19:01:10.313013: I external/local_tsl/tsl/framework/bfc_allocator.cc:1095] InUse at 7fd248c80000 of size 484442112 next 91
2025-06-14 19:01:10.313379: I external/local_tsl/tsl/framework/bfc_allocator.cc:1095] Free  at 7fd265a80000 of size 475529216 next 18446744073709551615
2025-06-14 19:01:10.313709: I external/local_tsl/tsl/framework/bfc_allocator.cc:1075] Next region of size 4294967296
2025-06-14 19:01:10.314156: I external/local_tsl/tsl/framework/bfc_allocator.cc:1095] InUse at 7fd2a2000000 of size 1937768448 next 11
2025-06-14 19:01:10.314485: I external/local_tsl/tsl/framework/bfc_allocator.cc:1095] InUse at 7fd315800000 of size 1937768448 next 276
2025-06-14 19:01:10.314801: I external/local_tsl/tsl/framework/bfc_allocator.cc:1095] InUse at 7fd389000000 of size 242221056 next 20
2025-06-14 19:01:10.315161: I external/local_tsl/tsl/framework/bfc_allocator.cc:1095] InUse at 7fd397700000 of size 60555264 next 38
2025-06-14 19:01:10.315509: I external/local_tsl/tsl/framework/bfc_allocator.cc:1095] InUse at 7fd39b0c0000 of size 116654080 next 18446744073709551615
2025-06-14 19:01:10.315852: I external/local_tsl/tsl/framework/bfc_allocator.cc:1075] Next region of size 2147483648
2025-06-14 19:01:10.316335: I external/local_tsl/tsl/framework/bfc_allocator.cc:1095] InUse at 7fd3ce000000 of size 1937768448 next 270
2025-06-14 19:01:10.316674: I external/local_tsl/tsl/framework/bfc_allocator.cc:1095] InUse at 7fd441800000 of size 209715200 next 18446744073709551615
2025-06-14 19:01:10.317021: I external/local_tsl/tsl/framework/bfc_allocator.cc:1075] Next region of size 2147483648
2025-06-14 19:01:10.317452: I external/local_tsl/tsl/framework/bfc_allocator.cc:1095] InUse at 7fd454000000 of size 1937768448 next 267
2025-06-14 19:01:10.317778: I external/local_tsl/tsl/framework/bfc_allocator.cc:1095] InUse at 7fd4c7800000 of size 209715200 next 18446744073709551615
2025-06-14 19:01:10.318129: I external/local_tsl/tsl/framework/bfc_allocator.cc:1075] Next region of size 134217728
2025-06-14 19:01:10.318597: I external/local_tsl/tsl/framework/bfc_allocator.cc:1095] InUse at 7fd560000000 of size 60555264 next 264
2025-06-14 19:01:10.318939: I external/local_tsl/tsl/framework/bfc_allocator.cc:1095] InUse at 7fd5639c0000 of size 73662464 next 18446744073709551615
2025-06-14 19:01:10.319270: I external/local_tsl/tsl/framework/bfc_allocator.cc:1075] Next region of size 67108864
2025-06-14 19:01:10.319682: I external/local_tsl/tsl/framework/bfc_allocator.cc:1095] InUse at 7fd568000000 of size 3538944 next 198
2025-06-14 19:01:10.320022: I external/local_tsl/tsl/framework/bfc_allocator.cc:1095] InUse at 7fd568360000 of size 1769472 next 205
2025-06-14 19:01:10.320342: I external/local_tsl/tsl/framework/bfc_allocator.cc:1095] InUse at 7fd568510000 of size 1769472 next 206
2025-06-14 19:01:10.320701: I external/local_tsl/tsl/framework/bfc_allocator.cc:1095] InUse at 7fd5686c0000 of size 262144 next 213
2025-06-14 19:01:10.321050: I external/local_tsl/tsl/framework/bfc_allocator.cc:1095] InUse at 7fd568700000 of size 262144 next 214
2025-06-14 19:01:10.321377: I external/local_tsl/tsl/framework/bfc_allocator.cc:1095] InUse at 7fd568740000 of size 884736 next 217
2025-06-14 19:01:10.321725: I external/local_tsl/tsl/framework/bfc_allocator.cc:1095] InUse at 7fd568818000 of size 884736 next 218
2025-06-14 19:01:10.322086: I external/local_tsl/tsl/framework/bfc_allocator.cc:1095] InUse at 7fd5688f0000 of size 442368 next 225
2025-06-14 19:01:10.322419: I external/local_tsl/tsl/framework/bfc_allocator.cc:1095] InUse at 7fd56895c000 of size 442368 next 226
2025-06-14 19:01:10.322779: I external/local_tsl/tsl/framework/bfc_allocator.cc:1095] InUse at 7fd5689c8000 of size 256 next 234
2025-06-14 19:01:10.323190: I external/local_tsl/tsl/framework/bfc_allocator.cc:1095] InUse at 7fd5689c8100 of size 256 next 235
2025-06-14 19:01:10.323630: I external/local_tsl/tsl/framework/bfc_allocator.cc:1095] InUse at 7fd5689c8200 of size 221184 next 236
2025-06-14 19:01:10.323977: I external/local_tsl/tsl/framework/bfc_allocator.cc:1095] InUse at 7fd5689fe200 of size 221184 next 237
2025-06-14 19:01:10.324343: I external/local_tsl/tsl/framework/bfc_allocator.cc:1095] InUse at 7fd568a34200 of size 256 next 238
2025-06-14 19:01:10.324768: I external/local_tsl/tsl/framework/bfc_allocator.cc:1095] InUse at 7fd568a34300 of size 256 next 239
2025-06-14 19:01:10.325193: I external/local_tsl/tsl/framework/bfc_allocator.cc:1095] InUse at 7fd568a34400 of size 256 next 240
2025-06-14 19:01:10.325620: I external/local_tsl/tsl/framework/bfc_allocator.cc:1095] InUse at 7fd568a34500 of size 256 next 241
2025-06-14 19:01:10.326061: I external/local_tsl/tsl/framework/bfc_allocator.cc:1095] InUse at 7fd568a34600 of size 256 next 242
2025-06-14 19:01:10.326507: I external/local_tsl/tsl/framework/bfc_allocator.cc:1095] InUse at 7fd568a34700 of size 256 next 243
2025-06-14 19:01:10.326911: I external/local_tsl/tsl/framework/bfc_allocator.cc:1095] InUse at 7fd568a34800 of size 110592 next 244
2025-06-14 19:01:10.327257: I external/local_tsl/tsl/framework/bfc_allocator.cc:1095] InUse at 7fd568a4f800 of size 110592 next 245
2025-06-14 19:01:10.327598: I external/local_tsl/tsl/framework/bfc_allocator.cc:1095] InUse at 7fd568a6a800 of size 256 next 246
2025-06-14 19:01:10.328067: I external/local_tsl/tsl/framework/bfc_allocator.cc:1095] InUse at 7fd568a6a900 of size 256 next 247
2025-06-14 19:01:10.328502: I external/local_tsl/tsl/framework/bfc_allocator.cc:1095] InUse at 7fd568a6aa00 of size 256 next 248
2025-06-14 19:01:10.328928: I external/local_tsl/tsl/framework/bfc_allocator.cc:1095] InUse at 7fd568a6ab00 of size 256 next 249
2025-06-14 19:01:10.329385: I external/local_tsl/tsl/framework/bfc_allocator.cc:1095] InUse at 7fd568a6ac00 of size 256 next 250
2025-06-14 19:01:10.329815: I external/local_tsl/tsl/framework/bfc_allocator.cc:1095] InUse at 7fd568a6ad00 of size 256 next 251
2025-06-14 19:01:10.330240: I external/local_tsl/tsl/framework/bfc_allocator.cc:1095] InUse at 7fd568a6ae00 of size 256 next 252
2025-06-14 19:01:10.330704: I external/local_tsl/tsl/framework/bfc_allocator.cc:1095] InUse at 7fd568a6af00 of size 256 next 253
2025-06-14 19:01:10.331169: I external/local_tsl/tsl/framework/bfc_allocator.cc:1095] InUse at 7fd568a6b000 of size 256 next 254
2025-06-14 19:01:10.331607: I external/local_tsl/tsl/framework/bfc_allocator.cc:1095] InUse at 7fd568a6b100 of size 256 next 255
2025-06-14 19:01:10.332071: I external/local_tsl/tsl/framework/bfc_allocator.cc:1095] InUse at 7fd568a6b200 of size 256 next 256
2025-06-14 19:01:10.332519: I external/local_tsl/tsl/framework/bfc_allocator.cc:1095] InUse at 7fd568a6b300 of size 256 next 257
2025-06-14 19:01:10.332970: I external/local_tsl/tsl/framework/bfc_allocator.cc:1095] InUse at 7fd568a6b400 of size 256 next 258
2025-06-14 19:01:10.333409: I external/local_tsl/tsl/framework/bfc_allocator.cc:1095] InUse at 7fd568a6b500 of size 256 next 259
2025-06-14 19:01:10.333881: I external/local_tsl/tsl/framework/bfc_allocator.cc:1095] InUse at 7fd568a6b600 of size 256 next 260
2025-06-14 19:01:10.334304: I external/local_tsl/tsl/framework/bfc_allocator.cc:1095] InUse at 7fd568a6b700 of size 256 next 261
2025-06-14 19:01:10.334762: I external/local_tsl/tsl/framework/bfc_allocator.cc:1095] InUse at 7fd568a6b800 of size 256 next 262
2025-06-14 19:01:10.335221: I external/local_tsl/tsl/framework/bfc_allocator.cc:1095] InUse at 7fd568a6b900 of size 256 next 263
2025-06-14 19:01:10.335621: I external/local_tsl/tsl/framework/bfc_allocator.cc:1095] InUse at 7fd568a6ba00 of size 256 next 265
2025-06-14 19:01:10.336077: I external/local_tsl/tsl/framework/bfc_allocator.cc:1095] InUse at 7fd568a6bb00 of size 256 next 268
2025-06-14 19:01:10.336511: I external/local_tsl/tsl/framework/bfc_allocator.cc:1095] InUse at 7fd568a6bc00 of size 256 next 269
2025-06-14 19:01:10.336924: I external/local_tsl/tsl/framework/bfc_allocator.cc:1095] InUse at 7fd568a6bd00 of size 256 next 272
2025-06-14 19:01:10.337350: I external/local_tsl/tsl/framework/bfc_allocator.cc:1095] InUse at 7fd568a6be00 of size 256 next 274
2025-06-14 19:01:10.337775: I external/local_tsl/tsl/framework/bfc_allocator.cc:1095] InUse at 7fd568a6bf00 of size 256 next 275
2025-06-14 19:01:10.338216: I external/local_tsl/tsl/framework/bfc_allocator.cc:1095] InUse at 7fd568a6c000 of size 256 next 279
2025-06-14 19:01:10.338605: I external/local_tsl/tsl/framework/bfc_allocator.cc:1095] InUse at 7fd568a6c100 of size 256 next 280
2025-06-14 19:01:10.339035: I external/local_tsl/tsl/framework/bfc_allocator.cc:1095] InUse at 7fd568a6c200 of size 256 next 286
2025-06-14 19:01:10.339459: I external/local_tsl/tsl/framework/bfc_allocator.cc:1095] InUse at 7fd568a6c300 of size 256 next 287
2025-06-14 19:01:10.339868: I external/local_tsl/tsl/framework/bfc_allocator.cc:1095] InUse at 7fd568a6c400 of size 256 next 290
2025-06-14 19:01:10.340293: I external/local_tsl/tsl/framework/bfc_allocator.cc:1095] InUse at 7fd568a6c500 of size 256 next 291
2025-06-14 19:01:10.340707: I external/local_tsl/tsl/framework/bfc_allocator.cc:1095] InUse at 7fd568a6c600 of size 512 next 293
2025-06-14 19:01:10.341164: I external/local_tsl/tsl/framework/bfc_allocator.cc:1095] InUse at 7fd568a6c800 of size 512 next 294
2025-06-14 19:01:10.341605: I external/local_tsl/tsl/framework/bfc_allocator.cc:1095] InUse at 7fd568a6ca00 of size 512 next 295
2025-06-14 19:01:10.342048: I external/local_tsl/tsl/framework/bfc_allocator.cc:1095] InUse at 7fd568a6cc00 of size 512 next 298
2025-06-14 19:01:10.342501: I external/local_tsl/tsl/framework/bfc_allocator.cc:1095] InUse at 7fd568a6ce00 of size 512 next 299
2025-06-14 19:01:10.342935: I external/local_tsl/tsl/framework/bfc_allocator.cc:1095] InUse at 7fd568a6d000 of size 15138816 next 56
2025-06-14 19:01:10.343321: I external/local_tsl/tsl/framework/bfc_allocator.cc:1095] InUse at 7fd5698dd000 of size 15138816 next 301
2025-06-14 19:01:10.343651: I external/local_tsl/tsl/framework/bfc_allocator.cc:1095] InUse at 7fd56a74d000 of size 1024 next 304
2025-06-14 19:01:10.344080: I external/local_tsl/tsl/framework/bfc_allocator.cc:1095] InUse at 7fd56a74d400 of size 1024 next 305
2025-06-14 19:01:10.344528: I external/local_tsl/tsl/framework/bfc_allocator.cc:1095] InUse at 7fd56a74d800 of size 1024 next 306
2025-06-14 19:01:10.344984: I external/local_tsl/tsl/framework/bfc_allocator.cc:1095] InUse at 7fd56a74dc00 of size 1024 next 309
2025-06-14 19:01:10.345441: I external/local_tsl/tsl/framework/bfc_allocator.cc:1095] InUse at 7fd56a74e000 of size 1024 next 310
2025-06-14 19:01:10.345884: I external/local_tsl/tsl/framework/bfc_allocator.cc:1095] InUse at 7fd56a74e400 of size 512 next 317
2025-06-14 19:01:10.346335: I external/local_tsl/tsl/framework/bfc_allocator.cc:1095] InUse at 7fd56a74e600 of size 512 next 318
2025-06-14 19:01:10.346772: I external/local_tsl/tsl/framework/bfc_allocator.cc:1095] InUse at 7fd56a74e800 of size 256 next 326
2025-06-14 19:01:10.347186: I external/local_tsl/tsl/framework/bfc_allocator.cc:1095] InUse at 7fd56a74e900 of size 256 next 327
2025-06-14 19:01:10.347614: I external/local_tsl/tsl/framework/bfc_allocator.cc:1095] Free  at 7fd56a74ea00 of size 25892352 next 18446744073709551615
2025-06-14 19:01:10.347943: I external/local_tsl/tsl/framework/bfc_allocator.cc:1075] Next region of size 33554432
2025-06-14 19:01:10.348375: I external/local_tsl/tsl/framework/bfc_allocator.cc:1095] InUse at 7fd580000000 of size 3538944 next 83
2025-06-14 19:01:10.348734: I external/local_tsl/tsl/framework/bfc_allocator.cc:1095] InUse at 7fd580360000 of size 221184 next 152
2025-06-14 19:01:10.349092: I external/local_tsl/tsl/framework/bfc_allocator.cc:1095] InUse at 7fd580396000 of size 221184 next 106
2025-06-14 19:01:10.349456: I external/local_tsl/tsl/framework/bfc_allocator.cc:1095] InUse at 7fd5803cc000 of size 442368 next 100
2025-06-14 19:01:10.349789: I external/local_tsl/tsl/framework/bfc_allocator.cc:1095] InUse at 7fd580438000 of size 884736 next 90
2025-06-14 19:01:10.350112: I external/local_tsl/tsl/framework/bfc_allocator.cc:1095] InUse at 7fd580510000 of size 1769472 next 74
2025-06-14 19:01:10.350467: I external/local_tsl/tsl/framework/bfc_allocator.cc:1095] InUse at 7fd5806c0000 of size 7077888 next 72
2025-06-14 19:01:10.350844: I external/local_tsl/tsl/framework/bfc_allocator.cc:1095] InUse at 7fd580d80000 of size 7077888 next 187
2025-06-14 19:01:10.351170: I external/local_tsl/tsl/framework/bfc_allocator.cc:1095] InUse at 7fd581440000 of size 12320768 next 18446744073709551615
2025-06-14 19:01:10.351510: I external/local_tsl/tsl/framework/bfc_allocator.cc:1075] Next region of size 16777216
2025-06-14 19:01:10.351971: I external/local_tsl/tsl/framework/bfc_allocator.cc:1095] InUse at 7fd582000000 of size 1769472 next 173
2025-06-14 19:01:10.352400: I external/local_tsl/tsl/framework/bfc_allocator.cc:1095] InUse at 7fd5821b0000 of size 1769472 next 64
2025-06-14 19:01:10.352739: I external/local_tsl/tsl/framework/bfc_allocator.cc:1095] InUse at 7fd582360000 of size 3538944 next 62
2025-06-14 19:01:10.353083: I external/local_tsl/tsl/framework/bfc_allocator.cc:1095] InUse at 7fd5826c0000 of size 3538944 next 180
2025-06-14 19:01:10.353410: I external/local_tsl/tsl/framework/bfc_allocator.cc:1095] InUse at 7fd582a20000 of size 1048576 next 194
2025-06-14 19:01:10.353738: I external/local_tsl/tsl/framework/bfc_allocator.cc:1095] InUse at 7fd582b20000 of size 1048576 next 195
2025-06-14 19:01:10.354088: I external/local_tsl/tsl/framework/bfc_allocator.cc:1095] InUse at 7fd582c20000 of size 4063232 next 18446744073709551615
2025-06-14 19:01:10.354440: I external/local_tsl/tsl/framework/bfc_allocator.cc:1075] Next region of size 2097152
2025-06-14 19:01:10.354903: I external/local_tsl/tsl/framework/bfc_allocator.cc:1095] InUse at 7fd5e8e00000 of size 1280 next 1
2025-06-14 19:01:10.355340: I external/local_tsl/tsl/framework/bfc_allocator.cc:1095] InUse at 7fd5e8e00500 of size 256 next 2
2025-06-14 19:01:10.355794: I external/local_tsl/tsl/framework/bfc_allocator.cc:1095] InUse at 7fd5e8e00600 of size 256 next 3
2025-06-14 19:01:10.356226: I external/local_tsl/tsl/framework/bfc_allocator.cc:1095] InUse at 7fd5e8e00700 of size 256 next 5
2025-06-14 19:01:10.356641: I external/local_tsl/tsl/framework/bfc_allocator.cc:1095] InUse at 7fd5e8e00800 of size 256 next 6
2025-06-14 19:01:10.357129: I external/local_tsl/tsl/framework/bfc_allocator.cc:1095] InUse at 7fd5e8e00900 of size 256 next 4
2025-06-14 19:01:10.357589: I external/local_tsl/tsl/framework/bfc_allocator.cc:1095] InUse at 7fd5e8e00a00 of size 256 next 7
2025-06-14 19:01:10.358017: I external/local_tsl/tsl/framework/bfc_allocator.cc:1095] InUse at 7fd5e8e00b00 of size 256 next 10
2025-06-14 19:01:10.358437: I external/local_tsl/tsl/framework/bfc_allocator.cc:1095] InUse at 7fd5e8e00c00 of size 256 next 277
2025-06-14 19:01:10.358886: I external/local_tsl/tsl/framework/bfc_allocator.cc:1095] InUse at 7fd5e8e00d00 of size 256 next 12
2025-06-14 19:01:10.359319: I external/local_tsl/tsl/framework/bfc_allocator.cc:1095] InUse at 7fd5e8e00e00 of size 256 next 13
2025-06-14 19:01:10.359746: I external/local_tsl/tsl/framework/bfc_allocator.cc:1095] InUse at 7fd5e8e00f00 of size 256 next 14
2025-06-14 19:01:10.360236: I external/local_tsl/tsl/framework/bfc_allocator.cc:1095] InUse at 7fd5e8e01000 of size 256 next 17
2025-06-14 19:01:10.360764: I external/local_tsl/tsl/framework/bfc_allocator.cc:1095] InUse at 7fd5e8e01100 of size 256 next 15
2025-06-14 19:01:10.361247: I external/local_tsl/tsl/framework/bfc_allocator.cc:1095] InUse at 7fd5e8e01200 of size 256 next 16
2025-06-14 19:01:10.361677: I external/local_tsl/tsl/framework/bfc_allocator.cc:1095] InUse at 7fd5e8e01300 of size 256 next 285
2025-06-14 19:01:10.362122: I external/local_tsl/tsl/framework/bfc_allocator.cc:1095] InUse at 7fd5e8e01400 of size 256 next 21
2025-06-14 19:01:10.362545: I external/local_tsl/tsl/framework/bfc_allocator.cc:1095] InUse at 7fd5e8e01500 of size 256 next 22
2025-06-14 19:01:10.362974: I external/local_tsl/tsl/framework/bfc_allocator.cc:1095] InUse at 7fd5e8e01600 of size 256 next 23
2025-06-14 19:01:10.363394: I external/local_tsl/tsl/framework/bfc_allocator.cc:1095] InUse at 7fd5e8e01700 of size 256 next 24
2025-06-14 19:01:10.363815: I external/local_tsl/tsl/framework/bfc_allocator.cc:1095] InUse at 7fd5e8e01800 of size 256 next 25
2025-06-14 19:01:10.364257: I external/local_tsl/tsl/framework/bfc_allocator.cc:1095] InUse at 7fd5e8e01900 of size 256 next 28
2025-06-14 19:01:10.364672: I external/local_tsl/tsl/framework/bfc_allocator.cc:1095] InUse at 7fd5e8e01a00 of size 256 next 289
2025-06-14 19:01:10.365080: I external/local_tsl/tsl/framework/bfc_allocator.cc:1095] InUse at 7fd5e8e01b00 of size 256 next 30
2025-06-14 19:01:10.365504: I external/local_tsl/tsl/framework/bfc_allocator.cc:1095] InUse at 7fd5e8e01c00 of size 256 next 31
2025-06-14 19:01:10.365995: I external/local_tsl/tsl/framework/bfc_allocator.cc:1095] InUse at 7fd5e8e01d00 of size 256 next 32
2025-06-14 19:01:10.366413: I external/local_tsl/tsl/framework/bfc_allocator.cc:1095] InUse at 7fd5e8e01e00 of size 256 next 35
2025-06-14 19:01:10.366820: I external/local_tsl/tsl/framework/bfc_allocator.cc:1095] InUse at 7fd5e8e01f00 of size 256 next 33
2025-06-14 19:01:10.367218: I external/local_tsl/tsl/framework/bfc_allocator.cc:1095] InUse at 7fd5e8e02000 of size 256 next 34
2025-06-14 19:01:10.367682: I external/local_tsl/tsl/framework/bfc_allocator.cc:1095] InUse at 7fd5e8e02100 of size 512 next 39
2025-06-14 19:01:10.368099: I external/local_tsl/tsl/framework/bfc_allocator.cc:1095] InUse at 7fd5e8e02300 of size 256 next 40
2025-06-14 19:01:10.368530: I external/local_tsl/tsl/framework/bfc_allocator.cc:1095] InUse at 7fd5e8e02400 of size 256 next 41
2025-06-14 19:01:10.368977: I external/local_tsl/tsl/framework/bfc_allocator.cc:1095] InUse at 7fd5e8e02500 of size 256 next 8
2025-06-14 19:01:10.369422: I external/local_tsl/tsl/framework/bfc_allocator.cc:1095] InUse at 7fd5e8e02600 of size 3584 next 9
2025-06-14 19:01:10.369832: I external/local_tsl/tsl/framework/bfc_allocator.cc:1095] InUse at 7fd5e8e03400 of size 512 next 42
2025-06-14 19:01:10.370257: I external/local_tsl/tsl/framework/bfc_allocator.cc:1095] InUse at 7fd5e8e03600 of size 512 next 45
2025-06-14 19:01:10.370665: I external/local_tsl/tsl/framework/bfc_allocator.cc:1095] InUse at 7fd5e8e03800 of size 512 next 46
2025-06-14 19:01:10.371146: I external/local_tsl/tsl/framework/bfc_allocator.cc:1095] InUse at 7fd5e8e03a00 of size 512 next 297
2025-06-14 19:01:10.371597: I external/local_tsl/tsl/framework/bfc_allocator.cc:1095] InUse at 7fd5e8e03c00 of size 512 next 48
2025-06-14 19:01:10.372043: I external/local_tsl/tsl/framework/bfc_allocator.cc:1095] InUse at 7fd5e8e03e00 of size 256 next 49
2025-06-14 19:01:10.372463: I external/local_tsl/tsl/framework/bfc_allocator.cc:1095] InUse at 7fd5e8e03f00 of size 512 next 50
2025-06-14 19:01:10.372891: I external/local_tsl/tsl/framework/bfc_allocator.cc:1095] InUse at 7fd5e8e04100 of size 512 next 51
2025-06-14 19:01:10.373302: I external/local_tsl/tsl/framework/bfc_allocator.cc:1095] InUse at 7fd5e8e04300 of size 512 next 55
2025-06-14 19:01:10.373702: I external/local_tsl/tsl/framework/bfc_allocator.cc:1095] InUse at 7fd5e8e04500 of size 1024 next 57
2025-06-14 19:01:10.374102: I external/local_tsl/tsl/framework/bfc_allocator.cc:1095] InUse at 7fd5e8e04900 of size 256 next 58
2025-06-14 19:01:10.374550: I external/local_tsl/tsl/framework/bfc_allocator.cc:1095] InUse at 7fd5e8e04a00 of size 256 next 59
2025-06-14 19:01:10.374971: I external/local_tsl/tsl/framework/bfc_allocator.cc:1095] InUse at 7fd5e8e04b00 of size 1024 next 60
2025-06-14 19:01:10.375432: I external/local_tsl/tsl/framework/bfc_allocator.cc:1095] InUse at 7fd5e8e04f00 of size 1024 next 61
2025-06-14 19:01:10.375839: I external/local_tsl/tsl/framework/bfc_allocator.cc:1095] InUse at 7fd5e8e05300 of size 1024 next 65
2025-06-14 19:01:10.376296: I external/local_tsl/tsl/framework/bfc_allocator.cc:1095] InUse at 7fd5e8e05700 of size 1024 next 308
2025-06-14 19:01:10.376708: I external/local_tsl/tsl/framework/bfc_allocator.cc:1095] InUse at 7fd5e8e05b00 of size 1024 next 67
2025-06-14 19:01:10.377121: I external/local_tsl/tsl/framework/bfc_allocator.cc:1095] InUse at 7fd5e8e05f00 of size 256 next 68
2025-06-14 19:01:10.377533: I external/local_tsl/tsl/framework/bfc_allocator.cc:1095] InUse at 7fd5e8e06000 of size 256 next 69
2025-06-14 19:01:10.377997: I external/local_tsl/tsl/framework/bfc_allocator.cc:1095] InUse at 7fd5e8e06100 of size 1024 next 70
2025-06-14 19:01:10.378408: I external/local_tsl/tsl/framework/bfc_allocator.cc:1095] InUse at 7fd5e8e06500 of size 1024 next 71
2025-06-14 19:01:10.378799: I external/local_tsl/tsl/framework/bfc_allocator.cc:1095] InUse at 7fd5e8e06900 of size 1024 next 75
2025-06-14 19:01:10.379241: I external/local_tsl/tsl/framework/bfc_allocator.cc:1095] InUse at 7fd5e8e06d00 of size 512 next 313
2025-06-14 19:01:10.379651: I external/local_tsl/tsl/framework/bfc_allocator.cc:1095] InUse at 7fd5e8e06f00 of size 512 next 314
2025-06-14 19:01:10.380065: I external/local_tsl/tsl/framework/bfc_allocator.cc:1095] InUse at 7fd5e8e07100 of size 512 next 315
2025-06-14 19:01:10.380480: I external/local_tsl/tsl/framework/bfc_allocator.cc:1095] InUse at 7fd5e8e07300 of size 512 next 77
2025-06-14 19:01:10.380887: I external/local_tsl/tsl/framework/bfc_allocator.cc:1095] InUse at 7fd5e8e07500 of size 256 next 78
2025-06-14 19:01:10.381339: I external/local_tsl/tsl/framework/bfc_allocator.cc:1095] InUse at 7fd5e8e07600 of size 256 next 79
2025-06-14 19:01:10.381744: I external/local_tsl/tsl/framework/bfc_allocator.cc:1095] InUse at 7fd5e8e07700 of size 512 next 80
2025-06-14 19:01:10.382218: I external/local_tsl/tsl/framework/bfc_allocator.cc:1095] InUse at 7fd5e8e07900 of size 512 next 81
2025-06-14 19:01:10.382649: I external/local_tsl/tsl/framework/bfc_allocator.cc:1095] InUse at 7fd5e8e07b00 of size 512 next 82
2025-06-14 19:01:10.383076: I external/local_tsl/tsl/framework/bfc_allocator.cc:1095] InUse at 7fd5e8e07d00 of size 512 next 84
2025-06-14 19:01:10.383501: I external/local_tsl/tsl/framework/bfc_allocator.cc:1095] InUse at 7fd5e8e07f00 of size 512 next 316
2025-06-14 19:01:10.383935: I external/local_tsl/tsl/framework/bfc_allocator.cc:1095] InUse at 7fd5e8e08100 of size 512 next 86
2025-06-14 19:01:10.384349: I external/local_tsl/tsl/framework/bfc_allocator.cc:1095] InUse at 7fd5e8e08300 of size 512 next 87
2025-06-14 19:01:10.384846: I external/local_tsl/tsl/framework/bfc_allocator.cc:1095] InUse at 7fd5e8e08500 of size 512 next 88
2025-06-14 19:01:10.385286: I external/local_tsl/tsl/framework/bfc_allocator.cc:1095] InUse at 7fd5e8e08700 of size 512 next 89
2025-06-14 19:01:10.385708: I external/local_tsl/tsl/framework/bfc_allocator.cc:1095] InUse at 7fd5e8e08900 of size 256 next 321
2025-06-14 19:01:10.386142: I external/local_tsl/tsl/framework/bfc_allocator.cc:1095] InUse at 7fd5e8e08a00 of size 256 next 323
2025-06-14 19:01:10.386587: I external/local_tsl/tsl/framework/bfc_allocator.cc:1095] InUse at 7fd5e8e08b00 of size 256 next 324
2025-06-14 19:01:10.387013: I external/local_tsl/tsl/framework/bfc_allocator.cc:1095] InUse at 7fd5e8e08c00 of size 256 next 92
2025-06-14 19:01:10.387419: I external/local_tsl/tsl/framework/bfc_allocator.cc:1095] InUse at 7fd5e8e08d00 of size 256 next 93
2025-06-14 19:01:10.387896: I external/local_tsl/tsl/framework/bfc_allocator.cc:1095] InUse at 7fd5e8e08e00 of size 256 next 94
2025-06-14 19:01:10.388352: I external/local_tsl/tsl/framework/bfc_allocator.cc:1095] InUse at 7fd5e8e08f00 of size 256 next 97
2025-06-14 19:01:10.388828: I external/local_tsl/tsl/framework/bfc_allocator.cc:1095] InUse at 7fd5e8e09000 of size 256 next 95
2025-06-14 19:01:10.389248: I external/local_tsl/tsl/framework/bfc_allocator.cc:1095] InUse at 7fd5e8e09100 of size 256 next 96
2025-06-14 19:01:10.389665: I external/local_tsl/tsl/framework/bfc_allocator.cc:1095] InUse at 7fd5e8e09200 of size 256 next 98
2025-06-14 19:01:10.390122: I external/local_tsl/tsl/framework/bfc_allocator.cc:1095] InUse at 7fd5e8e09300 of size 256 next 101
2025-06-14 19:01:10.390582: I external/local_tsl/tsl/framework/bfc_allocator.cc:1095] InUse at 7fd5e8e09400 of size 256 next 102
2025-06-14 19:01:10.391120: I external/local_tsl/tsl/framework/bfc_allocator.cc:1095] InUse at 7fd5e8e09500 of size 256 next 103
2025-06-14 19:01:10.391591: I external/local_tsl/tsl/framework/bfc_allocator.cc:1095] InUse at 7fd5e8e09600 of size 256 next 104
2025-06-14 19:01:10.392028: I external/local_tsl/tsl/framework/bfc_allocator.cc:1095] InUse at 7fd5e8e09700 of size 256 next 105
2025-06-14 19:01:10.392431: I external/local_tsl/tsl/framework/bfc_allocator.cc:1095] Free  at 7fd5e8e09800 of size 512 next 108
2025-06-14 19:01:10.392848: I external/local_tsl/tsl/framework/bfc_allocator.cc:1095] InUse at 7fd5e8e09a00 of size 256 next 109
2025-06-14 19:01:10.393251: I external/local_tsl/tsl/framework/bfc_allocator.cc:1095] InUse at 7fd5e8e09b00 of size 256 next 110
2025-06-14 19:01:10.393684: I external/local_tsl/tsl/framework/bfc_allocator.cc:1095] InUse at 7fd5e8e09c00 of size 256 next 146
2025-06-14 19:01:10.394087: I external/local_tsl/tsl/framework/bfc_allocator.cc:1095] InUse at 7fd5e8e09d00 of size 256 next 147
2025-06-14 19:01:10.394486: I external/local_tsl/tsl/framework/bfc_allocator.cc:1095] InUse at 7fd5e8e09e00 of size 256 next 148
2025-06-14 19:01:10.394934: I external/local_tsl/tsl/framework/bfc_allocator.cc:1095] InUse at 7fd5e8e09f00 of size 256 next 149
2025-06-14 19:01:10.395385: I external/local_tsl/tsl/framework/bfc_allocator.cc:1095] InUse at 7fd5e8e0a000 of size 256 next 150
2025-06-14 19:01:10.395830: I external/local_tsl/tsl/framework/bfc_allocator.cc:1095] InUse at 7fd5e8e0a100 of size 256 next 151
2025-06-14 19:01:10.396256: I external/local_tsl/tsl/framework/bfc_allocator.cc:1095] InUse at 7fd5e8e0a200 of size 256 next 153
2025-06-14 19:01:10.396738: I external/local_tsl/tsl/framework/bfc_allocator.cc:1095] InUse at 7fd5e8e0a300 of size 256 next 154
2025-06-14 19:01:10.397158: I external/local_tsl/tsl/framework/bfc_allocator.cc:1095] InUse at 7fd5e8e0a400 of size 256 next 155
2025-06-14 19:01:10.397594: I external/local_tsl/tsl/framework/bfc_allocator.cc:1095] InUse at 7fd5e8e0a500 of size 256 next 156
2025-06-14 19:01:10.398030: I external/local_tsl/tsl/framework/bfc_allocator.cc:1095] InUse at 7fd5e8e0a600 of size 256 next 157
2025-06-14 19:01:10.398488: I external/local_tsl/tsl/framework/bfc_allocator.cc:1095] InUse at 7fd5e8e0a700 of size 256 next 158
2025-06-14 19:01:10.398898: I external/local_tsl/tsl/framework/bfc_allocator.cc:1095] InUse at 7fd5e8e0a800 of size 256 next 160
2025-06-14 19:01:10.399335: I external/local_tsl/tsl/framework/bfc_allocator.cc:1095] InUse at 7fd5e8e0a900 of size 256 next 161
2025-06-14 19:01:10.399756: I external/local_tsl/tsl/framework/bfc_allocator.cc:1095] InUse at 7fd5e8e0aa00 of size 256 next 162
2025-06-14 19:01:10.400185: I external/local_tsl/tsl/framework/bfc_allocator.cc:1095] InUse at 7fd5e8e0ab00 of size 256 next 163
2025-06-14 19:01:10.400599: I external/local_tsl/tsl/framework/bfc_allocator.cc:1095] InUse at 7fd5e8e0ac00 of size 256 next 164
2025-06-14 19:01:10.401006: I external/local_tsl/tsl/framework/bfc_allocator.cc:1095] InUse at 7fd5e8e0ad00 of size 256 next 165
2025-06-14 19:01:10.401412: I external/local_tsl/tsl/framework/bfc_allocator.cc:1095] InUse at 7fd5e8e0ae00 of size 512 next 167
2025-06-14 19:01:10.401870: I external/local_tsl/tsl/framework/bfc_allocator.cc:1095] InUse at 7fd5e8e0b000 of size 512 next 168
2025-06-14 19:01:10.402290: I external/local_tsl/tsl/framework/bfc_allocator.cc:1095] InUse at 7fd5e8e0b200 of size 512 next 169
2025-06-14 19:01:10.402721: I external/local_tsl/tsl/framework/bfc_allocator.cc:1095] InUse at 7fd5e8e0b400 of size 512 next 170
2025-06-14 19:01:10.403166: I external/local_tsl/tsl/framework/bfc_allocator.cc:1095] InUse at 7fd5e8e0b600 of size 512 next 171
2025-06-14 19:01:10.403610: I external/local_tsl/tsl/framework/bfc_allocator.cc:1095] InUse at 7fd5e8e0b800 of size 512 next 172
2025-06-14 19:01:10.404043: I external/local_tsl/tsl/framework/bfc_allocator.cc:1095] InUse at 7fd5e8e0ba00 of size 512 next 174
2025-06-14 19:01:10.404457: I external/local_tsl/tsl/framework/bfc_allocator.cc:1095] InUse at 7fd5e8e0bc00 of size 512 next 175
2025-06-14 19:01:10.404853: I external/local_tsl/tsl/framework/bfc_allocator.cc:1095] InUse at 7fd5e8e0be00 of size 512 next 176
2025-06-14 19:01:10.405343: I external/local_tsl/tsl/framework/bfc_allocator.cc:1095] InUse at 7fd5e8e0c000 of size 512 next 177
2025-06-14 19:01:10.405800: I external/local_tsl/tsl/framework/bfc_allocator.cc:1095] InUse at 7fd5e8e0c200 of size 512 next 178
2025-06-14 19:01:10.406293: I external/local_tsl/tsl/framework/bfc_allocator.cc:1095] InUse at 7fd5e8e0c400 of size 512 next 179
2025-06-14 19:01:10.406770: I external/local_tsl/tsl/framework/bfc_allocator.cc:1095] InUse at 7fd5e8e0c600 of size 1024 next 181
2025-06-14 19:01:10.407223: I external/local_tsl/tsl/framework/bfc_allocator.cc:1095] InUse at 7fd5e8e0ca00 of size 1024 next 182
2025-06-14 19:01:10.407646: I external/local_tsl/tsl/framework/bfc_allocator.cc:1095] InUse at 7fd5e8e0ce00 of size 1024 next 183
2025-06-14 19:01:10.408052: I external/local_tsl/tsl/framework/bfc_allocator.cc:1095] InUse at 7fd5e8e0d200 of size 1024 next 184
2025-06-14 19:01:10.408496: I external/local_tsl/tsl/framework/bfc_allocator.cc:1095] InUse at 7fd5e8e0d600 of size 1024 next 185
2025-06-14 19:01:10.408934: I external/local_tsl/tsl/framework/bfc_allocator.cc:1095] InUse at 7fd5e8e0da00 of size 1024 next 186
2025-06-14 19:01:10.409354: I external/local_tsl/tsl/framework/bfc_allocator.cc:1095] InUse at 7fd5e8e0de00 of size 1024 next 188
2025-06-14 19:01:10.409754: I external/local_tsl/tsl/framework/bfc_allocator.cc:1095] InUse at 7fd5e8e0e200 of size 1024 next 189
2025-06-14 19:01:10.410262: I external/local_tsl/tsl/framework/bfc_allocator.cc:1095] InUse at 7fd5e8e0e600 of size 1024 next 190
2025-06-14 19:01:10.410748: I external/local_tsl/tsl/framework/bfc_allocator.cc:1095] InUse at 7fd5e8e0ea00 of size 1024 next 191
2025-06-14 19:01:10.411229: I external/local_tsl/tsl/framework/bfc_allocator.cc:1095] InUse at 7fd5e8e0ee00 of size 1024 next 192
2025-06-14 19:01:10.411715: I external/local_tsl/tsl/framework/bfc_allocator.cc:1095] InUse at 7fd5e8e0f200 of size 1024 next 193
2025-06-14 19:01:10.412143: I external/local_tsl/tsl/framework/bfc_allocator.cc:1095] InUse at 7fd5e8e0f600 of size 512 next 196
2025-06-14 19:01:10.412578: I external/local_tsl/tsl/framework/bfc_allocator.cc:1095] InUse at 7fd5e8e0f800 of size 512 next 197
2025-06-14 19:01:10.413042: I external/local_tsl/tsl/framework/bfc_allocator.cc:1095] InUse at 7fd5e8e0fa00 of size 512 next 199
2025-06-14 19:01:10.413493: I external/local_tsl/tsl/framework/bfc_allocator.cc:1095] InUse at 7fd5e8e0fc00 of size 512 next 200
2025-06-14 19:01:10.413918: I external/local_tsl/tsl/framework/bfc_allocator.cc:1095] InUse at 7fd5e8e0fe00 of size 512 next 201
2025-06-14 19:01:10.414362: I external/local_tsl/tsl/framework/bfc_allocator.cc:1095] InUse at 7fd5e8e10000 of size 512 next 202
2025-06-14 19:01:10.414774: I external/local_tsl/tsl/framework/bfc_allocator.cc:1095] InUse at 7fd5e8e10200 of size 512 next 203
2025-06-14 19:01:10.415185: I external/local_tsl/tsl/framework/bfc_allocator.cc:1095] InUse at 7fd5e8e10400 of size 512 next 204
2025-06-14 19:01:10.415622: I external/local_tsl/tsl/framework/bfc_allocator.cc:1095] InUse at 7fd5e8e10600 of size 512 next 207
2025-06-14 19:01:10.416092: I external/local_tsl/tsl/framework/bfc_allocator.cc:1095] InUse at 7fd5e8e10800 of size 512 next 208
2025-06-14 19:01:10.416532: I external/local_tsl/tsl/framework/bfc_allocator.cc:1095] InUse at 7fd5e8e10a00 of size 512 next 209
2025-06-14 19:01:10.417020: I external/local_tsl/tsl/framework/bfc_allocator.cc:1095] InUse at 7fd5e8e10c00 of size 512 next 210
2025-06-14 19:01:10.417441: I external/local_tsl/tsl/framework/bfc_allocator.cc:1095] InUse at 7fd5e8e10e00 of size 512 next 211
2025-06-14 19:01:10.417873: I external/local_tsl/tsl/framework/bfc_allocator.cc:1095] InUse at 7fd5e8e11000 of size 512 next 212
2025-06-14 19:01:10.418292: I external/local_tsl/tsl/framework/bfc_allocator.cc:1095] InUse at 7fd5e8e11200 of size 256 next 215
2025-06-14 19:01:10.418690: I external/local_tsl/tsl/framework/bfc_allocator.cc:1095] InUse at 7fd5e8e11300 of size 256 next 216
2025-06-14 19:01:10.419105: I external/local_tsl/tsl/framework/bfc_allocator.cc:1095] InUse at 7fd5e8e11400 of size 256 next 219
2025-06-14 19:01:10.419556: I external/local_tsl/tsl/framework/bfc_allocator.cc:1095] InUse at 7fd5e8e11500 of size 256 next 220
2025-06-14 19:01:10.419991: I external/local_tsl/tsl/framework/bfc_allocator.cc:1095] InUse at 7fd5e8e11600 of size 256 next 221
2025-06-14 19:01:10.420392: I external/local_tsl/tsl/framework/bfc_allocator.cc:1095] InUse at 7fd5e8e11700 of size 256 next 222
2025-06-14 19:01:10.420794: I external/local_tsl/tsl/framework/bfc_allocator.cc:1095] InUse at 7fd5e8e11800 of size 256 next 223
2025-06-14 19:01:10.421220: I external/local_tsl/tsl/framework/bfc_allocator.cc:1095] InUse at 7fd5e8e11900 of size 256 next 224
2025-06-14 19:01:10.421619: I external/local_tsl/tsl/framework/bfc_allocator.cc:1095] InUse at 7fd5e8e11a00 of size 256 next 227
2025-06-14 19:01:10.422014: I external/local_tsl/tsl/framework/bfc_allocator.cc:1095] InUse at 7fd5e8e11b00 of size 256 next 228
2025-06-14 19:01:10.422432: I external/local_tsl/tsl/framework/bfc_allocator.cc:1095] InUse at 7fd5e8e11c00 of size 256 next 229
2025-06-14 19:01:10.422845: I external/local_tsl/tsl/framework/bfc_allocator.cc:1095] InUse at 7fd5e8e11d00 of size 256 next 230
2025-06-14 19:01:10.423323: I external/local_tsl/tsl/framework/bfc_allocator.cc:1095] InUse at 7fd5e8e11e00 of size 256 next 231
2025-06-14 19:01:10.423755: I external/local_tsl/tsl/framework/bfc_allocator.cc:1095] InUse at 7fd5e8e11f00 of size 256 next 232
2025-06-14 19:01:10.424194: I external/local_tsl/tsl/framework/bfc_allocator.cc:1095] InUse at 7fd5e8e12000 of size 65536 next 233
2025-06-14 19:01:10.424583: I external/local_tsl/tsl/framework/bfc_allocator.cc:1095] InUse at 7fd5e8e22000 of size 95232 next 19
2025-06-14 19:01:10.425000: I external/local_tsl/tsl/framework/bfc_allocator.cc:1095] InUse at 7fd5e8e39400 of size 110592 next 18
2025-06-14 19:01:10.425343: I external/local_tsl/tsl/framework/bfc_allocator.cc:1095] InUse at 7fd5e8e54400 of size 65536 next 115
2025-06-14 19:01:10.425655: I external/local_tsl/tsl/framework/bfc_allocator.cc:1095] InUse at 7fd5e8e64400 of size 256 next 112
2025-06-14 19:01:10.426102: I external/local_tsl/tsl/framework/bfc_allocator.cc:1095] InUse at 7fd5e8e64500 of size 256 next 114
2025-06-14 19:01:10.426587: I external/local_tsl/tsl/framework/bfc_allocator.cc:1095] InUse at 7fd5e8e64600 of size 256 next 113
2025-06-14 19:01:10.427100: I external/local_tsl/tsl/framework/bfc_allocator.cc:1095] InUse at 7fd5e8e64700 of size 256 next 111
2025-06-14 19:01:10.427510: I external/local_tsl/tsl/framework/bfc_allocator.cc:1095] InUse at 7fd5e8e64800 of size 256 next 117
2025-06-14 19:01:10.428010: I external/local_tsl/tsl/framework/bfc_allocator.cc:1095] InUse at 7fd5e8e64900 of size 256 next 118
2025-06-14 19:01:10.428409: I external/local_tsl/tsl/framework/bfc_allocator.cc:1095] InUse at 7fd5e8e64a00 of size 256 next 120
2025-06-14 19:01:10.428828: I external/local_tsl/tsl/framework/bfc_allocator.cc:1095] InUse at 7fd5e8e64b00 of size 256 next 119
2025-06-14 19:01:10.429238: I external/local_tsl/tsl/framework/bfc_allocator.cc:1095] InUse at 7fd5e8e64c00 of size 256 next 121
2025-06-14 19:01:10.429685: I external/local_tsl/tsl/framework/bfc_allocator.cc:1095] InUse at 7fd5e8e64d00 of size 256 next 123
2025-06-14 19:01:10.430088: I external/local_tsl/tsl/framework/bfc_allocator.cc:1095] InUse at 7fd5e8e64e00 of size 256 next 124
2025-06-14 19:01:10.430507: I external/local_tsl/tsl/framework/bfc_allocator.cc:1095] InUse at 7fd5e8e64f00 of size 256 next 125
2025-06-14 19:01:10.430968: I external/local_tsl/tsl/framework/bfc_allocator.cc:1095] InUse at 7fd5e8e65000 of size 256 next 126
2025-06-14 19:01:10.431536: I external/local_tsl/tsl/framework/bfc_allocator.cc:1095] InUse at 7fd5e8e65100 of size 256 next 128
2025-06-14 19:01:10.431956: I external/local_tsl/tsl/framework/bfc_allocator.cc:1095] InUse at 7fd5e8e65200 of size 256 next 127
2025-06-14 19:01:10.432384: I external/local_tsl/tsl/framework/bfc_allocator.cc:1095] InUse at 7fd5e8e65300 of size 256 next 129
2025-06-14 19:01:10.432780: I external/local_tsl/tsl/framework/bfc_allocator.cc:1095] InUse at 7fd5e8e65400 of size 256 next 130
2025-06-14 19:01:10.433264: I external/local_tsl/tsl/framework/bfc_allocator.cc:1095] InUse at 7fd5e8e65500 of size 256 next 131
2025-06-14 19:01:10.433659: I external/local_tsl/tsl/framework/bfc_allocator.cc:1095] InUse at 7fd5e8e65600 of size 256 next 132
2025-06-14 19:01:10.434080: I external/local_tsl/tsl/framework/bfc_allocator.cc:1095] InUse at 7fd5e8e65700 of size 256 next 133
2025-06-14 19:01:10.434517: I external/local_tsl/tsl/framework/bfc_allocator.cc:1095] InUse at 7fd5e8e65800 of size 256 next 137
2025-06-14 19:01:10.434959: I external/local_tsl/tsl/framework/bfc_allocator.cc:1095] InUse at 7fd5e8e65900 of size 256 next 136
2025-06-14 19:01:10.435361: I external/local_tsl/tsl/framework/bfc_allocator.cc:1095] InUse at 7fd5e8e65a00 of size 3584 next 138
2025-06-14 19:01:10.435782: I external/local_tsl/tsl/framework/bfc_allocator.cc:1095] InUse at 7fd5e8e66800 of size 3584 next 139
2025-06-14 19:01:10.436212: I external/local_tsl/tsl/framework/bfc_allocator.cc:1095] InUse at 7fd5e8e67600 of size 256 next 140
2025-06-14 19:01:10.436690: I external/local_tsl/tsl/framework/bfc_allocator.cc:1095] InUse at 7fd5e8e67700 of size 256 next 141
2025-06-14 19:01:10.437127: I external/local_tsl/tsl/framework/bfc_allocator.cc:1095] InUse at 7fd5e8e67800 of size 256 next 142
2025-06-14 19:01:10.437538: I external/local_tsl/tsl/framework/bfc_allocator.cc:1095] InUse at 7fd5e8e67900 of size 256 next 143
2025-06-14 19:01:10.438019: I external/local_tsl/tsl/framework/bfc_allocator.cc:1095] InUse at 7fd5e8e67a00 of size 256 next 144
2025-06-14 19:01:10.438565: I external/local_tsl/tsl/framework/bfc_allocator.cc:1095] InUse at 7fd5e8e67b00 of size 256 next 145
2025-06-14 19:01:10.438985: I external/local_tsl/tsl/framework/bfc_allocator.cc:1095] InUse at 7fd5e8e67c00 of size 141312 next 27
2025-06-14 19:01:10.439349: I external/local_tsl/tsl/framework/bfc_allocator.cc:1095] InUse at 7fd5e8e8a400 of size 221184 next 26
2025-06-14 19:01:10.439693: I external/local_tsl/tsl/framework/bfc_allocator.cc:1095] InUse at 7fd5e8ec0400 of size 442368 next 159
2025-06-14 19:01:10.440045: I external/local_tsl/tsl/framework/bfc_allocator.cc:1095] InUse at 7fd5e8f2c400 of size 867328 next 18446744073709551615
2025-06-14 19:01:10.440406: I external/local_tsl/tsl/framework/bfc_allocator.cc:1075] Next region of size 4194304
2025-06-14 19:01:10.440841: I external/local_tsl/tsl/framework/bfc_allocator.cc:1095] InUse at 7fd5e9400000 of size 442368 next 37
2025-06-14 19:01:10.441199: I external/local_tsl/tsl/framework/bfc_allocator.cc:1095] InUse at 7fd5e946c000 of size 221184 next 116
2025-06-14 19:01:10.441534: I external/local_tsl/tsl/framework/bfc_allocator.cc:1095] InUse at 7fd5e94a2000 of size 110592 next 122
2025-06-14 19:01:10.441864: I external/local_tsl/tsl/framework/bfc_allocator.cc:1095] InUse at 7fd5e94bd000 of size 192512 next 99
2025-06-14 19:01:10.442217: I external/local_tsl/tsl/framework/bfc_allocator.cc:1095] InUse at 7fd5e94ec000 of size 360448 next 44
2025-06-14 19:01:10.442564: I external/local_tsl/tsl/framework/bfc_allocator.cc:1095] InUse at 7fd5e9544000 of size 884736 next 43
2025-06-14 19:01:10.442932: I external/local_tsl/tsl/framework/bfc_allocator.cc:1095] InUse at 7fd5e961c000 of size 1982464 next 18446744073709551615
2025-06-14 19:01:10.443282: I external/local_tsl/tsl/framework/bfc_allocator.cc:1075] Next region of size 8388608
2025-06-14 19:01:10.443723: I external/local_tsl/tsl/framework/bfc_allocator.cc:1095] InUse at 7fd5e9800000 of size 884736 next 166
2025-06-14 19:01:10.444074: I external/local_tsl/tsl/framework/bfc_allocator.cc:1095] InUse at 7fd5e98d8000 of size 884736 next 54
2025-06-14 19:01:10.444383: I external/local_tsl/tsl/framework/bfc_allocator.cc:1095] InUse at 7fd5e99b0000 of size 1769472 next 52
2025-06-14 19:01:10.444685: I external/local_tsl/tsl/framework/bfc_allocator.cc:1095] InUse at 7fd5e9b60000 of size 4849664 next 18446744073709551615
2025-06-14 19:01:10.445025: I external/local_tsl/tsl/framework/bfc_allocator.cc:1100]      Summary of in-use Chunks by size: 
2025-06-14 19:01:10.445468: I external/local_tsl/tsl/framework/bfc_allocator.cc:1103] 155 Chunks of size 256 totalling 38.8KiB
2025-06-14 19:01:10.445908: I external/local_tsl/tsl/framework/bfc_allocator.cc:1103] 55 Chunks of size 512 totalling 27.5KiB
2025-06-14 19:01:10.446328: I external/local_tsl/tsl/framework/bfc_allocator.cc:1103] 26 Chunks of size 1024 totalling 26.0KiB
2025-06-14 19:01:10.446776: I external/local_tsl/tsl/framework/bfc_allocator.cc:1103] 1 Chunks of size 1280 totalling 1.2KiB
2025-06-14 19:01:10.447262: I external/local_tsl/tsl/framework/bfc_allocator.cc:1103] 3 Chunks of size 3584 totalling 10.5KiB
2025-06-14 19:01:10.447709: I external/local_tsl/tsl/framework/bfc_allocator.cc:1103] 2 Chunks of size 65536 totalling 128.0KiB
2025-06-14 19:01:10.448148: I external/local_tsl/tsl/framework/bfc_allocator.cc:1103] 1 Chunks of size 95232 totalling 93.0KiB
2025-06-14 19:01:10.448557: I external/local_tsl/tsl/framework/bfc_allocator.cc:1103] 4 Chunks of size 110592 totalling 432.0KiB
2025-06-14 19:01:10.449023: I external/local_tsl/tsl/framework/bfc_allocator.cc:1103] 1 Chunks of size 141312 totalling 138.0KiB
2025-06-14 19:01:10.449447: I external/local_tsl/tsl/framework/bfc_allocator.cc:1103] 1 Chunks of size 192512 totalling 188.0KiB
2025-06-14 19:01:10.449944: I external/local_tsl/tsl/framework/bfc_allocator.cc:1103] 6 Chunks of size 221184 totalling 1.27MiB
2025-06-14 19:01:10.450427: I external/local_tsl/tsl/framework/bfc_allocator.cc:1103] 2 Chunks of size 262144 totalling 512.0KiB
2025-06-14 19:01:10.450890: I external/local_tsl/tsl/framework/bfc_allocator.cc:1103] 1 Chunks of size 360448 totalling 352.0KiB
2025-06-14 19:01:10.451335: I external/local_tsl/tsl/framework/bfc_allocator.cc:1103] 5 Chunks of size 442368 totalling 2.11MiB
2025-06-14 19:01:10.451761: I external/local_tsl/tsl/framework/bfc_allocator.cc:1103] 1 Chunks of size 867328 totalling 847.0KiB
2025-06-14 19:01:10.452188: I external/local_tsl/tsl/framework/bfc_allocator.cc:1103] 6 Chunks of size 884736 totalling 5.06MiB
2025-06-14 19:01:10.452645: I external/local_tsl/tsl/framework/bfc_allocator.cc:1103] 2 Chunks of size 1048576 totalling 2.00MiB
2025-06-14 19:01:10.453048: I external/local_tsl/tsl/framework/bfc_allocator.cc:1103] 6 Chunks of size 1769472 totalling 10.12MiB
2025-06-14 19:01:10.453475: I external/local_tsl/tsl/framework/bfc_allocator.cc:1103] 1 Chunks of size 1982464 totalling 1.89MiB
2025-06-14 19:01:10.453936: I external/local_tsl/tsl/framework/bfc_allocator.cc:1103] 4 Chunks of size 3538944 totalling 13.50MiB
2025-06-14 19:01:10.454382: I external/local_tsl/tsl/framework/bfc_allocator.cc:1103] 1 Chunks of size 4063232 totalling 3.88MiB
2025-06-14 19:01:10.454787: I external/local_tsl/tsl/framework/bfc_allocator.cc:1103] 1 Chunks of size 4849664 totalling 4.62MiB
2025-06-14 19:01:10.455223: I external/local_tsl/tsl/framework/bfc_allocator.cc:1103] 2 Chunks of size 7077888 totalling 13.50MiB
2025-06-14 19:01:10.455622: I external/local_tsl/tsl/framework/bfc_allocator.cc:1103] 1 Chunks of size 12320768 totalling 11.75MiB
2025-06-14 19:01:10.456021: I external/local_tsl/tsl/framework/bfc_allocator.cc:1103] 2 Chunks of size 15138816 totalling 28.88MiB
2025-06-14 19:01:10.456351: I external/local_tsl/tsl/framework/bfc_allocator.cc:1103] 4 Chunks of size 30277632 totalling 115.50MiB
2025-06-14 19:01:10.456694: I external/local_tsl/tsl/framework/bfc_allocator.cc:1103] 2 Chunks of size 60555264 totalling 115.50MiB
2025-06-14 19:01:10.457025: I external/local_tsl/tsl/framework/bfc_allocator.cc:1103] 1 Chunks of size 73662464 totalling 70.25MiB
2025-06-14 19:01:10.457420: I external/local_tsl/tsl/framework/bfc_allocator.cc:1103] 1 Chunks of size 116654080 totalling 111.25MiB
2025-06-14 19:01:10.457743: I external/local_tsl/tsl/framework/bfc_allocator.cc:1103] 6 Chunks of size 121110528 totalling 693.00MiB
2025-06-14 19:01:10.458092: I external/local_tsl/tsl/framework/bfc_allocator.cc:1103] 2 Chunks of size 209715200 totalling 400.00MiB
2025-06-14 19:01:10.458411: I external/local_tsl/tsl/framework/bfc_allocator.cc:1103] 3 Chunks of size 242221056 totalling 693.00MiB
2025-06-14 19:01:10.458809: I external/local_tsl/tsl/framework/bfc_allocator.cc:1103] 8 Chunks of size 484442112 totalling 3.61GiB
2025-06-14 19:01:10.459156: I external/local_tsl/tsl/framework/bfc_allocator.cc:1103] 1 Chunks of size 968884224 totalling 924.00MiB
2025-06-14 19:01:10.459474: I external/local_tsl/tsl/framework/bfc_allocator.cc:1103] 6 Chunks of size 1937768448 totalling 10.83GiB
2025-06-14 19:01:10.459808: I external/local_tsl/tsl/framework/bfc_allocator.cc:1107] Sum Total of in-use chunks: 17.58GiB
2025-06-14 19:01:10.460262: I external/local_tsl/tsl/framework/bfc_allocator.cc:1109] Total bytes in pool: 23575789568 memory_limit_: 23575789568 available bytes: 0 curr_region_allocation_bytes_: 34359738368
2025-06-14 19:01:10.460585: I external/local_tsl/tsl/framework/bfc_allocator.cc:1114] Stats: 
Limit:                     23575789568
InUse:                     18882553856
MaxInUse:                  22800760320
NumAllocs:                         912
MaxAllocSize:               4135495424
Reserved:                            0
PeakReserved:                        0
LargestFreeBlock:                    0

2025-06-14 19:01:10.460978: W external/local_tsl/tsl/framework/bfc_allocator.cc:497] ________*********________************************************_**************************************
2025-06-14 19:01:10.461324: W tensorflow/core/framework/op_kernel.cc:1839] OP_REQUIRES failed at concat_op.cc:165 : RESOURCE_EXHAUSTED: OOM when allocating tensor with shape[2,64,192,224,176] and type float on /job:localhost/replica:0/task:0/device:GPU:0 by allocator GPU_0_bfc
Traceback (most recent call last):
  File "/mnt/beegfs/hellgate/home/rb194958e/stroke_segmentation_sota/batch_wise_train.py", line 277, in <module>
    if main():
       ^^^^^^
  File "/mnt/beegfs/hellgate/home/rb194958e/stroke_segmentation_sota/batch_wise_train.py", line 256, in main
    history = model.fit(
              ^^^^^^^^^^
  File "/mnt/beegfs/hellgate/home/rb194958e/.conda/envs/tf215_env/lib/python3.11/site-packages/keras/src/utils/traceback_utils.py", line 70, in error_handler
    raise e.with_traceback(filtered_tb) from None
  File "/mnt/beegfs/hellgate/home/rb194958e/.conda/envs/tf215_env/lib/python3.11/site-packages/tensorflow/python/eager/execute.py", line 53, in quick_execute
    tensors = pywrap_tfe.TFE_Py_Execute(ctx._handle, device_name, op_name,
  ^^^^^^^^^^^^^^^^^^^^^^^^^^^^^^^^^^^^^^^^^^^^^^^^^^^^^^^^^^^^^^^^^^^^^^^^
tensorflow.python.framework.errors_impl.ResourceExhaustedError: Graph execution error:

Detected at node model/concatenate_2/concat defined at (most recent call last):
  File "/mnt/beegfs/hellgate/home/rb194958e/stroke_segmentation_sota/batch_wise_train.py", line 277, in <module>

  File "/mnt/beegfs/hellgate/home/rb194958e/stroke_segmentation_sota/batch_wise_train.py", line 256, in main

  File "/mnt/beegfs/hellgate/home/rb194958e/.conda/envs/tf215_env/lib/python3.11/site-packages/keras/src/utils/traceback_utils.py", line 65, in error_handler

  File "/mnt/beegfs/hellgate/home/rb194958e/.conda/envs/tf215_env/lib/python3.11/site-packages/keras/src/engine/training.py", line 1807, in fit

  File "/mnt/beegfs/hellgate/home/rb194958e/.conda/envs/tf215_env/lib/python3.11/site-packages/keras/src/engine/training.py", line 1401, in train_function

  File "/mnt/beegfs/hellgate/home/rb194958e/.conda/envs/tf215_env/lib/python3.11/site-packages/keras/src/engine/training.py", line 1384, in step_function

  File "/mnt/beegfs/hellgate/home/rb194958e/.conda/envs/tf215_env/lib/python3.11/site-packages/keras/src/engine/training.py", line 1373, in run_step

  File "/mnt/beegfs/hellgate/home/rb194958e/.conda/envs/tf215_env/lib/python3.11/site-packages/keras/src/engine/training.py", line 1150, in train_step

  File "/mnt/beegfs/hellgate/home/rb194958e/.conda/envs/tf215_env/lib/python3.11/site-packages/keras/src/utils/traceback_utils.py", line 65, in error_handler

  File "/mnt/beegfs/hellgate/home/rb194958e/.conda/envs/tf215_env/lib/python3.11/site-packages/keras/src/engine/training.py", line 590, in __call__

  File "/mnt/beegfs/hellgate/home/rb194958e/.conda/envs/tf215_env/lib/python3.11/site-packages/keras/src/utils/traceback_utils.py", line 65, in error_handler

  File "/mnt/beegfs/hellgate/home/rb194958e/.conda/envs/tf215_env/lib/python3.11/site-packages/keras/src/engine/base_layer.py", line 1149, in __call__

  File "/mnt/beegfs/hellgate/home/rb194958e/.conda/envs/tf215_env/lib/python3.11/site-packages/keras/src/utils/traceback_utils.py", line 96, in error_handler

  File "/mnt/beegfs/hellgate/home/rb194958e/.conda/envs/tf215_env/lib/python3.11/site-packages/keras/src/engine/functional.py", line 515, in call

  File "/mnt/beegfs/hellgate/home/rb194958e/.conda/envs/tf215_env/lib/python3.11/site-packages/keras/src/engine/functional.py", line 672, in _run_internal_graph

  File "/mnt/beegfs/hellgate/home/rb194958e/.conda/envs/tf215_env/lib/python3.11/site-packages/keras/src/utils/traceback_utils.py", line 65, in error_handler

  File "/mnt/beegfs/hellgate/home/rb194958e/.conda/envs/tf215_env/lib/python3.11/site-packages/keras/src/engine/base_layer.py", line 1149, in __call__

  File "/mnt/beegfs/hellgate/home/rb194958e/.conda/envs/tf215_env/lib/python3.11/site-packages/keras/src/utils/traceback_utils.py", line 96, in error_handler

  File "/mnt/beegfs/hellgate/home/rb194958e/.conda/envs/tf215_env/lib/python3.11/site-packages/keras/src/layers/merging/base_merge.py", line 196, in call

  File "/mnt/beegfs/hellgate/home/rb194958e/.conda/envs/tf215_env/lib/python3.11/site-packages/keras/src/layers/merging/concatenate.py", line 134, in _merge_function

  File "/mnt/beegfs/hellgate/home/rb194958e/.conda/envs/tf215_env/lib/python3.11/site-packages/keras/src/backend.py", line 3580, in concatenate

OOM when allocating tensor with shape[2,64,192,224,176] and type float on /job:localhost/replica:0/task:0/device:GPU:0 by allocator GPU_0_bfc
	 [[{{node model/concatenate_2/concat}}]]
Hint: If you want to see a list of allocated tensors when OOM happens, add report_tensor_allocations_upon_oom to RunOptions for current allocation info. This isn't available when running in Eager mode.
 [Op:__inference_train_function_7309]
2025-06-14 19:01:10.613709: W tensorflow/core/kernels/data/generator_dataset_op.cc:108] Error occurred when finalizing GeneratorDataset iterator: FAILED_PRECONDITION: Python interpreter state is not initialized. The process may be terminated.
	 [[{{node PyFunc}}]]
/var/spool/slurmd/job1123966/slurm_script: line 320: EOF: command not found
/var/spool/slurmd/job1123966/slurm_script: line 330: unexpected EOF while looking for matching ``'
/var/spool/slurmd/job1123966/slurm_script: line 339: syntax error: unexpected end of file
