2025-06-15 01:29:06.232113: I tensorflow/core/util/port.cc:113] oneDNN custom operations are on. You may see slightly different numerical results due to floating-point round-off errors from different computation orders. To turn them off, set the environment variable `TF_ENABLE_ONEDNN_OPTS=0`.
2025-06-15 01:29:06.975401: E external/local_xla/xla/stream_executor/cuda/cuda_dnn.cc:9261] Unable to register cuDNN factory: Attempting to register factory for plugin cuDNN when one has already been registered
2025-06-15 01:29:06.976044: E external/local_xla/xla/stream_executor/cuda/cuda_fft.cc:607] Unable to register cuFFT factory: Attempting to register factory for plugin cuFFT when one has already been registered
2025-06-15 01:29:07.089972: E external/local_xla/xla/stream_executor/cuda/cuda_blas.cc:1515] Unable to register cuBLAS factory: Attempting to register factory for plugin cuBLAS when one has already been registered
2025-06-15 01:29:07.349880: I tensorflow/core/platform/cpu_feature_guard.cc:182] This TensorFlow binary is optimized to use available CPU instructions in performance-critical operations.
To enable the following instructions: AVX2 AVX512F AVX512_VNNI FMA, in other operations, rebuild TensorFlow with the appropriate compiler flags.
2025-06-15 01:29:14.148605: W tensorflow/compiler/tf2tensorrt/utils/py_utils.cc:38] TF-TRT Warning: Could not find TensorRT
INFO:__main__:🚀 Starting Stroke Lesion Segmentation Training
INFO:__main__:Using 1 GPU(s)
INFO:__main__:Creating data generators...
INFO:__main__:Found 655 valid image/mask pairs
INFO:__main__:Found 655 valid image/mask pairs
INFO:__main__:Training batches: 262
INFO:__main__:Validation batches: 65
INFO:__main__:Building model...
2025-06-15 01:29:28.716965: I tensorflow/core/common_runtime/gpu/gpu_device.cc:1929] Created device /job:localhost/replica:0/task:0/device:GPU:0 with 22483 MB memory:  -> device: 0, name: NVIDIA RTX 4500 Ada Generation, pci bus id: 0000:1c:00.0, compute capability: 8.9
INFO:__main__:Model parameters: 5,605,345
INFO:__main__:Starting training...
pixdim[0] (qfac) should be 1 (default) or -1; setting qfac to 1
INFO:nibabel.global:pixdim[0] (qfac) should be 1 (default) or -1; setting qfac to 1
pixdim[0] (qfac) should be 1 (default) or -1; setting qfac to 1
INFO:nibabel.global:pixdim[0] (qfac) should be 1 (default) or -1; setting qfac to 1
pixdim[0] (qfac) should be 1 (default) or -1; setting qfac to 1
INFO:nibabel.global:pixdim[0] (qfac) should be 1 (default) or -1; setting qfac to 1
pixdim[0] (qfac) should be 1 (default) or -1; setting qfac to 1
INFO:nibabel.global:pixdim[0] (qfac) should be 1 (default) or -1; setting qfac to 1
2025-06-15 01:29:36.232405: I external/local_xla/xla/stream_executor/cuda/cuda_dnn.cc:454] Loaded cuDNN version 8907
pixdim[0] (qfac) should be 1 (default) or -1; setting qfac to 1
INFO:nibabel.global:pixdim[0] (qfac) should be 1 (default) or -1; setting qfac to 1
pixdim[0] (qfac) should be 1 (default) or -1; setting qfac to 1
INFO:nibabel.global:pixdim[0] (qfac) should be 1 (default) or -1; setting qfac to 1
pixdim[0] (qfac) should be 1 (default) or -1; setting qfac to 1
INFO:nibabel.global:pixdim[0] (qfac) should be 1 (default) or -1; setting qfac to 1
pixdim[0] (qfac) should be 1 (default) or -1; setting qfac to 1
INFO:nibabel.global:pixdim[0] (qfac) should be 1 (default) or -1; setting qfac to 1
2025-06-15 01:29:52.677097: W external/local_tsl/tsl/framework/bfc_allocator.cc:296] Allocator (GPU_0_bfc) ran out of memory trying to allocate 2.27GiB with freed_by_count=0. The caller indicates that this is not a failure, but this may mean that there could be performance gains if more memory were available.
2025-06-15 01:29:52.778349: W external/local_tsl/tsl/framework/bfc_allocator.cc:296] Allocator (GPU_0_bfc) ran out of memory trying to allocate 2.30GiB with freed_by_count=0. The caller indicates that this is not a failure, but this may mean that there could be performance gains if more memory were available.
2025-06-15 01:29:52.779242: W external/local_tsl/tsl/framework/bfc_allocator.cc:296] Allocator (GPU_0_bfc) ran out of memory trying to allocate 2.27GiB with freed_by_count=0. The caller indicates that this is not a failure, but this may mean that there could be performance gains if more memory were available.
2025-06-15 01:29:53.400024: W external/local_tsl/tsl/framework/bfc_allocator.cc:296] Allocator (GPU_0_bfc) ran out of memory trying to allocate 2.27GiB with freed_by_count=0. The caller indicates that this is not a failure, but this may mean that there could be performance gains if more memory were available.
2025-06-15 01:29:53.453534: W external/local_tsl/tsl/framework/bfc_allocator.cc:296] Allocator (GPU_0_bfc) ran out of memory trying to allocate 2.30GiB with freed_by_count=0. The caller indicates that this is not a failure, but this may mean that there could be performance gains if more memory were available.
2025-06-15 01:29:53.454425: W external/local_tsl/tsl/framework/bfc_allocator.cc:296] Allocator (GPU_0_bfc) ran out of memory trying to allocate 2.27GiB with freed_by_count=0. The caller indicates that this is not a failure, but this may mean that there could be performance gains if more memory were available.
2025-06-15 01:30:04.078023: W external/local_tsl/tsl/framework/bfc_allocator.cc:485] Allocator (GPU_0_bfc) ran out of memory trying to allocate 3.61GiB (rounded to 3875536896)requested by op model/concatenate_2/concat
If the cause is memory fragmentation maybe the environment variable 'TF_GPU_ALLOCATOR=cuda_malloc_async' will improve the situation. 
Current allocation summary follows.
Current allocation summary follows.
2025-06-15 01:30:04.079161: I external/local_tsl/tsl/framework/bfc_allocator.cc:1039] BFCAllocator dump for GPU_0_bfc
2025-06-15 01:30:04.079931: I external/local_tsl/tsl/framework/bfc_allocator.cc:1046] Bin (256): 	Total Chunks: 155, Chunks in use: 155. 38.8KiB allocated for chunks. 38.8KiB in use in bin. 20.7KiB client-requested in use in bin.
2025-06-15 01:30:04.080464: I external/local_tsl/tsl/framework/bfc_allocator.cc:1046] Bin (512): 	Total Chunks: 56, Chunks in use: 55. 28.2KiB allocated for chunks. 27.8KiB in use in bin. 27.5KiB client-requested in use in bin.
2025-06-15 01:30:04.080855: I external/local_tsl/tsl/framework/bfc_allocator.cc:1046] Bin (1024): 	Total Chunks: 27, Chunks in use: 27. 27.2KiB allocated for chunks. 27.2KiB in use in bin. 27.0KiB client-requested in use in bin.
2025-06-15 01:30:04.081240: I external/local_tsl/tsl/framework/bfc_allocator.cc:1046] Bin (2048): 	Total Chunks: 3, Chunks in use: 3. 10.5KiB allocated for chunks. 10.5KiB in use in bin. 10.1KiB client-requested in use in bin.
2025-06-15 01:30:04.081632: I external/local_tsl/tsl/framework/bfc_allocator.cc:1046] Bin (4096): 	Total Chunks: 0, Chunks in use: 0. 0B allocated for chunks. 0B in use in bin. 0B client-requested in use in bin.
2025-06-15 01:30:04.082016: I external/local_tsl/tsl/framework/bfc_allocator.cc:1046] Bin (8192): 	Total Chunks: 0, Chunks in use: 0. 0B allocated for chunks. 0B in use in bin. 0B client-requested in use in bin.
2025-06-15 01:30:04.082398: I external/local_tsl/tsl/framework/bfc_allocator.cc:1046] Bin (16384): 	Total Chunks: 0, Chunks in use: 0. 0B allocated for chunks. 0B in use in bin. 0B client-requested in use in bin.
2025-06-15 01:30:04.082787: I external/local_tsl/tsl/framework/bfc_allocator.cc:1046] Bin (32768): 	Total Chunks: 0, Chunks in use: 0. 0B allocated for chunks. 0B in use in bin. 0B client-requested in use in bin.
2025-06-15 01:30:04.083139: I external/local_tsl/tsl/framework/bfc_allocator.cc:1046] Bin (65536): 	Total Chunks: 7, Chunks in use: 7. 653.0KiB allocated for chunks. 653.0KiB in use in bin. 624.0KiB client-requested in use in bin.
2025-06-15 01:30:04.083552: I external/local_tsl/tsl/framework/bfc_allocator.cc:1046] Bin (131072): 	Total Chunks: 8, Chunks in use: 8. 1.58MiB allocated for chunks. 1.58MiB in use in bin. 1.48MiB client-requested in use in bin.
2025-06-15 01:30:04.083902: I external/local_tsl/tsl/framework/bfc_allocator.cc:1046] Bin (262144): 	Total Chunks: 8, Chunks in use: 8. 2.95MiB allocated for chunks. 2.95MiB in use in bin. 2.86MiB client-requested in use in bin.
2025-06-15 01:30:04.084234: I external/local_tsl/tsl/framework/bfc_allocator.cc:1046] Bin (524288): 	Total Chunks: 7, Chunks in use: 7. 5.89MiB allocated for chunks. 5.89MiB in use in bin. 5.48MiB client-requested in use in bin.
2025-06-15 01:30:04.084580: I external/local_tsl/tsl/framework/bfc_allocator.cc:1046] Bin (1048576): 	Total Chunks: 9, Chunks in use: 9. 14.02MiB allocated for chunks. 14.02MiB in use in bin. 13.12MiB client-requested in use in bin.
2025-06-15 01:30:04.084935: I external/local_tsl/tsl/framework/bfc_allocator.cc:1046] Bin (2097152): 	Total Chunks: 5, Chunks in use: 5. 17.38MiB allocated for chunks. 17.38MiB in use in bin. 16.88MiB client-requested in use in bin.
2025-06-15 01:30:04.085327: I external/local_tsl/tsl/framework/bfc_allocator.cc:1046] Bin (4194304): 	Total Chunks: 3, Chunks in use: 3. 18.12MiB allocated for chunks. 18.12MiB in use in bin. 16.88MiB client-requested in use in bin.
2025-06-15 01:30:04.085660: I external/local_tsl/tsl/framework/bfc_allocator.cc:1046] Bin (8388608): 	Total Chunks: 3, Chunks in use: 3. 40.62MiB allocated for chunks. 40.62MiB in use in bin. 35.62MiB client-requested in use in bin.
2025-06-15 01:30:04.085986: I external/local_tsl/tsl/framework/bfc_allocator.cc:1046] Bin (16777216): 	Total Chunks: 5, Chunks in use: 4. 140.19MiB allocated for chunks. 115.50MiB in use in bin. 115.50MiB client-requested in use in bin.
2025-06-15 01:30:04.086329: I external/local_tsl/tsl/framework/bfc_allocator.cc:1046] Bin (33554432): 	Total Chunks: 2, Chunks in use: 2. 115.50MiB allocated for chunks. 115.50MiB in use in bin. 115.50MiB client-requested in use in bin.
2025-06-15 01:30:04.086661: I external/local_tsl/tsl/framework/bfc_allocator.cc:1046] Bin (67108864): 	Total Chunks: 8, Chunks in use: 8. 874.50MiB allocated for chunks. 874.50MiB in use in bin. 808.50MiB client-requested in use in bin.
2025-06-15 01:30:04.086998: I external/local_tsl/tsl/framework/bfc_allocator.cc:1046] Bin (134217728): 	Total Chunks: 5, Chunks in use: 5. 1.07GiB allocated for chunks. 1.07GiB in use in bin. 924.00MiB client-requested in use in bin.
2025-06-15 01:30:04.087345: I external/local_tsl/tsl/framework/bfc_allocator.cc:1046] Bin (268435456): 	Total Chunks: 18, Chunks in use: 15. 19.69GiB allocated for chunks. 15.34GiB in use in bin. 15.34GiB client-requested in use in bin.
2025-06-15 01:30:04.087708: I external/local_tsl/tsl/framework/bfc_allocator.cc:1062] Bin for 3.61GiB was 256.00MiB, Chunk State: 
2025-06-15 01:30:04.088069: I external/local_tsl/tsl/framework/bfc_allocator.cc:1068]   Size: 453.50MiB | Requested Size: 16.00MiB | in_use: 0 | bin_num: 20, prev:   Size: 462.00MiB | Requested Size: 462.00MiB | in_use: 1 | bin_num: -1
2025-06-15 01:30:04.088474: I external/local_tsl/tsl/framework/bfc_allocator.cc:1068]   Size: 1.80GiB | Requested Size: 1.80GiB | in_use: 0 | bin_num: 20, next:   Size: 1.80GiB | Requested Size: 1.80GiB | in_use: 1 | bin_num: -1
2025-06-15 01:30:04.088799: I external/local_tsl/tsl/framework/bfc_allocator.cc:1068]   Size: 2.10GiB | Requested Size: 1.82GiB | in_use: 0 | bin_num: 20, prev:   Size: 1.80GiB | Requested Size: 1.80GiB | in_use: 1 | bin_num: -1
2025-06-15 01:30:04.089190: I external/local_tsl/tsl/framework/bfc_allocator.cc:1075] Next region of size 6129582080
2025-06-15 01:30:04.089619: I external/local_tsl/tsl/framework/bfc_allocator.cc:1095] Free  at 7fac46000000 of size 1937768448 next 107
2025-06-15 01:30:04.089944: I external/local_tsl/tsl/framework/bfc_allocator.cc:1095] InUse at 7facb9800000 of size 1937768448 next 329
2025-06-15 01:30:04.090358: I external/local_tsl/tsl/framework/bfc_allocator.cc:1095] Free  at 7fad2d000000 of size 2254045184 next 18446744073709551615
2025-06-15 01:30:04.090773: I external/local_tsl/tsl/framework/bfc_allocator.cc:1075] Next region of size 8589934592
2025-06-15 01:30:04.091210: I external/local_tsl/tsl/framework/bfc_allocator.cc:1095] InUse at 7fadde000000 of size 1937768448 next 282
2025-06-15 01:30:04.091555: I external/local_tsl/tsl/framework/bfc_allocator.cc:1095] InUse at 7fae51800000 of size 242221056 next 283
2025-06-15 01:30:04.091897: I external/local_tsl/tsl/framework/bfc_allocator.cc:1095] InUse at 7fae5ff00000 of size 484442112 next 284
2025-06-15 01:30:04.092305: I external/local_tsl/tsl/framework/bfc_allocator.cc:1095] InUse at 7fae7cd00000 of size 484442112 next 285
2025-06-15 01:30:04.092637: I external/local_tsl/tsl/framework/bfc_allocator.cc:1095] InUse at 7fae99b00000 of size 484442112 next 29
2025-06-15 01:30:04.093003: I external/local_tsl/tsl/framework/bfc_allocator.cc:1095] InUse at 7faeb6900000 of size 484442112 next 289
2025-06-15 01:30:04.093379: I external/local_tsl/tsl/framework/bfc_allocator.cc:1095] InUse at 7faed3700000 of size 484442112 next 293
2025-06-15 01:30:04.093748: I external/local_tsl/tsl/framework/bfc_allocator.cc:1095] InUse at 7faef0500000 of size 121110528 next 47
2025-06-15 01:30:04.094111: I external/local_tsl/tsl/framework/bfc_allocator.cc:1095] InUse at 7faef7880000 of size 121110528 next 296
2025-06-15 01:30:04.094507: I external/local_tsl/tsl/framework/bfc_allocator.cc:1095] InUse at 7faefec00000 of size 121110528 next 300
2025-06-15 01:30:04.094913: I external/local_tsl/tsl/framework/bfc_allocator.cc:1095] InUse at 7faf05f80000 of size 30277632 next 302
2025-06-15 01:30:04.095321: I external/local_tsl/tsl/framework/bfc_allocator.cc:1095] InUse at 7faf07c60000 of size 30277632 next 303
2025-06-15 01:30:04.095667: I external/local_tsl/tsl/framework/bfc_allocator.cc:1095] InUse at 7faf09940000 of size 30277632 next 66
2025-06-15 01:30:04.095996: I external/local_tsl/tsl/framework/bfc_allocator.cc:1095] InUse at 7faf0b620000 of size 30277632 next 307
2025-06-15 01:30:04.096362: I external/local_tsl/tsl/framework/bfc_allocator.cc:1095] InUse at 7faf0d300000 of size 121110528 next 76
2025-06-15 01:30:04.096730: I external/local_tsl/tsl/framework/bfc_allocator.cc:1095] InUse at 7faf14680000 of size 121110528 next 312
2025-06-15 01:30:04.097084: I external/local_tsl/tsl/framework/bfc_allocator.cc:1095] InUse at 7faf1ba00000 of size 242221056 next 311
2025-06-15 01:30:04.097423: I external/local_tsl/tsl/framework/bfc_allocator.cc:1095] InUse at 7faf2a100000 of size 121110528 next 85
2025-06-15 01:30:04.097773: I external/local_tsl/tsl/framework/bfc_allocator.cc:1095] InUse at 7faf31480000 of size 484442112 next 325
2025-06-15 01:30:04.098110: I external/local_tsl/tsl/framework/bfc_allocator.cc:1095] InUse at 7faf4e280000 of size 484442112 next 320
2025-06-15 01:30:04.098520: I external/local_tsl/tsl/framework/bfc_allocator.cc:1095] InUse at 7faf6b080000 of size 968884224 next 319
2025-06-15 01:30:04.098899: I external/local_tsl/tsl/framework/bfc_allocator.cc:1095] InUse at 7fafa4c80000 of size 484442112 next 91
2025-06-15 01:30:04.099433: I external/local_tsl/tsl/framework/bfc_allocator.cc:1095] Free  at 7fafc1a80000 of size 475529216 next 18446744073709551615
2025-06-15 01:30:04.099796: I external/local_tsl/tsl/framework/bfc_allocator.cc:1075] Next region of size 4294967296
2025-06-15 01:30:04.100243: I external/local_tsl/tsl/framework/bfc_allocator.cc:1095] InUse at 7fb000000000 of size 1937768448 next 11
2025-06-15 01:30:04.100707: I external/local_tsl/tsl/framework/bfc_allocator.cc:1095] InUse at 7fb073800000 of size 1937768448 next 277
2025-06-15 01:30:04.101080: I external/local_tsl/tsl/framework/bfc_allocator.cc:1095] InUse at 7fb0e7000000 of size 242221056 next 20
2025-06-15 01:30:04.101454: I external/local_tsl/tsl/framework/bfc_allocator.cc:1095] InUse at 7fb0f5700000 of size 60555264 next 38
2025-06-15 01:30:04.101826: I external/local_tsl/tsl/framework/bfc_allocator.cc:1095] InUse at 7fb0f90c0000 of size 116654080 next 18446744073709551615
2025-06-15 01:30:04.102186: I external/local_tsl/tsl/framework/bfc_allocator.cc:1075] Next region of size 2147483648
2025-06-15 01:30:04.102686: I external/local_tsl/tsl/framework/bfc_allocator.cc:1095] InUse at 7fb12c000000 of size 1937768448 next 265
2025-06-15 01:30:04.103116: I external/local_tsl/tsl/framework/bfc_allocator.cc:1095] InUse at 7fb19f800000 of size 209715200 next 18446744073709551615
2025-06-15 01:30:04.103504: I external/local_tsl/tsl/framework/bfc_allocator.cc:1075] Next region of size 2147483648
2025-06-15 01:30:04.104000: I external/local_tsl/tsl/framework/bfc_allocator.cc:1095] InUse at 7fb1b4000000 of size 1937768448 next 267
2025-06-15 01:30:04.104420: I external/local_tsl/tsl/framework/bfc_allocator.cc:1095] InUse at 7fb227800000 of size 209715200 next 18446744073709551615
2025-06-15 01:30:04.104799: I external/local_tsl/tsl/framework/bfc_allocator.cc:1075] Next region of size 134217728
2025-06-15 01:30:04.105286: I external/local_tsl/tsl/framework/bfc_allocator.cc:1095] InUse at 7fb2c2000000 of size 60555264 next 264
2025-06-15 01:30:04.105679: I external/local_tsl/tsl/framework/bfc_allocator.cc:1095] InUse at 7fb2c59c0000 of size 73662464 next 18446744073709551615
2025-06-15 01:30:04.106105: I external/local_tsl/tsl/framework/bfc_allocator.cc:1075] Next region of size 67108864
2025-06-15 01:30:04.106547: I external/local_tsl/tsl/framework/bfc_allocator.cc:1095] InUse at 7fb2ca000000 of size 3538944 next 198
2025-06-15 01:30:04.106934: I external/local_tsl/tsl/framework/bfc_allocator.cc:1095] InUse at 7fb2ca360000 of size 1769472 next 205
2025-06-15 01:30:04.107304: I external/local_tsl/tsl/framework/bfc_allocator.cc:1095] InUse at 7fb2ca510000 of size 1769472 next 206
2025-06-15 01:30:04.107727: I external/local_tsl/tsl/framework/bfc_allocator.cc:1095] InUse at 7fb2ca6c0000 of size 262144 next 213
2025-06-15 01:30:04.108130: I external/local_tsl/tsl/framework/bfc_allocator.cc:1095] InUse at 7fb2ca700000 of size 262144 next 214
2025-06-15 01:30:04.108520: I external/local_tsl/tsl/framework/bfc_allocator.cc:1095] InUse at 7fb2ca740000 of size 884736 next 217
2025-06-15 01:30:04.108934: I external/local_tsl/tsl/framework/bfc_allocator.cc:1095] InUse at 7fb2ca818000 of size 884736 next 218
2025-06-15 01:30:04.109364: I external/local_tsl/tsl/framework/bfc_allocator.cc:1095] InUse at 7fb2ca8f0000 of size 442368 next 225
2025-06-15 01:30:04.109749: I external/local_tsl/tsl/framework/bfc_allocator.cc:1095] InUse at 7fb2ca95c000 of size 442368 next 226
2025-06-15 01:30:04.110130: I external/local_tsl/tsl/framework/bfc_allocator.cc:1095] InUse at 7fb2ca9c8000 of size 256 next 234
2025-06-15 01:30:04.110565: I external/local_tsl/tsl/framework/bfc_allocator.cc:1095] InUse at 7fb2ca9c8100 of size 256 next 235
2025-06-15 01:30:04.111003: I external/local_tsl/tsl/framework/bfc_allocator.cc:1095] InUse at 7fb2ca9c8200 of size 221184 next 236
2025-06-15 01:30:04.111382: I external/local_tsl/tsl/framework/bfc_allocator.cc:1095] InUse at 7fb2ca9fe200 of size 221184 next 237
2025-06-15 01:30:04.111731: I external/local_tsl/tsl/framework/bfc_allocator.cc:1095] InUse at 7fb2caa34200 of size 256 next 238
2025-06-15 01:30:04.112173: I external/local_tsl/tsl/framework/bfc_allocator.cc:1095] InUse at 7fb2caa34300 of size 256 next 239
2025-06-15 01:30:04.112681: I external/local_tsl/tsl/framework/bfc_allocator.cc:1095] InUse at 7fb2caa34400 of size 256 next 240
2025-06-15 01:30:04.113124: I external/local_tsl/tsl/framework/bfc_allocator.cc:1095] InUse at 7fb2caa34500 of size 256 next 241
2025-06-15 01:30:04.113554: I external/local_tsl/tsl/framework/bfc_allocator.cc:1095] InUse at 7fb2caa34600 of size 256 next 242
2025-06-15 01:30:04.114026: I external/local_tsl/tsl/framework/bfc_allocator.cc:1095] InUse at 7fb2caa34700 of size 256 next 243
2025-06-15 01:30:04.114485: I external/local_tsl/tsl/framework/bfc_allocator.cc:1095] InUse at 7fb2caa34800 of size 110592 next 244
2025-06-15 01:30:04.114874: I external/local_tsl/tsl/framework/bfc_allocator.cc:1095] InUse at 7fb2caa4f800 of size 110592 next 245
2025-06-15 01:30:04.115254: I external/local_tsl/tsl/framework/bfc_allocator.cc:1095] InUse at 7fb2caa6a800 of size 256 next 246
2025-06-15 01:30:04.115649: I external/local_tsl/tsl/framework/bfc_allocator.cc:1095] InUse at 7fb2caa6a900 of size 256 next 247
2025-06-15 01:30:04.116095: I external/local_tsl/tsl/framework/bfc_allocator.cc:1095] InUse at 7fb2caa6aa00 of size 256 next 248
2025-06-15 01:30:04.116586: I external/local_tsl/tsl/framework/bfc_allocator.cc:1095] InUse at 7fb2caa6ab00 of size 256 next 249
2025-06-15 01:30:04.117020: I external/local_tsl/tsl/framework/bfc_allocator.cc:1095] InUse at 7fb2caa6ac00 of size 256 next 250
2025-06-15 01:30:04.117504: I external/local_tsl/tsl/framework/bfc_allocator.cc:1095] InUse at 7fb2caa6ad00 of size 256 next 251
2025-06-15 01:30:04.117996: I external/local_tsl/tsl/framework/bfc_allocator.cc:1095] InUse at 7fb2caa6ae00 of size 256 next 252
2025-06-15 01:30:04.118405: I external/local_tsl/tsl/framework/bfc_allocator.cc:1095] InUse at 7fb2caa6af00 of size 256 next 253
2025-06-15 01:30:04.118914: I external/local_tsl/tsl/framework/bfc_allocator.cc:1095] InUse at 7fb2caa6b000 of size 256 next 254
2025-06-15 01:30:04.119400: I external/local_tsl/tsl/framework/bfc_allocator.cc:1095] InUse at 7fb2caa6b100 of size 256 next 255
2025-06-15 01:30:04.119818: I external/local_tsl/tsl/framework/bfc_allocator.cc:1095] InUse at 7fb2caa6b200 of size 256 next 256
2025-06-15 01:30:04.120301: I external/local_tsl/tsl/framework/bfc_allocator.cc:1095] InUse at 7fb2caa6b300 of size 256 next 257
2025-06-15 01:30:04.120722: I external/local_tsl/tsl/framework/bfc_allocator.cc:1095] InUse at 7fb2caa6b400 of size 256 next 258
2025-06-15 01:30:04.121173: I external/local_tsl/tsl/framework/bfc_allocator.cc:1095] InUse at 7fb2caa6b500 of size 256 next 259
2025-06-15 01:30:04.121638: I external/local_tsl/tsl/framework/bfc_allocator.cc:1095] InUse at 7fb2caa6b600 of size 256 next 260
2025-06-15 01:30:04.122089: I external/local_tsl/tsl/framework/bfc_allocator.cc:1095] InUse at 7fb2caa6b700 of size 256 next 261
2025-06-15 01:30:04.122525: I external/local_tsl/tsl/framework/bfc_allocator.cc:1095] InUse at 7fb2caa6b800 of size 256 next 262
2025-06-15 01:30:04.122945: I external/local_tsl/tsl/framework/bfc_allocator.cc:1095] InUse at 7fb2caa6b900 of size 256 next 263
2025-06-15 01:30:04.123372: I external/local_tsl/tsl/framework/bfc_allocator.cc:1095] InUse at 7fb2caa6ba00 of size 256 next 272
2025-06-15 01:30:04.123888: I external/local_tsl/tsl/framework/bfc_allocator.cc:1095] InUse at 7fb2caa6bb00 of size 256 next 274
2025-06-15 01:30:04.124410: I external/local_tsl/tsl/framework/bfc_allocator.cc:1095] InUse at 7fb2caa6bc00 of size 256 next 275
2025-06-15 01:30:04.124826: I external/local_tsl/tsl/framework/bfc_allocator.cc:1095] InUse at 7fb2caa6bd00 of size 256 next 276
2025-06-15 01:30:04.125277: I external/local_tsl/tsl/framework/bfc_allocator.cc:1095] InUse at 7fb2caa6be00 of size 256 next 280
2025-06-15 01:30:04.125698: I external/local_tsl/tsl/framework/bfc_allocator.cc:1095] InUse at 7fb2caa6bf00 of size 256 next 281
2025-06-15 01:30:04.126190: I external/local_tsl/tsl/framework/bfc_allocator.cc:1095] InUse at 7fb2caa6c000 of size 256 next 287
2025-06-15 01:30:04.126669: I external/local_tsl/tsl/framework/bfc_allocator.cc:1095] InUse at 7fb2caa6c100 of size 256 next 288
2025-06-15 01:30:04.127113: I external/local_tsl/tsl/framework/bfc_allocator.cc:1095] InUse at 7fb2caa6c200 of size 256 next 291
2025-06-15 01:30:04.127554: I external/local_tsl/tsl/framework/bfc_allocator.cc:1095] InUse at 7fb2caa6c300 of size 256 next 292
2025-06-15 01:30:04.127997: I external/local_tsl/tsl/framework/bfc_allocator.cc:1095] InUse at 7fb2caa6c400 of size 512 next 294
2025-06-15 01:30:04.128513: I external/local_tsl/tsl/framework/bfc_allocator.cc:1095] InUse at 7fb2caa6c600 of size 768 next 268
2025-06-15 01:30:04.128960: I external/local_tsl/tsl/framework/bfc_allocator.cc:1095] InUse at 7fb2caa6c900 of size 256 next 269
2025-06-15 01:30:04.129402: I external/local_tsl/tsl/framework/bfc_allocator.cc:1095] InUse at 7fb2caa6ca00 of size 256 next 270
2025-06-15 01:30:04.129841: I external/local_tsl/tsl/framework/bfc_allocator.cc:1095] InUse at 7fb2caa6cb00 of size 512 next 295
2025-06-15 01:30:04.130287: I external/local_tsl/tsl/framework/bfc_allocator.cc:1095] InUse at 7fb2caa6cd00 of size 512 next 298
2025-06-15 01:30:04.130742: I external/local_tsl/tsl/framework/bfc_allocator.cc:1095] InUse at 7fb2caa6cf00 of size 512 next 299
2025-06-15 01:30:04.131222: I external/local_tsl/tsl/framework/bfc_allocator.cc:1095] InUse at 7fb2caa6d100 of size 15138816 next 56
2025-06-15 01:30:04.131628: I external/local_tsl/tsl/framework/bfc_allocator.cc:1095] InUse at 7fb2cb8dd100 of size 15138816 next 301
2025-06-15 01:30:04.132041: I external/local_tsl/tsl/framework/bfc_allocator.cc:1095] InUse at 7fb2cc74d100 of size 1024 next 304
2025-06-15 01:30:04.132556: I external/local_tsl/tsl/framework/bfc_allocator.cc:1095] InUse at 7fb2cc74d500 of size 1024 next 305
2025-06-15 01:30:04.133011: I external/local_tsl/tsl/framework/bfc_allocator.cc:1095] InUse at 7fb2cc74d900 of size 1024 next 306
2025-06-15 01:30:04.133444: I external/local_tsl/tsl/framework/bfc_allocator.cc:1095] InUse at 7fb2cc74dd00 of size 1024 next 309
2025-06-15 01:30:04.133885: I external/local_tsl/tsl/framework/bfc_allocator.cc:1095] InUse at 7fb2cc74e100 of size 1024 next 310
2025-06-15 01:30:04.134325: I external/local_tsl/tsl/framework/bfc_allocator.cc:1095] InUse at 7fb2cc74e500 of size 512 next 317
2025-06-15 01:30:04.134754: I external/local_tsl/tsl/framework/bfc_allocator.cc:1095] InUse at 7fb2cc74e700 of size 512 next 318
2025-06-15 01:30:04.135266: I external/local_tsl/tsl/framework/bfc_allocator.cc:1095] InUse at 7fb2cc74e900 of size 256 next 326
2025-06-15 01:30:04.135727: I external/local_tsl/tsl/framework/bfc_allocator.cc:1095] InUse at 7fb2cc74ea00 of size 256 next 327
2025-06-15 01:30:04.136217: I external/local_tsl/tsl/framework/bfc_allocator.cc:1095] Free  at 7fb2cc74eb00 of size 25892096 next 18446744073709551615
2025-06-15 01:30:04.136640: I external/local_tsl/tsl/framework/bfc_allocator.cc:1075] Next region of size 33554432
2025-06-15 01:30:04.137080: I external/local_tsl/tsl/framework/bfc_allocator.cc:1095] InUse at 7fb2e2000000 of size 3538944 next 83
2025-06-15 01:30:04.137447: I external/local_tsl/tsl/framework/bfc_allocator.cc:1095] InUse at 7fb2e2360000 of size 221184 next 152
2025-06-15 01:30:04.137794: I external/local_tsl/tsl/framework/bfc_allocator.cc:1095] InUse at 7fb2e2396000 of size 221184 next 106
2025-06-15 01:30:04.138217: I external/local_tsl/tsl/framework/bfc_allocator.cc:1095] InUse at 7fb2e23cc000 of size 442368 next 100
2025-06-15 01:30:04.138561: I external/local_tsl/tsl/framework/bfc_allocator.cc:1095] InUse at 7fb2e2438000 of size 884736 next 90
2025-06-15 01:30:04.138945: I external/local_tsl/tsl/framework/bfc_allocator.cc:1095] InUse at 7fb2e2510000 of size 1769472 next 74
2025-06-15 01:30:04.139320: I external/local_tsl/tsl/framework/bfc_allocator.cc:1095] InUse at 7fb2e26c0000 of size 7077888 next 72
2025-06-15 01:30:04.139701: I external/local_tsl/tsl/framework/bfc_allocator.cc:1095] InUse at 7fb2e2d80000 of size 7077888 next 187
2025-06-15 01:30:04.140121: I external/local_tsl/tsl/framework/bfc_allocator.cc:1095] InUse at 7fb2e3440000 of size 12320768 next 18446744073709551615
2025-06-15 01:30:04.140464: I external/local_tsl/tsl/framework/bfc_allocator.cc:1075] Next region of size 16777216
2025-06-15 01:30:04.140945: I external/local_tsl/tsl/framework/bfc_allocator.cc:1095] InUse at 7fb2ea000000 of size 1769472 next 173
2025-06-15 01:30:04.141351: I external/local_tsl/tsl/framework/bfc_allocator.cc:1095] InUse at 7fb2ea1b0000 of size 1769472 next 64
2025-06-15 01:30:04.141729: I external/local_tsl/tsl/framework/bfc_allocator.cc:1095] InUse at 7fb2ea360000 of size 3538944 next 62
2025-06-15 01:30:04.142049: I external/local_tsl/tsl/framework/bfc_allocator.cc:1095] InUse at 7fb2ea6c0000 of size 3538944 next 180
2025-06-15 01:30:04.142400: I external/local_tsl/tsl/framework/bfc_allocator.cc:1095] InUse at 7fb2eaa20000 of size 1048576 next 194
2025-06-15 01:30:04.142806: I external/local_tsl/tsl/framework/bfc_allocator.cc:1095] InUse at 7fb2eab20000 of size 1048576 next 195
2025-06-15 01:30:04.143192: I external/local_tsl/tsl/framework/bfc_allocator.cc:1095] InUse at 7fb2eac20000 of size 4063232 next 18446744073709551615
2025-06-15 01:30:04.143538: I external/local_tsl/tsl/framework/bfc_allocator.cc:1075] Next region of size 2097152
2025-06-15 01:30:04.143997: I external/local_tsl/tsl/framework/bfc_allocator.cc:1095] InUse at 7fb34ce00000 of size 1280 next 1
2025-06-15 01:30:04.144494: I external/local_tsl/tsl/framework/bfc_allocator.cc:1095] InUse at 7fb34ce00500 of size 256 next 2
2025-06-15 01:30:04.144953: I external/local_tsl/tsl/framework/bfc_allocator.cc:1095] InUse at 7fb34ce00600 of size 256 next 3
2025-06-15 01:30:04.145377: I external/local_tsl/tsl/framework/bfc_allocator.cc:1095] InUse at 7fb34ce00700 of size 256 next 5
2025-06-15 01:30:04.145806: I external/local_tsl/tsl/framework/bfc_allocator.cc:1095] InUse at 7fb34ce00800 of size 256 next 6
2025-06-15 01:30:04.146287: I external/local_tsl/tsl/framework/bfc_allocator.cc:1095] InUse at 7fb34ce00900 of size 256 next 4
2025-06-15 01:30:04.146697: I external/local_tsl/tsl/framework/bfc_allocator.cc:1095] InUse at 7fb34ce00a00 of size 256 next 7
2025-06-15 01:30:04.147128: I external/local_tsl/tsl/framework/bfc_allocator.cc:1095] InUse at 7fb34ce00b00 of size 256 next 10
2025-06-15 01:30:04.147564: I external/local_tsl/tsl/framework/bfc_allocator.cc:1095] InUse at 7fb34ce00c00 of size 256 next 278
2025-06-15 01:30:04.148024: I external/local_tsl/tsl/framework/bfc_allocator.cc:1095] InUse at 7fb34ce00d00 of size 256 next 12
2025-06-15 01:30:04.148455: I external/local_tsl/tsl/framework/bfc_allocator.cc:1095] InUse at 7fb34ce00e00 of size 256 next 13
2025-06-15 01:30:04.148926: I external/local_tsl/tsl/framework/bfc_allocator.cc:1095] InUse at 7fb34ce00f00 of size 256 next 14
2025-06-15 01:30:04.149412: I external/local_tsl/tsl/framework/bfc_allocator.cc:1095] InUse at 7fb34ce01000 of size 256 next 17
2025-06-15 01:30:04.149873: I external/local_tsl/tsl/framework/bfc_allocator.cc:1095] InUse at 7fb34ce01100 of size 256 next 15
2025-06-15 01:30:04.150319: I external/local_tsl/tsl/framework/bfc_allocator.cc:1095] InUse at 7fb34ce01200 of size 256 next 16
2025-06-15 01:30:04.150755: I external/local_tsl/tsl/framework/bfc_allocator.cc:1095] InUse at 7fb34ce01300 of size 256 next 286
2025-06-15 01:30:04.151182: I external/local_tsl/tsl/framework/bfc_allocator.cc:1095] InUse at 7fb34ce01400 of size 256 next 21
2025-06-15 01:30:04.151651: I external/local_tsl/tsl/framework/bfc_allocator.cc:1095] InUse at 7fb34ce01500 of size 256 next 22
2025-06-15 01:30:04.152101: I external/local_tsl/tsl/framework/bfc_allocator.cc:1095] InUse at 7fb34ce01600 of size 256 next 23
2025-06-15 01:30:04.152520: I external/local_tsl/tsl/framework/bfc_allocator.cc:1095] InUse at 7fb34ce01700 of size 256 next 24
2025-06-15 01:30:04.152959: I external/local_tsl/tsl/framework/bfc_allocator.cc:1095] InUse at 7fb34ce01800 of size 256 next 25
2025-06-15 01:30:04.153396: I external/local_tsl/tsl/framework/bfc_allocator.cc:1095] InUse at 7fb34ce01900 of size 256 next 28
2025-06-15 01:30:04.153841: I external/local_tsl/tsl/framework/bfc_allocator.cc:1095] InUse at 7fb34ce01a00 of size 256 next 290
2025-06-15 01:30:04.154270: I external/local_tsl/tsl/framework/bfc_allocator.cc:1095] InUse at 7fb34ce01b00 of size 256 next 30
2025-06-15 01:30:04.154705: I external/local_tsl/tsl/framework/bfc_allocator.cc:1095] InUse at 7fb34ce01c00 of size 256 next 31
2025-06-15 01:30:04.155121: I external/local_tsl/tsl/framework/bfc_allocator.cc:1095] InUse at 7fb34ce01d00 of size 256 next 32
2025-06-15 01:30:04.155564: I external/local_tsl/tsl/framework/bfc_allocator.cc:1095] InUse at 7fb34ce01e00 of size 256 next 35
2025-06-15 01:30:04.156072: I external/local_tsl/tsl/framework/bfc_allocator.cc:1095] InUse at 7fb34ce01f00 of size 256 next 33
2025-06-15 01:30:04.156530: I external/local_tsl/tsl/framework/bfc_allocator.cc:1095] InUse at 7fb34ce02000 of size 256 next 34
2025-06-15 01:30:04.156976: I external/local_tsl/tsl/framework/bfc_allocator.cc:1095] InUse at 7fb34ce02100 of size 512 next 39
2025-06-15 01:30:04.157418: I external/local_tsl/tsl/framework/bfc_allocator.cc:1095] InUse at 7fb34ce02300 of size 256 next 40
2025-06-15 01:30:04.157863: I external/local_tsl/tsl/framework/bfc_allocator.cc:1095] InUse at 7fb34ce02400 of size 256 next 41
2025-06-15 01:30:04.158345: I external/local_tsl/tsl/framework/bfc_allocator.cc:1095] InUse at 7fb34ce02500 of size 256 next 8
2025-06-15 01:30:04.158852: I external/local_tsl/tsl/framework/bfc_allocator.cc:1095] InUse at 7fb34ce02600 of size 3584 next 9
2025-06-15 01:30:04.159395: I external/local_tsl/tsl/framework/bfc_allocator.cc:1095] InUse at 7fb34ce03400 of size 512 next 42
2025-06-15 01:30:04.159963: I external/local_tsl/tsl/framework/bfc_allocator.cc:1095] InUse at 7fb34ce03600 of size 512 next 45
2025-06-15 01:30:04.160473: I external/local_tsl/tsl/framework/bfc_allocator.cc:1095] InUse at 7fb34ce03800 of size 512 next 46
2025-06-15 01:30:04.160914: I external/local_tsl/tsl/framework/bfc_allocator.cc:1095] InUse at 7fb34ce03a00 of size 512 next 297
2025-06-15 01:30:04.161354: I external/local_tsl/tsl/framework/bfc_allocator.cc:1095] InUse at 7fb34ce03c00 of size 512 next 48
2025-06-15 01:30:04.161801: I external/local_tsl/tsl/framework/bfc_allocator.cc:1095] InUse at 7fb34ce03e00 of size 256 next 49
2025-06-15 01:30:04.162301: I external/local_tsl/tsl/framework/bfc_allocator.cc:1095] InUse at 7fb34ce03f00 of size 512 next 50
2025-06-15 01:30:04.162749: I external/local_tsl/tsl/framework/bfc_allocator.cc:1095] InUse at 7fb34ce04100 of size 512 next 51
2025-06-15 01:30:04.163230: I external/local_tsl/tsl/framework/bfc_allocator.cc:1095] InUse at 7fb34ce04300 of size 512 next 55
2025-06-15 01:30:04.163699: I external/local_tsl/tsl/framework/bfc_allocator.cc:1095] InUse at 7fb34ce04500 of size 1024 next 57
2025-06-15 01:30:04.164145: I external/local_tsl/tsl/framework/bfc_allocator.cc:1095] InUse at 7fb34ce04900 of size 256 next 58
2025-06-15 01:30:04.164583: I external/local_tsl/tsl/framework/bfc_allocator.cc:1095] InUse at 7fb34ce04a00 of size 256 next 59
2025-06-15 01:30:04.165014: I external/local_tsl/tsl/framework/bfc_allocator.cc:1095] InUse at 7fb34ce04b00 of size 1024 next 60
2025-06-15 01:30:04.165517: I external/local_tsl/tsl/framework/bfc_allocator.cc:1095] InUse at 7fb34ce04f00 of size 1024 next 61
2025-06-15 01:30:04.165980: I external/local_tsl/tsl/framework/bfc_allocator.cc:1095] InUse at 7fb34ce05300 of size 1024 next 65
2025-06-15 01:30:04.166434: I external/local_tsl/tsl/framework/bfc_allocator.cc:1095] InUse at 7fb34ce05700 of size 1024 next 308
2025-06-15 01:30:04.166867: I external/local_tsl/tsl/framework/bfc_allocator.cc:1095] InUse at 7fb34ce05b00 of size 1024 next 67
2025-06-15 01:30:04.167316: I external/local_tsl/tsl/framework/bfc_allocator.cc:1095] InUse at 7fb34ce05f00 of size 256 next 68
2025-06-15 01:30:04.167761: I external/local_tsl/tsl/framework/bfc_allocator.cc:1095] InUse at 7fb34ce06000 of size 256 next 69
2025-06-15 01:30:04.168200: I external/local_tsl/tsl/framework/bfc_allocator.cc:1095] InUse at 7fb34ce06100 of size 1024 next 70
2025-06-15 01:30:04.168612: I external/local_tsl/tsl/framework/bfc_allocator.cc:1095] InUse at 7fb34ce06500 of size 1024 next 71
2025-06-15 01:30:04.169063: I external/local_tsl/tsl/framework/bfc_allocator.cc:1095] InUse at 7fb34ce06900 of size 1024 next 75
2025-06-15 01:30:04.169478: I external/local_tsl/tsl/framework/bfc_allocator.cc:1095] InUse at 7fb34ce06d00 of size 512 next 313
2025-06-15 01:30:04.169952: I external/local_tsl/tsl/framework/bfc_allocator.cc:1095] InUse at 7fb34ce06f00 of size 512 next 314
2025-06-15 01:30:04.170376: I external/local_tsl/tsl/framework/bfc_allocator.cc:1095] InUse at 7fb34ce07100 of size 512 next 315
2025-06-15 01:30:04.170795: I external/local_tsl/tsl/framework/bfc_allocator.cc:1095] InUse at 7fb34ce07300 of size 512 next 77
2025-06-15 01:30:04.171240: I external/local_tsl/tsl/framework/bfc_allocator.cc:1095] InUse at 7fb34ce07500 of size 256 next 78
2025-06-15 01:30:04.171693: I external/local_tsl/tsl/framework/bfc_allocator.cc:1095] InUse at 7fb34ce07600 of size 256 next 79
2025-06-15 01:30:04.172149: I external/local_tsl/tsl/framework/bfc_allocator.cc:1095] InUse at 7fb34ce07700 of size 512 next 80
2025-06-15 01:30:04.172617: I external/local_tsl/tsl/framework/bfc_allocator.cc:1095] InUse at 7fb34ce07900 of size 512 next 81
2025-06-15 01:30:04.173065: I external/local_tsl/tsl/framework/bfc_allocator.cc:1095] InUse at 7fb34ce07b00 of size 512 next 82
2025-06-15 01:30:04.173494: I external/local_tsl/tsl/framework/bfc_allocator.cc:1095] InUse at 7fb34ce07d00 of size 512 next 84
2025-06-15 01:30:04.173975: I external/local_tsl/tsl/framework/bfc_allocator.cc:1095] InUse at 7fb34ce07f00 of size 512 next 316
2025-06-15 01:30:04.174383: I external/local_tsl/tsl/framework/bfc_allocator.cc:1095] InUse at 7fb34ce08100 of size 512 next 86
2025-06-15 01:30:04.174793: I external/local_tsl/tsl/framework/bfc_allocator.cc:1095] InUse at 7fb34ce08300 of size 512 next 87
2025-06-15 01:30:04.175272: I external/local_tsl/tsl/framework/bfc_allocator.cc:1095] InUse at 7fb34ce08500 of size 512 next 88
2025-06-15 01:30:04.175688: I external/local_tsl/tsl/framework/bfc_allocator.cc:1095] InUse at 7fb34ce08700 of size 512 next 89
2025-06-15 01:30:04.176140: I external/local_tsl/tsl/framework/bfc_allocator.cc:1095] InUse at 7fb34ce08900 of size 256 next 321
2025-06-15 01:30:04.176576: I external/local_tsl/tsl/framework/bfc_allocator.cc:1095] InUse at 7fb34ce08a00 of size 256 next 323
2025-06-15 01:30:04.177053: I external/local_tsl/tsl/framework/bfc_allocator.cc:1095] InUse at 7fb34ce08b00 of size 256 next 324
2025-06-15 01:30:04.177531: I external/local_tsl/tsl/framework/bfc_allocator.cc:1095] InUse at 7fb34ce08c00 of size 256 next 92
2025-06-15 01:30:04.177991: I external/local_tsl/tsl/framework/bfc_allocator.cc:1095] InUse at 7fb34ce08d00 of size 256 next 93
2025-06-15 01:30:04.178437: I external/local_tsl/tsl/framework/bfc_allocator.cc:1095] InUse at 7fb34ce08e00 of size 256 next 94
2025-06-15 01:30:04.178891: I external/local_tsl/tsl/framework/bfc_allocator.cc:1095] InUse at 7fb34ce08f00 of size 256 next 97
2025-06-15 01:30:04.179344: I external/local_tsl/tsl/framework/bfc_allocator.cc:1095] InUse at 7fb34ce09000 of size 256 next 95
2025-06-15 01:30:04.179831: I external/local_tsl/tsl/framework/bfc_allocator.cc:1095] InUse at 7fb34ce09100 of size 256 next 96
2025-06-15 01:30:04.180291: I external/local_tsl/tsl/framework/bfc_allocator.cc:1095] InUse at 7fb34ce09200 of size 256 next 98
2025-06-15 01:30:04.180727: I external/local_tsl/tsl/framework/bfc_allocator.cc:1095] InUse at 7fb34ce09300 of size 256 next 101
2025-06-15 01:30:04.181174: I external/local_tsl/tsl/framework/bfc_allocator.cc:1095] InUse at 7fb34ce09400 of size 256 next 102
2025-06-15 01:30:04.181601: I external/local_tsl/tsl/framework/bfc_allocator.cc:1095] InUse at 7fb34ce09500 of size 256 next 103
2025-06-15 01:30:04.182049: I external/local_tsl/tsl/framework/bfc_allocator.cc:1095] InUse at 7fb34ce09600 of size 256 next 104
2025-06-15 01:30:04.182498: I external/local_tsl/tsl/framework/bfc_allocator.cc:1095] InUse at 7fb34ce09700 of size 256 next 105
2025-06-15 01:30:04.182928: I external/local_tsl/tsl/framework/bfc_allocator.cc:1095] Free  at 7fb34ce09800 of size 512 next 108
2025-06-15 01:30:04.183373: I external/local_tsl/tsl/framework/bfc_allocator.cc:1095] InUse at 7fb34ce09a00 of size 256 next 109
2025-06-15 01:30:04.183807: I external/local_tsl/tsl/framework/bfc_allocator.cc:1095] InUse at 7fb34ce09b00 of size 256 next 110
2025-06-15 01:30:04.184305: I external/local_tsl/tsl/framework/bfc_allocator.cc:1095] InUse at 7fb34ce09c00 of size 256 next 146
2025-06-15 01:30:04.184778: I external/local_tsl/tsl/framework/bfc_allocator.cc:1095] InUse at 7fb34ce09d00 of size 256 next 147
2025-06-15 01:30:04.185225: I external/local_tsl/tsl/framework/bfc_allocator.cc:1095] InUse at 7fb34ce09e00 of size 256 next 148
2025-06-15 01:30:04.185649: I external/local_tsl/tsl/framework/bfc_allocator.cc:1095] InUse at 7fb34ce09f00 of size 256 next 149
2025-06-15 01:30:04.186094: I external/local_tsl/tsl/framework/bfc_allocator.cc:1095] InUse at 7fb34ce0a000 of size 256 next 150
2025-06-15 01:30:04.186532: I external/local_tsl/tsl/framework/bfc_allocator.cc:1095] InUse at 7fb34ce0a100 of size 256 next 151
2025-06-15 01:30:04.187016: I external/local_tsl/tsl/framework/bfc_allocator.cc:1095] InUse at 7fb34ce0a200 of size 256 next 153
2025-06-15 01:30:04.187500: I external/local_tsl/tsl/framework/bfc_allocator.cc:1095] InUse at 7fb34ce0a300 of size 256 next 154
2025-06-15 01:30:04.187996: I external/local_tsl/tsl/framework/bfc_allocator.cc:1095] InUse at 7fb34ce0a400 of size 256 next 155
2025-06-15 01:30:04.188497: I external/local_tsl/tsl/framework/bfc_allocator.cc:1095] InUse at 7fb34ce0a500 of size 256 next 156
2025-06-15 01:30:04.188948: I external/local_tsl/tsl/framework/bfc_allocator.cc:1095] InUse at 7fb34ce0a600 of size 256 next 157
2025-06-15 01:30:04.189391: I external/local_tsl/tsl/framework/bfc_allocator.cc:1095] InUse at 7fb34ce0a700 of size 256 next 158
2025-06-15 01:30:04.189832: I external/local_tsl/tsl/framework/bfc_allocator.cc:1095] InUse at 7fb34ce0a800 of size 256 next 160
2025-06-15 01:30:04.190278: I external/local_tsl/tsl/framework/bfc_allocator.cc:1095] InUse at 7fb34ce0a900 of size 256 next 161
2025-06-15 01:30:04.190714: I external/local_tsl/tsl/framework/bfc_allocator.cc:1095] InUse at 7fb34ce0aa00 of size 256 next 162
2025-06-15 01:30:04.191235: I external/local_tsl/tsl/framework/bfc_allocator.cc:1095] InUse at 7fb34ce0ab00 of size 256 next 163
2025-06-15 01:30:04.191680: I external/local_tsl/tsl/framework/bfc_allocator.cc:1095] InUse at 7fb34ce0ac00 of size 256 next 164
2025-06-15 01:30:04.192176: I external/local_tsl/tsl/framework/bfc_allocator.cc:1095] InUse at 7fb34ce0ad00 of size 256 next 165
2025-06-15 01:30:04.192683: I external/local_tsl/tsl/framework/bfc_allocator.cc:1095] InUse at 7fb34ce0ae00 of size 512 next 167
2025-06-15 01:30:04.193124: I external/local_tsl/tsl/framework/bfc_allocator.cc:1095] InUse at 7fb34ce0b000 of size 512 next 168
2025-06-15 01:30:04.193569: I external/local_tsl/tsl/framework/bfc_allocator.cc:1095] InUse at 7fb34ce0b200 of size 512 next 169
2025-06-15 01:30:04.193997: I external/local_tsl/tsl/framework/bfc_allocator.cc:1095] InUse at 7fb34ce0b400 of size 512 next 170
2025-06-15 01:30:04.194491: I external/local_tsl/tsl/framework/bfc_allocator.cc:1095] InUse at 7fb34ce0b600 of size 512 next 171
2025-06-15 01:30:04.194946: I external/local_tsl/tsl/framework/bfc_allocator.cc:1095] InUse at 7fb34ce0b800 of size 512 next 172
2025-06-15 01:30:04.195382: I external/local_tsl/tsl/framework/bfc_allocator.cc:1095] InUse at 7fb34ce0ba00 of size 512 next 174
2025-06-15 01:30:04.195828: I external/local_tsl/tsl/framework/bfc_allocator.cc:1095] InUse at 7fb34ce0bc00 of size 512 next 175
2025-06-15 01:30:04.196283: I external/local_tsl/tsl/framework/bfc_allocator.cc:1095] InUse at 7fb34ce0be00 of size 512 next 176
2025-06-15 01:30:04.196715: I external/local_tsl/tsl/framework/bfc_allocator.cc:1095] InUse at 7fb34ce0c000 of size 512 next 177
2025-06-15 01:30:04.197192: I external/local_tsl/tsl/framework/bfc_allocator.cc:1095] InUse at 7fb34ce0c200 of size 512 next 178
2025-06-15 01:30:04.197688: I external/local_tsl/tsl/framework/bfc_allocator.cc:1095] InUse at 7fb34ce0c400 of size 512 next 179
2025-06-15 01:30:04.198133: I external/local_tsl/tsl/framework/bfc_allocator.cc:1095] InUse at 7fb34ce0c600 of size 1024 next 181
2025-06-15 01:30:04.198608: I external/local_tsl/tsl/framework/bfc_allocator.cc:1095] InUse at 7fb34ce0ca00 of size 1024 next 182
2025-06-15 01:30:04.199104: I external/local_tsl/tsl/framework/bfc_allocator.cc:1095] InUse at 7fb34ce0ce00 of size 1024 next 183
2025-06-15 01:30:04.199565: I external/local_tsl/tsl/framework/bfc_allocator.cc:1095] InUse at 7fb34ce0d200 of size 1024 next 184
2025-06-15 01:30:04.200054: I external/local_tsl/tsl/framework/bfc_allocator.cc:1095] InUse at 7fb34ce0d600 of size 1024 next 185
2025-06-15 01:30:04.200516: I external/local_tsl/tsl/framework/bfc_allocator.cc:1095] InUse at 7fb34ce0da00 of size 1024 next 186
2025-06-15 01:30:04.200928: I external/local_tsl/tsl/framework/bfc_allocator.cc:1095] InUse at 7fb34ce0de00 of size 1024 next 188
2025-06-15 01:30:04.201367: I external/local_tsl/tsl/framework/bfc_allocator.cc:1095] InUse at 7fb34ce0e200 of size 1024 next 189
2025-06-15 01:30:04.201859: I external/local_tsl/tsl/framework/bfc_allocator.cc:1095] InUse at 7fb34ce0e600 of size 1024 next 190
2025-06-15 01:30:04.202302: I external/local_tsl/tsl/framework/bfc_allocator.cc:1095] InUse at 7fb34ce0ea00 of size 1024 next 191
2025-06-15 01:30:04.202721: I external/local_tsl/tsl/framework/bfc_allocator.cc:1095] InUse at 7fb34ce0ee00 of size 1024 next 192
2025-06-15 01:30:04.203193: I external/local_tsl/tsl/framework/bfc_allocator.cc:1095] InUse at 7fb34ce0f200 of size 1024 next 193
2025-06-15 01:30:04.203610: I external/local_tsl/tsl/framework/bfc_allocator.cc:1095] InUse at 7fb34ce0f600 of size 512 next 196
2025-06-15 01:30:04.204049: I external/local_tsl/tsl/framework/bfc_allocator.cc:1095] InUse at 7fb34ce0f800 of size 512 next 197
2025-06-15 01:30:04.204554: I external/local_tsl/tsl/framework/bfc_allocator.cc:1095] InUse at 7fb34ce0fa00 of size 512 next 199
2025-06-15 01:30:04.204992: I external/local_tsl/tsl/framework/bfc_allocator.cc:1095] InUse at 7fb34ce0fc00 of size 512 next 200
2025-06-15 01:30:04.205458: I external/local_tsl/tsl/framework/bfc_allocator.cc:1095] InUse at 7fb34ce0fe00 of size 512 next 201
2025-06-15 01:30:04.205884: I external/local_tsl/tsl/framework/bfc_allocator.cc:1095] InUse at 7fb34ce10000 of size 512 next 202
2025-06-15 01:30:04.206339: I external/local_tsl/tsl/framework/bfc_allocator.cc:1095] InUse at 7fb34ce10200 of size 512 next 203
2025-06-15 01:30:04.206807: I external/local_tsl/tsl/framework/bfc_allocator.cc:1095] InUse at 7fb34ce10400 of size 512 next 204
2025-06-15 01:30:04.207266: I external/local_tsl/tsl/framework/bfc_allocator.cc:1095] InUse at 7fb34ce10600 of size 512 next 207
2025-06-15 01:30:04.207719: I external/local_tsl/tsl/framework/bfc_allocator.cc:1095] InUse at 7fb34ce10800 of size 512 next 208
2025-06-15 01:30:04.208203: I external/local_tsl/tsl/framework/bfc_allocator.cc:1095] InUse at 7fb34ce10a00 of size 512 next 209
2025-06-15 01:30:04.208620: I external/local_tsl/tsl/framework/bfc_allocator.cc:1095] InUse at 7fb34ce10c00 of size 512 next 210
2025-06-15 01:30:04.209088: I external/local_tsl/tsl/framework/bfc_allocator.cc:1095] InUse at 7fb34ce10e00 of size 512 next 211
2025-06-15 01:30:04.209549: I external/local_tsl/tsl/framework/bfc_allocator.cc:1095] InUse at 7fb34ce11000 of size 512 next 212
2025-06-15 01:30:04.209959: I external/local_tsl/tsl/framework/bfc_allocator.cc:1095] InUse at 7fb34ce11200 of size 256 next 215
2025-06-15 01:30:04.210402: I external/local_tsl/tsl/framework/bfc_allocator.cc:1095] InUse at 7fb34ce11300 of size 256 next 216
2025-06-15 01:30:04.210819: I external/local_tsl/tsl/framework/bfc_allocator.cc:1095] InUse at 7fb34ce11400 of size 256 next 219
2025-06-15 01:30:04.211318: I external/local_tsl/tsl/framework/bfc_allocator.cc:1095] InUse at 7fb34ce11500 of size 256 next 220
2025-06-15 01:30:04.211761: I external/local_tsl/tsl/framework/bfc_allocator.cc:1095] InUse at 7fb34ce11600 of size 256 next 221
2025-06-15 01:30:04.212173: I external/local_tsl/tsl/framework/bfc_allocator.cc:1095] InUse at 7fb34ce11700 of size 256 next 222
2025-06-15 01:30:04.212603: I external/local_tsl/tsl/framework/bfc_allocator.cc:1095] InUse at 7fb34ce11800 of size 256 next 223
2025-06-15 01:30:04.213000: I external/local_tsl/tsl/framework/bfc_allocator.cc:1095] InUse at 7fb34ce11900 of size 256 next 224
2025-06-15 01:30:04.213486: I external/local_tsl/tsl/framework/bfc_allocator.cc:1095] InUse at 7fb34ce11a00 of size 256 next 227
2025-06-15 01:30:04.213919: I external/local_tsl/tsl/framework/bfc_allocator.cc:1095] InUse at 7fb34ce11b00 of size 256 next 228
2025-06-15 01:30:04.214343: I external/local_tsl/tsl/framework/bfc_allocator.cc:1095] InUse at 7fb34ce11c00 of size 256 next 229
2025-06-15 01:30:04.214753: I external/local_tsl/tsl/framework/bfc_allocator.cc:1095] InUse at 7fb34ce11d00 of size 256 next 230
2025-06-15 01:30:04.215154: I external/local_tsl/tsl/framework/bfc_allocator.cc:1095] InUse at 7fb34ce11e00 of size 256 next 231
2025-06-15 01:30:04.215578: I external/local_tsl/tsl/framework/bfc_allocator.cc:1095] InUse at 7fb34ce11f00 of size 256 next 232
2025-06-15 01:30:04.216034: I external/local_tsl/tsl/framework/bfc_allocator.cc:1095] InUse at 7fb34ce12000 of size 65536 next 233
2025-06-15 01:30:04.216409: I external/local_tsl/tsl/framework/bfc_allocator.cc:1095] InUse at 7fb34ce22000 of size 95232 next 19
2025-06-15 01:30:04.216895: I external/local_tsl/tsl/framework/bfc_allocator.cc:1095] InUse at 7fb34ce39400 of size 110592 next 18
2025-06-15 01:30:04.217302: I external/local_tsl/tsl/framework/bfc_allocator.cc:1095] InUse at 7fb34ce54400 of size 65536 next 115
2025-06-15 01:30:04.217683: I external/local_tsl/tsl/framework/bfc_allocator.cc:1095] InUse at 7fb34ce64400 of size 256 next 112
2025-06-15 01:30:04.218143: I external/local_tsl/tsl/framework/bfc_allocator.cc:1095] InUse at 7fb34ce64500 of size 256 next 114
2025-06-15 01:30:04.218546: I external/local_tsl/tsl/framework/bfc_allocator.cc:1095] InUse at 7fb34ce64600 of size 256 next 113
2025-06-15 01:30:04.218952: I external/local_tsl/tsl/framework/bfc_allocator.cc:1095] InUse at 7fb34ce64700 of size 256 next 111
2025-06-15 01:30:04.219379: I external/local_tsl/tsl/framework/bfc_allocator.cc:1095] InUse at 7fb34ce64800 of size 256 next 117
2025-06-15 01:30:04.219868: I external/local_tsl/tsl/framework/bfc_allocator.cc:1095] InUse at 7fb34ce64900 of size 256 next 118
2025-06-15 01:30:04.220283: I external/local_tsl/tsl/framework/bfc_allocator.cc:1095] InUse at 7fb34ce64a00 of size 256 next 120
2025-06-15 01:30:04.220751: I external/local_tsl/tsl/framework/bfc_allocator.cc:1095] InUse at 7fb34ce64b00 of size 256 next 119
2025-06-15 01:30:04.221221: I external/local_tsl/tsl/framework/bfc_allocator.cc:1095] InUse at 7fb34ce64c00 of size 256 next 121
2025-06-15 01:30:04.221683: I external/local_tsl/tsl/framework/bfc_allocator.cc:1095] InUse at 7fb34ce64d00 of size 256 next 123
2025-06-15 01:30:04.222101: I external/local_tsl/tsl/framework/bfc_allocator.cc:1095] InUse at 7fb34ce64e00 of size 256 next 124
2025-06-15 01:30:04.222518: I external/local_tsl/tsl/framework/bfc_allocator.cc:1095] InUse at 7fb34ce64f00 of size 256 next 125
2025-06-15 01:30:04.222963: I external/local_tsl/tsl/framework/bfc_allocator.cc:1095] InUse at 7fb34ce65000 of size 256 next 126
2025-06-15 01:30:04.223436: I external/local_tsl/tsl/framework/bfc_allocator.cc:1095] InUse at 7fb34ce65100 of size 256 next 128
2025-06-15 01:30:04.223849: I external/local_tsl/tsl/framework/bfc_allocator.cc:1095] InUse at 7fb34ce65200 of size 256 next 127
2025-06-15 01:30:04.224245: I external/local_tsl/tsl/framework/bfc_allocator.cc:1095] InUse at 7fb34ce65300 of size 256 next 129
2025-06-15 01:30:04.224671: I external/local_tsl/tsl/framework/bfc_allocator.cc:1095] InUse at 7fb34ce65400 of size 256 next 130
2025-06-15 01:30:04.225122: I external/local_tsl/tsl/framework/bfc_allocator.cc:1095] InUse at 7fb34ce65500 of size 256 next 131
2025-06-15 01:30:04.225552: I external/local_tsl/tsl/framework/bfc_allocator.cc:1095] InUse at 7fb34ce65600 of size 256 next 132
2025-06-15 01:30:04.225989: I external/local_tsl/tsl/framework/bfc_allocator.cc:1095] InUse at 7fb34ce65700 of size 256 next 133
2025-06-15 01:30:04.226422: I external/local_tsl/tsl/framework/bfc_allocator.cc:1095] InUse at 7fb34ce65800 of size 256 next 137
2025-06-15 01:30:04.226853: I external/local_tsl/tsl/framework/bfc_allocator.cc:1095] InUse at 7fb34ce65900 of size 256 next 136
2025-06-15 01:30:04.227352: I external/local_tsl/tsl/framework/bfc_allocator.cc:1095] InUse at 7fb34ce65a00 of size 3584 next 138
2025-06-15 01:30:04.227773: I external/local_tsl/tsl/framework/bfc_allocator.cc:1095] InUse at 7fb34ce66800 of size 3584 next 139
2025-06-15 01:30:04.228262: I external/local_tsl/tsl/framework/bfc_allocator.cc:1095] InUse at 7fb34ce67600 of size 256 next 140
2025-06-15 01:30:04.228724: I external/local_tsl/tsl/framework/bfc_allocator.cc:1095] InUse at 7fb34ce67700 of size 256 next 141
2025-06-15 01:30:04.229140: I external/local_tsl/tsl/framework/bfc_allocator.cc:1095] InUse at 7fb34ce67800 of size 256 next 142
2025-06-15 01:30:04.229599: I external/local_tsl/tsl/framework/bfc_allocator.cc:1095] InUse at 7fb34ce67900 of size 256 next 143
2025-06-15 01:30:04.230074: I external/local_tsl/tsl/framework/bfc_allocator.cc:1095] InUse at 7fb34ce67a00 of size 256 next 144
2025-06-15 01:30:04.230528: I external/local_tsl/tsl/framework/bfc_allocator.cc:1095] InUse at 7fb34ce67b00 of size 256 next 145
2025-06-15 01:30:04.230952: I external/local_tsl/tsl/framework/bfc_allocator.cc:1095] InUse at 7fb34ce67c00 of size 141312 next 27
2025-06-15 01:30:04.231284: I external/local_tsl/tsl/framework/bfc_allocator.cc:1095] InUse at 7fb34ce8a400 of size 221184 next 26
2025-06-15 01:30:04.231625: I external/local_tsl/tsl/framework/bfc_allocator.cc:1095] InUse at 7fb34cec0400 of size 442368 next 159
2025-06-15 01:30:04.231997: I external/local_tsl/tsl/framework/bfc_allocator.cc:1095] InUse at 7fb34cf2c400 of size 867328 next 18446744073709551615
2025-06-15 01:30:04.232397: I external/local_tsl/tsl/framework/bfc_allocator.cc:1075] Next region of size 4194304
2025-06-15 01:30:04.232830: I external/local_tsl/tsl/framework/bfc_allocator.cc:1095] InUse at 7fb34d400000 of size 442368 next 37
2025-06-15 01:30:04.233238: I external/local_tsl/tsl/framework/bfc_allocator.cc:1095] InUse at 7fb34d46c000 of size 221184 next 116
2025-06-15 01:30:04.233578: I external/local_tsl/tsl/framework/bfc_allocator.cc:1095] InUse at 7fb34d4a2000 of size 110592 next 122
2025-06-15 01:30:04.233959: I external/local_tsl/tsl/framework/bfc_allocator.cc:1095] InUse at 7fb34d4bd000 of size 192512 next 99
2025-06-15 01:30:04.234350: I external/local_tsl/tsl/framework/bfc_allocator.cc:1095] InUse at 7fb34d4ec000 of size 360448 next 44
2025-06-15 01:30:04.234743: I external/local_tsl/tsl/framework/bfc_allocator.cc:1095] InUse at 7fb34d544000 of size 884736 next 43
2025-06-15 01:30:04.235097: I external/local_tsl/tsl/framework/bfc_allocator.cc:1095] InUse at 7fb34d61c000 of size 1982464 next 18446744073709551615
2025-06-15 01:30:04.235439: I external/local_tsl/tsl/framework/bfc_allocator.cc:1075] Next region of size 8388608
2025-06-15 01:30:04.235854: I external/local_tsl/tsl/framework/bfc_allocator.cc:1095] InUse at 7fb34d800000 of size 884736 next 166
2025-06-15 01:30:04.236281: I external/local_tsl/tsl/framework/bfc_allocator.cc:1095] InUse at 7fb34d8d8000 of size 884736 next 54
2025-06-15 01:30:04.236675: I external/local_tsl/tsl/framework/bfc_allocator.cc:1095] InUse at 7fb34d9b0000 of size 1769472 next 52
2025-06-15 01:30:04.237100: I external/local_tsl/tsl/framework/bfc_allocator.cc:1095] InUse at 7fb34db60000 of size 4849664 next 18446744073709551615
2025-06-15 01:30:04.237502: I external/local_tsl/tsl/framework/bfc_allocator.cc:1100]      Summary of in-use Chunks by size: 
2025-06-15 01:30:04.237958: I external/local_tsl/tsl/framework/bfc_allocator.cc:1103] 155 Chunks of size 256 totalling 38.8KiB
2025-06-15 01:30:04.238434: I external/local_tsl/tsl/framework/bfc_allocator.cc:1103] 54 Chunks of size 512 totalling 27.0KiB
2025-06-15 01:30:04.238878: I external/local_tsl/tsl/framework/bfc_allocator.cc:1103] 1 Chunks of size 768 totalling 768B
2025-06-15 01:30:04.239293: I external/local_tsl/tsl/framework/bfc_allocator.cc:1103] 26 Chunks of size 1024 totalling 26.0KiB
2025-06-15 01:30:04.239729: I external/local_tsl/tsl/framework/bfc_allocator.cc:1103] 1 Chunks of size 1280 totalling 1.2KiB
2025-06-15 01:30:04.240126: I external/local_tsl/tsl/framework/bfc_allocator.cc:1103] 3 Chunks of size 3584 totalling 10.5KiB
2025-06-15 01:30:04.240601: I external/local_tsl/tsl/framework/bfc_allocator.cc:1103] 2 Chunks of size 65536 totalling 128.0KiB
2025-06-15 01:30:04.241021: I external/local_tsl/tsl/framework/bfc_allocator.cc:1103] 1 Chunks of size 95232 totalling 93.0KiB
2025-06-15 01:30:04.241461: I external/local_tsl/tsl/framework/bfc_allocator.cc:1103] 4 Chunks of size 110592 totalling 432.0KiB
2025-06-15 01:30:04.241879: I external/local_tsl/tsl/framework/bfc_allocator.cc:1103] 1 Chunks of size 141312 totalling 138.0KiB
2025-06-15 01:30:04.242305: I external/local_tsl/tsl/framework/bfc_allocator.cc:1103] 1 Chunks of size 192512 totalling 188.0KiB
2025-06-15 01:30:04.242702: I external/local_tsl/tsl/framework/bfc_allocator.cc:1103] 6 Chunks of size 221184 totalling 1.27MiB
2025-06-15 01:30:04.243186: I external/local_tsl/tsl/framework/bfc_allocator.cc:1103] 2 Chunks of size 262144 totalling 512.0KiB
2025-06-15 01:30:04.243690: I external/local_tsl/tsl/framework/bfc_allocator.cc:1103] 1 Chunks of size 360448 totalling 352.0KiB
2025-06-15 01:30:04.244146: I external/local_tsl/tsl/framework/bfc_allocator.cc:1103] 5 Chunks of size 442368 totalling 2.11MiB
2025-06-15 01:30:04.244572: I external/local_tsl/tsl/framework/bfc_allocator.cc:1103] 1 Chunks of size 867328 totalling 847.0KiB
2025-06-15 01:30:04.245026: I external/local_tsl/tsl/framework/bfc_allocator.cc:1103] 6 Chunks of size 884736 totalling 5.06MiB
2025-06-15 01:30:04.245450: I external/local_tsl/tsl/framework/bfc_allocator.cc:1103] 2 Chunks of size 1048576 totalling 2.00MiB
2025-06-15 01:30:04.245862: I external/local_tsl/tsl/framework/bfc_allocator.cc:1103] 6 Chunks of size 1769472 totalling 10.12MiB
2025-06-15 01:30:04.246286: I external/local_tsl/tsl/framework/bfc_allocator.cc:1103] 1 Chunks of size 1982464 totalling 1.89MiB
2025-06-15 01:30:04.246775: I external/local_tsl/tsl/framework/bfc_allocator.cc:1103] 4 Chunks of size 3538944 totalling 13.50MiB
2025-06-15 01:30:04.247201: I external/local_tsl/tsl/framework/bfc_allocator.cc:1103] 1 Chunks of size 4063232 totalling 3.88MiB
2025-06-15 01:30:04.247709: I external/local_tsl/tsl/framework/bfc_allocator.cc:1103] 1 Chunks of size 4849664 totalling 4.62MiB
2025-06-15 01:30:04.248284: I external/local_tsl/tsl/framework/bfc_allocator.cc:1103] 2 Chunks of size 7077888 totalling 13.50MiB
2025-06-15 01:30:04.248822: I external/local_tsl/tsl/framework/bfc_allocator.cc:1103] 1 Chunks of size 12320768 totalling 11.75MiB
2025-06-15 01:30:04.249171: I external/local_tsl/tsl/framework/bfc_allocator.cc:1103] 2 Chunks of size 15138816 totalling 28.88MiB
2025-06-15 01:30:04.249557: I external/local_tsl/tsl/framework/bfc_allocator.cc:1103] 4 Chunks of size 30277632 totalling 115.50MiB
2025-06-15 01:30:04.249894: I external/local_tsl/tsl/framework/bfc_allocator.cc:1103] 2 Chunks of size 60555264 totalling 115.50MiB
2025-06-15 01:30:04.250253: I external/local_tsl/tsl/framework/bfc_allocator.cc:1103] 1 Chunks of size 73662464 totalling 70.25MiB
2025-06-15 01:30:04.250599: I external/local_tsl/tsl/framework/bfc_allocator.cc:1103] 1 Chunks of size 116654080 totalling 111.25MiB
2025-06-15 01:30:04.250927: I external/local_tsl/tsl/framework/bfc_allocator.cc:1103] 6 Chunks of size 121110528 totalling 693.00MiB
2025-06-15 01:30:04.251268: I external/local_tsl/tsl/framework/bfc_allocator.cc:1103] 2 Chunks of size 209715200 totalling 400.00MiB
2025-06-15 01:30:04.251619: I external/local_tsl/tsl/framework/bfc_allocator.cc:1103] 3 Chunks of size 242221056 totalling 693.00MiB
2025-06-15 01:30:04.251953: I external/local_tsl/tsl/framework/bfc_allocator.cc:1103] 8 Chunks of size 484442112 totalling 3.61GiB
2025-06-15 01:30:04.252305: I external/local_tsl/tsl/framework/bfc_allocator.cc:1103] 1 Chunks of size 968884224 totalling 924.00MiB
2025-06-15 01:30:04.252640: I external/local_tsl/tsl/framework/bfc_allocator.cc:1103] 6 Chunks of size 1937768448 totalling 10.83GiB
2025-06-15 01:30:04.253043: I external/local_tsl/tsl/framework/bfc_allocator.cc:1107] Sum Total of in-use chunks: 17.58GiB
2025-06-15 01:30:04.253519: I external/local_tsl/tsl/framework/bfc_allocator.cc:1109] Total bytes in pool: 23575789568 memory_limit_: 23575789568 available bytes: 0 curr_region_allocation_bytes_: 34359738368
2025-06-15 01:30:04.253840: I external/local_tsl/tsl/framework/bfc_allocator.cc:1114] Stats: 
Limit:                     23575789568
InUse:                     18882554112
MaxInUse:                  22800760320
NumAllocs:                         912
MaxAllocSize:               4135495424
Reserved:                            0
PeakReserved:                        0
LargestFreeBlock:                    0

2025-06-15 01:30:04.254247: W external/local_tsl/tsl/framework/bfc_allocator.cc:497] ________*********________************************************_**************************************
2025-06-15 01:30:04.254641: W tensorflow/core/framework/op_kernel.cc:1839] OP_REQUIRES failed at concat_op.cc:165 : RESOURCE_EXHAUSTED: OOM when allocating tensor with shape[2,64,192,224,176] and type float on /job:localhost/replica:0/task:0/device:GPU:0 by allocator GPU_0_bfc
Traceback (most recent call last):
  File "/mnt/beegfs/hellgate/home/rb194958e/stroke_segmentation_sota/batch_wise_train.py", line 277, in <module>
    if main():
       ^^^^^^
  File "/mnt/beegfs/hellgate/home/rb194958e/stroke_segmentation_sota/batch_wise_train.py", line 256, in main
    history = model.fit(
              ^^^^^^^^^^
  File "/mnt/beegfs/hellgate/home/rb194958e/.conda/envs/tf215_env/lib/python3.11/site-packages/keras/src/utils/traceback_utils.py", line 70, in error_handler
    raise e.with_traceback(filtered_tb) from None
  File "/mnt/beegfs/hellgate/home/rb194958e/.conda/envs/tf215_env/lib/python3.11/site-packages/tensorflow/python/eager/execute.py", line 53, in quick_execute
    tensors = pywrap_tfe.TFE_Py_Execute(ctx._handle, device_name, op_name,
  ^^^^^^^^^^^^^^^^^^^^^^^^^^^^^^^^^^^^^^^^^^^^^^^^^^^^^^^^^^^^^^^^^^^^^^^^
tensorflow.python.framework.errors_impl.ResourceExhaustedError: Graph execution error:

Detected at node model/concatenate_2/concat defined at (most recent call last):
  File "/mnt/beegfs/hellgate/home/rb194958e/stroke_segmentation_sota/batch_wise_train.py", line 277, in <module>

  File "/mnt/beegfs/hellgate/home/rb194958e/stroke_segmentation_sota/batch_wise_train.py", line 256, in main

  File "/mnt/beegfs/hellgate/home/rb194958e/.conda/envs/tf215_env/lib/python3.11/site-packages/keras/src/utils/traceback_utils.py", line 65, in error_handler

  File "/mnt/beegfs/hellgate/home/rb194958e/.conda/envs/tf215_env/lib/python3.11/site-packages/keras/src/engine/training.py", line 1807, in fit

  File "/mnt/beegfs/hellgate/home/rb194958e/.conda/envs/tf215_env/lib/python3.11/site-packages/keras/src/engine/training.py", line 1401, in train_function

  File "/mnt/beegfs/hellgate/home/rb194958e/.conda/envs/tf215_env/lib/python3.11/site-packages/keras/src/engine/training.py", line 1384, in step_function

  File "/mnt/beegfs/hellgate/home/rb194958e/.conda/envs/tf215_env/lib/python3.11/site-packages/keras/src/engine/training.py", line 1373, in run_step

  File "/mnt/beegfs/hellgate/home/rb194958e/.conda/envs/tf215_env/lib/python3.11/site-packages/keras/src/engine/training.py", line 1150, in train_step

  File "/mnt/beegfs/hellgate/home/rb194958e/.conda/envs/tf215_env/lib/python3.11/site-packages/keras/src/utils/traceback_utils.py", line 65, in error_handler

  File "/mnt/beegfs/hellgate/home/rb194958e/.conda/envs/tf215_env/lib/python3.11/site-packages/keras/src/engine/training.py", line 590, in __call__

  File "/mnt/beegfs/hellgate/home/rb194958e/.conda/envs/tf215_env/lib/python3.11/site-packages/keras/src/utils/traceback_utils.py", line 65, in error_handler

  File "/mnt/beegfs/hellgate/home/rb194958e/.conda/envs/tf215_env/lib/python3.11/site-packages/keras/src/engine/base_layer.py", line 1149, in __call__

  File "/mnt/beegfs/hellgate/home/rb194958e/.conda/envs/tf215_env/lib/python3.11/site-packages/keras/src/utils/traceback_utils.py", line 96, in error_handler

  File "/mnt/beegfs/hellgate/home/rb194958e/.conda/envs/tf215_env/lib/python3.11/site-packages/keras/src/engine/functional.py", line 515, in call

  File "/mnt/beegfs/hellgate/home/rb194958e/.conda/envs/tf215_env/lib/python3.11/site-packages/keras/src/engine/functional.py", line 672, in _run_internal_graph

  File "/mnt/beegfs/hellgate/home/rb194958e/.conda/envs/tf215_env/lib/python3.11/site-packages/keras/src/utils/traceback_utils.py", line 65, in error_handler

  File "/mnt/beegfs/hellgate/home/rb194958e/.conda/envs/tf215_env/lib/python3.11/site-packages/keras/src/engine/base_layer.py", line 1149, in __call__

  File "/mnt/beegfs/hellgate/home/rb194958e/.conda/envs/tf215_env/lib/python3.11/site-packages/keras/src/utils/traceback_utils.py", line 96, in error_handler

  File "/mnt/beegfs/hellgate/home/rb194958e/.conda/envs/tf215_env/lib/python3.11/site-packages/keras/src/layers/merging/base_merge.py", line 196, in call

  File "/mnt/beegfs/hellgate/home/rb194958e/.conda/envs/tf215_env/lib/python3.11/site-packages/keras/src/layers/merging/concatenate.py", line 134, in _merge_function

  File "/mnt/beegfs/hellgate/home/rb194958e/.conda/envs/tf215_env/lib/python3.11/site-packages/keras/src/backend.py", line 3580, in concatenate

OOM when allocating tensor with shape[2,64,192,224,176] and type float on /job:localhost/replica:0/task:0/device:GPU:0 by allocator GPU_0_bfc
	 [[{{node model/concatenate_2/concat}}]]
Hint: If you want to see a list of allocated tensors when OOM happens, add report_tensor_allocations_upon_oom to RunOptions for current allocation info. This isn't available when running in Eager mode.
 [Op:__inference_train_function_7309]
2025-06-15 01:30:04.416779: W tensorflow/core/kernels/data/generator_dataset_op.cc:108] Error occurred when finalizing GeneratorDataset iterator: FAILED_PRECONDITION: Python interpreter state is not initialized. The process may be terminated.
	 [[{{node PyFunc}}]]
/var/spool/slurmd/job1124209/slurm_script: line 320: EOF: command not found
/var/spool/slurmd/job1124209/slurm_script: line 330: unexpected EOF while looking for matching ``'
/var/spool/slurmd/job1124209/slurm_script: line 339: syntax error: unexpected end of file
