2025-06-14 14:48:20.036553: I tensorflow/core/util/port.cc:113] oneDNN custom operations are on. You may see slightly different numerical results due to floating-point round-off errors from different computation orders. To turn them off, set the environment variable `TF_ENABLE_ONEDNN_OPTS=0`.
2025-06-14 14:48:20.796505: E external/local_xla/xla/stream_executor/cuda/cuda_dnn.cc:9261] Unable to register cuDNN factory: Attempting to register factory for plugin cuDNN when one has already been registered
2025-06-14 14:48:20.797148: E external/local_xla/xla/stream_executor/cuda/cuda_fft.cc:607] Unable to register cuFFT factory: Attempting to register factory for plugin cuFFT when one has already been registered
2025-06-14 14:48:20.912429: E external/local_xla/xla/stream_executor/cuda/cuda_blas.cc:1515] Unable to register cuBLAS factory: Attempting to register factory for plugin cuBLAS when one has already been registered
2025-06-14 14:48:21.172650: I tensorflow/core/platform/cpu_feature_guard.cc:182] This TensorFlow binary is optimized to use available CPU instructions in performance-critical operations.
To enable the following instructions: AVX2 AVX512F AVX512_VNNI FMA, in other operations, rebuild TensorFlow with the appropriate compiler flags.
2025-06-14 14:48:27.938113: W tensorflow/compiler/tf2tensorrt/utils/py_utils.cc:38] TF-TRT Warning: Could not find TensorRT
INFO:__main__:🚀 Starting Stroke Lesion Segmentation Training
INFO:__main__:Using 1 GPU(s)
INFO:__main__:Creating data generators...
INFO:__main__:Found 655 valid image/mask pairs
INFO:__main__:Found 655 valid image/mask pairs
INFO:__main__:Training batches: 262
INFO:__main__:Validation batches: 65
INFO:__main__:Building model...
2025-06-14 14:48:42.599128: I tensorflow/core/common_runtime/gpu/gpu_device.cc:1929] Created device /job:localhost/replica:0/task:0/device:GPU:0 with 22483 MB memory:  -> device: 0, name: NVIDIA RTX 4500 Ada Generation, pci bus id: 0000:1c:00.0, compute capability: 8.9
INFO:__main__:Model parameters: 5,605,345
INFO:__main__:Starting training...
pixdim[0] (qfac) should be 1 (default) or -1; setting qfac to 1
INFO:nibabel.global:pixdim[0] (qfac) should be 1 (default) or -1; setting qfac to 1
pixdim[0] (qfac) should be 1 (default) or -1; setting qfac to 1
INFO:nibabel.global:pixdim[0] (qfac) should be 1 (default) or -1; setting qfac to 1
pixdim[0] (qfac) should be 1 (default) or -1; setting qfac to 1
INFO:nibabel.global:pixdim[0] (qfac) should be 1 (default) or -1; setting qfac to 1
pixdim[0] (qfac) should be 1 (default) or -1; setting qfac to 1
INFO:nibabel.global:pixdim[0] (qfac) should be 1 (default) or -1; setting qfac to 1
2025-06-14 14:48:50.262797: I external/local_xla/xla/stream_executor/cuda/cuda_dnn.cc:454] Loaded cuDNN version 8907
pixdim[0] (qfac) should be 1 (default) or -1; setting qfac to 1
INFO:nibabel.global:pixdim[0] (qfac) should be 1 (default) or -1; setting qfac to 1
pixdim[0] (qfac) should be 1 (default) or -1; setting qfac to 1
INFO:nibabel.global:pixdim[0] (qfac) should be 1 (default) or -1; setting qfac to 1
pixdim[0] (qfac) should be 1 (default) or -1; setting qfac to 1
INFO:nibabel.global:pixdim[0] (qfac) should be 1 (default) or -1; setting qfac to 1
pixdim[0] (qfac) should be 1 (default) or -1; setting qfac to 1
INFO:nibabel.global:pixdim[0] (qfac) should be 1 (default) or -1; setting qfac to 1
2025-06-14 14:49:06.726654: W external/local_tsl/tsl/framework/bfc_allocator.cc:296] Allocator (GPU_0_bfc) ran out of memory trying to allocate 2.27GiB with freed_by_count=0. The caller indicates that this is not a failure, but this may mean that there could be performance gains if more memory were available.
2025-06-14 14:49:06.828252: W external/local_tsl/tsl/framework/bfc_allocator.cc:296] Allocator (GPU_0_bfc) ran out of memory trying to allocate 2.30GiB with freed_by_count=0. The caller indicates that this is not a failure, but this may mean that there could be performance gains if more memory were available.
2025-06-14 14:49:06.829296: W external/local_tsl/tsl/framework/bfc_allocator.cc:296] Allocator (GPU_0_bfc) ran out of memory trying to allocate 2.27GiB with freed_by_count=0. The caller indicates that this is not a failure, but this may mean that there could be performance gains if more memory were available.
2025-06-14 14:49:07.449799: W external/local_tsl/tsl/framework/bfc_allocator.cc:296] Allocator (GPU_0_bfc) ran out of memory trying to allocate 2.27GiB with freed_by_count=0. The caller indicates that this is not a failure, but this may mean that there could be performance gains if more memory were available.
2025-06-14 14:49:07.503196: W external/local_tsl/tsl/framework/bfc_allocator.cc:296] Allocator (GPU_0_bfc) ran out of memory trying to allocate 2.30GiB with freed_by_count=0. The caller indicates that this is not a failure, but this may mean that there could be performance gains if more memory were available.
2025-06-14 14:49:07.504131: W external/local_tsl/tsl/framework/bfc_allocator.cc:296] Allocator (GPU_0_bfc) ran out of memory trying to allocate 2.27GiB with freed_by_count=0. The caller indicates that this is not a failure, but this may mean that there could be performance gains if more memory were available.
2025-06-14 14:49:18.124342: W external/local_tsl/tsl/framework/bfc_allocator.cc:485] Allocator (GPU_0_bfc) ran out of memory trying to allocate 3.61GiB (rounded to 3875536896)requested by op model/concatenate_2/concat
If the cause is memory fragmentation maybe the environment variable 'TF_GPU_ALLOCATOR=cuda_malloc_async' will improve the situation. 
Current allocation summary follows.
Current allocation summary follows.
2025-06-14 14:49:18.125504: I external/local_tsl/tsl/framework/bfc_allocator.cc:1039] BFCAllocator dump for GPU_0_bfc
2025-06-14 14:49:18.126364: I external/local_tsl/tsl/framework/bfc_allocator.cc:1046] Bin (256): 	Total Chunks: 155, Chunks in use: 155. 38.8KiB allocated for chunks. 38.8KiB in use in bin. 20.7KiB client-requested in use in bin.
2025-06-14 14:49:18.126951: I external/local_tsl/tsl/framework/bfc_allocator.cc:1046] Bin (512): 	Total Chunks: 56, Chunks in use: 55. 28.0KiB allocated for chunks. 27.5KiB in use in bin. 27.5KiB client-requested in use in bin.
2025-06-14 14:49:18.127647: I external/local_tsl/tsl/framework/bfc_allocator.cc:1046] Bin (1024): 	Total Chunks: 27, Chunks in use: 27. 27.2KiB allocated for chunks. 27.2KiB in use in bin. 27.0KiB client-requested in use in bin.
2025-06-14 14:49:18.128085: I external/local_tsl/tsl/framework/bfc_allocator.cc:1046] Bin (2048): 	Total Chunks: 3, Chunks in use: 3. 10.5KiB allocated for chunks. 10.5KiB in use in bin. 10.1KiB client-requested in use in bin.
2025-06-14 14:49:18.128473: I external/local_tsl/tsl/framework/bfc_allocator.cc:1046] Bin (4096): 	Total Chunks: 0, Chunks in use: 0. 0B allocated for chunks. 0B in use in bin. 0B client-requested in use in bin.
2025-06-14 14:49:18.128915: I external/local_tsl/tsl/framework/bfc_allocator.cc:1046] Bin (8192): 	Total Chunks: 0, Chunks in use: 0. 0B allocated for chunks. 0B in use in bin. 0B client-requested in use in bin.
2025-06-14 14:49:18.129363: I external/local_tsl/tsl/framework/bfc_allocator.cc:1046] Bin (16384): 	Total Chunks: 0, Chunks in use: 0. 0B allocated for chunks. 0B in use in bin. 0B client-requested in use in bin.
2025-06-14 14:49:18.129920: I external/local_tsl/tsl/framework/bfc_allocator.cc:1046] Bin (32768): 	Total Chunks: 0, Chunks in use: 0. 0B allocated for chunks. 0B in use in bin. 0B client-requested in use in bin.
2025-06-14 14:49:18.130359: I external/local_tsl/tsl/framework/bfc_allocator.cc:1046] Bin (65536): 	Total Chunks: 7, Chunks in use: 7. 653.0KiB allocated for chunks. 653.0KiB in use in bin. 624.0KiB client-requested in use in bin.
2025-06-14 14:49:18.130719: I external/local_tsl/tsl/framework/bfc_allocator.cc:1046] Bin (131072): 	Total Chunks: 8, Chunks in use: 8. 1.58MiB allocated for chunks. 1.58MiB in use in bin. 1.48MiB client-requested in use in bin.
2025-06-14 14:49:18.131056: I external/local_tsl/tsl/framework/bfc_allocator.cc:1046] Bin (262144): 	Total Chunks: 8, Chunks in use: 8. 2.95MiB allocated for chunks. 2.95MiB in use in bin. 2.86MiB client-requested in use in bin.
2025-06-14 14:49:18.131495: I external/local_tsl/tsl/framework/bfc_allocator.cc:1046] Bin (524288): 	Total Chunks: 7, Chunks in use: 7. 5.89MiB allocated for chunks. 5.89MiB in use in bin. 5.48MiB client-requested in use in bin.
2025-06-14 14:49:18.131898: I external/local_tsl/tsl/framework/bfc_allocator.cc:1046] Bin (1048576): 	Total Chunks: 9, Chunks in use: 9. 14.02MiB allocated for chunks. 14.02MiB in use in bin. 13.12MiB client-requested in use in bin.
2025-06-14 14:49:18.132283: I external/local_tsl/tsl/framework/bfc_allocator.cc:1046] Bin (2097152): 	Total Chunks: 5, Chunks in use: 5. 17.38MiB allocated for chunks. 17.38MiB in use in bin. 16.88MiB client-requested in use in bin.
2025-06-14 14:49:18.132711: I external/local_tsl/tsl/framework/bfc_allocator.cc:1046] Bin (4194304): 	Total Chunks: 3, Chunks in use: 3. 18.12MiB allocated for chunks. 18.12MiB in use in bin. 16.88MiB client-requested in use in bin.
2025-06-14 14:49:18.133084: I external/local_tsl/tsl/framework/bfc_allocator.cc:1046] Bin (8388608): 	Total Chunks: 3, Chunks in use: 3. 40.62MiB allocated for chunks. 40.62MiB in use in bin. 35.62MiB client-requested in use in bin.
2025-06-14 14:49:18.133454: I external/local_tsl/tsl/framework/bfc_allocator.cc:1046] Bin (16777216): 	Total Chunks: 5, Chunks in use: 4. 140.19MiB allocated for chunks. 115.50MiB in use in bin. 115.50MiB client-requested in use in bin.
2025-06-14 14:49:18.133787: I external/local_tsl/tsl/framework/bfc_allocator.cc:1046] Bin (33554432): 	Total Chunks: 2, Chunks in use: 2. 115.50MiB allocated for chunks. 115.50MiB in use in bin. 115.50MiB client-requested in use in bin.
2025-06-14 14:49:18.134165: I external/local_tsl/tsl/framework/bfc_allocator.cc:1046] Bin (67108864): 	Total Chunks: 8, Chunks in use: 8. 874.50MiB allocated for chunks. 874.50MiB in use in bin. 808.50MiB client-requested in use in bin.
2025-06-14 14:49:18.134520: I external/local_tsl/tsl/framework/bfc_allocator.cc:1046] Bin (134217728): 	Total Chunks: 5, Chunks in use: 5. 1.07GiB allocated for chunks. 1.07GiB in use in bin. 924.00MiB client-requested in use in bin.
2025-06-14 14:49:18.134925: I external/local_tsl/tsl/framework/bfc_allocator.cc:1046] Bin (268435456): 	Total Chunks: 18, Chunks in use: 15. 19.69GiB allocated for chunks. 15.34GiB in use in bin. 15.34GiB client-requested in use in bin.
2025-06-14 14:49:18.135265: I external/local_tsl/tsl/framework/bfc_allocator.cc:1062] Bin for 3.61GiB was 256.00MiB, Chunk State: 
2025-06-14 14:49:18.135677: I external/local_tsl/tsl/framework/bfc_allocator.cc:1068]   Size: 453.50MiB | Requested Size: 16.00MiB | in_use: 0 | bin_num: 20, prev:   Size: 462.00MiB | Requested Size: 462.00MiB | in_use: 1 | bin_num: -1
2025-06-14 14:49:18.136065: I external/local_tsl/tsl/framework/bfc_allocator.cc:1068]   Size: 1.80GiB | Requested Size: 1.80GiB | in_use: 0 | bin_num: 20, next:   Size: 1.80GiB | Requested Size: 1.80GiB | in_use: 1 | bin_num: -1
2025-06-14 14:49:18.136398: I external/local_tsl/tsl/framework/bfc_allocator.cc:1068]   Size: 2.10GiB | Requested Size: 1.82GiB | in_use: 0 | bin_num: 20, prev:   Size: 1.80GiB | Requested Size: 1.80GiB | in_use: 1 | bin_num: -1
2025-06-14 14:49:18.136733: I external/local_tsl/tsl/framework/bfc_allocator.cc:1075] Next region of size 6129582080
2025-06-14 14:49:18.137201: I external/local_tsl/tsl/framework/bfc_allocator.cc:1095] Free  at 7fb70a000000 of size 1937768448 next 107
2025-06-14 14:49:18.137568: I external/local_tsl/tsl/framework/bfc_allocator.cc:1095] InUse at 7fb77d800000 of size 1937768448 next 329
2025-06-14 14:49:18.137912: I external/local_tsl/tsl/framework/bfc_allocator.cc:1095] Free  at 7fb7f1000000 of size 2254045184 next 18446744073709551615
2025-06-14 14:49:18.138252: I external/local_tsl/tsl/framework/bfc_allocator.cc:1075] Next region of size 8589934592
2025-06-14 14:49:18.138667: I external/local_tsl/tsl/framework/bfc_allocator.cc:1095] InUse at 7fb8a2000000 of size 1937768448 next 281
2025-06-14 14:49:18.139063: I external/local_tsl/tsl/framework/bfc_allocator.cc:1095] InUse at 7fb915800000 of size 242221056 next 282
2025-06-14 14:49:18.139441: I external/local_tsl/tsl/framework/bfc_allocator.cc:1095] InUse at 7fb923f00000 of size 484442112 next 283
2025-06-14 14:49:18.139782: I external/local_tsl/tsl/framework/bfc_allocator.cc:1095] InUse at 7fb940d00000 of size 484442112 next 284
2025-06-14 14:49:18.140158: I external/local_tsl/tsl/framework/bfc_allocator.cc:1095] InUse at 7fb95db00000 of size 484442112 next 29
2025-06-14 14:49:18.140517: I external/local_tsl/tsl/framework/bfc_allocator.cc:1095] InUse at 7fb97a900000 of size 484442112 next 288
2025-06-14 14:49:18.140884: I external/local_tsl/tsl/framework/bfc_allocator.cc:1095] InUse at 7fb997700000 of size 484442112 next 292
2025-06-14 14:49:18.141289: I external/local_tsl/tsl/framework/bfc_allocator.cc:1095] InUse at 7fb9b4500000 of size 121110528 next 47
2025-06-14 14:49:18.141656: I external/local_tsl/tsl/framework/bfc_allocator.cc:1095] InUse at 7fb9bb880000 of size 121110528 next 296
2025-06-14 14:49:18.141993: I external/local_tsl/tsl/framework/bfc_allocator.cc:1095] InUse at 7fb9c2c00000 of size 121110528 next 300
2025-06-14 14:49:18.142389: I external/local_tsl/tsl/framework/bfc_allocator.cc:1095] InUse at 7fb9c9f80000 of size 30277632 next 302
2025-06-14 14:49:18.142732: I external/local_tsl/tsl/framework/bfc_allocator.cc:1095] InUse at 7fb9cbc60000 of size 30277632 next 303
2025-06-14 14:49:18.143131: I external/local_tsl/tsl/framework/bfc_allocator.cc:1095] InUse at 7fb9cd940000 of size 30277632 next 66
2025-06-14 14:49:18.143494: I external/local_tsl/tsl/framework/bfc_allocator.cc:1095] InUse at 7fb9cf620000 of size 30277632 next 307
2025-06-14 14:49:18.143995: I external/local_tsl/tsl/framework/bfc_allocator.cc:1095] InUse at 7fb9d1300000 of size 121110528 next 76
2025-06-14 14:49:18.144479: I external/local_tsl/tsl/framework/bfc_allocator.cc:1095] InUse at 7fb9d8680000 of size 121110528 next 312
2025-06-14 14:49:18.144845: I external/local_tsl/tsl/framework/bfc_allocator.cc:1095] InUse at 7fb9dfa00000 of size 242221056 next 311
2025-06-14 14:49:18.145194: I external/local_tsl/tsl/framework/bfc_allocator.cc:1095] InUse at 7fb9ee100000 of size 121110528 next 85
2025-06-14 14:49:18.145618: I external/local_tsl/tsl/framework/bfc_allocator.cc:1095] InUse at 7fb9f5480000 of size 484442112 next 325
2025-06-14 14:49:18.146017: I external/local_tsl/tsl/framework/bfc_allocator.cc:1095] InUse at 7fba12280000 of size 484442112 next 320
2025-06-14 14:49:18.146427: I external/local_tsl/tsl/framework/bfc_allocator.cc:1095] InUse at 7fba2f080000 of size 968884224 next 319
2025-06-14 14:49:18.146884: I external/local_tsl/tsl/framework/bfc_allocator.cc:1095] InUse at 7fba68c80000 of size 484442112 next 91
2025-06-14 14:49:18.147493: I external/local_tsl/tsl/framework/bfc_allocator.cc:1095] Free  at 7fba85a80000 of size 475529216 next 18446744073709551615
2025-06-14 14:49:18.147835: I external/local_tsl/tsl/framework/bfc_allocator.cc:1075] Next region of size 4294967296
2025-06-14 14:49:18.148284: I external/local_tsl/tsl/framework/bfc_allocator.cc:1095] InUse at 7fbabe000000 of size 1937768448 next 11
2025-06-14 14:49:18.148637: I external/local_tsl/tsl/framework/bfc_allocator.cc:1095] InUse at 7fbb31800000 of size 1937768448 next 276
2025-06-14 14:49:18.148959: I external/local_tsl/tsl/framework/bfc_allocator.cc:1095] InUse at 7fbba5000000 of size 242221056 next 20
2025-06-14 14:49:18.149350: I external/local_tsl/tsl/framework/bfc_allocator.cc:1095] InUse at 7fbbb3700000 of size 60555264 next 38
2025-06-14 14:49:18.149723: I external/local_tsl/tsl/framework/bfc_allocator.cc:1095] InUse at 7fbbb70c0000 of size 116654080 next 18446744073709551615
2025-06-14 14:49:18.150114: I external/local_tsl/tsl/framework/bfc_allocator.cc:1075] Next region of size 2147483648
2025-06-14 14:49:18.150548: I external/local_tsl/tsl/framework/bfc_allocator.cc:1095] InUse at 7fbbea000000 of size 1937768448 next 270
2025-06-14 14:49:18.150927: I external/local_tsl/tsl/framework/bfc_allocator.cc:1095] InUse at 7fbc5d800000 of size 209715200 next 18446744073709551615
2025-06-14 14:49:18.151282: I external/local_tsl/tsl/framework/bfc_allocator.cc:1075] Next region of size 2147483648
2025-06-14 14:49:18.151714: I external/local_tsl/tsl/framework/bfc_allocator.cc:1095] InUse at 7fbc70000000 of size 1937768448 next 268
2025-06-14 14:49:18.152074: I external/local_tsl/tsl/framework/bfc_allocator.cc:1095] InUse at 7fbce3800000 of size 209715200 next 18446744073709551615
2025-06-14 14:49:18.152440: I external/local_tsl/tsl/framework/bfc_allocator.cc:1075] Next region of size 134217728
2025-06-14 14:49:18.152940: I external/local_tsl/tsl/framework/bfc_allocator.cc:1095] InUse at 7fbd82000000 of size 60555264 next 264
2025-06-14 14:49:18.153312: I external/local_tsl/tsl/framework/bfc_allocator.cc:1095] InUse at 7fbd859c0000 of size 73662464 next 18446744073709551615
2025-06-14 14:49:18.153649: I external/local_tsl/tsl/framework/bfc_allocator.cc:1075] Next region of size 67108864
2025-06-14 14:49:18.154096: I external/local_tsl/tsl/framework/bfc_allocator.cc:1095] InUse at 7fbd8a000000 of size 3538944 next 198
2025-06-14 14:49:18.154498: I external/local_tsl/tsl/framework/bfc_allocator.cc:1095] InUse at 7fbd8a360000 of size 1769472 next 205
2025-06-14 14:49:18.154855: I external/local_tsl/tsl/framework/bfc_allocator.cc:1095] InUse at 7fbd8a510000 of size 1769472 next 206
2025-06-14 14:49:18.155202: I external/local_tsl/tsl/framework/bfc_allocator.cc:1095] InUse at 7fbd8a6c0000 of size 262144 next 213
2025-06-14 14:49:18.155531: I external/local_tsl/tsl/framework/bfc_allocator.cc:1095] InUse at 7fbd8a700000 of size 262144 next 214
2025-06-14 14:49:18.155887: I external/local_tsl/tsl/framework/bfc_allocator.cc:1095] InUse at 7fbd8a740000 of size 884736 next 217
2025-06-14 14:49:18.156252: I external/local_tsl/tsl/framework/bfc_allocator.cc:1095] InUse at 7fbd8a818000 of size 884736 next 218
2025-06-14 14:49:18.156619: I external/local_tsl/tsl/framework/bfc_allocator.cc:1095] InUse at 7fbd8a8f0000 of size 442368 next 225
2025-06-14 14:49:18.156972: I external/local_tsl/tsl/framework/bfc_allocator.cc:1095] InUse at 7fbd8a95c000 of size 442368 next 226
2025-06-14 14:49:18.157387: I external/local_tsl/tsl/framework/bfc_allocator.cc:1095] InUse at 7fbd8a9c8000 of size 256 next 234
2025-06-14 14:49:18.157814: I external/local_tsl/tsl/framework/bfc_allocator.cc:1095] InUse at 7fbd8a9c8100 of size 256 next 235
2025-06-14 14:49:18.158249: I external/local_tsl/tsl/framework/bfc_allocator.cc:1095] InUse at 7fbd8a9c8200 of size 221184 next 236
2025-06-14 14:49:18.158574: I external/local_tsl/tsl/framework/bfc_allocator.cc:1095] InUse at 7fbd8a9fe200 of size 221184 next 237
2025-06-14 14:49:18.158943: I external/local_tsl/tsl/framework/bfc_allocator.cc:1095] InUse at 7fbd8aa34200 of size 256 next 238
2025-06-14 14:49:18.159385: I external/local_tsl/tsl/framework/bfc_allocator.cc:1095] InUse at 7fbd8aa34300 of size 256 next 239
2025-06-14 14:49:18.159812: I external/local_tsl/tsl/framework/bfc_allocator.cc:1095] InUse at 7fbd8aa34400 of size 256 next 240
2025-06-14 14:49:18.160411: I external/local_tsl/tsl/framework/bfc_allocator.cc:1095] InUse at 7fbd8aa34500 of size 256 next 241
2025-06-14 14:49:18.160982: I external/local_tsl/tsl/framework/bfc_allocator.cc:1095] InUse at 7fbd8aa34600 of size 256 next 242
2025-06-14 14:49:18.161413: I external/local_tsl/tsl/framework/bfc_allocator.cc:1095] InUse at 7fbd8aa34700 of size 256 next 243
2025-06-14 14:49:18.161833: I external/local_tsl/tsl/framework/bfc_allocator.cc:1095] InUse at 7fbd8aa34800 of size 110592 next 244
2025-06-14 14:49:18.162165: I external/local_tsl/tsl/framework/bfc_allocator.cc:1095] InUse at 7fbd8aa4f800 of size 110592 next 245
2025-06-14 14:49:18.162578: I external/local_tsl/tsl/framework/bfc_allocator.cc:1095] InUse at 7fbd8aa6a800 of size 256 next 246
2025-06-14 14:49:18.163049: I external/local_tsl/tsl/framework/bfc_allocator.cc:1095] InUse at 7fbd8aa6a900 of size 256 next 247
2025-06-14 14:49:18.163526: I external/local_tsl/tsl/framework/bfc_allocator.cc:1095] InUse at 7fbd8aa6aa00 of size 256 next 248
2025-06-14 14:49:18.163963: I external/local_tsl/tsl/framework/bfc_allocator.cc:1095] InUse at 7fbd8aa6ab00 of size 256 next 249
2025-06-14 14:49:18.164425: I external/local_tsl/tsl/framework/bfc_allocator.cc:1095] InUse at 7fbd8aa6ac00 of size 256 next 250
2025-06-14 14:49:18.164887: I external/local_tsl/tsl/framework/bfc_allocator.cc:1095] InUse at 7fbd8aa6ad00 of size 256 next 251
2025-06-14 14:49:18.165315: I external/local_tsl/tsl/framework/bfc_allocator.cc:1095] InUse at 7fbd8aa6ae00 of size 256 next 252
2025-06-14 14:49:18.165732: I external/local_tsl/tsl/framework/bfc_allocator.cc:1095] InUse at 7fbd8aa6af00 of size 256 next 253
2025-06-14 14:49:18.166209: I external/local_tsl/tsl/framework/bfc_allocator.cc:1095] InUse at 7fbd8aa6b000 of size 256 next 254
2025-06-14 14:49:18.166641: I external/local_tsl/tsl/framework/bfc_allocator.cc:1095] InUse at 7fbd8aa6b100 of size 256 next 255
2025-06-14 14:49:18.167054: I external/local_tsl/tsl/framework/bfc_allocator.cc:1095] InUse at 7fbd8aa6b200 of size 256 next 256
2025-06-14 14:49:18.167503: I external/local_tsl/tsl/framework/bfc_allocator.cc:1095] InUse at 7fbd8aa6b300 of size 256 next 257
2025-06-14 14:49:18.167945: I external/local_tsl/tsl/framework/bfc_allocator.cc:1095] InUse at 7fbd8aa6b400 of size 256 next 258
2025-06-14 14:49:18.168358: I external/local_tsl/tsl/framework/bfc_allocator.cc:1095] InUse at 7fbd8aa6b500 of size 256 next 259
2025-06-14 14:49:18.168806: I external/local_tsl/tsl/framework/bfc_allocator.cc:1095] InUse at 7fbd8aa6b600 of size 256 next 260
2025-06-14 14:49:18.169235: I external/local_tsl/tsl/framework/bfc_allocator.cc:1095] InUse at 7fbd8aa6b700 of size 256 next 261
2025-06-14 14:49:18.169703: I external/local_tsl/tsl/framework/bfc_allocator.cc:1095] InUse at 7fbd8aa6b800 of size 256 next 262
2025-06-14 14:49:18.170143: I external/local_tsl/tsl/framework/bfc_allocator.cc:1095] InUse at 7fbd8aa6b900 of size 256 next 263
2025-06-14 14:49:18.170631: I external/local_tsl/tsl/framework/bfc_allocator.cc:1095] InUse at 7fbd8aa6ba00 of size 256 next 265
2025-06-14 14:49:18.171113: I external/local_tsl/tsl/framework/bfc_allocator.cc:1095] InUse at 7fbd8aa6bb00 of size 256 next 266
2025-06-14 14:49:18.171573: I external/local_tsl/tsl/framework/bfc_allocator.cc:1095] InUse at 7fbd8aa6bc00 of size 256 next 269
2025-06-14 14:49:18.171997: I external/local_tsl/tsl/framework/bfc_allocator.cc:1095] InUse at 7fbd8aa6bd00 of size 256 next 272
2025-06-14 14:49:18.172453: I external/local_tsl/tsl/framework/bfc_allocator.cc:1095] InUse at 7fbd8aa6be00 of size 256 next 274
2025-06-14 14:49:18.172873: I external/local_tsl/tsl/framework/bfc_allocator.cc:1095] InUse at 7fbd8aa6bf00 of size 256 next 275
2025-06-14 14:49:18.173348: I external/local_tsl/tsl/framework/bfc_allocator.cc:1095] InUse at 7fbd8aa6c000 of size 256 next 279
2025-06-14 14:49:18.173804: I external/local_tsl/tsl/framework/bfc_allocator.cc:1095] InUse at 7fbd8aa6c100 of size 256 next 280
2025-06-14 14:49:18.174257: I external/local_tsl/tsl/framework/bfc_allocator.cc:1095] InUse at 7fbd8aa6c200 of size 256 next 286
2025-06-14 14:49:18.174700: I external/local_tsl/tsl/framework/bfc_allocator.cc:1095] InUse at 7fbd8aa6c300 of size 256 next 287
2025-06-14 14:49:18.175124: I external/local_tsl/tsl/framework/bfc_allocator.cc:1095] InUse at 7fbd8aa6c400 of size 256 next 290
2025-06-14 14:49:18.175544: I external/local_tsl/tsl/framework/bfc_allocator.cc:1095] InUse at 7fbd8aa6c500 of size 256 next 291
2025-06-14 14:49:18.175976: I external/local_tsl/tsl/framework/bfc_allocator.cc:1095] InUse at 7fbd8aa6c600 of size 512 next 293
2025-06-14 14:49:18.176552: I external/local_tsl/tsl/framework/bfc_allocator.cc:1095] InUse at 7fbd8aa6c800 of size 512 next 294
2025-06-14 14:49:18.177032: I external/local_tsl/tsl/framework/bfc_allocator.cc:1095] InUse at 7fbd8aa6ca00 of size 512 next 295
2025-06-14 14:49:18.177496: I external/local_tsl/tsl/framework/bfc_allocator.cc:1095] InUse at 7fbd8aa6cc00 of size 512 next 298
2025-06-14 14:49:18.177930: I external/local_tsl/tsl/framework/bfc_allocator.cc:1095] InUse at 7fbd8aa6ce00 of size 512 next 299
2025-06-14 14:49:18.178395: I external/local_tsl/tsl/framework/bfc_allocator.cc:1095] InUse at 7fbd8aa6d000 of size 15138816 next 56
2025-06-14 14:49:18.178768: I external/local_tsl/tsl/framework/bfc_allocator.cc:1095] InUse at 7fbd8b8dd000 of size 15138816 next 301
2025-06-14 14:49:18.179095: I external/local_tsl/tsl/framework/bfc_allocator.cc:1095] InUse at 7fbd8c74d000 of size 1024 next 304
2025-06-14 14:49:18.179514: I external/local_tsl/tsl/framework/bfc_allocator.cc:1095] InUse at 7fbd8c74d400 of size 1024 next 305
2025-06-14 14:49:18.180001: I external/local_tsl/tsl/framework/bfc_allocator.cc:1095] InUse at 7fbd8c74d800 of size 1024 next 306
2025-06-14 14:49:18.180489: I external/local_tsl/tsl/framework/bfc_allocator.cc:1095] InUse at 7fbd8c74dc00 of size 1024 next 309
2025-06-14 14:49:18.180943: I external/local_tsl/tsl/framework/bfc_allocator.cc:1095] InUse at 7fbd8c74e000 of size 1024 next 310
2025-06-14 14:49:18.181369: I external/local_tsl/tsl/framework/bfc_allocator.cc:1095] InUse at 7fbd8c74e400 of size 512 next 317
2025-06-14 14:49:18.181838: I external/local_tsl/tsl/framework/bfc_allocator.cc:1095] InUse at 7fbd8c74e600 of size 512 next 318
2025-06-14 14:49:18.182287: I external/local_tsl/tsl/framework/bfc_allocator.cc:1095] InUse at 7fbd8c74e800 of size 256 next 326
2025-06-14 14:49:18.182720: I external/local_tsl/tsl/framework/bfc_allocator.cc:1095] InUse at 7fbd8c74e900 of size 256 next 327
2025-06-14 14:49:18.183153: I external/local_tsl/tsl/framework/bfc_allocator.cc:1095] Free  at 7fbd8c74ea00 of size 25892352 next 18446744073709551615
2025-06-14 14:49:18.183506: I external/local_tsl/tsl/framework/bfc_allocator.cc:1075] Next region of size 33554432
2025-06-14 14:49:18.183955: I external/local_tsl/tsl/framework/bfc_allocator.cc:1095] InUse at 7fbda2000000 of size 3538944 next 83
2025-06-14 14:49:18.184337: I external/local_tsl/tsl/framework/bfc_allocator.cc:1095] InUse at 7fbda2360000 of size 221184 next 152
2025-06-14 14:49:18.184720: I external/local_tsl/tsl/framework/bfc_allocator.cc:1095] InUse at 7fbda2396000 of size 221184 next 106
2025-06-14 14:49:18.185095: I external/local_tsl/tsl/framework/bfc_allocator.cc:1095] InUse at 7fbda23cc000 of size 442368 next 100
2025-06-14 14:49:18.185475: I external/local_tsl/tsl/framework/bfc_allocator.cc:1095] InUse at 7fbda2438000 of size 884736 next 90
2025-06-14 14:49:18.185823: I external/local_tsl/tsl/framework/bfc_allocator.cc:1095] InUse at 7fbda2510000 of size 1769472 next 74
2025-06-14 14:49:18.186169: I external/local_tsl/tsl/framework/bfc_allocator.cc:1095] InUse at 7fbda26c0000 of size 7077888 next 72
2025-06-14 14:49:18.186507: I external/local_tsl/tsl/framework/bfc_allocator.cc:1095] InUse at 7fbda2d80000 of size 7077888 next 187
2025-06-14 14:49:18.186887: I external/local_tsl/tsl/framework/bfc_allocator.cc:1095] InUse at 7fbda3440000 of size 12320768 next 18446744073709551615
2025-06-14 14:49:18.187248: I external/local_tsl/tsl/framework/bfc_allocator.cc:1075] Next region of size 16777216
2025-06-14 14:49:18.187674: I external/local_tsl/tsl/framework/bfc_allocator.cc:1095] InUse at 7fbdaa000000 of size 1769472 next 173
2025-06-14 14:49:18.188004: I external/local_tsl/tsl/framework/bfc_allocator.cc:1095] InUse at 7fbdaa1b0000 of size 1769472 next 64
2025-06-14 14:49:18.188358: I external/local_tsl/tsl/framework/bfc_allocator.cc:1095] InUse at 7fbdaa360000 of size 3538944 next 62
2025-06-14 14:49:18.188701: I external/local_tsl/tsl/framework/bfc_allocator.cc:1095] InUse at 7fbdaa6c0000 of size 3538944 next 180
2025-06-14 14:49:18.189037: I external/local_tsl/tsl/framework/bfc_allocator.cc:1095] InUse at 7fbdaaa20000 of size 1048576 next 194
2025-06-14 14:49:18.189369: I external/local_tsl/tsl/framework/bfc_allocator.cc:1095] InUse at 7fbdaab20000 of size 1048576 next 195
2025-06-14 14:49:18.189740: I external/local_tsl/tsl/framework/bfc_allocator.cc:1095] InUse at 7fbdaac20000 of size 4063232 next 18446744073709551615
2025-06-14 14:49:18.190090: I external/local_tsl/tsl/framework/bfc_allocator.cc:1075] Next region of size 2097152
2025-06-14 14:49:18.190503: I external/local_tsl/tsl/framework/bfc_allocator.cc:1095] InUse at 7fbe0ee00000 of size 1280 next 1
2025-06-14 14:49:18.190947: I external/local_tsl/tsl/framework/bfc_allocator.cc:1095] InUse at 7fbe0ee00500 of size 256 next 2
2025-06-14 14:49:18.191361: I external/local_tsl/tsl/framework/bfc_allocator.cc:1095] InUse at 7fbe0ee00600 of size 256 next 3
2025-06-14 14:49:18.191804: I external/local_tsl/tsl/framework/bfc_allocator.cc:1095] InUse at 7fbe0ee00700 of size 256 next 5
2025-06-14 14:49:18.192237: I external/local_tsl/tsl/framework/bfc_allocator.cc:1095] InUse at 7fbe0ee00800 of size 256 next 6
2025-06-14 14:49:18.192681: I external/local_tsl/tsl/framework/bfc_allocator.cc:1095] InUse at 7fbe0ee00900 of size 256 next 4
2025-06-14 14:49:18.193213: I external/local_tsl/tsl/framework/bfc_allocator.cc:1095] InUse at 7fbe0ee00a00 of size 256 next 7
2025-06-14 14:49:18.193691: I external/local_tsl/tsl/framework/bfc_allocator.cc:1095] InUse at 7fbe0ee00b00 of size 256 next 10
2025-06-14 14:49:18.194112: I external/local_tsl/tsl/framework/bfc_allocator.cc:1095] InUse at 7fbe0ee00c00 of size 256 next 277
2025-06-14 14:49:18.194634: I external/local_tsl/tsl/framework/bfc_allocator.cc:1095] InUse at 7fbe0ee00d00 of size 256 next 12
2025-06-14 14:49:18.195068: I external/local_tsl/tsl/framework/bfc_allocator.cc:1095] InUse at 7fbe0ee00e00 of size 256 next 13
2025-06-14 14:49:18.195505: I external/local_tsl/tsl/framework/bfc_allocator.cc:1095] InUse at 7fbe0ee00f00 of size 256 next 14
2025-06-14 14:49:18.195975: I external/local_tsl/tsl/framework/bfc_allocator.cc:1095] InUse at 7fbe0ee01000 of size 256 next 17
2025-06-14 14:49:18.196654: I external/local_tsl/tsl/framework/bfc_allocator.cc:1095] InUse at 7fbe0ee01100 of size 256 next 15
2025-06-14 14:49:18.197122: I external/local_tsl/tsl/framework/bfc_allocator.cc:1095] InUse at 7fbe0ee01200 of size 256 next 16
2025-06-14 14:49:18.197548: I external/local_tsl/tsl/framework/bfc_allocator.cc:1095] InUse at 7fbe0ee01300 of size 256 next 285
2025-06-14 14:49:18.198055: I external/local_tsl/tsl/framework/bfc_allocator.cc:1095] InUse at 7fbe0ee01400 of size 256 next 21
2025-06-14 14:49:18.198639: I external/local_tsl/tsl/framework/bfc_allocator.cc:1095] InUse at 7fbe0ee01500 of size 256 next 22
2025-06-14 14:49:18.199088: I external/local_tsl/tsl/framework/bfc_allocator.cc:1095] InUse at 7fbe0ee01600 of size 256 next 23
2025-06-14 14:49:18.199499: I external/local_tsl/tsl/framework/bfc_allocator.cc:1095] InUse at 7fbe0ee01700 of size 256 next 24
2025-06-14 14:49:18.199990: I external/local_tsl/tsl/framework/bfc_allocator.cc:1095] InUse at 7fbe0ee01800 of size 256 next 25
2025-06-14 14:49:18.200514: I external/local_tsl/tsl/framework/bfc_allocator.cc:1095] InUse at 7fbe0ee01900 of size 256 next 28
2025-06-14 14:49:18.200965: I external/local_tsl/tsl/framework/bfc_allocator.cc:1095] InUse at 7fbe0ee01a00 of size 256 next 289
2025-06-14 14:49:18.201434: I external/local_tsl/tsl/framework/bfc_allocator.cc:1095] InUse at 7fbe0ee01b00 of size 256 next 30
2025-06-14 14:49:18.201880: I external/local_tsl/tsl/framework/bfc_allocator.cc:1095] InUse at 7fbe0ee01c00 of size 256 next 31
2025-06-14 14:49:18.202339: I external/local_tsl/tsl/framework/bfc_allocator.cc:1095] InUse at 7fbe0ee01d00 of size 256 next 32
2025-06-14 14:49:18.202745: I external/local_tsl/tsl/framework/bfc_allocator.cc:1095] InUse at 7fbe0ee01e00 of size 256 next 35
2025-06-14 14:49:18.203167: I external/local_tsl/tsl/framework/bfc_allocator.cc:1095] InUse at 7fbe0ee01f00 of size 256 next 33
2025-06-14 14:49:18.203583: I external/local_tsl/tsl/framework/bfc_allocator.cc:1095] InUse at 7fbe0ee02000 of size 256 next 34
2025-06-14 14:49:18.204061: I external/local_tsl/tsl/framework/bfc_allocator.cc:1095] InUse at 7fbe0ee02100 of size 512 next 39
2025-06-14 14:49:18.204517: I external/local_tsl/tsl/framework/bfc_allocator.cc:1095] InUse at 7fbe0ee02300 of size 256 next 40
2025-06-14 14:49:18.204968: I external/local_tsl/tsl/framework/bfc_allocator.cc:1095] InUse at 7fbe0ee02400 of size 256 next 41
2025-06-14 14:49:18.205395: I external/local_tsl/tsl/framework/bfc_allocator.cc:1095] InUse at 7fbe0ee02500 of size 256 next 8
2025-06-14 14:49:18.205882: I external/local_tsl/tsl/framework/bfc_allocator.cc:1095] InUse at 7fbe0ee02600 of size 3584 next 9
2025-06-14 14:49:18.206328: I external/local_tsl/tsl/framework/bfc_allocator.cc:1095] InUse at 7fbe0ee03400 of size 512 next 42
2025-06-14 14:49:18.206740: I external/local_tsl/tsl/framework/bfc_allocator.cc:1095] InUse at 7fbe0ee03600 of size 512 next 45
2025-06-14 14:49:18.207150: I external/local_tsl/tsl/framework/bfc_allocator.cc:1095] InUse at 7fbe0ee03800 of size 512 next 46
2025-06-14 14:49:18.207625: I external/local_tsl/tsl/framework/bfc_allocator.cc:1095] InUse at 7fbe0ee03a00 of size 512 next 297
2025-06-14 14:49:18.208106: I external/local_tsl/tsl/framework/bfc_allocator.cc:1095] InUse at 7fbe0ee03c00 of size 512 next 48
2025-06-14 14:49:18.208532: I external/local_tsl/tsl/framework/bfc_allocator.cc:1095] InUse at 7fbe0ee03e00 of size 256 next 49
2025-06-14 14:49:18.208957: I external/local_tsl/tsl/framework/bfc_allocator.cc:1095] InUse at 7fbe0ee03f00 of size 512 next 50
2025-06-14 14:49:18.209444: I external/local_tsl/tsl/framework/bfc_allocator.cc:1095] InUse at 7fbe0ee04100 of size 512 next 51
2025-06-14 14:49:18.210045: I external/local_tsl/tsl/framework/bfc_allocator.cc:1095] InUse at 7fbe0ee04300 of size 512 next 55
2025-06-14 14:49:18.210590: I external/local_tsl/tsl/framework/bfc_allocator.cc:1095] InUse at 7fbe0ee04500 of size 1024 next 57
2025-06-14 14:49:18.211028: I external/local_tsl/tsl/framework/bfc_allocator.cc:1095] InUse at 7fbe0ee04900 of size 256 next 58
2025-06-14 14:49:18.211467: I external/local_tsl/tsl/framework/bfc_allocator.cc:1095] InUse at 7fbe0ee04a00 of size 256 next 59
2025-06-14 14:49:18.211888: I external/local_tsl/tsl/framework/bfc_allocator.cc:1095] InUse at 7fbe0ee04b00 of size 1024 next 60
2025-06-14 14:49:18.212350: I external/local_tsl/tsl/framework/bfc_allocator.cc:1095] InUse at 7fbe0ee04f00 of size 1024 next 61
2025-06-14 14:49:18.212900: I external/local_tsl/tsl/framework/bfc_allocator.cc:1095] InUse at 7fbe0ee05300 of size 1024 next 65
2025-06-14 14:49:18.213407: I external/local_tsl/tsl/framework/bfc_allocator.cc:1095] InUse at 7fbe0ee05700 of size 1024 next 308
2025-06-14 14:49:18.213876: I external/local_tsl/tsl/framework/bfc_allocator.cc:1095] InUse at 7fbe0ee05b00 of size 1024 next 67
2025-06-14 14:49:18.214305: I external/local_tsl/tsl/framework/bfc_allocator.cc:1095] InUse at 7fbe0ee05f00 of size 256 next 68
2025-06-14 14:49:18.214723: I external/local_tsl/tsl/framework/bfc_allocator.cc:1095] InUse at 7fbe0ee06000 of size 256 next 69
2025-06-14 14:49:18.215146: I external/local_tsl/tsl/framework/bfc_allocator.cc:1095] InUse at 7fbe0ee06100 of size 1024 next 70
2025-06-14 14:49:18.215608: I external/local_tsl/tsl/framework/bfc_allocator.cc:1095] InUse at 7fbe0ee06500 of size 1024 next 71
2025-06-14 14:49:18.216030: I external/local_tsl/tsl/framework/bfc_allocator.cc:1095] InUse at 7fbe0ee06900 of size 1024 next 75
2025-06-14 14:49:18.216446: I external/local_tsl/tsl/framework/bfc_allocator.cc:1095] InUse at 7fbe0ee06d00 of size 512 next 313
2025-06-14 14:49:18.216872: I external/local_tsl/tsl/framework/bfc_allocator.cc:1095] InUse at 7fbe0ee06f00 of size 512 next 314
2025-06-14 14:49:18.217321: I external/local_tsl/tsl/framework/bfc_allocator.cc:1095] InUse at 7fbe0ee07100 of size 512 next 315
2025-06-14 14:49:18.217746: I external/local_tsl/tsl/framework/bfc_allocator.cc:1095] InUse at 7fbe0ee07300 of size 512 next 77
2025-06-14 14:49:18.218192: I external/local_tsl/tsl/framework/bfc_allocator.cc:1095] InUse at 7fbe0ee07500 of size 256 next 78
2025-06-14 14:49:18.218629: I external/local_tsl/tsl/framework/bfc_allocator.cc:1095] InUse at 7fbe0ee07600 of size 256 next 79
2025-06-14 14:49:18.219099: I external/local_tsl/tsl/framework/bfc_allocator.cc:1095] InUse at 7fbe0ee07700 of size 512 next 80
2025-06-14 14:49:18.219526: I external/local_tsl/tsl/framework/bfc_allocator.cc:1095] InUse at 7fbe0ee07900 of size 512 next 81
2025-06-14 14:49:18.219961: I external/local_tsl/tsl/framework/bfc_allocator.cc:1095] InUse at 7fbe0ee07b00 of size 512 next 82
2025-06-14 14:49:18.220393: I external/local_tsl/tsl/framework/bfc_allocator.cc:1095] InUse at 7fbe0ee07d00 of size 512 next 84
2025-06-14 14:49:18.220824: I external/local_tsl/tsl/framework/bfc_allocator.cc:1095] InUse at 7fbe0ee07f00 of size 512 next 316
2025-06-14 14:49:18.221268: I external/local_tsl/tsl/framework/bfc_allocator.cc:1095] InUse at 7fbe0ee08100 of size 512 next 86
2025-06-14 14:49:18.221717: I external/local_tsl/tsl/framework/bfc_allocator.cc:1095] InUse at 7fbe0ee08300 of size 512 next 87
2025-06-14 14:49:18.222163: I external/local_tsl/tsl/framework/bfc_allocator.cc:1095] InUse at 7fbe0ee08500 of size 512 next 88
2025-06-14 14:49:18.222627: I external/local_tsl/tsl/framework/bfc_allocator.cc:1095] InUse at 7fbe0ee08700 of size 512 next 89
2025-06-14 14:49:18.223056: I external/local_tsl/tsl/framework/bfc_allocator.cc:1095] InUse at 7fbe0ee08900 of size 256 next 321
2025-06-14 14:49:18.223488: I external/local_tsl/tsl/framework/bfc_allocator.cc:1095] InUse at 7fbe0ee08a00 of size 256 next 323
2025-06-14 14:49:18.223987: I external/local_tsl/tsl/framework/bfc_allocator.cc:1095] InUse at 7fbe0ee08b00 of size 256 next 324
2025-06-14 14:49:18.224428: I external/local_tsl/tsl/framework/bfc_allocator.cc:1095] InUse at 7fbe0ee08c00 of size 256 next 92
2025-06-14 14:49:18.224843: I external/local_tsl/tsl/framework/bfc_allocator.cc:1095] InUse at 7fbe0ee08d00 of size 256 next 93
2025-06-14 14:49:18.225310: I external/local_tsl/tsl/framework/bfc_allocator.cc:1095] InUse at 7fbe0ee08e00 of size 256 next 94
2025-06-14 14:49:18.225764: I external/local_tsl/tsl/framework/bfc_allocator.cc:1095] InUse at 7fbe0ee08f00 of size 256 next 97
2025-06-14 14:49:18.226250: I external/local_tsl/tsl/framework/bfc_allocator.cc:1095] InUse at 7fbe0ee09000 of size 256 next 95
2025-06-14 14:49:18.226698: I external/local_tsl/tsl/framework/bfc_allocator.cc:1095] InUse at 7fbe0ee09100 of size 256 next 96
2025-06-14 14:49:18.227223: I external/local_tsl/tsl/framework/bfc_allocator.cc:1095] InUse at 7fbe0ee09200 of size 256 next 98
2025-06-14 14:49:18.227842: I external/local_tsl/tsl/framework/bfc_allocator.cc:1095] InUse at 7fbe0ee09300 of size 256 next 101
2025-06-14 14:49:18.228363: I external/local_tsl/tsl/framework/bfc_allocator.cc:1095] InUse at 7fbe0ee09400 of size 256 next 102
2025-06-14 14:49:18.228860: I external/local_tsl/tsl/framework/bfc_allocator.cc:1095] InUse at 7fbe0ee09500 of size 256 next 103
2025-06-14 14:49:18.229385: I external/local_tsl/tsl/framework/bfc_allocator.cc:1095] InUse at 7fbe0ee09600 of size 256 next 104
2025-06-14 14:49:18.229887: I external/local_tsl/tsl/framework/bfc_allocator.cc:1095] InUse at 7fbe0ee09700 of size 256 next 105
2025-06-14 14:49:18.230321: I external/local_tsl/tsl/framework/bfc_allocator.cc:1095] Free  at 7fbe0ee09800 of size 512 next 108
2025-06-14 14:49:18.230778: I external/local_tsl/tsl/framework/bfc_allocator.cc:1095] InUse at 7fbe0ee09a00 of size 256 next 109
2025-06-14 14:49:18.231232: I external/local_tsl/tsl/framework/bfc_allocator.cc:1095] InUse at 7fbe0ee09b00 of size 256 next 110
2025-06-14 14:49:18.231674: I external/local_tsl/tsl/framework/bfc_allocator.cc:1095] InUse at 7fbe0ee09c00 of size 256 next 146
2025-06-14 14:49:18.232085: I external/local_tsl/tsl/framework/bfc_allocator.cc:1095] InUse at 7fbe0ee09d00 of size 256 next 147
2025-06-14 14:49:18.232507: I external/local_tsl/tsl/framework/bfc_allocator.cc:1095] InUse at 7fbe0ee09e00 of size 256 next 148
2025-06-14 14:49:18.232952: I external/local_tsl/tsl/framework/bfc_allocator.cc:1095] InUse at 7fbe0ee09f00 of size 256 next 149
2025-06-14 14:49:18.233447: I external/local_tsl/tsl/framework/bfc_allocator.cc:1095] InUse at 7fbe0ee0a000 of size 256 next 150
2025-06-14 14:49:18.233951: I external/local_tsl/tsl/framework/bfc_allocator.cc:1095] InUse at 7fbe0ee0a100 of size 256 next 151
2025-06-14 14:49:18.234396: I external/local_tsl/tsl/framework/bfc_allocator.cc:1095] InUse at 7fbe0ee0a200 of size 256 next 153
2025-06-14 14:49:18.234841: I external/local_tsl/tsl/framework/bfc_allocator.cc:1095] InUse at 7fbe0ee0a300 of size 256 next 154
2025-06-14 14:49:18.235289: I external/local_tsl/tsl/framework/bfc_allocator.cc:1095] InUse at 7fbe0ee0a400 of size 256 next 155
2025-06-14 14:49:18.235729: I external/local_tsl/tsl/framework/bfc_allocator.cc:1095] InUse at 7fbe0ee0a500 of size 256 next 156
2025-06-14 14:49:18.236145: I external/local_tsl/tsl/framework/bfc_allocator.cc:1095] InUse at 7fbe0ee0a600 of size 256 next 157
2025-06-14 14:49:18.236585: I external/local_tsl/tsl/framework/bfc_allocator.cc:1095] InUse at 7fbe0ee0a700 of size 256 next 158
2025-06-14 14:49:18.237056: I external/local_tsl/tsl/framework/bfc_allocator.cc:1095] InUse at 7fbe0ee0a800 of size 256 next 160
2025-06-14 14:49:18.237521: I external/local_tsl/tsl/framework/bfc_allocator.cc:1095] InUse at 7fbe0ee0a900 of size 256 next 161
2025-06-14 14:49:18.237963: I external/local_tsl/tsl/framework/bfc_allocator.cc:1095] InUse at 7fbe0ee0aa00 of size 256 next 162
2025-06-14 14:49:18.238399: I external/local_tsl/tsl/framework/bfc_allocator.cc:1095] InUse at 7fbe0ee0ab00 of size 256 next 163
2025-06-14 14:49:18.238831: I external/local_tsl/tsl/framework/bfc_allocator.cc:1095] InUse at 7fbe0ee0ac00 of size 256 next 164
2025-06-14 14:49:18.239300: I external/local_tsl/tsl/framework/bfc_allocator.cc:1095] InUse at 7fbe0ee0ad00 of size 256 next 165
2025-06-14 14:49:18.239750: I external/local_tsl/tsl/framework/bfc_allocator.cc:1095] InUse at 7fbe0ee0ae00 of size 512 next 167
2025-06-14 14:49:18.240213: I external/local_tsl/tsl/framework/bfc_allocator.cc:1095] InUse at 7fbe0ee0b000 of size 512 next 168
2025-06-14 14:49:18.240642: I external/local_tsl/tsl/framework/bfc_allocator.cc:1095] InUse at 7fbe0ee0b200 of size 512 next 169
2025-06-14 14:49:18.241063: I external/local_tsl/tsl/framework/bfc_allocator.cc:1095] InUse at 7fbe0ee0b400 of size 512 next 170
2025-06-14 14:49:18.241515: I external/local_tsl/tsl/framework/bfc_allocator.cc:1095] InUse at 7fbe0ee0b600 of size 512 next 171
2025-06-14 14:49:18.242016: I external/local_tsl/tsl/framework/bfc_allocator.cc:1095] InUse at 7fbe0ee0b800 of size 512 next 172
2025-06-14 14:49:18.242453: I external/local_tsl/tsl/framework/bfc_allocator.cc:1095] InUse at 7fbe0ee0ba00 of size 512 next 174
2025-06-14 14:49:18.242907: I external/local_tsl/tsl/framework/bfc_allocator.cc:1095] InUse at 7fbe0ee0bc00 of size 512 next 175
2025-06-14 14:49:18.243461: I external/local_tsl/tsl/framework/bfc_allocator.cc:1095] InUse at 7fbe0ee0be00 of size 512 next 176
2025-06-14 14:49:18.244127: I external/local_tsl/tsl/framework/bfc_allocator.cc:1095] InUse at 7fbe0ee0c000 of size 512 next 177
2025-06-14 14:49:18.244562: I external/local_tsl/tsl/framework/bfc_allocator.cc:1095] InUse at 7fbe0ee0c200 of size 512 next 178
2025-06-14 14:49:18.245036: I external/local_tsl/tsl/framework/bfc_allocator.cc:1095] InUse at 7fbe0ee0c400 of size 512 next 179
2025-06-14 14:49:18.245473: I external/local_tsl/tsl/framework/bfc_allocator.cc:1095] InUse at 7fbe0ee0c600 of size 1024 next 181
2025-06-14 14:49:18.245977: I external/local_tsl/tsl/framework/bfc_allocator.cc:1095] InUse at 7fbe0ee0ca00 of size 1024 next 182
2025-06-14 14:49:18.246417: I external/local_tsl/tsl/framework/bfc_allocator.cc:1095] InUse at 7fbe0ee0ce00 of size 1024 next 183
2025-06-14 14:49:18.246874: I external/local_tsl/tsl/framework/bfc_allocator.cc:1095] InUse at 7fbe0ee0d200 of size 1024 next 184
2025-06-14 14:49:18.247308: I external/local_tsl/tsl/framework/bfc_allocator.cc:1095] InUse at 7fbe0ee0d600 of size 1024 next 185
2025-06-14 14:49:18.247735: I external/local_tsl/tsl/framework/bfc_allocator.cc:1095] InUse at 7fbe0ee0da00 of size 1024 next 186
2025-06-14 14:49:18.248147: I external/local_tsl/tsl/framework/bfc_allocator.cc:1095] InUse at 7fbe0ee0de00 of size 1024 next 188
2025-06-14 14:49:18.248629: I external/local_tsl/tsl/framework/bfc_allocator.cc:1095] InUse at 7fbe0ee0e200 of size 1024 next 189
2025-06-14 14:49:18.249062: I external/local_tsl/tsl/framework/bfc_allocator.cc:1095] InUse at 7fbe0ee0e600 of size 1024 next 190
2025-06-14 14:49:18.249525: I external/local_tsl/tsl/framework/bfc_allocator.cc:1095] InUse at 7fbe0ee0ea00 of size 1024 next 191
2025-06-14 14:49:18.249948: I external/local_tsl/tsl/framework/bfc_allocator.cc:1095] InUse at 7fbe0ee0ee00 of size 1024 next 192
2025-06-14 14:49:18.250370: I external/local_tsl/tsl/framework/bfc_allocator.cc:1095] InUse at 7fbe0ee0f200 of size 1024 next 193
2025-06-14 14:49:18.250832: I external/local_tsl/tsl/framework/bfc_allocator.cc:1095] InUse at 7fbe0ee0f600 of size 512 next 196
2025-06-14 14:49:18.251291: I external/local_tsl/tsl/framework/bfc_allocator.cc:1095] InUse at 7fbe0ee0f800 of size 512 next 197
2025-06-14 14:49:18.251717: I external/local_tsl/tsl/framework/bfc_allocator.cc:1095] InUse at 7fbe0ee0fa00 of size 512 next 199
2025-06-14 14:49:18.252161: I external/local_tsl/tsl/framework/bfc_allocator.cc:1095] InUse at 7fbe0ee0fc00 of size 512 next 200
2025-06-14 14:49:18.252606: I external/local_tsl/tsl/framework/bfc_allocator.cc:1095] InUse at 7fbe0ee0fe00 of size 512 next 201
2025-06-14 14:49:18.253060: I external/local_tsl/tsl/framework/bfc_allocator.cc:1095] InUse at 7fbe0ee10000 of size 512 next 202
2025-06-14 14:49:18.253550: I external/local_tsl/tsl/framework/bfc_allocator.cc:1095] InUse at 7fbe0ee10200 of size 512 next 203
2025-06-14 14:49:18.254008: I external/local_tsl/tsl/framework/bfc_allocator.cc:1095] InUse at 7fbe0ee10400 of size 512 next 204
2025-06-14 14:49:18.254449: I external/local_tsl/tsl/framework/bfc_allocator.cc:1095] InUse at 7fbe0ee10600 of size 512 next 207
2025-06-14 14:49:18.254934: I external/local_tsl/tsl/framework/bfc_allocator.cc:1095] InUse at 7fbe0ee10800 of size 512 next 208
2025-06-14 14:49:18.255376: I external/local_tsl/tsl/framework/bfc_allocator.cc:1095] InUse at 7fbe0ee10a00 of size 512 next 209
2025-06-14 14:49:18.255819: I external/local_tsl/tsl/framework/bfc_allocator.cc:1095] InUse at 7fbe0ee10c00 of size 512 next 210
2025-06-14 14:49:18.256248: I external/local_tsl/tsl/framework/bfc_allocator.cc:1095] InUse at 7fbe0ee10e00 of size 512 next 211
2025-06-14 14:49:18.256734: I external/local_tsl/tsl/framework/bfc_allocator.cc:1095] InUse at 7fbe0ee11000 of size 512 next 212
2025-06-14 14:49:18.257199: I external/local_tsl/tsl/framework/bfc_allocator.cc:1095] InUse at 7fbe0ee11200 of size 256 next 215
2025-06-14 14:49:18.257661: I external/local_tsl/tsl/framework/bfc_allocator.cc:1095] InUse at 7fbe0ee11300 of size 256 next 216
2025-06-14 14:49:18.258093: I external/local_tsl/tsl/framework/bfc_allocator.cc:1095] InUse at 7fbe0ee11400 of size 256 next 219
2025-06-14 14:49:18.258571: I external/local_tsl/tsl/framework/bfc_allocator.cc:1095] InUse at 7fbe0ee11500 of size 256 next 220
2025-06-14 14:49:18.259000: I external/local_tsl/tsl/framework/bfc_allocator.cc:1095] InUse at 7fbe0ee11600 of size 256 next 221
2025-06-14 14:49:18.259440: I external/local_tsl/tsl/framework/bfc_allocator.cc:1095] InUse at 7fbe0ee11700 of size 256 next 222
2025-06-14 14:49:18.260054: I external/local_tsl/tsl/framework/bfc_allocator.cc:1095] InUse at 7fbe0ee11800 of size 256 next 223
2025-06-14 14:49:18.260673: I external/local_tsl/tsl/framework/bfc_allocator.cc:1095] InUse at 7fbe0ee11900 of size 256 next 224
2025-06-14 14:49:18.261214: I external/local_tsl/tsl/framework/bfc_allocator.cc:1095] InUse at 7fbe0ee11a00 of size 256 next 227
2025-06-14 14:49:18.261714: I external/local_tsl/tsl/framework/bfc_allocator.cc:1095] InUse at 7fbe0ee11b00 of size 256 next 228
2025-06-14 14:49:18.262170: I external/local_tsl/tsl/framework/bfc_allocator.cc:1095] InUse at 7fbe0ee11c00 of size 256 next 229
2025-06-14 14:49:18.262641: I external/local_tsl/tsl/framework/bfc_allocator.cc:1095] InUse at 7fbe0ee11d00 of size 256 next 230
2025-06-14 14:49:18.263179: I external/local_tsl/tsl/framework/bfc_allocator.cc:1095] InUse at 7fbe0ee11e00 of size 256 next 231
2025-06-14 14:49:18.263713: I external/local_tsl/tsl/framework/bfc_allocator.cc:1095] InUse at 7fbe0ee11f00 of size 256 next 232
2025-06-14 14:49:18.264189: I external/local_tsl/tsl/framework/bfc_allocator.cc:1095] InUse at 7fbe0ee12000 of size 65536 next 233
2025-06-14 14:49:18.264563: I external/local_tsl/tsl/framework/bfc_allocator.cc:1095] InUse at 7fbe0ee22000 of size 95232 next 19
2025-06-14 14:49:18.265034: I external/local_tsl/tsl/framework/bfc_allocator.cc:1095] InUse at 7fbe0ee39400 of size 110592 next 18
2025-06-14 14:49:18.265392: I external/local_tsl/tsl/framework/bfc_allocator.cc:1095] InUse at 7fbe0ee54400 of size 65536 next 115
2025-06-14 14:49:18.265722: I external/local_tsl/tsl/framework/bfc_allocator.cc:1095] InUse at 7fbe0ee64400 of size 256 next 112
2025-06-14 14:49:18.266148: I external/local_tsl/tsl/framework/bfc_allocator.cc:1095] InUse at 7fbe0ee64500 of size 256 next 114
2025-06-14 14:49:18.266583: I external/local_tsl/tsl/framework/bfc_allocator.cc:1095] InUse at 7fbe0ee64600 of size 256 next 113
2025-06-14 14:49:18.267063: I external/local_tsl/tsl/framework/bfc_allocator.cc:1095] InUse at 7fbe0ee64700 of size 256 next 111
2025-06-14 14:49:18.267497: I external/local_tsl/tsl/framework/bfc_allocator.cc:1095] InUse at 7fbe0ee64800 of size 256 next 117
2025-06-14 14:49:18.267973: I external/local_tsl/tsl/framework/bfc_allocator.cc:1095] InUse at 7fbe0ee64900 of size 256 next 118
2025-06-14 14:49:18.268418: I external/local_tsl/tsl/framework/bfc_allocator.cc:1095] InUse at 7fbe0ee64a00 of size 256 next 120
2025-06-14 14:49:18.268868: I external/local_tsl/tsl/framework/bfc_allocator.cc:1095] InUse at 7fbe0ee64b00 of size 256 next 119
2025-06-14 14:49:18.269316: I external/local_tsl/tsl/framework/bfc_allocator.cc:1095] InUse at 7fbe0ee64c00 of size 256 next 121
2025-06-14 14:49:18.269785: I external/local_tsl/tsl/framework/bfc_allocator.cc:1095] InUse at 7fbe0ee64d00 of size 256 next 123
2025-06-14 14:49:18.270203: I external/local_tsl/tsl/framework/bfc_allocator.cc:1095] InUse at 7fbe0ee64e00 of size 256 next 124
2025-06-14 14:49:18.270625: I external/local_tsl/tsl/framework/bfc_allocator.cc:1095] InUse at 7fbe0ee64f00 of size 256 next 125
2025-06-14 14:49:18.271090: I external/local_tsl/tsl/framework/bfc_allocator.cc:1095] InUse at 7fbe0ee65000 of size 256 next 126
2025-06-14 14:49:18.271610: I external/local_tsl/tsl/framework/bfc_allocator.cc:1095] InUse at 7fbe0ee65100 of size 256 next 128
2025-06-14 14:49:18.272049: I external/local_tsl/tsl/framework/bfc_allocator.cc:1095] InUse at 7fbe0ee65200 of size 256 next 127
2025-06-14 14:49:18.272502: I external/local_tsl/tsl/framework/bfc_allocator.cc:1095] InUse at 7fbe0ee65300 of size 256 next 129
2025-06-14 14:49:18.272937: I external/local_tsl/tsl/framework/bfc_allocator.cc:1095] InUse at 7fbe0ee65400 of size 256 next 130
2025-06-14 14:49:18.273389: I external/local_tsl/tsl/framework/bfc_allocator.cc:1095] InUse at 7fbe0ee65500 of size 256 next 131
2025-06-14 14:49:18.273814: I external/local_tsl/tsl/framework/bfc_allocator.cc:1095] InUse at 7fbe0ee65600 of size 256 next 132
2025-06-14 14:49:18.274290: I external/local_tsl/tsl/framework/bfc_allocator.cc:1095] InUse at 7fbe0ee65700 of size 256 next 133
2025-06-14 14:49:18.274723: I external/local_tsl/tsl/framework/bfc_allocator.cc:1095] InUse at 7fbe0ee65800 of size 256 next 137
2025-06-14 14:49:18.275175: I external/local_tsl/tsl/framework/bfc_allocator.cc:1095] InUse at 7fbe0ee65900 of size 256 next 136
2025-06-14 14:49:18.275591: I external/local_tsl/tsl/framework/bfc_allocator.cc:1095] InUse at 7fbe0ee65a00 of size 3584 next 138
2025-06-14 14:49:18.276102: I external/local_tsl/tsl/framework/bfc_allocator.cc:1095] InUse at 7fbe0ee66800 of size 3584 next 139
2025-06-14 14:49:18.276728: I external/local_tsl/tsl/framework/bfc_allocator.cc:1095] InUse at 7fbe0ee67600 of size 256 next 140
2025-06-14 14:49:18.277209: I external/local_tsl/tsl/framework/bfc_allocator.cc:1095] InUse at 7fbe0ee67700 of size 256 next 141
2025-06-14 14:49:18.277633: I external/local_tsl/tsl/framework/bfc_allocator.cc:1095] InUse at 7fbe0ee67800 of size 256 next 142
2025-06-14 14:49:18.278099: I external/local_tsl/tsl/framework/bfc_allocator.cc:1095] InUse at 7fbe0ee67900 of size 256 next 143
2025-06-14 14:49:18.278631: I external/local_tsl/tsl/framework/bfc_allocator.cc:1095] InUse at 7fbe0ee67a00 of size 256 next 144
2025-06-14 14:49:18.279072: I external/local_tsl/tsl/framework/bfc_allocator.cc:1095] InUse at 7fbe0ee67b00 of size 256 next 145
2025-06-14 14:49:18.279503: I external/local_tsl/tsl/framework/bfc_allocator.cc:1095] InUse at 7fbe0ee67c00 of size 141312 next 27
2025-06-14 14:49:18.279987: I external/local_tsl/tsl/framework/bfc_allocator.cc:1095] InUse at 7fbe0ee8a400 of size 221184 next 26
2025-06-14 14:49:18.280395: I external/local_tsl/tsl/framework/bfc_allocator.cc:1095] InUse at 7fbe0eec0400 of size 442368 next 159
2025-06-14 14:49:18.280748: I external/local_tsl/tsl/framework/bfc_allocator.cc:1095] InUse at 7fbe0ef2c400 of size 867328 next 18446744073709551615
2025-06-14 14:49:18.281070: I external/local_tsl/tsl/framework/bfc_allocator.cc:1075] Next region of size 4194304
2025-06-14 14:49:18.281525: I external/local_tsl/tsl/framework/bfc_allocator.cc:1095] InUse at 7fbe0f400000 of size 442368 next 37
2025-06-14 14:49:18.281939: I external/local_tsl/tsl/framework/bfc_allocator.cc:1095] InUse at 7fbe0f46c000 of size 221184 next 116
2025-06-14 14:49:18.282264: I external/local_tsl/tsl/framework/bfc_allocator.cc:1095] InUse at 7fbe0f4a2000 of size 110592 next 122
2025-06-14 14:49:18.282653: I external/local_tsl/tsl/framework/bfc_allocator.cc:1095] InUse at 7fbe0f4bd000 of size 192512 next 99
2025-06-14 14:49:18.283015: I external/local_tsl/tsl/framework/bfc_allocator.cc:1095] InUse at 7fbe0f4ec000 of size 360448 next 44
2025-06-14 14:49:18.283378: I external/local_tsl/tsl/framework/bfc_allocator.cc:1095] InUse at 7fbe0f544000 of size 884736 next 43
2025-06-14 14:49:18.283742: I external/local_tsl/tsl/framework/bfc_allocator.cc:1095] InUse at 7fbe0f61c000 of size 1982464 next 18446744073709551615
2025-06-14 14:49:18.284085: I external/local_tsl/tsl/framework/bfc_allocator.cc:1075] Next region of size 8388608
2025-06-14 14:49:18.284538: I external/local_tsl/tsl/framework/bfc_allocator.cc:1095] InUse at 7fbe0f800000 of size 884736 next 166
2025-06-14 14:49:18.284918: I external/local_tsl/tsl/framework/bfc_allocator.cc:1095] InUse at 7fbe0f8d8000 of size 884736 next 54
2025-06-14 14:49:18.285308: I external/local_tsl/tsl/framework/bfc_allocator.cc:1095] InUse at 7fbe0f9b0000 of size 1769472 next 52
2025-06-14 14:49:18.285677: I external/local_tsl/tsl/framework/bfc_allocator.cc:1095] InUse at 7fbe0fb60000 of size 4849664 next 18446744073709551615
2025-06-14 14:49:18.286030: I external/local_tsl/tsl/framework/bfc_allocator.cc:1100]      Summary of in-use Chunks by size: 
2025-06-14 14:49:18.286471: I external/local_tsl/tsl/framework/bfc_allocator.cc:1103] 155 Chunks of size 256 totalling 38.8KiB
2025-06-14 14:49:18.286910: I external/local_tsl/tsl/framework/bfc_allocator.cc:1103] 55 Chunks of size 512 totalling 27.5KiB
2025-06-14 14:49:18.287337: I external/local_tsl/tsl/framework/bfc_allocator.cc:1103] 26 Chunks of size 1024 totalling 26.0KiB
2025-06-14 14:49:18.287779: I external/local_tsl/tsl/framework/bfc_allocator.cc:1103] 1 Chunks of size 1280 totalling 1.2KiB
2025-06-14 14:49:18.288301: I external/local_tsl/tsl/framework/bfc_allocator.cc:1103] 3 Chunks of size 3584 totalling 10.5KiB
2025-06-14 14:49:18.288821: I external/local_tsl/tsl/framework/bfc_allocator.cc:1103] 2 Chunks of size 65536 totalling 128.0KiB
2025-06-14 14:49:18.289257: I external/local_tsl/tsl/framework/bfc_allocator.cc:1103] 1 Chunks of size 95232 totalling 93.0KiB
2025-06-14 14:49:18.289755: I external/local_tsl/tsl/framework/bfc_allocator.cc:1103] 4 Chunks of size 110592 totalling 432.0KiB
2025-06-14 14:49:18.290154: I external/local_tsl/tsl/framework/bfc_allocator.cc:1103] 1 Chunks of size 141312 totalling 138.0KiB
2025-06-14 14:49:18.290485: I external/local_tsl/tsl/framework/bfc_allocator.cc:1103] 1 Chunks of size 192512 totalling 188.0KiB
2025-06-14 14:49:18.290966: I external/local_tsl/tsl/framework/bfc_allocator.cc:1103] 6 Chunks of size 221184 totalling 1.27MiB
2025-06-14 14:49:18.291423: I external/local_tsl/tsl/framework/bfc_allocator.cc:1103] 2 Chunks of size 262144 totalling 512.0KiB
2025-06-14 14:49:18.291888: I external/local_tsl/tsl/framework/bfc_allocator.cc:1103] 1 Chunks of size 360448 totalling 352.0KiB
2025-06-14 14:49:18.292330: I external/local_tsl/tsl/framework/bfc_allocator.cc:1103] 5 Chunks of size 442368 totalling 2.11MiB
2025-06-14 14:49:18.292850: I external/local_tsl/tsl/framework/bfc_allocator.cc:1103] 1 Chunks of size 867328 totalling 847.0KiB
2025-06-14 14:49:18.293397: I external/local_tsl/tsl/framework/bfc_allocator.cc:1103] 6 Chunks of size 884736 totalling 5.06MiB
2025-06-14 14:49:18.293878: I external/local_tsl/tsl/framework/bfc_allocator.cc:1103] 2 Chunks of size 1048576 totalling 2.00MiB
2025-06-14 14:49:18.294298: I external/local_tsl/tsl/framework/bfc_allocator.cc:1103] 6 Chunks of size 1769472 totalling 10.12MiB
2025-06-14 14:49:18.294742: I external/local_tsl/tsl/framework/bfc_allocator.cc:1103] 1 Chunks of size 1982464 totalling 1.89MiB
2025-06-14 14:49:18.295249: I external/local_tsl/tsl/framework/bfc_allocator.cc:1103] 4 Chunks of size 3538944 totalling 13.50MiB
2025-06-14 14:49:18.295904: I external/local_tsl/tsl/framework/bfc_allocator.cc:1103] 1 Chunks of size 4063232 totalling 3.88MiB
2025-06-14 14:49:18.296447: I external/local_tsl/tsl/framework/bfc_allocator.cc:1103] 1 Chunks of size 4849664 totalling 4.62MiB
2025-06-14 14:49:18.296913: I external/local_tsl/tsl/framework/bfc_allocator.cc:1103] 2 Chunks of size 7077888 totalling 13.50MiB
2025-06-14 14:49:18.297371: I external/local_tsl/tsl/framework/bfc_allocator.cc:1103] 1 Chunks of size 12320768 totalling 11.75MiB
2025-06-14 14:49:18.297802: I external/local_tsl/tsl/framework/bfc_allocator.cc:1103] 2 Chunks of size 15138816 totalling 28.88MiB
2025-06-14 14:49:18.298156: I external/local_tsl/tsl/framework/bfc_allocator.cc:1103] 4 Chunks of size 30277632 totalling 115.50MiB
2025-06-14 14:49:18.298485: I external/local_tsl/tsl/framework/bfc_allocator.cc:1103] 2 Chunks of size 60555264 totalling 115.50MiB
2025-06-14 14:49:18.298839: I external/local_tsl/tsl/framework/bfc_allocator.cc:1103] 1 Chunks of size 73662464 totalling 70.25MiB
2025-06-14 14:49:18.299268: I external/local_tsl/tsl/framework/bfc_allocator.cc:1103] 1 Chunks of size 116654080 totalling 111.25MiB
2025-06-14 14:49:18.299644: I external/local_tsl/tsl/framework/bfc_allocator.cc:1103] 6 Chunks of size 121110528 totalling 693.00MiB
2025-06-14 14:49:18.300016: I external/local_tsl/tsl/framework/bfc_allocator.cc:1103] 2 Chunks of size 209715200 totalling 400.00MiB
2025-06-14 14:49:18.300390: I external/local_tsl/tsl/framework/bfc_allocator.cc:1103] 3 Chunks of size 242221056 totalling 693.00MiB
2025-06-14 14:49:18.300746: I external/local_tsl/tsl/framework/bfc_allocator.cc:1103] 8 Chunks of size 484442112 totalling 3.61GiB
2025-06-14 14:49:18.301081: I external/local_tsl/tsl/framework/bfc_allocator.cc:1103] 1 Chunks of size 968884224 totalling 924.00MiB
2025-06-14 14:49:18.301399: I external/local_tsl/tsl/framework/bfc_allocator.cc:1103] 6 Chunks of size 1937768448 totalling 10.83GiB
2025-06-14 14:49:18.301775: I external/local_tsl/tsl/framework/bfc_allocator.cc:1107] Sum Total of in-use chunks: 17.58GiB
2025-06-14 14:49:18.302262: I external/local_tsl/tsl/framework/bfc_allocator.cc:1109] Total bytes in pool: 23575789568 memory_limit_: 23575789568 available bytes: 0 curr_region_allocation_bytes_: 34359738368
2025-06-14 14:49:18.302611: I external/local_tsl/tsl/framework/bfc_allocator.cc:1114] Stats: 
Limit:                     23575789568
InUse:                     18882553856
MaxInUse:                  22800760320
NumAllocs:                         912
MaxAllocSize:               4135495424
Reserved:                            0
PeakReserved:                        0
LargestFreeBlock:                    0

2025-06-14 14:49:18.302979: W external/local_tsl/tsl/framework/bfc_allocator.cc:497] ________*********________************************************_**************************************
2025-06-14 14:49:18.303370: W tensorflow/core/framework/op_kernel.cc:1839] OP_REQUIRES failed at concat_op.cc:165 : RESOURCE_EXHAUSTED: OOM when allocating tensor with shape[2,64,192,224,176] and type float on /job:localhost/replica:0/task:0/device:GPU:0 by allocator GPU_0_bfc
Traceback (most recent call last):
  File "/mnt/beegfs/hellgate/home/rb194958e/stroke_segmentation_sota/batch_wise_train.py", line 277, in <module>
    if main():
       ^^^^^^
  File "/mnt/beegfs/hellgate/home/rb194958e/stroke_segmentation_sota/batch_wise_train.py", line 256, in main
    history = model.fit(
              ^^^^^^^^^^
  File "/mnt/beegfs/hellgate/home/rb194958e/.conda/envs/tf215_env/lib/python3.11/site-packages/keras/src/utils/traceback_utils.py", line 70, in error_handler
    raise e.with_traceback(filtered_tb) from None
  File "/mnt/beegfs/hellgate/home/rb194958e/.conda/envs/tf215_env/lib/python3.11/site-packages/tensorflow/python/eager/execute.py", line 53, in quick_execute
    tensors = pywrap_tfe.TFE_Py_Execute(ctx._handle, device_name, op_name,
  ^^^^^^^^^^^^^^^^^^^^^^^^^^^^^^^^^^^^^^^^^^^^^^^^^^^^^^^^^^^^^^^^^^^^^^^^
tensorflow.python.framework.errors_impl.ResourceExhaustedError: Graph execution error:

Detected at node model/concatenate_2/concat defined at (most recent call last):
  File "/mnt/beegfs/hellgate/home/rb194958e/stroke_segmentation_sota/batch_wise_train.py", line 277, in <module>

  File "/mnt/beegfs/hellgate/home/rb194958e/stroke_segmentation_sota/batch_wise_train.py", line 256, in main

  File "/mnt/beegfs/hellgate/home/rb194958e/.conda/envs/tf215_env/lib/python3.11/site-packages/keras/src/utils/traceback_utils.py", line 65, in error_handler

  File "/mnt/beegfs/hellgate/home/rb194958e/.conda/envs/tf215_env/lib/python3.11/site-packages/keras/src/engine/training.py", line 1807, in fit

  File "/mnt/beegfs/hellgate/home/rb194958e/.conda/envs/tf215_env/lib/python3.11/site-packages/keras/src/engine/training.py", line 1401, in train_function

  File "/mnt/beegfs/hellgate/home/rb194958e/.conda/envs/tf215_env/lib/python3.11/site-packages/keras/src/engine/training.py", line 1384, in step_function

  File "/mnt/beegfs/hellgate/home/rb194958e/.conda/envs/tf215_env/lib/python3.11/site-packages/keras/src/engine/training.py", line 1373, in run_step

  File "/mnt/beegfs/hellgate/home/rb194958e/.conda/envs/tf215_env/lib/python3.11/site-packages/keras/src/engine/training.py", line 1150, in train_step

  File "/mnt/beegfs/hellgate/home/rb194958e/.conda/envs/tf215_env/lib/python3.11/site-packages/keras/src/utils/traceback_utils.py", line 65, in error_handler

  File "/mnt/beegfs/hellgate/home/rb194958e/.conda/envs/tf215_env/lib/python3.11/site-packages/keras/src/engine/training.py", line 590, in __call__

  File "/mnt/beegfs/hellgate/home/rb194958e/.conda/envs/tf215_env/lib/python3.11/site-packages/keras/src/utils/traceback_utils.py", line 65, in error_handler

  File "/mnt/beegfs/hellgate/home/rb194958e/.conda/envs/tf215_env/lib/python3.11/site-packages/keras/src/engine/base_layer.py", line 1149, in __call__

  File "/mnt/beegfs/hellgate/home/rb194958e/.conda/envs/tf215_env/lib/python3.11/site-packages/keras/src/utils/traceback_utils.py", line 96, in error_handler

  File "/mnt/beegfs/hellgate/home/rb194958e/.conda/envs/tf215_env/lib/python3.11/site-packages/keras/src/engine/functional.py", line 515, in call

  File "/mnt/beegfs/hellgate/home/rb194958e/.conda/envs/tf215_env/lib/python3.11/site-packages/keras/src/engine/functional.py", line 672, in _run_internal_graph

  File "/mnt/beegfs/hellgate/home/rb194958e/.conda/envs/tf215_env/lib/python3.11/site-packages/keras/src/utils/traceback_utils.py", line 65, in error_handler

  File "/mnt/beegfs/hellgate/home/rb194958e/.conda/envs/tf215_env/lib/python3.11/site-packages/keras/src/engine/base_layer.py", line 1149, in __call__

  File "/mnt/beegfs/hellgate/home/rb194958e/.conda/envs/tf215_env/lib/python3.11/site-packages/keras/src/utils/traceback_utils.py", line 96, in error_handler

  File "/mnt/beegfs/hellgate/home/rb194958e/.conda/envs/tf215_env/lib/python3.11/site-packages/keras/src/layers/merging/base_merge.py", line 196, in call

  File "/mnt/beegfs/hellgate/home/rb194958e/.conda/envs/tf215_env/lib/python3.11/site-packages/keras/src/layers/merging/concatenate.py", line 134, in _merge_function

  File "/mnt/beegfs/hellgate/home/rb194958e/.conda/envs/tf215_env/lib/python3.11/site-packages/keras/src/backend.py", line 3580, in concatenate

OOM when allocating tensor with shape[2,64,192,224,176] and type float on /job:localhost/replica:0/task:0/device:GPU:0 by allocator GPU_0_bfc
	 [[{{node model/concatenate_2/concat}}]]
Hint: If you want to see a list of allocated tensors when OOM happens, add report_tensor_allocations_upon_oom to RunOptions for current allocation info. This isn't available when running in Eager mode.
 [Op:__inference_train_function_7309]
2025-06-14 14:49:18.464795: W tensorflow/core/kernels/data/generator_dataset_op.cc:108] Error occurred when finalizing GeneratorDataset iterator: FAILED_PRECONDITION: Python interpreter state is not initialized. The process may be terminated.
	 [[{{node PyFunc}}]]
/var/spool/slurmd/job1123807/slurm_script: line 320: EOF: command not found
/var/spool/slurmd/job1123807/slurm_script: line 330: unexpected EOF while looking for matching ``'
/var/spool/slurmd/job1123807/slurm_script: line 339: syntax error: unexpected end of file
