2025-06-14 15:50:25.906279: I tensorflow/core/util/port.cc:113] oneDNN custom operations are on. You may see slightly different numerical results due to floating-point round-off errors from different computation orders. To turn them off, set the environment variable `TF_ENABLE_ONEDNN_OPTS=0`.
2025-06-14 15:50:26.661174: E external/local_xla/xla/stream_executor/cuda/cuda_dnn.cc:9261] Unable to register cuDNN factory: Attempting to register factory for plugin cuDNN when one has already been registered
2025-06-14 15:50:26.661790: E external/local_xla/xla/stream_executor/cuda/cuda_fft.cc:607] Unable to register cuFFT factory: Attempting to register factory for plugin cuFFT when one has already been registered
2025-06-14 15:50:26.778612: E external/local_xla/xla/stream_executor/cuda/cuda_blas.cc:1515] Unable to register cuBLAS factory: Attempting to register factory for plugin cuBLAS when one has already been registered
2025-06-14 15:50:27.035426: I tensorflow/core/platform/cpu_feature_guard.cc:182] This TensorFlow binary is optimized to use available CPU instructions in performance-critical operations.
To enable the following instructions: AVX2 AVX512F AVX512_VNNI FMA, in other operations, rebuild TensorFlow with the appropriate compiler flags.
2025-06-14 15:50:33.760794: W tensorflow/compiler/tf2tensorrt/utils/py_utils.cc:38] TF-TRT Warning: Could not find TensorRT
INFO:__main__:🚀 Starting Stroke Lesion Segmentation Training
INFO:__main__:Using 1 GPU(s)
INFO:__main__:Creating data generators...
INFO:__main__:Found 655 valid image/mask pairs
INFO:__main__:Found 655 valid image/mask pairs
INFO:__main__:Training batches: 262
INFO:__main__:Validation batches: 65
INFO:__main__:Building model...
2025-06-14 15:50:48.380902: I tensorflow/core/common_runtime/gpu/gpu_device.cc:1929] Created device /job:localhost/replica:0/task:0/device:GPU:0 with 22483 MB memory:  -> device: 0, name: NVIDIA RTX 4500 Ada Generation, pci bus id: 0000:1c:00.0, compute capability: 8.9
INFO:__main__:Model parameters: 5,605,345
INFO:__main__:Starting training...
pixdim[0] (qfac) should be 1 (default) or -1; setting qfac to 1
INFO:nibabel.global:pixdim[0] (qfac) should be 1 (default) or -1; setting qfac to 1
pixdim[0] (qfac) should be 1 (default) or -1; setting qfac to 1
INFO:nibabel.global:pixdim[0] (qfac) should be 1 (default) or -1; setting qfac to 1
pixdim[0] (qfac) should be 1 (default) or -1; setting qfac to 1
INFO:nibabel.global:pixdim[0] (qfac) should be 1 (default) or -1; setting qfac to 1
pixdim[0] (qfac) should be 1 (default) or -1; setting qfac to 1
INFO:nibabel.global:pixdim[0] (qfac) should be 1 (default) or -1; setting qfac to 1
2025-06-14 15:50:56.180612: I external/local_xla/xla/stream_executor/cuda/cuda_dnn.cc:454] Loaded cuDNN version 8907
pixdim[0] (qfac) should be 1 (default) or -1; setting qfac to 1
INFO:nibabel.global:pixdim[0] (qfac) should be 1 (default) or -1; setting qfac to 1
pixdim[0] (qfac) should be 1 (default) or -1; setting qfac to 1
INFO:nibabel.global:pixdim[0] (qfac) should be 1 (default) or -1; setting qfac to 1
pixdim[0] (qfac) should be 1 (default) or -1; setting qfac to 1
INFO:nibabel.global:pixdim[0] (qfac) should be 1 (default) or -1; setting qfac to 1
pixdim[0] (qfac) should be 1 (default) or -1; setting qfac to 1
INFO:nibabel.global:pixdim[0] (qfac) should be 1 (default) or -1; setting qfac to 1
2025-06-14 15:51:12.646047: W external/local_tsl/tsl/framework/bfc_allocator.cc:296] Allocator (GPU_0_bfc) ran out of memory trying to allocate 2.27GiB with freed_by_count=0. The caller indicates that this is not a failure, but this may mean that there could be performance gains if more memory were available.
2025-06-14 15:51:12.747552: W external/local_tsl/tsl/framework/bfc_allocator.cc:296] Allocator (GPU_0_bfc) ran out of memory trying to allocate 2.30GiB with freed_by_count=0. The caller indicates that this is not a failure, but this may mean that there could be performance gains if more memory were available.
2025-06-14 15:51:12.748605: W external/local_tsl/tsl/framework/bfc_allocator.cc:296] Allocator (GPU_0_bfc) ran out of memory trying to allocate 2.27GiB with freed_by_count=0. The caller indicates that this is not a failure, but this may mean that there could be performance gains if more memory were available.
2025-06-14 15:51:13.367022: W external/local_tsl/tsl/framework/bfc_allocator.cc:296] Allocator (GPU_0_bfc) ran out of memory trying to allocate 2.27GiB with freed_by_count=0. The caller indicates that this is not a failure, but this may mean that there could be performance gains if more memory were available.
2025-06-14 15:51:13.420414: W external/local_tsl/tsl/framework/bfc_allocator.cc:296] Allocator (GPU_0_bfc) ran out of memory trying to allocate 2.30GiB with freed_by_count=0. The caller indicates that this is not a failure, but this may mean that there could be performance gains if more memory were available.
2025-06-14 15:51:13.421428: W external/local_tsl/tsl/framework/bfc_allocator.cc:296] Allocator (GPU_0_bfc) ran out of memory trying to allocate 2.27GiB with freed_by_count=0. The caller indicates that this is not a failure, but this may mean that there could be performance gains if more memory were available.
2025-06-14 15:51:24.041964: W external/local_tsl/tsl/framework/bfc_allocator.cc:485] Allocator (GPU_0_bfc) ran out of memory trying to allocate 3.61GiB (rounded to 3875536896)requested by op model/concatenate_2/concat
If the cause is memory fragmentation maybe the environment variable 'TF_GPU_ALLOCATOR=cuda_malloc_async' will improve the situation. 
Current allocation summary follows.
Current allocation summary follows.
2025-06-14 15:51:24.042999: I external/local_tsl/tsl/framework/bfc_allocator.cc:1039] BFCAllocator dump for GPU_0_bfc
2025-06-14 15:51:24.043879: I external/local_tsl/tsl/framework/bfc_allocator.cc:1046] Bin (256): 	Total Chunks: 155, Chunks in use: 155. 38.8KiB allocated for chunks. 38.8KiB in use in bin. 20.7KiB client-requested in use in bin.
2025-06-14 15:51:24.044506: I external/local_tsl/tsl/framework/bfc_allocator.cc:1046] Bin (512): 	Total Chunks: 56, Chunks in use: 55. 28.2KiB allocated for chunks. 27.8KiB in use in bin. 27.5KiB client-requested in use in bin.
2025-06-14 15:51:24.045031: I external/local_tsl/tsl/framework/bfc_allocator.cc:1046] Bin (1024): 	Total Chunks: 27, Chunks in use: 27. 27.2KiB allocated for chunks. 27.2KiB in use in bin. 27.0KiB client-requested in use in bin.
2025-06-14 15:51:24.045475: I external/local_tsl/tsl/framework/bfc_allocator.cc:1046] Bin (2048): 	Total Chunks: 3, Chunks in use: 3. 10.5KiB allocated for chunks. 10.5KiB in use in bin. 10.1KiB client-requested in use in bin.
2025-06-14 15:51:24.045937: I external/local_tsl/tsl/framework/bfc_allocator.cc:1046] Bin (4096): 	Total Chunks: 0, Chunks in use: 0. 0B allocated for chunks. 0B in use in bin. 0B client-requested in use in bin.
2025-06-14 15:51:24.046319: I external/local_tsl/tsl/framework/bfc_allocator.cc:1046] Bin (8192): 	Total Chunks: 0, Chunks in use: 0. 0B allocated for chunks. 0B in use in bin. 0B client-requested in use in bin.
2025-06-14 15:51:24.046708: I external/local_tsl/tsl/framework/bfc_allocator.cc:1046] Bin (16384): 	Total Chunks: 0, Chunks in use: 0. 0B allocated for chunks. 0B in use in bin. 0B client-requested in use in bin.
2025-06-14 15:51:24.047092: I external/local_tsl/tsl/framework/bfc_allocator.cc:1046] Bin (32768): 	Total Chunks: 0, Chunks in use: 0. 0B allocated for chunks. 0B in use in bin. 0B client-requested in use in bin.
2025-06-14 15:51:24.047504: I external/local_tsl/tsl/framework/bfc_allocator.cc:1046] Bin (65536): 	Total Chunks: 7, Chunks in use: 7. 653.0KiB allocated for chunks. 653.0KiB in use in bin. 624.0KiB client-requested in use in bin.
2025-06-14 15:51:24.047902: I external/local_tsl/tsl/framework/bfc_allocator.cc:1046] Bin (131072): 	Total Chunks: 8, Chunks in use: 8. 1.58MiB allocated for chunks. 1.58MiB in use in bin. 1.48MiB client-requested in use in bin.
2025-06-14 15:51:24.048271: I external/local_tsl/tsl/framework/bfc_allocator.cc:1046] Bin (262144): 	Total Chunks: 8, Chunks in use: 8. 2.95MiB allocated for chunks. 2.95MiB in use in bin. 2.86MiB client-requested in use in bin.
2025-06-14 15:51:24.048685: I external/local_tsl/tsl/framework/bfc_allocator.cc:1046] Bin (524288): 	Total Chunks: 7, Chunks in use: 7. 5.89MiB allocated for chunks. 5.89MiB in use in bin. 5.48MiB client-requested in use in bin.
2025-06-14 15:51:24.049089: I external/local_tsl/tsl/framework/bfc_allocator.cc:1046] Bin (1048576): 	Total Chunks: 9, Chunks in use: 9. 14.02MiB allocated for chunks. 14.02MiB in use in bin. 13.12MiB client-requested in use in bin.
2025-06-14 15:51:24.049501: I external/local_tsl/tsl/framework/bfc_allocator.cc:1046] Bin (2097152): 	Total Chunks: 5, Chunks in use: 5. 17.38MiB allocated for chunks. 17.38MiB in use in bin. 16.88MiB client-requested in use in bin.
2025-06-14 15:51:24.049940: I external/local_tsl/tsl/framework/bfc_allocator.cc:1046] Bin (4194304): 	Total Chunks: 3, Chunks in use: 3. 18.12MiB allocated for chunks. 18.12MiB in use in bin. 16.88MiB client-requested in use in bin.
2025-06-14 15:51:24.050303: I external/local_tsl/tsl/framework/bfc_allocator.cc:1046] Bin (8388608): 	Total Chunks: 3, Chunks in use: 3. 40.62MiB allocated for chunks. 40.62MiB in use in bin. 35.62MiB client-requested in use in bin.
2025-06-14 15:51:24.050740: I external/local_tsl/tsl/framework/bfc_allocator.cc:1046] Bin (16777216): 	Total Chunks: 5, Chunks in use: 4. 140.19MiB allocated for chunks. 115.50MiB in use in bin. 115.50MiB client-requested in use in bin.
2025-06-14 15:51:24.051247: I external/local_tsl/tsl/framework/bfc_allocator.cc:1046] Bin (33554432): 	Total Chunks: 2, Chunks in use: 2. 115.50MiB allocated for chunks. 115.50MiB in use in bin. 115.50MiB client-requested in use in bin.
2025-06-14 15:51:24.051801: I external/local_tsl/tsl/framework/bfc_allocator.cc:1046] Bin (67108864): 	Total Chunks: 8, Chunks in use: 8. 874.50MiB allocated for chunks. 874.50MiB in use in bin. 808.50MiB client-requested in use in bin.
2025-06-14 15:51:24.052252: I external/local_tsl/tsl/framework/bfc_allocator.cc:1046] Bin (134217728): 	Total Chunks: 5, Chunks in use: 5. 1.07GiB allocated for chunks. 1.07GiB in use in bin. 924.00MiB client-requested in use in bin.
2025-06-14 15:51:24.052726: I external/local_tsl/tsl/framework/bfc_allocator.cc:1046] Bin (268435456): 	Total Chunks: 18, Chunks in use: 15. 19.69GiB allocated for chunks. 15.34GiB in use in bin. 15.34GiB client-requested in use in bin.
2025-06-14 15:51:24.053101: I external/local_tsl/tsl/framework/bfc_allocator.cc:1062] Bin for 3.61GiB was 256.00MiB, Chunk State: 
2025-06-14 15:51:24.053467: I external/local_tsl/tsl/framework/bfc_allocator.cc:1068]   Size: 453.50MiB | Requested Size: 16.00MiB | in_use: 0 | bin_num: 20, prev:   Size: 462.00MiB | Requested Size: 462.00MiB | in_use: 1 | bin_num: -1
2025-06-14 15:51:24.053883: I external/local_tsl/tsl/framework/bfc_allocator.cc:1068]   Size: 1.80GiB | Requested Size: 1.80GiB | in_use: 0 | bin_num: 20, next:   Size: 1.80GiB | Requested Size: 1.80GiB | in_use: 1 | bin_num: -1
2025-06-14 15:51:24.054272: I external/local_tsl/tsl/framework/bfc_allocator.cc:1068]   Size: 2.10GiB | Requested Size: 1.82GiB | in_use: 0 | bin_num: 20, prev:   Size: 1.80GiB | Requested Size: 1.80GiB | in_use: 1 | bin_num: -1
2025-06-14 15:51:24.054684: I external/local_tsl/tsl/framework/bfc_allocator.cc:1075] Next region of size 6129582080
2025-06-14 15:51:24.055164: I external/local_tsl/tsl/framework/bfc_allocator.cc:1095] Free  at 7f64da000000 of size 1937768448 next 107
2025-06-14 15:51:24.055521: I external/local_tsl/tsl/framework/bfc_allocator.cc:1095] InUse at 7f654d800000 of size 1937768448 next 329
2025-06-14 15:51:24.055888: I external/local_tsl/tsl/framework/bfc_allocator.cc:1095] Free  at 7f65c1000000 of size 2254045184 next 18446744073709551615
2025-06-14 15:51:24.056248: I external/local_tsl/tsl/framework/bfc_allocator.cc:1075] Next region of size 8589934592
2025-06-14 15:51:24.056748: I external/local_tsl/tsl/framework/bfc_allocator.cc:1095] InUse at 7f667a000000 of size 1937768448 next 282
2025-06-14 15:51:24.057100: I external/local_tsl/tsl/framework/bfc_allocator.cc:1095] InUse at 7f66ed800000 of size 242221056 next 283
2025-06-14 15:51:24.057521: I external/local_tsl/tsl/framework/bfc_allocator.cc:1095] InUse at 7f66fbf00000 of size 484442112 next 284
2025-06-14 15:51:24.057877: I external/local_tsl/tsl/framework/bfc_allocator.cc:1095] InUse at 7f6718d00000 of size 484442112 next 285
2025-06-14 15:51:24.058224: I external/local_tsl/tsl/framework/bfc_allocator.cc:1095] InUse at 7f6735b00000 of size 484442112 next 29
2025-06-14 15:51:24.058606: I external/local_tsl/tsl/framework/bfc_allocator.cc:1095] InUse at 7f6752900000 of size 484442112 next 289
2025-06-14 15:51:24.058988: I external/local_tsl/tsl/framework/bfc_allocator.cc:1095] InUse at 7f676f700000 of size 484442112 next 293
2025-06-14 15:51:24.059364: I external/local_tsl/tsl/framework/bfc_allocator.cc:1095] InUse at 7f678c500000 of size 121110528 next 47
2025-06-14 15:51:24.059763: I external/local_tsl/tsl/framework/bfc_allocator.cc:1095] InUse at 7f6793880000 of size 121110528 next 296
2025-06-14 15:51:24.060216: I external/local_tsl/tsl/framework/bfc_allocator.cc:1095] InUse at 7f679ac00000 of size 121110528 next 300
2025-06-14 15:51:24.060655: I external/local_tsl/tsl/framework/bfc_allocator.cc:1095] InUse at 7f67a1f80000 of size 30277632 next 302
2025-06-14 15:51:24.061014: I external/local_tsl/tsl/framework/bfc_allocator.cc:1095] InUse at 7f67a3c60000 of size 30277632 next 303
2025-06-14 15:51:24.061448: I external/local_tsl/tsl/framework/bfc_allocator.cc:1095] InUse at 7f67a5940000 of size 30277632 next 66
2025-06-14 15:51:24.061788: I external/local_tsl/tsl/framework/bfc_allocator.cc:1095] InUse at 7f67a7620000 of size 30277632 next 307
2025-06-14 15:51:24.062201: I external/local_tsl/tsl/framework/bfc_allocator.cc:1095] InUse at 7f67a9300000 of size 121110528 next 76
2025-06-14 15:51:24.062581: I external/local_tsl/tsl/framework/bfc_allocator.cc:1095] InUse at 7f67b0680000 of size 121110528 next 312
2025-06-14 15:51:24.062952: I external/local_tsl/tsl/framework/bfc_allocator.cc:1095] InUse at 7f67b7a00000 of size 242221056 next 311
2025-06-14 15:51:24.063374: I external/local_tsl/tsl/framework/bfc_allocator.cc:1095] InUse at 7f67c6100000 of size 121110528 next 85
2025-06-14 15:51:24.063745: I external/local_tsl/tsl/framework/bfc_allocator.cc:1095] InUse at 7f67cd480000 of size 484442112 next 325
2025-06-14 15:51:24.064157: I external/local_tsl/tsl/framework/bfc_allocator.cc:1095] InUse at 7f67ea280000 of size 484442112 next 320
2025-06-14 15:51:24.064577: I external/local_tsl/tsl/framework/bfc_allocator.cc:1095] InUse at 7f6807080000 of size 968884224 next 319
2025-06-14 15:51:24.064971: I external/local_tsl/tsl/framework/bfc_allocator.cc:1095] InUse at 7f6840c80000 of size 484442112 next 91
2025-06-14 15:51:24.065323: I external/local_tsl/tsl/framework/bfc_allocator.cc:1095] Free  at 7f685da80000 of size 475529216 next 18446744073709551615
2025-06-14 15:51:24.065753: I external/local_tsl/tsl/framework/bfc_allocator.cc:1075] Next region of size 4294967296
2025-06-14 15:51:24.066210: I external/local_tsl/tsl/framework/bfc_allocator.cc:1095] InUse at 7f6896000000 of size 1937768448 next 11
2025-06-14 15:51:24.066591: I external/local_tsl/tsl/framework/bfc_allocator.cc:1095] InUse at 7f6909800000 of size 1937768448 next 277
2025-06-14 15:51:24.066941: I external/local_tsl/tsl/framework/bfc_allocator.cc:1095] InUse at 7f697d000000 of size 242221056 next 20
2025-06-14 15:51:24.067366: I external/local_tsl/tsl/framework/bfc_allocator.cc:1095] InUse at 7f698b700000 of size 60555264 next 38
2025-06-14 15:51:24.067784: I external/local_tsl/tsl/framework/bfc_allocator.cc:1095] InUse at 7f698f0c0000 of size 116654080 next 18446744073709551615
2025-06-14 15:51:24.068235: I external/local_tsl/tsl/framework/bfc_allocator.cc:1075] Next region of size 2147483648
2025-06-14 15:51:24.068793: I external/local_tsl/tsl/framework/bfc_allocator.cc:1095] InUse at 7f69c2000000 of size 1937768448 next 265
2025-06-14 15:51:24.069276: I external/local_tsl/tsl/framework/bfc_allocator.cc:1095] InUse at 7f6a35800000 of size 209715200 next 18446744073709551615
2025-06-14 15:51:24.069760: I external/local_tsl/tsl/framework/bfc_allocator.cc:1075] Next region of size 2147483648
2025-06-14 15:51:24.070217: I external/local_tsl/tsl/framework/bfc_allocator.cc:1095] InUse at 7f6a48000000 of size 1937768448 next 267
2025-06-14 15:51:24.070576: I external/local_tsl/tsl/framework/bfc_allocator.cc:1095] InUse at 7f6abb800000 of size 209715200 next 18446744073709551615
2025-06-14 15:51:24.070957: I external/local_tsl/tsl/framework/bfc_allocator.cc:1075] Next region of size 134217728
2025-06-14 15:51:24.071403: I external/local_tsl/tsl/framework/bfc_allocator.cc:1095] InUse at 7f6b58000000 of size 60555264 next 264
2025-06-14 15:51:24.071790: I external/local_tsl/tsl/framework/bfc_allocator.cc:1095] InUse at 7f6b5b9c0000 of size 73662464 next 18446744073709551615
2025-06-14 15:51:24.072182: I external/local_tsl/tsl/framework/bfc_allocator.cc:1075] Next region of size 67108864
2025-06-14 15:51:24.072605: I external/local_tsl/tsl/framework/bfc_allocator.cc:1095] InUse at 7f6b60000000 of size 3538944 next 198
2025-06-14 15:51:24.072957: I external/local_tsl/tsl/framework/bfc_allocator.cc:1095] InUse at 7f6b60360000 of size 1769472 next 205
2025-06-14 15:51:24.073390: I external/local_tsl/tsl/framework/bfc_allocator.cc:1095] InUse at 7f6b60510000 of size 1769472 next 206
2025-06-14 15:51:24.073776: I external/local_tsl/tsl/framework/bfc_allocator.cc:1095] InUse at 7f6b606c0000 of size 262144 next 213
2025-06-14 15:51:24.074205: I external/local_tsl/tsl/framework/bfc_allocator.cc:1095] InUse at 7f6b60700000 of size 262144 next 214
2025-06-14 15:51:24.074637: I external/local_tsl/tsl/framework/bfc_allocator.cc:1095] InUse at 7f6b60740000 of size 884736 next 217
2025-06-14 15:51:24.075070: I external/local_tsl/tsl/framework/bfc_allocator.cc:1095] InUse at 7f6b60818000 of size 884736 next 218
2025-06-14 15:51:24.075458: I external/local_tsl/tsl/framework/bfc_allocator.cc:1095] InUse at 7f6b608f0000 of size 442368 next 225
2025-06-14 15:51:24.075826: I external/local_tsl/tsl/framework/bfc_allocator.cc:1095] InUse at 7f6b6095c000 of size 442368 next 226
2025-06-14 15:51:24.076280: I external/local_tsl/tsl/framework/bfc_allocator.cc:1095] InUse at 7f6b609c8000 of size 256 next 234
2025-06-14 15:51:24.076736: I external/local_tsl/tsl/framework/bfc_allocator.cc:1095] InUse at 7f6b609c8100 of size 256 next 235
2025-06-14 15:51:24.077170: I external/local_tsl/tsl/framework/bfc_allocator.cc:1095] InUse at 7f6b609c8200 of size 221184 next 236
2025-06-14 15:51:24.077607: I external/local_tsl/tsl/framework/bfc_allocator.cc:1095] InUse at 7f6b609fe200 of size 221184 next 237
2025-06-14 15:51:24.078078: I external/local_tsl/tsl/framework/bfc_allocator.cc:1095] InUse at 7f6b60a34200 of size 256 next 238
2025-06-14 15:51:24.078525: I external/local_tsl/tsl/framework/bfc_allocator.cc:1095] InUse at 7f6b60a34300 of size 256 next 239
2025-06-14 15:51:24.078961: I external/local_tsl/tsl/framework/bfc_allocator.cc:1095] InUse at 7f6b60a34400 of size 256 next 240
2025-06-14 15:51:24.079375: I external/local_tsl/tsl/framework/bfc_allocator.cc:1095] InUse at 7f6b60a34500 of size 256 next 241
2025-06-14 15:51:24.079827: I external/local_tsl/tsl/framework/bfc_allocator.cc:1095] InUse at 7f6b60a34600 of size 256 next 242
2025-06-14 15:51:24.080274: I external/local_tsl/tsl/framework/bfc_allocator.cc:1095] InUse at 7f6b60a34700 of size 256 next 243
2025-06-14 15:51:24.080728: I external/local_tsl/tsl/framework/bfc_allocator.cc:1095] InUse at 7f6b60a34800 of size 110592 next 244
2025-06-14 15:51:24.081133: I external/local_tsl/tsl/framework/bfc_allocator.cc:1095] InUse at 7f6b60a4f800 of size 110592 next 245
2025-06-14 15:51:24.081574: I external/local_tsl/tsl/framework/bfc_allocator.cc:1095] InUse at 7f6b60a6a800 of size 256 next 246
2025-06-14 15:51:24.082028: I external/local_tsl/tsl/framework/bfc_allocator.cc:1095] InUse at 7f6b60a6a900 of size 256 next 247
2025-06-14 15:51:24.082467: I external/local_tsl/tsl/framework/bfc_allocator.cc:1095] InUse at 7f6b60a6aa00 of size 256 next 248
2025-06-14 15:51:24.082912: I external/local_tsl/tsl/framework/bfc_allocator.cc:1095] InUse at 7f6b60a6ab00 of size 256 next 249
2025-06-14 15:51:24.083385: I external/local_tsl/tsl/framework/bfc_allocator.cc:1095] InUse at 7f6b60a6ac00 of size 256 next 250
2025-06-14 15:51:24.083850: I external/local_tsl/tsl/framework/bfc_allocator.cc:1095] InUse at 7f6b60a6ad00 of size 256 next 251
2025-06-14 15:51:24.084387: I external/local_tsl/tsl/framework/bfc_allocator.cc:1095] InUse at 7f6b60a6ae00 of size 256 next 252
2025-06-14 15:51:24.084903: I external/local_tsl/tsl/framework/bfc_allocator.cc:1095] InUse at 7f6b60a6af00 of size 256 next 253
2025-06-14 15:51:24.085359: I external/local_tsl/tsl/framework/bfc_allocator.cc:1095] InUse at 7f6b60a6b000 of size 256 next 254
2025-06-14 15:51:24.085814: I external/local_tsl/tsl/framework/bfc_allocator.cc:1095] InUse at 7f6b60a6b100 of size 256 next 255
2025-06-14 15:51:24.086312: I external/local_tsl/tsl/framework/bfc_allocator.cc:1095] InUse at 7f6b60a6b200 of size 256 next 256
2025-06-14 15:51:24.086749: I external/local_tsl/tsl/framework/bfc_allocator.cc:1095] InUse at 7f6b60a6b300 of size 256 next 257
2025-06-14 15:51:24.087213: I external/local_tsl/tsl/framework/bfc_allocator.cc:1095] InUse at 7f6b60a6b400 of size 256 next 258
2025-06-14 15:51:24.087713: I external/local_tsl/tsl/framework/bfc_allocator.cc:1095] InUse at 7f6b60a6b500 of size 256 next 259
2025-06-14 15:51:24.088230: I external/local_tsl/tsl/framework/bfc_allocator.cc:1095] InUse at 7f6b60a6b600 of size 256 next 260
2025-06-14 15:51:24.088721: I external/local_tsl/tsl/framework/bfc_allocator.cc:1095] InUse at 7f6b60a6b700 of size 256 next 261
2025-06-14 15:51:24.089198: I external/local_tsl/tsl/framework/bfc_allocator.cc:1095] InUse at 7f6b60a6b800 of size 256 next 262
2025-06-14 15:51:24.089636: I external/local_tsl/tsl/framework/bfc_allocator.cc:1095] InUse at 7f6b60a6b900 of size 256 next 263
2025-06-14 15:51:24.090048: I external/local_tsl/tsl/framework/bfc_allocator.cc:1095] InUse at 7f6b60a6ba00 of size 256 next 272
2025-06-14 15:51:24.090506: I external/local_tsl/tsl/framework/bfc_allocator.cc:1095] InUse at 7f6b60a6bb00 of size 256 next 274
2025-06-14 15:51:24.091029: I external/local_tsl/tsl/framework/bfc_allocator.cc:1095] InUse at 7f6b60a6bc00 of size 256 next 275
2025-06-14 15:51:24.091513: I external/local_tsl/tsl/framework/bfc_allocator.cc:1095] InUse at 7f6b60a6bd00 of size 256 next 276
2025-06-14 15:51:24.091962: I external/local_tsl/tsl/framework/bfc_allocator.cc:1095] InUse at 7f6b60a6be00 of size 256 next 280
2025-06-14 15:51:24.092398: I external/local_tsl/tsl/framework/bfc_allocator.cc:1095] InUse at 7f6b60a6bf00 of size 256 next 281
2025-06-14 15:51:24.092852: I external/local_tsl/tsl/framework/bfc_allocator.cc:1095] InUse at 7f6b60a6c000 of size 256 next 287
2025-06-14 15:51:24.093289: I external/local_tsl/tsl/framework/bfc_allocator.cc:1095] InUse at 7f6b60a6c100 of size 256 next 288
2025-06-14 15:51:24.093738: I external/local_tsl/tsl/framework/bfc_allocator.cc:1095] InUse at 7f6b60a6c200 of size 256 next 291
2025-06-14 15:51:24.094193: I external/local_tsl/tsl/framework/bfc_allocator.cc:1095] InUse at 7f6b60a6c300 of size 256 next 292
2025-06-14 15:51:24.094659: I external/local_tsl/tsl/framework/bfc_allocator.cc:1095] InUse at 7f6b60a6c400 of size 512 next 294
2025-06-14 15:51:24.095093: I external/local_tsl/tsl/framework/bfc_allocator.cc:1095] InUse at 7f6b60a6c600 of size 768 next 268
2025-06-14 15:51:24.095511: I external/local_tsl/tsl/framework/bfc_allocator.cc:1095] InUse at 7f6b60a6c900 of size 256 next 269
2025-06-14 15:51:24.095960: I external/local_tsl/tsl/framework/bfc_allocator.cc:1095] InUse at 7f6b60a6ca00 of size 256 next 270
2025-06-14 15:51:24.096413: I external/local_tsl/tsl/framework/bfc_allocator.cc:1095] InUse at 7f6b60a6cb00 of size 512 next 295
2025-06-14 15:51:24.096844: I external/local_tsl/tsl/framework/bfc_allocator.cc:1095] InUse at 7f6b60a6cd00 of size 512 next 298
2025-06-14 15:51:24.097284: I external/local_tsl/tsl/framework/bfc_allocator.cc:1095] InUse at 7f6b60a6cf00 of size 512 next 299
2025-06-14 15:51:24.097723: I external/local_tsl/tsl/framework/bfc_allocator.cc:1095] InUse at 7f6b60a6d100 of size 15138816 next 56
2025-06-14 15:51:24.098115: I external/local_tsl/tsl/framework/bfc_allocator.cc:1095] InUse at 7f6b618dd100 of size 15138816 next 301
2025-06-14 15:51:24.098460: I external/local_tsl/tsl/framework/bfc_allocator.cc:1095] InUse at 7f6b6274d100 of size 1024 next 304
2025-06-14 15:51:24.098911: I external/local_tsl/tsl/framework/bfc_allocator.cc:1095] InUse at 7f6b6274d500 of size 1024 next 305
2025-06-14 15:51:24.099353: I external/local_tsl/tsl/framework/bfc_allocator.cc:1095] InUse at 7f6b6274d900 of size 1024 next 306
2025-06-14 15:51:24.099780: I external/local_tsl/tsl/framework/bfc_allocator.cc:1095] InUse at 7f6b6274dd00 of size 1024 next 309
2025-06-14 15:51:24.100230: I external/local_tsl/tsl/framework/bfc_allocator.cc:1095] InUse at 7f6b6274e100 of size 1024 next 310
2025-06-14 15:51:24.100755: I external/local_tsl/tsl/framework/bfc_allocator.cc:1095] InUse at 7f6b6274e500 of size 512 next 317
2025-06-14 15:51:24.101232: I external/local_tsl/tsl/framework/bfc_allocator.cc:1095] InUse at 7f6b6274e700 of size 512 next 318
2025-06-14 15:51:24.101672: I external/local_tsl/tsl/framework/bfc_allocator.cc:1095] InUse at 7f6b6274e900 of size 256 next 326
2025-06-14 15:51:24.102180: I external/local_tsl/tsl/framework/bfc_allocator.cc:1095] InUse at 7f6b6274ea00 of size 256 next 327
2025-06-14 15:51:24.102694: I external/local_tsl/tsl/framework/bfc_allocator.cc:1095] Free  at 7f6b6274eb00 of size 25892096 next 18446744073709551615
2025-06-14 15:51:24.103168: I external/local_tsl/tsl/framework/bfc_allocator.cc:1075] Next region of size 33554432
2025-06-14 15:51:24.103613: I external/local_tsl/tsl/framework/bfc_allocator.cc:1095] InUse at 7f6b78000000 of size 3538944 next 83
2025-06-14 15:51:24.103984: I external/local_tsl/tsl/framework/bfc_allocator.cc:1095] InUse at 7f6b78360000 of size 221184 next 152
2025-06-14 15:51:24.104435: I external/local_tsl/tsl/framework/bfc_allocator.cc:1095] InUse at 7f6b78396000 of size 221184 next 106
2025-06-14 15:51:24.104829: I external/local_tsl/tsl/framework/bfc_allocator.cc:1095] InUse at 7f6b783cc000 of size 442368 next 100
2025-06-14 15:51:24.105255: I external/local_tsl/tsl/framework/bfc_allocator.cc:1095] InUse at 7f6b78438000 of size 884736 next 90
2025-06-14 15:51:24.105684: I external/local_tsl/tsl/framework/bfc_allocator.cc:1095] InUse at 7f6b78510000 of size 1769472 next 74
2025-06-14 15:51:24.106040: I external/local_tsl/tsl/framework/bfc_allocator.cc:1095] InUse at 7f6b786c0000 of size 7077888 next 72
2025-06-14 15:51:24.106488: I external/local_tsl/tsl/framework/bfc_allocator.cc:1095] InUse at 7f6b78d80000 of size 7077888 next 187
2025-06-14 15:51:24.106856: I external/local_tsl/tsl/framework/bfc_allocator.cc:1095] InUse at 7f6b79440000 of size 12320768 next 18446744073709551615
2025-06-14 15:51:24.107292: I external/local_tsl/tsl/framework/bfc_allocator.cc:1075] Next region of size 16777216
2025-06-14 15:51:24.107736: I external/local_tsl/tsl/framework/bfc_allocator.cc:1095] InUse at 7f6b7a000000 of size 1769472 next 173
2025-06-14 15:51:24.108111: I external/local_tsl/tsl/framework/bfc_allocator.cc:1095] InUse at 7f6b7a1b0000 of size 1769472 next 64
2025-06-14 15:51:24.108543: I external/local_tsl/tsl/framework/bfc_allocator.cc:1095] InUse at 7f6b7a360000 of size 3538944 next 62
2025-06-14 15:51:24.108927: I external/local_tsl/tsl/framework/bfc_allocator.cc:1095] InUse at 7f6b7a6c0000 of size 3538944 next 180
2025-06-14 15:51:24.109301: I external/local_tsl/tsl/framework/bfc_allocator.cc:1095] InUse at 7f6b7aa20000 of size 1048576 next 194
2025-06-14 15:51:24.109756: I external/local_tsl/tsl/framework/bfc_allocator.cc:1095] InUse at 7f6b7ab20000 of size 1048576 next 195
2025-06-14 15:51:24.110141: I external/local_tsl/tsl/framework/bfc_allocator.cc:1095] InUse at 7f6b7ac20000 of size 4063232 next 18446744073709551615
2025-06-14 15:51:24.110528: I external/local_tsl/tsl/framework/bfc_allocator.cc:1075] Next region of size 2097152
2025-06-14 15:51:24.110973: I external/local_tsl/tsl/framework/bfc_allocator.cc:1095] InUse at 7f6bdee00000 of size 1280 next 1
2025-06-14 15:51:24.111422: I external/local_tsl/tsl/framework/bfc_allocator.cc:1095] InUse at 7f6bdee00500 of size 256 next 2
2025-06-14 15:51:24.111897: I external/local_tsl/tsl/framework/bfc_allocator.cc:1095] InUse at 7f6bdee00600 of size 256 next 3
2025-06-14 15:51:24.112333: I external/local_tsl/tsl/framework/bfc_allocator.cc:1095] InUse at 7f6bdee00700 of size 256 next 5
2025-06-14 15:51:24.112811: I external/local_tsl/tsl/framework/bfc_allocator.cc:1095] InUse at 7f6bdee00800 of size 256 next 6
2025-06-14 15:51:24.113266: I external/local_tsl/tsl/framework/bfc_allocator.cc:1095] InUse at 7f6bdee00900 of size 256 next 4
2025-06-14 15:51:24.113695: I external/local_tsl/tsl/framework/bfc_allocator.cc:1095] InUse at 7f6bdee00a00 of size 256 next 7
2025-06-14 15:51:24.114125: I external/local_tsl/tsl/framework/bfc_allocator.cc:1095] InUse at 7f6bdee00b00 of size 256 next 10
2025-06-14 15:51:24.114610: I external/local_tsl/tsl/framework/bfc_allocator.cc:1095] InUse at 7f6bdee00c00 of size 256 next 278
2025-06-14 15:51:24.115064: I external/local_tsl/tsl/framework/bfc_allocator.cc:1095] InUse at 7f6bdee00d00 of size 256 next 12
2025-06-14 15:51:24.115543: I external/local_tsl/tsl/framework/bfc_allocator.cc:1095] InUse at 7f6bdee00e00 of size 256 next 13
2025-06-14 15:51:24.116024: I external/local_tsl/tsl/framework/bfc_allocator.cc:1095] InUse at 7f6bdee00f00 of size 256 next 14
2025-06-14 15:51:24.116499: I external/local_tsl/tsl/framework/bfc_allocator.cc:1095] InUse at 7f6bdee01000 of size 256 next 17
2025-06-14 15:51:24.116966: I external/local_tsl/tsl/framework/bfc_allocator.cc:1095] InUse at 7f6bdee01100 of size 256 next 15
2025-06-14 15:51:24.117448: I external/local_tsl/tsl/framework/bfc_allocator.cc:1095] InUse at 7f6bdee01200 of size 256 next 16
2025-06-14 15:51:24.117948: I external/local_tsl/tsl/framework/bfc_allocator.cc:1095] InUse at 7f6bdee01300 of size 256 next 286
2025-06-14 15:51:24.118413: I external/local_tsl/tsl/framework/bfc_allocator.cc:1095] InUse at 7f6bdee01400 of size 256 next 21
2025-06-14 15:51:24.118947: I external/local_tsl/tsl/framework/bfc_allocator.cc:1095] InUse at 7f6bdee01500 of size 256 next 22
2025-06-14 15:51:24.119436: I external/local_tsl/tsl/framework/bfc_allocator.cc:1095] InUse at 7f6bdee01600 of size 256 next 23
2025-06-14 15:51:24.119911: I external/local_tsl/tsl/framework/bfc_allocator.cc:1095] InUse at 7f6bdee01700 of size 256 next 24
2025-06-14 15:51:24.120393: I external/local_tsl/tsl/framework/bfc_allocator.cc:1095] InUse at 7f6bdee01800 of size 256 next 25
2025-06-14 15:51:24.120856: I external/local_tsl/tsl/framework/bfc_allocator.cc:1095] InUse at 7f6bdee01900 of size 256 next 28
2025-06-14 15:51:24.121317: I external/local_tsl/tsl/framework/bfc_allocator.cc:1095] InUse at 7f6bdee01a00 of size 256 next 290
2025-06-14 15:51:24.121802: I external/local_tsl/tsl/framework/bfc_allocator.cc:1095] InUse at 7f6bdee01b00 of size 256 next 30
2025-06-14 15:51:24.122260: I external/local_tsl/tsl/framework/bfc_allocator.cc:1095] InUse at 7f6bdee01c00 of size 256 next 31
2025-06-14 15:51:24.122757: I external/local_tsl/tsl/framework/bfc_allocator.cc:1095] InUse at 7f6bdee01d00 of size 256 next 32
2025-06-14 15:51:24.123227: I external/local_tsl/tsl/framework/bfc_allocator.cc:1095] InUse at 7f6bdee01e00 of size 256 next 35
2025-06-14 15:51:24.123693: I external/local_tsl/tsl/framework/bfc_allocator.cc:1095] InUse at 7f6bdee01f00 of size 256 next 33
2025-06-14 15:51:24.124151: I external/local_tsl/tsl/framework/bfc_allocator.cc:1095] InUse at 7f6bdee02000 of size 256 next 34
2025-06-14 15:51:24.124650: I external/local_tsl/tsl/framework/bfc_allocator.cc:1095] InUse at 7f6bdee02100 of size 512 next 39
2025-06-14 15:51:24.125122: I external/local_tsl/tsl/framework/bfc_allocator.cc:1095] InUse at 7f6bdee02300 of size 256 next 40
2025-06-14 15:51:24.125606: I external/local_tsl/tsl/framework/bfc_allocator.cc:1095] InUse at 7f6bdee02400 of size 256 next 41
2025-06-14 15:51:24.126090: I external/local_tsl/tsl/framework/bfc_allocator.cc:1095] InUse at 7f6bdee02500 of size 256 next 8
2025-06-14 15:51:24.126585: I external/local_tsl/tsl/framework/bfc_allocator.cc:1095] InUse at 7f6bdee02600 of size 3584 next 9
2025-06-14 15:51:24.127068: I external/local_tsl/tsl/framework/bfc_allocator.cc:1095] InUse at 7f6bdee03400 of size 512 next 42
2025-06-14 15:51:24.127551: I external/local_tsl/tsl/framework/bfc_allocator.cc:1095] InUse at 7f6bdee03600 of size 512 next 45
2025-06-14 15:51:24.128029: I external/local_tsl/tsl/framework/bfc_allocator.cc:1095] InUse at 7f6bdee03800 of size 512 next 46
2025-06-14 15:51:24.128503: I external/local_tsl/tsl/framework/bfc_allocator.cc:1095] InUse at 7f6bdee03a00 of size 512 next 297
2025-06-14 15:51:24.128986: I external/local_tsl/tsl/framework/bfc_allocator.cc:1095] InUse at 7f6bdee03c00 of size 512 next 48
2025-06-14 15:51:24.129481: I external/local_tsl/tsl/framework/bfc_allocator.cc:1095] InUse at 7f6bdee03e00 of size 256 next 49
2025-06-14 15:51:24.129953: I external/local_tsl/tsl/framework/bfc_allocator.cc:1095] InUse at 7f6bdee03f00 of size 512 next 50
2025-06-14 15:51:24.130399: I external/local_tsl/tsl/framework/bfc_allocator.cc:1095] InUse at 7f6bdee04100 of size 512 next 51
2025-06-14 15:51:24.130823: I external/local_tsl/tsl/framework/bfc_allocator.cc:1095] InUse at 7f6bdee04300 of size 512 next 55
2025-06-14 15:51:24.131272: I external/local_tsl/tsl/framework/bfc_allocator.cc:1095] InUse at 7f6bdee04500 of size 1024 next 57
2025-06-14 15:51:24.131753: I external/local_tsl/tsl/framework/bfc_allocator.cc:1095] InUse at 7f6bdee04900 of size 256 next 58
2025-06-14 15:51:24.132202: I external/local_tsl/tsl/framework/bfc_allocator.cc:1095] InUse at 7f6bdee04a00 of size 256 next 59
2025-06-14 15:51:24.132670: I external/local_tsl/tsl/framework/bfc_allocator.cc:1095] InUse at 7f6bdee04b00 of size 1024 next 60
2025-06-14 15:51:24.133103: I external/local_tsl/tsl/framework/bfc_allocator.cc:1095] InUse at 7f6bdee04f00 of size 1024 next 61
2025-06-14 15:51:24.133558: I external/local_tsl/tsl/framework/bfc_allocator.cc:1095] InUse at 7f6bdee05300 of size 1024 next 65
2025-06-14 15:51:24.134062: I external/local_tsl/tsl/framework/bfc_allocator.cc:1095] InUse at 7f6bdee05700 of size 1024 next 308
2025-06-14 15:51:24.134653: I external/local_tsl/tsl/framework/bfc_allocator.cc:1095] InUse at 7f6bdee05b00 of size 1024 next 67
2025-06-14 15:51:24.135192: I external/local_tsl/tsl/framework/bfc_allocator.cc:1095] InUse at 7f6bdee05f00 of size 256 next 68
2025-06-14 15:51:24.135770: I external/local_tsl/tsl/framework/bfc_allocator.cc:1095] InUse at 7f6bdee06000 of size 256 next 69
2025-06-14 15:51:24.136331: I external/local_tsl/tsl/framework/bfc_allocator.cc:1095] InUse at 7f6bdee06100 of size 1024 next 70
2025-06-14 15:51:24.136796: I external/local_tsl/tsl/framework/bfc_allocator.cc:1095] InUse at 7f6bdee06500 of size 1024 next 71
2025-06-14 15:51:24.137234: I external/local_tsl/tsl/framework/bfc_allocator.cc:1095] InUse at 7f6bdee06900 of size 1024 next 75
2025-06-14 15:51:24.137680: I external/local_tsl/tsl/framework/bfc_allocator.cc:1095] InUse at 7f6bdee06d00 of size 512 next 313
2025-06-14 15:51:24.138128: I external/local_tsl/tsl/framework/bfc_allocator.cc:1095] InUse at 7f6bdee06f00 of size 512 next 314
2025-06-14 15:51:24.138565: I external/local_tsl/tsl/framework/bfc_allocator.cc:1095] InUse at 7f6bdee07100 of size 512 next 315
2025-06-14 15:51:24.139039: I external/local_tsl/tsl/framework/bfc_allocator.cc:1095] InUse at 7f6bdee07300 of size 512 next 77
2025-06-14 15:51:24.139479: I external/local_tsl/tsl/framework/bfc_allocator.cc:1095] InUse at 7f6bdee07500 of size 256 next 78
2025-06-14 15:51:24.139938: I external/local_tsl/tsl/framework/bfc_allocator.cc:1095] InUse at 7f6bdee07600 of size 256 next 79
2025-06-14 15:51:24.140403: I external/local_tsl/tsl/framework/bfc_allocator.cc:1095] InUse at 7f6bdee07700 of size 512 next 80
2025-06-14 15:51:24.140853: I external/local_tsl/tsl/framework/bfc_allocator.cc:1095] InUse at 7f6bdee07900 of size 512 next 81
2025-06-14 15:51:24.141312: I external/local_tsl/tsl/framework/bfc_allocator.cc:1095] InUse at 7f6bdee07b00 of size 512 next 82
2025-06-14 15:51:24.141772: I external/local_tsl/tsl/framework/bfc_allocator.cc:1095] InUse at 7f6bdee07d00 of size 512 next 84
2025-06-14 15:51:24.142209: I external/local_tsl/tsl/framework/bfc_allocator.cc:1095] InUse at 7f6bdee07f00 of size 512 next 316
2025-06-14 15:51:24.142640: I external/local_tsl/tsl/framework/bfc_allocator.cc:1095] InUse at 7f6bdee08100 of size 512 next 86
2025-06-14 15:51:24.143095: I external/local_tsl/tsl/framework/bfc_allocator.cc:1095] InUse at 7f6bdee08300 of size 512 next 87
2025-06-14 15:51:24.143557: I external/local_tsl/tsl/framework/bfc_allocator.cc:1095] InUse at 7f6bdee08500 of size 512 next 88
2025-06-14 15:51:24.144010: I external/local_tsl/tsl/framework/bfc_allocator.cc:1095] InUse at 7f6bdee08700 of size 512 next 89
2025-06-14 15:51:24.144439: I external/local_tsl/tsl/framework/bfc_allocator.cc:1095] InUse at 7f6bdee08900 of size 256 next 321
2025-06-14 15:51:24.144957: I external/local_tsl/tsl/framework/bfc_allocator.cc:1095] InUse at 7f6bdee08a00 of size 256 next 323
2025-06-14 15:51:24.145400: I external/local_tsl/tsl/framework/bfc_allocator.cc:1095] InUse at 7f6bdee08b00 of size 256 next 324
2025-06-14 15:51:24.145892: I external/local_tsl/tsl/framework/bfc_allocator.cc:1095] InUse at 7f6bdee08c00 of size 256 next 92
2025-06-14 15:51:24.146391: I external/local_tsl/tsl/framework/bfc_allocator.cc:1095] InUse at 7f6bdee08d00 of size 256 next 93
2025-06-14 15:51:24.146896: I external/local_tsl/tsl/framework/bfc_allocator.cc:1095] InUse at 7f6bdee08e00 of size 256 next 94
2025-06-14 15:51:24.147351: I external/local_tsl/tsl/framework/bfc_allocator.cc:1095] InUse at 7f6bdee08f00 of size 256 next 97
2025-06-14 15:51:24.147859: I external/local_tsl/tsl/framework/bfc_allocator.cc:1095] InUse at 7f6bdee09000 of size 256 next 95
2025-06-14 15:51:24.148327: I external/local_tsl/tsl/framework/bfc_allocator.cc:1095] InUse at 7f6bdee09100 of size 256 next 96
2025-06-14 15:51:24.148798: I external/local_tsl/tsl/framework/bfc_allocator.cc:1095] InUse at 7f6bdee09200 of size 256 next 98
2025-06-14 15:51:24.149315: I external/local_tsl/tsl/framework/bfc_allocator.cc:1095] InUse at 7f6bdee09300 of size 256 next 101
2025-06-14 15:51:24.149804: I external/local_tsl/tsl/framework/bfc_allocator.cc:1095] InUse at 7f6bdee09400 of size 256 next 102
2025-06-14 15:51:24.150280: I external/local_tsl/tsl/framework/bfc_allocator.cc:1095] InUse at 7f6bdee09500 of size 256 next 103
2025-06-14 15:51:24.150777: I external/local_tsl/tsl/framework/bfc_allocator.cc:1095] InUse at 7f6bdee09600 of size 256 next 104
2025-06-14 15:51:24.151266: I external/local_tsl/tsl/framework/bfc_allocator.cc:1095] InUse at 7f6bdee09700 of size 256 next 105
2025-06-14 15:51:24.151745: I external/local_tsl/tsl/framework/bfc_allocator.cc:1095] Free  at 7f6bdee09800 of size 512 next 108
2025-06-14 15:51:24.152259: I external/local_tsl/tsl/framework/bfc_allocator.cc:1095] InUse at 7f6bdee09a00 of size 256 next 109
2025-06-14 15:51:24.152769: I external/local_tsl/tsl/framework/bfc_allocator.cc:1095] InUse at 7f6bdee09b00 of size 256 next 110
2025-06-14 15:51:24.153314: I external/local_tsl/tsl/framework/bfc_allocator.cc:1095] InUse at 7f6bdee09c00 of size 256 next 146
2025-06-14 15:51:24.153888: I external/local_tsl/tsl/framework/bfc_allocator.cc:1095] InUse at 7f6bdee09d00 of size 256 next 147
2025-06-14 15:51:24.154357: I external/local_tsl/tsl/framework/bfc_allocator.cc:1095] InUse at 7f6bdee09e00 of size 256 next 148
2025-06-14 15:51:24.154832: I external/local_tsl/tsl/framework/bfc_allocator.cc:1095] InUse at 7f6bdee09f00 of size 256 next 149
2025-06-14 15:51:24.155307: I external/local_tsl/tsl/framework/bfc_allocator.cc:1095] InUse at 7f6bdee0a000 of size 256 next 150
2025-06-14 15:51:24.155778: I external/local_tsl/tsl/framework/bfc_allocator.cc:1095] InUse at 7f6bdee0a100 of size 256 next 151
2025-06-14 15:51:24.156244: I external/local_tsl/tsl/framework/bfc_allocator.cc:1095] InUse at 7f6bdee0a200 of size 256 next 153
2025-06-14 15:51:24.156724: I external/local_tsl/tsl/framework/bfc_allocator.cc:1095] InUse at 7f6bdee0a300 of size 256 next 154
2025-06-14 15:51:24.157184: I external/local_tsl/tsl/framework/bfc_allocator.cc:1095] InUse at 7f6bdee0a400 of size 256 next 155
2025-06-14 15:51:24.157680: I external/local_tsl/tsl/framework/bfc_allocator.cc:1095] InUse at 7f6bdee0a500 of size 256 next 156
2025-06-14 15:51:24.158144: I external/local_tsl/tsl/framework/bfc_allocator.cc:1095] InUse at 7f6bdee0a600 of size 256 next 157
2025-06-14 15:51:24.158649: I external/local_tsl/tsl/framework/bfc_allocator.cc:1095] InUse at 7f6bdee0a700 of size 256 next 158
2025-06-14 15:51:24.159123: I external/local_tsl/tsl/framework/bfc_allocator.cc:1095] InUse at 7f6bdee0a800 of size 256 next 160
2025-06-14 15:51:24.159593: I external/local_tsl/tsl/framework/bfc_allocator.cc:1095] InUse at 7f6bdee0a900 of size 256 next 161
2025-06-14 15:51:24.160080: I external/local_tsl/tsl/framework/bfc_allocator.cc:1095] InUse at 7f6bdee0aa00 of size 256 next 162
2025-06-14 15:51:24.160591: I external/local_tsl/tsl/framework/bfc_allocator.cc:1095] InUse at 7f6bdee0ab00 of size 256 next 163
2025-06-14 15:51:24.161035: I external/local_tsl/tsl/framework/bfc_allocator.cc:1095] InUse at 7f6bdee0ac00 of size 256 next 164
2025-06-14 15:51:24.161457: I external/local_tsl/tsl/framework/bfc_allocator.cc:1095] InUse at 7f6bdee0ad00 of size 256 next 165
2025-06-14 15:51:24.161915: I external/local_tsl/tsl/framework/bfc_allocator.cc:1095] InUse at 7f6bdee0ae00 of size 512 next 167
2025-06-14 15:51:24.162398: I external/local_tsl/tsl/framework/bfc_allocator.cc:1095] InUse at 7f6bdee0b000 of size 512 next 168
2025-06-14 15:51:24.162860: I external/local_tsl/tsl/framework/bfc_allocator.cc:1095] InUse at 7f6bdee0b200 of size 512 next 169
2025-06-14 15:51:24.163301: I external/local_tsl/tsl/framework/bfc_allocator.cc:1095] InUse at 7f6bdee0b400 of size 512 next 170
2025-06-14 15:51:24.163745: I external/local_tsl/tsl/framework/bfc_allocator.cc:1095] InUse at 7f6bdee0b600 of size 512 next 171
2025-06-14 15:51:24.164227: I external/local_tsl/tsl/framework/bfc_allocator.cc:1095] InUse at 7f6bdee0b800 of size 512 next 172
2025-06-14 15:51:24.164685: I external/local_tsl/tsl/framework/bfc_allocator.cc:1095] InUse at 7f6bdee0ba00 of size 512 next 174
2025-06-14 15:51:24.165130: I external/local_tsl/tsl/framework/bfc_allocator.cc:1095] InUse at 7f6bdee0bc00 of size 512 next 175
2025-06-14 15:51:24.165576: I external/local_tsl/tsl/framework/bfc_allocator.cc:1095] InUse at 7f6bdee0be00 of size 512 next 176
2025-06-14 15:51:24.166048: I external/local_tsl/tsl/framework/bfc_allocator.cc:1095] InUse at 7f6bdee0c000 of size 512 next 177
2025-06-14 15:51:24.166504: I external/local_tsl/tsl/framework/bfc_allocator.cc:1095] InUse at 7f6bdee0c200 of size 512 next 178
2025-06-14 15:51:24.166979: I external/local_tsl/tsl/framework/bfc_allocator.cc:1095] InUse at 7f6bdee0c400 of size 512 next 179
2025-06-14 15:51:24.167426: I external/local_tsl/tsl/framework/bfc_allocator.cc:1095] InUse at 7f6bdee0c600 of size 1024 next 181
2025-06-14 15:51:24.167941: I external/local_tsl/tsl/framework/bfc_allocator.cc:1095] InUse at 7f6bdee0ca00 of size 1024 next 182
2025-06-14 15:51:24.168441: I external/local_tsl/tsl/framework/bfc_allocator.cc:1095] InUse at 7f6bdee0ce00 of size 1024 next 183
2025-06-14 15:51:24.168934: I external/local_tsl/tsl/framework/bfc_allocator.cc:1095] InUse at 7f6bdee0d200 of size 1024 next 184
2025-06-14 15:51:24.169474: I external/local_tsl/tsl/framework/bfc_allocator.cc:1095] InUse at 7f6bdee0d600 of size 1024 next 185
2025-06-14 15:51:24.170036: I external/local_tsl/tsl/framework/bfc_allocator.cc:1095] InUse at 7f6bdee0da00 of size 1024 next 186
2025-06-14 15:51:24.170563: I external/local_tsl/tsl/framework/bfc_allocator.cc:1095] InUse at 7f6bdee0de00 of size 1024 next 188
2025-06-14 15:51:24.171044: I external/local_tsl/tsl/framework/bfc_allocator.cc:1095] InUse at 7f6bdee0e200 of size 1024 next 189
2025-06-14 15:51:24.171504: I external/local_tsl/tsl/framework/bfc_allocator.cc:1095] InUse at 7f6bdee0e600 of size 1024 next 190
2025-06-14 15:51:24.171979: I external/local_tsl/tsl/framework/bfc_allocator.cc:1095] InUse at 7f6bdee0ea00 of size 1024 next 191
2025-06-14 15:51:24.172414: I external/local_tsl/tsl/framework/bfc_allocator.cc:1095] InUse at 7f6bdee0ee00 of size 1024 next 192
2025-06-14 15:51:24.172890: I external/local_tsl/tsl/framework/bfc_allocator.cc:1095] InUse at 7f6bdee0f200 of size 1024 next 193
2025-06-14 15:51:24.173340: I external/local_tsl/tsl/framework/bfc_allocator.cc:1095] InUse at 7f6bdee0f600 of size 512 next 196
2025-06-14 15:51:24.173845: I external/local_tsl/tsl/framework/bfc_allocator.cc:1095] InUse at 7f6bdee0f800 of size 512 next 197
2025-06-14 15:51:24.174266: I external/local_tsl/tsl/framework/bfc_allocator.cc:1095] InUse at 7f6bdee0fa00 of size 512 next 199
2025-06-14 15:51:24.174699: I external/local_tsl/tsl/framework/bfc_allocator.cc:1095] InUse at 7f6bdee0fc00 of size 512 next 200
2025-06-14 15:51:24.175126: I external/local_tsl/tsl/framework/bfc_allocator.cc:1095] InUse at 7f6bdee0fe00 of size 512 next 201
2025-06-14 15:51:24.175626: I external/local_tsl/tsl/framework/bfc_allocator.cc:1095] InUse at 7f6bdee10000 of size 512 next 202
2025-06-14 15:51:24.176074: I external/local_tsl/tsl/framework/bfc_allocator.cc:1095] InUse at 7f6bdee10200 of size 512 next 203
2025-06-14 15:51:24.176526: I external/local_tsl/tsl/framework/bfc_allocator.cc:1095] InUse at 7f6bdee10400 of size 512 next 204
2025-06-14 15:51:24.176997: I external/local_tsl/tsl/framework/bfc_allocator.cc:1095] InUse at 7f6bdee10600 of size 512 next 207
2025-06-14 15:51:24.177443: I external/local_tsl/tsl/framework/bfc_allocator.cc:1095] InUse at 7f6bdee10800 of size 512 next 208
2025-06-14 15:51:24.177873: I external/local_tsl/tsl/framework/bfc_allocator.cc:1095] InUse at 7f6bdee10a00 of size 512 next 209
2025-06-14 15:51:24.178329: I external/local_tsl/tsl/framework/bfc_allocator.cc:1095] InUse at 7f6bdee10c00 of size 512 next 210
2025-06-14 15:51:24.178773: I external/local_tsl/tsl/framework/bfc_allocator.cc:1095] InUse at 7f6bdee10e00 of size 512 next 211
2025-06-14 15:51:24.179225: I external/local_tsl/tsl/framework/bfc_allocator.cc:1095] InUse at 7f6bdee11000 of size 512 next 212
2025-06-14 15:51:24.179671: I external/local_tsl/tsl/framework/bfc_allocator.cc:1095] InUse at 7f6bdee11200 of size 256 next 215
2025-06-14 15:51:24.180150: I external/local_tsl/tsl/framework/bfc_allocator.cc:1095] InUse at 7f6bdee11300 of size 256 next 216
2025-06-14 15:51:24.180589: I external/local_tsl/tsl/framework/bfc_allocator.cc:1095] InUse at 7f6bdee11400 of size 256 next 219
2025-06-14 15:51:24.181063: I external/local_tsl/tsl/framework/bfc_allocator.cc:1095] InUse at 7f6bdee11500 of size 256 next 220
2025-06-14 15:51:24.181484: I external/local_tsl/tsl/framework/bfc_allocator.cc:1095] InUse at 7f6bdee11600 of size 256 next 221
2025-06-14 15:51:24.181900: I external/local_tsl/tsl/framework/bfc_allocator.cc:1095] InUse at 7f6bdee11700 of size 256 next 222
2025-06-14 15:51:24.182336: I external/local_tsl/tsl/framework/bfc_allocator.cc:1095] InUse at 7f6bdee11800 of size 256 next 223
2025-06-14 15:51:24.182772: I external/local_tsl/tsl/framework/bfc_allocator.cc:1095] InUse at 7f6bdee11900 of size 256 next 224
2025-06-14 15:51:24.183220: I external/local_tsl/tsl/framework/bfc_allocator.cc:1095] InUse at 7f6bdee11a00 of size 256 next 227
2025-06-14 15:51:24.183672: I external/local_tsl/tsl/framework/bfc_allocator.cc:1095] InUse at 7f6bdee11b00 of size 256 next 228
2025-06-14 15:51:24.184099: I external/local_tsl/tsl/framework/bfc_allocator.cc:1095] InUse at 7f6bdee11c00 of size 256 next 229
2025-06-14 15:51:24.184574: I external/local_tsl/tsl/framework/bfc_allocator.cc:1095] InUse at 7f6bdee11d00 of size 256 next 230
2025-06-14 15:51:24.185034: I external/local_tsl/tsl/framework/bfc_allocator.cc:1095] InUse at 7f6bdee11e00 of size 256 next 231
2025-06-14 15:51:24.185500: I external/local_tsl/tsl/framework/bfc_allocator.cc:1095] InUse at 7f6bdee11f00 of size 256 next 232
2025-06-14 15:51:24.186000: I external/local_tsl/tsl/framework/bfc_allocator.cc:1095] InUse at 7f6bdee12000 of size 65536 next 233
2025-06-14 15:51:24.186449: I external/local_tsl/tsl/framework/bfc_allocator.cc:1095] InUse at 7f6bdee22000 of size 95232 next 19
2025-06-14 15:51:24.186904: I external/local_tsl/tsl/framework/bfc_allocator.cc:1095] InUse at 7f6bdee39400 of size 110592 next 18
2025-06-14 15:51:24.187344: I external/local_tsl/tsl/framework/bfc_allocator.cc:1095] InUse at 7f6bdee54400 of size 65536 next 115
2025-06-14 15:51:24.187785: I external/local_tsl/tsl/framework/bfc_allocator.cc:1095] InUse at 7f6bdee64400 of size 256 next 112
2025-06-14 15:51:24.188257: I external/local_tsl/tsl/framework/bfc_allocator.cc:1095] InUse at 7f6bdee64500 of size 256 next 114
2025-06-14 15:51:24.188694: I external/local_tsl/tsl/framework/bfc_allocator.cc:1095] InUse at 7f6bdee64600 of size 256 next 113
2025-06-14 15:51:24.189131: I external/local_tsl/tsl/framework/bfc_allocator.cc:1095] InUse at 7f6bdee64700 of size 256 next 111
2025-06-14 15:51:24.189601: I external/local_tsl/tsl/framework/bfc_allocator.cc:1095] InUse at 7f6bdee64800 of size 256 next 117
2025-06-14 15:51:24.190083: I external/local_tsl/tsl/framework/bfc_allocator.cc:1095] InUse at 7f6bdee64900 of size 256 next 118
2025-06-14 15:51:24.190533: I external/local_tsl/tsl/framework/bfc_allocator.cc:1095] InUse at 7f6bdee64a00 of size 256 next 120
2025-06-14 15:51:24.190967: I external/local_tsl/tsl/framework/bfc_allocator.cc:1095] InUse at 7f6bdee64b00 of size 256 next 119
2025-06-14 15:51:24.191418: I external/local_tsl/tsl/framework/bfc_allocator.cc:1095] InUse at 7f6bdee64c00 of size 256 next 121
2025-06-14 15:51:24.191915: I external/local_tsl/tsl/framework/bfc_allocator.cc:1095] InUse at 7f6bdee64d00 of size 256 next 123
2025-06-14 15:51:24.192378: I external/local_tsl/tsl/framework/bfc_allocator.cc:1095] InUse at 7f6bdee64e00 of size 256 next 124
2025-06-14 15:51:24.192839: I external/local_tsl/tsl/framework/bfc_allocator.cc:1095] InUse at 7f6bdee64f00 of size 256 next 125
2025-06-14 15:51:24.193274: I external/local_tsl/tsl/framework/bfc_allocator.cc:1095] InUse at 7f6bdee65000 of size 256 next 126
2025-06-14 15:51:24.193770: I external/local_tsl/tsl/framework/bfc_allocator.cc:1095] InUse at 7f6bdee65100 of size 256 next 128
2025-06-14 15:51:24.194223: I external/local_tsl/tsl/framework/bfc_allocator.cc:1095] InUse at 7f6bdee65200 of size 256 next 127
2025-06-14 15:51:24.194688: I external/local_tsl/tsl/framework/bfc_allocator.cc:1095] InUse at 7f6bdee65300 of size 256 next 129
2025-06-14 15:51:24.195123: I external/local_tsl/tsl/framework/bfc_allocator.cc:1095] InUse at 7f6bdee65400 of size 256 next 130
2025-06-14 15:51:24.195588: I external/local_tsl/tsl/framework/bfc_allocator.cc:1095] InUse at 7f6bdee65500 of size 256 next 131
2025-06-14 15:51:24.196042: I external/local_tsl/tsl/framework/bfc_allocator.cc:1095] InUse at 7f6bdee65600 of size 256 next 132
2025-06-14 15:51:24.196521: I external/local_tsl/tsl/framework/bfc_allocator.cc:1095] InUse at 7f6bdee65700 of size 256 next 133
2025-06-14 15:51:24.196988: I external/local_tsl/tsl/framework/bfc_allocator.cc:1095] InUse at 7f6bdee65800 of size 256 next 137
2025-06-14 15:51:24.197433: I external/local_tsl/tsl/framework/bfc_allocator.cc:1095] InUse at 7f6bdee65900 of size 256 next 136
2025-06-14 15:51:24.197880: I external/local_tsl/tsl/framework/bfc_allocator.cc:1095] InUse at 7f6bdee65a00 of size 3584 next 138
2025-06-14 15:51:24.198317: I external/local_tsl/tsl/framework/bfc_allocator.cc:1095] InUse at 7f6bdee66800 of size 3584 next 139
2025-06-14 15:51:24.198782: I external/local_tsl/tsl/framework/bfc_allocator.cc:1095] InUse at 7f6bdee67600 of size 256 next 140
2025-06-14 15:51:24.199219: I external/local_tsl/tsl/framework/bfc_allocator.cc:1095] InUse at 7f6bdee67700 of size 256 next 141
2025-06-14 15:51:24.199703: I external/local_tsl/tsl/framework/bfc_allocator.cc:1095] InUse at 7f6bdee67800 of size 256 next 142
2025-06-14 15:51:24.200160: I external/local_tsl/tsl/framework/bfc_allocator.cc:1095] InUse at 7f6bdee67900 of size 256 next 143
2025-06-14 15:51:24.200615: I external/local_tsl/tsl/framework/bfc_allocator.cc:1095] InUse at 7f6bdee67a00 of size 256 next 144
2025-06-14 15:51:24.201144: I external/local_tsl/tsl/framework/bfc_allocator.cc:1095] InUse at 7f6bdee67b00 of size 256 next 145
2025-06-14 15:51:24.201668: I external/local_tsl/tsl/framework/bfc_allocator.cc:1095] InUse at 7f6bdee67c00 of size 141312 next 27
2025-06-14 15:51:24.202094: I external/local_tsl/tsl/framework/bfc_allocator.cc:1095] InUse at 7f6bdee8a400 of size 221184 next 26
2025-06-14 15:51:24.202509: I external/local_tsl/tsl/framework/bfc_allocator.cc:1095] InUse at 7f6bdeec0400 of size 442368 next 159
2025-06-14 15:51:24.203121: I external/local_tsl/tsl/framework/bfc_allocator.cc:1095] InUse at 7f6bdef2c400 of size 867328 next 18446744073709551615
2025-06-14 15:51:24.203612: I external/local_tsl/tsl/framework/bfc_allocator.cc:1075] Next region of size 4194304
2025-06-14 15:51:24.204111: I external/local_tsl/tsl/framework/bfc_allocator.cc:1095] InUse at 7f6bdf400000 of size 442368 next 37
2025-06-14 15:51:24.204501: I external/local_tsl/tsl/framework/bfc_allocator.cc:1095] InUse at 7f6bdf46c000 of size 221184 next 116
2025-06-14 15:51:24.204899: I external/local_tsl/tsl/framework/bfc_allocator.cc:1095] InUse at 7f6bdf4a2000 of size 110592 next 122
2025-06-14 15:51:24.205269: I external/local_tsl/tsl/framework/bfc_allocator.cc:1095] InUse at 7f6bdf4bd000 of size 192512 next 99
2025-06-14 15:51:24.205643: I external/local_tsl/tsl/framework/bfc_allocator.cc:1095] InUse at 7f6bdf4ec000 of size 360448 next 44
2025-06-14 15:51:24.206080: I external/local_tsl/tsl/framework/bfc_allocator.cc:1095] InUse at 7f6bdf544000 of size 884736 next 43
2025-06-14 15:51:24.206541: I external/local_tsl/tsl/framework/bfc_allocator.cc:1095] InUse at 7f6bdf61c000 of size 1982464 next 18446744073709551615
2025-06-14 15:51:24.206912: I external/local_tsl/tsl/framework/bfc_allocator.cc:1075] Next region of size 8388608
2025-06-14 15:51:24.207362: I external/local_tsl/tsl/framework/bfc_allocator.cc:1095] InUse at 7f6bdf800000 of size 884736 next 166
2025-06-14 15:51:24.207707: I external/local_tsl/tsl/framework/bfc_allocator.cc:1095] InUse at 7f6bdf8d8000 of size 884736 next 54
2025-06-14 15:51:24.208073: I external/local_tsl/tsl/framework/bfc_allocator.cc:1095] InUse at 7f6bdf9b0000 of size 1769472 next 52
2025-06-14 15:51:24.208449: I external/local_tsl/tsl/framework/bfc_allocator.cc:1095] InUse at 7f6bdfb60000 of size 4849664 next 18446744073709551615
2025-06-14 15:51:24.208846: I external/local_tsl/tsl/framework/bfc_allocator.cc:1100]      Summary of in-use Chunks by size: 
2025-06-14 15:51:24.209287: I external/local_tsl/tsl/framework/bfc_allocator.cc:1103] 155 Chunks of size 256 totalling 38.8KiB
2025-06-14 15:51:24.209760: I external/local_tsl/tsl/framework/bfc_allocator.cc:1103] 54 Chunks of size 512 totalling 27.0KiB
2025-06-14 15:51:24.210230: I external/local_tsl/tsl/framework/bfc_allocator.cc:1103] 1 Chunks of size 768 totalling 768B
2025-06-14 15:51:24.210690: I external/local_tsl/tsl/framework/bfc_allocator.cc:1103] 26 Chunks of size 1024 totalling 26.0KiB
2025-06-14 15:51:24.211139: I external/local_tsl/tsl/framework/bfc_allocator.cc:1103] 1 Chunks of size 1280 totalling 1.2KiB
2025-06-14 15:51:24.211588: I external/local_tsl/tsl/framework/bfc_allocator.cc:1103] 3 Chunks of size 3584 totalling 10.5KiB
2025-06-14 15:51:24.212062: I external/local_tsl/tsl/framework/bfc_allocator.cc:1103] 2 Chunks of size 65536 totalling 128.0KiB
2025-06-14 15:51:24.212523: I external/local_tsl/tsl/framework/bfc_allocator.cc:1103] 1 Chunks of size 95232 totalling 93.0KiB
2025-06-14 15:51:24.212991: I external/local_tsl/tsl/framework/bfc_allocator.cc:1103] 4 Chunks of size 110592 totalling 432.0KiB
2025-06-14 15:51:24.213433: I external/local_tsl/tsl/framework/bfc_allocator.cc:1103] 1 Chunks of size 141312 totalling 138.0KiB
2025-06-14 15:51:24.213892: I external/local_tsl/tsl/framework/bfc_allocator.cc:1103] 1 Chunks of size 192512 totalling 188.0KiB
2025-06-14 15:51:24.214341: I external/local_tsl/tsl/framework/bfc_allocator.cc:1103] 6 Chunks of size 221184 totalling 1.27MiB
2025-06-14 15:51:24.214787: I external/local_tsl/tsl/framework/bfc_allocator.cc:1103] 2 Chunks of size 262144 totalling 512.0KiB
2025-06-14 15:51:24.215239: I external/local_tsl/tsl/framework/bfc_allocator.cc:1103] 1 Chunks of size 360448 totalling 352.0KiB
2025-06-14 15:51:24.215689: I external/local_tsl/tsl/framework/bfc_allocator.cc:1103] 5 Chunks of size 442368 totalling 2.11MiB
2025-06-14 15:51:24.216160: I external/local_tsl/tsl/framework/bfc_allocator.cc:1103] 1 Chunks of size 867328 totalling 847.0KiB
2025-06-14 15:51:24.216621: I external/local_tsl/tsl/framework/bfc_allocator.cc:1103] 6 Chunks of size 884736 totalling 5.06MiB
2025-06-14 15:51:24.217083: I external/local_tsl/tsl/framework/bfc_allocator.cc:1103] 2 Chunks of size 1048576 totalling 2.00MiB
2025-06-14 15:51:24.217553: I external/local_tsl/tsl/framework/bfc_allocator.cc:1103] 6 Chunks of size 1769472 totalling 10.12MiB
2025-06-14 15:51:24.218013: I external/local_tsl/tsl/framework/bfc_allocator.cc:1103] 1 Chunks of size 1982464 totalling 1.89MiB
2025-06-14 15:51:24.218567: I external/local_tsl/tsl/framework/bfc_allocator.cc:1103] 4 Chunks of size 3538944 totalling 13.50MiB
2025-06-14 15:51:24.219134: I external/local_tsl/tsl/framework/bfc_allocator.cc:1103] 1 Chunks of size 4063232 totalling 3.88MiB
2025-06-14 15:51:24.219606: I external/local_tsl/tsl/framework/bfc_allocator.cc:1103] 1 Chunks of size 4849664 totalling 4.62MiB
2025-06-14 15:51:24.220096: I external/local_tsl/tsl/framework/bfc_allocator.cc:1103] 2 Chunks of size 7077888 totalling 13.50MiB
2025-06-14 15:51:24.220573: I external/local_tsl/tsl/framework/bfc_allocator.cc:1103] 1 Chunks of size 12320768 totalling 11.75MiB
2025-06-14 15:51:24.220972: I external/local_tsl/tsl/framework/bfc_allocator.cc:1103] 2 Chunks of size 15138816 totalling 28.88MiB
2025-06-14 15:51:24.221341: I external/local_tsl/tsl/framework/bfc_allocator.cc:1103] 4 Chunks of size 30277632 totalling 115.50MiB
2025-06-14 15:51:24.221704: I external/local_tsl/tsl/framework/bfc_allocator.cc:1103] 2 Chunks of size 60555264 totalling 115.50MiB
2025-06-14 15:51:24.222115: I external/local_tsl/tsl/framework/bfc_allocator.cc:1103] 1 Chunks of size 73662464 totalling 70.25MiB
2025-06-14 15:51:24.222549: I external/local_tsl/tsl/framework/bfc_allocator.cc:1103] 1 Chunks of size 116654080 totalling 111.25MiB
2025-06-14 15:51:24.222933: I external/local_tsl/tsl/framework/bfc_allocator.cc:1103] 6 Chunks of size 121110528 totalling 693.00MiB
2025-06-14 15:51:24.223307: I external/local_tsl/tsl/framework/bfc_allocator.cc:1103] 2 Chunks of size 209715200 totalling 400.00MiB
2025-06-14 15:51:24.223706: I external/local_tsl/tsl/framework/bfc_allocator.cc:1103] 3 Chunks of size 242221056 totalling 693.00MiB
2025-06-14 15:51:24.224099: I external/local_tsl/tsl/framework/bfc_allocator.cc:1103] 8 Chunks of size 484442112 totalling 3.61GiB
2025-06-14 15:51:24.224532: I external/local_tsl/tsl/framework/bfc_allocator.cc:1103] 1 Chunks of size 968884224 totalling 924.00MiB
2025-06-14 15:51:24.224935: I external/local_tsl/tsl/framework/bfc_allocator.cc:1103] 6 Chunks of size 1937768448 totalling 10.83GiB
2025-06-14 15:51:24.225378: I external/local_tsl/tsl/framework/bfc_allocator.cc:1107] Sum Total of in-use chunks: 17.58GiB
2025-06-14 15:51:24.225831: I external/local_tsl/tsl/framework/bfc_allocator.cc:1109] Total bytes in pool: 23575789568 memory_limit_: 23575789568 available bytes: 0 curr_region_allocation_bytes_: 34359738368
2025-06-14 15:51:24.226230: I external/local_tsl/tsl/framework/bfc_allocator.cc:1114] Stats: 
Limit:                     23575789568
InUse:                     18882554112
MaxInUse:                  22800760320
NumAllocs:                         912
MaxAllocSize:               4135495424
Reserved:                            0
PeakReserved:                        0
LargestFreeBlock:                    0

2025-06-14 15:51:24.226606: W external/local_tsl/tsl/framework/bfc_allocator.cc:497] ________*********________************************************_**************************************
2025-06-14 15:51:24.227051: W tensorflow/core/framework/op_kernel.cc:1839] OP_REQUIRES failed at concat_op.cc:165 : RESOURCE_EXHAUSTED: OOM when allocating tensor with shape[2,64,192,224,176] and type float on /job:localhost/replica:0/task:0/device:GPU:0 by allocator GPU_0_bfc
Traceback (most recent call last):
  File "/mnt/beegfs/hellgate/home/rb194958e/stroke_segmentation_sota/batch_wise_train.py", line 277, in <module>
    if main():
       ^^^^^^
  File "/mnt/beegfs/hellgate/home/rb194958e/stroke_segmentation_sota/batch_wise_train.py", line 256, in main
    history = model.fit(
              ^^^^^^^^^^
  File "/mnt/beegfs/hellgate/home/rb194958e/.conda/envs/tf215_env/lib/python3.11/site-packages/keras/src/utils/traceback_utils.py", line 70, in error_handler
    raise e.with_traceback(filtered_tb) from None
  File "/mnt/beegfs/hellgate/home/rb194958e/.conda/envs/tf215_env/lib/python3.11/site-packages/tensorflow/python/eager/execute.py", line 53, in quick_execute
    tensors = pywrap_tfe.TFE_Py_Execute(ctx._handle, device_name, op_name,
  ^^^^^^^^^^^^^^^^^^^^^^^^^^^^^^^^^^^^^^^^^^^^^^^^^^^^^^^^^^^^^^^^^^^^^^^^
tensorflow.python.framework.errors_impl.ResourceExhaustedError: Graph execution error:

Detected at node model/concatenate_2/concat defined at (most recent call last):
  File "/mnt/beegfs/hellgate/home/rb194958e/stroke_segmentation_sota/batch_wise_train.py", line 277, in <module>

  File "/mnt/beegfs/hellgate/home/rb194958e/stroke_segmentation_sota/batch_wise_train.py", line 256, in main

  File "/mnt/beegfs/hellgate/home/rb194958e/.conda/envs/tf215_env/lib/python3.11/site-packages/keras/src/utils/traceback_utils.py", line 65, in error_handler

  File "/mnt/beegfs/hellgate/home/rb194958e/.conda/envs/tf215_env/lib/python3.11/site-packages/keras/src/engine/training.py", line 1807, in fit

  File "/mnt/beegfs/hellgate/home/rb194958e/.conda/envs/tf215_env/lib/python3.11/site-packages/keras/src/engine/training.py", line 1401, in train_function

  File "/mnt/beegfs/hellgate/home/rb194958e/.conda/envs/tf215_env/lib/python3.11/site-packages/keras/src/engine/training.py", line 1384, in step_function

  File "/mnt/beegfs/hellgate/home/rb194958e/.conda/envs/tf215_env/lib/python3.11/site-packages/keras/src/engine/training.py", line 1373, in run_step

  File "/mnt/beegfs/hellgate/home/rb194958e/.conda/envs/tf215_env/lib/python3.11/site-packages/keras/src/engine/training.py", line 1150, in train_step

  File "/mnt/beegfs/hellgate/home/rb194958e/.conda/envs/tf215_env/lib/python3.11/site-packages/keras/src/utils/traceback_utils.py", line 65, in error_handler

  File "/mnt/beegfs/hellgate/home/rb194958e/.conda/envs/tf215_env/lib/python3.11/site-packages/keras/src/engine/training.py", line 590, in __call__

  File "/mnt/beegfs/hellgate/home/rb194958e/.conda/envs/tf215_env/lib/python3.11/site-packages/keras/src/utils/traceback_utils.py", line 65, in error_handler

  File "/mnt/beegfs/hellgate/home/rb194958e/.conda/envs/tf215_env/lib/python3.11/site-packages/keras/src/engine/base_layer.py", line 1149, in __call__

  File "/mnt/beegfs/hellgate/home/rb194958e/.conda/envs/tf215_env/lib/python3.11/site-packages/keras/src/utils/traceback_utils.py", line 96, in error_handler

  File "/mnt/beegfs/hellgate/home/rb194958e/.conda/envs/tf215_env/lib/python3.11/site-packages/keras/src/engine/functional.py", line 515, in call

  File "/mnt/beegfs/hellgate/home/rb194958e/.conda/envs/tf215_env/lib/python3.11/site-packages/keras/src/engine/functional.py", line 672, in _run_internal_graph

  File "/mnt/beegfs/hellgate/home/rb194958e/.conda/envs/tf215_env/lib/python3.11/site-packages/keras/src/utils/traceback_utils.py", line 65, in error_handler

  File "/mnt/beegfs/hellgate/home/rb194958e/.conda/envs/tf215_env/lib/python3.11/site-packages/keras/src/engine/base_layer.py", line 1149, in __call__

  File "/mnt/beegfs/hellgate/home/rb194958e/.conda/envs/tf215_env/lib/python3.11/site-packages/keras/src/utils/traceback_utils.py", line 96, in error_handler

  File "/mnt/beegfs/hellgate/home/rb194958e/.conda/envs/tf215_env/lib/python3.11/site-packages/keras/src/layers/merging/base_merge.py", line 196, in call

  File "/mnt/beegfs/hellgate/home/rb194958e/.conda/envs/tf215_env/lib/python3.11/site-packages/keras/src/layers/merging/concatenate.py", line 134, in _merge_function

  File "/mnt/beegfs/hellgate/home/rb194958e/.conda/envs/tf215_env/lib/python3.11/site-packages/keras/src/backend.py", line 3580, in concatenate

OOM when allocating tensor with shape[2,64,192,224,176] and type float on /job:localhost/replica:0/task:0/device:GPU:0 by allocator GPU_0_bfc
	 [[{{node model/concatenate_2/concat}}]]
Hint: If you want to see a list of allocated tensors when OOM happens, add report_tensor_allocations_upon_oom to RunOptions for current allocation info. This isn't available when running in Eager mode.
 [Op:__inference_train_function_7309]
2025-06-14 15:51:24.388953: W tensorflow/core/kernels/data/generator_dataset_op.cc:108] Error occurred when finalizing GeneratorDataset iterator: FAILED_PRECONDITION: Python interpreter state is not initialized. The process may be terminated.
	 [[{{node PyFunc}}]]
/var/spool/slurmd/job1123844/slurm_script: line 320: EOF: command not found
/var/spool/slurmd/job1123844/slurm_script: line 330: unexpected EOF while looking for matching ``'
/var/spool/slurmd/job1123844/slurm_script: line 339: syntax error: unexpected end of file
