2025-06-15 04:49:23.188812: I tensorflow/core/util/port.cc:113] oneDNN custom operations are on. You may see slightly different numerical results due to floating-point round-off errors from different computation orders. To turn them off, set the environment variable `TF_ENABLE_ONEDNN_OPTS=0`.
2025-06-15 04:49:23.941273: E external/local_xla/xla/stream_executor/cuda/cuda_dnn.cc:9261] Unable to register cuDNN factory: Attempting to register factory for plugin cuDNN when one has already been registered
2025-06-15 04:49:23.941888: E external/local_xla/xla/stream_executor/cuda/cuda_fft.cc:607] Unable to register cuFFT factory: Attempting to register factory for plugin cuFFT when one has already been registered
2025-06-15 04:49:24.059777: E external/local_xla/xla/stream_executor/cuda/cuda_blas.cc:1515] Unable to register cuBLAS factory: Attempting to register factory for plugin cuBLAS when one has already been registered
2025-06-15 04:49:24.314443: I tensorflow/core/platform/cpu_feature_guard.cc:182] This TensorFlow binary is optimized to use available CPU instructions in performance-critical operations.
To enable the following instructions: AVX2 AVX512F AVX512_VNNI FMA, in other operations, rebuild TensorFlow with the appropriate compiler flags.
2025-06-15 04:49:31.021662: W tensorflow/compiler/tf2tensorrt/utils/py_utils.cc:38] TF-TRT Warning: Could not find TensorRT
INFO:__main__:🚀 Starting Stroke Lesion Segmentation Training
INFO:__main__:Using 1 GPU(s)
INFO:__main__:Creating data generators...
INFO:__main__:Found 655 valid image/mask pairs
INFO:__main__:Found 655 valid image/mask pairs
INFO:__main__:Training batches: 262
INFO:__main__:Validation batches: 65
INFO:__main__:Building model...
2025-06-15 04:49:45.396691: I tensorflow/core/common_runtime/gpu/gpu_device.cc:1929] Created device /job:localhost/replica:0/task:0/device:GPU:0 with 22483 MB memory:  -> device: 0, name: NVIDIA RTX 4500 Ada Generation, pci bus id: 0000:1c:00.0, compute capability: 8.9
INFO:__main__:Model parameters: 5,605,345
INFO:__main__:Starting training...
pixdim[0] (qfac) should be 1 (default) or -1; setting qfac to 1
INFO:nibabel.global:pixdim[0] (qfac) should be 1 (default) or -1; setting qfac to 1
pixdim[0] (qfac) should be 1 (default) or -1; setting qfac to 1
INFO:nibabel.global:pixdim[0] (qfac) should be 1 (default) or -1; setting qfac to 1
pixdim[0] (qfac) should be 1 (default) or -1; setting qfac to 1
INFO:nibabel.global:pixdim[0] (qfac) should be 1 (default) or -1; setting qfac to 1
pixdim[0] (qfac) should be 1 (default) or -1; setting qfac to 1
INFO:nibabel.global:pixdim[0] (qfac) should be 1 (default) or -1; setting qfac to 1
2025-06-15 04:49:53.091378: I external/local_xla/xla/stream_executor/cuda/cuda_dnn.cc:454] Loaded cuDNN version 8907
pixdim[0] (qfac) should be 1 (default) or -1; setting qfac to 1
INFO:nibabel.global:pixdim[0] (qfac) should be 1 (default) or -1; setting qfac to 1
pixdim[0] (qfac) should be 1 (default) or -1; setting qfac to 1
INFO:nibabel.global:pixdim[0] (qfac) should be 1 (default) or -1; setting qfac to 1
pixdim[0] (qfac) should be 1 (default) or -1; setting qfac to 1
INFO:nibabel.global:pixdim[0] (qfac) should be 1 (default) or -1; setting qfac to 1
pixdim[0] (qfac) should be 1 (default) or -1; setting qfac to 1
INFO:nibabel.global:pixdim[0] (qfac) should be 1 (default) or -1; setting qfac to 1
2025-06-15 04:50:09.548566: W external/local_tsl/tsl/framework/bfc_allocator.cc:296] Allocator (GPU_0_bfc) ran out of memory trying to allocate 2.27GiB with freed_by_count=0. The caller indicates that this is not a failure, but this may mean that there could be performance gains if more memory were available.
2025-06-15 04:50:09.650311: W external/local_tsl/tsl/framework/bfc_allocator.cc:296] Allocator (GPU_0_bfc) ran out of memory trying to allocate 2.30GiB with freed_by_count=0. The caller indicates that this is not a failure, but this may mean that there could be performance gains if more memory were available.
2025-06-15 04:50:09.651357: W external/local_tsl/tsl/framework/bfc_allocator.cc:296] Allocator (GPU_0_bfc) ran out of memory trying to allocate 2.27GiB with freed_by_count=0. The caller indicates that this is not a failure, but this may mean that there could be performance gains if more memory were available.
2025-06-15 04:50:10.272253: W external/local_tsl/tsl/framework/bfc_allocator.cc:296] Allocator (GPU_0_bfc) ran out of memory trying to allocate 2.27GiB with freed_by_count=0. The caller indicates that this is not a failure, but this may mean that there could be performance gains if more memory were available.
2025-06-15 04:50:10.325794: W external/local_tsl/tsl/framework/bfc_allocator.cc:296] Allocator (GPU_0_bfc) ran out of memory trying to allocate 2.30GiB with freed_by_count=0. The caller indicates that this is not a failure, but this may mean that there could be performance gains if more memory were available.
2025-06-15 04:50:10.326610: W external/local_tsl/tsl/framework/bfc_allocator.cc:296] Allocator (GPU_0_bfc) ran out of memory trying to allocate 2.27GiB with freed_by_count=0. The caller indicates that this is not a failure, but this may mean that there could be performance gains if more memory were available.
2025-06-15 04:50:20.949007: W external/local_tsl/tsl/framework/bfc_allocator.cc:485] Allocator (GPU_0_bfc) ran out of memory trying to allocate 3.61GiB (rounded to 3875536896)requested by op model/concatenate_2/concat
If the cause is memory fragmentation maybe the environment variable 'TF_GPU_ALLOCATOR=cuda_malloc_async' will improve the situation. 
Current allocation summary follows.
Current allocation summary follows.
2025-06-15 04:50:20.950085: I external/local_tsl/tsl/framework/bfc_allocator.cc:1039] BFCAllocator dump for GPU_0_bfc
2025-06-15 04:50:20.950825: I external/local_tsl/tsl/framework/bfc_allocator.cc:1046] Bin (256): 	Total Chunks: 155, Chunks in use: 155. 38.8KiB allocated for chunks. 38.8KiB in use in bin. 20.7KiB client-requested in use in bin.
2025-06-15 04:50:20.951347: I external/local_tsl/tsl/framework/bfc_allocator.cc:1046] Bin (512): 	Total Chunks: 56, Chunks in use: 55. 28.2KiB allocated for chunks. 27.8KiB in use in bin. 27.5KiB client-requested in use in bin.
2025-06-15 04:50:20.951741: I external/local_tsl/tsl/framework/bfc_allocator.cc:1046] Bin (1024): 	Total Chunks: 27, Chunks in use: 27. 27.2KiB allocated for chunks. 27.2KiB in use in bin. 27.0KiB client-requested in use in bin.
2025-06-15 04:50:20.952109: I external/local_tsl/tsl/framework/bfc_allocator.cc:1046] Bin (2048): 	Total Chunks: 3, Chunks in use: 3. 10.5KiB allocated for chunks. 10.5KiB in use in bin. 10.1KiB client-requested in use in bin.
2025-06-15 04:50:20.952537: I external/local_tsl/tsl/framework/bfc_allocator.cc:1046] Bin (4096): 	Total Chunks: 0, Chunks in use: 0. 0B allocated for chunks. 0B in use in bin. 0B client-requested in use in bin.
2025-06-15 04:50:20.952906: I external/local_tsl/tsl/framework/bfc_allocator.cc:1046] Bin (8192): 	Total Chunks: 0, Chunks in use: 0. 0B allocated for chunks. 0B in use in bin. 0B client-requested in use in bin.
2025-06-15 04:50:20.953256: I external/local_tsl/tsl/framework/bfc_allocator.cc:1046] Bin (16384): 	Total Chunks: 0, Chunks in use: 0. 0B allocated for chunks. 0B in use in bin. 0B client-requested in use in bin.
2025-06-15 04:50:20.953643: I external/local_tsl/tsl/framework/bfc_allocator.cc:1046] Bin (32768): 	Total Chunks: 0, Chunks in use: 0. 0B allocated for chunks. 0B in use in bin. 0B client-requested in use in bin.
2025-06-15 04:50:20.953996: I external/local_tsl/tsl/framework/bfc_allocator.cc:1046] Bin (65536): 	Total Chunks: 7, Chunks in use: 7. 653.0KiB allocated for chunks. 653.0KiB in use in bin. 624.0KiB client-requested in use in bin.
2025-06-15 04:50:20.954386: I external/local_tsl/tsl/framework/bfc_allocator.cc:1046] Bin (131072): 	Total Chunks: 8, Chunks in use: 8. 1.58MiB allocated for chunks. 1.58MiB in use in bin. 1.48MiB client-requested in use in bin.
2025-06-15 04:50:20.954753: I external/local_tsl/tsl/framework/bfc_allocator.cc:1046] Bin (262144): 	Total Chunks: 8, Chunks in use: 8. 2.95MiB allocated for chunks. 2.95MiB in use in bin. 2.86MiB client-requested in use in bin.
2025-06-15 04:50:20.955116: I external/local_tsl/tsl/framework/bfc_allocator.cc:1046] Bin (524288): 	Total Chunks: 7, Chunks in use: 7. 5.89MiB allocated for chunks. 5.89MiB in use in bin. 5.48MiB client-requested in use in bin.
2025-06-15 04:50:20.955454: I external/local_tsl/tsl/framework/bfc_allocator.cc:1046] Bin (1048576): 	Total Chunks: 9, Chunks in use: 9. 14.02MiB allocated for chunks. 14.02MiB in use in bin. 13.12MiB client-requested in use in bin.
2025-06-15 04:50:20.955809: I external/local_tsl/tsl/framework/bfc_allocator.cc:1046] Bin (2097152): 	Total Chunks: 5, Chunks in use: 5. 17.38MiB allocated for chunks. 17.38MiB in use in bin. 16.88MiB client-requested in use in bin.
2025-06-15 04:50:20.956157: I external/local_tsl/tsl/framework/bfc_allocator.cc:1046] Bin (4194304): 	Total Chunks: 3, Chunks in use: 3. 18.12MiB allocated for chunks. 18.12MiB in use in bin. 16.88MiB client-requested in use in bin.
2025-06-15 04:50:20.956499: I external/local_tsl/tsl/framework/bfc_allocator.cc:1046] Bin (8388608): 	Total Chunks: 3, Chunks in use: 3. 40.62MiB allocated for chunks. 40.62MiB in use in bin. 35.62MiB client-requested in use in bin.
2025-06-15 04:50:20.956854: I external/local_tsl/tsl/framework/bfc_allocator.cc:1046] Bin (16777216): 	Total Chunks: 5, Chunks in use: 4. 140.19MiB allocated for chunks. 115.50MiB in use in bin. 115.50MiB client-requested in use in bin.
2025-06-15 04:50:20.957215: I external/local_tsl/tsl/framework/bfc_allocator.cc:1046] Bin (33554432): 	Total Chunks: 2, Chunks in use: 2. 115.50MiB allocated for chunks. 115.50MiB in use in bin. 115.50MiB client-requested in use in bin.
2025-06-15 04:50:20.957597: I external/local_tsl/tsl/framework/bfc_allocator.cc:1046] Bin (67108864): 	Total Chunks: 8, Chunks in use: 8. 874.50MiB allocated for chunks. 874.50MiB in use in bin. 808.50MiB client-requested in use in bin.
2025-06-15 04:50:20.957969: I external/local_tsl/tsl/framework/bfc_allocator.cc:1046] Bin (134217728): 	Total Chunks: 5, Chunks in use: 5. 1.07GiB allocated for chunks. 1.07GiB in use in bin. 924.00MiB client-requested in use in bin.
2025-06-15 04:50:20.958333: I external/local_tsl/tsl/framework/bfc_allocator.cc:1046] Bin (268435456): 	Total Chunks: 18, Chunks in use: 15. 19.69GiB allocated for chunks. 15.34GiB in use in bin. 15.34GiB client-requested in use in bin.
2025-06-15 04:50:20.958754: I external/local_tsl/tsl/framework/bfc_allocator.cc:1062] Bin for 3.61GiB was 256.00MiB, Chunk State: 
2025-06-15 04:50:20.959222: I external/local_tsl/tsl/framework/bfc_allocator.cc:1068]   Size: 453.50MiB | Requested Size: 16.00MiB | in_use: 0 | bin_num: 20, prev:   Size: 462.00MiB | Requested Size: 462.00MiB | in_use: 1 | bin_num: -1
2025-06-15 04:50:20.959604: I external/local_tsl/tsl/framework/bfc_allocator.cc:1068]   Size: 1.80GiB | Requested Size: 1.80GiB | in_use: 0 | bin_num: 20, next:   Size: 1.80GiB | Requested Size: 1.80GiB | in_use: 1 | bin_num: -1
2025-06-15 04:50:20.960012: I external/local_tsl/tsl/framework/bfc_allocator.cc:1068]   Size: 2.10GiB | Requested Size: 1.82GiB | in_use: 0 | bin_num: 20, prev:   Size: 1.80GiB | Requested Size: 1.80GiB | in_use: 1 | bin_num: -1
2025-06-15 04:50:20.960372: I external/local_tsl/tsl/framework/bfc_allocator.cc:1075] Next region of size 6129582080
2025-06-15 04:50:20.960815: I external/local_tsl/tsl/framework/bfc_allocator.cc:1095] Free  at 7f2dda000000 of size 1937768448 next 107
2025-06-15 04:50:20.961157: I external/local_tsl/tsl/framework/bfc_allocator.cc:1095] InUse at 7f2e4d800000 of size 1937768448 next 329
2025-06-15 04:50:20.961525: I external/local_tsl/tsl/framework/bfc_allocator.cc:1095] Free  at 7f2ec1000000 of size 2254045184 next 18446744073709551615
2025-06-15 04:50:20.961883: I external/local_tsl/tsl/framework/bfc_allocator.cc:1075] Next region of size 8589934592
2025-06-15 04:50:20.962336: I external/local_tsl/tsl/framework/bfc_allocator.cc:1095] InUse at 7f2f74000000 of size 1937768448 next 282
2025-06-15 04:50:20.962681: I external/local_tsl/tsl/framework/bfc_allocator.cc:1095] InUse at 7f2fe7800000 of size 242221056 next 283
2025-06-15 04:50:20.963058: I external/local_tsl/tsl/framework/bfc_allocator.cc:1095] InUse at 7f2ff5f00000 of size 484442112 next 284
2025-06-15 04:50:20.963419: I external/local_tsl/tsl/framework/bfc_allocator.cc:1095] InUse at 7f3012d00000 of size 484442112 next 285
2025-06-15 04:50:20.963754: I external/local_tsl/tsl/framework/bfc_allocator.cc:1095] InUse at 7f302fb00000 of size 484442112 next 29
2025-06-15 04:50:20.964117: I external/local_tsl/tsl/framework/bfc_allocator.cc:1095] InUse at 7f304c900000 of size 484442112 next 289
2025-06-15 04:50:20.964458: I external/local_tsl/tsl/framework/bfc_allocator.cc:1095] InUse at 7f3069700000 of size 484442112 next 293
2025-06-15 04:50:20.964822: I external/local_tsl/tsl/framework/bfc_allocator.cc:1095] InUse at 7f3086500000 of size 121110528 next 47
2025-06-15 04:50:20.965172: I external/local_tsl/tsl/framework/bfc_allocator.cc:1095] InUse at 7f308d880000 of size 121110528 next 296
2025-06-15 04:50:20.965498: I external/local_tsl/tsl/framework/bfc_allocator.cc:1095] InUse at 7f3094c00000 of size 121110528 next 300
2025-06-15 04:50:20.965952: I external/local_tsl/tsl/framework/bfc_allocator.cc:1095] InUse at 7f309bf80000 of size 30277632 next 302
2025-06-15 04:50:20.966408: I external/local_tsl/tsl/framework/bfc_allocator.cc:1095] InUse at 7f309dc60000 of size 30277632 next 303
2025-06-15 04:50:20.966858: I external/local_tsl/tsl/framework/bfc_allocator.cc:1095] InUse at 7f309f940000 of size 30277632 next 66
2025-06-15 04:50:20.967235: I external/local_tsl/tsl/framework/bfc_allocator.cc:1095] InUse at 7f30a1620000 of size 30277632 next 307
2025-06-15 04:50:20.967599: I external/local_tsl/tsl/framework/bfc_allocator.cc:1095] InUse at 7f30a3300000 of size 121110528 next 76
2025-06-15 04:50:20.967959: I external/local_tsl/tsl/framework/bfc_allocator.cc:1095] InUse at 7f30aa680000 of size 121110528 next 312
2025-06-15 04:50:20.968294: I external/local_tsl/tsl/framework/bfc_allocator.cc:1095] InUse at 7f30b1a00000 of size 242221056 next 311
2025-06-15 04:50:20.968630: I external/local_tsl/tsl/framework/bfc_allocator.cc:1095] InUse at 7f30c0100000 of size 121110528 next 85
2025-06-15 04:50:20.968991: I external/local_tsl/tsl/framework/bfc_allocator.cc:1095] InUse at 7f30c7480000 of size 484442112 next 325
2025-06-15 04:50:20.969336: I external/local_tsl/tsl/framework/bfc_allocator.cc:1095] InUse at 7f30e4280000 of size 484442112 next 320
2025-06-15 04:50:20.969692: I external/local_tsl/tsl/framework/bfc_allocator.cc:1095] InUse at 7f3101080000 of size 968884224 next 319
2025-06-15 04:50:20.970105: I external/local_tsl/tsl/framework/bfc_allocator.cc:1095] InUse at 7f313ac80000 of size 484442112 next 91
2025-06-15 04:50:20.970450: I external/local_tsl/tsl/framework/bfc_allocator.cc:1095] Free  at 7f3157a80000 of size 475529216 next 18446744073709551615
2025-06-15 04:50:20.970809: I external/local_tsl/tsl/framework/bfc_allocator.cc:1075] Next region of size 4294967296
2025-06-15 04:50:20.971258: I external/local_tsl/tsl/framework/bfc_allocator.cc:1095] InUse at 7f3196000000 of size 1937768448 next 11
2025-06-15 04:50:20.971664: I external/local_tsl/tsl/framework/bfc_allocator.cc:1095] InUse at 7f3209800000 of size 1937768448 next 277
2025-06-15 04:50:20.972021: I external/local_tsl/tsl/framework/bfc_allocator.cc:1095] InUse at 7f327d000000 of size 242221056 next 20
2025-06-15 04:50:20.972357: I external/local_tsl/tsl/framework/bfc_allocator.cc:1095] InUse at 7f328b700000 of size 60555264 next 38
2025-06-15 04:50:20.972729: I external/local_tsl/tsl/framework/bfc_allocator.cc:1095] InUse at 7f328f0c0000 of size 116654080 next 18446744073709551615
2025-06-15 04:50:20.973089: I external/local_tsl/tsl/framework/bfc_allocator.cc:1075] Next region of size 2147483648
2025-06-15 04:50:20.973528: I external/local_tsl/tsl/framework/bfc_allocator.cc:1095] InUse at 7f32c2000000 of size 1937768448 next 265
2025-06-15 04:50:20.973887: I external/local_tsl/tsl/framework/bfc_allocator.cc:1095] InUse at 7f3335800000 of size 209715200 next 18446744073709551615
2025-06-15 04:50:20.974221: I external/local_tsl/tsl/framework/bfc_allocator.cc:1075] Next region of size 2147483648
2025-06-15 04:50:20.974665: I external/local_tsl/tsl/framework/bfc_allocator.cc:1095] InUse at 7f3348000000 of size 1937768448 next 267
2025-06-15 04:50:20.975015: I external/local_tsl/tsl/framework/bfc_allocator.cc:1095] InUse at 7f33bb800000 of size 209715200 next 18446744073709551615
2025-06-15 04:50:20.975365: I external/local_tsl/tsl/framework/bfc_allocator.cc:1075] Next region of size 134217728
2025-06-15 04:50:20.975893: I external/local_tsl/tsl/framework/bfc_allocator.cc:1095] InUse at 7f345a000000 of size 60555264 next 264
2025-06-15 04:50:20.976360: I external/local_tsl/tsl/framework/bfc_allocator.cc:1095] InUse at 7f345d9c0000 of size 73662464 next 18446744073709551615
2025-06-15 04:50:20.976845: I external/local_tsl/tsl/framework/bfc_allocator.cc:1075] Next region of size 67108864
2025-06-15 04:50:20.977403: I external/local_tsl/tsl/framework/bfc_allocator.cc:1095] InUse at 7f3462000000 of size 3538944 next 198
2025-06-15 04:50:20.977842: I external/local_tsl/tsl/framework/bfc_allocator.cc:1095] InUse at 7f3462360000 of size 1769472 next 205
2025-06-15 04:50:20.978189: I external/local_tsl/tsl/framework/bfc_allocator.cc:1095] InUse at 7f3462510000 of size 1769472 next 206
2025-06-15 04:50:20.978533: I external/local_tsl/tsl/framework/bfc_allocator.cc:1095] InUse at 7f34626c0000 of size 262144 next 213
2025-06-15 04:50:20.978876: I external/local_tsl/tsl/framework/bfc_allocator.cc:1095] InUse at 7f3462700000 of size 262144 next 214
2025-06-15 04:50:20.979218: I external/local_tsl/tsl/framework/bfc_allocator.cc:1095] InUse at 7f3462740000 of size 884736 next 217
2025-06-15 04:50:20.979588: I external/local_tsl/tsl/framework/bfc_allocator.cc:1095] InUse at 7f3462818000 of size 884736 next 218
2025-06-15 04:50:20.979943: I external/local_tsl/tsl/framework/bfc_allocator.cc:1095] InUse at 7f34628f0000 of size 442368 next 225
2025-06-15 04:50:20.980306: I external/local_tsl/tsl/framework/bfc_allocator.cc:1095] InUse at 7f346295c000 of size 442368 next 226
2025-06-15 04:50:20.980670: I external/local_tsl/tsl/framework/bfc_allocator.cc:1095] InUse at 7f34629c8000 of size 256 next 234
2025-06-15 04:50:20.981095: I external/local_tsl/tsl/framework/bfc_allocator.cc:1095] InUse at 7f34629c8100 of size 256 next 235
2025-06-15 04:50:20.981512: I external/local_tsl/tsl/framework/bfc_allocator.cc:1095] InUse at 7f34629c8200 of size 221184 next 236
2025-06-15 04:50:20.981900: I external/local_tsl/tsl/framework/bfc_allocator.cc:1095] InUse at 7f34629fe200 of size 221184 next 237
2025-06-15 04:50:20.982286: I external/local_tsl/tsl/framework/bfc_allocator.cc:1095] InUse at 7f3462a34200 of size 256 next 238
2025-06-15 04:50:20.982716: I external/local_tsl/tsl/framework/bfc_allocator.cc:1095] InUse at 7f3462a34300 of size 256 next 239
2025-06-15 04:50:20.983148: I external/local_tsl/tsl/framework/bfc_allocator.cc:1095] InUse at 7f3462a34400 of size 256 next 240
2025-06-15 04:50:20.983587: I external/local_tsl/tsl/framework/bfc_allocator.cc:1095] InUse at 7f3462a34500 of size 256 next 241
2025-06-15 04:50:20.984086: I external/local_tsl/tsl/framework/bfc_allocator.cc:1095] InUse at 7f3462a34600 of size 256 next 242
2025-06-15 04:50:20.984519: I external/local_tsl/tsl/framework/bfc_allocator.cc:1095] InUse at 7f3462a34700 of size 256 next 243
2025-06-15 04:50:20.984949: I external/local_tsl/tsl/framework/bfc_allocator.cc:1095] InUse at 7f3462a34800 of size 110592 next 244
2025-06-15 04:50:20.985340: I external/local_tsl/tsl/framework/bfc_allocator.cc:1095] InUse at 7f3462a4f800 of size 110592 next 245
2025-06-15 04:50:20.985698: I external/local_tsl/tsl/framework/bfc_allocator.cc:1095] InUse at 7f3462a6a800 of size 256 next 246
2025-06-15 04:50:20.986127: I external/local_tsl/tsl/framework/bfc_allocator.cc:1095] InUse at 7f3462a6a900 of size 256 next 247
2025-06-15 04:50:20.986663: I external/local_tsl/tsl/framework/bfc_allocator.cc:1095] InUse at 7f3462a6aa00 of size 256 next 248
2025-06-15 04:50:20.987184: I external/local_tsl/tsl/framework/bfc_allocator.cc:1095] InUse at 7f3462a6ab00 of size 256 next 249
2025-06-15 04:50:20.987712: I external/local_tsl/tsl/framework/bfc_allocator.cc:1095] InUse at 7f3462a6ac00 of size 256 next 250
2025-06-15 04:50:20.988139: I external/local_tsl/tsl/framework/bfc_allocator.cc:1095] InUse at 7f3462a6ad00 of size 256 next 251
2025-06-15 04:50:20.988559: I external/local_tsl/tsl/framework/bfc_allocator.cc:1095] InUse at 7f3462a6ae00 of size 256 next 252
2025-06-15 04:50:20.989009: I external/local_tsl/tsl/framework/bfc_allocator.cc:1095] InUse at 7f3462a6af00 of size 256 next 253
2025-06-15 04:50:20.989438: I external/local_tsl/tsl/framework/bfc_allocator.cc:1095] InUse at 7f3462a6b000 of size 256 next 254
2025-06-15 04:50:20.989903: I external/local_tsl/tsl/framework/bfc_allocator.cc:1095] InUse at 7f3462a6b100 of size 256 next 255
2025-06-15 04:50:20.990349: I external/local_tsl/tsl/framework/bfc_allocator.cc:1095] InUse at 7f3462a6b200 of size 256 next 256
2025-06-15 04:50:20.990798: I external/local_tsl/tsl/framework/bfc_allocator.cc:1095] InUse at 7f3462a6b300 of size 256 next 257
2025-06-15 04:50:20.991247: I external/local_tsl/tsl/framework/bfc_allocator.cc:1095] InUse at 7f3462a6b400 of size 256 next 258
2025-06-15 04:50:20.991685: I external/local_tsl/tsl/framework/bfc_allocator.cc:1095] InUse at 7f3462a6b500 of size 256 next 259
2025-06-15 04:50:20.992130: I external/local_tsl/tsl/framework/bfc_allocator.cc:1095] InUse at 7f3462a6b600 of size 256 next 260
2025-06-15 04:50:20.992561: I external/local_tsl/tsl/framework/bfc_allocator.cc:1095] InUse at 7f3462a6b700 of size 256 next 261
2025-06-15 04:50:20.992979: I external/local_tsl/tsl/framework/bfc_allocator.cc:1095] InUse at 7f3462a6b800 of size 256 next 262
2025-06-15 04:50:20.993403: I external/local_tsl/tsl/framework/bfc_allocator.cc:1095] InUse at 7f3462a6b900 of size 256 next 263
2025-06-15 04:50:20.993826: I external/local_tsl/tsl/framework/bfc_allocator.cc:1095] InUse at 7f3462a6ba00 of size 256 next 272
2025-06-15 04:50:20.994300: I external/local_tsl/tsl/framework/bfc_allocator.cc:1095] InUse at 7f3462a6bb00 of size 256 next 274
2025-06-15 04:50:20.994758: I external/local_tsl/tsl/framework/bfc_allocator.cc:1095] InUse at 7f3462a6bc00 of size 256 next 275
2025-06-15 04:50:20.995191: I external/local_tsl/tsl/framework/bfc_allocator.cc:1095] InUse at 7f3462a6bd00 of size 256 next 276
2025-06-15 04:50:20.995626: I external/local_tsl/tsl/framework/bfc_allocator.cc:1095] InUse at 7f3462a6be00 of size 256 next 280
2025-06-15 04:50:20.996064: I external/local_tsl/tsl/framework/bfc_allocator.cc:1095] InUse at 7f3462a6bf00 of size 256 next 281
2025-06-15 04:50:20.996516: I external/local_tsl/tsl/framework/bfc_allocator.cc:1095] InUse at 7f3462a6c000 of size 256 next 287
2025-06-15 04:50:20.996966: I external/local_tsl/tsl/framework/bfc_allocator.cc:1095] InUse at 7f3462a6c100 of size 256 next 288
2025-06-15 04:50:20.997400: I external/local_tsl/tsl/framework/bfc_allocator.cc:1095] InUse at 7f3462a6c200 of size 256 next 291
2025-06-15 04:50:20.997824: I external/local_tsl/tsl/framework/bfc_allocator.cc:1095] InUse at 7f3462a6c300 of size 256 next 292
2025-06-15 04:50:20.998283: I external/local_tsl/tsl/framework/bfc_allocator.cc:1095] InUse at 7f3462a6c400 of size 512 next 294
2025-06-15 04:50:20.998751: I external/local_tsl/tsl/framework/bfc_allocator.cc:1095] InUse at 7f3462a6c600 of size 768 next 268
2025-06-15 04:50:20.999203: I external/local_tsl/tsl/framework/bfc_allocator.cc:1095] InUse at 7f3462a6c900 of size 256 next 269
2025-06-15 04:50:20.999624: I external/local_tsl/tsl/framework/bfc_allocator.cc:1095] InUse at 7f3462a6ca00 of size 256 next 270
2025-06-15 04:50:21.000082: I external/local_tsl/tsl/framework/bfc_allocator.cc:1095] InUse at 7f3462a6cb00 of size 512 next 295
2025-06-15 04:50:21.000522: I external/local_tsl/tsl/framework/bfc_allocator.cc:1095] InUse at 7f3462a6cd00 of size 512 next 298
2025-06-15 04:50:21.000968: I external/local_tsl/tsl/framework/bfc_allocator.cc:1095] InUse at 7f3462a6cf00 of size 512 next 299
2025-06-15 04:50:21.001411: I external/local_tsl/tsl/framework/bfc_allocator.cc:1095] InUse at 7f3462a6d100 of size 15138816 next 56
2025-06-15 04:50:21.001796: I external/local_tsl/tsl/framework/bfc_allocator.cc:1095] InUse at 7f34638dd100 of size 15138816 next 301
2025-06-15 04:50:21.002125: I external/local_tsl/tsl/framework/bfc_allocator.cc:1095] InUse at 7f346474d100 of size 1024 next 304
2025-06-15 04:50:21.002534: I external/local_tsl/tsl/framework/bfc_allocator.cc:1095] InUse at 7f346474d500 of size 1024 next 305
2025-06-15 04:50:21.002964: I external/local_tsl/tsl/framework/bfc_allocator.cc:1095] InUse at 7f346474d900 of size 1024 next 306
2025-06-15 04:50:21.003373: I external/local_tsl/tsl/framework/bfc_allocator.cc:1095] InUse at 7f346474dd00 of size 1024 next 309
2025-06-15 04:50:21.003793: I external/local_tsl/tsl/framework/bfc_allocator.cc:1095] InUse at 7f346474e100 of size 1024 next 310
2025-06-15 04:50:21.004206: I external/local_tsl/tsl/framework/bfc_allocator.cc:1095] InUse at 7f346474e500 of size 512 next 317
2025-06-15 04:50:21.004650: I external/local_tsl/tsl/framework/bfc_allocator.cc:1095] InUse at 7f346474e700 of size 512 next 318
2025-06-15 04:50:21.005100: I external/local_tsl/tsl/framework/bfc_allocator.cc:1095] InUse at 7f346474e900 of size 256 next 326
2025-06-15 04:50:21.005514: I external/local_tsl/tsl/framework/bfc_allocator.cc:1095] InUse at 7f346474ea00 of size 256 next 327
2025-06-15 04:50:21.005958: I external/local_tsl/tsl/framework/bfc_allocator.cc:1095] Free  at 7f346474eb00 of size 25892096 next 18446744073709551615
2025-06-15 04:50:21.006323: I external/local_tsl/tsl/framework/bfc_allocator.cc:1075] Next region of size 33554432
2025-06-15 04:50:21.006775: I external/local_tsl/tsl/framework/bfc_allocator.cc:1095] InUse at 7f347a000000 of size 3538944 next 83
2025-06-15 04:50:21.007144: I external/local_tsl/tsl/framework/bfc_allocator.cc:1095] InUse at 7f347a360000 of size 221184 next 152
2025-06-15 04:50:21.007557: I external/local_tsl/tsl/framework/bfc_allocator.cc:1095] InUse at 7f347a396000 of size 221184 next 106
2025-06-15 04:50:21.007938: I external/local_tsl/tsl/framework/bfc_allocator.cc:1095] InUse at 7f347a3cc000 of size 442368 next 100
2025-06-15 04:50:21.008293: I external/local_tsl/tsl/framework/bfc_allocator.cc:1095] InUse at 7f347a438000 of size 884736 next 90
2025-06-15 04:50:21.008619: I external/local_tsl/tsl/framework/bfc_allocator.cc:1095] InUse at 7f347a510000 of size 1769472 next 74
2025-06-15 04:50:21.008985: I external/local_tsl/tsl/framework/bfc_allocator.cc:1095] InUse at 7f347a6c0000 of size 7077888 next 72
2025-06-15 04:50:21.009336: I external/local_tsl/tsl/framework/bfc_allocator.cc:1095] InUse at 7f347ad80000 of size 7077888 next 187
2025-06-15 04:50:21.009689: I external/local_tsl/tsl/framework/bfc_allocator.cc:1095] InUse at 7f347b440000 of size 12320768 next 18446744073709551615
2025-06-15 04:50:21.010052: I external/local_tsl/tsl/framework/bfc_allocator.cc:1075] Next region of size 16777216
2025-06-15 04:50:21.010465: I external/local_tsl/tsl/framework/bfc_allocator.cc:1095] InUse at 7f3482000000 of size 1769472 next 173
2025-06-15 04:50:21.010838: I external/local_tsl/tsl/framework/bfc_allocator.cc:1095] InUse at 7f34821b0000 of size 1769472 next 64
2025-06-15 04:50:21.011219: I external/local_tsl/tsl/framework/bfc_allocator.cc:1095] InUse at 7f3482360000 of size 3538944 next 62
2025-06-15 04:50:21.011632: I external/local_tsl/tsl/framework/bfc_allocator.cc:1095] InUse at 7f34826c0000 of size 3538944 next 180
2025-06-15 04:50:21.012029: I external/local_tsl/tsl/framework/bfc_allocator.cc:1095] InUse at 7f3482a20000 of size 1048576 next 194
2025-06-15 04:50:21.012462: I external/local_tsl/tsl/framework/bfc_allocator.cc:1095] InUse at 7f3482b20000 of size 1048576 next 195
2025-06-15 04:50:21.012788: I external/local_tsl/tsl/framework/bfc_allocator.cc:1095] InUse at 7f3482c20000 of size 4063232 next 18446744073709551615
2025-06-15 04:50:21.013139: I external/local_tsl/tsl/framework/bfc_allocator.cc:1075] Next region of size 2097152
2025-06-15 04:50:21.013551: I external/local_tsl/tsl/framework/bfc_allocator.cc:1095] InUse at 7f34e6e00000 of size 1280 next 1
2025-06-15 04:50:21.013978: I external/local_tsl/tsl/framework/bfc_allocator.cc:1095] InUse at 7f34e6e00500 of size 256 next 2
2025-06-15 04:50:21.014412: I external/local_tsl/tsl/framework/bfc_allocator.cc:1095] InUse at 7f34e6e00600 of size 256 next 3
2025-06-15 04:50:21.014831: I external/local_tsl/tsl/framework/bfc_allocator.cc:1095] InUse at 7f34e6e00700 of size 256 next 5
2025-06-15 04:50:21.015248: I external/local_tsl/tsl/framework/bfc_allocator.cc:1095] InUse at 7f34e6e00800 of size 256 next 6
2025-06-15 04:50:21.015682: I external/local_tsl/tsl/framework/bfc_allocator.cc:1095] InUse at 7f34e6e00900 of size 256 next 4
2025-06-15 04:50:21.016107: I external/local_tsl/tsl/framework/bfc_allocator.cc:1095] InUse at 7f34e6e00a00 of size 256 next 7
2025-06-15 04:50:21.016517: I external/local_tsl/tsl/framework/bfc_allocator.cc:1095] InUse at 7f34e6e00b00 of size 256 next 10
2025-06-15 04:50:21.016945: I external/local_tsl/tsl/framework/bfc_allocator.cc:1095] InUse at 7f34e6e00c00 of size 256 next 278
2025-06-15 04:50:21.017385: I external/local_tsl/tsl/framework/bfc_allocator.cc:1095] InUse at 7f34e6e00d00 of size 256 next 12
2025-06-15 04:50:21.017804: I external/local_tsl/tsl/framework/bfc_allocator.cc:1095] InUse at 7f34e6e00e00 of size 256 next 13
2025-06-15 04:50:21.018222: I external/local_tsl/tsl/framework/bfc_allocator.cc:1095] InUse at 7f34e6e00f00 of size 256 next 14
2025-06-15 04:50:21.018641: I external/local_tsl/tsl/framework/bfc_allocator.cc:1095] InUse at 7f34e6e01000 of size 256 next 17
2025-06-15 04:50:21.019093: I external/local_tsl/tsl/framework/bfc_allocator.cc:1095] InUse at 7f34e6e01100 of size 256 next 15
2025-06-15 04:50:21.019513: I external/local_tsl/tsl/framework/bfc_allocator.cc:1095] InUse at 7f34e6e01200 of size 256 next 16
2025-06-15 04:50:21.019928: I external/local_tsl/tsl/framework/bfc_allocator.cc:1095] InUse at 7f34e6e01300 of size 256 next 286
2025-06-15 04:50:21.020374: I external/local_tsl/tsl/framework/bfc_allocator.cc:1095] InUse at 7f34e6e01400 of size 256 next 21
2025-06-15 04:50:21.020814: I external/local_tsl/tsl/framework/bfc_allocator.cc:1095] InUse at 7f34e6e01500 of size 256 next 22
2025-06-15 04:50:21.021242: I external/local_tsl/tsl/framework/bfc_allocator.cc:1095] InUse at 7f34e6e01600 of size 256 next 23
2025-06-15 04:50:21.021669: I external/local_tsl/tsl/framework/bfc_allocator.cc:1095] InUse at 7f34e6e01700 of size 256 next 24
2025-06-15 04:50:21.022096: I external/local_tsl/tsl/framework/bfc_allocator.cc:1095] InUse at 7f34e6e01800 of size 256 next 25
2025-06-15 04:50:21.022538: I external/local_tsl/tsl/framework/bfc_allocator.cc:1095] InUse at 7f34e6e01900 of size 256 next 28
2025-06-15 04:50:21.022977: I external/local_tsl/tsl/framework/bfc_allocator.cc:1095] InUse at 7f34e6e01a00 of size 256 next 290
2025-06-15 04:50:21.023403: I external/local_tsl/tsl/framework/bfc_allocator.cc:1095] InUse at 7f34e6e01b00 of size 256 next 30
2025-06-15 04:50:21.023858: I external/local_tsl/tsl/framework/bfc_allocator.cc:1095] InUse at 7f34e6e01c00 of size 256 next 31
2025-06-15 04:50:21.024319: I external/local_tsl/tsl/framework/bfc_allocator.cc:1095] InUse at 7f34e6e01d00 of size 256 next 32
2025-06-15 04:50:21.024732: I external/local_tsl/tsl/framework/bfc_allocator.cc:1095] InUse at 7f34e6e01e00 of size 256 next 35
2025-06-15 04:50:21.025165: I external/local_tsl/tsl/framework/bfc_allocator.cc:1095] InUse at 7f34e6e01f00 of size 256 next 33
2025-06-15 04:50:21.025571: I external/local_tsl/tsl/framework/bfc_allocator.cc:1095] InUse at 7f34e6e02000 of size 256 next 34
2025-06-15 04:50:21.026019: I external/local_tsl/tsl/framework/bfc_allocator.cc:1095] InUse at 7f34e6e02100 of size 512 next 39
2025-06-15 04:50:21.026452: I external/local_tsl/tsl/framework/bfc_allocator.cc:1095] InUse at 7f34e6e02300 of size 256 next 40
2025-06-15 04:50:21.026932: I external/local_tsl/tsl/framework/bfc_allocator.cc:1095] InUse at 7f34e6e02400 of size 256 next 41
2025-06-15 04:50:21.027432: I external/local_tsl/tsl/framework/bfc_allocator.cc:1095] InUse at 7f34e6e02500 of size 256 next 8
2025-06-15 04:50:21.027920: I external/local_tsl/tsl/framework/bfc_allocator.cc:1095] InUse at 7f34e6e02600 of size 3584 next 9
2025-06-15 04:50:21.028401: I external/local_tsl/tsl/framework/bfc_allocator.cc:1095] InUse at 7f34e6e03400 of size 512 next 42
2025-06-15 04:50:21.028839: I external/local_tsl/tsl/framework/bfc_allocator.cc:1095] InUse at 7f34e6e03600 of size 512 next 45
2025-06-15 04:50:21.029280: I external/local_tsl/tsl/framework/bfc_allocator.cc:1095] InUse at 7f34e6e03800 of size 512 next 46
2025-06-15 04:50:21.029703: I external/local_tsl/tsl/framework/bfc_allocator.cc:1095] InUse at 7f34e6e03a00 of size 512 next 297
2025-06-15 04:50:21.030146: I external/local_tsl/tsl/framework/bfc_allocator.cc:1095] InUse at 7f34e6e03c00 of size 512 next 48
2025-06-15 04:50:21.030573: I external/local_tsl/tsl/framework/bfc_allocator.cc:1095] InUse at 7f34e6e03e00 of size 256 next 49
2025-06-15 04:50:21.031006: I external/local_tsl/tsl/framework/bfc_allocator.cc:1095] InUse at 7f34e6e03f00 of size 512 next 50
2025-06-15 04:50:21.031477: I external/local_tsl/tsl/framework/bfc_allocator.cc:1095] InUse at 7f34e6e04100 of size 512 next 51
2025-06-15 04:50:21.031921: I external/local_tsl/tsl/framework/bfc_allocator.cc:1095] InUse at 7f34e6e04300 of size 512 next 55
2025-06-15 04:50:21.032354: I external/local_tsl/tsl/framework/bfc_allocator.cc:1095] InUse at 7f34e6e04500 of size 1024 next 57
2025-06-15 04:50:21.032778: I external/local_tsl/tsl/framework/bfc_allocator.cc:1095] InUse at 7f34e6e04900 of size 256 next 58
2025-06-15 04:50:21.033209: I external/local_tsl/tsl/framework/bfc_allocator.cc:1095] InUse at 7f34e6e04a00 of size 256 next 59
2025-06-15 04:50:21.033644: I external/local_tsl/tsl/framework/bfc_allocator.cc:1095] InUse at 7f34e6e04b00 of size 1024 next 60
2025-06-15 04:50:21.034064: I external/local_tsl/tsl/framework/bfc_allocator.cc:1095] InUse at 7f34e6e04f00 of size 1024 next 61
2025-06-15 04:50:21.034489: I external/local_tsl/tsl/framework/bfc_allocator.cc:1095] InUse at 7f34e6e05300 of size 1024 next 65
2025-06-15 04:50:21.034932: I external/local_tsl/tsl/framework/bfc_allocator.cc:1095] InUse at 7f34e6e05700 of size 1024 next 308
2025-06-15 04:50:21.035349: I external/local_tsl/tsl/framework/bfc_allocator.cc:1095] InUse at 7f34e6e05b00 of size 1024 next 67
2025-06-15 04:50:21.035791: I external/local_tsl/tsl/framework/bfc_allocator.cc:1095] InUse at 7f34e6e05f00 of size 256 next 68
2025-06-15 04:50:21.036225: I external/local_tsl/tsl/framework/bfc_allocator.cc:1095] InUse at 7f34e6e06000 of size 256 next 69
2025-06-15 04:50:21.036671: I external/local_tsl/tsl/framework/bfc_allocator.cc:1095] InUse at 7f34e6e06100 of size 1024 next 70
2025-06-15 04:50:21.037088: I external/local_tsl/tsl/framework/bfc_allocator.cc:1095] InUse at 7f34e6e06500 of size 1024 next 71
2025-06-15 04:50:21.037515: I external/local_tsl/tsl/framework/bfc_allocator.cc:1095] InUse at 7f34e6e06900 of size 1024 next 75
2025-06-15 04:50:21.037935: I external/local_tsl/tsl/framework/bfc_allocator.cc:1095] InUse at 7f34e6e06d00 of size 512 next 313
2025-06-15 04:50:21.038377: I external/local_tsl/tsl/framework/bfc_allocator.cc:1095] InUse at 7f34e6e06f00 of size 512 next 314
2025-06-15 04:50:21.038782: I external/local_tsl/tsl/framework/bfc_allocator.cc:1095] InUse at 7f34e6e07100 of size 512 next 315
2025-06-15 04:50:21.039208: I external/local_tsl/tsl/framework/bfc_allocator.cc:1095] InUse at 7f34e6e07300 of size 512 next 77
2025-06-15 04:50:21.039621: I external/local_tsl/tsl/framework/bfc_allocator.cc:1095] InUse at 7f34e6e07500 of size 256 next 78
2025-06-15 04:50:21.040128: I external/local_tsl/tsl/framework/bfc_allocator.cc:1095] InUse at 7f34e6e07600 of size 256 next 79
2025-06-15 04:50:21.040643: I external/local_tsl/tsl/framework/bfc_allocator.cc:1095] InUse at 7f34e6e07700 of size 512 next 80
2025-06-15 04:50:21.041145: I external/local_tsl/tsl/framework/bfc_allocator.cc:1095] InUse at 7f34e6e07900 of size 512 next 81
2025-06-15 04:50:21.041550: I external/local_tsl/tsl/framework/bfc_allocator.cc:1095] InUse at 7f34e6e07b00 of size 512 next 82
2025-06-15 04:50:21.041995: I external/local_tsl/tsl/framework/bfc_allocator.cc:1095] InUse at 7f34e6e07d00 of size 512 next 84
2025-06-15 04:50:21.042425: I external/local_tsl/tsl/framework/bfc_allocator.cc:1095] InUse at 7f34e6e07f00 of size 512 next 316
2025-06-15 04:50:21.042825: I external/local_tsl/tsl/framework/bfc_allocator.cc:1095] InUse at 7f34e6e08100 of size 512 next 86
2025-06-15 04:50:21.043270: I external/local_tsl/tsl/framework/bfc_allocator.cc:1095] InUse at 7f34e6e08300 of size 512 next 87
2025-06-15 04:50:21.043724: I external/local_tsl/tsl/framework/bfc_allocator.cc:1095] InUse at 7f34e6e08500 of size 512 next 88
2025-06-15 04:50:21.044154: I external/local_tsl/tsl/framework/bfc_allocator.cc:1095] InUse at 7f34e6e08700 of size 512 next 89
2025-06-15 04:50:21.044555: I external/local_tsl/tsl/framework/bfc_allocator.cc:1095] InUse at 7f34e6e08900 of size 256 next 321
2025-06-15 04:50:21.044994: I external/local_tsl/tsl/framework/bfc_allocator.cc:1095] InUse at 7f34e6e08a00 of size 256 next 323
2025-06-15 04:50:21.045461: I external/local_tsl/tsl/framework/bfc_allocator.cc:1095] InUse at 7f34e6e08b00 of size 256 next 324
2025-06-15 04:50:21.045999: I external/local_tsl/tsl/framework/bfc_allocator.cc:1095] InUse at 7f34e6e08c00 of size 256 next 92
2025-06-15 04:50:21.046468: I external/local_tsl/tsl/framework/bfc_allocator.cc:1095] InUse at 7f34e6e08d00 of size 256 next 93
2025-06-15 04:50:21.046885: I external/local_tsl/tsl/framework/bfc_allocator.cc:1095] InUse at 7f34e6e08e00 of size 256 next 94
2025-06-15 04:50:21.047368: I external/local_tsl/tsl/framework/bfc_allocator.cc:1095] InUse at 7f34e6e08f00 of size 256 next 97
2025-06-15 04:50:21.047879: I external/local_tsl/tsl/framework/bfc_allocator.cc:1095] InUse at 7f34e6e09000 of size 256 next 95
2025-06-15 04:50:21.048325: I external/local_tsl/tsl/framework/bfc_allocator.cc:1095] InUse at 7f34e6e09100 of size 256 next 96
2025-06-15 04:50:21.048754: I external/local_tsl/tsl/framework/bfc_allocator.cc:1095] InUse at 7f34e6e09200 of size 256 next 98
2025-06-15 04:50:21.049214: I external/local_tsl/tsl/framework/bfc_allocator.cc:1095] InUse at 7f34e6e09300 of size 256 next 101
2025-06-15 04:50:21.049660: I external/local_tsl/tsl/framework/bfc_allocator.cc:1095] InUse at 7f34e6e09400 of size 256 next 102
2025-06-15 04:50:21.050081: I external/local_tsl/tsl/framework/bfc_allocator.cc:1095] InUse at 7f34e6e09500 of size 256 next 103
2025-06-15 04:50:21.050518: I external/local_tsl/tsl/framework/bfc_allocator.cc:1095] InUse at 7f34e6e09600 of size 256 next 104
2025-06-15 04:50:21.050963: I external/local_tsl/tsl/framework/bfc_allocator.cc:1095] InUse at 7f34e6e09700 of size 256 next 105
2025-06-15 04:50:21.051407: I external/local_tsl/tsl/framework/bfc_allocator.cc:1095] Free  at 7f34e6e09800 of size 512 next 108
2025-06-15 04:50:21.051832: I external/local_tsl/tsl/framework/bfc_allocator.cc:1095] InUse at 7f34e6e09a00 of size 256 next 109
2025-06-15 04:50:21.052251: I external/local_tsl/tsl/framework/bfc_allocator.cc:1095] InUse at 7f34e6e09b00 of size 256 next 110
2025-06-15 04:50:21.052689: I external/local_tsl/tsl/framework/bfc_allocator.cc:1095] InUse at 7f34e6e09c00 of size 256 next 146
2025-06-15 04:50:21.053102: I external/local_tsl/tsl/framework/bfc_allocator.cc:1095] InUse at 7f34e6e09d00 of size 256 next 147
2025-06-15 04:50:21.053505: I external/local_tsl/tsl/framework/bfc_allocator.cc:1095] InUse at 7f34e6e09e00 of size 256 next 148
2025-06-15 04:50:21.053936: I external/local_tsl/tsl/framework/bfc_allocator.cc:1095] InUse at 7f34e6e09f00 of size 256 next 149
2025-06-15 04:50:21.054368: I external/local_tsl/tsl/framework/bfc_allocator.cc:1095] InUse at 7f34e6e0a000 of size 256 next 150
2025-06-15 04:50:21.054801: I external/local_tsl/tsl/framework/bfc_allocator.cc:1095] InUse at 7f34e6e0a100 of size 256 next 151
2025-06-15 04:50:21.055227: I external/local_tsl/tsl/framework/bfc_allocator.cc:1095] InUse at 7f34e6e0a200 of size 256 next 153
2025-06-15 04:50:21.055679: I external/local_tsl/tsl/framework/bfc_allocator.cc:1095] InUse at 7f34e6e0a300 of size 256 next 154
2025-06-15 04:50:21.056125: I external/local_tsl/tsl/framework/bfc_allocator.cc:1095] InUse at 7f34e6e0a400 of size 256 next 155
2025-06-15 04:50:21.056547: I external/local_tsl/tsl/framework/bfc_allocator.cc:1095] InUse at 7f34e6e0a500 of size 256 next 156
2025-06-15 04:50:21.056969: I external/local_tsl/tsl/framework/bfc_allocator.cc:1095] InUse at 7f34e6e0a600 of size 256 next 157
2025-06-15 04:50:21.057429: I external/local_tsl/tsl/framework/bfc_allocator.cc:1095] InUse at 7f34e6e0a700 of size 256 next 158
2025-06-15 04:50:21.057853: I external/local_tsl/tsl/framework/bfc_allocator.cc:1095] InUse at 7f34e6e0a800 of size 256 next 160
2025-06-15 04:50:21.058279: I external/local_tsl/tsl/framework/bfc_allocator.cc:1095] InUse at 7f34e6e0a900 of size 256 next 161
2025-06-15 04:50:21.058701: I external/local_tsl/tsl/framework/bfc_allocator.cc:1095] InUse at 7f34e6e0aa00 of size 256 next 162
2025-06-15 04:50:21.059160: I external/local_tsl/tsl/framework/bfc_allocator.cc:1095] InUse at 7f34e6e0ab00 of size 256 next 163
2025-06-15 04:50:21.059607: I external/local_tsl/tsl/framework/bfc_allocator.cc:1095] InUse at 7f34e6e0ac00 of size 256 next 164
2025-06-15 04:50:21.060035: I external/local_tsl/tsl/framework/bfc_allocator.cc:1095] InUse at 7f34e6e0ad00 of size 256 next 165
2025-06-15 04:50:21.060435: I external/local_tsl/tsl/framework/bfc_allocator.cc:1095] InUse at 7f34e6e0ae00 of size 512 next 167
2025-06-15 04:50:21.060903: I external/local_tsl/tsl/framework/bfc_allocator.cc:1095] InUse at 7f34e6e0b000 of size 512 next 168
2025-06-15 04:50:21.061326: I external/local_tsl/tsl/framework/bfc_allocator.cc:1095] InUse at 7f34e6e0b200 of size 512 next 169
2025-06-15 04:50:21.061740: I external/local_tsl/tsl/framework/bfc_allocator.cc:1095] InUse at 7f34e6e0b400 of size 512 next 170
2025-06-15 04:50:21.062159: I external/local_tsl/tsl/framework/bfc_allocator.cc:1095] InUse at 7f34e6e0b600 of size 512 next 171
2025-06-15 04:50:21.062650: I external/local_tsl/tsl/framework/bfc_allocator.cc:1095] InUse at 7f34e6e0b800 of size 512 next 172
2025-06-15 04:50:21.063113: I external/local_tsl/tsl/framework/bfc_allocator.cc:1095] InUse at 7f34e6e0ba00 of size 512 next 174
2025-06-15 04:50:21.063547: I external/local_tsl/tsl/framework/bfc_allocator.cc:1095] InUse at 7f34e6e0bc00 of size 512 next 175
2025-06-15 04:50:21.063951: I external/local_tsl/tsl/framework/bfc_allocator.cc:1095] InUse at 7f34e6e0be00 of size 512 next 176
2025-06-15 04:50:21.064416: I external/local_tsl/tsl/framework/bfc_allocator.cc:1095] InUse at 7f34e6e0c000 of size 512 next 177
2025-06-15 04:50:21.064862: I external/local_tsl/tsl/framework/bfc_allocator.cc:1095] InUse at 7f34e6e0c200 of size 512 next 178
2025-06-15 04:50:21.065307: I external/local_tsl/tsl/framework/bfc_allocator.cc:1095] InUse at 7f34e6e0c400 of size 512 next 179
2025-06-15 04:50:21.065732: I external/local_tsl/tsl/framework/bfc_allocator.cc:1095] InUse at 7f34e6e0c600 of size 1024 next 181
2025-06-15 04:50:21.066196: I external/local_tsl/tsl/framework/bfc_allocator.cc:1095] InUse at 7f34e6e0ca00 of size 1024 next 182
2025-06-15 04:50:21.066619: I external/local_tsl/tsl/framework/bfc_allocator.cc:1095] InUse at 7f34e6e0ce00 of size 1024 next 183
2025-06-15 04:50:21.067050: I external/local_tsl/tsl/framework/bfc_allocator.cc:1095] InUse at 7f34e6e0d200 of size 1024 next 184
2025-06-15 04:50:21.067501: I external/local_tsl/tsl/framework/bfc_allocator.cc:1095] InUse at 7f34e6e0d600 of size 1024 next 185
2025-06-15 04:50:21.068036: I external/local_tsl/tsl/framework/bfc_allocator.cc:1095] InUse at 7f34e6e0da00 of size 1024 next 186
2025-06-15 04:50:21.068477: I external/local_tsl/tsl/framework/bfc_allocator.cc:1095] InUse at 7f34e6e0de00 of size 1024 next 188
2025-06-15 04:50:21.068896: I external/local_tsl/tsl/framework/bfc_allocator.cc:1095] InUse at 7f34e6e0e200 of size 1024 next 189
2025-06-15 04:50:21.069314: I external/local_tsl/tsl/framework/bfc_allocator.cc:1095] InUse at 7f34e6e0e600 of size 1024 next 190
2025-06-15 04:50:21.069757: I external/local_tsl/tsl/framework/bfc_allocator.cc:1095] InUse at 7f34e6e0ea00 of size 1024 next 191
2025-06-15 04:50:21.070199: I external/local_tsl/tsl/framework/bfc_allocator.cc:1095] InUse at 7f34e6e0ee00 of size 1024 next 192
2025-06-15 04:50:21.070627: I external/local_tsl/tsl/framework/bfc_allocator.cc:1095] InUse at 7f34e6e0f200 of size 1024 next 193
2025-06-15 04:50:21.071071: I external/local_tsl/tsl/framework/bfc_allocator.cc:1095] InUse at 7f34e6e0f600 of size 512 next 196
2025-06-15 04:50:21.071506: I external/local_tsl/tsl/framework/bfc_allocator.cc:1095] InUse at 7f34e6e0f800 of size 512 next 197
2025-06-15 04:50:21.071953: I external/local_tsl/tsl/framework/bfc_allocator.cc:1095] InUse at 7f34e6e0fa00 of size 512 next 199
2025-06-15 04:50:21.072371: I external/local_tsl/tsl/framework/bfc_allocator.cc:1095] InUse at 7f34e6e0fc00 of size 512 next 200
2025-06-15 04:50:21.072782: I external/local_tsl/tsl/framework/bfc_allocator.cc:1095] InUse at 7f34e6e0fe00 of size 512 next 201
2025-06-15 04:50:21.073256: I external/local_tsl/tsl/framework/bfc_allocator.cc:1095] InUse at 7f34e6e10000 of size 512 next 202
2025-06-15 04:50:21.073676: I external/local_tsl/tsl/framework/bfc_allocator.cc:1095] InUse at 7f34e6e10200 of size 512 next 203
2025-06-15 04:50:21.074113: I external/local_tsl/tsl/framework/bfc_allocator.cc:1095] InUse at 7f34e6e10400 of size 512 next 204
2025-06-15 04:50:21.074562: I external/local_tsl/tsl/framework/bfc_allocator.cc:1095] InUse at 7f34e6e10600 of size 512 next 207
2025-06-15 04:50:21.075002: I external/local_tsl/tsl/framework/bfc_allocator.cc:1095] InUse at 7f34e6e10800 of size 512 next 208
2025-06-15 04:50:21.075445: I external/local_tsl/tsl/framework/bfc_allocator.cc:1095] InUse at 7f34e6e10a00 of size 512 next 209
2025-06-15 04:50:21.075875: I external/local_tsl/tsl/framework/bfc_allocator.cc:1095] InUse at 7f34e6e10c00 of size 512 next 210
2025-06-15 04:50:21.076307: I external/local_tsl/tsl/framework/bfc_allocator.cc:1095] InUse at 7f34e6e10e00 of size 512 next 211
2025-06-15 04:50:21.076778: I external/local_tsl/tsl/framework/bfc_allocator.cc:1095] InUse at 7f34e6e11000 of size 512 next 212
2025-06-15 04:50:21.077191: I external/local_tsl/tsl/framework/bfc_allocator.cc:1095] InUse at 7f34e6e11200 of size 256 next 215
2025-06-15 04:50:21.077609: I external/local_tsl/tsl/framework/bfc_allocator.cc:1095] InUse at 7f34e6e11300 of size 256 next 216
2025-06-15 04:50:21.078018: I external/local_tsl/tsl/framework/bfc_allocator.cc:1095] InUse at 7f34e6e11400 of size 256 next 219
2025-06-15 04:50:21.078457: I external/local_tsl/tsl/framework/bfc_allocator.cc:1095] InUse at 7f34e6e11500 of size 256 next 220
2025-06-15 04:50:21.078893: I external/local_tsl/tsl/framework/bfc_allocator.cc:1095] InUse at 7f34e6e11600 of size 256 next 221
2025-06-15 04:50:21.079317: I external/local_tsl/tsl/framework/bfc_allocator.cc:1095] InUse at 7f34e6e11700 of size 256 next 222
2025-06-15 04:50:21.079750: I external/local_tsl/tsl/framework/bfc_allocator.cc:1095] InUse at 7f34e6e11800 of size 256 next 223
2025-06-15 04:50:21.080227: I external/local_tsl/tsl/framework/bfc_allocator.cc:1095] InUse at 7f34e6e11900 of size 256 next 224
2025-06-15 04:50:21.080652: I external/local_tsl/tsl/framework/bfc_allocator.cc:1095] InUse at 7f34e6e11a00 of size 256 next 227
2025-06-15 04:50:21.081066: I external/local_tsl/tsl/framework/bfc_allocator.cc:1095] InUse at 7f34e6e11b00 of size 256 next 228
2025-06-15 04:50:21.081496: I external/local_tsl/tsl/framework/bfc_allocator.cc:1095] InUse at 7f34e6e11c00 of size 256 next 229
2025-06-15 04:50:21.081969: I external/local_tsl/tsl/framework/bfc_allocator.cc:1095] InUse at 7f34e6e11d00 of size 256 next 230
2025-06-15 04:50:21.082425: I external/local_tsl/tsl/framework/bfc_allocator.cc:1095] InUse at 7f34e6e11e00 of size 256 next 231
2025-06-15 04:50:21.082862: I external/local_tsl/tsl/framework/bfc_allocator.cc:1095] InUse at 7f34e6e11f00 of size 256 next 232
2025-06-15 04:50:21.083282: I external/local_tsl/tsl/framework/bfc_allocator.cc:1095] InUse at 7f34e6e12000 of size 65536 next 233
2025-06-15 04:50:21.083685: I external/local_tsl/tsl/framework/bfc_allocator.cc:1095] InUse at 7f34e6e22000 of size 95232 next 19
2025-06-15 04:50:21.084133: I external/local_tsl/tsl/framework/bfc_allocator.cc:1095] InUse at 7f34e6e39400 of size 110592 next 18
2025-06-15 04:50:21.084467: I external/local_tsl/tsl/framework/bfc_allocator.cc:1095] InUse at 7f34e6e54400 of size 65536 next 115
2025-06-15 04:50:21.084801: I external/local_tsl/tsl/framework/bfc_allocator.cc:1095] InUse at 7f34e6e64400 of size 256 next 112
2025-06-15 04:50:21.085239: I external/local_tsl/tsl/framework/bfc_allocator.cc:1095] InUse at 7f34e6e64500 of size 256 next 114
2025-06-15 04:50:21.085664: I external/local_tsl/tsl/framework/bfc_allocator.cc:1095] InUse at 7f34e6e64600 of size 256 next 113
2025-06-15 04:50:21.086087: I external/local_tsl/tsl/framework/bfc_allocator.cc:1095] InUse at 7f34e6e64700 of size 256 next 111
2025-06-15 04:50:21.086512: I external/local_tsl/tsl/framework/bfc_allocator.cc:1095] InUse at 7f34e6e64800 of size 256 next 117
2025-06-15 04:50:21.086931: I external/local_tsl/tsl/framework/bfc_allocator.cc:1095] InUse at 7f34e6e64900 of size 256 next 118
2025-06-15 04:50:21.087385: I external/local_tsl/tsl/framework/bfc_allocator.cc:1095] InUse at 7f34e6e64a00 of size 256 next 120
2025-06-15 04:50:21.087900: I external/local_tsl/tsl/framework/bfc_allocator.cc:1095] InUse at 7f34e6e64b00 of size 256 next 119
2025-06-15 04:50:21.088433: I external/local_tsl/tsl/framework/bfc_allocator.cc:1095] InUse at 7f34e6e64c00 of size 256 next 121
2025-06-15 04:50:21.088900: I external/local_tsl/tsl/framework/bfc_allocator.cc:1095] InUse at 7f34e6e64d00 of size 256 next 123
2025-06-15 04:50:21.089346: I external/local_tsl/tsl/framework/bfc_allocator.cc:1095] InUse at 7f34e6e64e00 of size 256 next 124
2025-06-15 04:50:21.089774: I external/local_tsl/tsl/framework/bfc_allocator.cc:1095] InUse at 7f34e6e64f00 of size 256 next 125
2025-06-15 04:50:21.090214: I external/local_tsl/tsl/framework/bfc_allocator.cc:1095] InUse at 7f34e6e65000 of size 256 next 126
2025-06-15 04:50:21.090651: I external/local_tsl/tsl/framework/bfc_allocator.cc:1095] InUse at 7f34e6e65100 of size 256 next 128
2025-06-15 04:50:21.091084: I external/local_tsl/tsl/framework/bfc_allocator.cc:1095] InUse at 7f34e6e65200 of size 256 next 127
2025-06-15 04:50:21.091507: I external/local_tsl/tsl/framework/bfc_allocator.cc:1095] InUse at 7f34e6e65300 of size 256 next 129
2025-06-15 04:50:21.091933: I external/local_tsl/tsl/framework/bfc_allocator.cc:1095] InUse at 7f34e6e65400 of size 256 next 130
2025-06-15 04:50:21.092446: I external/local_tsl/tsl/framework/bfc_allocator.cc:1095] InUse at 7f34e6e65500 of size 256 next 131
2025-06-15 04:50:21.092876: I external/local_tsl/tsl/framework/bfc_allocator.cc:1095] InUse at 7f34e6e65600 of size 256 next 132
2025-06-15 04:50:21.093317: I external/local_tsl/tsl/framework/bfc_allocator.cc:1095] InUse at 7f34e6e65700 of size 256 next 133
2025-06-15 04:50:21.093745: I external/local_tsl/tsl/framework/bfc_allocator.cc:1095] InUse at 7f34e6e65800 of size 256 next 137
2025-06-15 04:50:21.094199: I external/local_tsl/tsl/framework/bfc_allocator.cc:1095] InUse at 7f34e6e65900 of size 256 next 136
2025-06-15 04:50:21.094627: I external/local_tsl/tsl/framework/bfc_allocator.cc:1095] InUse at 7f34e6e65a00 of size 3584 next 138
2025-06-15 04:50:21.095088: I external/local_tsl/tsl/framework/bfc_allocator.cc:1095] InUse at 7f34e6e66800 of size 3584 next 139
2025-06-15 04:50:21.095517: I external/local_tsl/tsl/framework/bfc_allocator.cc:1095] InUse at 7f34e6e67600 of size 256 next 140
2025-06-15 04:50:21.095985: I external/local_tsl/tsl/framework/bfc_allocator.cc:1095] InUse at 7f34e6e67700 of size 256 next 141
2025-06-15 04:50:21.096427: I external/local_tsl/tsl/framework/bfc_allocator.cc:1095] InUse at 7f34e6e67800 of size 256 next 142
2025-06-15 04:50:21.096945: I external/local_tsl/tsl/framework/bfc_allocator.cc:1095] InUse at 7f34e6e67900 of size 256 next 143
2025-06-15 04:50:21.097434: I external/local_tsl/tsl/framework/bfc_allocator.cc:1095] InUse at 7f34e6e67a00 of size 256 next 144
2025-06-15 04:50:21.097900: I external/local_tsl/tsl/framework/bfc_allocator.cc:1095] InUse at 7f34e6e67b00 of size 256 next 145
2025-06-15 04:50:21.098329: I external/local_tsl/tsl/framework/bfc_allocator.cc:1095] InUse at 7f34e6e67c00 of size 141312 next 27
2025-06-15 04:50:21.098687: I external/local_tsl/tsl/framework/bfc_allocator.cc:1095] InUse at 7f34e6e8a400 of size 221184 next 26
2025-06-15 04:50:21.099046: I external/local_tsl/tsl/framework/bfc_allocator.cc:1095] InUse at 7f34e6ec0400 of size 442368 next 159
2025-06-15 04:50:21.099374: I external/local_tsl/tsl/framework/bfc_allocator.cc:1095] InUse at 7f34e6f2c400 of size 867328 next 18446744073709551615
2025-06-15 04:50:21.099692: I external/local_tsl/tsl/framework/bfc_allocator.cc:1075] Next region of size 4194304
2025-06-15 04:50:21.100113: I external/local_tsl/tsl/framework/bfc_allocator.cc:1095] InUse at 7f34e7400000 of size 442368 next 37
2025-06-15 04:50:21.100468: I external/local_tsl/tsl/framework/bfc_allocator.cc:1095] InUse at 7f34e746c000 of size 221184 next 116
2025-06-15 04:50:21.100806: I external/local_tsl/tsl/framework/bfc_allocator.cc:1095] InUse at 7f34e74a2000 of size 110592 next 122
2025-06-15 04:50:21.101155: I external/local_tsl/tsl/framework/bfc_allocator.cc:1095] InUse at 7f34e74bd000 of size 192512 next 99
2025-06-15 04:50:21.101489: I external/local_tsl/tsl/framework/bfc_allocator.cc:1095] InUse at 7f34e74ec000 of size 360448 next 44
2025-06-15 04:50:21.101874: I external/local_tsl/tsl/framework/bfc_allocator.cc:1095] InUse at 7f34e7544000 of size 884736 next 43
2025-06-15 04:50:21.102233: I external/local_tsl/tsl/framework/bfc_allocator.cc:1095] InUse at 7f34e761c000 of size 1982464 next 18446744073709551615
2025-06-15 04:50:21.102603: I external/local_tsl/tsl/framework/bfc_allocator.cc:1075] Next region of size 8388608
2025-06-15 04:50:21.103010: I external/local_tsl/tsl/framework/bfc_allocator.cc:1095] InUse at 7f34e7800000 of size 884736 next 166
2025-06-15 04:50:21.103363: I external/local_tsl/tsl/framework/bfc_allocator.cc:1095] InUse at 7f34e78d8000 of size 884736 next 54
2025-06-15 04:50:21.103691: I external/local_tsl/tsl/framework/bfc_allocator.cc:1095] InUse at 7f34e79b0000 of size 1769472 next 52
2025-06-15 04:50:21.104069: I external/local_tsl/tsl/framework/bfc_allocator.cc:1095] InUse at 7f34e7b60000 of size 4849664 next 18446744073709551615
2025-06-15 04:50:21.104422: I external/local_tsl/tsl/framework/bfc_allocator.cc:1100]      Summary of in-use Chunks by size: 
2025-06-15 04:50:21.104850: I external/local_tsl/tsl/framework/bfc_allocator.cc:1103] 155 Chunks of size 256 totalling 38.8KiB
2025-06-15 04:50:21.105285: I external/local_tsl/tsl/framework/bfc_allocator.cc:1103] 54 Chunks of size 512 totalling 27.0KiB
2025-06-15 04:50:21.105715: I external/local_tsl/tsl/framework/bfc_allocator.cc:1103] 1 Chunks of size 768 totalling 768B
2025-06-15 04:50:21.106162: I external/local_tsl/tsl/framework/bfc_allocator.cc:1103] 26 Chunks of size 1024 totalling 26.0KiB
2025-06-15 04:50:21.106606: I external/local_tsl/tsl/framework/bfc_allocator.cc:1103] 1 Chunks of size 1280 totalling 1.2KiB
2025-06-15 04:50:21.107033: I external/local_tsl/tsl/framework/bfc_allocator.cc:1103] 3 Chunks of size 3584 totalling 10.5KiB
2025-06-15 04:50:21.107475: I external/local_tsl/tsl/framework/bfc_allocator.cc:1103] 2 Chunks of size 65536 totalling 128.0KiB
2025-06-15 04:50:21.107901: I external/local_tsl/tsl/framework/bfc_allocator.cc:1103] 1 Chunks of size 95232 totalling 93.0KiB
2025-06-15 04:50:21.108376: I external/local_tsl/tsl/framework/bfc_allocator.cc:1103] 4 Chunks of size 110592 totalling 432.0KiB
2025-06-15 04:50:21.108808: I external/local_tsl/tsl/framework/bfc_allocator.cc:1103] 1 Chunks of size 141312 totalling 138.0KiB
2025-06-15 04:50:21.109236: I external/local_tsl/tsl/framework/bfc_allocator.cc:1103] 1 Chunks of size 192512 totalling 188.0KiB
2025-06-15 04:50:21.109679: I external/local_tsl/tsl/framework/bfc_allocator.cc:1103] 6 Chunks of size 221184 totalling 1.27MiB
2025-06-15 04:50:21.110161: I external/local_tsl/tsl/framework/bfc_allocator.cc:1103] 2 Chunks of size 262144 totalling 512.0KiB
2025-06-15 04:50:21.110607: I external/local_tsl/tsl/framework/bfc_allocator.cc:1103] 1 Chunks of size 360448 totalling 352.0KiB
2025-06-15 04:50:21.111046: I external/local_tsl/tsl/framework/bfc_allocator.cc:1103] 5 Chunks of size 442368 totalling 2.11MiB
2025-06-15 04:50:21.111461: I external/local_tsl/tsl/framework/bfc_allocator.cc:1103] 1 Chunks of size 867328 totalling 847.0KiB
2025-06-15 04:50:21.111918: I external/local_tsl/tsl/framework/bfc_allocator.cc:1103] 6 Chunks of size 884736 totalling 5.06MiB
2025-06-15 04:50:21.112354: I external/local_tsl/tsl/framework/bfc_allocator.cc:1103] 2 Chunks of size 1048576 totalling 2.00MiB
2025-06-15 04:50:21.112783: I external/local_tsl/tsl/framework/bfc_allocator.cc:1103] 6 Chunks of size 1769472 totalling 10.12MiB
2025-06-15 04:50:21.113194: I external/local_tsl/tsl/framework/bfc_allocator.cc:1103] 1 Chunks of size 1982464 totalling 1.89MiB
2025-06-15 04:50:21.113710: I external/local_tsl/tsl/framework/bfc_allocator.cc:1103] 4 Chunks of size 3538944 totalling 13.50MiB
2025-06-15 04:50:21.114141: I external/local_tsl/tsl/framework/bfc_allocator.cc:1103] 1 Chunks of size 4063232 totalling 3.88MiB
2025-06-15 04:50:21.114584: I external/local_tsl/tsl/framework/bfc_allocator.cc:1103] 1 Chunks of size 4849664 totalling 4.62MiB
2025-06-15 04:50:21.115076: I external/local_tsl/tsl/framework/bfc_allocator.cc:1103] 2 Chunks of size 7077888 totalling 13.50MiB
2025-06-15 04:50:21.115545: I external/local_tsl/tsl/framework/bfc_allocator.cc:1103] 1 Chunks of size 12320768 totalling 11.75MiB
2025-06-15 04:50:21.115889: I external/local_tsl/tsl/framework/bfc_allocator.cc:1103] 2 Chunks of size 15138816 totalling 28.88MiB
2025-06-15 04:50:21.116238: I external/local_tsl/tsl/framework/bfc_allocator.cc:1103] 4 Chunks of size 30277632 totalling 115.50MiB
2025-06-15 04:50:21.116594: I external/local_tsl/tsl/framework/bfc_allocator.cc:1103] 2 Chunks of size 60555264 totalling 115.50MiB
2025-06-15 04:50:21.116958: I external/local_tsl/tsl/framework/bfc_allocator.cc:1103] 1 Chunks of size 73662464 totalling 70.25MiB
2025-06-15 04:50:21.117282: I external/local_tsl/tsl/framework/bfc_allocator.cc:1103] 1 Chunks of size 116654080 totalling 111.25MiB
2025-06-15 04:50:21.117621: I external/local_tsl/tsl/framework/bfc_allocator.cc:1103] 6 Chunks of size 121110528 totalling 693.00MiB
2025-06-15 04:50:21.117970: I external/local_tsl/tsl/framework/bfc_allocator.cc:1103] 2 Chunks of size 209715200 totalling 400.00MiB
2025-06-15 04:50:21.118333: I external/local_tsl/tsl/framework/bfc_allocator.cc:1103] 3 Chunks of size 242221056 totalling 693.00MiB
2025-06-15 04:50:21.118695: I external/local_tsl/tsl/framework/bfc_allocator.cc:1103] 8 Chunks of size 484442112 totalling 3.61GiB
2025-06-15 04:50:21.119046: I external/local_tsl/tsl/framework/bfc_allocator.cc:1103] 1 Chunks of size 968884224 totalling 924.00MiB
2025-06-15 04:50:21.119378: I external/local_tsl/tsl/framework/bfc_allocator.cc:1103] 6 Chunks of size 1937768448 totalling 10.83GiB
2025-06-15 04:50:21.119758: I external/local_tsl/tsl/framework/bfc_allocator.cc:1107] Sum Total of in-use chunks: 17.58GiB
2025-06-15 04:50:21.120182: I external/local_tsl/tsl/framework/bfc_allocator.cc:1109] Total bytes in pool: 23575789568 memory_limit_: 23575789568 available bytes: 0 curr_region_allocation_bytes_: 34359738368
2025-06-15 04:50:21.120546: I external/local_tsl/tsl/framework/bfc_allocator.cc:1114] Stats: 
Limit:                     23575789568
InUse:                     18882554112
MaxInUse:                  22800760320
NumAllocs:                         912
MaxAllocSize:               4135495424
Reserved:                            0
PeakReserved:                        0
LargestFreeBlock:                    0

2025-06-15 04:50:21.120915: W external/local_tsl/tsl/framework/bfc_allocator.cc:497] ________*********________************************************_**************************************
2025-06-15 04:50:21.121273: W tensorflow/core/framework/op_kernel.cc:1839] OP_REQUIRES failed at concat_op.cc:165 : RESOURCE_EXHAUSTED: OOM when allocating tensor with shape[2,64,192,224,176] and type float on /job:localhost/replica:0/task:0/device:GPU:0 by allocator GPU_0_bfc
Traceback (most recent call last):
  File "/mnt/beegfs/hellgate/home/rb194958e/stroke_segmentation_sota/batch_wise_train.py", line 277, in <module>
    if main():
       ^^^^^^
  File "/mnt/beegfs/hellgate/home/rb194958e/stroke_segmentation_sota/batch_wise_train.py", line 256, in main
    history = model.fit(
              ^^^^^^^^^^
  File "/mnt/beegfs/hellgate/home/rb194958e/.conda/envs/tf215_env/lib/python3.11/site-packages/keras/src/utils/traceback_utils.py", line 70, in error_handler
    raise e.with_traceback(filtered_tb) from None
  File "/mnt/beegfs/hellgate/home/rb194958e/.conda/envs/tf215_env/lib/python3.11/site-packages/tensorflow/python/eager/execute.py", line 53, in quick_execute
    tensors = pywrap_tfe.TFE_Py_Execute(ctx._handle, device_name, op_name,
  ^^^^^^^^^^^^^^^^^^^^^^^^^^^^^^^^^^^^^^^^^^^^^^^^^^^^^^^^^^^^^^^^^^^^^^^^
tensorflow.python.framework.errors_impl.ResourceExhaustedError: Graph execution error:

Detected at node model/concatenate_2/concat defined at (most recent call last):
  File "/mnt/beegfs/hellgate/home/rb194958e/stroke_segmentation_sota/batch_wise_train.py", line 277, in <module>

  File "/mnt/beegfs/hellgate/home/rb194958e/stroke_segmentation_sota/batch_wise_train.py", line 256, in main

  File "/mnt/beegfs/hellgate/home/rb194958e/.conda/envs/tf215_env/lib/python3.11/site-packages/keras/src/utils/traceback_utils.py", line 65, in error_handler

  File "/mnt/beegfs/hellgate/home/rb194958e/.conda/envs/tf215_env/lib/python3.11/site-packages/keras/src/engine/training.py", line 1807, in fit

  File "/mnt/beegfs/hellgate/home/rb194958e/.conda/envs/tf215_env/lib/python3.11/site-packages/keras/src/engine/training.py", line 1401, in train_function

  File "/mnt/beegfs/hellgate/home/rb194958e/.conda/envs/tf215_env/lib/python3.11/site-packages/keras/src/engine/training.py", line 1384, in step_function

  File "/mnt/beegfs/hellgate/home/rb194958e/.conda/envs/tf215_env/lib/python3.11/site-packages/keras/src/engine/training.py", line 1373, in run_step

  File "/mnt/beegfs/hellgate/home/rb194958e/.conda/envs/tf215_env/lib/python3.11/site-packages/keras/src/engine/training.py", line 1150, in train_step

  File "/mnt/beegfs/hellgate/home/rb194958e/.conda/envs/tf215_env/lib/python3.11/site-packages/keras/src/utils/traceback_utils.py", line 65, in error_handler

  File "/mnt/beegfs/hellgate/home/rb194958e/.conda/envs/tf215_env/lib/python3.11/site-packages/keras/src/engine/training.py", line 590, in __call__

  File "/mnt/beegfs/hellgate/home/rb194958e/.conda/envs/tf215_env/lib/python3.11/site-packages/keras/src/utils/traceback_utils.py", line 65, in error_handler

  File "/mnt/beegfs/hellgate/home/rb194958e/.conda/envs/tf215_env/lib/python3.11/site-packages/keras/src/engine/base_layer.py", line 1149, in __call__

  File "/mnt/beegfs/hellgate/home/rb194958e/.conda/envs/tf215_env/lib/python3.11/site-packages/keras/src/utils/traceback_utils.py", line 96, in error_handler

  File "/mnt/beegfs/hellgate/home/rb194958e/.conda/envs/tf215_env/lib/python3.11/site-packages/keras/src/engine/functional.py", line 515, in call

  File "/mnt/beegfs/hellgate/home/rb194958e/.conda/envs/tf215_env/lib/python3.11/site-packages/keras/src/engine/functional.py", line 672, in _run_internal_graph

  File "/mnt/beegfs/hellgate/home/rb194958e/.conda/envs/tf215_env/lib/python3.11/site-packages/keras/src/utils/traceback_utils.py", line 65, in error_handler

  File "/mnt/beegfs/hellgate/home/rb194958e/.conda/envs/tf215_env/lib/python3.11/site-packages/keras/src/engine/base_layer.py", line 1149, in __call__

  File "/mnt/beegfs/hellgate/home/rb194958e/.conda/envs/tf215_env/lib/python3.11/site-packages/keras/src/utils/traceback_utils.py", line 96, in error_handler

  File "/mnt/beegfs/hellgate/home/rb194958e/.conda/envs/tf215_env/lib/python3.11/site-packages/keras/src/layers/merging/base_merge.py", line 196, in call

  File "/mnt/beegfs/hellgate/home/rb194958e/.conda/envs/tf215_env/lib/python3.11/site-packages/keras/src/layers/merging/concatenate.py", line 134, in _merge_function

  File "/mnt/beegfs/hellgate/home/rb194958e/.conda/envs/tf215_env/lib/python3.11/site-packages/keras/src/backend.py", line 3580, in concatenate

OOM when allocating tensor with shape[2,64,192,224,176] and type float on /job:localhost/replica:0/task:0/device:GPU:0 by allocator GPU_0_bfc
	 [[{{node model/concatenate_2/concat}}]]
Hint: If you want to see a list of allocated tensors when OOM happens, add report_tensor_allocations_upon_oom to RunOptions for current allocation info. This isn't available when running in Eager mode.
 [Op:__inference_train_function_7309]
2025-06-15 04:50:21.280377: W tensorflow/core/kernels/data/generator_dataset_op.cc:108] Error occurred when finalizing GeneratorDataset iterator: FAILED_PRECONDITION: Python interpreter state is not initialized. The process may be terminated.
	 [[{{node PyFunc}}]]
/var/spool/slurmd/job1124331/slurm_script: line 320: EOF: command not found
/var/spool/slurmd/job1124331/slurm_script: line 330: unexpected EOF while looking for matching ``'
/var/spool/slurmd/job1124331/slurm_script: line 339: syntax error: unexpected end of file
