2025-06-15 04:26:21.586270: I tensorflow/core/util/port.cc:113] oneDNN custom operations are on. You may see slightly different numerical results due to floating-point round-off errors from different computation orders. To turn them off, set the environment variable `TF_ENABLE_ONEDNN_OPTS=0`.
2025-06-15 04:26:22.308656: E external/local_xla/xla/stream_executor/cuda/cuda_dnn.cc:9261] Unable to register cuDNN factory: Attempting to register factory for plugin cuDNN when one has already been registered
2025-06-15 04:26:22.309358: E external/local_xla/xla/stream_executor/cuda/cuda_fft.cc:607] Unable to register cuFFT factory: Attempting to register factory for plugin cuFFT when one has already been registered
2025-06-15 04:26:22.424711: E external/local_xla/xla/stream_executor/cuda/cuda_blas.cc:1515] Unable to register cuBLAS factory: Attempting to register factory for plugin cuBLAS when one has already been registered
2025-06-15 04:26:22.682839: I tensorflow/core/platform/cpu_feature_guard.cc:182] This TensorFlow binary is optimized to use available CPU instructions in performance-critical operations.
To enable the following instructions: AVX2 AVX512F AVX512_VNNI FMA, in other operations, rebuild TensorFlow with the appropriate compiler flags.
2025-06-15 04:26:29.310567: W tensorflow/compiler/tf2tensorrt/utils/py_utils.cc:38] TF-TRT Warning: Could not find TensorRT
INFO:__main__:🚀 Starting Stroke Lesion Segmentation Training
INFO:__main__:Using 1 GPU(s)
INFO:__main__:Creating data generators...
INFO:__main__:Found 655 valid image/mask pairs
INFO:__main__:Found 655 valid image/mask pairs
INFO:__main__:Training batches: 262
INFO:__main__:Validation batches: 65
INFO:__main__:Building model...
2025-06-15 04:26:43.741096: I tensorflow/core/common_runtime/gpu/gpu_device.cc:1929] Created device /job:localhost/replica:0/task:0/device:GPU:0 with 22483 MB memory:  -> device: 0, name: NVIDIA RTX 4500 Ada Generation, pci bus id: 0000:1c:00.0, compute capability: 8.9
INFO:__main__:Model parameters: 5,605,345
INFO:__main__:Starting training...
pixdim[0] (qfac) should be 1 (default) or -1; setting qfac to 1
INFO:nibabel.global:pixdim[0] (qfac) should be 1 (default) or -1; setting qfac to 1
pixdim[0] (qfac) should be 1 (default) or -1; setting qfac to 1
INFO:nibabel.global:pixdim[0] (qfac) should be 1 (default) or -1; setting qfac to 1
pixdim[0] (qfac) should be 1 (default) or -1; setting qfac to 1
INFO:nibabel.global:pixdim[0] (qfac) should be 1 (default) or -1; setting qfac to 1
pixdim[0] (qfac) should be 1 (default) or -1; setting qfac to 1
INFO:nibabel.global:pixdim[0] (qfac) should be 1 (default) or -1; setting qfac to 1
pixdim[0] (qfac) should be 1 (default) or -1; setting qfac to 1
INFO:nibabel.global:pixdim[0] (qfac) should be 1 (default) or -1; setting qfac to 1
2025-06-15 04:26:51.334690: I external/local_xla/xla/stream_executor/cuda/cuda_dnn.cc:454] Loaded cuDNN version 8907
pixdim[0] (qfac) should be 1 (default) or -1; setting qfac to 1
INFO:nibabel.global:pixdim[0] (qfac) should be 1 (default) or -1; setting qfac to 1
pixdim[0] (qfac) should be 1 (default) or -1; setting qfac to 1
INFO:nibabel.global:pixdim[0] (qfac) should be 1 (default) or -1; setting qfac to 1
pixdim[0] (qfac) should be 1 (default) or -1; setting qfac to 1
INFO:nibabel.global:pixdim[0] (qfac) should be 1 (default) or -1; setting qfac to 1
pixdim[0] (qfac) should be 1 (default) or -1; setting qfac to 1
INFO:nibabel.global:pixdim[0] (qfac) should be 1 (default) or -1; setting qfac to 1
2025-06-15 04:27:07.924426: W external/local_tsl/tsl/framework/bfc_allocator.cc:296] Allocator (GPU_0_bfc) ran out of memory trying to allocate 2.27GiB with freed_by_count=0. The caller indicates that this is not a failure, but this may mean that there could be performance gains if more memory were available.
2025-06-15 04:27:08.026728: W external/local_tsl/tsl/framework/bfc_allocator.cc:296] Allocator (GPU_0_bfc) ran out of memory trying to allocate 2.30GiB with freed_by_count=0. The caller indicates that this is not a failure, but this may mean that there could be performance gains if more memory were available.
2025-06-15 04:27:08.027638: W external/local_tsl/tsl/framework/bfc_allocator.cc:296] Allocator (GPU_0_bfc) ran out of memory trying to allocate 2.27GiB with freed_by_count=0. The caller indicates that this is not a failure, but this may mean that there could be performance gains if more memory were available.
2025-06-15 04:27:08.656370: W external/local_tsl/tsl/framework/bfc_allocator.cc:296] Allocator (GPU_0_bfc) ran out of memory trying to allocate 2.27GiB with freed_by_count=0. The caller indicates that this is not a failure, but this may mean that there could be performance gains if more memory were available.
2025-06-15 04:27:08.709697: W external/local_tsl/tsl/framework/bfc_allocator.cc:296] Allocator (GPU_0_bfc) ran out of memory trying to allocate 2.30GiB with freed_by_count=0. The caller indicates that this is not a failure, but this may mean that there could be performance gains if more memory were available.
2025-06-15 04:27:08.710687: W external/local_tsl/tsl/framework/bfc_allocator.cc:296] Allocator (GPU_0_bfc) ran out of memory trying to allocate 2.27GiB with freed_by_count=0. The caller indicates that this is not a failure, but this may mean that there could be performance gains if more memory were available.
2025-06-15 04:27:19.339723: W external/local_tsl/tsl/framework/bfc_allocator.cc:485] Allocator (GPU_0_bfc) ran out of memory trying to allocate 3.61GiB (rounded to 3875536896)requested by op model/concatenate_2/concat
If the cause is memory fragmentation maybe the environment variable 'TF_GPU_ALLOCATOR=cuda_malloc_async' will improve the situation. 
Current allocation summary follows.
Current allocation summary follows.
2025-06-15 04:27:19.340730: I external/local_tsl/tsl/framework/bfc_allocator.cc:1039] BFCAllocator dump for GPU_0_bfc
2025-06-15 04:27:19.341290: I external/local_tsl/tsl/framework/bfc_allocator.cc:1046] Bin (256): 	Total Chunks: 155, Chunks in use: 155. 38.8KiB allocated for chunks. 38.8KiB in use in bin. 20.7KiB client-requested in use in bin.
2025-06-15 04:27:19.341712: I external/local_tsl/tsl/framework/bfc_allocator.cc:1046] Bin (512): 	Total Chunks: 56, Chunks in use: 55. 28.2KiB allocated for chunks. 27.8KiB in use in bin. 27.5KiB client-requested in use in bin.
2025-06-15 04:27:19.342084: I external/local_tsl/tsl/framework/bfc_allocator.cc:1046] Bin (1024): 	Total Chunks: 27, Chunks in use: 27. 27.2KiB allocated for chunks. 27.2KiB in use in bin. 27.0KiB client-requested in use in bin.
2025-06-15 04:27:19.342637: I external/local_tsl/tsl/framework/bfc_allocator.cc:1046] Bin (2048): 	Total Chunks: 3, Chunks in use: 3. 10.5KiB allocated for chunks. 10.5KiB in use in bin. 10.1KiB client-requested in use in bin.
2025-06-15 04:27:19.343154: I external/local_tsl/tsl/framework/bfc_allocator.cc:1046] Bin (4096): 	Total Chunks: 0, Chunks in use: 0. 0B allocated for chunks. 0B in use in bin. 0B client-requested in use in bin.
2025-06-15 04:27:19.343513: I external/local_tsl/tsl/framework/bfc_allocator.cc:1046] Bin (8192): 	Total Chunks: 0, Chunks in use: 0. 0B allocated for chunks. 0B in use in bin. 0B client-requested in use in bin.
2025-06-15 04:27:19.343873: I external/local_tsl/tsl/framework/bfc_allocator.cc:1046] Bin (16384): 	Total Chunks: 0, Chunks in use: 0. 0B allocated for chunks. 0B in use in bin. 0B client-requested in use in bin.
2025-06-15 04:27:19.344272: I external/local_tsl/tsl/framework/bfc_allocator.cc:1046] Bin (32768): 	Total Chunks: 0, Chunks in use: 0. 0B allocated for chunks. 0B in use in bin. 0B client-requested in use in bin.
2025-06-15 04:27:19.344664: I external/local_tsl/tsl/framework/bfc_allocator.cc:1046] Bin (65536): 	Total Chunks: 7, Chunks in use: 7. 653.0KiB allocated for chunks. 653.0KiB in use in bin. 624.0KiB client-requested in use in bin.
2025-06-15 04:27:19.345033: I external/local_tsl/tsl/framework/bfc_allocator.cc:1046] Bin (131072): 	Total Chunks: 8, Chunks in use: 8. 1.58MiB allocated for chunks. 1.58MiB in use in bin. 1.48MiB client-requested in use in bin.
2025-06-15 04:27:19.345461: I external/local_tsl/tsl/framework/bfc_allocator.cc:1046] Bin (262144): 	Total Chunks: 8, Chunks in use: 8. 2.95MiB allocated for chunks. 2.95MiB in use in bin. 2.86MiB client-requested in use in bin.
2025-06-15 04:27:19.345857: I external/local_tsl/tsl/framework/bfc_allocator.cc:1046] Bin (524288): 	Total Chunks: 7, Chunks in use: 7. 5.89MiB allocated for chunks. 5.89MiB in use in bin. 5.48MiB client-requested in use in bin.
2025-06-15 04:27:19.346217: I external/local_tsl/tsl/framework/bfc_allocator.cc:1046] Bin (1048576): 	Total Chunks: 9, Chunks in use: 9. 14.02MiB allocated for chunks. 14.02MiB in use in bin. 13.12MiB client-requested in use in bin.
2025-06-15 04:27:19.346576: I external/local_tsl/tsl/framework/bfc_allocator.cc:1046] Bin (2097152): 	Total Chunks: 5, Chunks in use: 5. 17.38MiB allocated for chunks. 17.38MiB in use in bin. 16.88MiB client-requested in use in bin.
2025-06-15 04:27:19.346928: I external/local_tsl/tsl/framework/bfc_allocator.cc:1046] Bin (4194304): 	Total Chunks: 3, Chunks in use: 3. 18.12MiB allocated for chunks. 18.12MiB in use in bin. 16.88MiB client-requested in use in bin.
2025-06-15 04:27:19.347332: I external/local_tsl/tsl/framework/bfc_allocator.cc:1046] Bin (8388608): 	Total Chunks: 3, Chunks in use: 3. 40.62MiB allocated for chunks. 40.62MiB in use in bin. 35.62MiB client-requested in use in bin.
2025-06-15 04:27:19.347689: I external/local_tsl/tsl/framework/bfc_allocator.cc:1046] Bin (16777216): 	Total Chunks: 5, Chunks in use: 4. 140.19MiB allocated for chunks. 115.50MiB in use in bin. 115.50MiB client-requested in use in bin.
2025-06-15 04:27:19.348076: I external/local_tsl/tsl/framework/bfc_allocator.cc:1046] Bin (33554432): 	Total Chunks: 2, Chunks in use: 2. 115.50MiB allocated for chunks. 115.50MiB in use in bin. 115.50MiB client-requested in use in bin.
2025-06-15 04:27:19.348499: I external/local_tsl/tsl/framework/bfc_allocator.cc:1046] Bin (67108864): 	Total Chunks: 8, Chunks in use: 8. 874.50MiB allocated for chunks. 874.50MiB in use in bin. 808.50MiB client-requested in use in bin.
2025-06-15 04:27:19.348892: I external/local_tsl/tsl/framework/bfc_allocator.cc:1046] Bin (134217728): 	Total Chunks: 5, Chunks in use: 5. 1.07GiB allocated for chunks. 1.07GiB in use in bin. 924.00MiB client-requested in use in bin.
2025-06-15 04:27:19.349264: I external/local_tsl/tsl/framework/bfc_allocator.cc:1046] Bin (268435456): 	Total Chunks: 18, Chunks in use: 15. 19.69GiB allocated for chunks. 15.34GiB in use in bin. 15.34GiB client-requested in use in bin.
2025-06-15 04:27:19.349630: I external/local_tsl/tsl/framework/bfc_allocator.cc:1062] Bin for 3.61GiB was 256.00MiB, Chunk State: 
2025-06-15 04:27:19.350047: I external/local_tsl/tsl/framework/bfc_allocator.cc:1068]   Size: 453.50MiB | Requested Size: 16.00MiB | in_use: 0 | bin_num: 20, prev:   Size: 462.00MiB | Requested Size: 462.00MiB | in_use: 1 | bin_num: -1
2025-06-15 04:27:19.350450: I external/local_tsl/tsl/framework/bfc_allocator.cc:1068]   Size: 1.80GiB | Requested Size: 1.80GiB | in_use: 0 | bin_num: 20, next:   Size: 1.80GiB | Requested Size: 1.80GiB | in_use: 1 | bin_num: -1
2025-06-15 04:27:19.350818: I external/local_tsl/tsl/framework/bfc_allocator.cc:1068]   Size: 2.10GiB | Requested Size: 1.82GiB | in_use: 0 | bin_num: 20, prev:   Size: 1.80GiB | Requested Size: 1.80GiB | in_use: 1 | bin_num: -1
2025-06-15 04:27:19.351166: I external/local_tsl/tsl/framework/bfc_allocator.cc:1075] Next region of size 6129582080
2025-06-15 04:27:19.351625: I external/local_tsl/tsl/framework/bfc_allocator.cc:1095] Free  at 7fbb1a000000 of size 1937768448 next 107
2025-06-15 04:27:19.352057: I external/local_tsl/tsl/framework/bfc_allocator.cc:1095] InUse at 7fbb8d800000 of size 1937768448 next 329
2025-06-15 04:27:19.352518: I external/local_tsl/tsl/framework/bfc_allocator.cc:1095] Free  at 7fbc01000000 of size 2254045184 next 18446744073709551615
2025-06-15 04:27:19.352967: I external/local_tsl/tsl/framework/bfc_allocator.cc:1075] Next region of size 8589934592
2025-06-15 04:27:19.353418: I external/local_tsl/tsl/framework/bfc_allocator.cc:1095] InUse at 7fbcb2000000 of size 1937768448 next 282
2025-06-15 04:27:19.353784: I external/local_tsl/tsl/framework/bfc_allocator.cc:1095] InUse at 7fbd25800000 of size 242221056 next 283
2025-06-15 04:27:19.354170: I external/local_tsl/tsl/framework/bfc_allocator.cc:1095] InUse at 7fbd33f00000 of size 484442112 next 284
2025-06-15 04:27:19.354534: I external/local_tsl/tsl/framework/bfc_allocator.cc:1095] InUse at 7fbd50d00000 of size 484442112 next 285
2025-06-15 04:27:19.354857: I external/local_tsl/tsl/framework/bfc_allocator.cc:1095] InUse at 7fbd6db00000 of size 484442112 next 29
2025-06-15 04:27:19.355276: I external/local_tsl/tsl/framework/bfc_allocator.cc:1095] InUse at 7fbd8a900000 of size 484442112 next 289
2025-06-15 04:27:19.355670: I external/local_tsl/tsl/framework/bfc_allocator.cc:1095] InUse at 7fbda7700000 of size 484442112 next 293
2025-06-15 04:27:19.356071: I external/local_tsl/tsl/framework/bfc_allocator.cc:1095] InUse at 7fbdc4500000 of size 121110528 next 47
2025-06-15 04:27:19.356452: I external/local_tsl/tsl/framework/bfc_allocator.cc:1095] InUse at 7fbdcb880000 of size 121110528 next 296
2025-06-15 04:27:19.356914: I external/local_tsl/tsl/framework/bfc_allocator.cc:1095] InUse at 7fbdd2c00000 of size 121110528 next 300
2025-06-15 04:27:19.357282: I external/local_tsl/tsl/framework/bfc_allocator.cc:1095] InUse at 7fbdd9f80000 of size 30277632 next 302
2025-06-15 04:27:19.357744: I external/local_tsl/tsl/framework/bfc_allocator.cc:1095] InUse at 7fbddbc60000 of size 30277632 next 303
2025-06-15 04:27:19.358117: I external/local_tsl/tsl/framework/bfc_allocator.cc:1095] InUse at 7fbddd940000 of size 30277632 next 66
2025-06-15 04:27:19.358522: I external/local_tsl/tsl/framework/bfc_allocator.cc:1095] InUse at 7fbddf620000 of size 30277632 next 307
2025-06-15 04:27:19.359014: I external/local_tsl/tsl/framework/bfc_allocator.cc:1095] InUse at 7fbde1300000 of size 121110528 next 76
2025-06-15 04:27:19.359364: I external/local_tsl/tsl/framework/bfc_allocator.cc:1095] InUse at 7fbde8680000 of size 121110528 next 312
2025-06-15 04:27:19.359742: I external/local_tsl/tsl/framework/bfc_allocator.cc:1095] InUse at 7fbdefa00000 of size 242221056 next 311
2025-06-15 04:27:19.360093: I external/local_tsl/tsl/framework/bfc_allocator.cc:1095] InUse at 7fbdfe100000 of size 121110528 next 85
2025-06-15 04:27:19.360450: I external/local_tsl/tsl/framework/bfc_allocator.cc:1095] InUse at 7fbe05480000 of size 484442112 next 325
2025-06-15 04:27:19.360882: I external/local_tsl/tsl/framework/bfc_allocator.cc:1095] InUse at 7fbe22280000 of size 484442112 next 320
2025-06-15 04:27:19.361250: I external/local_tsl/tsl/framework/bfc_allocator.cc:1095] InUse at 7fbe3f080000 of size 968884224 next 319
2025-06-15 04:27:19.361609: I external/local_tsl/tsl/framework/bfc_allocator.cc:1095] InUse at 7fbe78c80000 of size 484442112 next 91
2025-06-15 04:27:19.361944: I external/local_tsl/tsl/framework/bfc_allocator.cc:1095] Free  at 7fbe95a80000 of size 475529216 next 18446744073709551615
2025-06-15 04:27:19.362290: I external/local_tsl/tsl/framework/bfc_allocator.cc:1075] Next region of size 4294967296
2025-06-15 04:27:19.362771: I external/local_tsl/tsl/framework/bfc_allocator.cc:1095] InUse at 7fbed0000000 of size 1937768448 next 11
2025-06-15 04:27:19.363184: I external/local_tsl/tsl/framework/bfc_allocator.cc:1095] InUse at 7fbf43800000 of size 1937768448 next 277
2025-06-15 04:27:19.363640: I external/local_tsl/tsl/framework/bfc_allocator.cc:1095] InUse at 7fbfb7000000 of size 242221056 next 20
2025-06-15 04:27:19.363970: I external/local_tsl/tsl/framework/bfc_allocator.cc:1095] InUse at 7fbfc5700000 of size 60555264 next 38
2025-06-15 04:27:19.364345: I external/local_tsl/tsl/framework/bfc_allocator.cc:1095] InUse at 7fbfc90c0000 of size 116654080 next 18446744073709551615
2025-06-15 04:27:19.364792: I external/local_tsl/tsl/framework/bfc_allocator.cc:1075] Next region of size 2147483648
2025-06-15 04:27:19.365236: I external/local_tsl/tsl/framework/bfc_allocator.cc:1095] InUse at 7fbffc000000 of size 1937768448 next 265
2025-06-15 04:27:19.365587: I external/local_tsl/tsl/framework/bfc_allocator.cc:1095] InUse at 7fc06f800000 of size 209715200 next 18446744073709551615
2025-06-15 04:27:19.365954: I external/local_tsl/tsl/framework/bfc_allocator.cc:1075] Next region of size 2147483648
2025-06-15 04:27:19.366393: I external/local_tsl/tsl/framework/bfc_allocator.cc:1095] InUse at 7fc082000000 of size 1937768448 next 267
2025-06-15 04:27:19.366715: I external/local_tsl/tsl/framework/bfc_allocator.cc:1095] InUse at 7fc0f5800000 of size 209715200 next 18446744073709551615
2025-06-15 04:27:19.367103: I external/local_tsl/tsl/framework/bfc_allocator.cc:1075] Next region of size 134217728
2025-06-15 04:27:19.367555: I external/local_tsl/tsl/framework/bfc_allocator.cc:1095] InUse at 7fc194000000 of size 60555264 next 264
2025-06-15 04:27:19.367894: I external/local_tsl/tsl/framework/bfc_allocator.cc:1095] InUse at 7fc1979c0000 of size 73662464 next 18446744073709551615
2025-06-15 04:27:19.368283: I external/local_tsl/tsl/framework/bfc_allocator.cc:1075] Next region of size 67108864
2025-06-15 04:27:19.368724: I external/local_tsl/tsl/framework/bfc_allocator.cc:1095] InUse at 7fc19c000000 of size 3538944 next 198
2025-06-15 04:27:19.369101: I external/local_tsl/tsl/framework/bfc_allocator.cc:1095] InUse at 7fc19c360000 of size 1769472 next 205
2025-06-15 04:27:19.369483: I external/local_tsl/tsl/framework/bfc_allocator.cc:1095] InUse at 7fc19c510000 of size 1769472 next 206
2025-06-15 04:27:19.369912: I external/local_tsl/tsl/framework/bfc_allocator.cc:1095] InUse at 7fc19c6c0000 of size 262144 next 213
2025-06-15 04:27:19.370415: I external/local_tsl/tsl/framework/bfc_allocator.cc:1095] InUse at 7fc19c700000 of size 262144 next 214
2025-06-15 04:27:19.370825: I external/local_tsl/tsl/framework/bfc_allocator.cc:1095] InUse at 7fc19c740000 of size 884736 next 217
2025-06-15 04:27:19.371175: I external/local_tsl/tsl/framework/bfc_allocator.cc:1095] InUse at 7fc19c818000 of size 884736 next 218
2025-06-15 04:27:19.371532: I external/local_tsl/tsl/framework/bfc_allocator.cc:1095] InUse at 7fc19c8f0000 of size 442368 next 225
2025-06-15 04:27:19.371890: I external/local_tsl/tsl/framework/bfc_allocator.cc:1095] InUse at 7fc19c95c000 of size 442368 next 226
2025-06-15 04:27:19.372270: I external/local_tsl/tsl/framework/bfc_allocator.cc:1095] InUse at 7fc19c9c8000 of size 256 next 234
2025-06-15 04:27:19.372700: I external/local_tsl/tsl/framework/bfc_allocator.cc:1095] InUse at 7fc19c9c8100 of size 256 next 235
2025-06-15 04:27:19.373126: I external/local_tsl/tsl/framework/bfc_allocator.cc:1095] InUse at 7fc19c9c8200 of size 221184 next 236
2025-06-15 04:27:19.373504: I external/local_tsl/tsl/framework/bfc_allocator.cc:1095] InUse at 7fc19c9fe200 of size 221184 next 237
2025-06-15 04:27:19.373874: I external/local_tsl/tsl/framework/bfc_allocator.cc:1095] InUse at 7fc19ca34200 of size 256 next 238
2025-06-15 04:27:19.374335: I external/local_tsl/tsl/framework/bfc_allocator.cc:1095] InUse at 7fc19ca34300 of size 256 next 239
2025-06-15 04:27:19.374821: I external/local_tsl/tsl/framework/bfc_allocator.cc:1095] InUse at 7fc19ca34400 of size 256 next 240
2025-06-15 04:27:19.375401: I external/local_tsl/tsl/framework/bfc_allocator.cc:1095] InUse at 7fc19ca34500 of size 256 next 241
2025-06-15 04:27:19.375859: I external/local_tsl/tsl/framework/bfc_allocator.cc:1095] InUse at 7fc19ca34600 of size 256 next 242
2025-06-15 04:27:19.376323: I external/local_tsl/tsl/framework/bfc_allocator.cc:1095] InUse at 7fc19ca34700 of size 256 next 243
2025-06-15 04:27:19.376803: I external/local_tsl/tsl/framework/bfc_allocator.cc:1095] InUse at 7fc19ca34800 of size 110592 next 244
2025-06-15 04:27:19.377202: I external/local_tsl/tsl/framework/bfc_allocator.cc:1095] InUse at 7fc19ca4f800 of size 110592 next 245
2025-06-15 04:27:19.377581: I external/local_tsl/tsl/framework/bfc_allocator.cc:1095] InUse at 7fc19ca6a800 of size 256 next 246
2025-06-15 04:27:19.378044: I external/local_tsl/tsl/framework/bfc_allocator.cc:1095] InUse at 7fc19ca6a900 of size 256 next 247
2025-06-15 04:27:19.378470: I external/local_tsl/tsl/framework/bfc_allocator.cc:1095] InUse at 7fc19ca6aa00 of size 256 next 248
2025-06-15 04:27:19.379015: I external/local_tsl/tsl/framework/bfc_allocator.cc:1095] InUse at 7fc19ca6ab00 of size 256 next 249
2025-06-15 04:27:19.379495: I external/local_tsl/tsl/framework/bfc_allocator.cc:1095] InUse at 7fc19ca6ac00 of size 256 next 250
2025-06-15 04:27:19.379952: I external/local_tsl/tsl/framework/bfc_allocator.cc:1095] InUse at 7fc19ca6ad00 of size 256 next 251
2025-06-15 04:27:19.380415: I external/local_tsl/tsl/framework/bfc_allocator.cc:1095] InUse at 7fc19ca6ae00 of size 256 next 252
2025-06-15 04:27:19.380890: I external/local_tsl/tsl/framework/bfc_allocator.cc:1095] InUse at 7fc19ca6af00 of size 256 next 253
2025-06-15 04:27:19.381354: I external/local_tsl/tsl/framework/bfc_allocator.cc:1095] InUse at 7fc19ca6b000 of size 256 next 254
2025-06-15 04:27:19.381790: I external/local_tsl/tsl/framework/bfc_allocator.cc:1095] InUse at 7fc19ca6b100 of size 256 next 255
2025-06-15 04:27:19.382238: I external/local_tsl/tsl/framework/bfc_allocator.cc:1095] InUse at 7fc19ca6b200 of size 256 next 256
2025-06-15 04:27:19.382708: I external/local_tsl/tsl/framework/bfc_allocator.cc:1095] InUse at 7fc19ca6b300 of size 256 next 257
2025-06-15 04:27:19.383214: I external/local_tsl/tsl/framework/bfc_allocator.cc:1095] InUse at 7fc19ca6b400 of size 256 next 258
2025-06-15 04:27:19.383738: I external/local_tsl/tsl/framework/bfc_allocator.cc:1095] InUse at 7fc19ca6b500 of size 256 next 259
2025-06-15 04:27:19.384277: I external/local_tsl/tsl/framework/bfc_allocator.cc:1095] InUse at 7fc19ca6b600 of size 256 next 260
2025-06-15 04:27:19.384742: I external/local_tsl/tsl/framework/bfc_allocator.cc:1095] InUse at 7fc19ca6b700 of size 256 next 261
2025-06-15 04:27:19.385203: I external/local_tsl/tsl/framework/bfc_allocator.cc:1095] InUse at 7fc19ca6b800 of size 256 next 262
2025-06-15 04:27:19.385670: I external/local_tsl/tsl/framework/bfc_allocator.cc:1095] InUse at 7fc19ca6b900 of size 256 next 263
2025-06-15 04:27:19.386124: I external/local_tsl/tsl/framework/bfc_allocator.cc:1095] InUse at 7fc19ca6ba00 of size 256 next 272
2025-06-15 04:27:19.386581: I external/local_tsl/tsl/framework/bfc_allocator.cc:1095] InUse at 7fc19ca6bb00 of size 256 next 274
2025-06-15 04:27:19.387046: I external/local_tsl/tsl/framework/bfc_allocator.cc:1095] InUse at 7fc19ca6bc00 of size 256 next 275
2025-06-15 04:27:19.387572: I external/local_tsl/tsl/framework/bfc_allocator.cc:1095] InUse at 7fc19ca6bd00 of size 256 next 276
2025-06-15 04:27:19.388184: I external/local_tsl/tsl/framework/bfc_allocator.cc:1095] InUse at 7fc19ca6be00 of size 256 next 280
2025-06-15 04:27:19.388659: I external/local_tsl/tsl/framework/bfc_allocator.cc:1095] InUse at 7fc19ca6bf00 of size 256 next 281
2025-06-15 04:27:19.389108: I external/local_tsl/tsl/framework/bfc_allocator.cc:1095] InUse at 7fc19ca6c000 of size 256 next 287
2025-06-15 04:27:19.389538: I external/local_tsl/tsl/framework/bfc_allocator.cc:1095] InUse at 7fc19ca6c100 of size 256 next 288
2025-06-15 04:27:19.389994: I external/local_tsl/tsl/framework/bfc_allocator.cc:1095] InUse at 7fc19ca6c200 of size 256 next 291
2025-06-15 04:27:19.390437: I external/local_tsl/tsl/framework/bfc_allocator.cc:1095] InUse at 7fc19ca6c300 of size 256 next 292
2025-06-15 04:27:19.390871: I external/local_tsl/tsl/framework/bfc_allocator.cc:1095] InUse at 7fc19ca6c400 of size 512 next 294
2025-06-15 04:27:19.391334: I external/local_tsl/tsl/framework/bfc_allocator.cc:1095] InUse at 7fc19ca6c600 of size 768 next 268
2025-06-15 04:27:19.391775: I external/local_tsl/tsl/framework/bfc_allocator.cc:1095] InUse at 7fc19ca6c900 of size 256 next 269
2025-06-15 04:27:19.392191: I external/local_tsl/tsl/framework/bfc_allocator.cc:1095] InUse at 7fc19ca6ca00 of size 256 next 270
2025-06-15 04:27:19.392633: I external/local_tsl/tsl/framework/bfc_allocator.cc:1095] InUse at 7fc19ca6cb00 of size 512 next 295
2025-06-15 04:27:19.393076: I external/local_tsl/tsl/framework/bfc_allocator.cc:1095] InUse at 7fc19ca6cd00 of size 512 next 298
2025-06-15 04:27:19.393532: I external/local_tsl/tsl/framework/bfc_allocator.cc:1095] InUse at 7fc19ca6cf00 of size 512 next 299
2025-06-15 04:27:19.393972: I external/local_tsl/tsl/framework/bfc_allocator.cc:1095] InUse at 7fc19ca6d100 of size 15138816 next 56
2025-06-15 04:27:19.394338: I external/local_tsl/tsl/framework/bfc_allocator.cc:1095] InUse at 7fc19d8dd100 of size 15138816 next 301
2025-06-15 04:27:19.394692: I external/local_tsl/tsl/framework/bfc_allocator.cc:1095] InUse at 7fc19e74d100 of size 1024 next 304
2025-06-15 04:27:19.395123: I external/local_tsl/tsl/framework/bfc_allocator.cc:1095] InUse at 7fc19e74d500 of size 1024 next 305
2025-06-15 04:27:19.395554: I external/local_tsl/tsl/framework/bfc_allocator.cc:1095] InUse at 7fc19e74d900 of size 1024 next 306
2025-06-15 04:27:19.395961: I external/local_tsl/tsl/framework/bfc_allocator.cc:1095] InUse at 7fc19e74dd00 of size 1024 next 309
2025-06-15 04:27:19.396388: I external/local_tsl/tsl/framework/bfc_allocator.cc:1095] InUse at 7fc19e74e100 of size 1024 next 310
2025-06-15 04:27:19.396855: I external/local_tsl/tsl/framework/bfc_allocator.cc:1095] InUse at 7fc19e74e500 of size 512 next 317
2025-06-15 04:27:19.397296: I external/local_tsl/tsl/framework/bfc_allocator.cc:1095] InUse at 7fc19e74e700 of size 512 next 318
2025-06-15 04:27:19.397746: I external/local_tsl/tsl/framework/bfc_allocator.cc:1095] InUse at 7fc19e74e900 of size 256 next 326
2025-06-15 04:27:19.398178: I external/local_tsl/tsl/framework/bfc_allocator.cc:1095] InUse at 7fc19e74ea00 of size 256 next 327
2025-06-15 04:27:19.398620: I external/local_tsl/tsl/framework/bfc_allocator.cc:1095] Free  at 7fc19e74eb00 of size 25892096 next 18446744073709551615
2025-06-15 04:27:19.398996: I external/local_tsl/tsl/framework/bfc_allocator.cc:1075] Next region of size 33554432
2025-06-15 04:27:19.399435: I external/local_tsl/tsl/framework/bfc_allocator.cc:1095] InUse at 7fc1b4000000 of size 3538944 next 83
2025-06-15 04:27:19.399777: I external/local_tsl/tsl/framework/bfc_allocator.cc:1095] InUse at 7fc1b4360000 of size 221184 next 152
2025-06-15 04:27:19.400151: I external/local_tsl/tsl/framework/bfc_allocator.cc:1095] InUse at 7fc1b4396000 of size 221184 next 106
2025-06-15 04:27:19.400522: I external/local_tsl/tsl/framework/bfc_allocator.cc:1095] InUse at 7fc1b43cc000 of size 442368 next 100
2025-06-15 04:27:19.400851: I external/local_tsl/tsl/framework/bfc_allocator.cc:1095] InUse at 7fc1b4438000 of size 884736 next 90
2025-06-15 04:27:19.401210: I external/local_tsl/tsl/framework/bfc_allocator.cc:1095] InUse at 7fc1b4510000 of size 1769472 next 74
2025-06-15 04:27:19.401575: I external/local_tsl/tsl/framework/bfc_allocator.cc:1095] InUse at 7fc1b46c0000 of size 7077888 next 72
2025-06-15 04:27:19.401916: I external/local_tsl/tsl/framework/bfc_allocator.cc:1095] InUse at 7fc1b4d80000 of size 7077888 next 187
2025-06-15 04:27:19.402281: I external/local_tsl/tsl/framework/bfc_allocator.cc:1095] InUse at 7fc1b5440000 of size 12320768 next 18446744073709551615
2025-06-15 04:27:19.402609: I external/local_tsl/tsl/framework/bfc_allocator.cc:1075] Next region of size 16777216
2025-06-15 04:27:19.403020: I external/local_tsl/tsl/framework/bfc_allocator.cc:1095] InUse at 7fc1b6000000 of size 1769472 next 173
2025-06-15 04:27:19.403400: I external/local_tsl/tsl/framework/bfc_allocator.cc:1095] InUse at 7fc1b61b0000 of size 1769472 next 64
2025-06-15 04:27:19.403775: I external/local_tsl/tsl/framework/bfc_allocator.cc:1095] InUse at 7fc1b6360000 of size 3538944 next 62
2025-06-15 04:27:19.404210: I external/local_tsl/tsl/framework/bfc_allocator.cc:1095] InUse at 7fc1b66c0000 of size 3538944 next 180
2025-06-15 04:27:19.404589: I external/local_tsl/tsl/framework/bfc_allocator.cc:1095] InUse at 7fc1b6a20000 of size 1048576 next 194
2025-06-15 04:27:19.404944: I external/local_tsl/tsl/framework/bfc_allocator.cc:1095] InUse at 7fc1b6b20000 of size 1048576 next 195
2025-06-15 04:27:19.405320: I external/local_tsl/tsl/framework/bfc_allocator.cc:1095] InUse at 7fc1b6c20000 of size 4063232 next 18446744073709551615
2025-06-15 04:27:19.405733: I external/local_tsl/tsl/framework/bfc_allocator.cc:1075] Next region of size 2097152
2025-06-15 04:27:19.406174: I external/local_tsl/tsl/framework/bfc_allocator.cc:1095] InUse at 7fc21ce00000 of size 1280 next 1
2025-06-15 04:27:19.406630: I external/local_tsl/tsl/framework/bfc_allocator.cc:1095] InUse at 7fc21ce00500 of size 256 next 2
2025-06-15 04:27:19.407081: I external/local_tsl/tsl/framework/bfc_allocator.cc:1095] InUse at 7fc21ce00600 of size 256 next 3
2025-06-15 04:27:19.407525: I external/local_tsl/tsl/framework/bfc_allocator.cc:1095] InUse at 7fc21ce00700 of size 256 next 5
2025-06-15 04:27:19.407991: I external/local_tsl/tsl/framework/bfc_allocator.cc:1095] InUse at 7fc21ce00800 of size 256 next 6
2025-06-15 04:27:19.408437: I external/local_tsl/tsl/framework/bfc_allocator.cc:1095] InUse at 7fc21ce00900 of size 256 next 4
2025-06-15 04:27:19.408851: I external/local_tsl/tsl/framework/bfc_allocator.cc:1095] InUse at 7fc21ce00a00 of size 256 next 7
2025-06-15 04:27:19.409273: I external/local_tsl/tsl/framework/bfc_allocator.cc:1095] InUse at 7fc21ce00b00 of size 256 next 10
2025-06-15 04:27:19.409727: I external/local_tsl/tsl/framework/bfc_allocator.cc:1095] InUse at 7fc21ce00c00 of size 256 next 278
2025-06-15 04:27:19.410176: I external/local_tsl/tsl/framework/bfc_allocator.cc:1095] InUse at 7fc21ce00d00 of size 256 next 12
2025-06-15 04:27:19.410637: I external/local_tsl/tsl/framework/bfc_allocator.cc:1095] InUse at 7fc21ce00e00 of size 256 next 13
2025-06-15 04:27:19.411067: I external/local_tsl/tsl/framework/bfc_allocator.cc:1095] InUse at 7fc21ce00f00 of size 256 next 14
2025-06-15 04:27:19.411534: I external/local_tsl/tsl/framework/bfc_allocator.cc:1095] InUse at 7fc21ce01000 of size 256 next 17
2025-06-15 04:27:19.412042: I external/local_tsl/tsl/framework/bfc_allocator.cc:1095] InUse at 7fc21ce01100 of size 256 next 15
2025-06-15 04:27:19.412478: I external/local_tsl/tsl/framework/bfc_allocator.cc:1095] InUse at 7fc21ce01200 of size 256 next 16
2025-06-15 04:27:19.412909: I external/local_tsl/tsl/framework/bfc_allocator.cc:1095] InUse at 7fc21ce01300 of size 256 next 286
2025-06-15 04:27:19.413337: I external/local_tsl/tsl/framework/bfc_allocator.cc:1095] InUse at 7fc21ce01400 of size 256 next 21
2025-06-15 04:27:19.413777: I external/local_tsl/tsl/framework/bfc_allocator.cc:1095] InUse at 7fc21ce01500 of size 256 next 22
2025-06-15 04:27:19.414264: I external/local_tsl/tsl/framework/bfc_allocator.cc:1095] InUse at 7fc21ce01600 of size 256 next 23
2025-06-15 04:27:19.414690: I external/local_tsl/tsl/framework/bfc_allocator.cc:1095] InUse at 7fc21ce01700 of size 256 next 24
2025-06-15 04:27:19.415111: I external/local_tsl/tsl/framework/bfc_allocator.cc:1095] InUse at 7fc21ce01800 of size 256 next 25
2025-06-15 04:27:19.415543: I external/local_tsl/tsl/framework/bfc_allocator.cc:1095] InUse at 7fc21ce01900 of size 256 next 28
2025-06-15 04:27:19.415986: I external/local_tsl/tsl/framework/bfc_allocator.cc:1095] InUse at 7fc21ce01a00 of size 256 next 290
2025-06-15 04:27:19.416433: I external/local_tsl/tsl/framework/bfc_allocator.cc:1095] InUse at 7fc21ce01b00 of size 256 next 30
2025-06-15 04:27:19.416884: I external/local_tsl/tsl/framework/bfc_allocator.cc:1095] InUse at 7fc21ce01c00 of size 256 next 31
2025-06-15 04:27:19.417325: I external/local_tsl/tsl/framework/bfc_allocator.cc:1095] InUse at 7fc21ce01d00 of size 256 next 32
2025-06-15 04:27:19.417773: I external/local_tsl/tsl/framework/bfc_allocator.cc:1095] InUse at 7fc21ce01e00 of size 256 next 35
2025-06-15 04:27:19.418212: I external/local_tsl/tsl/framework/bfc_allocator.cc:1095] InUse at 7fc21ce01f00 of size 256 next 33
2025-06-15 04:27:19.418620: I external/local_tsl/tsl/framework/bfc_allocator.cc:1095] InUse at 7fc21ce02000 of size 256 next 34
2025-06-15 04:27:19.419028: I external/local_tsl/tsl/framework/bfc_allocator.cc:1095] InUse at 7fc21ce02100 of size 512 next 39
2025-06-15 04:27:19.419480: I external/local_tsl/tsl/framework/bfc_allocator.cc:1095] InUse at 7fc21ce02300 of size 256 next 40
2025-06-15 04:27:19.419900: I external/local_tsl/tsl/framework/bfc_allocator.cc:1095] InUse at 7fc21ce02400 of size 256 next 41
2025-06-15 04:27:19.420378: I external/local_tsl/tsl/framework/bfc_allocator.cc:1095] InUse at 7fc21ce02500 of size 256 next 8
2025-06-15 04:27:19.420804: I external/local_tsl/tsl/framework/bfc_allocator.cc:1095] InUse at 7fc21ce02600 of size 3584 next 9
2025-06-15 04:27:19.421237: I external/local_tsl/tsl/framework/bfc_allocator.cc:1095] InUse at 7fc21ce03400 of size 512 next 42
2025-06-15 04:27:19.421749: I external/local_tsl/tsl/framework/bfc_allocator.cc:1095] InUse at 7fc21ce03600 of size 512 next 45
2025-06-15 04:27:19.422237: I external/local_tsl/tsl/framework/bfc_allocator.cc:1095] InUse at 7fc21ce03800 of size 512 next 46
2025-06-15 04:27:19.422668: I external/local_tsl/tsl/framework/bfc_allocator.cc:1095] InUse at 7fc21ce03a00 of size 512 next 297
2025-06-15 04:27:19.423187: I external/local_tsl/tsl/framework/bfc_allocator.cc:1095] InUse at 7fc21ce03c00 of size 512 next 48
2025-06-15 04:27:19.423995: I external/local_tsl/tsl/framework/bfc_allocator.cc:1095] InUse at 7fc21ce03e00 of size 256 next 49
2025-06-15 04:27:19.424592: I external/local_tsl/tsl/framework/bfc_allocator.cc:1095] InUse at 7fc21ce03f00 of size 512 next 50
2025-06-15 04:27:19.425034: I external/local_tsl/tsl/framework/bfc_allocator.cc:1095] InUse at 7fc21ce04100 of size 512 next 51
2025-06-15 04:27:19.425467: I external/local_tsl/tsl/framework/bfc_allocator.cc:1095] InUse at 7fc21ce04300 of size 512 next 55
2025-06-15 04:27:19.425883: I external/local_tsl/tsl/framework/bfc_allocator.cc:1095] InUse at 7fc21ce04500 of size 1024 next 57
2025-06-15 04:27:19.426344: I external/local_tsl/tsl/framework/bfc_allocator.cc:1095] InUse at 7fc21ce04900 of size 256 next 58
2025-06-15 04:27:19.426773: I external/local_tsl/tsl/framework/bfc_allocator.cc:1095] InUse at 7fc21ce04a00 of size 256 next 59
2025-06-15 04:27:19.427202: I external/local_tsl/tsl/framework/bfc_allocator.cc:1095] InUse at 7fc21ce04b00 of size 1024 next 60
2025-06-15 04:27:19.427619: I external/local_tsl/tsl/framework/bfc_allocator.cc:1095] InUse at 7fc21ce04f00 of size 1024 next 61
2025-06-15 04:27:19.428066: I external/local_tsl/tsl/framework/bfc_allocator.cc:1095] InUse at 7fc21ce05300 of size 1024 next 65
2025-06-15 04:27:19.428500: I external/local_tsl/tsl/framework/bfc_allocator.cc:1095] InUse at 7fc21ce05700 of size 1024 next 308
2025-06-15 04:27:19.428943: I external/local_tsl/tsl/framework/bfc_allocator.cc:1095] InUse at 7fc21ce05b00 of size 1024 next 67
2025-06-15 04:27:19.429376: I external/local_tsl/tsl/framework/bfc_allocator.cc:1095] InUse at 7fc21ce05f00 of size 256 next 68
2025-06-15 04:27:19.429847: I external/local_tsl/tsl/framework/bfc_allocator.cc:1095] InUse at 7fc21ce06000 of size 256 next 69
2025-06-15 04:27:19.430289: I external/local_tsl/tsl/framework/bfc_allocator.cc:1095] InUse at 7fc21ce06100 of size 1024 next 70
2025-06-15 04:27:19.430778: I external/local_tsl/tsl/framework/bfc_allocator.cc:1095] InUse at 7fc21ce06500 of size 1024 next 71
2025-06-15 04:27:19.431210: I external/local_tsl/tsl/framework/bfc_allocator.cc:1095] InUse at 7fc21ce06900 of size 1024 next 75
2025-06-15 04:27:19.431634: I external/local_tsl/tsl/framework/bfc_allocator.cc:1095] InUse at 7fc21ce06d00 of size 512 next 313
2025-06-15 04:27:19.432055: I external/local_tsl/tsl/framework/bfc_allocator.cc:1095] InUse at 7fc21ce06f00 of size 512 next 314
2025-06-15 04:27:19.432477: I external/local_tsl/tsl/framework/bfc_allocator.cc:1095] InUse at 7fc21ce07100 of size 512 next 315
2025-06-15 04:27:19.432949: I external/local_tsl/tsl/framework/bfc_allocator.cc:1095] InUse at 7fc21ce07300 of size 512 next 77
2025-06-15 04:27:19.433364: I external/local_tsl/tsl/framework/bfc_allocator.cc:1095] InUse at 7fc21ce07500 of size 256 next 78
2025-06-15 04:27:19.433784: I external/local_tsl/tsl/framework/bfc_allocator.cc:1095] InUse at 7fc21ce07600 of size 256 next 79
2025-06-15 04:27:19.434282: I external/local_tsl/tsl/framework/bfc_allocator.cc:1095] InUse at 7fc21ce07700 of size 512 next 80
2025-06-15 04:27:19.434740: I external/local_tsl/tsl/framework/bfc_allocator.cc:1095] InUse at 7fc21ce07900 of size 512 next 81
2025-06-15 04:27:19.435156: I external/local_tsl/tsl/framework/bfc_allocator.cc:1095] InUse at 7fc21ce07b00 of size 512 next 82
2025-06-15 04:27:19.435603: I external/local_tsl/tsl/framework/bfc_allocator.cc:1095] InUse at 7fc21ce07d00 of size 512 next 84
2025-06-15 04:27:19.436101: I external/local_tsl/tsl/framework/bfc_allocator.cc:1095] InUse at 7fc21ce07f00 of size 512 next 316
2025-06-15 04:27:19.436575: I external/local_tsl/tsl/framework/bfc_allocator.cc:1095] InUse at 7fc21ce08100 of size 512 next 86
2025-06-15 04:27:19.437020: I external/local_tsl/tsl/framework/bfc_allocator.cc:1095] InUse at 7fc21ce08300 of size 512 next 87
2025-06-15 04:27:19.437447: I external/local_tsl/tsl/framework/bfc_allocator.cc:1095] InUse at 7fc21ce08500 of size 512 next 88
2025-06-15 04:27:19.437847: I external/local_tsl/tsl/framework/bfc_allocator.cc:1095] InUse at 7fc21ce08700 of size 512 next 89
2025-06-15 04:27:19.438279: I external/local_tsl/tsl/framework/bfc_allocator.cc:1095] InUse at 7fc21ce08900 of size 256 next 321
2025-06-15 04:27:19.438718: I external/local_tsl/tsl/framework/bfc_allocator.cc:1095] InUse at 7fc21ce08a00 of size 256 next 323
2025-06-15 04:27:19.439155: I external/local_tsl/tsl/framework/bfc_allocator.cc:1095] InUse at 7fc21ce08b00 of size 256 next 324
2025-06-15 04:27:19.439610: I external/local_tsl/tsl/framework/bfc_allocator.cc:1095] InUse at 7fc21ce08c00 of size 256 next 92
2025-06-15 04:27:19.440073: I external/local_tsl/tsl/framework/bfc_allocator.cc:1095] InUse at 7fc21ce08d00 of size 256 next 93
2025-06-15 04:27:19.440510: I external/local_tsl/tsl/framework/bfc_allocator.cc:1095] InUse at 7fc21ce08e00 of size 256 next 94
2025-06-15 04:27:19.440936: I external/local_tsl/tsl/framework/bfc_allocator.cc:1095] InUse at 7fc21ce08f00 of size 256 next 97
2025-06-15 04:27:19.441377: I external/local_tsl/tsl/framework/bfc_allocator.cc:1095] InUse at 7fc21ce09000 of size 256 next 95
2025-06-15 04:27:19.441813: I external/local_tsl/tsl/framework/bfc_allocator.cc:1095] InUse at 7fc21ce09100 of size 256 next 96
2025-06-15 04:27:19.442265: I external/local_tsl/tsl/framework/bfc_allocator.cc:1095] InUse at 7fc21ce09200 of size 256 next 98
2025-06-15 04:27:19.442843: I external/local_tsl/tsl/framework/bfc_allocator.cc:1095] InUse at 7fc21ce09300 of size 256 next 101
2025-06-15 04:27:19.443304: I external/local_tsl/tsl/framework/bfc_allocator.cc:1095] InUse at 7fc21ce09400 of size 256 next 102
2025-06-15 04:27:19.443751: I external/local_tsl/tsl/framework/bfc_allocator.cc:1095] InUse at 7fc21ce09500 of size 256 next 103
2025-06-15 04:27:19.444202: I external/local_tsl/tsl/framework/bfc_allocator.cc:1095] InUse at 7fc21ce09600 of size 256 next 104
2025-06-15 04:27:19.444655: I external/local_tsl/tsl/framework/bfc_allocator.cc:1095] InUse at 7fc21ce09700 of size 256 next 105
2025-06-15 04:27:19.445222: I external/local_tsl/tsl/framework/bfc_allocator.cc:1095] Free  at 7fc21ce09800 of size 512 next 108
2025-06-15 04:27:19.445765: I external/local_tsl/tsl/framework/bfc_allocator.cc:1095] InUse at 7fc21ce09a00 of size 256 next 109
2025-06-15 04:27:19.446213: I external/local_tsl/tsl/framework/bfc_allocator.cc:1095] InUse at 7fc21ce09b00 of size 256 next 110
2025-06-15 04:27:19.446687: I external/local_tsl/tsl/framework/bfc_allocator.cc:1095] InUse at 7fc21ce09c00 of size 256 next 146
2025-06-15 04:27:19.447107: I external/local_tsl/tsl/framework/bfc_allocator.cc:1095] InUse at 7fc21ce09d00 of size 256 next 147
2025-06-15 04:27:19.447516: I external/local_tsl/tsl/framework/bfc_allocator.cc:1095] InUse at 7fc21ce09e00 of size 256 next 148
2025-06-15 04:27:19.447940: I external/local_tsl/tsl/framework/bfc_allocator.cc:1095] InUse at 7fc21ce09f00 of size 256 next 149
2025-06-15 04:27:19.448374: I external/local_tsl/tsl/framework/bfc_allocator.cc:1095] InUse at 7fc21ce0a000 of size 256 next 150
2025-06-15 04:27:19.448815: I external/local_tsl/tsl/framework/bfc_allocator.cc:1095] InUse at 7fc21ce0a100 of size 256 next 151
2025-06-15 04:27:19.449277: I external/local_tsl/tsl/framework/bfc_allocator.cc:1095] InUse at 7fc21ce0a200 of size 256 next 153
2025-06-15 04:27:19.449694: I external/local_tsl/tsl/framework/bfc_allocator.cc:1095] InUse at 7fc21ce0a300 of size 256 next 154
2025-06-15 04:27:19.450126: I external/local_tsl/tsl/framework/bfc_allocator.cc:1095] InUse at 7fc21ce0a400 of size 256 next 155
2025-06-15 04:27:19.450551: I external/local_tsl/tsl/framework/bfc_allocator.cc:1095] InUse at 7fc21ce0a500 of size 256 next 156
2025-06-15 04:27:19.451012: I external/local_tsl/tsl/framework/bfc_allocator.cc:1095] InUse at 7fc21ce0a600 of size 256 next 157
2025-06-15 04:27:19.451464: I external/local_tsl/tsl/framework/bfc_allocator.cc:1095] InUse at 7fc21ce0a700 of size 256 next 158
2025-06-15 04:27:19.451901: I external/local_tsl/tsl/framework/bfc_allocator.cc:1095] InUse at 7fc21ce0a800 of size 256 next 160
2025-06-15 04:27:19.452351: I external/local_tsl/tsl/framework/bfc_allocator.cc:1095] InUse at 7fc21ce0a900 of size 256 next 161
2025-06-15 04:27:19.452798: I external/local_tsl/tsl/framework/bfc_allocator.cc:1095] InUse at 7fc21ce0aa00 of size 256 next 162
2025-06-15 04:27:19.453228: I external/local_tsl/tsl/framework/bfc_allocator.cc:1095] InUse at 7fc21ce0ab00 of size 256 next 163
2025-06-15 04:27:19.453675: I external/local_tsl/tsl/framework/bfc_allocator.cc:1095] InUse at 7fc21ce0ac00 of size 256 next 164
2025-06-15 04:27:19.454161: I external/local_tsl/tsl/framework/bfc_allocator.cc:1095] InUse at 7fc21ce0ad00 of size 256 next 165
2025-06-15 04:27:19.454633: I external/local_tsl/tsl/framework/bfc_allocator.cc:1095] InUse at 7fc21ce0ae00 of size 512 next 167
2025-06-15 04:27:19.455115: I external/local_tsl/tsl/framework/bfc_allocator.cc:1095] InUse at 7fc21ce0b000 of size 512 next 168
2025-06-15 04:27:19.455572: I external/local_tsl/tsl/framework/bfc_allocator.cc:1095] InUse at 7fc21ce0b200 of size 512 next 169
2025-06-15 04:27:19.456028: I external/local_tsl/tsl/framework/bfc_allocator.cc:1095] InUse at 7fc21ce0b400 of size 512 next 170
2025-06-15 04:27:19.456488: I external/local_tsl/tsl/framework/bfc_allocator.cc:1095] InUse at 7fc21ce0b600 of size 512 next 171
2025-06-15 04:27:19.456952: I external/local_tsl/tsl/framework/bfc_allocator.cc:1095] InUse at 7fc21ce0b800 of size 512 next 172
2025-06-15 04:27:19.457435: I external/local_tsl/tsl/framework/bfc_allocator.cc:1095] InUse at 7fc21ce0ba00 of size 512 next 174
2025-06-15 04:27:19.457908: I external/local_tsl/tsl/framework/bfc_allocator.cc:1095] InUse at 7fc21ce0bc00 of size 512 next 175
2025-06-15 04:27:19.458389: I external/local_tsl/tsl/framework/bfc_allocator.cc:1095] InUse at 7fc21ce0be00 of size 512 next 176
2025-06-15 04:27:19.458851: I external/local_tsl/tsl/framework/bfc_allocator.cc:1095] InUse at 7fc21ce0c000 of size 512 next 177
2025-06-15 04:27:19.459317: I external/local_tsl/tsl/framework/bfc_allocator.cc:1095] InUse at 7fc21ce0c200 of size 512 next 178
2025-06-15 04:27:19.459800: I external/local_tsl/tsl/framework/bfc_allocator.cc:1095] InUse at 7fc21ce0c400 of size 512 next 179
2025-06-15 04:27:19.460309: I external/local_tsl/tsl/framework/bfc_allocator.cc:1095] InUse at 7fc21ce0c600 of size 1024 next 181
2025-06-15 04:27:19.460773: I external/local_tsl/tsl/framework/bfc_allocator.cc:1095] InUse at 7fc21ce0ca00 of size 1024 next 182
2025-06-15 04:27:19.461259: I external/local_tsl/tsl/framework/bfc_allocator.cc:1095] InUse at 7fc21ce0ce00 of size 1024 next 183
2025-06-15 04:27:19.461752: I external/local_tsl/tsl/framework/bfc_allocator.cc:1095] InUse at 7fc21ce0d200 of size 1024 next 184
2025-06-15 04:27:19.462199: I external/local_tsl/tsl/framework/bfc_allocator.cc:1095] InUse at 7fc21ce0d600 of size 1024 next 185
2025-06-15 04:27:19.462729: I external/local_tsl/tsl/framework/bfc_allocator.cc:1095] InUse at 7fc21ce0da00 of size 1024 next 186
2025-06-15 04:27:19.463206: I external/local_tsl/tsl/framework/bfc_allocator.cc:1095] InUse at 7fc21ce0de00 of size 1024 next 188
2025-06-15 04:27:19.463656: I external/local_tsl/tsl/framework/bfc_allocator.cc:1095] InUse at 7fc21ce0e200 of size 1024 next 189
2025-06-15 04:27:19.464118: I external/local_tsl/tsl/framework/bfc_allocator.cc:1095] InUse at 7fc21ce0e600 of size 1024 next 190
2025-06-15 04:27:19.464575: I external/local_tsl/tsl/framework/bfc_allocator.cc:1095] InUse at 7fc21ce0ea00 of size 1024 next 191
2025-06-15 04:27:19.465059: I external/local_tsl/tsl/framework/bfc_allocator.cc:1095] InUse at 7fc21ce0ee00 of size 1024 next 192
2025-06-15 04:27:19.465528: I external/local_tsl/tsl/framework/bfc_allocator.cc:1095] InUse at 7fc21ce0f200 of size 1024 next 193
2025-06-15 04:27:19.466006: I external/local_tsl/tsl/framework/bfc_allocator.cc:1095] InUse at 7fc21ce0f600 of size 512 next 196
2025-06-15 04:27:19.466512: I external/local_tsl/tsl/framework/bfc_allocator.cc:1095] InUse at 7fc21ce0f800 of size 512 next 197
2025-06-15 04:27:19.466984: I external/local_tsl/tsl/framework/bfc_allocator.cc:1095] InUse at 7fc21ce0fa00 of size 512 next 199
2025-06-15 04:27:19.467463: I external/local_tsl/tsl/framework/bfc_allocator.cc:1095] InUse at 7fc21ce0fc00 of size 512 next 200
2025-06-15 04:27:19.467912: I external/local_tsl/tsl/framework/bfc_allocator.cc:1095] InUse at 7fc21ce0fe00 of size 512 next 201
2025-06-15 04:27:19.468388: I external/local_tsl/tsl/framework/bfc_allocator.cc:1095] InUse at 7fc21ce10000 of size 512 next 202
2025-06-15 04:27:19.468828: I external/local_tsl/tsl/framework/bfc_allocator.cc:1095] InUse at 7fc21ce10200 of size 512 next 203
2025-06-15 04:27:19.469259: I external/local_tsl/tsl/framework/bfc_allocator.cc:1095] InUse at 7fc21ce10400 of size 512 next 204
2025-06-15 04:27:19.469764: I external/local_tsl/tsl/framework/bfc_allocator.cc:1095] InUse at 7fc21ce10600 of size 512 next 207
2025-06-15 04:27:19.470214: I external/local_tsl/tsl/framework/bfc_allocator.cc:1095] InUse at 7fc21ce10800 of size 512 next 208
2025-06-15 04:27:19.470644: I external/local_tsl/tsl/framework/bfc_allocator.cc:1095] InUse at 7fc21ce10a00 of size 512 next 209
2025-06-15 04:27:19.471065: I external/local_tsl/tsl/framework/bfc_allocator.cc:1095] InUse at 7fc21ce10c00 of size 512 next 210
2025-06-15 04:27:19.471491: I external/local_tsl/tsl/framework/bfc_allocator.cc:1095] InUse at 7fc21ce10e00 of size 512 next 211
2025-06-15 04:27:19.471945: I external/local_tsl/tsl/framework/bfc_allocator.cc:1095] InUse at 7fc21ce11000 of size 512 next 212
2025-06-15 04:27:19.472386: I external/local_tsl/tsl/framework/bfc_allocator.cc:1095] InUse at 7fc21ce11200 of size 256 next 215
2025-06-15 04:27:19.472828: I external/local_tsl/tsl/framework/bfc_allocator.cc:1095] InUse at 7fc21ce11300 of size 256 next 216
2025-06-15 04:27:19.473287: I external/local_tsl/tsl/framework/bfc_allocator.cc:1095] InUse at 7fc21ce11400 of size 256 next 219
2025-06-15 04:27:19.473743: I external/local_tsl/tsl/framework/bfc_allocator.cc:1095] InUse at 7fc21ce11500 of size 256 next 220
2025-06-15 04:27:19.474203: I external/local_tsl/tsl/framework/bfc_allocator.cc:1095] InUse at 7fc21ce11600 of size 256 next 221
2025-06-15 04:27:19.474636: I external/local_tsl/tsl/framework/bfc_allocator.cc:1095] InUse at 7fc21ce11700 of size 256 next 222
2025-06-15 04:27:19.475095: I external/local_tsl/tsl/framework/bfc_allocator.cc:1095] InUse at 7fc21ce11800 of size 256 next 223
2025-06-15 04:27:19.475549: I external/local_tsl/tsl/framework/bfc_allocator.cc:1095] InUse at 7fc21ce11900 of size 256 next 224
2025-06-15 04:27:19.475991: I external/local_tsl/tsl/framework/bfc_allocator.cc:1095] InUse at 7fc21ce11a00 of size 256 next 227
2025-06-15 04:27:19.476422: I external/local_tsl/tsl/framework/bfc_allocator.cc:1095] InUse at 7fc21ce11b00 of size 256 next 228
2025-06-15 04:27:19.477062: I external/local_tsl/tsl/framework/bfc_allocator.cc:1095] InUse at 7fc21ce11c00 of size 256 next 229
2025-06-15 04:27:19.477608: I external/local_tsl/tsl/framework/bfc_allocator.cc:1095] InUse at 7fc21ce11d00 of size 256 next 230
2025-06-15 04:27:19.478065: I external/local_tsl/tsl/framework/bfc_allocator.cc:1095] InUse at 7fc21ce11e00 of size 256 next 231
2025-06-15 04:27:19.478583: I external/local_tsl/tsl/framework/bfc_allocator.cc:1095] InUse at 7fc21ce11f00 of size 256 next 232
2025-06-15 04:27:19.479064: I external/local_tsl/tsl/framework/bfc_allocator.cc:1095] InUse at 7fc21ce12000 of size 65536 next 233
2025-06-15 04:27:19.479448: I external/local_tsl/tsl/framework/bfc_allocator.cc:1095] InUse at 7fc21ce22000 of size 95232 next 19
2025-06-15 04:27:19.479880: I external/local_tsl/tsl/framework/bfc_allocator.cc:1095] InUse at 7fc21ce39400 of size 110592 next 18
2025-06-15 04:27:19.480316: I external/local_tsl/tsl/framework/bfc_allocator.cc:1095] InUse at 7fc21ce54400 of size 65536 next 115
2025-06-15 04:27:19.480805: I external/local_tsl/tsl/framework/bfc_allocator.cc:1095] InUse at 7fc21ce64400 of size 256 next 112
2025-06-15 04:27:19.481329: I external/local_tsl/tsl/framework/bfc_allocator.cc:1095] InUse at 7fc21ce64500 of size 256 next 114
2025-06-15 04:27:19.481827: I external/local_tsl/tsl/framework/bfc_allocator.cc:1095] InUse at 7fc21ce64600 of size 256 next 113
2025-06-15 04:27:19.482296: I external/local_tsl/tsl/framework/bfc_allocator.cc:1095] InUse at 7fc21ce64700 of size 256 next 111
2025-06-15 04:27:19.482761: I external/local_tsl/tsl/framework/bfc_allocator.cc:1095] InUse at 7fc21ce64800 of size 256 next 117
2025-06-15 04:27:19.483198: I external/local_tsl/tsl/framework/bfc_allocator.cc:1095] InUse at 7fc21ce64900 of size 256 next 118
2025-06-15 04:27:19.483667: I external/local_tsl/tsl/framework/bfc_allocator.cc:1095] InUse at 7fc21ce64a00 of size 256 next 120
2025-06-15 04:27:19.484095: I external/local_tsl/tsl/framework/bfc_allocator.cc:1095] InUse at 7fc21ce64b00 of size 256 next 119
2025-06-15 04:27:19.484574: I external/local_tsl/tsl/framework/bfc_allocator.cc:1095] InUse at 7fc21ce64c00 of size 256 next 121
2025-06-15 04:27:19.485052: I external/local_tsl/tsl/framework/bfc_allocator.cc:1095] InUse at 7fc21ce64d00 of size 256 next 123
2025-06-15 04:27:19.485502: I external/local_tsl/tsl/framework/bfc_allocator.cc:1095] InUse at 7fc21ce64e00 of size 256 next 124
2025-06-15 04:27:19.485941: I external/local_tsl/tsl/framework/bfc_allocator.cc:1095] InUse at 7fc21ce64f00 of size 256 next 125
2025-06-15 04:27:19.486385: I external/local_tsl/tsl/framework/bfc_allocator.cc:1095] InUse at 7fc21ce65000 of size 256 next 126
2025-06-15 04:27:19.486837: I external/local_tsl/tsl/framework/bfc_allocator.cc:1095] InUse at 7fc21ce65100 of size 256 next 128
2025-06-15 04:27:19.487292: I external/local_tsl/tsl/framework/bfc_allocator.cc:1095] InUse at 7fc21ce65200 of size 256 next 127
2025-06-15 04:27:19.487727: I external/local_tsl/tsl/framework/bfc_allocator.cc:1095] InUse at 7fc21ce65300 of size 256 next 129
2025-06-15 04:27:19.488207: I external/local_tsl/tsl/framework/bfc_allocator.cc:1095] InUse at 7fc21ce65400 of size 256 next 130
2025-06-15 04:27:19.488680: I external/local_tsl/tsl/framework/bfc_allocator.cc:1095] InUse at 7fc21ce65500 of size 256 next 131
2025-06-15 04:27:19.489108: I external/local_tsl/tsl/framework/bfc_allocator.cc:1095] InUse at 7fc21ce65600 of size 256 next 132
2025-06-15 04:27:19.489558: I external/local_tsl/tsl/framework/bfc_allocator.cc:1095] InUse at 7fc21ce65700 of size 256 next 133
2025-06-15 04:27:19.490018: I external/local_tsl/tsl/framework/bfc_allocator.cc:1095] InUse at 7fc21ce65800 of size 256 next 137
2025-06-15 04:27:19.490494: I external/local_tsl/tsl/framework/bfc_allocator.cc:1095] InUse at 7fc21ce65900 of size 256 next 136
2025-06-15 04:27:19.490949: I external/local_tsl/tsl/framework/bfc_allocator.cc:1095] InUse at 7fc21ce65a00 of size 3584 next 138
2025-06-15 04:27:19.491422: I external/local_tsl/tsl/framework/bfc_allocator.cc:1095] InUse at 7fc21ce66800 of size 3584 next 139
2025-06-15 04:27:19.491852: I external/local_tsl/tsl/framework/bfc_allocator.cc:1095] InUse at 7fc21ce67600 of size 256 next 140
2025-06-15 04:27:19.492272: I external/local_tsl/tsl/framework/bfc_allocator.cc:1095] InUse at 7fc21ce67700 of size 256 next 141
2025-06-15 04:27:19.492737: I external/local_tsl/tsl/framework/bfc_allocator.cc:1095] InUse at 7fc21ce67800 of size 256 next 142
2025-06-15 04:27:19.493185: I external/local_tsl/tsl/framework/bfc_allocator.cc:1095] InUse at 7fc21ce67900 of size 256 next 143
2025-06-15 04:27:19.493621: I external/local_tsl/tsl/framework/bfc_allocator.cc:1095] InUse at 7fc21ce67a00 of size 256 next 144
2025-06-15 04:27:19.494047: I external/local_tsl/tsl/framework/bfc_allocator.cc:1095] InUse at 7fc21ce67b00 of size 256 next 145
2025-06-15 04:27:19.494516: I external/local_tsl/tsl/framework/bfc_allocator.cc:1095] InUse at 7fc21ce67c00 of size 141312 next 27
2025-06-15 04:27:19.494901: I external/local_tsl/tsl/framework/bfc_allocator.cc:1095] InUse at 7fc21ce8a400 of size 221184 next 26
2025-06-15 04:27:19.495286: I external/local_tsl/tsl/framework/bfc_allocator.cc:1095] InUse at 7fc21cec0400 of size 442368 next 159
2025-06-15 04:27:19.495638: I external/local_tsl/tsl/framework/bfc_allocator.cc:1095] InUse at 7fc21cf2c400 of size 867328 next 18446744073709551615
2025-06-15 04:27:19.496035: I external/local_tsl/tsl/framework/bfc_allocator.cc:1075] Next region of size 4194304
2025-06-15 04:27:19.496544: I external/local_tsl/tsl/framework/bfc_allocator.cc:1095] InUse at 7fc21d400000 of size 442368 next 37
2025-06-15 04:27:19.496948: I external/local_tsl/tsl/framework/bfc_allocator.cc:1095] InUse at 7fc21d46c000 of size 221184 next 116
2025-06-15 04:27:19.497311: I external/local_tsl/tsl/framework/bfc_allocator.cc:1095] InUse at 7fc21d4a2000 of size 110592 next 122
2025-06-15 04:27:19.497667: I external/local_tsl/tsl/framework/bfc_allocator.cc:1095] InUse at 7fc21d4bd000 of size 192512 next 99
2025-06-15 04:27:19.498177: I external/local_tsl/tsl/framework/bfc_allocator.cc:1095] InUse at 7fc21d4ec000 of size 360448 next 44
2025-06-15 04:27:19.498554: I external/local_tsl/tsl/framework/bfc_allocator.cc:1095] InUse at 7fc21d544000 of size 884736 next 43
2025-06-15 04:27:19.498940: I external/local_tsl/tsl/framework/bfc_allocator.cc:1095] InUse at 7fc21d61c000 of size 1982464 next 18446744073709551615
2025-06-15 04:27:19.499351: I external/local_tsl/tsl/framework/bfc_allocator.cc:1075] Next region of size 8388608
2025-06-15 04:27:19.499803: I external/local_tsl/tsl/framework/bfc_allocator.cc:1095] InUse at 7fc21d800000 of size 884736 next 166
2025-06-15 04:27:19.500224: I external/local_tsl/tsl/framework/bfc_allocator.cc:1095] InUse at 7fc21d8d8000 of size 884736 next 54
2025-06-15 04:27:19.500633: I external/local_tsl/tsl/framework/bfc_allocator.cc:1095] InUse at 7fc21d9b0000 of size 1769472 next 52
2025-06-15 04:27:19.500972: I external/local_tsl/tsl/framework/bfc_allocator.cc:1095] InUse at 7fc21db60000 of size 4849664 next 18446744073709551615
2025-06-15 04:27:19.501346: I external/local_tsl/tsl/framework/bfc_allocator.cc:1100]      Summary of in-use Chunks by size: 
2025-06-15 04:27:19.501772: I external/local_tsl/tsl/framework/bfc_allocator.cc:1103] 155 Chunks of size 256 totalling 38.8KiB
2025-06-15 04:27:19.502218: I external/local_tsl/tsl/framework/bfc_allocator.cc:1103] 54 Chunks of size 512 totalling 27.0KiB
2025-06-15 04:27:19.502632: I external/local_tsl/tsl/framework/bfc_allocator.cc:1103] 1 Chunks of size 768 totalling 768B
2025-06-15 04:27:19.503109: I external/local_tsl/tsl/framework/bfc_allocator.cc:1103] 26 Chunks of size 1024 totalling 26.0KiB
2025-06-15 04:27:19.503546: I external/local_tsl/tsl/framework/bfc_allocator.cc:1103] 1 Chunks of size 1280 totalling 1.2KiB
2025-06-15 04:27:19.503986: I external/local_tsl/tsl/framework/bfc_allocator.cc:1103] 3 Chunks of size 3584 totalling 10.5KiB
2025-06-15 04:27:19.504435: I external/local_tsl/tsl/framework/bfc_allocator.cc:1103] 2 Chunks of size 65536 totalling 128.0KiB
2025-06-15 04:27:19.504909: I external/local_tsl/tsl/framework/bfc_allocator.cc:1103] 1 Chunks of size 95232 totalling 93.0KiB
2025-06-15 04:27:19.505366: I external/local_tsl/tsl/framework/bfc_allocator.cc:1103] 4 Chunks of size 110592 totalling 432.0KiB
2025-06-15 04:27:19.505796: I external/local_tsl/tsl/framework/bfc_allocator.cc:1103] 1 Chunks of size 141312 totalling 138.0KiB
2025-06-15 04:27:19.506244: I external/local_tsl/tsl/framework/bfc_allocator.cc:1103] 1 Chunks of size 192512 totalling 188.0KiB
2025-06-15 04:27:19.506711: I external/local_tsl/tsl/framework/bfc_allocator.cc:1103] 6 Chunks of size 221184 totalling 1.27MiB
2025-06-15 04:27:19.507188: I external/local_tsl/tsl/framework/bfc_allocator.cc:1103] 2 Chunks of size 262144 totalling 512.0KiB
2025-06-15 04:27:19.507620: I external/local_tsl/tsl/framework/bfc_allocator.cc:1103] 1 Chunks of size 360448 totalling 352.0KiB
2025-06-15 04:27:19.508101: I external/local_tsl/tsl/framework/bfc_allocator.cc:1103] 5 Chunks of size 442368 totalling 2.11MiB
2025-06-15 04:27:19.508566: I external/local_tsl/tsl/framework/bfc_allocator.cc:1103] 1 Chunks of size 867328 totalling 847.0KiB
2025-06-15 04:27:19.508967: I external/local_tsl/tsl/framework/bfc_allocator.cc:1103] 6 Chunks of size 884736 totalling 5.06MiB
2025-06-15 04:27:19.509378: I external/local_tsl/tsl/framework/bfc_allocator.cc:1103] 2 Chunks of size 1048576 totalling 2.00MiB
2025-06-15 04:27:19.509815: I external/local_tsl/tsl/framework/bfc_allocator.cc:1103] 6 Chunks of size 1769472 totalling 10.12MiB
2025-06-15 04:27:19.510293: I external/local_tsl/tsl/framework/bfc_allocator.cc:1103] 1 Chunks of size 1982464 totalling 1.89MiB
2025-06-15 04:27:19.510733: I external/local_tsl/tsl/framework/bfc_allocator.cc:1103] 4 Chunks of size 3538944 totalling 13.50MiB
2025-06-15 04:27:19.511166: I external/local_tsl/tsl/framework/bfc_allocator.cc:1103] 1 Chunks of size 4063232 totalling 3.88MiB
2025-06-15 04:27:19.511594: I external/local_tsl/tsl/framework/bfc_allocator.cc:1103] 1 Chunks of size 4849664 totalling 4.62MiB
2025-06-15 04:27:19.512074: I external/local_tsl/tsl/framework/bfc_allocator.cc:1103] 2 Chunks of size 7077888 totalling 13.50MiB
2025-06-15 04:27:19.512510: I external/local_tsl/tsl/framework/bfc_allocator.cc:1103] 1 Chunks of size 12320768 totalling 11.75MiB
2025-06-15 04:27:19.512891: I external/local_tsl/tsl/framework/bfc_allocator.cc:1103] 2 Chunks of size 15138816 totalling 28.88MiB
2025-06-15 04:27:19.513257: I external/local_tsl/tsl/framework/bfc_allocator.cc:1103] 4 Chunks of size 30277632 totalling 115.50MiB
2025-06-15 04:27:19.513613: I external/local_tsl/tsl/framework/bfc_allocator.cc:1103] 2 Chunks of size 60555264 totalling 115.50MiB
2025-06-15 04:27:19.514067: I external/local_tsl/tsl/framework/bfc_allocator.cc:1103] 1 Chunks of size 73662464 totalling 70.25MiB
2025-06-15 04:27:19.514464: I external/local_tsl/tsl/framework/bfc_allocator.cc:1103] 1 Chunks of size 116654080 totalling 111.25MiB
2025-06-15 04:27:19.514827: I external/local_tsl/tsl/framework/bfc_allocator.cc:1103] 6 Chunks of size 121110528 totalling 693.00MiB
2025-06-15 04:27:19.515191: I external/local_tsl/tsl/framework/bfc_allocator.cc:1103] 2 Chunks of size 209715200 totalling 400.00MiB
2025-06-15 04:27:19.515545: I external/local_tsl/tsl/framework/bfc_allocator.cc:1103] 3 Chunks of size 242221056 totalling 693.00MiB
2025-06-15 04:27:19.515904: I external/local_tsl/tsl/framework/bfc_allocator.cc:1103] 8 Chunks of size 484442112 totalling 3.61GiB
2025-06-15 04:27:19.516332: I external/local_tsl/tsl/framework/bfc_allocator.cc:1103] 1 Chunks of size 968884224 totalling 924.00MiB
2025-06-15 04:27:19.516663: I external/local_tsl/tsl/framework/bfc_allocator.cc:1103] 6 Chunks of size 1937768448 totalling 10.83GiB
2025-06-15 04:27:19.517008: I external/local_tsl/tsl/framework/bfc_allocator.cc:1107] Sum Total of in-use chunks: 17.58GiB
2025-06-15 04:27:19.517449: I external/local_tsl/tsl/framework/bfc_allocator.cc:1109] Total bytes in pool: 23575789568 memory_limit_: 23575789568 available bytes: 0 curr_region_allocation_bytes_: 34359738368
2025-06-15 04:27:19.517836: I external/local_tsl/tsl/framework/bfc_allocator.cc:1114] Stats: 
Limit:                     23575789568
InUse:                     18882554112
MaxInUse:                  22800760320
NumAllocs:                         912
MaxAllocSize:               4135495424
Reserved:                            0
PeakReserved:                        0
LargestFreeBlock:                    0

2025-06-15 04:27:19.518213: W external/local_tsl/tsl/framework/bfc_allocator.cc:497] ________*********________************************************_**************************************
2025-06-15 04:27:19.518606: W tensorflow/core/framework/op_kernel.cc:1839] OP_REQUIRES failed at concat_op.cc:165 : RESOURCE_EXHAUSTED: OOM when allocating tensor with shape[2,64,192,224,176] and type float on /job:localhost/replica:0/task:0/device:GPU:0 by allocator GPU_0_bfc
Traceback (most recent call last):
  File "/mnt/beegfs/hellgate/home/rb194958e/stroke_segmentation_sota/batch_wise_train.py", line 277, in <module>
    if main():
       ^^^^^^
  File "/mnt/beegfs/hellgate/home/rb194958e/stroke_segmentation_sota/batch_wise_train.py", line 256, in main
    history = model.fit(
              ^^^^^^^^^^
  File "/mnt/beegfs/hellgate/home/rb194958e/.conda/envs/tf215_env/lib/python3.11/site-packages/keras/src/utils/traceback_utils.py", line 70, in error_handler
    raise e.with_traceback(filtered_tb) from None
  File "/mnt/beegfs/hellgate/home/rb194958e/.conda/envs/tf215_env/lib/python3.11/site-packages/tensorflow/python/eager/execute.py", line 53, in quick_execute
    tensors = pywrap_tfe.TFE_Py_Execute(ctx._handle, device_name, op_name,
  ^^^^^^^^^^^^^^^^^^^^^^^^^^^^^^^^^^^^^^^^^^^^^^^^^^^^^^^^^^^^^^^^^^^^^^^^
tensorflow.python.framework.errors_impl.ResourceExhaustedError: Graph execution error:

Detected at node model/concatenate_2/concat defined at (most recent call last):
  File "/mnt/beegfs/hellgate/home/rb194958e/stroke_segmentation_sota/batch_wise_train.py", line 277, in <module>

  File "/mnt/beegfs/hellgate/home/rb194958e/stroke_segmentation_sota/batch_wise_train.py", line 256, in main

  File "/mnt/beegfs/hellgate/home/rb194958e/.conda/envs/tf215_env/lib/python3.11/site-packages/keras/src/utils/traceback_utils.py", line 65, in error_handler

  File "/mnt/beegfs/hellgate/home/rb194958e/.conda/envs/tf215_env/lib/python3.11/site-packages/keras/src/engine/training.py", line 1807, in fit

  File "/mnt/beegfs/hellgate/home/rb194958e/.conda/envs/tf215_env/lib/python3.11/site-packages/keras/src/engine/training.py", line 1401, in train_function

  File "/mnt/beegfs/hellgate/home/rb194958e/.conda/envs/tf215_env/lib/python3.11/site-packages/keras/src/engine/training.py", line 1384, in step_function

  File "/mnt/beegfs/hellgate/home/rb194958e/.conda/envs/tf215_env/lib/python3.11/site-packages/keras/src/engine/training.py", line 1373, in run_step

  File "/mnt/beegfs/hellgate/home/rb194958e/.conda/envs/tf215_env/lib/python3.11/site-packages/keras/src/engine/training.py", line 1150, in train_step

  File "/mnt/beegfs/hellgate/home/rb194958e/.conda/envs/tf215_env/lib/python3.11/site-packages/keras/src/utils/traceback_utils.py", line 65, in error_handler

  File "/mnt/beegfs/hellgate/home/rb194958e/.conda/envs/tf215_env/lib/python3.11/site-packages/keras/src/engine/training.py", line 590, in __call__

  File "/mnt/beegfs/hellgate/home/rb194958e/.conda/envs/tf215_env/lib/python3.11/site-packages/keras/src/utils/traceback_utils.py", line 65, in error_handler

  File "/mnt/beegfs/hellgate/home/rb194958e/.conda/envs/tf215_env/lib/python3.11/site-packages/keras/src/engine/base_layer.py", line 1149, in __call__

  File "/mnt/beegfs/hellgate/home/rb194958e/.conda/envs/tf215_env/lib/python3.11/site-packages/keras/src/utils/traceback_utils.py", line 96, in error_handler

  File "/mnt/beegfs/hellgate/home/rb194958e/.conda/envs/tf215_env/lib/python3.11/site-packages/keras/src/engine/functional.py", line 515, in call

  File "/mnt/beegfs/hellgate/home/rb194958e/.conda/envs/tf215_env/lib/python3.11/site-packages/keras/src/engine/functional.py", line 672, in _run_internal_graph

  File "/mnt/beegfs/hellgate/home/rb194958e/.conda/envs/tf215_env/lib/python3.11/site-packages/keras/src/utils/traceback_utils.py", line 65, in error_handler

  File "/mnt/beegfs/hellgate/home/rb194958e/.conda/envs/tf215_env/lib/python3.11/site-packages/keras/src/engine/base_layer.py", line 1149, in __call__

  File "/mnt/beegfs/hellgate/home/rb194958e/.conda/envs/tf215_env/lib/python3.11/site-packages/keras/src/utils/traceback_utils.py", line 96, in error_handler

  File "/mnt/beegfs/hellgate/home/rb194958e/.conda/envs/tf215_env/lib/python3.11/site-packages/keras/src/layers/merging/base_merge.py", line 196, in call

  File "/mnt/beegfs/hellgate/home/rb194958e/.conda/envs/tf215_env/lib/python3.11/site-packages/keras/src/layers/merging/concatenate.py", line 134, in _merge_function

  File "/mnt/beegfs/hellgate/home/rb194958e/.conda/envs/tf215_env/lib/python3.11/site-packages/keras/src/backend.py", line 3580, in concatenate

OOM when allocating tensor with shape[2,64,192,224,176] and type float on /job:localhost/replica:0/task:0/device:GPU:0 by allocator GPU_0_bfc
	 [[{{node model/concatenate_2/concat}}]]
Hint: If you want to see a list of allocated tensors when OOM happens, add report_tensor_allocations_upon_oom to RunOptions for current allocation info. This isn't available when running in Eager mode.
 [Op:__inference_train_function_7309]
2025-06-15 04:27:19.679242: W tensorflow/core/kernels/data/generator_dataset_op.cc:108] Error occurred when finalizing GeneratorDataset iterator: FAILED_PRECONDITION: Python interpreter state is not initialized. The process may be terminated.
	 [[{{node PyFunc}}]]
/var/spool/slurmd/job1124317/slurm_script: line 320: EOF: command not found
/var/spool/slurmd/job1124317/slurm_script: line 330: unexpected EOF while looking for matching ``'
/var/spool/slurmd/job1124317/slurm_script: line 339: syntax error: unexpected end of file
