2025-06-14 23:24:09.682373: I tensorflow/core/util/port.cc:113] oneDNN custom operations are on. You may see slightly different numerical results due to floating-point round-off errors from different computation orders. To turn them off, set the environment variable `TF_ENABLE_ONEDNN_OPTS=0`.
2025-06-14 23:24:10.441811: E external/local_xla/xla/stream_executor/cuda/cuda_dnn.cc:9261] Unable to register cuDNN factory: Attempting to register factory for plugin cuDNN when one has already been registered
2025-06-14 23:24:10.442489: E external/local_xla/xla/stream_executor/cuda/cuda_fft.cc:607] Unable to register cuFFT factory: Attempting to register factory for plugin cuFFT when one has already been registered
2025-06-14 23:24:10.558831: E external/local_xla/xla/stream_executor/cuda/cuda_blas.cc:1515] Unable to register cuBLAS factory: Attempting to register factory for plugin cuBLAS when one has already been registered
2025-06-14 23:24:10.813681: I tensorflow/core/platform/cpu_feature_guard.cc:182] This TensorFlow binary is optimized to use available CPU instructions in performance-critical operations.
To enable the following instructions: AVX2 AVX512F AVX512_VNNI FMA, in other operations, rebuild TensorFlow with the appropriate compiler flags.
2025-06-14 23:24:17.484446: W tensorflow/compiler/tf2tensorrt/utils/py_utils.cc:38] TF-TRT Warning: Could not find TensorRT
INFO:__main__:🚀 Starting Stroke Lesion Segmentation Training
INFO:__main__:Using 1 GPU(s)
INFO:__main__:Creating data generators...
INFO:__main__:Found 655 valid image/mask pairs
INFO:__main__:Found 655 valid image/mask pairs
INFO:__main__:Training batches: 262
INFO:__main__:Validation batches: 65
INFO:__main__:Building model...
2025-06-14 23:24:32.073889: I tensorflow/core/common_runtime/gpu/gpu_device.cc:1929] Created device /job:localhost/replica:0/task:0/device:GPU:0 with 22483 MB memory:  -> device: 0, name: NVIDIA RTX 4500 Ada Generation, pci bus id: 0000:1c:00.0, compute capability: 8.9
INFO:__main__:Model parameters: 5,605,345
INFO:__main__:Starting training...
pixdim[0] (qfac) should be 1 (default) or -1; setting qfac to 1
INFO:nibabel.global:pixdim[0] (qfac) should be 1 (default) or -1; setting qfac to 1
pixdim[0] (qfac) should be 1 (default) or -1; setting qfac to 1
INFO:nibabel.global:pixdim[0] (qfac) should be 1 (default) or -1; setting qfac to 1
pixdim[0] (qfac) should be 1 (default) or -1; setting qfac to 1
INFO:nibabel.global:pixdim[0] (qfac) should be 1 (default) or -1; setting qfac to 1
pixdim[0] (qfac) should be 1 (default) or -1; setting qfac to 1
INFO:nibabel.global:pixdim[0] (qfac) should be 1 (default) or -1; setting qfac to 1
2025-06-14 23:24:39.759718: I external/local_xla/xla/stream_executor/cuda/cuda_dnn.cc:454] Loaded cuDNN version 8907
pixdim[0] (qfac) should be 1 (default) or -1; setting qfac to 1
INFO:nibabel.global:pixdim[0] (qfac) should be 1 (default) or -1; setting qfac to 1
pixdim[0] (qfac) should be 1 (default) or -1; setting qfac to 1
INFO:nibabel.global:pixdim[0] (qfac) should be 1 (default) or -1; setting qfac to 1
pixdim[0] (qfac) should be 1 (default) or -1; setting qfac to 1
INFO:nibabel.global:pixdim[0] (qfac) should be 1 (default) or -1; setting qfac to 1
pixdim[0] (qfac) should be 1 (default) or -1; setting qfac to 1
INFO:nibabel.global:pixdim[0] (qfac) should be 1 (default) or -1; setting qfac to 1
2025-06-14 23:24:56.224711: W external/local_tsl/tsl/framework/bfc_allocator.cc:296] Allocator (GPU_0_bfc) ran out of memory trying to allocate 2.27GiB with freed_by_count=0. The caller indicates that this is not a failure, but this may mean that there could be performance gains if more memory were available.
2025-06-14 23:24:56.326332: W external/local_tsl/tsl/framework/bfc_allocator.cc:296] Allocator (GPU_0_bfc) ran out of memory trying to allocate 2.30GiB with freed_by_count=0. The caller indicates that this is not a failure, but this may mean that there could be performance gains if more memory were available.
2025-06-14 23:24:56.327369: W external/local_tsl/tsl/framework/bfc_allocator.cc:296] Allocator (GPU_0_bfc) ran out of memory trying to allocate 2.27GiB with freed_by_count=0. The caller indicates that this is not a failure, but this may mean that there could be performance gains if more memory were available.
2025-06-14 23:24:56.948544: W external/local_tsl/tsl/framework/bfc_allocator.cc:296] Allocator (GPU_0_bfc) ran out of memory trying to allocate 2.27GiB with freed_by_count=0. The caller indicates that this is not a failure, but this may mean that there could be performance gains if more memory were available.
2025-06-14 23:24:57.001994: W external/local_tsl/tsl/framework/bfc_allocator.cc:296] Allocator (GPU_0_bfc) ran out of memory trying to allocate 2.30GiB with freed_by_count=0. The caller indicates that this is not a failure, but this may mean that there could be performance gains if more memory were available.
2025-06-14 23:24:57.003013: W external/local_tsl/tsl/framework/bfc_allocator.cc:296] Allocator (GPU_0_bfc) ran out of memory trying to allocate 2.27GiB with freed_by_count=0. The caller indicates that this is not a failure, but this may mean that there could be performance gains if more memory were available.
2025-06-14 23:25:07.623966: W external/local_tsl/tsl/framework/bfc_allocator.cc:485] Allocator (GPU_0_bfc) ran out of memory trying to allocate 3.61GiB (rounded to 3875536896)requested by op model/concatenate_2/concat
If the cause is memory fragmentation maybe the environment variable 'TF_GPU_ALLOCATOR=cuda_malloc_async' will improve the situation. 
Current allocation summary follows.
Current allocation summary follows.
2025-06-14 23:25:07.624798: I external/local_tsl/tsl/framework/bfc_allocator.cc:1039] BFCAllocator dump for GPU_0_bfc
2025-06-14 23:25:07.625394: I external/local_tsl/tsl/framework/bfc_allocator.cc:1046] Bin (256): 	Total Chunks: 155, Chunks in use: 155. 38.8KiB allocated for chunks. 38.8KiB in use in bin. 20.7KiB client-requested in use in bin.
2025-06-14 23:25:07.625912: I external/local_tsl/tsl/framework/bfc_allocator.cc:1046] Bin (512): 	Total Chunks: 56, Chunks in use: 55. 28.2KiB allocated for chunks. 27.8KiB in use in bin. 27.5KiB client-requested in use in bin.
2025-06-14 23:25:07.626261: I external/local_tsl/tsl/framework/bfc_allocator.cc:1046] Bin (1024): 	Total Chunks: 27, Chunks in use: 27. 27.2KiB allocated for chunks. 27.2KiB in use in bin. 27.0KiB client-requested in use in bin.
2025-06-14 23:25:07.626659: I external/local_tsl/tsl/framework/bfc_allocator.cc:1046] Bin (2048): 	Total Chunks: 3, Chunks in use: 3. 10.5KiB allocated for chunks. 10.5KiB in use in bin. 10.1KiB client-requested in use in bin.
2025-06-14 23:25:07.627035: I external/local_tsl/tsl/framework/bfc_allocator.cc:1046] Bin (4096): 	Total Chunks: 0, Chunks in use: 0. 0B allocated for chunks. 0B in use in bin. 0B client-requested in use in bin.
2025-06-14 23:25:07.627382: I external/local_tsl/tsl/framework/bfc_allocator.cc:1046] Bin (8192): 	Total Chunks: 0, Chunks in use: 0. 0B allocated for chunks. 0B in use in bin. 0B client-requested in use in bin.
2025-06-14 23:25:07.627740: I external/local_tsl/tsl/framework/bfc_allocator.cc:1046] Bin (16384): 	Total Chunks: 0, Chunks in use: 0. 0B allocated for chunks. 0B in use in bin. 0B client-requested in use in bin.
2025-06-14 23:25:07.628076: I external/local_tsl/tsl/framework/bfc_allocator.cc:1046] Bin (32768): 	Total Chunks: 0, Chunks in use: 0. 0B allocated for chunks. 0B in use in bin. 0B client-requested in use in bin.
2025-06-14 23:25:07.628427: I external/local_tsl/tsl/framework/bfc_allocator.cc:1046] Bin (65536): 	Total Chunks: 7, Chunks in use: 7. 653.0KiB allocated for chunks. 653.0KiB in use in bin. 624.0KiB client-requested in use in bin.
2025-06-14 23:25:07.628783: I external/local_tsl/tsl/framework/bfc_allocator.cc:1046] Bin (131072): 	Total Chunks: 8, Chunks in use: 8. 1.58MiB allocated for chunks. 1.58MiB in use in bin. 1.48MiB client-requested in use in bin.
2025-06-14 23:25:07.629101: I external/local_tsl/tsl/framework/bfc_allocator.cc:1046] Bin (262144): 	Total Chunks: 8, Chunks in use: 8. 2.95MiB allocated for chunks. 2.95MiB in use in bin. 2.86MiB client-requested in use in bin.
2025-06-14 23:25:07.629425: I external/local_tsl/tsl/framework/bfc_allocator.cc:1046] Bin (524288): 	Total Chunks: 7, Chunks in use: 7. 5.89MiB allocated for chunks. 5.89MiB in use in bin. 5.48MiB client-requested in use in bin.
2025-06-14 23:25:07.629823: I external/local_tsl/tsl/framework/bfc_allocator.cc:1046] Bin (1048576): 	Total Chunks: 9, Chunks in use: 9. 14.02MiB allocated for chunks. 14.02MiB in use in bin. 13.12MiB client-requested in use in bin.
2025-06-14 23:25:07.630234: I external/local_tsl/tsl/framework/bfc_allocator.cc:1046] Bin (2097152): 	Total Chunks: 5, Chunks in use: 5. 17.38MiB allocated for chunks. 17.38MiB in use in bin. 16.88MiB client-requested in use in bin.
2025-06-14 23:25:07.630557: I external/local_tsl/tsl/framework/bfc_allocator.cc:1046] Bin (4194304): 	Total Chunks: 3, Chunks in use: 3. 18.12MiB allocated for chunks. 18.12MiB in use in bin. 16.88MiB client-requested in use in bin.
2025-06-14 23:25:07.630914: I external/local_tsl/tsl/framework/bfc_allocator.cc:1046] Bin (8388608): 	Total Chunks: 3, Chunks in use: 3. 40.62MiB allocated for chunks. 40.62MiB in use in bin. 35.62MiB client-requested in use in bin.
2025-06-14 23:25:07.631237: I external/local_tsl/tsl/framework/bfc_allocator.cc:1046] Bin (16777216): 	Total Chunks: 5, Chunks in use: 4. 140.19MiB allocated for chunks. 115.50MiB in use in bin. 115.50MiB client-requested in use in bin.
2025-06-14 23:25:07.631577: I external/local_tsl/tsl/framework/bfc_allocator.cc:1046] Bin (33554432): 	Total Chunks: 2, Chunks in use: 2. 115.50MiB allocated for chunks. 115.50MiB in use in bin. 115.50MiB client-requested in use in bin.
2025-06-14 23:25:07.631893: I external/local_tsl/tsl/framework/bfc_allocator.cc:1046] Bin (67108864): 	Total Chunks: 8, Chunks in use: 8. 874.50MiB allocated for chunks. 874.50MiB in use in bin. 808.50MiB client-requested in use in bin.
2025-06-14 23:25:07.632280: I external/local_tsl/tsl/framework/bfc_allocator.cc:1046] Bin (134217728): 	Total Chunks: 5, Chunks in use: 5. 1.07GiB allocated for chunks. 1.07GiB in use in bin. 924.00MiB client-requested in use in bin.
2025-06-14 23:25:07.632671: I external/local_tsl/tsl/framework/bfc_allocator.cc:1046] Bin (268435456): 	Total Chunks: 18, Chunks in use: 15. 19.69GiB allocated for chunks. 15.34GiB in use in bin. 15.34GiB client-requested in use in bin.
2025-06-14 23:25:07.633013: I external/local_tsl/tsl/framework/bfc_allocator.cc:1062] Bin for 3.61GiB was 256.00MiB, Chunk State: 
2025-06-14 23:25:07.633361: I external/local_tsl/tsl/framework/bfc_allocator.cc:1068]   Size: 453.50MiB | Requested Size: 16.00MiB | in_use: 0 | bin_num: 20, prev:   Size: 462.00MiB | Requested Size: 462.00MiB | in_use: 1 | bin_num: -1
2025-06-14 23:25:07.633738: I external/local_tsl/tsl/framework/bfc_allocator.cc:1068]   Size: 1.80GiB | Requested Size: 1.80GiB | in_use: 0 | bin_num: 20, next:   Size: 1.80GiB | Requested Size: 1.80GiB | in_use: 1 | bin_num: -1
2025-06-14 23:25:07.634101: I external/local_tsl/tsl/framework/bfc_allocator.cc:1068]   Size: 2.10GiB | Requested Size: 1.82GiB | in_use: 0 | bin_num: 20, prev:   Size: 1.80GiB | Requested Size: 1.80GiB | in_use: 1 | bin_num: -1
2025-06-14 23:25:07.634465: I external/local_tsl/tsl/framework/bfc_allocator.cc:1075] Next region of size 6129582080
2025-06-14 23:25:07.634867: I external/local_tsl/tsl/framework/bfc_allocator.cc:1095] Free  at 7fc57e000000 of size 1937768448 next 107
2025-06-14 23:25:07.635160: I external/local_tsl/tsl/framework/bfc_allocator.cc:1095] InUse at 7fc5f1800000 of size 1937768448 next 329
2025-06-14 23:25:07.635556: I external/local_tsl/tsl/framework/bfc_allocator.cc:1095] Free  at 7fc665000000 of size 2254045184 next 18446744073709551615
2025-06-14 23:25:07.635922: I external/local_tsl/tsl/framework/bfc_allocator.cc:1075] Next region of size 8589934592
2025-06-14 23:25:07.636367: I external/local_tsl/tsl/framework/bfc_allocator.cc:1095] InUse at 7fc716000000 of size 1937768448 next 282
2025-06-14 23:25:07.636780: I external/local_tsl/tsl/framework/bfc_allocator.cc:1095] InUse at 7fc789800000 of size 242221056 next 283
2025-06-14 23:25:07.637170: I external/local_tsl/tsl/framework/bfc_allocator.cc:1095] InUse at 7fc797f00000 of size 484442112 next 284
2025-06-14 23:25:07.637513: I external/local_tsl/tsl/framework/bfc_allocator.cc:1095] InUse at 7fc7b4d00000 of size 484442112 next 285
2025-06-14 23:25:07.637859: I external/local_tsl/tsl/framework/bfc_allocator.cc:1095] InUse at 7fc7d1b00000 of size 484442112 next 29
2025-06-14 23:25:07.638213: I external/local_tsl/tsl/framework/bfc_allocator.cc:1095] InUse at 7fc7ee900000 of size 484442112 next 289
2025-06-14 23:25:07.638575: I external/local_tsl/tsl/framework/bfc_allocator.cc:1095] InUse at 7fc80b700000 of size 484442112 next 293
2025-06-14 23:25:07.638954: I external/local_tsl/tsl/framework/bfc_allocator.cc:1095] InUse at 7fc828500000 of size 121110528 next 47
2025-06-14 23:25:07.639338: I external/local_tsl/tsl/framework/bfc_allocator.cc:1095] InUse at 7fc82f880000 of size 121110528 next 296
2025-06-14 23:25:07.639699: I external/local_tsl/tsl/framework/bfc_allocator.cc:1095] InUse at 7fc836c00000 of size 121110528 next 300
2025-06-14 23:25:07.640052: I external/local_tsl/tsl/framework/bfc_allocator.cc:1095] InUse at 7fc83df80000 of size 30277632 next 302
2025-06-14 23:25:07.640397: I external/local_tsl/tsl/framework/bfc_allocator.cc:1095] InUse at 7fc83fc60000 of size 30277632 next 303
2025-06-14 23:25:07.640727: I external/local_tsl/tsl/framework/bfc_allocator.cc:1095] InUse at 7fc841940000 of size 30277632 next 66
2025-06-14 23:25:07.641027: I external/local_tsl/tsl/framework/bfc_allocator.cc:1095] InUse at 7fc843620000 of size 30277632 next 307
2025-06-14 23:25:07.641369: I external/local_tsl/tsl/framework/bfc_allocator.cc:1095] InUse at 7fc845300000 of size 121110528 next 76
2025-06-14 23:25:07.641673: I external/local_tsl/tsl/framework/bfc_allocator.cc:1095] InUse at 7fc84c680000 of size 121110528 next 312
2025-06-14 23:25:07.641995: I external/local_tsl/tsl/framework/bfc_allocator.cc:1095] InUse at 7fc853a00000 of size 242221056 next 311
2025-06-14 23:25:07.642354: I external/local_tsl/tsl/framework/bfc_allocator.cc:1095] InUse at 7fc862100000 of size 121110528 next 85
2025-06-14 23:25:07.642707: I external/local_tsl/tsl/framework/bfc_allocator.cc:1095] InUse at 7fc869480000 of size 484442112 next 325
2025-06-14 23:25:07.643069: I external/local_tsl/tsl/framework/bfc_allocator.cc:1095] InUse at 7fc886280000 of size 484442112 next 320
2025-06-14 23:25:07.643396: I external/local_tsl/tsl/framework/bfc_allocator.cc:1095] InUse at 7fc8a3080000 of size 968884224 next 319
2025-06-14 23:25:07.643725: I external/local_tsl/tsl/framework/bfc_allocator.cc:1095] InUse at 7fc8dcc80000 of size 484442112 next 91
2025-06-14 23:25:07.644025: I external/local_tsl/tsl/framework/bfc_allocator.cc:1095] Free  at 7fc8f9a80000 of size 475529216 next 18446744073709551615
2025-06-14 23:25:07.644366: I external/local_tsl/tsl/framework/bfc_allocator.cc:1075] Next region of size 4294967296
2025-06-14 23:25:07.644799: I external/local_tsl/tsl/framework/bfc_allocator.cc:1095] InUse at 7fc934000000 of size 1937768448 next 11
2025-06-14 23:25:07.645177: I external/local_tsl/tsl/framework/bfc_allocator.cc:1095] InUse at 7fc9a7800000 of size 1937768448 next 277
2025-06-14 23:25:07.645485: I external/local_tsl/tsl/framework/bfc_allocator.cc:1095] InUse at 7fca1b000000 of size 242221056 next 20
2025-06-14 23:25:07.645833: I external/local_tsl/tsl/framework/bfc_allocator.cc:1095] InUse at 7fca29700000 of size 60555264 next 38
2025-06-14 23:25:07.646143: I external/local_tsl/tsl/framework/bfc_allocator.cc:1095] InUse at 7fca2d0c0000 of size 116654080 next 18446744073709551615
2025-06-14 23:25:07.646497: I external/local_tsl/tsl/framework/bfc_allocator.cc:1075] Next region of size 2147483648
2025-06-14 23:25:07.646916: I external/local_tsl/tsl/framework/bfc_allocator.cc:1095] InUse at 7fca60000000 of size 1937768448 next 265
2025-06-14 23:25:07.647226: I external/local_tsl/tsl/framework/bfc_allocator.cc:1095] InUse at 7fcad3800000 of size 209715200 next 18446744073709551615
2025-06-14 23:25:07.647597: I external/local_tsl/tsl/framework/bfc_allocator.cc:1075] Next region of size 2147483648
2025-06-14 23:25:07.648038: I external/local_tsl/tsl/framework/bfc_allocator.cc:1095] InUse at 7fcae8000000 of size 1937768448 next 267
2025-06-14 23:25:07.648356: I external/local_tsl/tsl/framework/bfc_allocator.cc:1095] InUse at 7fcb5b800000 of size 209715200 next 18446744073709551615
2025-06-14 23:25:07.648664: I external/local_tsl/tsl/framework/bfc_allocator.cc:1075] Next region of size 134217728
2025-06-14 23:25:07.649091: I external/local_tsl/tsl/framework/bfc_allocator.cc:1095] InUse at 7fcbf6000000 of size 60555264 next 264
2025-06-14 23:25:07.649422: I external/local_tsl/tsl/framework/bfc_allocator.cc:1095] InUse at 7fcbf99c0000 of size 73662464 next 18446744073709551615
2025-06-14 23:25:07.649780: I external/local_tsl/tsl/framework/bfc_allocator.cc:1075] Next region of size 67108864
2025-06-14 23:25:07.650181: I external/local_tsl/tsl/framework/bfc_allocator.cc:1095] InUse at 7fcbfe000000 of size 3538944 next 198
2025-06-14 23:25:07.650488: I external/local_tsl/tsl/framework/bfc_allocator.cc:1095] InUse at 7fcbfe360000 of size 1769472 next 205
2025-06-14 23:25:07.650803: I external/local_tsl/tsl/framework/bfc_allocator.cc:1095] InUse at 7fcbfe510000 of size 1769472 next 206
2025-06-14 23:25:07.651095: I external/local_tsl/tsl/framework/bfc_allocator.cc:1095] InUse at 7fcbfe6c0000 of size 262144 next 213
2025-06-14 23:25:07.651398: I external/local_tsl/tsl/framework/bfc_allocator.cc:1095] InUse at 7fcbfe700000 of size 262144 next 214
2025-06-14 23:25:07.651712: I external/local_tsl/tsl/framework/bfc_allocator.cc:1095] InUse at 7fcbfe740000 of size 884736 next 217
2025-06-14 23:25:07.652042: I external/local_tsl/tsl/framework/bfc_allocator.cc:1095] InUse at 7fcbfe818000 of size 884736 next 218
2025-06-14 23:25:07.652396: I external/local_tsl/tsl/framework/bfc_allocator.cc:1095] InUse at 7fcbfe8f0000 of size 442368 next 225
2025-06-14 23:25:07.652690: I external/local_tsl/tsl/framework/bfc_allocator.cc:1095] InUse at 7fcbfe95c000 of size 442368 next 226
2025-06-14 23:25:07.653028: I external/local_tsl/tsl/framework/bfc_allocator.cc:1095] InUse at 7fcbfe9c8000 of size 256 next 234
2025-06-14 23:25:07.653416: I external/local_tsl/tsl/framework/bfc_allocator.cc:1095] InUse at 7fcbfe9c8100 of size 256 next 235
2025-06-14 23:25:07.653820: I external/local_tsl/tsl/framework/bfc_allocator.cc:1095] InUse at 7fcbfe9c8200 of size 221184 next 236
2025-06-14 23:25:07.654129: I external/local_tsl/tsl/framework/bfc_allocator.cc:1095] InUse at 7fcbfe9fe200 of size 221184 next 237
2025-06-14 23:25:07.654534: I external/local_tsl/tsl/framework/bfc_allocator.cc:1095] InUse at 7fcbfea34200 of size 256 next 238
2025-06-14 23:25:07.654977: I external/local_tsl/tsl/framework/bfc_allocator.cc:1095] InUse at 7fcbfea34300 of size 256 next 239
2025-06-14 23:25:07.655398: I external/local_tsl/tsl/framework/bfc_allocator.cc:1095] InUse at 7fcbfea34400 of size 256 next 240
2025-06-14 23:25:07.655842: I external/local_tsl/tsl/framework/bfc_allocator.cc:1095] InUse at 7fcbfea34500 of size 256 next 241
2025-06-14 23:25:07.656301: I external/local_tsl/tsl/framework/bfc_allocator.cc:1095] InUse at 7fcbfea34600 of size 256 next 242
2025-06-14 23:25:07.656749: I external/local_tsl/tsl/framework/bfc_allocator.cc:1095] InUse at 7fcbfea34700 of size 256 next 243
2025-06-14 23:25:07.657174: I external/local_tsl/tsl/framework/bfc_allocator.cc:1095] InUse at 7fcbfea34800 of size 110592 next 244
2025-06-14 23:25:07.657483: I external/local_tsl/tsl/framework/bfc_allocator.cc:1095] InUse at 7fcbfea4f800 of size 110592 next 245
2025-06-14 23:25:07.657826: I external/local_tsl/tsl/framework/bfc_allocator.cc:1095] InUse at 7fcbfea6a800 of size 256 next 246
2025-06-14 23:25:07.658263: I external/local_tsl/tsl/framework/bfc_allocator.cc:1095] InUse at 7fcbfea6a900 of size 256 next 247
2025-06-14 23:25:07.658651: I external/local_tsl/tsl/framework/bfc_allocator.cc:1095] InUse at 7fcbfea6aa00 of size 256 next 248
2025-06-14 23:25:07.659084: I external/local_tsl/tsl/framework/bfc_allocator.cc:1095] InUse at 7fcbfea6ab00 of size 256 next 249
2025-06-14 23:25:07.659565: I external/local_tsl/tsl/framework/bfc_allocator.cc:1095] InUse at 7fcbfea6ac00 of size 256 next 250
2025-06-14 23:25:07.660027: I external/local_tsl/tsl/framework/bfc_allocator.cc:1095] InUse at 7fcbfea6ad00 of size 256 next 251
2025-06-14 23:25:07.660474: I external/local_tsl/tsl/framework/bfc_allocator.cc:1095] InUse at 7fcbfea6ae00 of size 256 next 252
2025-06-14 23:25:07.660947: I external/local_tsl/tsl/framework/bfc_allocator.cc:1095] InUse at 7fcbfea6af00 of size 256 next 253
2025-06-14 23:25:07.661400: I external/local_tsl/tsl/framework/bfc_allocator.cc:1095] InUse at 7fcbfea6b000 of size 256 next 254
2025-06-14 23:25:07.661866: I external/local_tsl/tsl/framework/bfc_allocator.cc:1095] InUse at 7fcbfea6b100 of size 256 next 255
2025-06-14 23:25:07.662266: I external/local_tsl/tsl/framework/bfc_allocator.cc:1095] InUse at 7fcbfea6b200 of size 256 next 256
2025-06-14 23:25:07.662683: I external/local_tsl/tsl/framework/bfc_allocator.cc:1095] InUse at 7fcbfea6b300 of size 256 next 257
2025-06-14 23:25:07.663158: I external/local_tsl/tsl/framework/bfc_allocator.cc:1095] InUse at 7fcbfea6b400 of size 256 next 258
2025-06-14 23:25:07.663573: I external/local_tsl/tsl/framework/bfc_allocator.cc:1095] InUse at 7fcbfea6b500 of size 256 next 259
2025-06-14 23:25:07.663977: I external/local_tsl/tsl/framework/bfc_allocator.cc:1095] InUse at 7fcbfea6b600 of size 256 next 260
2025-06-14 23:25:07.664407: I external/local_tsl/tsl/framework/bfc_allocator.cc:1095] InUse at 7fcbfea6b700 of size 256 next 261
2025-06-14 23:25:07.664839: I external/local_tsl/tsl/framework/bfc_allocator.cc:1095] InUse at 7fcbfea6b800 of size 256 next 262
2025-06-14 23:25:07.665228: I external/local_tsl/tsl/framework/bfc_allocator.cc:1095] InUse at 7fcbfea6b900 of size 256 next 263
2025-06-14 23:25:07.665653: I external/local_tsl/tsl/framework/bfc_allocator.cc:1095] InUse at 7fcbfea6ba00 of size 256 next 272
2025-06-14 23:25:07.666062: I external/local_tsl/tsl/framework/bfc_allocator.cc:1095] InUse at 7fcbfea6bb00 of size 256 next 274
2025-06-14 23:25:07.666469: I external/local_tsl/tsl/framework/bfc_allocator.cc:1095] InUse at 7fcbfea6bc00 of size 256 next 275
2025-06-14 23:25:07.666901: I external/local_tsl/tsl/framework/bfc_allocator.cc:1095] InUse at 7fcbfea6bd00 of size 256 next 276
2025-06-14 23:25:07.667319: I external/local_tsl/tsl/framework/bfc_allocator.cc:1095] InUse at 7fcbfea6be00 of size 256 next 280
2025-06-14 23:25:07.667784: I external/local_tsl/tsl/framework/bfc_allocator.cc:1095] InUse at 7fcbfea6bf00 of size 256 next 281
2025-06-14 23:25:07.668210: I external/local_tsl/tsl/framework/bfc_allocator.cc:1095] InUse at 7fcbfea6c000 of size 256 next 287
2025-06-14 23:25:07.668640: I external/local_tsl/tsl/framework/bfc_allocator.cc:1095] InUse at 7fcbfea6c100 of size 256 next 288
2025-06-14 23:25:07.669026: I external/local_tsl/tsl/framework/bfc_allocator.cc:1095] InUse at 7fcbfea6c200 of size 256 next 291
2025-06-14 23:25:07.669459: I external/local_tsl/tsl/framework/bfc_allocator.cc:1095] InUse at 7fcbfea6c300 of size 256 next 292
2025-06-14 23:25:07.669885: I external/local_tsl/tsl/framework/bfc_allocator.cc:1095] InUse at 7fcbfea6c400 of size 512 next 294
2025-06-14 23:25:07.670302: I external/local_tsl/tsl/framework/bfc_allocator.cc:1095] InUse at 7fcbfea6c600 of size 768 next 268
2025-06-14 23:25:07.670717: I external/local_tsl/tsl/framework/bfc_allocator.cc:1095] InUse at 7fcbfea6c900 of size 256 next 269
2025-06-14 23:25:07.671144: I external/local_tsl/tsl/framework/bfc_allocator.cc:1095] InUse at 7fcbfea6ca00 of size 256 next 270
2025-06-14 23:25:07.671590: I external/local_tsl/tsl/framework/bfc_allocator.cc:1095] InUse at 7fcbfea6cb00 of size 512 next 295
2025-06-14 23:25:07.672017: I external/local_tsl/tsl/framework/bfc_allocator.cc:1095] InUse at 7fcbfea6cd00 of size 512 next 298
2025-06-14 23:25:07.672421: I external/local_tsl/tsl/framework/bfc_allocator.cc:1095] InUse at 7fcbfea6cf00 of size 512 next 299
2025-06-14 23:25:07.672874: I external/local_tsl/tsl/framework/bfc_allocator.cc:1095] InUse at 7fcbfea6d100 of size 15138816 next 56
2025-06-14 23:25:07.673240: I external/local_tsl/tsl/framework/bfc_allocator.cc:1095] InUse at 7fcbff8dd100 of size 15138816 next 301
2025-06-14 23:25:07.673562: I external/local_tsl/tsl/framework/bfc_allocator.cc:1095] InUse at 7fcc0074d100 of size 1024 next 304
2025-06-14 23:25:07.673965: I external/local_tsl/tsl/framework/bfc_allocator.cc:1095] InUse at 7fcc0074d500 of size 1024 next 305
2025-06-14 23:25:07.674383: I external/local_tsl/tsl/framework/bfc_allocator.cc:1095] InUse at 7fcc0074d900 of size 1024 next 306
2025-06-14 23:25:07.674904: I external/local_tsl/tsl/framework/bfc_allocator.cc:1095] InUse at 7fcc0074dd00 of size 1024 next 309
2025-06-14 23:25:07.675311: I external/local_tsl/tsl/framework/bfc_allocator.cc:1095] InUse at 7fcc0074e100 of size 1024 next 310
2025-06-14 23:25:07.675732: I external/local_tsl/tsl/framework/bfc_allocator.cc:1095] InUse at 7fcc0074e500 of size 512 next 317
2025-06-14 23:25:07.676156: I external/local_tsl/tsl/framework/bfc_allocator.cc:1095] InUse at 7fcc0074e700 of size 512 next 318
2025-06-14 23:25:07.676561: I external/local_tsl/tsl/framework/bfc_allocator.cc:1095] InUse at 7fcc0074e900 of size 256 next 326
2025-06-14 23:25:07.676962: I external/local_tsl/tsl/framework/bfc_allocator.cc:1095] InUse at 7fcc0074ea00 of size 256 next 327
2025-06-14 23:25:07.677351: I external/local_tsl/tsl/framework/bfc_allocator.cc:1095] Free  at 7fcc0074eb00 of size 25892096 next 18446744073709551615
2025-06-14 23:25:07.677680: I external/local_tsl/tsl/framework/bfc_allocator.cc:1075] Next region of size 33554432
2025-06-14 23:25:07.678064: I external/local_tsl/tsl/framework/bfc_allocator.cc:1095] InUse at 7fcc16000000 of size 3538944 next 83
2025-06-14 23:25:07.678394: I external/local_tsl/tsl/framework/bfc_allocator.cc:1095] InUse at 7fcc16360000 of size 221184 next 152
2025-06-14 23:25:07.678775: I external/local_tsl/tsl/framework/bfc_allocator.cc:1095] InUse at 7fcc16396000 of size 221184 next 106
2025-06-14 23:25:07.679103: I external/local_tsl/tsl/framework/bfc_allocator.cc:1095] InUse at 7fcc163cc000 of size 442368 next 100
2025-06-14 23:25:07.679412: I external/local_tsl/tsl/framework/bfc_allocator.cc:1095] InUse at 7fcc16438000 of size 884736 next 90
2025-06-14 23:25:07.679707: I external/local_tsl/tsl/framework/bfc_allocator.cc:1095] InUse at 7fcc16510000 of size 1769472 next 74
2025-06-14 23:25:07.680025: I external/local_tsl/tsl/framework/bfc_allocator.cc:1095] InUse at 7fcc166c0000 of size 7077888 next 72
2025-06-14 23:25:07.680405: I external/local_tsl/tsl/framework/bfc_allocator.cc:1095] InUse at 7fcc16d80000 of size 7077888 next 187
2025-06-14 23:25:07.680769: I external/local_tsl/tsl/framework/bfc_allocator.cc:1095] InUse at 7fcc17440000 of size 12320768 next 18446744073709551615
2025-06-14 23:25:07.681156: I external/local_tsl/tsl/framework/bfc_allocator.cc:1075] Next region of size 16777216
2025-06-14 23:25:07.681563: I external/local_tsl/tsl/framework/bfc_allocator.cc:1095] InUse at 7fcc1e000000 of size 1769472 next 173
2025-06-14 23:25:07.681927: I external/local_tsl/tsl/framework/bfc_allocator.cc:1095] InUse at 7fcc1e1b0000 of size 1769472 next 64
2025-06-14 23:25:07.682250: I external/local_tsl/tsl/framework/bfc_allocator.cc:1095] InUse at 7fcc1e360000 of size 3538944 next 62
2025-06-14 23:25:07.682581: I external/local_tsl/tsl/framework/bfc_allocator.cc:1095] InUse at 7fcc1e6c0000 of size 3538944 next 180
2025-06-14 23:25:07.682928: I external/local_tsl/tsl/framework/bfc_allocator.cc:1095] InUse at 7fcc1ea20000 of size 1048576 next 194
2025-06-14 23:25:07.683275: I external/local_tsl/tsl/framework/bfc_allocator.cc:1095] InUse at 7fcc1eb20000 of size 1048576 next 195
2025-06-14 23:25:07.683642: I external/local_tsl/tsl/framework/bfc_allocator.cc:1095] InUse at 7fcc1ec20000 of size 4063232 next 18446744073709551615
2025-06-14 23:25:07.684001: I external/local_tsl/tsl/framework/bfc_allocator.cc:1075] Next region of size 2097152
2025-06-14 23:25:07.684413: I external/local_tsl/tsl/framework/bfc_allocator.cc:1095] InUse at 7fcc82e00000 of size 1280 next 1
2025-06-14 23:25:07.684868: I external/local_tsl/tsl/framework/bfc_allocator.cc:1095] InUse at 7fcc82e00500 of size 256 next 2
2025-06-14 23:25:07.685283: I external/local_tsl/tsl/framework/bfc_allocator.cc:1095] InUse at 7fcc82e00600 of size 256 next 3
2025-06-14 23:25:07.685742: I external/local_tsl/tsl/framework/bfc_allocator.cc:1095] InUse at 7fcc82e00700 of size 256 next 5
2025-06-14 23:25:07.686166: I external/local_tsl/tsl/framework/bfc_allocator.cc:1095] InUse at 7fcc82e00800 of size 256 next 6
2025-06-14 23:25:07.686627: I external/local_tsl/tsl/framework/bfc_allocator.cc:1095] InUse at 7fcc82e00900 of size 256 next 4
2025-06-14 23:25:07.687046: I external/local_tsl/tsl/framework/bfc_allocator.cc:1095] InUse at 7fcc82e00a00 of size 256 next 7
2025-06-14 23:25:07.687499: I external/local_tsl/tsl/framework/bfc_allocator.cc:1095] InUse at 7fcc82e00b00 of size 256 next 10
2025-06-14 23:25:07.687912: I external/local_tsl/tsl/framework/bfc_allocator.cc:1095] InUse at 7fcc82e00c00 of size 256 next 278
2025-06-14 23:25:07.688407: I external/local_tsl/tsl/framework/bfc_allocator.cc:1095] InUse at 7fcc82e00d00 of size 256 next 12
2025-06-14 23:25:07.688854: I external/local_tsl/tsl/framework/bfc_allocator.cc:1095] InUse at 7fcc82e00e00 of size 256 next 13
2025-06-14 23:25:07.689252: I external/local_tsl/tsl/framework/bfc_allocator.cc:1095] InUse at 7fcc82e00f00 of size 256 next 14
2025-06-14 23:25:07.689668: I external/local_tsl/tsl/framework/bfc_allocator.cc:1095] InUse at 7fcc82e01000 of size 256 next 17
2025-06-14 23:25:07.690126: I external/local_tsl/tsl/framework/bfc_allocator.cc:1095] InUse at 7fcc82e01100 of size 256 next 15
2025-06-14 23:25:07.690529: I external/local_tsl/tsl/framework/bfc_allocator.cc:1095] InUse at 7fcc82e01200 of size 256 next 16
2025-06-14 23:25:07.691001: I external/local_tsl/tsl/framework/bfc_allocator.cc:1095] InUse at 7fcc82e01300 of size 256 next 286
2025-06-14 23:25:07.691445: I external/local_tsl/tsl/framework/bfc_allocator.cc:1095] InUse at 7fcc82e01400 of size 256 next 21
2025-06-14 23:25:07.691883: I external/local_tsl/tsl/framework/bfc_allocator.cc:1095] InUse at 7fcc82e01500 of size 256 next 22
2025-06-14 23:25:07.692337: I external/local_tsl/tsl/framework/bfc_allocator.cc:1095] InUse at 7fcc82e01600 of size 256 next 23
2025-06-14 23:25:07.692774: I external/local_tsl/tsl/framework/bfc_allocator.cc:1095] InUse at 7fcc82e01700 of size 256 next 24
2025-06-14 23:25:07.693213: I external/local_tsl/tsl/framework/bfc_allocator.cc:1095] InUse at 7fcc82e01800 of size 256 next 25
2025-06-14 23:25:07.693692: I external/local_tsl/tsl/framework/bfc_allocator.cc:1095] InUse at 7fcc82e01900 of size 256 next 28
2025-06-14 23:25:07.694134: I external/local_tsl/tsl/framework/bfc_allocator.cc:1095] InUse at 7fcc82e01a00 of size 256 next 290
2025-06-14 23:25:07.694537: I external/local_tsl/tsl/framework/bfc_allocator.cc:1095] InUse at 7fcc82e01b00 of size 256 next 30
2025-06-14 23:25:07.694935: I external/local_tsl/tsl/framework/bfc_allocator.cc:1095] InUse at 7fcc82e01c00 of size 256 next 31
2025-06-14 23:25:07.695393: I external/local_tsl/tsl/framework/bfc_allocator.cc:1095] InUse at 7fcc82e01d00 of size 256 next 32
2025-06-14 23:25:07.695805: I external/local_tsl/tsl/framework/bfc_allocator.cc:1095] InUse at 7fcc82e01e00 of size 256 next 35
2025-06-14 23:25:07.696237: I external/local_tsl/tsl/framework/bfc_allocator.cc:1095] InUse at 7fcc82e01f00 of size 256 next 33
2025-06-14 23:25:07.696652: I external/local_tsl/tsl/framework/bfc_allocator.cc:1095] InUse at 7fcc82e02000 of size 256 next 34
2025-06-14 23:25:07.697093: I external/local_tsl/tsl/framework/bfc_allocator.cc:1095] InUse at 7fcc82e02100 of size 512 next 39
2025-06-14 23:25:07.697498: I external/local_tsl/tsl/framework/bfc_allocator.cc:1095] InUse at 7fcc82e02300 of size 256 next 40
2025-06-14 23:25:07.697942: I external/local_tsl/tsl/framework/bfc_allocator.cc:1095] InUse at 7fcc82e02400 of size 256 next 41
2025-06-14 23:25:07.698372: I external/local_tsl/tsl/framework/bfc_allocator.cc:1095] InUse at 7fcc82e02500 of size 256 next 8
2025-06-14 23:25:07.698806: I external/local_tsl/tsl/framework/bfc_allocator.cc:1095] InUse at 7fcc82e02600 of size 3584 next 9
2025-06-14 23:25:07.699229: I external/local_tsl/tsl/framework/bfc_allocator.cc:1095] InUse at 7fcc82e03400 of size 512 next 42
2025-06-14 23:25:07.699661: I external/local_tsl/tsl/framework/bfc_allocator.cc:1095] InUse at 7fcc82e03600 of size 512 next 45
2025-06-14 23:25:07.700079: I external/local_tsl/tsl/framework/bfc_allocator.cc:1095] InUse at 7fcc82e03800 of size 512 next 46
2025-06-14 23:25:07.700530: I external/local_tsl/tsl/framework/bfc_allocator.cc:1095] InUse at 7fcc82e03a00 of size 512 next 297
2025-06-14 23:25:07.700966: I external/local_tsl/tsl/framework/bfc_allocator.cc:1095] InUse at 7fcc82e03c00 of size 512 next 48
2025-06-14 23:25:07.701382: I external/local_tsl/tsl/framework/bfc_allocator.cc:1095] InUse at 7fcc82e03e00 of size 256 next 49
2025-06-14 23:25:07.701825: I external/local_tsl/tsl/framework/bfc_allocator.cc:1095] InUse at 7fcc82e03f00 of size 512 next 50
2025-06-14 23:25:07.702254: I external/local_tsl/tsl/framework/bfc_allocator.cc:1095] InUse at 7fcc82e04100 of size 512 next 51
2025-06-14 23:25:07.702650: I external/local_tsl/tsl/framework/bfc_allocator.cc:1095] InUse at 7fcc82e04300 of size 512 next 55
2025-06-14 23:25:07.703040: I external/local_tsl/tsl/framework/bfc_allocator.cc:1095] InUse at 7fcc82e04500 of size 1024 next 57
2025-06-14 23:25:07.703456: I external/local_tsl/tsl/framework/bfc_allocator.cc:1095] InUse at 7fcc82e04900 of size 256 next 58
2025-06-14 23:25:07.703880: I external/local_tsl/tsl/framework/bfc_allocator.cc:1095] InUse at 7fcc82e04a00 of size 256 next 59
2025-06-14 23:25:07.704269: I external/local_tsl/tsl/framework/bfc_allocator.cc:1095] InUse at 7fcc82e04b00 of size 1024 next 60
2025-06-14 23:25:07.704721: I external/local_tsl/tsl/framework/bfc_allocator.cc:1095] InUse at 7fcc82e04f00 of size 1024 next 61
2025-06-14 23:25:07.705174: I external/local_tsl/tsl/framework/bfc_allocator.cc:1095] InUse at 7fcc82e05300 of size 1024 next 65
2025-06-14 23:25:07.705606: I external/local_tsl/tsl/framework/bfc_allocator.cc:1095] InUse at 7fcc82e05700 of size 1024 next 308
2025-06-14 23:25:07.706006: I external/local_tsl/tsl/framework/bfc_allocator.cc:1095] InUse at 7fcc82e05b00 of size 1024 next 67
2025-06-14 23:25:07.706427: I external/local_tsl/tsl/framework/bfc_allocator.cc:1095] InUse at 7fcc82e05f00 of size 256 next 68
2025-06-14 23:25:07.706849: I external/local_tsl/tsl/framework/bfc_allocator.cc:1095] InUse at 7fcc82e06000 of size 256 next 69
2025-06-14 23:25:07.707249: I external/local_tsl/tsl/framework/bfc_allocator.cc:1095] InUse at 7fcc82e06100 of size 1024 next 70
2025-06-14 23:25:07.707675: I external/local_tsl/tsl/framework/bfc_allocator.cc:1095] InUse at 7fcc82e06500 of size 1024 next 71
2025-06-14 23:25:07.708119: I external/local_tsl/tsl/framework/bfc_allocator.cc:1095] InUse at 7fcc82e06900 of size 1024 next 75
2025-06-14 23:25:07.708537: I external/local_tsl/tsl/framework/bfc_allocator.cc:1095] InUse at 7fcc82e06d00 of size 512 next 313
2025-06-14 23:25:07.708977: I external/local_tsl/tsl/framework/bfc_allocator.cc:1095] InUse at 7fcc82e06f00 of size 512 next 314
2025-06-14 23:25:07.709388: I external/local_tsl/tsl/framework/bfc_allocator.cc:1095] InUse at 7fcc82e07100 of size 512 next 315
2025-06-14 23:25:07.709813: I external/local_tsl/tsl/framework/bfc_allocator.cc:1095] InUse at 7fcc82e07300 of size 512 next 77
2025-06-14 23:25:07.710225: I external/local_tsl/tsl/framework/bfc_allocator.cc:1095] InUse at 7fcc82e07500 of size 256 next 78
2025-06-14 23:25:07.710713: I external/local_tsl/tsl/framework/bfc_allocator.cc:1095] InUse at 7fcc82e07600 of size 256 next 79
2025-06-14 23:25:07.711132: I external/local_tsl/tsl/framework/bfc_allocator.cc:1095] InUse at 7fcc82e07700 of size 512 next 80
2025-06-14 23:25:07.711542: I external/local_tsl/tsl/framework/bfc_allocator.cc:1095] InUse at 7fcc82e07900 of size 512 next 81
2025-06-14 23:25:07.711984: I external/local_tsl/tsl/framework/bfc_allocator.cc:1095] InUse at 7fcc82e07b00 of size 512 next 82
2025-06-14 23:25:07.712436: I external/local_tsl/tsl/framework/bfc_allocator.cc:1095] InUse at 7fcc82e07d00 of size 512 next 84
2025-06-14 23:25:07.712915: I external/local_tsl/tsl/framework/bfc_allocator.cc:1095] InUse at 7fcc82e07f00 of size 512 next 316
2025-06-14 23:25:07.713374: I external/local_tsl/tsl/framework/bfc_allocator.cc:1095] InUse at 7fcc82e08100 of size 512 next 86
2025-06-14 23:25:07.713831: I external/local_tsl/tsl/framework/bfc_allocator.cc:1095] InUse at 7fcc82e08300 of size 512 next 87
2025-06-14 23:25:07.714263: I external/local_tsl/tsl/framework/bfc_allocator.cc:1095] InUse at 7fcc82e08500 of size 512 next 88
2025-06-14 23:25:07.714703: I external/local_tsl/tsl/framework/bfc_allocator.cc:1095] InUse at 7fcc82e08700 of size 512 next 89
2025-06-14 23:25:07.715109: I external/local_tsl/tsl/framework/bfc_allocator.cc:1095] InUse at 7fcc82e08900 of size 256 next 321
2025-06-14 23:25:07.715532: I external/local_tsl/tsl/framework/bfc_allocator.cc:1095] InUse at 7fcc82e08a00 of size 256 next 323
2025-06-14 23:25:07.716018: I external/local_tsl/tsl/framework/bfc_allocator.cc:1095] InUse at 7fcc82e08b00 of size 256 next 324
2025-06-14 23:25:07.716426: I external/local_tsl/tsl/framework/bfc_allocator.cc:1095] InUse at 7fcc82e08c00 of size 256 next 92
2025-06-14 23:25:07.716892: I external/local_tsl/tsl/framework/bfc_allocator.cc:1095] InUse at 7fcc82e08d00 of size 256 next 93
2025-06-14 23:25:07.717333: I external/local_tsl/tsl/framework/bfc_allocator.cc:1095] InUse at 7fcc82e08e00 of size 256 next 94
2025-06-14 23:25:07.717798: I external/local_tsl/tsl/framework/bfc_allocator.cc:1095] InUse at 7fcc82e08f00 of size 256 next 97
2025-06-14 23:25:07.718200: I external/local_tsl/tsl/framework/bfc_allocator.cc:1095] InUse at 7fcc82e09000 of size 256 next 95
2025-06-14 23:25:07.718633: I external/local_tsl/tsl/framework/bfc_allocator.cc:1095] InUse at 7fcc82e09100 of size 256 next 96
2025-06-14 23:25:07.719030: I external/local_tsl/tsl/framework/bfc_allocator.cc:1095] InUse at 7fcc82e09200 of size 256 next 98
2025-06-14 23:25:07.719521: I external/local_tsl/tsl/framework/bfc_allocator.cc:1095] InUse at 7fcc82e09300 of size 256 next 101
2025-06-14 23:25:07.719965: I external/local_tsl/tsl/framework/bfc_allocator.cc:1095] InUse at 7fcc82e09400 of size 256 next 102
2025-06-14 23:25:07.720404: I external/local_tsl/tsl/framework/bfc_allocator.cc:1095] InUse at 7fcc82e09500 of size 256 next 103
2025-06-14 23:25:07.720859: I external/local_tsl/tsl/framework/bfc_allocator.cc:1095] InUse at 7fcc82e09600 of size 256 next 104
2025-06-14 23:25:07.721297: I external/local_tsl/tsl/framework/bfc_allocator.cc:1095] InUse at 7fcc82e09700 of size 256 next 105
2025-06-14 23:25:07.721729: I external/local_tsl/tsl/framework/bfc_allocator.cc:1095] Free  at 7fcc82e09800 of size 512 next 108
2025-06-14 23:25:07.722119: I external/local_tsl/tsl/framework/bfc_allocator.cc:1095] InUse at 7fcc82e09a00 of size 256 next 109
2025-06-14 23:25:07.722561: I external/local_tsl/tsl/framework/bfc_allocator.cc:1095] InUse at 7fcc82e09b00 of size 256 next 110
2025-06-14 23:25:07.722980: I external/local_tsl/tsl/framework/bfc_allocator.cc:1095] InUse at 7fcc82e09c00 of size 256 next 146
2025-06-14 23:25:07.723418: I external/local_tsl/tsl/framework/bfc_allocator.cc:1095] InUse at 7fcc82e09d00 of size 256 next 147
2025-06-14 23:25:07.723845: I external/local_tsl/tsl/framework/bfc_allocator.cc:1095] InUse at 7fcc82e09e00 of size 256 next 148
2025-06-14 23:25:07.724266: I external/local_tsl/tsl/framework/bfc_allocator.cc:1095] InUse at 7fcc82e09f00 of size 256 next 149
2025-06-14 23:25:07.724679: I external/local_tsl/tsl/framework/bfc_allocator.cc:1095] InUse at 7fcc82e0a000 of size 256 next 150
2025-06-14 23:25:07.725111: I external/local_tsl/tsl/framework/bfc_allocator.cc:1095] InUse at 7fcc82e0a100 of size 256 next 151
2025-06-14 23:25:07.725537: I external/local_tsl/tsl/framework/bfc_allocator.cc:1095] InUse at 7fcc82e0a200 of size 256 next 153
2025-06-14 23:25:07.725966: I external/local_tsl/tsl/framework/bfc_allocator.cc:1095] InUse at 7fcc82e0a300 of size 256 next 154
2025-06-14 23:25:07.726421: I external/local_tsl/tsl/framework/bfc_allocator.cc:1095] InUse at 7fcc82e0a400 of size 256 next 155
2025-06-14 23:25:07.726849: I external/local_tsl/tsl/framework/bfc_allocator.cc:1095] InUse at 7fcc82e0a500 of size 256 next 156
2025-06-14 23:25:07.727247: I external/local_tsl/tsl/framework/bfc_allocator.cc:1095] InUse at 7fcc82e0a600 of size 256 next 157
2025-06-14 23:25:07.727655: I external/local_tsl/tsl/framework/bfc_allocator.cc:1095] InUse at 7fcc82e0a700 of size 256 next 158
2025-06-14 23:25:07.728074: I external/local_tsl/tsl/framework/bfc_allocator.cc:1095] InUse at 7fcc82e0a800 of size 256 next 160
2025-06-14 23:25:07.728473: I external/local_tsl/tsl/framework/bfc_allocator.cc:1095] InUse at 7fcc82e0a900 of size 256 next 161
2025-06-14 23:25:07.728894: I external/local_tsl/tsl/framework/bfc_allocator.cc:1095] InUse at 7fcc82e0aa00 of size 256 next 162
2025-06-14 23:25:07.729305: I external/local_tsl/tsl/framework/bfc_allocator.cc:1095] InUse at 7fcc82e0ab00 of size 256 next 163
2025-06-14 23:25:07.729695: I external/local_tsl/tsl/framework/bfc_allocator.cc:1095] InUse at 7fcc82e0ac00 of size 256 next 164
2025-06-14 23:25:07.730084: I external/local_tsl/tsl/framework/bfc_allocator.cc:1095] InUse at 7fcc82e0ad00 of size 256 next 165
2025-06-14 23:25:07.730486: I external/local_tsl/tsl/framework/bfc_allocator.cc:1095] InUse at 7fcc82e0ae00 of size 512 next 167
2025-06-14 23:25:07.730885: I external/local_tsl/tsl/framework/bfc_allocator.cc:1095] InUse at 7fcc82e0b000 of size 512 next 168
2025-06-14 23:25:07.731267: I external/local_tsl/tsl/framework/bfc_allocator.cc:1095] InUse at 7fcc82e0b200 of size 512 next 169
2025-06-14 23:25:07.731746: I external/local_tsl/tsl/framework/bfc_allocator.cc:1095] InUse at 7fcc82e0b400 of size 512 next 170
2025-06-14 23:25:07.732198: I external/local_tsl/tsl/framework/bfc_allocator.cc:1095] InUse at 7fcc82e0b600 of size 512 next 171
2025-06-14 23:25:07.732683: I external/local_tsl/tsl/framework/bfc_allocator.cc:1095] InUse at 7fcc82e0b800 of size 512 next 172
2025-06-14 23:25:07.733083: I external/local_tsl/tsl/framework/bfc_allocator.cc:1095] InUse at 7fcc82e0ba00 of size 512 next 174
2025-06-14 23:25:07.733477: I external/local_tsl/tsl/framework/bfc_allocator.cc:1095] InUse at 7fcc82e0bc00 of size 512 next 175
2025-06-14 23:25:07.733886: I external/local_tsl/tsl/framework/bfc_allocator.cc:1095] InUse at 7fcc82e0be00 of size 512 next 176
2025-06-14 23:25:07.734296: I external/local_tsl/tsl/framework/bfc_allocator.cc:1095] InUse at 7fcc82e0c000 of size 512 next 177
2025-06-14 23:25:07.734735: I external/local_tsl/tsl/framework/bfc_allocator.cc:1095] InUse at 7fcc82e0c200 of size 512 next 178
2025-06-14 23:25:07.735169: I external/local_tsl/tsl/framework/bfc_allocator.cc:1095] InUse at 7fcc82e0c400 of size 512 next 179
2025-06-14 23:25:07.735590: I external/local_tsl/tsl/framework/bfc_allocator.cc:1095] InUse at 7fcc82e0c600 of size 1024 next 181
2025-06-14 23:25:07.736054: I external/local_tsl/tsl/framework/bfc_allocator.cc:1095] InUse at 7fcc82e0ca00 of size 1024 next 182
2025-06-14 23:25:07.736466: I external/local_tsl/tsl/framework/bfc_allocator.cc:1095] InUse at 7fcc82e0ce00 of size 1024 next 183
2025-06-14 23:25:07.736905: I external/local_tsl/tsl/framework/bfc_allocator.cc:1095] InUse at 7fcc82e0d200 of size 1024 next 184
2025-06-14 23:25:07.737322: I external/local_tsl/tsl/framework/bfc_allocator.cc:1095] InUse at 7fcc82e0d600 of size 1024 next 185
2025-06-14 23:25:07.737735: I external/local_tsl/tsl/framework/bfc_allocator.cc:1095] InUse at 7fcc82e0da00 of size 1024 next 186
2025-06-14 23:25:07.738151: I external/local_tsl/tsl/framework/bfc_allocator.cc:1095] InUse at 7fcc82e0de00 of size 1024 next 188
2025-06-14 23:25:07.738585: I external/local_tsl/tsl/framework/bfc_allocator.cc:1095] InUse at 7fcc82e0e200 of size 1024 next 189
2025-06-14 23:25:07.738979: I external/local_tsl/tsl/framework/bfc_allocator.cc:1095] InUse at 7fcc82e0e600 of size 1024 next 190
2025-06-14 23:25:07.739439: I external/local_tsl/tsl/framework/bfc_allocator.cc:1095] InUse at 7fcc82e0ea00 of size 1024 next 191
2025-06-14 23:25:07.739903: I external/local_tsl/tsl/framework/bfc_allocator.cc:1095] InUse at 7fcc82e0ee00 of size 1024 next 192
2025-06-14 23:25:07.740360: I external/local_tsl/tsl/framework/bfc_allocator.cc:1095] InUse at 7fcc82e0f200 of size 1024 next 193
2025-06-14 23:25:07.740771: I external/local_tsl/tsl/framework/bfc_allocator.cc:1095] InUse at 7fcc82e0f600 of size 512 next 196
2025-06-14 23:25:07.741191: I external/local_tsl/tsl/framework/bfc_allocator.cc:1095] InUse at 7fcc82e0f800 of size 512 next 197
2025-06-14 23:25:07.741645: I external/local_tsl/tsl/framework/bfc_allocator.cc:1095] InUse at 7fcc82e0fa00 of size 512 next 199
2025-06-14 23:25:07.742092: I external/local_tsl/tsl/framework/bfc_allocator.cc:1095] InUse at 7fcc82e0fc00 of size 512 next 200
2025-06-14 23:25:07.742516: I external/local_tsl/tsl/framework/bfc_allocator.cc:1095] InUse at 7fcc82e0fe00 of size 512 next 201
2025-06-14 23:25:07.742971: I external/local_tsl/tsl/framework/bfc_allocator.cc:1095] InUse at 7fcc82e10000 of size 512 next 202
2025-06-14 23:25:07.743428: I external/local_tsl/tsl/framework/bfc_allocator.cc:1095] InUse at 7fcc82e10200 of size 512 next 203
2025-06-14 23:25:07.743845: I external/local_tsl/tsl/framework/bfc_allocator.cc:1095] InUse at 7fcc82e10400 of size 512 next 204
2025-06-14 23:25:07.744297: I external/local_tsl/tsl/framework/bfc_allocator.cc:1095] InUse at 7fcc82e10600 of size 512 next 207
2025-06-14 23:25:07.744742: I external/local_tsl/tsl/framework/bfc_allocator.cc:1095] InUse at 7fcc82e10800 of size 512 next 208
2025-06-14 23:25:07.745143: I external/local_tsl/tsl/framework/bfc_allocator.cc:1095] InUse at 7fcc82e10a00 of size 512 next 209
2025-06-14 23:25:07.745601: I external/local_tsl/tsl/framework/bfc_allocator.cc:1095] InUse at 7fcc82e10c00 of size 512 next 210
2025-06-14 23:25:07.746026: I external/local_tsl/tsl/framework/bfc_allocator.cc:1095] InUse at 7fcc82e10e00 of size 512 next 211
2025-06-14 23:25:07.746478: I external/local_tsl/tsl/framework/bfc_allocator.cc:1095] InUse at 7fcc82e11000 of size 512 next 212
2025-06-14 23:25:07.746890: I external/local_tsl/tsl/framework/bfc_allocator.cc:1095] InUse at 7fcc82e11200 of size 256 next 215
2025-06-14 23:25:07.747336: I external/local_tsl/tsl/framework/bfc_allocator.cc:1095] InUse at 7fcc82e11300 of size 256 next 216
2025-06-14 23:25:07.747759: I external/local_tsl/tsl/framework/bfc_allocator.cc:1095] InUse at 7fcc82e11400 of size 256 next 219
2025-06-14 23:25:07.748229: I external/local_tsl/tsl/framework/bfc_allocator.cc:1095] InUse at 7fcc82e11500 of size 256 next 220
2025-06-14 23:25:07.748634: I external/local_tsl/tsl/framework/bfc_allocator.cc:1095] InUse at 7fcc82e11600 of size 256 next 221
2025-06-14 23:25:07.749017: I external/local_tsl/tsl/framework/bfc_allocator.cc:1095] InUse at 7fcc82e11700 of size 256 next 222
2025-06-14 23:25:07.749483: I external/local_tsl/tsl/framework/bfc_allocator.cc:1095] InUse at 7fcc82e11800 of size 256 next 223
2025-06-14 23:25:07.749932: I external/local_tsl/tsl/framework/bfc_allocator.cc:1095] InUse at 7fcc82e11900 of size 256 next 224
2025-06-14 23:25:07.750367: I external/local_tsl/tsl/framework/bfc_allocator.cc:1095] InUse at 7fcc82e11a00 of size 256 next 227
2025-06-14 23:25:07.750811: I external/local_tsl/tsl/framework/bfc_allocator.cc:1095] InUse at 7fcc82e11b00 of size 256 next 228
2025-06-14 23:25:07.751343: I external/local_tsl/tsl/framework/bfc_allocator.cc:1095] InUse at 7fcc82e11c00 of size 256 next 229
2025-06-14 23:25:07.751897: I external/local_tsl/tsl/framework/bfc_allocator.cc:1095] InUse at 7fcc82e11d00 of size 256 next 230
2025-06-14 23:25:07.752303: I external/local_tsl/tsl/framework/bfc_allocator.cc:1095] InUse at 7fcc82e11e00 of size 256 next 231
2025-06-14 23:25:07.752727: I external/local_tsl/tsl/framework/bfc_allocator.cc:1095] InUse at 7fcc82e11f00 of size 256 next 232
2025-06-14 23:25:07.753158: I external/local_tsl/tsl/framework/bfc_allocator.cc:1095] InUse at 7fcc82e12000 of size 65536 next 233
2025-06-14 23:25:07.753561: I external/local_tsl/tsl/framework/bfc_allocator.cc:1095] InUse at 7fcc82e22000 of size 95232 next 19
2025-06-14 23:25:07.754002: I external/local_tsl/tsl/framework/bfc_allocator.cc:1095] InUse at 7fcc82e39400 of size 110592 next 18
2025-06-14 23:25:07.754353: I external/local_tsl/tsl/framework/bfc_allocator.cc:1095] InUse at 7fcc82e54400 of size 65536 next 115
2025-06-14 23:25:07.754724: I external/local_tsl/tsl/framework/bfc_allocator.cc:1095] InUse at 7fcc82e64400 of size 256 next 112
2025-06-14 23:25:07.755200: I external/local_tsl/tsl/framework/bfc_allocator.cc:1095] InUse at 7fcc82e64500 of size 256 next 114
2025-06-14 23:25:07.755636: I external/local_tsl/tsl/framework/bfc_allocator.cc:1095] InUse at 7fcc82e64600 of size 256 next 113
2025-06-14 23:25:07.756104: I external/local_tsl/tsl/framework/bfc_allocator.cc:1095] InUse at 7fcc82e64700 of size 256 next 111
2025-06-14 23:25:07.756524: I external/local_tsl/tsl/framework/bfc_allocator.cc:1095] InUse at 7fcc82e64800 of size 256 next 117
2025-06-14 23:25:07.756963: I external/local_tsl/tsl/framework/bfc_allocator.cc:1095] InUse at 7fcc82e64900 of size 256 next 118
2025-06-14 23:25:07.757365: I external/local_tsl/tsl/framework/bfc_allocator.cc:1095] InUse at 7fcc82e64a00 of size 256 next 120
2025-06-14 23:25:07.757756: I external/local_tsl/tsl/framework/bfc_allocator.cc:1095] InUse at 7fcc82e64b00 of size 256 next 119
2025-06-14 23:25:07.758224: I external/local_tsl/tsl/framework/bfc_allocator.cc:1095] InUse at 7fcc82e64c00 of size 256 next 121
2025-06-14 23:25:07.758673: I external/local_tsl/tsl/framework/bfc_allocator.cc:1095] InUse at 7fcc82e64d00 of size 256 next 123
2025-06-14 23:25:07.759121: I external/local_tsl/tsl/framework/bfc_allocator.cc:1095] InUse at 7fcc82e64e00 of size 256 next 124
2025-06-14 23:25:07.759560: I external/local_tsl/tsl/framework/bfc_allocator.cc:1095] InUse at 7fcc82e64f00 of size 256 next 125
2025-06-14 23:25:07.760011: I external/local_tsl/tsl/framework/bfc_allocator.cc:1095] InUse at 7fcc82e65000 of size 256 next 126
2025-06-14 23:25:07.760483: I external/local_tsl/tsl/framework/bfc_allocator.cc:1095] InUse at 7fcc82e65100 of size 256 next 128
2025-06-14 23:25:07.760891: I external/local_tsl/tsl/framework/bfc_allocator.cc:1095] InUse at 7fcc82e65200 of size 256 next 127
2025-06-14 23:25:07.761384: I external/local_tsl/tsl/framework/bfc_allocator.cc:1095] InUse at 7fcc82e65300 of size 256 next 129
2025-06-14 23:25:07.761883: I external/local_tsl/tsl/framework/bfc_allocator.cc:1095] InUse at 7fcc82e65400 of size 256 next 130
2025-06-14 23:25:07.762356: I external/local_tsl/tsl/framework/bfc_allocator.cc:1095] InUse at 7fcc82e65500 of size 256 next 131
2025-06-14 23:25:07.762794: I external/local_tsl/tsl/framework/bfc_allocator.cc:1095] InUse at 7fcc82e65600 of size 256 next 132
2025-06-14 23:25:07.763260: I external/local_tsl/tsl/framework/bfc_allocator.cc:1095] InUse at 7fcc82e65700 of size 256 next 133
2025-06-14 23:25:07.763703: I external/local_tsl/tsl/framework/bfc_allocator.cc:1095] InUse at 7fcc82e65800 of size 256 next 137
2025-06-14 23:25:07.764166: I external/local_tsl/tsl/framework/bfc_allocator.cc:1095] InUse at 7fcc82e65900 of size 256 next 136
2025-06-14 23:25:07.764602: I external/local_tsl/tsl/framework/bfc_allocator.cc:1095] InUse at 7fcc82e65a00 of size 3584 next 138
2025-06-14 23:25:07.765013: I external/local_tsl/tsl/framework/bfc_allocator.cc:1095] InUse at 7fcc82e66800 of size 3584 next 139
2025-06-14 23:25:07.765430: I external/local_tsl/tsl/framework/bfc_allocator.cc:1095] InUse at 7fcc82e67600 of size 256 next 140
2025-06-14 23:25:07.765858: I external/local_tsl/tsl/framework/bfc_allocator.cc:1095] InUse at 7fcc82e67700 of size 256 next 141
2025-06-14 23:25:07.766267: I external/local_tsl/tsl/framework/bfc_allocator.cc:1095] InUse at 7fcc82e67800 of size 256 next 142
2025-06-14 23:25:07.766720: I external/local_tsl/tsl/framework/bfc_allocator.cc:1095] InUse at 7fcc82e67900 of size 256 next 143
2025-06-14 23:25:07.767178: I external/local_tsl/tsl/framework/bfc_allocator.cc:1095] InUse at 7fcc82e67a00 of size 256 next 144
2025-06-14 23:25:07.767640: I external/local_tsl/tsl/framework/bfc_allocator.cc:1095] InUse at 7fcc82e67b00 of size 256 next 145
2025-06-14 23:25:07.768107: I external/local_tsl/tsl/framework/bfc_allocator.cc:1095] InUse at 7fcc82e67c00 of size 141312 next 27
2025-06-14 23:25:07.768453: I external/local_tsl/tsl/framework/bfc_allocator.cc:1095] InUse at 7fcc82e8a400 of size 221184 next 26
2025-06-14 23:25:07.768799: I external/local_tsl/tsl/framework/bfc_allocator.cc:1095] InUse at 7fcc82ec0400 of size 442368 next 159
2025-06-14 23:25:07.769112: I external/local_tsl/tsl/framework/bfc_allocator.cc:1095] InUse at 7fcc82f2c400 of size 867328 next 18446744073709551615
2025-06-14 23:25:07.769472: I external/local_tsl/tsl/framework/bfc_allocator.cc:1075] Next region of size 4194304
2025-06-14 23:25:07.769928: I external/local_tsl/tsl/framework/bfc_allocator.cc:1095] InUse at 7fcc83400000 of size 442368 next 37
2025-06-14 23:25:07.770300: I external/local_tsl/tsl/framework/bfc_allocator.cc:1095] InUse at 7fcc8346c000 of size 221184 next 116
2025-06-14 23:25:07.770635: I external/local_tsl/tsl/framework/bfc_allocator.cc:1095] InUse at 7fcc834a2000 of size 110592 next 122
2025-06-14 23:25:07.771005: I external/local_tsl/tsl/framework/bfc_allocator.cc:1095] InUse at 7fcc834bd000 of size 192512 next 99
2025-06-14 23:25:07.771420: I external/local_tsl/tsl/framework/bfc_allocator.cc:1095] InUse at 7fcc834ec000 of size 360448 next 44
2025-06-14 23:25:07.771868: I external/local_tsl/tsl/framework/bfc_allocator.cc:1095] InUse at 7fcc83544000 of size 884736 next 43
2025-06-14 23:25:07.772224: I external/local_tsl/tsl/framework/bfc_allocator.cc:1095] InUse at 7fcc8361c000 of size 1982464 next 18446744073709551615
2025-06-14 23:25:07.772573: I external/local_tsl/tsl/framework/bfc_allocator.cc:1075] Next region of size 8388608
2025-06-14 23:25:07.773000: I external/local_tsl/tsl/framework/bfc_allocator.cc:1095] InUse at 7fcc83800000 of size 884736 next 166
2025-06-14 23:25:07.773406: I external/local_tsl/tsl/framework/bfc_allocator.cc:1095] InUse at 7fcc838d8000 of size 884736 next 54
2025-06-14 23:25:07.773798: I external/local_tsl/tsl/framework/bfc_allocator.cc:1095] InUse at 7fcc839b0000 of size 1769472 next 52
2025-06-14 23:25:07.774220: I external/local_tsl/tsl/framework/bfc_allocator.cc:1095] InUse at 7fcc83b60000 of size 4849664 next 18446744073709551615
2025-06-14 23:25:07.774567: I external/local_tsl/tsl/framework/bfc_allocator.cc:1100]      Summary of in-use Chunks by size: 
2025-06-14 23:25:07.775132: I external/local_tsl/tsl/framework/bfc_allocator.cc:1103] 155 Chunks of size 256 totalling 38.8KiB
2025-06-14 23:25:07.775601: I external/local_tsl/tsl/framework/bfc_allocator.cc:1103] 54 Chunks of size 512 totalling 27.0KiB
2025-06-14 23:25:07.776044: I external/local_tsl/tsl/framework/bfc_allocator.cc:1103] 1 Chunks of size 768 totalling 768B
2025-06-14 23:25:07.776450: I external/local_tsl/tsl/framework/bfc_allocator.cc:1103] 26 Chunks of size 1024 totalling 26.0KiB
2025-06-14 23:25:07.776901: I external/local_tsl/tsl/framework/bfc_allocator.cc:1103] 1 Chunks of size 1280 totalling 1.2KiB
2025-06-14 23:25:07.777319: I external/local_tsl/tsl/framework/bfc_allocator.cc:1103] 3 Chunks of size 3584 totalling 10.5KiB
2025-06-14 23:25:07.777742: I external/local_tsl/tsl/framework/bfc_allocator.cc:1103] 2 Chunks of size 65536 totalling 128.0KiB
2025-06-14 23:25:07.778208: I external/local_tsl/tsl/framework/bfc_allocator.cc:1103] 1 Chunks of size 95232 totalling 93.0KiB
2025-06-14 23:25:07.778690: I external/local_tsl/tsl/framework/bfc_allocator.cc:1103] 4 Chunks of size 110592 totalling 432.0KiB
2025-06-14 23:25:07.779095: I external/local_tsl/tsl/framework/bfc_allocator.cc:1103] 1 Chunks of size 141312 totalling 138.0KiB
2025-06-14 23:25:07.779495: I external/local_tsl/tsl/framework/bfc_allocator.cc:1103] 1 Chunks of size 192512 totalling 188.0KiB
2025-06-14 23:25:07.779921: I external/local_tsl/tsl/framework/bfc_allocator.cc:1103] 6 Chunks of size 221184 totalling 1.27MiB
2025-06-14 23:25:07.780372: I external/local_tsl/tsl/framework/bfc_allocator.cc:1103] 2 Chunks of size 262144 totalling 512.0KiB
2025-06-14 23:25:07.780809: I external/local_tsl/tsl/framework/bfc_allocator.cc:1103] 1 Chunks of size 360448 totalling 352.0KiB
2025-06-14 23:25:07.781284: I external/local_tsl/tsl/framework/bfc_allocator.cc:1103] 5 Chunks of size 442368 totalling 2.11MiB
2025-06-14 23:25:07.781702: I external/local_tsl/tsl/framework/bfc_allocator.cc:1103] 1 Chunks of size 867328 totalling 847.0KiB
2025-06-14 23:25:07.782233: I external/local_tsl/tsl/framework/bfc_allocator.cc:1103] 6 Chunks of size 884736 totalling 5.06MiB
2025-06-14 23:25:07.782666: I external/local_tsl/tsl/framework/bfc_allocator.cc:1103] 2 Chunks of size 1048576 totalling 2.00MiB
2025-06-14 23:25:07.783091: I external/local_tsl/tsl/framework/bfc_allocator.cc:1103] 6 Chunks of size 1769472 totalling 10.12MiB
2025-06-14 23:25:07.783570: I external/local_tsl/tsl/framework/bfc_allocator.cc:1103] 1 Chunks of size 1982464 totalling 1.89MiB
2025-06-14 23:25:07.784025: I external/local_tsl/tsl/framework/bfc_allocator.cc:1103] 4 Chunks of size 3538944 totalling 13.50MiB
2025-06-14 23:25:07.784430: I external/local_tsl/tsl/framework/bfc_allocator.cc:1103] 1 Chunks of size 4063232 totalling 3.88MiB
2025-06-14 23:25:07.784874: I external/local_tsl/tsl/framework/bfc_allocator.cc:1103] 1 Chunks of size 4849664 totalling 4.62MiB
2025-06-14 23:25:07.785278: I external/local_tsl/tsl/framework/bfc_allocator.cc:1103] 2 Chunks of size 7077888 totalling 13.50MiB
2025-06-14 23:25:07.785760: I external/local_tsl/tsl/framework/bfc_allocator.cc:1103] 1 Chunks of size 12320768 totalling 11.75MiB
2025-06-14 23:25:07.786184: I external/local_tsl/tsl/framework/bfc_allocator.cc:1103] 2 Chunks of size 15138816 totalling 28.88MiB
2025-06-14 23:25:07.786583: I external/local_tsl/tsl/framework/bfc_allocator.cc:1103] 4 Chunks of size 30277632 totalling 115.50MiB
2025-06-14 23:25:07.786986: I external/local_tsl/tsl/framework/bfc_allocator.cc:1103] 2 Chunks of size 60555264 totalling 115.50MiB
2025-06-14 23:25:07.787366: I external/local_tsl/tsl/framework/bfc_allocator.cc:1103] 1 Chunks of size 73662464 totalling 70.25MiB
2025-06-14 23:25:07.787745: I external/local_tsl/tsl/framework/bfc_allocator.cc:1103] 1 Chunks of size 116654080 totalling 111.25MiB
2025-06-14 23:25:07.788109: I external/local_tsl/tsl/framework/bfc_allocator.cc:1103] 6 Chunks of size 121110528 totalling 693.00MiB
2025-06-14 23:25:07.788519: I external/local_tsl/tsl/framework/bfc_allocator.cc:1103] 2 Chunks of size 209715200 totalling 400.00MiB
2025-06-14 23:25:07.788898: I external/local_tsl/tsl/framework/bfc_allocator.cc:1103] 3 Chunks of size 242221056 totalling 693.00MiB
2025-06-14 23:25:07.789289: I external/local_tsl/tsl/framework/bfc_allocator.cc:1103] 8 Chunks of size 484442112 totalling 3.61GiB
2025-06-14 23:25:07.789676: I external/local_tsl/tsl/framework/bfc_allocator.cc:1103] 1 Chunks of size 968884224 totalling 924.00MiB
2025-06-14 23:25:07.790066: I external/local_tsl/tsl/framework/bfc_allocator.cc:1103] 6 Chunks of size 1937768448 totalling 10.83GiB
2025-06-14 23:25:07.790491: I external/local_tsl/tsl/framework/bfc_allocator.cc:1107] Sum Total of in-use chunks: 17.58GiB
2025-06-14 23:25:07.790891: I external/local_tsl/tsl/framework/bfc_allocator.cc:1109] Total bytes in pool: 23575789568 memory_limit_: 23575789568 available bytes: 0 curr_region_allocation_bytes_: 34359738368
2025-06-14 23:25:07.791333: I external/local_tsl/tsl/framework/bfc_allocator.cc:1114] Stats: 
Limit:                     23575789568
InUse:                     18882554112
MaxInUse:                  22800760320
NumAllocs:                         912
MaxAllocSize:               4135495424
Reserved:                            0
PeakReserved:                        0
LargestFreeBlock:                    0

2025-06-14 23:25:07.791756: W external/local_tsl/tsl/framework/bfc_allocator.cc:497] ________*********________************************************_**************************************
2025-06-14 23:25:07.792135: W tensorflow/core/framework/op_kernel.cc:1839] OP_REQUIRES failed at concat_op.cc:165 : RESOURCE_EXHAUSTED: OOM when allocating tensor with shape[2,64,192,224,176] and type float on /job:localhost/replica:0/task:0/device:GPU:0 by allocator GPU_0_bfc
Traceback (most recent call last):
  File "/mnt/beegfs/hellgate/home/rb194958e/stroke_segmentation_sota/batch_wise_train.py", line 277, in <module>
    if main():
       ^^^^^^
  File "/mnt/beegfs/hellgate/home/rb194958e/stroke_segmentation_sota/batch_wise_train.py", line 256, in main
    history = model.fit(
              ^^^^^^^^^^
  File "/mnt/beegfs/hellgate/home/rb194958e/.conda/envs/tf215_env/lib/python3.11/site-packages/keras/src/utils/traceback_utils.py", line 70, in error_handler
    raise e.with_traceback(filtered_tb) from None
  File "/mnt/beegfs/hellgate/home/rb194958e/.conda/envs/tf215_env/lib/python3.11/site-packages/tensorflow/python/eager/execute.py", line 53, in quick_execute
    tensors = pywrap_tfe.TFE_Py_Execute(ctx._handle, device_name, op_name,
  ^^^^^^^^^^^^^^^^^^^^^^^^^^^^^^^^^^^^^^^^^^^^^^^^^^^^^^^^^^^^^^^^^^^^^^^^
tensorflow.python.framework.errors_impl.ResourceExhaustedError: Graph execution error:

Detected at node model/concatenate_2/concat defined at (most recent call last):
  File "/mnt/beegfs/hellgate/home/rb194958e/stroke_segmentation_sota/batch_wise_train.py", line 277, in <module>

  File "/mnt/beegfs/hellgate/home/rb194958e/stroke_segmentation_sota/batch_wise_train.py", line 256, in main

  File "/mnt/beegfs/hellgate/home/rb194958e/.conda/envs/tf215_env/lib/python3.11/site-packages/keras/src/utils/traceback_utils.py", line 65, in error_handler

  File "/mnt/beegfs/hellgate/home/rb194958e/.conda/envs/tf215_env/lib/python3.11/site-packages/keras/src/engine/training.py", line 1807, in fit

  File "/mnt/beegfs/hellgate/home/rb194958e/.conda/envs/tf215_env/lib/python3.11/site-packages/keras/src/engine/training.py", line 1401, in train_function

  File "/mnt/beegfs/hellgate/home/rb194958e/.conda/envs/tf215_env/lib/python3.11/site-packages/keras/src/engine/training.py", line 1384, in step_function

  File "/mnt/beegfs/hellgate/home/rb194958e/.conda/envs/tf215_env/lib/python3.11/site-packages/keras/src/engine/training.py", line 1373, in run_step

  File "/mnt/beegfs/hellgate/home/rb194958e/.conda/envs/tf215_env/lib/python3.11/site-packages/keras/src/engine/training.py", line 1150, in train_step

  File "/mnt/beegfs/hellgate/home/rb194958e/.conda/envs/tf215_env/lib/python3.11/site-packages/keras/src/utils/traceback_utils.py", line 65, in error_handler

  File "/mnt/beegfs/hellgate/home/rb194958e/.conda/envs/tf215_env/lib/python3.11/site-packages/keras/src/engine/training.py", line 590, in __call__

  File "/mnt/beegfs/hellgate/home/rb194958e/.conda/envs/tf215_env/lib/python3.11/site-packages/keras/src/utils/traceback_utils.py", line 65, in error_handler

  File "/mnt/beegfs/hellgate/home/rb194958e/.conda/envs/tf215_env/lib/python3.11/site-packages/keras/src/engine/base_layer.py", line 1149, in __call__

  File "/mnt/beegfs/hellgate/home/rb194958e/.conda/envs/tf215_env/lib/python3.11/site-packages/keras/src/utils/traceback_utils.py", line 96, in error_handler

  File "/mnt/beegfs/hellgate/home/rb194958e/.conda/envs/tf215_env/lib/python3.11/site-packages/keras/src/engine/functional.py", line 515, in call

  File "/mnt/beegfs/hellgate/home/rb194958e/.conda/envs/tf215_env/lib/python3.11/site-packages/keras/src/engine/functional.py", line 672, in _run_internal_graph

  File "/mnt/beegfs/hellgate/home/rb194958e/.conda/envs/tf215_env/lib/python3.11/site-packages/keras/src/utils/traceback_utils.py", line 65, in error_handler

  File "/mnt/beegfs/hellgate/home/rb194958e/.conda/envs/tf215_env/lib/python3.11/site-packages/keras/src/engine/base_layer.py", line 1149, in __call__

  File "/mnt/beegfs/hellgate/home/rb194958e/.conda/envs/tf215_env/lib/python3.11/site-packages/keras/src/utils/traceback_utils.py", line 96, in error_handler

  File "/mnt/beegfs/hellgate/home/rb194958e/.conda/envs/tf215_env/lib/python3.11/site-packages/keras/src/layers/merging/base_merge.py", line 196, in call

  File "/mnt/beegfs/hellgate/home/rb194958e/.conda/envs/tf215_env/lib/python3.11/site-packages/keras/src/layers/merging/concatenate.py", line 134, in _merge_function

  File "/mnt/beegfs/hellgate/home/rb194958e/.conda/envs/tf215_env/lib/python3.11/site-packages/keras/src/backend.py", line 3580, in concatenate

OOM when allocating tensor with shape[2,64,192,224,176] and type float on /job:localhost/replica:0/task:0/device:GPU:0 by allocator GPU_0_bfc
	 [[{{node model/concatenate_2/concat}}]]
Hint: If you want to see a list of allocated tensors when OOM happens, add report_tensor_allocations_upon_oom to RunOptions for current allocation info. This isn't available when running in Eager mode.
 [Op:__inference_train_function_7309]
2025-06-14 23:25:07.947117: W tensorflow/core/kernels/data/generator_dataset_op.cc:108] Error occurred when finalizing GeneratorDataset iterator: FAILED_PRECONDITION: Python interpreter state is not initialized. The process may be terminated.
	 [[{{node PyFunc}}]]
/var/spool/slurmd/job1124134/slurm_script: line 320: EOF: command not found
/var/spool/slurmd/job1124134/slurm_script: line 330: unexpected EOF while looking for matching ``'
/var/spool/slurmd/job1124134/slurm_script: line 339: syntax error: unexpected end of file
