2025-06-15 03:56:31.564929: I tensorflow/core/util/port.cc:113] oneDNN custom operations are on. You may see slightly different numerical results due to floating-point round-off errors from different computation orders. To turn them off, set the environment variable `TF_ENABLE_ONEDNN_OPTS=0`.
2025-06-15 03:56:32.318245: E external/local_xla/xla/stream_executor/cuda/cuda_dnn.cc:9261] Unable to register cuDNN factory: Attempting to register factory for plugin cuDNN when one has already been registered
2025-06-15 03:56:32.319058: E external/local_xla/xla/stream_executor/cuda/cuda_fft.cc:607] Unable to register cuFFT factory: Attempting to register factory for plugin cuFFT when one has already been registered
2025-06-15 03:56:32.432430: E external/local_xla/xla/stream_executor/cuda/cuda_blas.cc:1515] Unable to register cuBLAS factory: Attempting to register factory for plugin cuBLAS when one has already been registered
2025-06-15 03:56:32.692944: I tensorflow/core/platform/cpu_feature_guard.cc:182] This TensorFlow binary is optimized to use available CPU instructions in performance-critical operations.
To enable the following instructions: AVX2 AVX512F AVX512_VNNI FMA, in other operations, rebuild TensorFlow with the appropriate compiler flags.
2025-06-15 03:56:39.433851: W tensorflow/compiler/tf2tensorrt/utils/py_utils.cc:38] TF-TRT Warning: Could not find TensorRT
INFO:__main__:🚀 Starting Stroke Lesion Segmentation Training
INFO:__main__:Using 1 GPU(s)
INFO:__main__:Creating data generators...
INFO:__main__:Found 655 valid image/mask pairs
INFO:__main__:Found 655 valid image/mask pairs
INFO:__main__:Training batches: 262
INFO:__main__:Validation batches: 65
INFO:__main__:Building model...
2025-06-15 03:56:54.075017: I tensorflow/core/common_runtime/gpu/gpu_device.cc:1929] Created device /job:localhost/replica:0/task:0/device:GPU:0 with 22483 MB memory:  -> device: 0, name: NVIDIA RTX 4500 Ada Generation, pci bus id: 0000:1c:00.0, compute capability: 8.9
INFO:__main__:Model parameters: 5,605,345
INFO:__main__:Starting training...
pixdim[0] (qfac) should be 1 (default) or -1; setting qfac to 1
INFO:nibabel.global:pixdim[0] (qfac) should be 1 (default) or -1; setting qfac to 1
pixdim[0] (qfac) should be 1 (default) or -1; setting qfac to 1
INFO:nibabel.global:pixdim[0] (qfac) should be 1 (default) or -1; setting qfac to 1
pixdim[0] (qfac) should be 1 (default) or -1; setting qfac to 1
INFO:nibabel.global:pixdim[0] (qfac) should be 1 (default) or -1; setting qfac to 1
pixdim[0] (qfac) should be 1 (default) or -1; setting qfac to 1
INFO:nibabel.global:pixdim[0] (qfac) should be 1 (default) or -1; setting qfac to 1
2025-06-15 03:57:01.667158: I external/local_xla/xla/stream_executor/cuda/cuda_dnn.cc:454] Loaded cuDNN version 8907
pixdim[0] (qfac) should be 1 (default) or -1; setting qfac to 1
INFO:nibabel.global:pixdim[0] (qfac) should be 1 (default) or -1; setting qfac to 1
pixdim[0] (qfac) should be 1 (default) or -1; setting qfac to 1
INFO:nibabel.global:pixdim[0] (qfac) should be 1 (default) or -1; setting qfac to 1
pixdim[0] (qfac) should be 1 (default) or -1; setting qfac to 1
INFO:nibabel.global:pixdim[0] (qfac) should be 1 (default) or -1; setting qfac to 1
pixdim[0] (qfac) should be 1 (default) or -1; setting qfac to 1
INFO:nibabel.global:pixdim[0] (qfac) should be 1 (default) or -1; setting qfac to 1
2025-06-15 03:57:18.088410: W external/local_tsl/tsl/framework/bfc_allocator.cc:296] Allocator (GPU_0_bfc) ran out of memory trying to allocate 2.27GiB with freed_by_count=0. The caller indicates that this is not a failure, but this may mean that there could be performance gains if more memory were available.
2025-06-15 03:57:18.189422: W external/local_tsl/tsl/framework/bfc_allocator.cc:296] Allocator (GPU_0_bfc) ran out of memory trying to allocate 2.30GiB with freed_by_count=0. The caller indicates that this is not a failure, but this may mean that there could be performance gains if more memory were available.
2025-06-15 03:57:18.190564: W external/local_tsl/tsl/framework/bfc_allocator.cc:296] Allocator (GPU_0_bfc) ran out of memory trying to allocate 2.27GiB with freed_by_count=0. The caller indicates that this is not a failure, but this may mean that there could be performance gains if more memory were available.
2025-06-15 03:57:18.810663: W external/local_tsl/tsl/framework/bfc_allocator.cc:296] Allocator (GPU_0_bfc) ran out of memory trying to allocate 2.27GiB with freed_by_count=0. The caller indicates that this is not a failure, but this may mean that there could be performance gains if more memory were available.
2025-06-15 03:57:18.864184: W external/local_tsl/tsl/framework/bfc_allocator.cc:296] Allocator (GPU_0_bfc) ran out of memory trying to allocate 2.30GiB with freed_by_count=0. The caller indicates that this is not a failure, but this may mean that there could be performance gains if more memory were available.
2025-06-15 03:57:18.865123: W external/local_tsl/tsl/framework/bfc_allocator.cc:296] Allocator (GPU_0_bfc) ran out of memory trying to allocate 2.27GiB with freed_by_count=0. The caller indicates that this is not a failure, but this may mean that there could be performance gains if more memory were available.
2025-06-15 03:57:29.487172: W external/local_tsl/tsl/framework/bfc_allocator.cc:485] Allocator (GPU_0_bfc) ran out of memory trying to allocate 3.61GiB (rounded to 3875536896)requested by op model/concatenate_2/concat
If the cause is memory fragmentation maybe the environment variable 'TF_GPU_ALLOCATOR=cuda_malloc_async' will improve the situation. 
Current allocation summary follows.
Current allocation summary follows.
2025-06-15 03:57:29.487962: I external/local_tsl/tsl/framework/bfc_allocator.cc:1039] BFCAllocator dump for GPU_0_bfc
2025-06-15 03:57:29.488668: I external/local_tsl/tsl/framework/bfc_allocator.cc:1046] Bin (256): 	Total Chunks: 155, Chunks in use: 155. 38.8KiB allocated for chunks. 38.8KiB in use in bin. 20.7KiB client-requested in use in bin.
2025-06-15 03:57:29.489313: I external/local_tsl/tsl/framework/bfc_allocator.cc:1046] Bin (512): 	Total Chunks: 56, Chunks in use: 55. 28.0KiB allocated for chunks. 27.5KiB in use in bin. 27.5KiB client-requested in use in bin.
2025-06-15 03:57:29.489817: I external/local_tsl/tsl/framework/bfc_allocator.cc:1046] Bin (1024): 	Total Chunks: 27, Chunks in use: 27. 27.2KiB allocated for chunks. 27.2KiB in use in bin. 27.0KiB client-requested in use in bin.
2025-06-15 03:57:29.490299: I external/local_tsl/tsl/framework/bfc_allocator.cc:1046] Bin (2048): 	Total Chunks: 3, Chunks in use: 3. 10.5KiB allocated for chunks. 10.5KiB in use in bin. 10.1KiB client-requested in use in bin.
2025-06-15 03:57:29.490756: I external/local_tsl/tsl/framework/bfc_allocator.cc:1046] Bin (4096): 	Total Chunks: 0, Chunks in use: 0. 0B allocated for chunks. 0B in use in bin. 0B client-requested in use in bin.
2025-06-15 03:57:29.491186: I external/local_tsl/tsl/framework/bfc_allocator.cc:1046] Bin (8192): 	Total Chunks: 0, Chunks in use: 0. 0B allocated for chunks. 0B in use in bin. 0B client-requested in use in bin.
2025-06-15 03:57:29.491612: I external/local_tsl/tsl/framework/bfc_allocator.cc:1046] Bin (16384): 	Total Chunks: 0, Chunks in use: 0. 0B allocated for chunks. 0B in use in bin. 0B client-requested in use in bin.
2025-06-15 03:57:29.492092: I external/local_tsl/tsl/framework/bfc_allocator.cc:1046] Bin (32768): 	Total Chunks: 0, Chunks in use: 0. 0B allocated for chunks. 0B in use in bin. 0B client-requested in use in bin.
2025-06-15 03:57:29.492608: I external/local_tsl/tsl/framework/bfc_allocator.cc:1046] Bin (65536): 	Total Chunks: 7, Chunks in use: 7. 653.0KiB allocated for chunks. 653.0KiB in use in bin. 624.0KiB client-requested in use in bin.
2025-06-15 03:57:29.493043: I external/local_tsl/tsl/framework/bfc_allocator.cc:1046] Bin (131072): 	Total Chunks: 8, Chunks in use: 8. 1.58MiB allocated for chunks. 1.58MiB in use in bin. 1.48MiB client-requested in use in bin.
2025-06-15 03:57:29.493436: I external/local_tsl/tsl/framework/bfc_allocator.cc:1046] Bin (262144): 	Total Chunks: 8, Chunks in use: 8. 2.95MiB allocated for chunks. 2.95MiB in use in bin. 2.86MiB client-requested in use in bin.
2025-06-15 03:57:29.493851: I external/local_tsl/tsl/framework/bfc_allocator.cc:1046] Bin (524288): 	Total Chunks: 7, Chunks in use: 7. 5.89MiB allocated for chunks. 5.89MiB in use in bin. 5.48MiB client-requested in use in bin.
2025-06-15 03:57:29.494396: I external/local_tsl/tsl/framework/bfc_allocator.cc:1046] Bin (1048576): 	Total Chunks: 9, Chunks in use: 9. 14.02MiB allocated for chunks. 14.02MiB in use in bin. 13.12MiB client-requested in use in bin.
2025-06-15 03:57:29.494893: I external/local_tsl/tsl/framework/bfc_allocator.cc:1046] Bin (2097152): 	Total Chunks: 5, Chunks in use: 5. 17.38MiB allocated for chunks. 17.38MiB in use in bin. 16.88MiB client-requested in use in bin.
2025-06-15 03:57:29.495395: I external/local_tsl/tsl/framework/bfc_allocator.cc:1046] Bin (4194304): 	Total Chunks: 3, Chunks in use: 3. 18.12MiB allocated for chunks. 18.12MiB in use in bin. 16.88MiB client-requested in use in bin.
2025-06-15 03:57:29.495827: I external/local_tsl/tsl/framework/bfc_allocator.cc:1046] Bin (8388608): 	Total Chunks: 3, Chunks in use: 3. 40.62MiB allocated for chunks. 40.62MiB in use in bin. 35.62MiB client-requested in use in bin.
2025-06-15 03:57:29.496251: I external/local_tsl/tsl/framework/bfc_allocator.cc:1046] Bin (16777216): 	Total Chunks: 5, Chunks in use: 4. 140.19MiB allocated for chunks. 115.50MiB in use in bin. 115.50MiB client-requested in use in bin.
2025-06-15 03:57:29.496662: I external/local_tsl/tsl/framework/bfc_allocator.cc:1046] Bin (33554432): 	Total Chunks: 2, Chunks in use: 2. 115.50MiB allocated for chunks. 115.50MiB in use in bin. 115.50MiB client-requested in use in bin.
2025-06-15 03:57:29.497085: I external/local_tsl/tsl/framework/bfc_allocator.cc:1046] Bin (67108864): 	Total Chunks: 8, Chunks in use: 8. 874.50MiB allocated for chunks. 874.50MiB in use in bin. 808.50MiB client-requested in use in bin.
2025-06-15 03:57:29.497522: I external/local_tsl/tsl/framework/bfc_allocator.cc:1046] Bin (134217728): 	Total Chunks: 5, Chunks in use: 5. 1.07GiB allocated for chunks. 1.07GiB in use in bin. 924.00MiB client-requested in use in bin.
2025-06-15 03:57:29.497949: I external/local_tsl/tsl/framework/bfc_allocator.cc:1046] Bin (268435456): 	Total Chunks: 18, Chunks in use: 15. 19.69GiB allocated for chunks. 15.34GiB in use in bin. 15.34GiB client-requested in use in bin.
2025-06-15 03:57:29.498376: I external/local_tsl/tsl/framework/bfc_allocator.cc:1062] Bin for 3.61GiB was 256.00MiB, Chunk State: 
2025-06-15 03:57:29.498868: I external/local_tsl/tsl/framework/bfc_allocator.cc:1068]   Size: 453.50MiB | Requested Size: 16.00MiB | in_use: 0 | bin_num: 20, prev:   Size: 462.00MiB | Requested Size: 462.00MiB | in_use: 1 | bin_num: -1
2025-06-15 03:57:29.499346: I external/local_tsl/tsl/framework/bfc_allocator.cc:1068]   Size: 1.80GiB | Requested Size: 1.80GiB | in_use: 0 | bin_num: 20, next:   Size: 1.80GiB | Requested Size: 1.80GiB | in_use: 1 | bin_num: -1
2025-06-15 03:57:29.499803: I external/local_tsl/tsl/framework/bfc_allocator.cc:1068]   Size: 2.10GiB | Requested Size: 1.82GiB | in_use: 0 | bin_num: 20, prev:   Size: 1.80GiB | Requested Size: 1.80GiB | in_use: 1 | bin_num: -1
2025-06-15 03:57:29.500248: I external/local_tsl/tsl/framework/bfc_allocator.cc:1075] Next region of size 6129582080
2025-06-15 03:57:29.500739: I external/local_tsl/tsl/framework/bfc_allocator.cc:1095] Free  at 7f7442000000 of size 1937768448 next 107
2025-06-15 03:57:29.501194: I external/local_tsl/tsl/framework/bfc_allocator.cc:1095] InUse at 7f74b5800000 of size 1937768448 next 329
2025-06-15 03:57:29.501653: I external/local_tsl/tsl/framework/bfc_allocator.cc:1095] Free  at 7f7529000000 of size 2254045184 next 18446744073709551615
2025-06-15 03:57:29.502130: I external/local_tsl/tsl/framework/bfc_allocator.cc:1075] Next region of size 8589934592
2025-06-15 03:57:29.502615: I external/local_tsl/tsl/framework/bfc_allocator.cc:1095] InUse at 7f75d8000000 of size 1937768448 next 281
2025-06-15 03:57:29.503064: I external/local_tsl/tsl/framework/bfc_allocator.cc:1095] InUse at 7f764b800000 of size 242221056 next 282
2025-06-15 03:57:29.503566: I external/local_tsl/tsl/framework/bfc_allocator.cc:1095] InUse at 7f7659f00000 of size 484442112 next 283
2025-06-15 03:57:29.503969: I external/local_tsl/tsl/framework/bfc_allocator.cc:1095] InUse at 7f7676d00000 of size 484442112 next 284
2025-06-15 03:57:29.504395: I external/local_tsl/tsl/framework/bfc_allocator.cc:1095] InUse at 7f7693b00000 of size 484442112 next 29
2025-06-15 03:57:29.504826: I external/local_tsl/tsl/framework/bfc_allocator.cc:1095] InUse at 7f76b0900000 of size 484442112 next 288
2025-06-15 03:57:29.505254: I external/local_tsl/tsl/framework/bfc_allocator.cc:1095] InUse at 7f76cd700000 of size 484442112 next 292
2025-06-15 03:57:29.505680: I external/local_tsl/tsl/framework/bfc_allocator.cc:1095] InUse at 7f76ea500000 of size 121110528 next 47
2025-06-15 03:57:29.506131: I external/local_tsl/tsl/framework/bfc_allocator.cc:1095] InUse at 7f76f1880000 of size 121110528 next 296
2025-06-15 03:57:29.506563: I external/local_tsl/tsl/framework/bfc_allocator.cc:1095] InUse at 7f76f8c00000 of size 121110528 next 300
2025-06-15 03:57:29.507038: I external/local_tsl/tsl/framework/bfc_allocator.cc:1095] InUse at 7f76fff80000 of size 30277632 next 302
2025-06-15 03:57:29.507475: I external/local_tsl/tsl/framework/bfc_allocator.cc:1095] InUse at 7f7701c60000 of size 30277632 next 303
2025-06-15 03:57:29.507901: I external/local_tsl/tsl/framework/bfc_allocator.cc:1095] InUse at 7f7703940000 of size 30277632 next 66
2025-06-15 03:57:29.508320: I external/local_tsl/tsl/framework/bfc_allocator.cc:1095] InUse at 7f7705620000 of size 30277632 next 307
2025-06-15 03:57:29.508730: I external/local_tsl/tsl/framework/bfc_allocator.cc:1095] InUse at 7f7707300000 of size 121110528 next 76
2025-06-15 03:57:29.509175: I external/local_tsl/tsl/framework/bfc_allocator.cc:1095] InUse at 7f770e680000 of size 121110528 next 312
2025-06-15 03:57:29.509598: I external/local_tsl/tsl/framework/bfc_allocator.cc:1095] InUse at 7f7715a00000 of size 242221056 next 311
2025-06-15 03:57:29.510019: I external/local_tsl/tsl/framework/bfc_allocator.cc:1095] InUse at 7f7724100000 of size 121110528 next 85
2025-06-15 03:57:29.510467: I external/local_tsl/tsl/framework/bfc_allocator.cc:1095] InUse at 7f772b480000 of size 484442112 next 325
2025-06-15 03:57:29.510874: I external/local_tsl/tsl/framework/bfc_allocator.cc:1095] InUse at 7f7748280000 of size 484442112 next 320
2025-06-15 03:57:29.511333: I external/local_tsl/tsl/framework/bfc_allocator.cc:1095] InUse at 7f7765080000 of size 968884224 next 319
2025-06-15 03:57:29.511776: I external/local_tsl/tsl/framework/bfc_allocator.cc:1095] InUse at 7f779ec80000 of size 484442112 next 91
2025-06-15 03:57:29.512196: I external/local_tsl/tsl/framework/bfc_allocator.cc:1095] Free  at 7f77bba80000 of size 475529216 next 18446744073709551615
2025-06-15 03:57:29.512555: I external/local_tsl/tsl/framework/bfc_allocator.cc:1075] Next region of size 4294967296
2025-06-15 03:57:29.513119: I external/local_tsl/tsl/framework/bfc_allocator.cc:1095] InUse at 7f77fa000000 of size 1937768448 next 11
2025-06-15 03:57:29.513609: I external/local_tsl/tsl/framework/bfc_allocator.cc:1095] InUse at 7f786d800000 of size 1937768448 next 276
2025-06-15 03:57:29.514037: I external/local_tsl/tsl/framework/bfc_allocator.cc:1095] InUse at 7f78e1000000 of size 242221056 next 20
2025-06-15 03:57:29.514455: I external/local_tsl/tsl/framework/bfc_allocator.cc:1095] InUse at 7f78ef700000 of size 60555264 next 38
2025-06-15 03:57:29.514865: I external/local_tsl/tsl/framework/bfc_allocator.cc:1095] InUse at 7f78f30c0000 of size 116654080 next 18446744073709551615
2025-06-15 03:57:29.515274: I external/local_tsl/tsl/framework/bfc_allocator.cc:1075] Next region of size 2147483648
2025-06-15 03:57:29.515751: I external/local_tsl/tsl/framework/bfc_allocator.cc:1095] InUse at 7f7926000000 of size 1937768448 next 270
2025-06-15 03:57:29.516181: I external/local_tsl/tsl/framework/bfc_allocator.cc:1095] InUse at 7f7999800000 of size 209715200 next 18446744073709551615
2025-06-15 03:57:29.516592: I external/local_tsl/tsl/framework/bfc_allocator.cc:1075] Next region of size 2147483648
2025-06-15 03:57:29.517069: I external/local_tsl/tsl/framework/bfc_allocator.cc:1095] InUse at 7f79ac000000 of size 1937768448 next 268
2025-06-15 03:57:29.517451: I external/local_tsl/tsl/framework/bfc_allocator.cc:1095] InUse at 7f7a1f800000 of size 209715200 next 18446744073709551615
2025-06-15 03:57:29.517879: I external/local_tsl/tsl/framework/bfc_allocator.cc:1075] Next region of size 134217728
2025-06-15 03:57:29.518375: I external/local_tsl/tsl/framework/bfc_allocator.cc:1095] InUse at 7f7ab8000000 of size 60555264 next 264
2025-06-15 03:57:29.518827: I external/local_tsl/tsl/framework/bfc_allocator.cc:1095] InUse at 7f7abb9c0000 of size 73662464 next 18446744073709551615
2025-06-15 03:57:29.519197: I external/local_tsl/tsl/framework/bfc_allocator.cc:1075] Next region of size 67108864
2025-06-15 03:57:29.519734: I external/local_tsl/tsl/framework/bfc_allocator.cc:1095] InUse at 7f7ac0000000 of size 3538944 next 198
2025-06-15 03:57:29.520197: I external/local_tsl/tsl/framework/bfc_allocator.cc:1095] InUse at 7f7ac0360000 of size 1769472 next 205
2025-06-15 03:57:29.520644: I external/local_tsl/tsl/framework/bfc_allocator.cc:1095] InUse at 7f7ac0510000 of size 1769472 next 206
2025-06-15 03:57:29.521119: I external/local_tsl/tsl/framework/bfc_allocator.cc:1095] InUse at 7f7ac06c0000 of size 262144 next 213
2025-06-15 03:57:29.521514: I external/local_tsl/tsl/framework/bfc_allocator.cc:1095] InUse at 7f7ac0700000 of size 262144 next 214
2025-06-15 03:57:29.521907: I external/local_tsl/tsl/framework/bfc_allocator.cc:1095] InUse at 7f7ac0740000 of size 884736 next 217
2025-06-15 03:57:29.522306: I external/local_tsl/tsl/framework/bfc_allocator.cc:1095] InUse at 7f7ac0818000 of size 884736 next 218
2025-06-15 03:57:29.522744: I external/local_tsl/tsl/framework/bfc_allocator.cc:1095] InUse at 7f7ac08f0000 of size 442368 next 225
2025-06-15 03:57:29.523182: I external/local_tsl/tsl/framework/bfc_allocator.cc:1095] InUse at 7f7ac095c000 of size 442368 next 226
2025-06-15 03:57:29.523629: I external/local_tsl/tsl/framework/bfc_allocator.cc:1095] InUse at 7f7ac09c8000 of size 256 next 234
2025-06-15 03:57:29.524098: I external/local_tsl/tsl/framework/bfc_allocator.cc:1095] InUse at 7f7ac09c8100 of size 256 next 235
2025-06-15 03:57:29.524572: I external/local_tsl/tsl/framework/bfc_allocator.cc:1095] InUse at 7f7ac09c8200 of size 221184 next 236
2025-06-15 03:57:29.524986: I external/local_tsl/tsl/framework/bfc_allocator.cc:1095] InUse at 7f7ac09fe200 of size 221184 next 237
2025-06-15 03:57:29.525395: I external/local_tsl/tsl/framework/bfc_allocator.cc:1095] InUse at 7f7ac0a34200 of size 256 next 238
2025-06-15 03:57:29.525922: I external/local_tsl/tsl/framework/bfc_allocator.cc:1095] InUse at 7f7ac0a34300 of size 256 next 239
2025-06-15 03:57:29.526404: I external/local_tsl/tsl/framework/bfc_allocator.cc:1095] InUse at 7f7ac0a34400 of size 256 next 240
2025-06-15 03:57:29.526884: I external/local_tsl/tsl/framework/bfc_allocator.cc:1095] InUse at 7f7ac0a34500 of size 256 next 241
2025-06-15 03:57:29.527380: I external/local_tsl/tsl/framework/bfc_allocator.cc:1095] InUse at 7f7ac0a34600 of size 256 next 242
2025-06-15 03:57:29.527861: I external/local_tsl/tsl/framework/bfc_allocator.cc:1095] InUse at 7f7ac0a34700 of size 256 next 243
2025-06-15 03:57:29.528382: I external/local_tsl/tsl/framework/bfc_allocator.cc:1095] InUse at 7f7ac0a34800 of size 110592 next 244
2025-06-15 03:57:29.528805: I external/local_tsl/tsl/framework/bfc_allocator.cc:1095] InUse at 7f7ac0a4f800 of size 110592 next 245
2025-06-15 03:57:29.529217: I external/local_tsl/tsl/framework/bfc_allocator.cc:1095] InUse at 7f7ac0a6a800 of size 256 next 246
2025-06-15 03:57:29.529721: I external/local_tsl/tsl/framework/bfc_allocator.cc:1095] InUse at 7f7ac0a6a900 of size 256 next 247
2025-06-15 03:57:29.530241: I external/local_tsl/tsl/framework/bfc_allocator.cc:1095] InUse at 7f7ac0a6aa00 of size 256 next 248
2025-06-15 03:57:29.530748: I external/local_tsl/tsl/framework/bfc_allocator.cc:1095] InUse at 7f7ac0a6ab00 of size 256 next 249
2025-06-15 03:57:29.531296: I external/local_tsl/tsl/framework/bfc_allocator.cc:1095] InUse at 7f7ac0a6ac00 of size 256 next 250
2025-06-15 03:57:29.531815: I external/local_tsl/tsl/framework/bfc_allocator.cc:1095] InUse at 7f7ac0a6ad00 of size 256 next 251
2025-06-15 03:57:29.532300: I external/local_tsl/tsl/framework/bfc_allocator.cc:1095] InUse at 7f7ac0a6ae00 of size 256 next 252
2025-06-15 03:57:29.532749: I external/local_tsl/tsl/framework/bfc_allocator.cc:1095] InUse at 7f7ac0a6af00 of size 256 next 253
2025-06-15 03:57:29.533203: I external/local_tsl/tsl/framework/bfc_allocator.cc:1095] InUse at 7f7ac0a6b000 of size 256 next 254
2025-06-15 03:57:29.533648: I external/local_tsl/tsl/framework/bfc_allocator.cc:1095] InUse at 7f7ac0a6b100 of size 256 next 255
2025-06-15 03:57:29.534092: I external/local_tsl/tsl/framework/bfc_allocator.cc:1095] InUse at 7f7ac0a6b200 of size 256 next 256
2025-06-15 03:57:29.534486: I external/local_tsl/tsl/framework/bfc_allocator.cc:1095] InUse at 7f7ac0a6b300 of size 256 next 257
2025-06-15 03:57:29.534965: I external/local_tsl/tsl/framework/bfc_allocator.cc:1095] InUse at 7f7ac0a6b400 of size 256 next 258
2025-06-15 03:57:29.535416: I external/local_tsl/tsl/framework/bfc_allocator.cc:1095] InUse at 7f7ac0a6b500 of size 256 next 259
2025-06-15 03:57:29.535879: I external/local_tsl/tsl/framework/bfc_allocator.cc:1095] InUse at 7f7ac0a6b600 of size 256 next 260
2025-06-15 03:57:29.536344: I external/local_tsl/tsl/framework/bfc_allocator.cc:1095] InUse at 7f7ac0a6b700 of size 256 next 261
2025-06-15 03:57:29.536799: I external/local_tsl/tsl/framework/bfc_allocator.cc:1095] InUse at 7f7ac0a6b800 of size 256 next 262
2025-06-15 03:57:29.537271: I external/local_tsl/tsl/framework/bfc_allocator.cc:1095] InUse at 7f7ac0a6b900 of size 256 next 263
2025-06-15 03:57:29.537723: I external/local_tsl/tsl/framework/bfc_allocator.cc:1095] InUse at 7f7ac0a6ba00 of size 256 next 265
2025-06-15 03:57:29.538164: I external/local_tsl/tsl/framework/bfc_allocator.cc:1095] InUse at 7f7ac0a6bb00 of size 256 next 266
2025-06-15 03:57:29.538607: I external/local_tsl/tsl/framework/bfc_allocator.cc:1095] InUse at 7f7ac0a6bc00 of size 256 next 269
2025-06-15 03:57:29.539062: I external/local_tsl/tsl/framework/bfc_allocator.cc:1095] InUse at 7f7ac0a6bd00 of size 256 next 272
2025-06-15 03:57:29.539522: I external/local_tsl/tsl/framework/bfc_allocator.cc:1095] InUse at 7f7ac0a6be00 of size 256 next 274
2025-06-15 03:57:29.539958: I external/local_tsl/tsl/framework/bfc_allocator.cc:1095] InUse at 7f7ac0a6bf00 of size 256 next 275
2025-06-15 03:57:29.540437: I external/local_tsl/tsl/framework/bfc_allocator.cc:1095] InUse at 7f7ac0a6c000 of size 256 next 279
2025-06-15 03:57:29.540966: I external/local_tsl/tsl/framework/bfc_allocator.cc:1095] InUse at 7f7ac0a6c100 of size 256 next 280
2025-06-15 03:57:29.541486: I external/local_tsl/tsl/framework/bfc_allocator.cc:1095] InUse at 7f7ac0a6c200 of size 256 next 286
2025-06-15 03:57:29.541987: I external/local_tsl/tsl/framework/bfc_allocator.cc:1095] InUse at 7f7ac0a6c300 of size 256 next 287
2025-06-15 03:57:29.542431: I external/local_tsl/tsl/framework/bfc_allocator.cc:1095] InUse at 7f7ac0a6c400 of size 256 next 290
2025-06-15 03:57:29.542893: I external/local_tsl/tsl/framework/bfc_allocator.cc:1095] InUse at 7f7ac0a6c500 of size 256 next 291
2025-06-15 03:57:29.543341: I external/local_tsl/tsl/framework/bfc_allocator.cc:1095] InUse at 7f7ac0a6c600 of size 512 next 293
2025-06-15 03:57:29.543783: I external/local_tsl/tsl/framework/bfc_allocator.cc:1095] InUse at 7f7ac0a6c800 of size 512 next 294
2025-06-15 03:57:29.544233: I external/local_tsl/tsl/framework/bfc_allocator.cc:1095] InUse at 7f7ac0a6ca00 of size 512 next 295
2025-06-15 03:57:29.544679: I external/local_tsl/tsl/framework/bfc_allocator.cc:1095] InUse at 7f7ac0a6cc00 of size 512 next 298
2025-06-15 03:57:29.545117: I external/local_tsl/tsl/framework/bfc_allocator.cc:1095] InUse at 7f7ac0a6ce00 of size 512 next 299
2025-06-15 03:57:29.545560: I external/local_tsl/tsl/framework/bfc_allocator.cc:1095] InUse at 7f7ac0a6d000 of size 15138816 next 56
2025-06-15 03:57:29.545983: I external/local_tsl/tsl/framework/bfc_allocator.cc:1095] InUse at 7f7ac18dd000 of size 15138816 next 301
2025-06-15 03:57:29.546428: I external/local_tsl/tsl/framework/bfc_allocator.cc:1095] InUse at 7f7ac274d000 of size 1024 next 304
2025-06-15 03:57:29.546913: I external/local_tsl/tsl/framework/bfc_allocator.cc:1095] InUse at 7f7ac274d400 of size 1024 next 305
2025-06-15 03:57:29.547419: I external/local_tsl/tsl/framework/bfc_allocator.cc:1095] InUse at 7f7ac274d800 of size 1024 next 306
2025-06-15 03:57:29.547897: I external/local_tsl/tsl/framework/bfc_allocator.cc:1095] InUse at 7f7ac274dc00 of size 1024 next 309
2025-06-15 03:57:29.548407: I external/local_tsl/tsl/framework/bfc_allocator.cc:1095] InUse at 7f7ac274e000 of size 1024 next 310
2025-06-15 03:57:29.548850: I external/local_tsl/tsl/framework/bfc_allocator.cc:1095] InUse at 7f7ac274e400 of size 512 next 317
2025-06-15 03:57:29.549298: I external/local_tsl/tsl/framework/bfc_allocator.cc:1095] InUse at 7f7ac274e600 of size 512 next 318
2025-06-15 03:57:29.549810: I external/local_tsl/tsl/framework/bfc_allocator.cc:1095] InUse at 7f7ac274e800 of size 256 next 326
2025-06-15 03:57:29.550245: I external/local_tsl/tsl/framework/bfc_allocator.cc:1095] InUse at 7f7ac274e900 of size 256 next 327
2025-06-15 03:57:29.550764: I external/local_tsl/tsl/framework/bfc_allocator.cc:1095] Free  at 7f7ac274ea00 of size 25892352 next 18446744073709551615
2025-06-15 03:57:29.551230: I external/local_tsl/tsl/framework/bfc_allocator.cc:1075] Next region of size 33554432
2025-06-15 03:57:29.551701: I external/local_tsl/tsl/framework/bfc_allocator.cc:1095] InUse at 7f7ad8000000 of size 3538944 next 83
2025-06-15 03:57:29.552157: I external/local_tsl/tsl/framework/bfc_allocator.cc:1095] InUse at 7f7ad8360000 of size 221184 next 152
2025-06-15 03:57:29.552628: I external/local_tsl/tsl/framework/bfc_allocator.cc:1095] InUse at 7f7ad8396000 of size 221184 next 106
2025-06-15 03:57:29.553040: I external/local_tsl/tsl/framework/bfc_allocator.cc:1095] InUse at 7f7ad83cc000 of size 442368 next 100
2025-06-15 03:57:29.553532: I external/local_tsl/tsl/framework/bfc_allocator.cc:1095] InUse at 7f7ad8438000 of size 884736 next 90
2025-06-15 03:57:29.554001: I external/local_tsl/tsl/framework/bfc_allocator.cc:1095] InUse at 7f7ad8510000 of size 1769472 next 74
2025-06-15 03:57:29.554432: I external/local_tsl/tsl/framework/bfc_allocator.cc:1095] InUse at 7f7ad86c0000 of size 7077888 next 72
2025-06-15 03:57:29.554819: I external/local_tsl/tsl/framework/bfc_allocator.cc:1095] InUse at 7f7ad8d80000 of size 7077888 next 187
2025-06-15 03:57:29.555256: I external/local_tsl/tsl/framework/bfc_allocator.cc:1095] InUse at 7f7ad9440000 of size 12320768 next 18446744073709551615
2025-06-15 03:57:29.555738: I external/local_tsl/tsl/framework/bfc_allocator.cc:1075] Next region of size 16777216
2025-06-15 03:57:29.556225: I external/local_tsl/tsl/framework/bfc_allocator.cc:1095] InUse at 7f7ada000000 of size 1769472 next 173
2025-06-15 03:57:29.556675: I external/local_tsl/tsl/framework/bfc_allocator.cc:1095] InUse at 7f7ada1b0000 of size 1769472 next 64
2025-06-15 03:57:29.557148: I external/local_tsl/tsl/framework/bfc_allocator.cc:1095] InUse at 7f7ada360000 of size 3538944 next 62
2025-06-15 03:57:29.557599: I external/local_tsl/tsl/framework/bfc_allocator.cc:1095] InUse at 7f7ada6c0000 of size 3538944 next 180
2025-06-15 03:57:29.558074: I external/local_tsl/tsl/framework/bfc_allocator.cc:1095] InUse at 7f7adaa20000 of size 1048576 next 194
2025-06-15 03:57:29.558534: I external/local_tsl/tsl/framework/bfc_allocator.cc:1095] InUse at 7f7adab20000 of size 1048576 next 195
2025-06-15 03:57:29.559012: I external/local_tsl/tsl/framework/bfc_allocator.cc:1095] InUse at 7f7adac20000 of size 4063232 next 18446744073709551615
2025-06-15 03:57:29.559497: I external/local_tsl/tsl/framework/bfc_allocator.cc:1075] Next region of size 2097152
2025-06-15 03:57:29.559996: I external/local_tsl/tsl/framework/bfc_allocator.cc:1095] InUse at 7f7b40e00000 of size 1280 next 1
2025-06-15 03:57:29.560493: I external/local_tsl/tsl/framework/bfc_allocator.cc:1095] InUse at 7f7b40e00500 of size 256 next 2
2025-06-15 03:57:29.560982: I external/local_tsl/tsl/framework/bfc_allocator.cc:1095] InUse at 7f7b40e00600 of size 256 next 3
2025-06-15 03:57:29.561470: I external/local_tsl/tsl/framework/bfc_allocator.cc:1095] InUse at 7f7b40e00700 of size 256 next 5
2025-06-15 03:57:29.562110: I external/local_tsl/tsl/framework/bfc_allocator.cc:1095] InUse at 7f7b40e00800 of size 256 next 6
2025-06-15 03:57:29.562593: I external/local_tsl/tsl/framework/bfc_allocator.cc:1095] InUse at 7f7b40e00900 of size 256 next 4
2025-06-15 03:57:29.563050: I external/local_tsl/tsl/framework/bfc_allocator.cc:1095] InUse at 7f7b40e00a00 of size 256 next 7
2025-06-15 03:57:29.563480: I external/local_tsl/tsl/framework/bfc_allocator.cc:1095] InUse at 7f7b40e00b00 of size 256 next 10
2025-06-15 03:57:29.563922: I external/local_tsl/tsl/framework/bfc_allocator.cc:1095] InUse at 7f7b40e00c00 of size 256 next 277
2025-06-15 03:57:29.564373: I external/local_tsl/tsl/framework/bfc_allocator.cc:1095] InUse at 7f7b40e00d00 of size 256 next 12
2025-06-15 03:57:29.564832: I external/local_tsl/tsl/framework/bfc_allocator.cc:1095] InUse at 7f7b40e00e00 of size 256 next 13
2025-06-15 03:57:29.565276: I external/local_tsl/tsl/framework/bfc_allocator.cc:1095] InUse at 7f7b40e00f00 of size 256 next 14
2025-06-15 03:57:29.565744: I external/local_tsl/tsl/framework/bfc_allocator.cc:1095] InUse at 7f7b40e01000 of size 256 next 17
2025-06-15 03:57:29.566222: I external/local_tsl/tsl/framework/bfc_allocator.cc:1095] InUse at 7f7b40e01100 of size 256 next 15
2025-06-15 03:57:29.566637: I external/local_tsl/tsl/framework/bfc_allocator.cc:1095] InUse at 7f7b40e01200 of size 256 next 16
2025-06-15 03:57:29.567099: I external/local_tsl/tsl/framework/bfc_allocator.cc:1095] InUse at 7f7b40e01300 of size 256 next 285
2025-06-15 03:57:29.567608: I external/local_tsl/tsl/framework/bfc_allocator.cc:1095] InUse at 7f7b40e01400 of size 256 next 21
2025-06-15 03:57:29.568134: I external/local_tsl/tsl/framework/bfc_allocator.cc:1095] InUse at 7f7b40e01500 of size 256 next 22
2025-06-15 03:57:29.568634: I external/local_tsl/tsl/framework/bfc_allocator.cc:1095] InUse at 7f7b40e01600 of size 256 next 23
2025-06-15 03:57:29.569073: I external/local_tsl/tsl/framework/bfc_allocator.cc:1095] InUse at 7f7b40e01700 of size 256 next 24
2025-06-15 03:57:29.569531: I external/local_tsl/tsl/framework/bfc_allocator.cc:1095] InUse at 7f7b40e01800 of size 256 next 25
2025-06-15 03:57:29.569981: I external/local_tsl/tsl/framework/bfc_allocator.cc:1095] InUse at 7f7b40e01900 of size 256 next 28
2025-06-15 03:57:29.570453: I external/local_tsl/tsl/framework/bfc_allocator.cc:1095] InUse at 7f7b40e01a00 of size 256 next 289
2025-06-15 03:57:29.570912: I external/local_tsl/tsl/framework/bfc_allocator.cc:1095] InUse at 7f7b40e01b00 of size 256 next 30
2025-06-15 03:57:29.571362: I external/local_tsl/tsl/framework/bfc_allocator.cc:1095] InUse at 7f7b40e01c00 of size 256 next 31
2025-06-15 03:57:29.571809: I external/local_tsl/tsl/framework/bfc_allocator.cc:1095] InUse at 7f7b40e01d00 of size 256 next 32
2025-06-15 03:57:29.572238: I external/local_tsl/tsl/framework/bfc_allocator.cc:1095] InUse at 7f7b40e01e00 of size 256 next 35
2025-06-15 03:57:29.572685: I external/local_tsl/tsl/framework/bfc_allocator.cc:1095] InUse at 7f7b40e01f00 of size 256 next 33
2025-06-15 03:57:29.573124: I external/local_tsl/tsl/framework/bfc_allocator.cc:1095] InUse at 7f7b40e02000 of size 256 next 34
2025-06-15 03:57:29.573575: I external/local_tsl/tsl/framework/bfc_allocator.cc:1095] InUse at 7f7b40e02100 of size 512 next 39
2025-06-15 03:57:29.574017: I external/local_tsl/tsl/framework/bfc_allocator.cc:1095] InUse at 7f7b40e02300 of size 256 next 40
2025-06-15 03:57:29.574441: I external/local_tsl/tsl/framework/bfc_allocator.cc:1095] InUse at 7f7b40e02400 of size 256 next 41
2025-06-15 03:57:29.574861: I external/local_tsl/tsl/framework/bfc_allocator.cc:1095] InUse at 7f7b40e02500 of size 256 next 8
2025-06-15 03:57:29.575307: I external/local_tsl/tsl/framework/bfc_allocator.cc:1095] InUse at 7f7b40e02600 of size 3584 next 9
2025-06-15 03:57:29.575730: I external/local_tsl/tsl/framework/bfc_allocator.cc:1095] InUse at 7f7b40e03400 of size 512 next 42
2025-06-15 03:57:29.576141: I external/local_tsl/tsl/framework/bfc_allocator.cc:1095] InUse at 7f7b40e03600 of size 512 next 45
2025-06-15 03:57:29.576556: I external/local_tsl/tsl/framework/bfc_allocator.cc:1095] InUse at 7f7b40e03800 of size 512 next 46
2025-06-15 03:57:29.576983: I external/local_tsl/tsl/framework/bfc_allocator.cc:1095] InUse at 7f7b40e03a00 of size 512 next 297
2025-06-15 03:57:29.577408: I external/local_tsl/tsl/framework/bfc_allocator.cc:1095] InUse at 7f7b40e03c00 of size 512 next 48
2025-06-15 03:57:29.577863: I external/local_tsl/tsl/framework/bfc_allocator.cc:1095] InUse at 7f7b40e03e00 of size 256 next 49
2025-06-15 03:57:29.578295: I external/local_tsl/tsl/framework/bfc_allocator.cc:1095] InUse at 7f7b40e03f00 of size 512 next 50
2025-06-15 03:57:29.578721: I external/local_tsl/tsl/framework/bfc_allocator.cc:1095] InUse at 7f7b40e04100 of size 512 next 51
2025-06-15 03:57:29.579143: I external/local_tsl/tsl/framework/bfc_allocator.cc:1095] InUse at 7f7b40e04300 of size 512 next 55
2025-06-15 03:57:29.579586: I external/local_tsl/tsl/framework/bfc_allocator.cc:1095] InUse at 7f7b40e04500 of size 1024 next 57
2025-06-15 03:57:29.580041: I external/local_tsl/tsl/framework/bfc_allocator.cc:1095] InUse at 7f7b40e04900 of size 256 next 58
2025-06-15 03:57:29.580459: I external/local_tsl/tsl/framework/bfc_allocator.cc:1095] InUse at 7f7b40e04a00 of size 256 next 59
2025-06-15 03:57:29.580881: I external/local_tsl/tsl/framework/bfc_allocator.cc:1095] InUse at 7f7b40e04b00 of size 1024 next 60
2025-06-15 03:57:29.581289: I external/local_tsl/tsl/framework/bfc_allocator.cc:1095] InUse at 7f7b40e04f00 of size 1024 next 61
2025-06-15 03:57:29.581738: I external/local_tsl/tsl/framework/bfc_allocator.cc:1095] InUse at 7f7b40e05300 of size 1024 next 65
2025-06-15 03:57:29.582276: I external/local_tsl/tsl/framework/bfc_allocator.cc:1095] InUse at 7f7b40e05700 of size 1024 next 308
2025-06-15 03:57:29.582798: I external/local_tsl/tsl/framework/bfc_allocator.cc:1095] InUse at 7f7b40e05b00 of size 1024 next 67
2025-06-15 03:57:29.583212: I external/local_tsl/tsl/framework/bfc_allocator.cc:1095] InUse at 7f7b40e05f00 of size 256 next 68
2025-06-15 03:57:29.583632: I external/local_tsl/tsl/framework/bfc_allocator.cc:1095] InUse at 7f7b40e06000 of size 256 next 69
2025-06-15 03:57:29.584043: I external/local_tsl/tsl/framework/bfc_allocator.cc:1095] InUse at 7f7b40e06100 of size 1024 next 70
2025-06-15 03:57:29.584457: I external/local_tsl/tsl/framework/bfc_allocator.cc:1095] InUse at 7f7b40e06500 of size 1024 next 71
2025-06-15 03:57:29.584911: I external/local_tsl/tsl/framework/bfc_allocator.cc:1095] InUse at 7f7b40e06900 of size 1024 next 75
2025-06-15 03:57:29.585350: I external/local_tsl/tsl/framework/bfc_allocator.cc:1095] InUse at 7f7b40e06d00 of size 512 next 313
2025-06-15 03:57:29.585869: I external/local_tsl/tsl/framework/bfc_allocator.cc:1095] InUse at 7f7b40e06f00 of size 512 next 314
2025-06-15 03:57:29.586425: I external/local_tsl/tsl/framework/bfc_allocator.cc:1095] InUse at 7f7b40e07100 of size 512 next 315
2025-06-15 03:57:29.586854: I external/local_tsl/tsl/framework/bfc_allocator.cc:1095] InUse at 7f7b40e07300 of size 512 next 77
2025-06-15 03:57:29.587319: I external/local_tsl/tsl/framework/bfc_allocator.cc:1095] InUse at 7f7b40e07500 of size 256 next 78
2025-06-15 03:57:29.587771: I external/local_tsl/tsl/framework/bfc_allocator.cc:1095] InUse at 7f7b40e07600 of size 256 next 79
2025-06-15 03:57:29.588201: I external/local_tsl/tsl/framework/bfc_allocator.cc:1095] InUse at 7f7b40e07700 of size 512 next 80
2025-06-15 03:57:29.588672: I external/local_tsl/tsl/framework/bfc_allocator.cc:1095] InUse at 7f7b40e07900 of size 512 next 81
2025-06-15 03:57:29.589127: I external/local_tsl/tsl/framework/bfc_allocator.cc:1095] InUse at 7f7b40e07b00 of size 512 next 82
2025-06-15 03:57:29.589586: I external/local_tsl/tsl/framework/bfc_allocator.cc:1095] InUse at 7f7b40e07d00 of size 512 next 84
2025-06-15 03:57:29.590054: I external/local_tsl/tsl/framework/bfc_allocator.cc:1095] InUse at 7f7b40e07f00 of size 512 next 316
2025-06-15 03:57:29.590525: I external/local_tsl/tsl/framework/bfc_allocator.cc:1095] InUse at 7f7b40e08100 of size 512 next 86
2025-06-15 03:57:29.591030: I external/local_tsl/tsl/framework/bfc_allocator.cc:1095] InUse at 7f7b40e08300 of size 512 next 87
2025-06-15 03:57:29.591575: I external/local_tsl/tsl/framework/bfc_allocator.cc:1095] InUse at 7f7b40e08500 of size 512 next 88
2025-06-15 03:57:29.591995: I external/local_tsl/tsl/framework/bfc_allocator.cc:1095] InUse at 7f7b40e08700 of size 512 next 89
2025-06-15 03:57:29.592429: I external/local_tsl/tsl/framework/bfc_allocator.cc:1095] InUse at 7f7b40e08900 of size 256 next 321
2025-06-15 03:57:29.592870: I external/local_tsl/tsl/framework/bfc_allocator.cc:1095] InUse at 7f7b40e08a00 of size 256 next 323
2025-06-15 03:57:29.593313: I external/local_tsl/tsl/framework/bfc_allocator.cc:1095] InUse at 7f7b40e08b00 of size 256 next 324
2025-06-15 03:57:29.593777: I external/local_tsl/tsl/framework/bfc_allocator.cc:1095] InUse at 7f7b40e08c00 of size 256 next 92
2025-06-15 03:57:29.594223: I external/local_tsl/tsl/framework/bfc_allocator.cc:1095] InUse at 7f7b40e08d00 of size 256 next 93
2025-06-15 03:57:29.594699: I external/local_tsl/tsl/framework/bfc_allocator.cc:1095] InUse at 7f7b40e08e00 of size 256 next 94
2025-06-15 03:57:29.595172: I external/local_tsl/tsl/framework/bfc_allocator.cc:1095] InUse at 7f7b40e08f00 of size 256 next 97
2025-06-15 03:57:29.595607: I external/local_tsl/tsl/framework/bfc_allocator.cc:1095] InUse at 7f7b40e09000 of size 256 next 95
2025-06-15 03:57:29.596071: I external/local_tsl/tsl/framework/bfc_allocator.cc:1095] InUse at 7f7b40e09100 of size 256 next 96
2025-06-15 03:57:29.596504: I external/local_tsl/tsl/framework/bfc_allocator.cc:1095] InUse at 7f7b40e09200 of size 256 next 98
2025-06-15 03:57:29.596952: I external/local_tsl/tsl/framework/bfc_allocator.cc:1095] InUse at 7f7b40e09300 of size 256 next 101
2025-06-15 03:57:29.597374: I external/local_tsl/tsl/framework/bfc_allocator.cc:1095] InUse at 7f7b40e09400 of size 256 next 102
2025-06-15 03:57:29.597812: I external/local_tsl/tsl/framework/bfc_allocator.cc:1095] InUse at 7f7b40e09500 of size 256 next 103
2025-06-15 03:57:29.598269: I external/local_tsl/tsl/framework/bfc_allocator.cc:1095] InUse at 7f7b40e09600 of size 256 next 104
2025-06-15 03:57:29.598745: I external/local_tsl/tsl/framework/bfc_allocator.cc:1095] InUse at 7f7b40e09700 of size 256 next 105
2025-06-15 03:57:29.599221: I external/local_tsl/tsl/framework/bfc_allocator.cc:1095] Free  at 7f7b40e09800 of size 512 next 108
2025-06-15 03:57:29.599684: I external/local_tsl/tsl/framework/bfc_allocator.cc:1095] InUse at 7f7b40e09a00 of size 256 next 109
2025-06-15 03:57:29.600116: I external/local_tsl/tsl/framework/bfc_allocator.cc:1095] InUse at 7f7b40e09b00 of size 256 next 110
2025-06-15 03:57:29.600523: I external/local_tsl/tsl/framework/bfc_allocator.cc:1095] InUse at 7f7b40e09c00 of size 256 next 146
2025-06-15 03:57:29.600949: I external/local_tsl/tsl/framework/bfc_allocator.cc:1095] InUse at 7f7b40e09d00 of size 256 next 147
2025-06-15 03:57:29.601408: I external/local_tsl/tsl/framework/bfc_allocator.cc:1095] InUse at 7f7b40e09e00 of size 256 next 148
2025-06-15 03:57:29.601870: I external/local_tsl/tsl/framework/bfc_allocator.cc:1095] InUse at 7f7b40e09f00 of size 256 next 149
2025-06-15 03:57:29.602321: I external/local_tsl/tsl/framework/bfc_allocator.cc:1095] InUse at 7f7b40e0a000 of size 256 next 150
2025-06-15 03:57:29.602843: I external/local_tsl/tsl/framework/bfc_allocator.cc:1095] InUse at 7f7b40e0a100 of size 256 next 151
2025-06-15 03:57:29.603350: I external/local_tsl/tsl/framework/bfc_allocator.cc:1095] InUse at 7f7b40e0a200 of size 256 next 153
2025-06-15 03:57:29.603800: I external/local_tsl/tsl/framework/bfc_allocator.cc:1095] InUse at 7f7b40e0a300 of size 256 next 154
2025-06-15 03:57:29.604226: I external/local_tsl/tsl/framework/bfc_allocator.cc:1095] InUse at 7f7b40e0a400 of size 256 next 155
2025-06-15 03:57:29.604657: I external/local_tsl/tsl/framework/bfc_allocator.cc:1095] InUse at 7f7b40e0a500 of size 256 next 156
2025-06-15 03:57:29.605104: I external/local_tsl/tsl/framework/bfc_allocator.cc:1095] InUse at 7f7b40e0a600 of size 256 next 157
2025-06-15 03:57:29.605581: I external/local_tsl/tsl/framework/bfc_allocator.cc:1095] InUse at 7f7b40e0a700 of size 256 next 158
2025-06-15 03:57:29.606028: I external/local_tsl/tsl/framework/bfc_allocator.cc:1095] InUse at 7f7b40e0a800 of size 256 next 160
2025-06-15 03:57:29.606475: I external/local_tsl/tsl/framework/bfc_allocator.cc:1095] InUse at 7f7b40e0a900 of size 256 next 161
2025-06-15 03:57:29.606925: I external/local_tsl/tsl/framework/bfc_allocator.cc:1095] InUse at 7f7b40e0aa00 of size 256 next 162
2025-06-15 03:57:29.607370: I external/local_tsl/tsl/framework/bfc_allocator.cc:1095] InUse at 7f7b40e0ab00 of size 256 next 163
2025-06-15 03:57:29.607797: I external/local_tsl/tsl/framework/bfc_allocator.cc:1095] InUse at 7f7b40e0ac00 of size 256 next 164
2025-06-15 03:57:29.608229: I external/local_tsl/tsl/framework/bfc_allocator.cc:1095] InUse at 7f7b40e0ad00 of size 256 next 165
2025-06-15 03:57:29.608680: I external/local_tsl/tsl/framework/bfc_allocator.cc:1095] InUse at 7f7b40e0ae00 of size 512 next 167
2025-06-15 03:57:29.609178: I external/local_tsl/tsl/framework/bfc_allocator.cc:1095] InUse at 7f7b40e0b000 of size 512 next 168
2025-06-15 03:57:29.609607: I external/local_tsl/tsl/framework/bfc_allocator.cc:1095] InUse at 7f7b40e0b200 of size 512 next 169
2025-06-15 03:57:29.610032: I external/local_tsl/tsl/framework/bfc_allocator.cc:1095] InUse at 7f7b40e0b400 of size 512 next 170
2025-06-15 03:57:29.610435: I external/local_tsl/tsl/framework/bfc_allocator.cc:1095] InUse at 7f7b40e0b600 of size 512 next 171
2025-06-15 03:57:29.610913: I external/local_tsl/tsl/framework/bfc_allocator.cc:1095] InUse at 7f7b40e0b800 of size 512 next 172
2025-06-15 03:57:29.611362: I external/local_tsl/tsl/framework/bfc_allocator.cc:1095] InUse at 7f7b40e0ba00 of size 512 next 174
2025-06-15 03:57:29.611809: I external/local_tsl/tsl/framework/bfc_allocator.cc:1095] InUse at 7f7b40e0bc00 of size 512 next 175
2025-06-15 03:57:29.612250: I external/local_tsl/tsl/framework/bfc_allocator.cc:1095] InUse at 7f7b40e0be00 of size 512 next 176
2025-06-15 03:57:29.612677: I external/local_tsl/tsl/framework/bfc_allocator.cc:1095] InUse at 7f7b40e0c000 of size 512 next 177
2025-06-15 03:57:29.613094: I external/local_tsl/tsl/framework/bfc_allocator.cc:1095] InUse at 7f7b40e0c200 of size 512 next 178
2025-06-15 03:57:29.613498: I external/local_tsl/tsl/framework/bfc_allocator.cc:1095] InUse at 7f7b40e0c400 of size 512 next 179
2025-06-15 03:57:29.613939: I external/local_tsl/tsl/framework/bfc_allocator.cc:1095] InUse at 7f7b40e0c600 of size 1024 next 181
2025-06-15 03:57:29.614358: I external/local_tsl/tsl/framework/bfc_allocator.cc:1095] InUse at 7f7b40e0ca00 of size 1024 next 182
2025-06-15 03:57:29.614764: I external/local_tsl/tsl/framework/bfc_allocator.cc:1095] InUse at 7f7b40e0ce00 of size 1024 next 183
2025-06-15 03:57:29.615214: I external/local_tsl/tsl/framework/bfc_allocator.cc:1095] InUse at 7f7b40e0d200 of size 1024 next 184
2025-06-15 03:57:29.615652: I external/local_tsl/tsl/framework/bfc_allocator.cc:1095] InUse at 7f7b40e0d600 of size 1024 next 185
2025-06-15 03:57:29.616125: I external/local_tsl/tsl/framework/bfc_allocator.cc:1095] InUse at 7f7b40e0da00 of size 1024 next 186
2025-06-15 03:57:29.616567: I external/local_tsl/tsl/framework/bfc_allocator.cc:1095] InUse at 7f7b40e0de00 of size 1024 next 188
2025-06-15 03:57:29.616996: I external/local_tsl/tsl/framework/bfc_allocator.cc:1095] InUse at 7f7b40e0e200 of size 1024 next 189
2025-06-15 03:57:29.617431: I external/local_tsl/tsl/framework/bfc_allocator.cc:1095] InUse at 7f7b40e0e600 of size 1024 next 190
2025-06-15 03:57:29.617896: I external/local_tsl/tsl/framework/bfc_allocator.cc:1095] InUse at 7f7b40e0ea00 of size 1024 next 191
2025-06-15 03:57:29.618340: I external/local_tsl/tsl/framework/bfc_allocator.cc:1095] InUse at 7f7b40e0ee00 of size 1024 next 192
2025-06-15 03:57:29.618753: I external/local_tsl/tsl/framework/bfc_allocator.cc:1095] InUse at 7f7b40e0f200 of size 1024 next 193
2025-06-15 03:57:29.619202: I external/local_tsl/tsl/framework/bfc_allocator.cc:1095] InUse at 7f7b40e0f600 of size 512 next 196
2025-06-15 03:57:29.619658: I external/local_tsl/tsl/framework/bfc_allocator.cc:1095] InUse at 7f7b40e0f800 of size 512 next 197
2025-06-15 03:57:29.620096: I external/local_tsl/tsl/framework/bfc_allocator.cc:1095] InUse at 7f7b40e0fa00 of size 512 next 199
2025-06-15 03:57:29.620510: I external/local_tsl/tsl/framework/bfc_allocator.cc:1095] InUse at 7f7b40e0fc00 of size 512 next 200
2025-06-15 03:57:29.620895: I external/local_tsl/tsl/framework/bfc_allocator.cc:1095] InUse at 7f7b40e0fe00 of size 512 next 201
2025-06-15 03:57:29.621319: I external/local_tsl/tsl/framework/bfc_allocator.cc:1095] InUse at 7f7b40e10000 of size 512 next 202
2025-06-15 03:57:29.621705: I external/local_tsl/tsl/framework/bfc_allocator.cc:1095] InUse at 7f7b40e10200 of size 512 next 203
2025-06-15 03:57:29.622147: I external/local_tsl/tsl/framework/bfc_allocator.cc:1095] InUse at 7f7b40e10400 of size 512 next 204
2025-06-15 03:57:29.622568: I external/local_tsl/tsl/framework/bfc_allocator.cc:1095] InUse at 7f7b40e10600 of size 512 next 207
2025-06-15 03:57:29.623137: I external/local_tsl/tsl/framework/bfc_allocator.cc:1095] InUse at 7f7b40e10800 of size 512 next 208
2025-06-15 03:57:29.623694: I external/local_tsl/tsl/framework/bfc_allocator.cc:1095] InUse at 7f7b40e10a00 of size 512 next 209
2025-06-15 03:57:29.624193: I external/local_tsl/tsl/framework/bfc_allocator.cc:1095] InUse at 7f7b40e10c00 of size 512 next 210
2025-06-15 03:57:29.624619: I external/local_tsl/tsl/framework/bfc_allocator.cc:1095] InUse at 7f7b40e10e00 of size 512 next 211
2025-06-15 03:57:29.625041: I external/local_tsl/tsl/framework/bfc_allocator.cc:1095] InUse at 7f7b40e11000 of size 512 next 212
2025-06-15 03:57:29.625451: I external/local_tsl/tsl/framework/bfc_allocator.cc:1095] InUse at 7f7b40e11200 of size 256 next 215
2025-06-15 03:57:29.625864: I external/local_tsl/tsl/framework/bfc_allocator.cc:1095] InUse at 7f7b40e11300 of size 256 next 216
2025-06-15 03:57:29.626273: I external/local_tsl/tsl/framework/bfc_allocator.cc:1095] InUse at 7f7b40e11400 of size 256 next 219
2025-06-15 03:57:29.626714: I external/local_tsl/tsl/framework/bfc_allocator.cc:1095] InUse at 7f7b40e11500 of size 256 next 220
2025-06-15 03:57:29.627142: I external/local_tsl/tsl/framework/bfc_allocator.cc:1095] InUse at 7f7b40e11600 of size 256 next 221
2025-06-15 03:57:29.627559: I external/local_tsl/tsl/framework/bfc_allocator.cc:1095] InUse at 7f7b40e11700 of size 256 next 222
2025-06-15 03:57:29.627987: I external/local_tsl/tsl/framework/bfc_allocator.cc:1095] InUse at 7f7b40e11800 of size 256 next 223
2025-06-15 03:57:29.628396: I external/local_tsl/tsl/framework/bfc_allocator.cc:1095] InUse at 7f7b40e11900 of size 256 next 224
2025-06-15 03:57:29.628797: I external/local_tsl/tsl/framework/bfc_allocator.cc:1095] InUse at 7f7b40e11a00 of size 256 next 227
2025-06-15 03:57:29.629202: I external/local_tsl/tsl/framework/bfc_allocator.cc:1095] InUse at 7f7b40e11b00 of size 256 next 228
2025-06-15 03:57:29.629626: I external/local_tsl/tsl/framework/bfc_allocator.cc:1095] InUse at 7f7b40e11c00 of size 256 next 229
2025-06-15 03:57:29.630059: I external/local_tsl/tsl/framework/bfc_allocator.cc:1095] InUse at 7f7b40e11d00 of size 256 next 230
2025-06-15 03:57:29.630464: I external/local_tsl/tsl/framework/bfc_allocator.cc:1095] InUse at 7f7b40e11e00 of size 256 next 231
2025-06-15 03:57:29.630861: I external/local_tsl/tsl/framework/bfc_allocator.cc:1095] InUse at 7f7b40e11f00 of size 256 next 232
2025-06-15 03:57:29.631262: I external/local_tsl/tsl/framework/bfc_allocator.cc:1095] InUse at 7f7b40e12000 of size 65536 next 233
2025-06-15 03:57:29.631628: I external/local_tsl/tsl/framework/bfc_allocator.cc:1095] InUse at 7f7b40e22000 of size 95232 next 19
2025-06-15 03:57:29.632038: I external/local_tsl/tsl/framework/bfc_allocator.cc:1095] InUse at 7f7b40e39400 of size 110592 next 18
2025-06-15 03:57:29.632399: I external/local_tsl/tsl/framework/bfc_allocator.cc:1095] InUse at 7f7b40e54400 of size 65536 next 115
2025-06-15 03:57:29.632759: I external/local_tsl/tsl/framework/bfc_allocator.cc:1095] InUse at 7f7b40e64400 of size 256 next 112
2025-06-15 03:57:29.633174: I external/local_tsl/tsl/framework/bfc_allocator.cc:1095] InUse at 7f7b40e64500 of size 256 next 114
2025-06-15 03:57:29.633616: I external/local_tsl/tsl/framework/bfc_allocator.cc:1095] InUse at 7f7b40e64600 of size 256 next 113
2025-06-15 03:57:29.634037: I external/local_tsl/tsl/framework/bfc_allocator.cc:1095] InUse at 7f7b40e64700 of size 256 next 111
2025-06-15 03:57:29.634494: I external/local_tsl/tsl/framework/bfc_allocator.cc:1095] InUse at 7f7b40e64800 of size 256 next 117
2025-06-15 03:57:29.634909: I external/local_tsl/tsl/framework/bfc_allocator.cc:1095] InUse at 7f7b40e64900 of size 256 next 118
2025-06-15 03:57:29.635358: I external/local_tsl/tsl/framework/bfc_allocator.cc:1095] InUse at 7f7b40e64a00 of size 256 next 120
2025-06-15 03:57:29.635794: I external/local_tsl/tsl/framework/bfc_allocator.cc:1095] InUse at 7f7b40e64b00 of size 256 next 119
2025-06-15 03:57:29.636253: I external/local_tsl/tsl/framework/bfc_allocator.cc:1095] InUse at 7f7b40e64c00 of size 256 next 121
2025-06-15 03:57:29.636682: I external/local_tsl/tsl/framework/bfc_allocator.cc:1095] InUse at 7f7b40e64d00 of size 256 next 123
2025-06-15 03:57:29.637107: I external/local_tsl/tsl/framework/bfc_allocator.cc:1095] InUse at 7f7b40e64e00 of size 256 next 124
2025-06-15 03:57:29.637521: I external/local_tsl/tsl/framework/bfc_allocator.cc:1095] InUse at 7f7b40e64f00 of size 256 next 125
2025-06-15 03:57:29.637946: I external/local_tsl/tsl/framework/bfc_allocator.cc:1095] InUse at 7f7b40e65000 of size 256 next 126
2025-06-15 03:57:29.638415: I external/local_tsl/tsl/framework/bfc_allocator.cc:1095] InUse at 7f7b40e65100 of size 256 next 128
2025-06-15 03:57:29.638867: I external/local_tsl/tsl/framework/bfc_allocator.cc:1095] InUse at 7f7b40e65200 of size 256 next 127
2025-06-15 03:57:29.639317: I external/local_tsl/tsl/framework/bfc_allocator.cc:1095] InUse at 7f7b40e65300 of size 256 next 129
2025-06-15 03:57:29.639756: I external/local_tsl/tsl/framework/bfc_allocator.cc:1095] InUse at 7f7b40e65400 of size 256 next 130
2025-06-15 03:57:29.640179: I external/local_tsl/tsl/framework/bfc_allocator.cc:1095] InUse at 7f7b40e65500 of size 256 next 131
2025-06-15 03:57:29.640600: I external/local_tsl/tsl/framework/bfc_allocator.cc:1095] InUse at 7f7b40e65600 of size 256 next 132
2025-06-15 03:57:29.641009: I external/local_tsl/tsl/framework/bfc_allocator.cc:1095] InUse at 7f7b40e65700 of size 256 next 133
2025-06-15 03:57:29.641539: I external/local_tsl/tsl/framework/bfc_allocator.cc:1095] InUse at 7f7b40e65800 of size 256 next 137
2025-06-15 03:57:29.642100: I external/local_tsl/tsl/framework/bfc_allocator.cc:1095] InUse at 7f7b40e65900 of size 256 next 136
2025-06-15 03:57:29.642605: I external/local_tsl/tsl/framework/bfc_allocator.cc:1095] InUse at 7f7b40e65a00 of size 3584 next 138
2025-06-15 03:57:29.643061: I external/local_tsl/tsl/framework/bfc_allocator.cc:1095] InUse at 7f7b40e66800 of size 3584 next 139
2025-06-15 03:57:29.643492: I external/local_tsl/tsl/framework/bfc_allocator.cc:1095] InUse at 7f7b40e67600 of size 256 next 140
2025-06-15 03:57:29.644086: I external/local_tsl/tsl/framework/bfc_allocator.cc:1095] InUse at 7f7b40e67700 of size 256 next 141
2025-06-15 03:57:29.644622: I external/local_tsl/tsl/framework/bfc_allocator.cc:1095] InUse at 7f7b40e67800 of size 256 next 142
2025-06-15 03:57:29.645154: I external/local_tsl/tsl/framework/bfc_allocator.cc:1095] InUse at 7f7b40e67900 of size 256 next 143
2025-06-15 03:57:29.645603: I external/local_tsl/tsl/framework/bfc_allocator.cc:1095] InUse at 7f7b40e67a00 of size 256 next 144
2025-06-15 03:57:29.646074: I external/local_tsl/tsl/framework/bfc_allocator.cc:1095] InUse at 7f7b40e67b00 of size 256 next 145
2025-06-15 03:57:29.646519: I external/local_tsl/tsl/framework/bfc_allocator.cc:1095] InUse at 7f7b40e67c00 of size 141312 next 27
2025-06-15 03:57:29.646922: I external/local_tsl/tsl/framework/bfc_allocator.cc:1095] InUse at 7f7b40e8a400 of size 221184 next 26
2025-06-15 03:57:29.647350: I external/local_tsl/tsl/framework/bfc_allocator.cc:1095] InUse at 7f7b40ec0400 of size 442368 next 159
2025-06-15 03:57:29.647788: I external/local_tsl/tsl/framework/bfc_allocator.cc:1095] InUse at 7f7b40f2c400 of size 867328 next 18446744073709551615
2025-06-15 03:57:29.648194: I external/local_tsl/tsl/framework/bfc_allocator.cc:1075] Next region of size 4194304
2025-06-15 03:57:29.648618: I external/local_tsl/tsl/framework/bfc_allocator.cc:1095] InUse at 7f7b41400000 of size 442368 next 37
2025-06-15 03:57:29.649011: I external/local_tsl/tsl/framework/bfc_allocator.cc:1095] InUse at 7f7b4146c000 of size 221184 next 116
2025-06-15 03:57:29.649408: I external/local_tsl/tsl/framework/bfc_allocator.cc:1095] InUse at 7f7b414a2000 of size 110592 next 122
2025-06-15 03:57:29.649804: I external/local_tsl/tsl/framework/bfc_allocator.cc:1095] InUse at 7f7b414bd000 of size 192512 next 99
2025-06-15 03:57:29.650212: I external/local_tsl/tsl/framework/bfc_allocator.cc:1095] InUse at 7f7b414ec000 of size 360448 next 44
2025-06-15 03:57:29.650618: I external/local_tsl/tsl/framework/bfc_allocator.cc:1095] InUse at 7f7b41544000 of size 884736 next 43
2025-06-15 03:57:29.650968: I external/local_tsl/tsl/framework/bfc_allocator.cc:1095] InUse at 7f7b4161c000 of size 1982464 next 18446744073709551615
2025-06-15 03:57:29.651367: I external/local_tsl/tsl/framework/bfc_allocator.cc:1075] Next region of size 8388608
2025-06-15 03:57:29.651769: I external/local_tsl/tsl/framework/bfc_allocator.cc:1095] InUse at 7f7b41800000 of size 884736 next 166
2025-06-15 03:57:29.652176: I external/local_tsl/tsl/framework/bfc_allocator.cc:1095] InUse at 7f7b418d8000 of size 884736 next 54
2025-06-15 03:57:29.652558: I external/local_tsl/tsl/framework/bfc_allocator.cc:1095] InUse at 7f7b419b0000 of size 1769472 next 52
2025-06-15 03:57:29.652969: I external/local_tsl/tsl/framework/bfc_allocator.cc:1095] InUse at 7f7b41b60000 of size 4849664 next 18446744073709551615
2025-06-15 03:57:29.653363: I external/local_tsl/tsl/framework/bfc_allocator.cc:1100]      Summary of in-use Chunks by size: 
2025-06-15 03:57:29.653776: I external/local_tsl/tsl/framework/bfc_allocator.cc:1103] 155 Chunks of size 256 totalling 38.8KiB
2025-06-15 03:57:29.654216: I external/local_tsl/tsl/framework/bfc_allocator.cc:1103] 55 Chunks of size 512 totalling 27.5KiB
2025-06-15 03:57:29.654630: I external/local_tsl/tsl/framework/bfc_allocator.cc:1103] 26 Chunks of size 1024 totalling 26.0KiB
2025-06-15 03:57:29.655062: I external/local_tsl/tsl/framework/bfc_allocator.cc:1103] 1 Chunks of size 1280 totalling 1.2KiB
2025-06-15 03:57:29.655509: I external/local_tsl/tsl/framework/bfc_allocator.cc:1103] 3 Chunks of size 3584 totalling 10.5KiB
2025-06-15 03:57:29.655931: I external/local_tsl/tsl/framework/bfc_allocator.cc:1103] 2 Chunks of size 65536 totalling 128.0KiB
2025-06-15 03:57:29.656348: I external/local_tsl/tsl/framework/bfc_allocator.cc:1103] 1 Chunks of size 95232 totalling 93.0KiB
2025-06-15 03:57:29.656746: I external/local_tsl/tsl/framework/bfc_allocator.cc:1103] 4 Chunks of size 110592 totalling 432.0KiB
2025-06-15 03:57:29.657188: I external/local_tsl/tsl/framework/bfc_allocator.cc:1103] 1 Chunks of size 141312 totalling 138.0KiB
2025-06-15 03:57:29.657599: I external/local_tsl/tsl/framework/bfc_allocator.cc:1103] 1 Chunks of size 192512 totalling 188.0KiB
2025-06-15 03:57:29.658015: I external/local_tsl/tsl/framework/bfc_allocator.cc:1103] 6 Chunks of size 221184 totalling 1.27MiB
2025-06-15 03:57:29.658418: I external/local_tsl/tsl/framework/bfc_allocator.cc:1103] 2 Chunks of size 262144 totalling 512.0KiB
2025-06-15 03:57:29.658842: I external/local_tsl/tsl/framework/bfc_allocator.cc:1103] 1 Chunks of size 360448 totalling 352.0KiB
2025-06-15 03:57:29.659251: I external/local_tsl/tsl/framework/bfc_allocator.cc:1103] 5 Chunks of size 442368 totalling 2.11MiB
2025-06-15 03:57:29.659746: I external/local_tsl/tsl/framework/bfc_allocator.cc:1103] 1 Chunks of size 867328 totalling 847.0KiB
2025-06-15 03:57:29.660287: I external/local_tsl/tsl/framework/bfc_allocator.cc:1103] 6 Chunks of size 884736 totalling 5.06MiB
2025-06-15 03:57:29.660776: I external/local_tsl/tsl/framework/bfc_allocator.cc:1103] 2 Chunks of size 1048576 totalling 2.00MiB
2025-06-15 03:57:29.661189: I external/local_tsl/tsl/framework/bfc_allocator.cc:1103] 6 Chunks of size 1769472 totalling 10.12MiB
2025-06-15 03:57:29.661620: I external/local_tsl/tsl/framework/bfc_allocator.cc:1103] 1 Chunks of size 1982464 totalling 1.89MiB
2025-06-15 03:57:29.662042: I external/local_tsl/tsl/framework/bfc_allocator.cc:1103] 4 Chunks of size 3538944 totalling 13.50MiB
2025-06-15 03:57:29.662532: I external/local_tsl/tsl/framework/bfc_allocator.cc:1103] 1 Chunks of size 4063232 totalling 3.88MiB
2025-06-15 03:57:29.662958: I external/local_tsl/tsl/framework/bfc_allocator.cc:1103] 1 Chunks of size 4849664 totalling 4.62MiB
2025-06-15 03:57:29.663389: I external/local_tsl/tsl/framework/bfc_allocator.cc:1103] 2 Chunks of size 7077888 totalling 13.50MiB
2025-06-15 03:57:29.663785: I external/local_tsl/tsl/framework/bfc_allocator.cc:1103] 1 Chunks of size 12320768 totalling 11.75MiB
2025-06-15 03:57:29.664221: I external/local_tsl/tsl/framework/bfc_allocator.cc:1103] 2 Chunks of size 15138816 totalling 28.88MiB
2025-06-15 03:57:29.664690: I external/local_tsl/tsl/framework/bfc_allocator.cc:1103] 4 Chunks of size 30277632 totalling 115.50MiB
2025-06-15 03:57:29.665042: I external/local_tsl/tsl/framework/bfc_allocator.cc:1103] 2 Chunks of size 60555264 totalling 115.50MiB
2025-06-15 03:57:29.665454: I external/local_tsl/tsl/framework/bfc_allocator.cc:1103] 1 Chunks of size 73662464 totalling 70.25MiB
2025-06-15 03:57:29.665863: I external/local_tsl/tsl/framework/bfc_allocator.cc:1103] 1 Chunks of size 116654080 totalling 111.25MiB
2025-06-15 03:57:29.666286: I external/local_tsl/tsl/framework/bfc_allocator.cc:1103] 6 Chunks of size 121110528 totalling 693.00MiB
2025-06-15 03:57:29.666717: I external/local_tsl/tsl/framework/bfc_allocator.cc:1103] 2 Chunks of size 209715200 totalling 400.00MiB
2025-06-15 03:57:29.667127: I external/local_tsl/tsl/framework/bfc_allocator.cc:1103] 3 Chunks of size 242221056 totalling 693.00MiB
2025-06-15 03:57:29.667526: I external/local_tsl/tsl/framework/bfc_allocator.cc:1103] 8 Chunks of size 484442112 totalling 3.61GiB
2025-06-15 03:57:29.667867: I external/local_tsl/tsl/framework/bfc_allocator.cc:1103] 1 Chunks of size 968884224 totalling 924.00MiB
2025-06-15 03:57:29.668192: I external/local_tsl/tsl/framework/bfc_allocator.cc:1103] 6 Chunks of size 1937768448 totalling 10.83GiB
2025-06-15 03:57:29.668548: I external/local_tsl/tsl/framework/bfc_allocator.cc:1107] Sum Total of in-use chunks: 17.58GiB
2025-06-15 03:57:29.669020: I external/local_tsl/tsl/framework/bfc_allocator.cc:1109] Total bytes in pool: 23575789568 memory_limit_: 23575789568 available bytes: 0 curr_region_allocation_bytes_: 34359738368
2025-06-15 03:57:29.669379: I external/local_tsl/tsl/framework/bfc_allocator.cc:1114] Stats: 
Limit:                     23575789568
InUse:                     18882553856
MaxInUse:                  22800760320
NumAllocs:                         912
MaxAllocSize:               4135495424
Reserved:                            0
PeakReserved:                        0
LargestFreeBlock:                    0

2025-06-15 03:57:29.669697: W external/local_tsl/tsl/framework/bfc_allocator.cc:497] ________*********________************************************_**************************************
2025-06-15 03:57:29.670066: W tensorflow/core/framework/op_kernel.cc:1839] OP_REQUIRES failed at concat_op.cc:165 : RESOURCE_EXHAUSTED: OOM when allocating tensor with shape[2,64,192,224,176] and type float on /job:localhost/replica:0/task:0/device:GPU:0 by allocator GPU_0_bfc
Traceback (most recent call last):
  File "/mnt/beegfs/hellgate/home/rb194958e/stroke_segmentation_sota/batch_wise_train.py", line 277, in <module>
    if main():
       ^^^^^^
  File "/mnt/beegfs/hellgate/home/rb194958e/stroke_segmentation_sota/batch_wise_train.py", line 256, in main
    history = model.fit(
              ^^^^^^^^^^
  File "/mnt/beegfs/hellgate/home/rb194958e/.conda/envs/tf215_env/lib/python3.11/site-packages/keras/src/utils/traceback_utils.py", line 70, in error_handler
    raise e.with_traceback(filtered_tb) from None
  File "/mnt/beegfs/hellgate/home/rb194958e/.conda/envs/tf215_env/lib/python3.11/site-packages/tensorflow/python/eager/execute.py", line 53, in quick_execute
    tensors = pywrap_tfe.TFE_Py_Execute(ctx._handle, device_name, op_name,
  ^^^^^^^^^^^^^^^^^^^^^^^^^^^^^^^^^^^^^^^^^^^^^^^^^^^^^^^^^^^^^^^^^^^^^^^^
tensorflow.python.framework.errors_impl.ResourceExhaustedError: Graph execution error:

Detected at node model/concatenate_2/concat defined at (most recent call last):
  File "/mnt/beegfs/hellgate/home/rb194958e/stroke_segmentation_sota/batch_wise_train.py", line 277, in <module>

  File "/mnt/beegfs/hellgate/home/rb194958e/stroke_segmentation_sota/batch_wise_train.py", line 256, in main

  File "/mnt/beegfs/hellgate/home/rb194958e/.conda/envs/tf215_env/lib/python3.11/site-packages/keras/src/utils/traceback_utils.py", line 65, in error_handler

  File "/mnt/beegfs/hellgate/home/rb194958e/.conda/envs/tf215_env/lib/python3.11/site-packages/keras/src/engine/training.py", line 1807, in fit

  File "/mnt/beegfs/hellgate/home/rb194958e/.conda/envs/tf215_env/lib/python3.11/site-packages/keras/src/engine/training.py", line 1401, in train_function

  File "/mnt/beegfs/hellgate/home/rb194958e/.conda/envs/tf215_env/lib/python3.11/site-packages/keras/src/engine/training.py", line 1384, in step_function

  File "/mnt/beegfs/hellgate/home/rb194958e/.conda/envs/tf215_env/lib/python3.11/site-packages/keras/src/engine/training.py", line 1373, in run_step

  File "/mnt/beegfs/hellgate/home/rb194958e/.conda/envs/tf215_env/lib/python3.11/site-packages/keras/src/engine/training.py", line 1150, in train_step

  File "/mnt/beegfs/hellgate/home/rb194958e/.conda/envs/tf215_env/lib/python3.11/site-packages/keras/src/utils/traceback_utils.py", line 65, in error_handler

  File "/mnt/beegfs/hellgate/home/rb194958e/.conda/envs/tf215_env/lib/python3.11/site-packages/keras/src/engine/training.py", line 590, in __call__

  File "/mnt/beegfs/hellgate/home/rb194958e/.conda/envs/tf215_env/lib/python3.11/site-packages/keras/src/utils/traceback_utils.py", line 65, in error_handler

  File "/mnt/beegfs/hellgate/home/rb194958e/.conda/envs/tf215_env/lib/python3.11/site-packages/keras/src/engine/base_layer.py", line 1149, in __call__

  File "/mnt/beegfs/hellgate/home/rb194958e/.conda/envs/tf215_env/lib/python3.11/site-packages/keras/src/utils/traceback_utils.py", line 96, in error_handler

  File "/mnt/beegfs/hellgate/home/rb194958e/.conda/envs/tf215_env/lib/python3.11/site-packages/keras/src/engine/functional.py", line 515, in call

  File "/mnt/beegfs/hellgate/home/rb194958e/.conda/envs/tf215_env/lib/python3.11/site-packages/keras/src/engine/functional.py", line 672, in _run_internal_graph

  File "/mnt/beegfs/hellgate/home/rb194958e/.conda/envs/tf215_env/lib/python3.11/site-packages/keras/src/utils/traceback_utils.py", line 65, in error_handler

  File "/mnt/beegfs/hellgate/home/rb194958e/.conda/envs/tf215_env/lib/python3.11/site-packages/keras/src/engine/base_layer.py", line 1149, in __call__

  File "/mnt/beegfs/hellgate/home/rb194958e/.conda/envs/tf215_env/lib/python3.11/site-packages/keras/src/utils/traceback_utils.py", line 96, in error_handler

  File "/mnt/beegfs/hellgate/home/rb194958e/.conda/envs/tf215_env/lib/python3.11/site-packages/keras/src/layers/merging/base_merge.py", line 196, in call

  File "/mnt/beegfs/hellgate/home/rb194958e/.conda/envs/tf215_env/lib/python3.11/site-packages/keras/src/layers/merging/concatenate.py", line 134, in _merge_function

  File "/mnt/beegfs/hellgate/home/rb194958e/.conda/envs/tf215_env/lib/python3.11/site-packages/keras/src/backend.py", line 3580, in concatenate

OOM when allocating tensor with shape[2,64,192,224,176] and type float on /job:localhost/replica:0/task:0/device:GPU:0 by allocator GPU_0_bfc
	 [[{{node model/concatenate_2/concat}}]]
Hint: If you want to see a list of allocated tensors when OOM happens, add report_tensor_allocations_upon_oom to RunOptions for current allocation info. This isn't available when running in Eager mode.
 [Op:__inference_train_function_7309]
2025-06-15 03:57:29.825665: W tensorflow/core/kernels/data/generator_dataset_op.cc:108] Error occurred when finalizing GeneratorDataset iterator: FAILED_PRECONDITION: Python interpreter state is not initialized. The process may be terminated.
	 [[{{node PyFunc}}]]
/var/spool/slurmd/job1124299/slurm_script: line 320: EOF: command not found
/var/spool/slurmd/job1124299/slurm_script: line 330: unexpected EOF while looking for matching ``'
/var/spool/slurmd/job1124299/slurm_script: line 339: syntax error: unexpected end of file
