2025-06-14 11:51:14.989814: I tensorflow/core/util/port.cc:113] oneDNN custom operations are on. You may see slightly different numerical results due to floating-point round-off errors from different computation orders. To turn them off, set the environment variable `TF_ENABLE_ONEDNN_OPTS=0`.
2025-06-14 11:51:16.003584: E external/local_xla/xla/stream_executor/cuda/cuda_dnn.cc:9261] Unable to register cuDNN factory: Attempting to register factory for plugin cuDNN when one has already been registered
2025-06-14 11:51:16.004284: E external/local_xla/xla/stream_executor/cuda/cuda_fft.cc:607] Unable to register cuFFT factory: Attempting to register factory for plugin cuFFT when one has already been registered
2025-06-14 11:51:16.125436: E external/local_xla/xla/stream_executor/cuda/cuda_blas.cc:1515] Unable to register cuBLAS factory: Attempting to register factory for plugin cuBLAS when one has already been registered
2025-06-14 11:51:16.389739: I tensorflow/core/platform/cpu_feature_guard.cc:182] This TensorFlow binary is optimized to use available CPU instructions in performance-critical operations.
To enable the following instructions: AVX2 AVX512F AVX512_VNNI FMA, in other operations, rebuild TensorFlow with the appropriate compiler flags.
2025-06-14 11:51:23.217203: W tensorflow/compiler/tf2tensorrt/utils/py_utils.cc:38] TF-TRT Warning: Could not find TensorRT
INFO:__main__:🚀 Starting Stroke Lesion Segmentation Training
INFO:__main__:Using 1 GPU(s)
INFO:__main__:Creating data generators...
INFO:__main__:Found 655 valid image/mask pairs
INFO:__main__:Found 655 valid image/mask pairs
INFO:__main__:Training batches: 262
INFO:__main__:Validation batches: 65
INFO:__main__:Building model...
2025-06-14 11:51:37.946892: I tensorflow/core/common_runtime/gpu/gpu_device.cc:1929] Created device /job:localhost/replica:0/task:0/device:GPU:0 with 22483 MB memory:  -> device: 0, name: NVIDIA RTX 4500 Ada Generation, pci bus id: 0000:1c:00.0, compute capability: 8.9
INFO:__main__:Model parameters: 5,605,345
INFO:__main__:Starting training...
pixdim[0] (qfac) should be 1 (default) or -1; setting qfac to 1
INFO:nibabel.global:pixdim[0] (qfac) should be 1 (default) or -1; setting qfac to 1
pixdim[0] (qfac) should be 1 (default) or -1; setting qfac to 1
INFO:nibabel.global:pixdim[0] (qfac) should be 1 (default) or -1; setting qfac to 1
pixdim[0] (qfac) should be 1 (default) or -1; setting qfac to 1
INFO:nibabel.global:pixdim[0] (qfac) should be 1 (default) or -1; setting qfac to 1
pixdim[0] (qfac) should be 1 (default) or -1; setting qfac to 1
INFO:nibabel.global:pixdim[0] (qfac) should be 1 (default) or -1; setting qfac to 1
pixdim[0] (qfac) should be 1 (default) or -1; setting qfac to 1
INFO:nibabel.global:pixdim[0] (qfac) should be 1 (default) or -1; setting qfac to 1
2025-06-14 11:51:45.616100: I external/local_xla/xla/stream_executor/cuda/cuda_dnn.cc:454] Loaded cuDNN version 8907
pixdim[0] (qfac) should be 1 (default) or -1; setting qfac to 1
INFO:nibabel.global:pixdim[0] (qfac) should be 1 (default) or -1; setting qfac to 1
pixdim[0] (qfac) should be 1 (default) or -1; setting qfac to 1
INFO:nibabel.global:pixdim[0] (qfac) should be 1 (default) or -1; setting qfac to 1
pixdim[0] (qfac) should be 1 (default) or -1; setting qfac to 1
INFO:nibabel.global:pixdim[0] (qfac) should be 1 (default) or -1; setting qfac to 1
pixdim[0] (qfac) should be 1 (default) or -1; setting qfac to 1
INFO:nibabel.global:pixdim[0] (qfac) should be 1 (default) or -1; setting qfac to 1
2025-06-14 11:52:02.212096: W external/local_tsl/tsl/framework/bfc_allocator.cc:296] Allocator (GPU_0_bfc) ran out of memory trying to allocate 2.27GiB with freed_by_count=0. The caller indicates that this is not a failure, but this may mean that there could be performance gains if more memory were available.
2025-06-14 11:52:02.314089: W external/local_tsl/tsl/framework/bfc_allocator.cc:296] Allocator (GPU_0_bfc) ran out of memory trying to allocate 2.30GiB with freed_by_count=0. The caller indicates that this is not a failure, but this may mean that there could be performance gains if more memory were available.
2025-06-14 11:52:02.315151: W external/local_tsl/tsl/framework/bfc_allocator.cc:296] Allocator (GPU_0_bfc) ran out of memory trying to allocate 2.27GiB with freed_by_count=0. The caller indicates that this is not a failure, but this may mean that there could be performance gains if more memory were available.
2025-06-14 11:52:02.943640: W external/local_tsl/tsl/framework/bfc_allocator.cc:296] Allocator (GPU_0_bfc) ran out of memory trying to allocate 2.27GiB with freed_by_count=0. The caller indicates that this is not a failure, but this may mean that there could be performance gains if more memory were available.
2025-06-14 11:52:02.997303: W external/local_tsl/tsl/framework/bfc_allocator.cc:296] Allocator (GPU_0_bfc) ran out of memory trying to allocate 2.30GiB with freed_by_count=0. The caller indicates that this is not a failure, but this may mean that there could be performance gains if more memory were available.
2025-06-14 11:52:02.998344: W external/local_tsl/tsl/framework/bfc_allocator.cc:296] Allocator (GPU_0_bfc) ran out of memory trying to allocate 2.27GiB with freed_by_count=0. The caller indicates that this is not a failure, but this may mean that there could be performance gains if more memory were available.
2025-06-14 11:52:13.627467: W external/local_tsl/tsl/framework/bfc_allocator.cc:485] Allocator (GPU_0_bfc) ran out of memory trying to allocate 3.61GiB (rounded to 3875536896)requested by op model/concatenate_2/concat
If the cause is memory fragmentation maybe the environment variable 'TF_GPU_ALLOCATOR=cuda_malloc_async' will improve the situation. 
Current allocation summary follows.
Current allocation summary follows.
2025-06-14 11:52:13.628387: I external/local_tsl/tsl/framework/bfc_allocator.cc:1039] BFCAllocator dump for GPU_0_bfc
2025-06-14 11:52:13.628845: I external/local_tsl/tsl/framework/bfc_allocator.cc:1046] Bin (256): 	Total Chunks: 155, Chunks in use: 155. 38.8KiB allocated for chunks. 38.8KiB in use in bin. 20.7KiB client-requested in use in bin.
2025-06-14 11:52:13.629202: I external/local_tsl/tsl/framework/bfc_allocator.cc:1046] Bin (512): 	Total Chunks: 56, Chunks in use: 55. 28.0KiB allocated for chunks. 27.5KiB in use in bin. 27.5KiB client-requested in use in bin.
2025-06-14 11:52:13.629530: I external/local_tsl/tsl/framework/bfc_allocator.cc:1046] Bin (1024): 	Total Chunks: 27, Chunks in use: 27. 27.2KiB allocated for chunks. 27.2KiB in use in bin. 27.0KiB client-requested in use in bin.
2025-06-14 11:52:13.629941: I external/local_tsl/tsl/framework/bfc_allocator.cc:1046] Bin (2048): 	Total Chunks: 3, Chunks in use: 3. 10.5KiB allocated for chunks. 10.5KiB in use in bin. 10.1KiB client-requested in use in bin.
2025-06-14 11:52:13.630301: I external/local_tsl/tsl/framework/bfc_allocator.cc:1046] Bin (4096): 	Total Chunks: 0, Chunks in use: 0. 0B allocated for chunks. 0B in use in bin. 0B client-requested in use in bin.
2025-06-14 11:52:13.630600: I external/local_tsl/tsl/framework/bfc_allocator.cc:1046] Bin (8192): 	Total Chunks: 0, Chunks in use: 0. 0B allocated for chunks. 0B in use in bin. 0B client-requested in use in bin.
2025-06-14 11:52:13.631049: I external/local_tsl/tsl/framework/bfc_allocator.cc:1046] Bin (16384): 	Total Chunks: 0, Chunks in use: 0. 0B allocated for chunks. 0B in use in bin. 0B client-requested in use in bin.
2025-06-14 11:52:13.631514: I external/local_tsl/tsl/framework/bfc_allocator.cc:1046] Bin (32768): 	Total Chunks: 0, Chunks in use: 0. 0B allocated for chunks. 0B in use in bin. 0B client-requested in use in bin.
2025-06-14 11:52:13.631908: I external/local_tsl/tsl/framework/bfc_allocator.cc:1046] Bin (65536): 	Total Chunks: 7, Chunks in use: 7. 653.0KiB allocated for chunks. 653.0KiB in use in bin. 624.0KiB client-requested in use in bin.
2025-06-14 11:52:13.632324: I external/local_tsl/tsl/framework/bfc_allocator.cc:1046] Bin (131072): 	Total Chunks: 8, Chunks in use: 8. 1.58MiB allocated for chunks. 1.58MiB in use in bin. 1.48MiB client-requested in use in bin.
2025-06-14 11:52:13.632691: I external/local_tsl/tsl/framework/bfc_allocator.cc:1046] Bin (262144): 	Total Chunks: 8, Chunks in use: 8. 2.95MiB allocated for chunks. 2.95MiB in use in bin. 2.86MiB client-requested in use in bin.
2025-06-14 11:52:13.633062: I external/local_tsl/tsl/framework/bfc_allocator.cc:1046] Bin (524288): 	Total Chunks: 7, Chunks in use: 7. 5.89MiB allocated for chunks. 5.89MiB in use in bin. 5.48MiB client-requested in use in bin.
2025-06-14 11:52:13.633418: I external/local_tsl/tsl/framework/bfc_allocator.cc:1046] Bin (1048576): 	Total Chunks: 9, Chunks in use: 9. 14.02MiB allocated for chunks. 14.02MiB in use in bin. 13.12MiB client-requested in use in bin.
2025-06-14 11:52:13.633813: I external/local_tsl/tsl/framework/bfc_allocator.cc:1046] Bin (2097152): 	Total Chunks: 5, Chunks in use: 5. 17.38MiB allocated for chunks. 17.38MiB in use in bin. 16.88MiB client-requested in use in bin.
2025-06-14 11:52:13.634154: I external/local_tsl/tsl/framework/bfc_allocator.cc:1046] Bin (4194304): 	Total Chunks: 3, Chunks in use: 3. 18.12MiB allocated for chunks. 18.12MiB in use in bin. 16.88MiB client-requested in use in bin.
2025-06-14 11:52:13.634556: I external/local_tsl/tsl/framework/bfc_allocator.cc:1046] Bin (8388608): 	Total Chunks: 3, Chunks in use: 3. 40.62MiB allocated for chunks. 40.62MiB in use in bin. 35.62MiB client-requested in use in bin.
2025-06-14 11:52:13.634917: I external/local_tsl/tsl/framework/bfc_allocator.cc:1046] Bin (16777216): 	Total Chunks: 5, Chunks in use: 4. 140.19MiB allocated for chunks. 115.50MiB in use in bin. 115.50MiB client-requested in use in bin.
2025-06-14 11:52:13.635257: I external/local_tsl/tsl/framework/bfc_allocator.cc:1046] Bin (33554432): 	Total Chunks: 2, Chunks in use: 2. 115.50MiB allocated for chunks. 115.50MiB in use in bin. 115.50MiB client-requested in use in bin.
2025-06-14 11:52:13.635622: I external/local_tsl/tsl/framework/bfc_allocator.cc:1046] Bin (67108864): 	Total Chunks: 8, Chunks in use: 8. 874.50MiB allocated for chunks. 874.50MiB in use in bin. 808.50MiB client-requested in use in bin.
2025-06-14 11:52:13.635975: I external/local_tsl/tsl/framework/bfc_allocator.cc:1046] Bin (134217728): 	Total Chunks: 5, Chunks in use: 5. 1.07GiB allocated for chunks. 1.07GiB in use in bin. 924.00MiB client-requested in use in bin.
2025-06-14 11:52:13.636286: I external/local_tsl/tsl/framework/bfc_allocator.cc:1046] Bin (268435456): 	Total Chunks: 18, Chunks in use: 15. 19.69GiB allocated for chunks. 15.34GiB in use in bin. 15.34GiB client-requested in use in bin.
2025-06-14 11:52:13.636636: I external/local_tsl/tsl/framework/bfc_allocator.cc:1062] Bin for 3.61GiB was 256.00MiB, Chunk State: 
2025-06-14 11:52:13.636973: I external/local_tsl/tsl/framework/bfc_allocator.cc:1068]   Size: 453.50MiB | Requested Size: 16.00MiB | in_use: 0 | bin_num: 20, prev:   Size: 462.00MiB | Requested Size: 462.00MiB | in_use: 1 | bin_num: -1
2025-06-14 11:52:13.637296: I external/local_tsl/tsl/framework/bfc_allocator.cc:1068]   Size: 1.80GiB | Requested Size: 1.80GiB | in_use: 0 | bin_num: 20, next:   Size: 1.80GiB | Requested Size: 1.80GiB | in_use: 1 | bin_num: -1
2025-06-14 11:52:13.637653: I external/local_tsl/tsl/framework/bfc_allocator.cc:1068]   Size: 2.10GiB | Requested Size: 1.82GiB | in_use: 0 | bin_num: 20, prev:   Size: 1.80GiB | Requested Size: 1.80GiB | in_use: 1 | bin_num: -1
2025-06-14 11:52:13.638014: I external/local_tsl/tsl/framework/bfc_allocator.cc:1075] Next region of size 6129582080
2025-06-14 11:52:13.638472: I external/local_tsl/tsl/framework/bfc_allocator.cc:1095] Free  at 7fc226000000 of size 1937768448 next 107
2025-06-14 11:52:13.638894: I external/local_tsl/tsl/framework/bfc_allocator.cc:1095] InUse at 7fc299800000 of size 1937768448 next 329
2025-06-14 11:52:13.639242: I external/local_tsl/tsl/framework/bfc_allocator.cc:1095] Free  at 7fc30d000000 of size 2254045184 next 18446744073709551615
2025-06-14 11:52:13.639577: I external/local_tsl/tsl/framework/bfc_allocator.cc:1075] Next region of size 8589934592
2025-06-14 11:52:13.639992: I external/local_tsl/tsl/framework/bfc_allocator.cc:1095] InUse at 7fc3b4000000 of size 1937768448 next 281
2025-06-14 11:52:13.640319: I external/local_tsl/tsl/framework/bfc_allocator.cc:1095] InUse at 7fc427800000 of size 242221056 next 282
2025-06-14 11:52:13.640641: I external/local_tsl/tsl/framework/bfc_allocator.cc:1095] InUse at 7fc435f00000 of size 484442112 next 283
2025-06-14 11:52:13.641020: I external/local_tsl/tsl/framework/bfc_allocator.cc:1095] InUse at 7fc452d00000 of size 484442112 next 284
2025-06-14 11:52:13.641424: I external/local_tsl/tsl/framework/bfc_allocator.cc:1095] InUse at 7fc46fb00000 of size 484442112 next 29
2025-06-14 11:52:13.641805: I external/local_tsl/tsl/framework/bfc_allocator.cc:1095] InUse at 7fc48c900000 of size 484442112 next 288
2025-06-14 11:52:13.642131: I external/local_tsl/tsl/framework/bfc_allocator.cc:1095] InUse at 7fc4a9700000 of size 484442112 next 292
2025-06-14 11:52:13.642517: I external/local_tsl/tsl/framework/bfc_allocator.cc:1095] InUse at 7fc4c6500000 of size 121110528 next 47
2025-06-14 11:52:13.642886: I external/local_tsl/tsl/framework/bfc_allocator.cc:1095] InUse at 7fc4cd880000 of size 121110528 next 296
2025-06-14 11:52:13.643372: I external/local_tsl/tsl/framework/bfc_allocator.cc:1095] InUse at 7fc4d4c00000 of size 121110528 next 300
2025-06-14 11:52:13.643747: I external/local_tsl/tsl/framework/bfc_allocator.cc:1095] InUse at 7fc4dbf80000 of size 30277632 next 302
2025-06-14 11:52:13.644168: I external/local_tsl/tsl/framework/bfc_allocator.cc:1095] InUse at 7fc4ddc60000 of size 30277632 next 303
2025-06-14 11:52:13.644567: I external/local_tsl/tsl/framework/bfc_allocator.cc:1095] InUse at 7fc4df940000 of size 30277632 next 66
2025-06-14 11:52:13.645022: I external/local_tsl/tsl/framework/bfc_allocator.cc:1095] InUse at 7fc4e1620000 of size 30277632 next 307
2025-06-14 11:52:13.645358: I external/local_tsl/tsl/framework/bfc_allocator.cc:1095] InUse at 7fc4e3300000 of size 121110528 next 76
2025-06-14 11:52:13.645750: I external/local_tsl/tsl/framework/bfc_allocator.cc:1095] InUse at 7fc4ea680000 of size 121110528 next 312
2025-06-14 11:52:13.646119: I external/local_tsl/tsl/framework/bfc_allocator.cc:1095] InUse at 7fc4f1a00000 of size 242221056 next 311
2025-06-14 11:52:13.646550: I external/local_tsl/tsl/framework/bfc_allocator.cc:1095] InUse at 7fc500100000 of size 121110528 next 85
2025-06-14 11:52:13.646873: I external/local_tsl/tsl/framework/bfc_allocator.cc:1095] InUse at 7fc507480000 of size 484442112 next 325
2025-06-14 11:52:13.647180: I external/local_tsl/tsl/framework/bfc_allocator.cc:1095] InUse at 7fc524280000 of size 484442112 next 320
2025-06-14 11:52:13.647541: I external/local_tsl/tsl/framework/bfc_allocator.cc:1095] InUse at 7fc541080000 of size 968884224 next 319
2025-06-14 11:52:13.647867: I external/local_tsl/tsl/framework/bfc_allocator.cc:1095] InUse at 7fc57ac80000 of size 484442112 next 91
2025-06-14 11:52:13.648261: I external/local_tsl/tsl/framework/bfc_allocator.cc:1095] Free  at 7fc597a80000 of size 475529216 next 18446744073709551615
2025-06-14 11:52:13.648659: I external/local_tsl/tsl/framework/bfc_allocator.cc:1075] Next region of size 4294967296
2025-06-14 11:52:13.649114: I external/local_tsl/tsl/framework/bfc_allocator.cc:1095] InUse at 7fc5da000000 of size 1937768448 next 11
2025-06-14 11:52:13.649441: I external/local_tsl/tsl/framework/bfc_allocator.cc:1095] InUse at 7fc64d800000 of size 1937768448 next 276
2025-06-14 11:52:13.649854: I external/local_tsl/tsl/framework/bfc_allocator.cc:1095] InUse at 7fc6c1000000 of size 242221056 next 20
2025-06-14 11:52:13.650189: I external/local_tsl/tsl/framework/bfc_allocator.cc:1095] InUse at 7fc6cf700000 of size 60555264 next 38
2025-06-14 11:52:13.650636: I external/local_tsl/tsl/framework/bfc_allocator.cc:1095] InUse at 7fc6d30c0000 of size 116654080 next 18446744073709551615
2025-06-14 11:52:13.651054: I external/local_tsl/tsl/framework/bfc_allocator.cc:1075] Next region of size 2147483648
2025-06-14 11:52:13.651476: I external/local_tsl/tsl/framework/bfc_allocator.cc:1095] InUse at 7fc706000000 of size 1937768448 next 270
2025-06-14 11:52:13.651913: I external/local_tsl/tsl/framework/bfc_allocator.cc:1095] InUse at 7fc779800000 of size 209715200 next 18446744073709551615
2025-06-14 11:52:13.652263: I external/local_tsl/tsl/framework/bfc_allocator.cc:1075] Next region of size 2147483648
2025-06-14 11:52:13.652660: I external/local_tsl/tsl/framework/bfc_allocator.cc:1095] InUse at 7fc78c000000 of size 1937768448 next 267
2025-06-14 11:52:13.653020: I external/local_tsl/tsl/framework/bfc_allocator.cc:1095] InUse at 7fc7ff800000 of size 209715200 next 18446744073709551615
2025-06-14 11:52:13.653361: I external/local_tsl/tsl/framework/bfc_allocator.cc:1075] Next region of size 134217728
2025-06-14 11:52:13.653793: I external/local_tsl/tsl/framework/bfc_allocator.cc:1095] InUse at 7fc894000000 of size 60555264 next 264
2025-06-14 11:52:13.654118: I external/local_tsl/tsl/framework/bfc_allocator.cc:1095] InUse at 7fc8979c0000 of size 73662464 next 18446744073709551615
2025-06-14 11:52:13.654436: I external/local_tsl/tsl/framework/bfc_allocator.cc:1075] Next region of size 67108864
2025-06-14 11:52:13.654881: I external/local_tsl/tsl/framework/bfc_allocator.cc:1095] InUse at 7fc89c000000 of size 3538944 next 198
2025-06-14 11:52:13.655263: I external/local_tsl/tsl/framework/bfc_allocator.cc:1095] InUse at 7fc89c360000 of size 1769472 next 205
2025-06-14 11:52:13.655665: I external/local_tsl/tsl/framework/bfc_allocator.cc:1095] InUse at 7fc89c510000 of size 1769472 next 206
2025-06-14 11:52:13.656065: I external/local_tsl/tsl/framework/bfc_allocator.cc:1095] InUse at 7fc89c6c0000 of size 262144 next 213
2025-06-14 11:52:13.656447: I external/local_tsl/tsl/framework/bfc_allocator.cc:1095] InUse at 7fc89c700000 of size 262144 next 214
2025-06-14 11:52:13.656761: I external/local_tsl/tsl/framework/bfc_allocator.cc:1095] InUse at 7fc89c740000 of size 884736 next 217
2025-06-14 11:52:13.657100: I external/local_tsl/tsl/framework/bfc_allocator.cc:1095] InUse at 7fc89c818000 of size 884736 next 218
2025-06-14 11:52:13.657436: I external/local_tsl/tsl/framework/bfc_allocator.cc:1095] InUse at 7fc89c8f0000 of size 442368 next 225
2025-06-14 11:52:13.657847: I external/local_tsl/tsl/framework/bfc_allocator.cc:1095] InUse at 7fc89c95c000 of size 442368 next 226
2025-06-14 11:52:13.658191: I external/local_tsl/tsl/framework/bfc_allocator.cc:1095] InUse at 7fc89c9c8000 of size 256 next 234
2025-06-14 11:52:13.658602: I external/local_tsl/tsl/framework/bfc_allocator.cc:1095] InUse at 7fc89c9c8100 of size 256 next 235
2025-06-14 11:52:13.659054: I external/local_tsl/tsl/framework/bfc_allocator.cc:1095] InUse at 7fc89c9c8200 of size 221184 next 236
2025-06-14 11:52:13.659436: I external/local_tsl/tsl/framework/bfc_allocator.cc:1095] InUse at 7fc89c9fe200 of size 221184 next 237
2025-06-14 11:52:13.659899: I external/local_tsl/tsl/framework/bfc_allocator.cc:1095] InUse at 7fc89ca34200 of size 256 next 238
2025-06-14 11:52:13.660343: I external/local_tsl/tsl/framework/bfc_allocator.cc:1095] InUse at 7fc89ca34300 of size 256 next 239
2025-06-14 11:52:13.660805: I external/local_tsl/tsl/framework/bfc_allocator.cc:1095] InUse at 7fc89ca34400 of size 256 next 240
2025-06-14 11:52:13.661222: I external/local_tsl/tsl/framework/bfc_allocator.cc:1095] InUse at 7fc89ca34500 of size 256 next 241
2025-06-14 11:52:13.661623: I external/local_tsl/tsl/framework/bfc_allocator.cc:1095] InUse at 7fc89ca34600 of size 256 next 242
2025-06-14 11:52:13.662044: I external/local_tsl/tsl/framework/bfc_allocator.cc:1095] InUse at 7fc89ca34700 of size 256 next 243
2025-06-14 11:52:13.662456: I external/local_tsl/tsl/framework/bfc_allocator.cc:1095] InUse at 7fc89ca34800 of size 110592 next 244
2025-06-14 11:52:13.662898: I external/local_tsl/tsl/framework/bfc_allocator.cc:1095] InUse at 7fc89ca4f800 of size 110592 next 245
2025-06-14 11:52:13.663250: I external/local_tsl/tsl/framework/bfc_allocator.cc:1095] InUse at 7fc89ca6a800 of size 256 next 246
2025-06-14 11:52:13.663673: I external/local_tsl/tsl/framework/bfc_allocator.cc:1095] InUse at 7fc89ca6a900 of size 256 next 247
2025-06-14 11:52:13.664088: I external/local_tsl/tsl/framework/bfc_allocator.cc:1095] InUse at 7fc89ca6aa00 of size 256 next 248
2025-06-14 11:52:13.664611: I external/local_tsl/tsl/framework/bfc_allocator.cc:1095] InUse at 7fc89ca6ab00 of size 256 next 249
2025-06-14 11:52:13.665099: I external/local_tsl/tsl/framework/bfc_allocator.cc:1095] InUse at 7fc89ca6ac00 of size 256 next 250
2025-06-14 11:52:13.665589: I external/local_tsl/tsl/framework/bfc_allocator.cc:1095] InUse at 7fc89ca6ad00 of size 256 next 251
2025-06-14 11:52:13.665994: I external/local_tsl/tsl/framework/bfc_allocator.cc:1095] InUse at 7fc89ca6ae00 of size 256 next 252
2025-06-14 11:52:13.666478: I external/local_tsl/tsl/framework/bfc_allocator.cc:1095] InUse at 7fc89ca6af00 of size 256 next 253
2025-06-14 11:52:13.666915: I external/local_tsl/tsl/framework/bfc_allocator.cc:1095] InUse at 7fc89ca6b000 of size 256 next 254
2025-06-14 11:52:13.667355: I external/local_tsl/tsl/framework/bfc_allocator.cc:1095] InUse at 7fc89ca6b100 of size 256 next 255
2025-06-14 11:52:13.667791: I external/local_tsl/tsl/framework/bfc_allocator.cc:1095] InUse at 7fc89ca6b200 of size 256 next 256
2025-06-14 11:52:13.668225: I external/local_tsl/tsl/framework/bfc_allocator.cc:1095] InUse at 7fc89ca6b300 of size 256 next 257
2025-06-14 11:52:13.668730: I external/local_tsl/tsl/framework/bfc_allocator.cc:1095] InUse at 7fc89ca6b400 of size 256 next 258
2025-06-14 11:52:13.669249: I external/local_tsl/tsl/framework/bfc_allocator.cc:1095] InUse at 7fc89ca6b500 of size 256 next 259
2025-06-14 11:52:13.669719: I external/local_tsl/tsl/framework/bfc_allocator.cc:1095] InUse at 7fc89ca6b600 of size 256 next 260
2025-06-14 11:52:13.670169: I external/local_tsl/tsl/framework/bfc_allocator.cc:1095] InUse at 7fc89ca6b700 of size 256 next 261
2025-06-14 11:52:13.670589: I external/local_tsl/tsl/framework/bfc_allocator.cc:1095] InUse at 7fc89ca6b800 of size 256 next 262
2025-06-14 11:52:13.671014: I external/local_tsl/tsl/framework/bfc_allocator.cc:1095] InUse at 7fc89ca6b900 of size 256 next 263
2025-06-14 11:52:13.671425: I external/local_tsl/tsl/framework/bfc_allocator.cc:1095] InUse at 7fc89ca6ba00 of size 256 next 265
2025-06-14 11:52:13.671881: I external/local_tsl/tsl/framework/bfc_allocator.cc:1095] InUse at 7fc89ca6bb00 of size 256 next 268
2025-06-14 11:52:13.672301: I external/local_tsl/tsl/framework/bfc_allocator.cc:1095] InUse at 7fc89ca6bc00 of size 256 next 269
2025-06-14 11:52:13.672722: I external/local_tsl/tsl/framework/bfc_allocator.cc:1095] InUse at 7fc89ca6bd00 of size 256 next 272
2025-06-14 11:52:13.673118: I external/local_tsl/tsl/framework/bfc_allocator.cc:1095] InUse at 7fc89ca6be00 of size 256 next 274
2025-06-14 11:52:13.673533: I external/local_tsl/tsl/framework/bfc_allocator.cc:1095] InUse at 7fc89ca6bf00 of size 256 next 275
2025-06-14 11:52:13.673962: I external/local_tsl/tsl/framework/bfc_allocator.cc:1095] InUse at 7fc89ca6c000 of size 256 next 279
2025-06-14 11:52:13.674364: I external/local_tsl/tsl/framework/bfc_allocator.cc:1095] InUse at 7fc89ca6c100 of size 256 next 280
2025-06-14 11:52:13.674833: I external/local_tsl/tsl/framework/bfc_allocator.cc:1095] InUse at 7fc89ca6c200 of size 256 next 286
2025-06-14 11:52:13.675251: I external/local_tsl/tsl/framework/bfc_allocator.cc:1095] InUse at 7fc89ca6c300 of size 256 next 287
2025-06-14 11:52:13.675663: I external/local_tsl/tsl/framework/bfc_allocator.cc:1095] InUse at 7fc89ca6c400 of size 256 next 290
2025-06-14 11:52:13.676108: I external/local_tsl/tsl/framework/bfc_allocator.cc:1095] InUse at 7fc89ca6c500 of size 256 next 291
2025-06-14 11:52:13.676598: I external/local_tsl/tsl/framework/bfc_allocator.cc:1095] InUse at 7fc89ca6c600 of size 512 next 293
2025-06-14 11:52:13.677075: I external/local_tsl/tsl/framework/bfc_allocator.cc:1095] InUse at 7fc89ca6c800 of size 512 next 294
2025-06-14 11:52:13.677519: I external/local_tsl/tsl/framework/bfc_allocator.cc:1095] InUse at 7fc89ca6ca00 of size 512 next 295
2025-06-14 11:52:13.677948: I external/local_tsl/tsl/framework/bfc_allocator.cc:1095] InUse at 7fc89ca6cc00 of size 512 next 298
2025-06-14 11:52:13.678364: I external/local_tsl/tsl/framework/bfc_allocator.cc:1095] InUse at 7fc89ca6ce00 of size 512 next 299
2025-06-14 11:52:13.678791: I external/local_tsl/tsl/framework/bfc_allocator.cc:1095] InUse at 7fc89ca6d000 of size 15138816 next 56
2025-06-14 11:52:13.679140: I external/local_tsl/tsl/framework/bfc_allocator.cc:1095] InUse at 7fc89d8dd000 of size 15138816 next 301
2025-06-14 11:52:13.679471: I external/local_tsl/tsl/framework/bfc_allocator.cc:1095] InUse at 7fc89e74d000 of size 1024 next 304
2025-06-14 11:52:13.679891: I external/local_tsl/tsl/framework/bfc_allocator.cc:1095] InUse at 7fc89e74d400 of size 1024 next 305
2025-06-14 11:52:13.680334: I external/local_tsl/tsl/framework/bfc_allocator.cc:1095] InUse at 7fc89e74d800 of size 1024 next 306
2025-06-14 11:52:13.680798: I external/local_tsl/tsl/framework/bfc_allocator.cc:1095] InUse at 7fc89e74dc00 of size 1024 next 309
2025-06-14 11:52:13.681267: I external/local_tsl/tsl/framework/bfc_allocator.cc:1095] InUse at 7fc89e74e000 of size 1024 next 310
2025-06-14 11:52:13.681762: I external/local_tsl/tsl/framework/bfc_allocator.cc:1095] InUse at 7fc89e74e400 of size 512 next 317
2025-06-14 11:52:13.682227: I external/local_tsl/tsl/framework/bfc_allocator.cc:1095] InUse at 7fc89e74e600 of size 512 next 318
2025-06-14 11:52:13.682677: I external/local_tsl/tsl/framework/bfc_allocator.cc:1095] InUse at 7fc89e74e800 of size 256 next 326
2025-06-14 11:52:13.683090: I external/local_tsl/tsl/framework/bfc_allocator.cc:1095] InUse at 7fc89e74e900 of size 256 next 327
2025-06-14 11:52:13.683504: I external/local_tsl/tsl/framework/bfc_allocator.cc:1095] Free  at 7fc89e74ea00 of size 25892352 next 18446744073709551615
2025-06-14 11:52:13.683829: I external/local_tsl/tsl/framework/bfc_allocator.cc:1075] Next region of size 33554432
2025-06-14 11:52:13.684278: I external/local_tsl/tsl/framework/bfc_allocator.cc:1095] InUse at 7fc8b4000000 of size 3538944 next 83
2025-06-14 11:52:13.684628: I external/local_tsl/tsl/framework/bfc_allocator.cc:1095] InUse at 7fc8b4360000 of size 221184 next 152
2025-06-14 11:52:13.685015: I external/local_tsl/tsl/framework/bfc_allocator.cc:1095] InUse at 7fc8b4396000 of size 221184 next 106
2025-06-14 11:52:13.685344: I external/local_tsl/tsl/framework/bfc_allocator.cc:1095] InUse at 7fc8b43cc000 of size 442368 next 100
2025-06-14 11:52:13.685729: I external/local_tsl/tsl/framework/bfc_allocator.cc:1095] InUse at 7fc8b4438000 of size 884736 next 90
2025-06-14 11:52:13.686099: I external/local_tsl/tsl/framework/bfc_allocator.cc:1095] InUse at 7fc8b4510000 of size 1769472 next 74
2025-06-14 11:52:13.686507: I external/local_tsl/tsl/framework/bfc_allocator.cc:1095] InUse at 7fc8b46c0000 of size 7077888 next 72
2025-06-14 11:52:13.686861: I external/local_tsl/tsl/framework/bfc_allocator.cc:1095] InUse at 7fc8b4d80000 of size 7077888 next 187
2025-06-14 11:52:13.687234: I external/local_tsl/tsl/framework/bfc_allocator.cc:1095] InUse at 7fc8b5440000 of size 12320768 next 18446744073709551615
2025-06-14 11:52:13.687563: I external/local_tsl/tsl/framework/bfc_allocator.cc:1075] Next region of size 16777216
2025-06-14 11:52:13.687997: I external/local_tsl/tsl/framework/bfc_allocator.cc:1095] InUse at 7fc8b6000000 of size 1769472 next 173
2025-06-14 11:52:13.688322: I external/local_tsl/tsl/framework/bfc_allocator.cc:1095] InUse at 7fc8b61b0000 of size 1769472 next 64
2025-06-14 11:52:13.688707: I external/local_tsl/tsl/framework/bfc_allocator.cc:1095] InUse at 7fc8b6360000 of size 3538944 next 62
2025-06-14 11:52:13.689042: I external/local_tsl/tsl/framework/bfc_allocator.cc:1095] InUse at 7fc8b66c0000 of size 3538944 next 180
2025-06-14 11:52:13.689478: I external/local_tsl/tsl/framework/bfc_allocator.cc:1095] InUse at 7fc8b6a20000 of size 1048576 next 194
2025-06-14 11:52:13.689887: I external/local_tsl/tsl/framework/bfc_allocator.cc:1095] InUse at 7fc8b6b20000 of size 1048576 next 195
2025-06-14 11:52:13.690227: I external/local_tsl/tsl/framework/bfc_allocator.cc:1095] InUse at 7fc8b6c20000 of size 4063232 next 18446744073709551615
2025-06-14 11:52:13.690656: I external/local_tsl/tsl/framework/bfc_allocator.cc:1075] Next region of size 2097152
2025-06-14 11:52:13.691090: I external/local_tsl/tsl/framework/bfc_allocator.cc:1095] InUse at 7fc91ee00000 of size 1280 next 1
2025-06-14 11:52:13.691513: I external/local_tsl/tsl/framework/bfc_allocator.cc:1095] InUse at 7fc91ee00500 of size 256 next 2
2025-06-14 11:52:13.691943: I external/local_tsl/tsl/framework/bfc_allocator.cc:1095] InUse at 7fc91ee00600 of size 256 next 3
2025-06-14 11:52:13.692369: I external/local_tsl/tsl/framework/bfc_allocator.cc:1095] InUse at 7fc91ee00700 of size 256 next 5
2025-06-14 11:52:13.692842: I external/local_tsl/tsl/framework/bfc_allocator.cc:1095] InUse at 7fc91ee00800 of size 256 next 6
2025-06-14 11:52:13.693240: I external/local_tsl/tsl/framework/bfc_allocator.cc:1095] InUse at 7fc91ee00900 of size 256 next 4
2025-06-14 11:52:13.693667: I external/local_tsl/tsl/framework/bfc_allocator.cc:1095] InUse at 7fc91ee00a00 of size 256 next 7
2025-06-14 11:52:13.694082: I external/local_tsl/tsl/framework/bfc_allocator.cc:1095] InUse at 7fc91ee00b00 of size 256 next 10
2025-06-14 11:52:13.694535: I external/local_tsl/tsl/framework/bfc_allocator.cc:1095] InUse at 7fc91ee00c00 of size 256 next 277
2025-06-14 11:52:13.694953: I external/local_tsl/tsl/framework/bfc_allocator.cc:1095] InUse at 7fc91ee00d00 of size 256 next 12
2025-06-14 11:52:13.695382: I external/local_tsl/tsl/framework/bfc_allocator.cc:1095] InUse at 7fc91ee00e00 of size 256 next 13
2025-06-14 11:52:13.695798: I external/local_tsl/tsl/framework/bfc_allocator.cc:1095] InUse at 7fc91ee00f00 of size 256 next 14
2025-06-14 11:52:13.696209: I external/local_tsl/tsl/framework/bfc_allocator.cc:1095] InUse at 7fc91ee01000 of size 256 next 17
2025-06-14 11:52:13.696608: I external/local_tsl/tsl/framework/bfc_allocator.cc:1095] InUse at 7fc91ee01100 of size 256 next 15
2025-06-14 11:52:13.697020: I external/local_tsl/tsl/framework/bfc_allocator.cc:1095] InUse at 7fc91ee01200 of size 256 next 16
2025-06-14 11:52:13.697474: I external/local_tsl/tsl/framework/bfc_allocator.cc:1095] InUse at 7fc91ee01300 of size 256 next 285
2025-06-14 11:52:13.697895: I external/local_tsl/tsl/framework/bfc_allocator.cc:1095] InUse at 7fc91ee01400 of size 256 next 21
2025-06-14 11:52:13.698417: I external/local_tsl/tsl/framework/bfc_allocator.cc:1095] InUse at 7fc91ee01500 of size 256 next 22
2025-06-14 11:52:13.698915: I external/local_tsl/tsl/framework/bfc_allocator.cc:1095] InUse at 7fc91ee01600 of size 256 next 23
2025-06-14 11:52:13.699401: I external/local_tsl/tsl/framework/bfc_allocator.cc:1095] InUse at 7fc91ee01700 of size 256 next 24
2025-06-14 11:52:13.699907: I external/local_tsl/tsl/framework/bfc_allocator.cc:1095] InUse at 7fc91ee01800 of size 256 next 25
2025-06-14 11:52:13.700312: I external/local_tsl/tsl/framework/bfc_allocator.cc:1095] InUse at 7fc91ee01900 of size 256 next 28
2025-06-14 11:52:13.700820: I external/local_tsl/tsl/framework/bfc_allocator.cc:1095] InUse at 7fc91ee01a00 of size 256 next 289
2025-06-14 11:52:13.701298: I external/local_tsl/tsl/framework/bfc_allocator.cc:1095] InUse at 7fc91ee01b00 of size 256 next 30
2025-06-14 11:52:13.701754: I external/local_tsl/tsl/framework/bfc_allocator.cc:1095] InUse at 7fc91ee01c00 of size 256 next 31
2025-06-14 11:52:13.702253: I external/local_tsl/tsl/framework/bfc_allocator.cc:1095] InUse at 7fc91ee01d00 of size 256 next 32
2025-06-14 11:52:13.702672: I external/local_tsl/tsl/framework/bfc_allocator.cc:1095] InUse at 7fc91ee01e00 of size 256 next 35
2025-06-14 11:52:13.703102: I external/local_tsl/tsl/framework/bfc_allocator.cc:1095] InUse at 7fc91ee01f00 of size 256 next 33
2025-06-14 11:52:13.703578: I external/local_tsl/tsl/framework/bfc_allocator.cc:1095] InUse at 7fc91ee02000 of size 256 next 34
2025-06-14 11:52:13.704037: I external/local_tsl/tsl/framework/bfc_allocator.cc:1095] InUse at 7fc91ee02100 of size 512 next 39
2025-06-14 11:52:13.704502: I external/local_tsl/tsl/framework/bfc_allocator.cc:1095] InUse at 7fc91ee02300 of size 256 next 40
2025-06-14 11:52:13.704942: I external/local_tsl/tsl/framework/bfc_allocator.cc:1095] InUse at 7fc91ee02400 of size 256 next 41
2025-06-14 11:52:13.705443: I external/local_tsl/tsl/framework/bfc_allocator.cc:1095] InUse at 7fc91ee02500 of size 256 next 8
2025-06-14 11:52:13.705876: I external/local_tsl/tsl/framework/bfc_allocator.cc:1095] InUse at 7fc91ee02600 of size 3584 next 9
2025-06-14 11:52:13.706290: I external/local_tsl/tsl/framework/bfc_allocator.cc:1095] InUse at 7fc91ee03400 of size 512 next 42
2025-06-14 11:52:13.706800: I external/local_tsl/tsl/framework/bfc_allocator.cc:1095] InUse at 7fc91ee03600 of size 512 next 45
2025-06-14 11:52:13.707310: I external/local_tsl/tsl/framework/bfc_allocator.cc:1095] InUse at 7fc91ee03800 of size 512 next 46
2025-06-14 11:52:13.707752: I external/local_tsl/tsl/framework/bfc_allocator.cc:1095] InUse at 7fc91ee03a00 of size 512 next 297
2025-06-14 11:52:13.708188: I external/local_tsl/tsl/framework/bfc_allocator.cc:1095] InUse at 7fc91ee03c00 of size 512 next 48
2025-06-14 11:52:13.708671: I external/local_tsl/tsl/framework/bfc_allocator.cc:1095] InUse at 7fc91ee03e00 of size 256 next 49
2025-06-14 11:52:13.709130: I external/local_tsl/tsl/framework/bfc_allocator.cc:1095] InUse at 7fc91ee03f00 of size 512 next 50
2025-06-14 11:52:13.709584: I external/local_tsl/tsl/framework/bfc_allocator.cc:1095] InUse at 7fc91ee04100 of size 512 next 51
2025-06-14 11:52:13.710036: I external/local_tsl/tsl/framework/bfc_allocator.cc:1095] InUse at 7fc91ee04300 of size 512 next 55
2025-06-14 11:52:13.710513: I external/local_tsl/tsl/framework/bfc_allocator.cc:1095] InUse at 7fc91ee04500 of size 1024 next 57
2025-06-14 11:52:13.710931: I external/local_tsl/tsl/framework/bfc_allocator.cc:1095] InUse at 7fc91ee04900 of size 256 next 58
2025-06-14 11:52:13.711392: I external/local_tsl/tsl/framework/bfc_allocator.cc:1095] InUse at 7fc91ee04a00 of size 256 next 59
2025-06-14 11:52:13.711852: I external/local_tsl/tsl/framework/bfc_allocator.cc:1095] InUse at 7fc91ee04b00 of size 1024 next 60
2025-06-14 11:52:13.712303: I external/local_tsl/tsl/framework/bfc_allocator.cc:1095] InUse at 7fc91ee04f00 of size 1024 next 61
2025-06-14 11:52:13.712736: I external/local_tsl/tsl/framework/bfc_allocator.cc:1095] InUse at 7fc91ee05300 of size 1024 next 65
2025-06-14 11:52:13.713153: I external/local_tsl/tsl/framework/bfc_allocator.cc:1095] InUse at 7fc91ee05700 of size 1024 next 308
2025-06-14 11:52:13.713553: I external/local_tsl/tsl/framework/bfc_allocator.cc:1095] InUse at 7fc91ee05b00 of size 1024 next 67
2025-06-14 11:52:13.714007: I external/local_tsl/tsl/framework/bfc_allocator.cc:1095] InUse at 7fc91ee05f00 of size 256 next 68
2025-06-14 11:52:13.714485: I external/local_tsl/tsl/framework/bfc_allocator.cc:1095] InUse at 7fc91ee06000 of size 256 next 69
2025-06-14 11:52:13.714940: I external/local_tsl/tsl/framework/bfc_allocator.cc:1095] InUse at 7fc91ee06100 of size 1024 next 70
2025-06-14 11:52:13.715336: I external/local_tsl/tsl/framework/bfc_allocator.cc:1095] InUse at 7fc91ee06500 of size 1024 next 71
2025-06-14 11:52:13.715795: I external/local_tsl/tsl/framework/bfc_allocator.cc:1095] InUse at 7fc91ee06900 of size 1024 next 75
2025-06-14 11:52:13.716250: I external/local_tsl/tsl/framework/bfc_allocator.cc:1095] InUse at 7fc91ee06d00 of size 512 next 313
2025-06-14 11:52:13.716676: I external/local_tsl/tsl/framework/bfc_allocator.cc:1095] InUse at 7fc91ee06f00 of size 512 next 314
2025-06-14 11:52:13.717095: I external/local_tsl/tsl/framework/bfc_allocator.cc:1095] InUse at 7fc91ee07100 of size 512 next 315
2025-06-14 11:52:13.717514: I external/local_tsl/tsl/framework/bfc_allocator.cc:1095] InUse at 7fc91ee07300 of size 512 next 77
2025-06-14 11:52:13.717931: I external/local_tsl/tsl/framework/bfc_allocator.cc:1095] InUse at 7fc91ee07500 of size 256 next 78
2025-06-14 11:52:13.718334: I external/local_tsl/tsl/framework/bfc_allocator.cc:1095] InUse at 7fc91ee07600 of size 256 next 79
2025-06-14 11:52:13.718749: I external/local_tsl/tsl/framework/bfc_allocator.cc:1095] InUse at 7fc91ee07700 of size 512 next 80
2025-06-14 11:52:13.719181: I external/local_tsl/tsl/framework/bfc_allocator.cc:1095] InUse at 7fc91ee07900 of size 512 next 81
2025-06-14 11:52:13.719610: I external/local_tsl/tsl/framework/bfc_allocator.cc:1095] InUse at 7fc91ee07b00 of size 512 next 82
2025-06-14 11:52:13.720055: I external/local_tsl/tsl/framework/bfc_allocator.cc:1095] InUse at 7fc91ee07d00 of size 512 next 84
2025-06-14 11:52:13.720482: I external/local_tsl/tsl/framework/bfc_allocator.cc:1095] InUse at 7fc91ee07f00 of size 512 next 316
2025-06-14 11:52:13.720917: I external/local_tsl/tsl/framework/bfc_allocator.cc:1095] InUse at 7fc91ee08100 of size 512 next 86
2025-06-14 11:52:13.721357: I external/local_tsl/tsl/framework/bfc_allocator.cc:1095] InUse at 7fc91ee08300 of size 512 next 87
2025-06-14 11:52:13.721780: I external/local_tsl/tsl/framework/bfc_allocator.cc:1095] InUse at 7fc91ee08500 of size 512 next 88
2025-06-14 11:52:13.722184: I external/local_tsl/tsl/framework/bfc_allocator.cc:1095] InUse at 7fc91ee08700 of size 512 next 89
2025-06-14 11:52:13.722604: I external/local_tsl/tsl/framework/bfc_allocator.cc:1095] InUse at 7fc91ee08900 of size 256 next 321
2025-06-14 11:52:13.723021: I external/local_tsl/tsl/framework/bfc_allocator.cc:1095] InUse at 7fc91ee08a00 of size 256 next 323
2025-06-14 11:52:13.723453: I external/local_tsl/tsl/framework/bfc_allocator.cc:1095] InUse at 7fc91ee08b00 of size 256 next 324
2025-06-14 11:52:13.723858: I external/local_tsl/tsl/framework/bfc_allocator.cc:1095] InUse at 7fc91ee08c00 of size 256 next 92
2025-06-14 11:52:13.724275: I external/local_tsl/tsl/framework/bfc_allocator.cc:1095] InUse at 7fc91ee08d00 of size 256 next 93
2025-06-14 11:52:13.724737: I external/local_tsl/tsl/framework/bfc_allocator.cc:1095] InUse at 7fc91ee08e00 of size 256 next 94
2025-06-14 11:52:13.725225: I external/local_tsl/tsl/framework/bfc_allocator.cc:1095] InUse at 7fc91ee08f00 of size 256 next 97
2025-06-14 11:52:13.725647: I external/local_tsl/tsl/framework/bfc_allocator.cc:1095] InUse at 7fc91ee09000 of size 256 next 95
2025-06-14 11:52:13.726115: I external/local_tsl/tsl/framework/bfc_allocator.cc:1095] InUse at 7fc91ee09100 of size 256 next 96
2025-06-14 11:52:13.726571: I external/local_tsl/tsl/framework/bfc_allocator.cc:1095] InUse at 7fc91ee09200 of size 256 next 98
2025-06-14 11:52:13.727011: I external/local_tsl/tsl/framework/bfc_allocator.cc:1095] InUse at 7fc91ee09300 of size 256 next 101
2025-06-14 11:52:13.727417: I external/local_tsl/tsl/framework/bfc_allocator.cc:1095] InUse at 7fc91ee09400 of size 256 next 102
2025-06-14 11:52:13.727912: I external/local_tsl/tsl/framework/bfc_allocator.cc:1095] InUse at 7fc91ee09500 of size 256 next 103
2025-06-14 11:52:13.728343: I external/local_tsl/tsl/framework/bfc_allocator.cc:1095] InUse at 7fc91ee09600 of size 256 next 104
2025-06-14 11:52:13.728797: I external/local_tsl/tsl/framework/bfc_allocator.cc:1095] InUse at 7fc91ee09700 of size 256 next 105
2025-06-14 11:52:13.729225: I external/local_tsl/tsl/framework/bfc_allocator.cc:1095] Free  at 7fc91ee09800 of size 512 next 108
2025-06-14 11:52:13.729635: I external/local_tsl/tsl/framework/bfc_allocator.cc:1095] InUse at 7fc91ee09a00 of size 256 next 109
2025-06-14 11:52:13.730053: I external/local_tsl/tsl/framework/bfc_allocator.cc:1095] InUse at 7fc91ee09b00 of size 256 next 110
2025-06-14 11:52:13.730482: I external/local_tsl/tsl/framework/bfc_allocator.cc:1095] InUse at 7fc91ee09c00 of size 256 next 146
2025-06-14 11:52:13.730945: I external/local_tsl/tsl/framework/bfc_allocator.cc:1095] InUse at 7fc91ee09d00 of size 256 next 147
2025-06-14 11:52:13.731429: I external/local_tsl/tsl/framework/bfc_allocator.cc:1095] InUse at 7fc91ee09e00 of size 256 next 148
2025-06-14 11:52:13.731867: I external/local_tsl/tsl/framework/bfc_allocator.cc:1095] InUse at 7fc91ee09f00 of size 256 next 149
2025-06-14 11:52:13.732286: I external/local_tsl/tsl/framework/bfc_allocator.cc:1095] InUse at 7fc91ee0a000 of size 256 next 150
2025-06-14 11:52:13.732702: I external/local_tsl/tsl/framework/bfc_allocator.cc:1095] InUse at 7fc91ee0a100 of size 256 next 151
2025-06-14 11:52:13.733150: I external/local_tsl/tsl/framework/bfc_allocator.cc:1095] InUse at 7fc91ee0a200 of size 256 next 153
2025-06-14 11:52:13.733555: I external/local_tsl/tsl/framework/bfc_allocator.cc:1095] InUse at 7fc91ee0a300 of size 256 next 154
2025-06-14 11:52:13.733975: I external/local_tsl/tsl/framework/bfc_allocator.cc:1095] InUse at 7fc91ee0a400 of size 256 next 155
2025-06-14 11:52:13.734426: I external/local_tsl/tsl/framework/bfc_allocator.cc:1095] InUse at 7fc91ee0a500 of size 256 next 156
2025-06-14 11:52:13.734891: I external/local_tsl/tsl/framework/bfc_allocator.cc:1095] InUse at 7fc91ee0a600 of size 256 next 157
2025-06-14 11:52:13.735308: I external/local_tsl/tsl/framework/bfc_allocator.cc:1095] InUse at 7fc91ee0a700 of size 256 next 158
2025-06-14 11:52:13.735733: I external/local_tsl/tsl/framework/bfc_allocator.cc:1095] InUse at 7fc91ee0a800 of size 256 next 160
2025-06-14 11:52:13.736155: I external/local_tsl/tsl/framework/bfc_allocator.cc:1095] InUse at 7fc91ee0a900 of size 256 next 161
2025-06-14 11:52:13.736622: I external/local_tsl/tsl/framework/bfc_allocator.cc:1095] InUse at 7fc91ee0aa00 of size 256 next 162
2025-06-14 11:52:13.737054: I external/local_tsl/tsl/framework/bfc_allocator.cc:1095] InUse at 7fc91ee0ab00 of size 256 next 163
2025-06-14 11:52:13.737463: I external/local_tsl/tsl/framework/bfc_allocator.cc:1095] InUse at 7fc91ee0ac00 of size 256 next 164
2025-06-14 11:52:13.737903: I external/local_tsl/tsl/framework/bfc_allocator.cc:1095] InUse at 7fc91ee0ad00 of size 256 next 165
2025-06-14 11:52:13.738334: I external/local_tsl/tsl/framework/bfc_allocator.cc:1095] InUse at 7fc91ee0ae00 of size 512 next 167
2025-06-14 11:52:13.738751: I external/local_tsl/tsl/framework/bfc_allocator.cc:1095] InUse at 7fc91ee0b000 of size 512 next 168
2025-06-14 11:52:13.739245: I external/local_tsl/tsl/framework/bfc_allocator.cc:1095] InUse at 7fc91ee0b200 of size 512 next 169
2025-06-14 11:52:13.739705: I external/local_tsl/tsl/framework/bfc_allocator.cc:1095] InUse at 7fc91ee0b400 of size 512 next 170
2025-06-14 11:52:13.740176: I external/local_tsl/tsl/framework/bfc_allocator.cc:1095] InUse at 7fc91ee0b600 of size 512 next 171
2025-06-14 11:52:13.740607: I external/local_tsl/tsl/framework/bfc_allocator.cc:1095] InUse at 7fc91ee0b800 of size 512 next 172
2025-06-14 11:52:13.741020: I external/local_tsl/tsl/framework/bfc_allocator.cc:1095] InUse at 7fc91ee0ba00 of size 512 next 174
2025-06-14 11:52:13.741430: I external/local_tsl/tsl/framework/bfc_allocator.cc:1095] InUse at 7fc91ee0bc00 of size 512 next 175
2025-06-14 11:52:13.741893: I external/local_tsl/tsl/framework/bfc_allocator.cc:1095] InUse at 7fc91ee0be00 of size 512 next 176
2025-06-14 11:52:13.742361: I external/local_tsl/tsl/framework/bfc_allocator.cc:1095] InUse at 7fc91ee0c000 of size 512 next 177
2025-06-14 11:52:13.742803: I external/local_tsl/tsl/framework/bfc_allocator.cc:1095] InUse at 7fc91ee0c200 of size 512 next 178
2025-06-14 11:52:13.743197: I external/local_tsl/tsl/framework/bfc_allocator.cc:1095] InUse at 7fc91ee0c400 of size 512 next 179
2025-06-14 11:52:13.743640: I external/local_tsl/tsl/framework/bfc_allocator.cc:1095] InUse at 7fc91ee0c600 of size 1024 next 181
2025-06-14 11:52:13.744099: I external/local_tsl/tsl/framework/bfc_allocator.cc:1095] InUse at 7fc91ee0ca00 of size 1024 next 182
2025-06-14 11:52:13.744516: I external/local_tsl/tsl/framework/bfc_allocator.cc:1095] InUse at 7fc91ee0ce00 of size 1024 next 183
2025-06-14 11:52:13.744925: I external/local_tsl/tsl/framework/bfc_allocator.cc:1095] InUse at 7fc91ee0d200 of size 1024 next 184
2025-06-14 11:52:13.745351: I external/local_tsl/tsl/framework/bfc_allocator.cc:1095] InUse at 7fc91ee0d600 of size 1024 next 185
2025-06-14 11:52:13.745757: I external/local_tsl/tsl/framework/bfc_allocator.cc:1095] InUse at 7fc91ee0da00 of size 1024 next 186
2025-06-14 11:52:13.746173: I external/local_tsl/tsl/framework/bfc_allocator.cc:1095] InUse at 7fc91ee0de00 of size 1024 next 188
2025-06-14 11:52:13.746610: I external/local_tsl/tsl/framework/bfc_allocator.cc:1095] InUse at 7fc91ee0e200 of size 1024 next 189
2025-06-14 11:52:13.747048: I external/local_tsl/tsl/framework/bfc_allocator.cc:1095] InUse at 7fc91ee0e600 of size 1024 next 190
2025-06-14 11:52:13.747509: I external/local_tsl/tsl/framework/bfc_allocator.cc:1095] InUse at 7fc91ee0ea00 of size 1024 next 191
2025-06-14 11:52:13.747946: I external/local_tsl/tsl/framework/bfc_allocator.cc:1095] InUse at 7fc91ee0ee00 of size 1024 next 192
2025-06-14 11:52:13.748395: I external/local_tsl/tsl/framework/bfc_allocator.cc:1095] InUse at 7fc91ee0f200 of size 1024 next 193
2025-06-14 11:52:13.748830: I external/local_tsl/tsl/framework/bfc_allocator.cc:1095] InUse at 7fc91ee0f600 of size 512 next 196
2025-06-14 11:52:13.749254: I external/local_tsl/tsl/framework/bfc_allocator.cc:1095] InUse at 7fc91ee0f800 of size 512 next 197
2025-06-14 11:52:13.749669: I external/local_tsl/tsl/framework/bfc_allocator.cc:1095] InUse at 7fc91ee0fa00 of size 512 next 199
2025-06-14 11:52:13.750081: I external/local_tsl/tsl/framework/bfc_allocator.cc:1095] InUse at 7fc91ee0fc00 of size 512 next 200
2025-06-14 11:52:13.750499: I external/local_tsl/tsl/framework/bfc_allocator.cc:1095] InUse at 7fc91ee0fe00 of size 512 next 201
2025-06-14 11:52:13.750916: I external/local_tsl/tsl/framework/bfc_allocator.cc:1095] InUse at 7fc91ee10000 of size 512 next 202
2025-06-14 11:52:13.751328: I external/local_tsl/tsl/framework/bfc_allocator.cc:1095] InUse at 7fc91ee10200 of size 512 next 203
2025-06-14 11:52:13.751739: I external/local_tsl/tsl/framework/bfc_allocator.cc:1095] InUse at 7fc91ee10400 of size 512 next 204
2025-06-14 11:52:13.752166: I external/local_tsl/tsl/framework/bfc_allocator.cc:1095] InUse at 7fc91ee10600 of size 512 next 207
2025-06-14 11:52:13.752631: I external/local_tsl/tsl/framework/bfc_allocator.cc:1095] InUse at 7fc91ee10800 of size 512 next 208
2025-06-14 11:52:13.753082: I external/local_tsl/tsl/framework/bfc_allocator.cc:1095] InUse at 7fc91ee10a00 of size 512 next 209
2025-06-14 11:52:13.753500: I external/local_tsl/tsl/framework/bfc_allocator.cc:1095] InUse at 7fc91ee10c00 of size 512 next 210
2025-06-14 11:52:13.753941: I external/local_tsl/tsl/framework/bfc_allocator.cc:1095] InUse at 7fc91ee10e00 of size 512 next 211
2025-06-14 11:52:13.754391: I external/local_tsl/tsl/framework/bfc_allocator.cc:1095] InUse at 7fc91ee11000 of size 512 next 212
2025-06-14 11:52:13.754836: I external/local_tsl/tsl/framework/bfc_allocator.cc:1095] InUse at 7fc91ee11200 of size 256 next 215
2025-06-14 11:52:13.755249: I external/local_tsl/tsl/framework/bfc_allocator.cc:1095] InUse at 7fc91ee11300 of size 256 next 216
2025-06-14 11:52:13.755692: I external/local_tsl/tsl/framework/bfc_allocator.cc:1095] InUse at 7fc91ee11400 of size 256 next 219
2025-06-14 11:52:13.756107: I external/local_tsl/tsl/framework/bfc_allocator.cc:1095] InUse at 7fc91ee11500 of size 256 next 220
2025-06-14 11:52:13.756554: I external/local_tsl/tsl/framework/bfc_allocator.cc:1095] InUse at 7fc91ee11600 of size 256 next 221
2025-06-14 11:52:13.757010: I external/local_tsl/tsl/framework/bfc_allocator.cc:1095] InUse at 7fc91ee11700 of size 256 next 222
2025-06-14 11:52:13.757439: I external/local_tsl/tsl/framework/bfc_allocator.cc:1095] InUse at 7fc91ee11800 of size 256 next 223
2025-06-14 11:52:13.757863: I external/local_tsl/tsl/framework/bfc_allocator.cc:1095] InUse at 7fc91ee11900 of size 256 next 224
2025-06-14 11:52:13.758275: I external/local_tsl/tsl/framework/bfc_allocator.cc:1095] InUse at 7fc91ee11a00 of size 256 next 227
2025-06-14 11:52:13.758674: I external/local_tsl/tsl/framework/bfc_allocator.cc:1095] InUse at 7fc91ee11b00 of size 256 next 228
2025-06-14 11:52:13.759196: I external/local_tsl/tsl/framework/bfc_allocator.cc:1095] InUse at 7fc91ee11c00 of size 256 next 229
2025-06-14 11:52:13.759626: I external/local_tsl/tsl/framework/bfc_allocator.cc:1095] InUse at 7fc91ee11d00 of size 256 next 230
2025-06-14 11:52:13.760101: I external/local_tsl/tsl/framework/bfc_allocator.cc:1095] InUse at 7fc91ee11e00 of size 256 next 231
2025-06-14 11:52:13.760534: I external/local_tsl/tsl/framework/bfc_allocator.cc:1095] InUse at 7fc91ee11f00 of size 256 next 232
2025-06-14 11:52:13.760971: I external/local_tsl/tsl/framework/bfc_allocator.cc:1095] InUse at 7fc91ee12000 of size 65536 next 233
2025-06-14 11:52:13.761308: I external/local_tsl/tsl/framework/bfc_allocator.cc:1095] InUse at 7fc91ee22000 of size 95232 next 19
2025-06-14 11:52:13.761727: I external/local_tsl/tsl/framework/bfc_allocator.cc:1095] InUse at 7fc91ee39400 of size 110592 next 18
2025-06-14 11:52:13.762054: I external/local_tsl/tsl/framework/bfc_allocator.cc:1095] InUse at 7fc91ee54400 of size 65536 next 115
2025-06-14 11:52:13.762408: I external/local_tsl/tsl/framework/bfc_allocator.cc:1095] InUse at 7fc91ee64400 of size 256 next 112
2025-06-14 11:52:13.762845: I external/local_tsl/tsl/framework/bfc_allocator.cc:1095] InUse at 7fc91ee64500 of size 256 next 114
2025-06-14 11:52:13.763333: I external/local_tsl/tsl/framework/bfc_allocator.cc:1095] InUse at 7fc91ee64600 of size 256 next 113
2025-06-14 11:52:13.763788: I external/local_tsl/tsl/framework/bfc_allocator.cc:1095] InUse at 7fc91ee64700 of size 256 next 111
2025-06-14 11:52:13.764292: I external/local_tsl/tsl/framework/bfc_allocator.cc:1095] InUse at 7fc91ee64800 of size 256 next 117
2025-06-14 11:52:13.764752: I external/local_tsl/tsl/framework/bfc_allocator.cc:1095] InUse at 7fc91ee64900 of size 256 next 118
2025-06-14 11:52:13.765232: I external/local_tsl/tsl/framework/bfc_allocator.cc:1095] InUse at 7fc91ee64a00 of size 256 next 120
2025-06-14 11:52:13.765641: I external/local_tsl/tsl/framework/bfc_allocator.cc:1095] InUse at 7fc91ee64b00 of size 256 next 119
2025-06-14 11:52:13.766081: I external/local_tsl/tsl/framework/bfc_allocator.cc:1095] InUse at 7fc91ee64c00 of size 256 next 121
2025-06-14 11:52:13.766484: I external/local_tsl/tsl/framework/bfc_allocator.cc:1095] InUse at 7fc91ee64d00 of size 256 next 123
2025-06-14 11:52:13.766900: I external/local_tsl/tsl/framework/bfc_allocator.cc:1095] InUse at 7fc91ee64e00 of size 256 next 124
2025-06-14 11:52:13.767314: I external/local_tsl/tsl/framework/bfc_allocator.cc:1095] InUse at 7fc91ee64f00 of size 256 next 125
2025-06-14 11:52:13.767780: I external/local_tsl/tsl/framework/bfc_allocator.cc:1095] InUse at 7fc91ee65000 of size 256 next 126
2025-06-14 11:52:13.768228: I external/local_tsl/tsl/framework/bfc_allocator.cc:1095] InUse at 7fc91ee65100 of size 256 next 128
2025-06-14 11:52:13.768668: I external/local_tsl/tsl/framework/bfc_allocator.cc:1095] InUse at 7fc91ee65200 of size 256 next 127
2025-06-14 11:52:13.769109: I external/local_tsl/tsl/framework/bfc_allocator.cc:1095] InUse at 7fc91ee65300 of size 256 next 129
2025-06-14 11:52:13.769536: I external/local_tsl/tsl/framework/bfc_allocator.cc:1095] InUse at 7fc91ee65400 of size 256 next 130
2025-06-14 11:52:13.769940: I external/local_tsl/tsl/framework/bfc_allocator.cc:1095] InUse at 7fc91ee65500 of size 256 next 131
2025-06-14 11:52:13.770337: I external/local_tsl/tsl/framework/bfc_allocator.cc:1095] InUse at 7fc91ee65600 of size 256 next 132
2025-06-14 11:52:13.770793: I external/local_tsl/tsl/framework/bfc_allocator.cc:1095] InUse at 7fc91ee65700 of size 256 next 133
2025-06-14 11:52:13.771197: I external/local_tsl/tsl/framework/bfc_allocator.cc:1095] InUse at 7fc91ee65800 of size 256 next 137
2025-06-14 11:52:13.771634: I external/local_tsl/tsl/framework/bfc_allocator.cc:1095] InUse at 7fc91ee65900 of size 256 next 136
2025-06-14 11:52:13.772076: I external/local_tsl/tsl/framework/bfc_allocator.cc:1095] InUse at 7fc91ee65a00 of size 3584 next 138
2025-06-14 11:52:13.772559: I external/local_tsl/tsl/framework/bfc_allocator.cc:1095] InUse at 7fc91ee66800 of size 3584 next 139
2025-06-14 11:52:13.772995: I external/local_tsl/tsl/framework/bfc_allocator.cc:1095] InUse at 7fc91ee67600 of size 256 next 140
2025-06-14 11:52:13.773423: I external/local_tsl/tsl/framework/bfc_allocator.cc:1095] InUse at 7fc91ee67700 of size 256 next 141
2025-06-14 11:52:13.773855: I external/local_tsl/tsl/framework/bfc_allocator.cc:1095] InUse at 7fc91ee67800 of size 256 next 142
2025-06-14 11:52:13.774291: I external/local_tsl/tsl/framework/bfc_allocator.cc:1095] InUse at 7fc91ee67900 of size 256 next 143
2025-06-14 11:52:13.774695: I external/local_tsl/tsl/framework/bfc_allocator.cc:1095] InUse at 7fc91ee67a00 of size 256 next 144
2025-06-14 11:52:13.775110: I external/local_tsl/tsl/framework/bfc_allocator.cc:1095] InUse at 7fc91ee67b00 of size 256 next 145
2025-06-14 11:52:13.775512: I external/local_tsl/tsl/framework/bfc_allocator.cc:1095] InUse at 7fc91ee67c00 of size 141312 next 27
2025-06-14 11:52:13.775929: I external/local_tsl/tsl/framework/bfc_allocator.cc:1095] InUse at 7fc91ee8a400 of size 221184 next 26
2025-06-14 11:52:13.776247: I external/local_tsl/tsl/framework/bfc_allocator.cc:1095] InUse at 7fc91eec0400 of size 442368 next 159
2025-06-14 11:52:13.776622: I external/local_tsl/tsl/framework/bfc_allocator.cc:1095] InUse at 7fc91ef2c400 of size 867328 next 18446744073709551615
2025-06-14 11:52:13.776994: I external/local_tsl/tsl/framework/bfc_allocator.cc:1075] Next region of size 4194304
2025-06-14 11:52:13.777439: I external/local_tsl/tsl/framework/bfc_allocator.cc:1095] InUse at 7fc91f400000 of size 442368 next 37
2025-06-14 11:52:13.777759: I external/local_tsl/tsl/framework/bfc_allocator.cc:1095] InUse at 7fc91f46c000 of size 221184 next 116
2025-06-14 11:52:13.778083: I external/local_tsl/tsl/framework/bfc_allocator.cc:1095] InUse at 7fc91f4a2000 of size 110592 next 122
2025-06-14 11:52:13.778447: I external/local_tsl/tsl/framework/bfc_allocator.cc:1095] InUse at 7fc91f4bd000 of size 192512 next 99
2025-06-14 11:52:13.778824: I external/local_tsl/tsl/framework/bfc_allocator.cc:1095] InUse at 7fc91f4ec000 of size 360448 next 44
2025-06-14 11:52:13.779161: I external/local_tsl/tsl/framework/bfc_allocator.cc:1095] InUse at 7fc91f544000 of size 884736 next 43
2025-06-14 11:52:13.779487: I external/local_tsl/tsl/framework/bfc_allocator.cc:1095] InUse at 7fc91f61c000 of size 1982464 next 18446744073709551615
2025-06-14 11:52:13.779797: I external/local_tsl/tsl/framework/bfc_allocator.cc:1075] Next region of size 8388608
2025-06-14 11:52:13.780277: I external/local_tsl/tsl/framework/bfc_allocator.cc:1095] InUse at 7fc91f800000 of size 884736 next 166
2025-06-14 11:52:13.780648: I external/local_tsl/tsl/framework/bfc_allocator.cc:1095] InUse at 7fc91f8d8000 of size 884736 next 54
2025-06-14 11:52:13.781124: I external/local_tsl/tsl/framework/bfc_allocator.cc:1095] InUse at 7fc91f9b0000 of size 1769472 next 52
2025-06-14 11:52:13.781529: I external/local_tsl/tsl/framework/bfc_allocator.cc:1095] InUse at 7fc91fb60000 of size 4849664 next 18446744073709551615
2025-06-14 11:52:13.781946: I external/local_tsl/tsl/framework/bfc_allocator.cc:1100]      Summary of in-use Chunks by size: 
2025-06-14 11:52:13.782369: I external/local_tsl/tsl/framework/bfc_allocator.cc:1103] 155 Chunks of size 256 totalling 38.8KiB
2025-06-14 11:52:13.782785: I external/local_tsl/tsl/framework/bfc_allocator.cc:1103] 55 Chunks of size 512 totalling 27.5KiB
2025-06-14 11:52:13.783195: I external/local_tsl/tsl/framework/bfc_allocator.cc:1103] 26 Chunks of size 1024 totalling 26.0KiB
2025-06-14 11:52:13.783638: I external/local_tsl/tsl/framework/bfc_allocator.cc:1103] 1 Chunks of size 1280 totalling 1.2KiB
2025-06-14 11:52:13.784052: I external/local_tsl/tsl/framework/bfc_allocator.cc:1103] 3 Chunks of size 3584 totalling 10.5KiB
2025-06-14 11:52:13.784488: I external/local_tsl/tsl/framework/bfc_allocator.cc:1103] 2 Chunks of size 65536 totalling 128.0KiB
2025-06-14 11:52:13.784917: I external/local_tsl/tsl/framework/bfc_allocator.cc:1103] 1 Chunks of size 95232 totalling 93.0KiB
2025-06-14 11:52:13.785361: I external/local_tsl/tsl/framework/bfc_allocator.cc:1103] 4 Chunks of size 110592 totalling 432.0KiB
2025-06-14 11:52:13.785801: I external/local_tsl/tsl/framework/bfc_allocator.cc:1103] 1 Chunks of size 141312 totalling 138.0KiB
2025-06-14 11:52:13.786249: I external/local_tsl/tsl/framework/bfc_allocator.cc:1103] 1 Chunks of size 192512 totalling 188.0KiB
2025-06-14 11:52:13.786682: I external/local_tsl/tsl/framework/bfc_allocator.cc:1103] 6 Chunks of size 221184 totalling 1.27MiB
2025-06-14 11:52:13.787157: I external/local_tsl/tsl/framework/bfc_allocator.cc:1103] 2 Chunks of size 262144 totalling 512.0KiB
2025-06-14 11:52:13.787570: I external/local_tsl/tsl/framework/bfc_allocator.cc:1103] 1 Chunks of size 360448 totalling 352.0KiB
2025-06-14 11:52:13.788020: I external/local_tsl/tsl/framework/bfc_allocator.cc:1103] 5 Chunks of size 442368 totalling 2.11MiB
2025-06-14 11:52:13.788448: I external/local_tsl/tsl/framework/bfc_allocator.cc:1103] 1 Chunks of size 867328 totalling 847.0KiB
2025-06-14 11:52:13.788895: I external/local_tsl/tsl/framework/bfc_allocator.cc:1103] 6 Chunks of size 884736 totalling 5.06MiB
2025-06-14 11:52:13.789318: I external/local_tsl/tsl/framework/bfc_allocator.cc:1103] 2 Chunks of size 1048576 totalling 2.00MiB
2025-06-14 11:52:13.789719: I external/local_tsl/tsl/framework/bfc_allocator.cc:1103] 6 Chunks of size 1769472 totalling 10.12MiB
2025-06-14 11:52:13.790144: I external/local_tsl/tsl/framework/bfc_allocator.cc:1103] 1 Chunks of size 1982464 totalling 1.89MiB
2025-06-14 11:52:13.790563: I external/local_tsl/tsl/framework/bfc_allocator.cc:1103] 4 Chunks of size 3538944 totalling 13.50MiB
2025-06-14 11:52:13.791024: I external/local_tsl/tsl/framework/bfc_allocator.cc:1103] 1 Chunks of size 4063232 totalling 3.88MiB
2025-06-14 11:52:13.791489: I external/local_tsl/tsl/framework/bfc_allocator.cc:1103] 1 Chunks of size 4849664 totalling 4.62MiB
2025-06-14 11:52:13.791954: I external/local_tsl/tsl/framework/bfc_allocator.cc:1103] 2 Chunks of size 7077888 totalling 13.50MiB
2025-06-14 11:52:13.792454: I external/local_tsl/tsl/framework/bfc_allocator.cc:1103] 1 Chunks of size 12320768 totalling 11.75MiB
2025-06-14 11:52:13.792812: I external/local_tsl/tsl/framework/bfc_allocator.cc:1103] 2 Chunks of size 15138816 totalling 28.88MiB
2025-06-14 11:52:13.793153: I external/local_tsl/tsl/framework/bfc_allocator.cc:1103] 4 Chunks of size 30277632 totalling 115.50MiB
2025-06-14 11:52:13.793482: I external/local_tsl/tsl/framework/bfc_allocator.cc:1103] 2 Chunks of size 60555264 totalling 115.50MiB
2025-06-14 11:52:13.793901: I external/local_tsl/tsl/framework/bfc_allocator.cc:1103] 1 Chunks of size 73662464 totalling 70.25MiB
2025-06-14 11:52:13.794245: I external/local_tsl/tsl/framework/bfc_allocator.cc:1103] 1 Chunks of size 116654080 totalling 111.25MiB
2025-06-14 11:52:13.794568: I external/local_tsl/tsl/framework/bfc_allocator.cc:1103] 6 Chunks of size 121110528 totalling 693.00MiB
2025-06-14 11:52:13.794889: I external/local_tsl/tsl/framework/bfc_allocator.cc:1103] 2 Chunks of size 209715200 totalling 400.00MiB
2025-06-14 11:52:13.795255: I external/local_tsl/tsl/framework/bfc_allocator.cc:1103] 3 Chunks of size 242221056 totalling 693.00MiB
2025-06-14 11:52:13.795598: I external/local_tsl/tsl/framework/bfc_allocator.cc:1103] 8 Chunks of size 484442112 totalling 3.61GiB
2025-06-14 11:52:13.795942: I external/local_tsl/tsl/framework/bfc_allocator.cc:1103] 1 Chunks of size 968884224 totalling 924.00MiB
2025-06-14 11:52:13.796356: I external/local_tsl/tsl/framework/bfc_allocator.cc:1103] 6 Chunks of size 1937768448 totalling 10.83GiB
2025-06-14 11:52:13.796709: I external/local_tsl/tsl/framework/bfc_allocator.cc:1107] Sum Total of in-use chunks: 17.58GiB
2025-06-14 11:52:13.797181: I external/local_tsl/tsl/framework/bfc_allocator.cc:1109] Total bytes in pool: 23575789568 memory_limit_: 23575789568 available bytes: 0 curr_region_allocation_bytes_: 34359738368
2025-06-14 11:52:13.797530: I external/local_tsl/tsl/framework/bfc_allocator.cc:1114] Stats: 
Limit:                     23575789568
InUse:                     18882553856
MaxInUse:                  22800760320
NumAllocs:                         912
MaxAllocSize:               4135495424
Reserved:                            0
PeakReserved:                        0
LargestFreeBlock:                    0

2025-06-14 11:52:13.797936: W external/local_tsl/tsl/framework/bfc_allocator.cc:497] ________*********________************************************_**************************************
2025-06-14 11:52:13.798322: W tensorflow/core/framework/op_kernel.cc:1839] OP_REQUIRES failed at concat_op.cc:165 : RESOURCE_EXHAUSTED: OOM when allocating tensor with shape[2,64,192,224,176] and type float on /job:localhost/replica:0/task:0/device:GPU:0 by allocator GPU_0_bfc
Traceback (most recent call last):
  File "/mnt/beegfs/hellgate/home/rb194958e/stroke_segmentation_sota/batch_wise_train.py", line 277, in <module>
    if main():
       ^^^^^^
  File "/mnt/beegfs/hellgate/home/rb194958e/stroke_segmentation_sota/batch_wise_train.py", line 256, in main
    history = model.fit(
              ^^^^^^^^^^
  File "/mnt/beegfs/hellgate/home/rb194958e/.conda/envs/tf215_env/lib/python3.11/site-packages/keras/src/utils/traceback_utils.py", line 70, in error_handler
    raise e.with_traceback(filtered_tb) from None
  File "/mnt/beegfs/hellgate/home/rb194958e/.conda/envs/tf215_env/lib/python3.11/site-packages/tensorflow/python/eager/execute.py", line 53, in quick_execute
    tensors = pywrap_tfe.TFE_Py_Execute(ctx._handle, device_name, op_name,
  ^^^^^^^^^^^^^^^^^^^^^^^^^^^^^^^^^^^^^^^^^^^^^^^^^^^^^^^^^^^^^^^^^^^^^^^^
tensorflow.python.framework.errors_impl.ResourceExhaustedError: Graph execution error:

Detected at node model/concatenate_2/concat defined at (most recent call last):
  File "/mnt/beegfs/hellgate/home/rb194958e/stroke_segmentation_sota/batch_wise_train.py", line 277, in <module>

  File "/mnt/beegfs/hellgate/home/rb194958e/stroke_segmentation_sota/batch_wise_train.py", line 256, in main

  File "/mnt/beegfs/hellgate/home/rb194958e/.conda/envs/tf215_env/lib/python3.11/site-packages/keras/src/utils/traceback_utils.py", line 65, in error_handler

  File "/mnt/beegfs/hellgate/home/rb194958e/.conda/envs/tf215_env/lib/python3.11/site-packages/keras/src/engine/training.py", line 1807, in fit

  File "/mnt/beegfs/hellgate/home/rb194958e/.conda/envs/tf215_env/lib/python3.11/site-packages/keras/src/engine/training.py", line 1401, in train_function

  File "/mnt/beegfs/hellgate/home/rb194958e/.conda/envs/tf215_env/lib/python3.11/site-packages/keras/src/engine/training.py", line 1384, in step_function

  File "/mnt/beegfs/hellgate/home/rb194958e/.conda/envs/tf215_env/lib/python3.11/site-packages/keras/src/engine/training.py", line 1373, in run_step

  File "/mnt/beegfs/hellgate/home/rb194958e/.conda/envs/tf215_env/lib/python3.11/site-packages/keras/src/engine/training.py", line 1150, in train_step

  File "/mnt/beegfs/hellgate/home/rb194958e/.conda/envs/tf215_env/lib/python3.11/site-packages/keras/src/utils/traceback_utils.py", line 65, in error_handler

  File "/mnt/beegfs/hellgate/home/rb194958e/.conda/envs/tf215_env/lib/python3.11/site-packages/keras/src/engine/training.py", line 590, in __call__

  File "/mnt/beegfs/hellgate/home/rb194958e/.conda/envs/tf215_env/lib/python3.11/site-packages/keras/src/utils/traceback_utils.py", line 65, in error_handler

  File "/mnt/beegfs/hellgate/home/rb194958e/.conda/envs/tf215_env/lib/python3.11/site-packages/keras/src/engine/base_layer.py", line 1149, in __call__

  File "/mnt/beegfs/hellgate/home/rb194958e/.conda/envs/tf215_env/lib/python3.11/site-packages/keras/src/utils/traceback_utils.py", line 96, in error_handler

  File "/mnt/beegfs/hellgate/home/rb194958e/.conda/envs/tf215_env/lib/python3.11/site-packages/keras/src/engine/functional.py", line 515, in call

  File "/mnt/beegfs/hellgate/home/rb194958e/.conda/envs/tf215_env/lib/python3.11/site-packages/keras/src/engine/functional.py", line 672, in _run_internal_graph

  File "/mnt/beegfs/hellgate/home/rb194958e/.conda/envs/tf215_env/lib/python3.11/site-packages/keras/src/utils/traceback_utils.py", line 65, in error_handler

  File "/mnt/beegfs/hellgate/home/rb194958e/.conda/envs/tf215_env/lib/python3.11/site-packages/keras/src/engine/base_layer.py", line 1149, in __call__

  File "/mnt/beegfs/hellgate/home/rb194958e/.conda/envs/tf215_env/lib/python3.11/site-packages/keras/src/utils/traceback_utils.py", line 96, in error_handler

  File "/mnt/beegfs/hellgate/home/rb194958e/.conda/envs/tf215_env/lib/python3.11/site-packages/keras/src/layers/merging/base_merge.py", line 196, in call

  File "/mnt/beegfs/hellgate/home/rb194958e/.conda/envs/tf215_env/lib/python3.11/site-packages/keras/src/layers/merging/concatenate.py", line 134, in _merge_function

  File "/mnt/beegfs/hellgate/home/rb194958e/.conda/envs/tf215_env/lib/python3.11/site-packages/keras/src/backend.py", line 3580, in concatenate

OOM when allocating tensor with shape[2,64,192,224,176] and type float on /job:localhost/replica:0/task:0/device:GPU:0 by allocator GPU_0_bfc
	 [[{{node model/concatenate_2/concat}}]]
Hint: If you want to see a list of allocated tensors when OOM happens, add report_tensor_allocations_upon_oom to RunOptions for current allocation info. This isn't available when running in Eager mode.
 [Op:__inference_train_function_7309]
2025-06-14 11:52:13.956778: W tensorflow/core/kernels/data/generator_dataset_op.cc:108] Error occurred when finalizing GeneratorDataset iterator: FAILED_PRECONDITION: Python interpreter state is not initialized. The process may be terminated.
	 [[{{node PyFunc}}]]
/var/spool/slurmd/job1123695/slurm_script: line 320: EOF: command not found
/var/spool/slurmd/job1123695/slurm_script: line 330: unexpected EOF while looking for matching ``'
/var/spool/slurmd/job1123695/slurm_script: line 339: syntax error: unexpected end of file
