2025-06-14 15:38:46.181926: I tensorflow/core/util/port.cc:113] oneDNN custom operations are on. You may see slightly different numerical results due to floating-point round-off errors from different computation orders. To turn them off, set the environment variable `TF_ENABLE_ONEDNN_OPTS=0`.
2025-06-14 15:38:46.934624: E external/local_xla/xla/stream_executor/cuda/cuda_dnn.cc:9261] Unable to register cuDNN factory: Attempting to register factory for plugin cuDNN when one has already been registered
2025-06-14 15:38:46.935385: E external/local_xla/xla/stream_executor/cuda/cuda_fft.cc:607] Unable to register cuFFT factory: Attempting to register factory for plugin cuFFT when one has already been registered
2025-06-14 15:38:47.052307: E external/local_xla/xla/stream_executor/cuda/cuda_blas.cc:1515] Unable to register cuBLAS factory: Attempting to register factory for plugin cuBLAS when one has already been registered
2025-06-14 15:38:47.306701: I tensorflow/core/platform/cpu_feature_guard.cc:182] This TensorFlow binary is optimized to use available CPU instructions in performance-critical operations.
To enable the following instructions: AVX2 AVX512F AVX512_VNNI FMA, in other operations, rebuild TensorFlow with the appropriate compiler flags.
2025-06-14 15:38:54.076109: W tensorflow/compiler/tf2tensorrt/utils/py_utils.cc:38] TF-TRT Warning: Could not find TensorRT
INFO:__main__:🚀 Starting Stroke Lesion Segmentation Training
INFO:__main__:Using 1 GPU(s)
INFO:__main__:Creating data generators...
INFO:__main__:Found 655 valid image/mask pairs
INFO:__main__:Found 655 valid image/mask pairs
INFO:__main__:Training batches: 262
INFO:__main__:Validation batches: 65
INFO:__main__:Building model...
2025-06-14 15:39:08.585078: I tensorflow/core/common_runtime/gpu/gpu_device.cc:1929] Created device /job:localhost/replica:0/task:0/device:GPU:0 with 22483 MB memory:  -> device: 0, name: NVIDIA RTX 4500 Ada Generation, pci bus id: 0000:1c:00.0, compute capability: 8.9
INFO:__main__:Model parameters: 5,605,345
INFO:__main__:Starting training...
pixdim[0] (qfac) should be 1 (default) or -1; setting qfac to 1
INFO:nibabel.global:pixdim[0] (qfac) should be 1 (default) or -1; setting qfac to 1
pixdim[0] (qfac) should be 1 (default) or -1; setting qfac to 1
INFO:nibabel.global:pixdim[0] (qfac) should be 1 (default) or -1; setting qfac to 1
pixdim[0] (qfac) should be 1 (default) or -1; setting qfac to 1
INFO:nibabel.global:pixdim[0] (qfac) should be 1 (default) or -1; setting qfac to 1
pixdim[0] (qfac) should be 1 (default) or -1; setting qfac to 1
INFO:nibabel.global:pixdim[0] (qfac) should be 1 (default) or -1; setting qfac to 1
2025-06-14 15:39:16.171251: I external/local_xla/xla/stream_executor/cuda/cuda_dnn.cc:454] Loaded cuDNN version 8907
pixdim[0] (qfac) should be 1 (default) or -1; setting qfac to 1
INFO:nibabel.global:pixdim[0] (qfac) should be 1 (default) or -1; setting qfac to 1
pixdim[0] (qfac) should be 1 (default) or -1; setting qfac to 1
INFO:nibabel.global:pixdim[0] (qfac) should be 1 (default) or -1; setting qfac to 1
pixdim[0] (qfac) should be 1 (default) or -1; setting qfac to 1
INFO:nibabel.global:pixdim[0] (qfac) should be 1 (default) or -1; setting qfac to 1
pixdim[0] (qfac) should be 1 (default) or -1; setting qfac to 1
INFO:nibabel.global:pixdim[0] (qfac) should be 1 (default) or -1; setting qfac to 1
2025-06-14 15:39:32.639670: W external/local_tsl/tsl/framework/bfc_allocator.cc:296] Allocator (GPU_0_bfc) ran out of memory trying to allocate 2.27GiB with freed_by_count=0. The caller indicates that this is not a failure, but this may mean that there could be performance gains if more memory were available.
2025-06-14 15:39:32.741227: W external/local_tsl/tsl/framework/bfc_allocator.cc:296] Allocator (GPU_0_bfc) ran out of memory trying to allocate 2.30GiB with freed_by_count=0. The caller indicates that this is not a failure, but this may mean that there could be performance gains if more memory were available.
2025-06-14 15:39:32.742203: W external/local_tsl/tsl/framework/bfc_allocator.cc:296] Allocator (GPU_0_bfc) ran out of memory trying to allocate 2.27GiB with freed_by_count=0. The caller indicates that this is not a failure, but this may mean that there could be performance gains if more memory were available.
2025-06-14 15:39:33.363068: W external/local_tsl/tsl/framework/bfc_allocator.cc:296] Allocator (GPU_0_bfc) ran out of memory trying to allocate 2.27GiB with freed_by_count=0. The caller indicates that this is not a failure, but this may mean that there could be performance gains if more memory were available.
2025-06-14 15:39:33.416591: W external/local_tsl/tsl/framework/bfc_allocator.cc:296] Allocator (GPU_0_bfc) ran out of memory trying to allocate 2.30GiB with freed_by_count=0. The caller indicates that this is not a failure, but this may mean that there could be performance gains if more memory were available.
2025-06-14 15:39:33.417703: W external/local_tsl/tsl/framework/bfc_allocator.cc:296] Allocator (GPU_0_bfc) ran out of memory trying to allocate 2.27GiB with freed_by_count=0. The caller indicates that this is not a failure, but this may mean that there could be performance gains if more memory were available.
2025-06-14 15:39:44.038357: W external/local_tsl/tsl/framework/bfc_allocator.cc:485] Allocator (GPU_0_bfc) ran out of memory trying to allocate 3.61GiB (rounded to 3875536896)requested by op model/concatenate_2/concat
If the cause is memory fragmentation maybe the environment variable 'TF_GPU_ALLOCATOR=cuda_malloc_async' will improve the situation. 
Current allocation summary follows.
Current allocation summary follows.
2025-06-14 15:39:44.039497: I external/local_tsl/tsl/framework/bfc_allocator.cc:1039] BFCAllocator dump for GPU_0_bfc
2025-06-14 15:39:44.040371: I external/local_tsl/tsl/framework/bfc_allocator.cc:1046] Bin (256): 	Total Chunks: 155, Chunks in use: 155. 38.8KiB allocated for chunks. 38.8KiB in use in bin. 20.7KiB client-requested in use in bin.
2025-06-14 15:39:44.040959: I external/local_tsl/tsl/framework/bfc_allocator.cc:1046] Bin (512): 	Total Chunks: 56, Chunks in use: 55. 28.2KiB allocated for chunks. 27.8KiB in use in bin. 27.5KiB client-requested in use in bin.
2025-06-14 15:39:44.041482: I external/local_tsl/tsl/framework/bfc_allocator.cc:1046] Bin (1024): 	Total Chunks: 27, Chunks in use: 27. 27.2KiB allocated for chunks. 27.2KiB in use in bin. 27.0KiB client-requested in use in bin.
2025-06-14 15:39:44.041964: I external/local_tsl/tsl/framework/bfc_allocator.cc:1046] Bin (2048): 	Total Chunks: 3, Chunks in use: 3. 10.5KiB allocated for chunks. 10.5KiB in use in bin. 10.1KiB client-requested in use in bin.
2025-06-14 15:39:44.042472: I external/local_tsl/tsl/framework/bfc_allocator.cc:1046] Bin (4096): 	Total Chunks: 0, Chunks in use: 0. 0B allocated for chunks. 0B in use in bin. 0B client-requested in use in bin.
2025-06-14 15:39:44.042909: I external/local_tsl/tsl/framework/bfc_allocator.cc:1046] Bin (8192): 	Total Chunks: 0, Chunks in use: 0. 0B allocated for chunks. 0B in use in bin. 0B client-requested in use in bin.
2025-06-14 15:39:44.043345: I external/local_tsl/tsl/framework/bfc_allocator.cc:1046] Bin (16384): 	Total Chunks: 0, Chunks in use: 0. 0B allocated for chunks. 0B in use in bin. 0B client-requested in use in bin.
2025-06-14 15:39:44.043837: I external/local_tsl/tsl/framework/bfc_allocator.cc:1046] Bin (32768): 	Total Chunks: 0, Chunks in use: 0. 0B allocated for chunks. 0B in use in bin. 0B client-requested in use in bin.
2025-06-14 15:39:44.044325: I external/local_tsl/tsl/framework/bfc_allocator.cc:1046] Bin (65536): 	Total Chunks: 7, Chunks in use: 7. 653.0KiB allocated for chunks. 653.0KiB in use in bin. 624.0KiB client-requested in use in bin.
2025-06-14 15:39:44.044781: I external/local_tsl/tsl/framework/bfc_allocator.cc:1046] Bin (131072): 	Total Chunks: 8, Chunks in use: 8. 1.58MiB allocated for chunks. 1.58MiB in use in bin. 1.48MiB client-requested in use in bin.
2025-06-14 15:39:44.045360: I external/local_tsl/tsl/framework/bfc_allocator.cc:1046] Bin (262144): 	Total Chunks: 8, Chunks in use: 8. 2.95MiB allocated for chunks. 2.95MiB in use in bin. 2.86MiB client-requested in use in bin.
2025-06-14 15:39:44.045847: I external/local_tsl/tsl/framework/bfc_allocator.cc:1046] Bin (524288): 	Total Chunks: 7, Chunks in use: 7. 5.89MiB allocated for chunks. 5.89MiB in use in bin. 5.48MiB client-requested in use in bin.
2025-06-14 15:39:44.046317: I external/local_tsl/tsl/framework/bfc_allocator.cc:1046] Bin (1048576): 	Total Chunks: 9, Chunks in use: 9. 14.02MiB allocated for chunks. 14.02MiB in use in bin. 13.12MiB client-requested in use in bin.
2025-06-14 15:39:44.046798: I external/local_tsl/tsl/framework/bfc_allocator.cc:1046] Bin (2097152): 	Total Chunks: 5, Chunks in use: 5. 17.38MiB allocated for chunks. 17.38MiB in use in bin. 16.88MiB client-requested in use in bin.
2025-06-14 15:39:44.047301: I external/local_tsl/tsl/framework/bfc_allocator.cc:1046] Bin (4194304): 	Total Chunks: 3, Chunks in use: 3. 18.12MiB allocated for chunks. 18.12MiB in use in bin. 16.88MiB client-requested in use in bin.
2025-06-14 15:39:44.047767: I external/local_tsl/tsl/framework/bfc_allocator.cc:1046] Bin (8388608): 	Total Chunks: 3, Chunks in use: 3. 40.62MiB allocated for chunks. 40.62MiB in use in bin. 35.62MiB client-requested in use in bin.
2025-06-14 15:39:44.048241: I external/local_tsl/tsl/framework/bfc_allocator.cc:1046] Bin (16777216): 	Total Chunks: 5, Chunks in use: 4. 140.19MiB allocated for chunks. 115.50MiB in use in bin. 115.50MiB client-requested in use in bin.
2025-06-14 15:39:44.048719: I external/local_tsl/tsl/framework/bfc_allocator.cc:1046] Bin (33554432): 	Total Chunks: 2, Chunks in use: 2. 115.50MiB allocated for chunks. 115.50MiB in use in bin. 115.50MiB client-requested in use in bin.
2025-06-14 15:39:44.049189: I external/local_tsl/tsl/framework/bfc_allocator.cc:1046] Bin (67108864): 	Total Chunks: 8, Chunks in use: 8. 874.50MiB allocated for chunks. 874.50MiB in use in bin. 808.50MiB client-requested in use in bin.
2025-06-14 15:39:44.049641: I external/local_tsl/tsl/framework/bfc_allocator.cc:1046] Bin (134217728): 	Total Chunks: 5, Chunks in use: 5. 1.07GiB allocated for chunks. 1.07GiB in use in bin. 924.00MiB client-requested in use in bin.
2025-06-14 15:39:44.050067: I external/local_tsl/tsl/framework/bfc_allocator.cc:1046] Bin (268435456): 	Total Chunks: 18, Chunks in use: 15. 19.69GiB allocated for chunks. 15.34GiB in use in bin. 15.34GiB client-requested in use in bin.
2025-06-14 15:39:44.050500: I external/local_tsl/tsl/framework/bfc_allocator.cc:1062] Bin for 3.61GiB was 256.00MiB, Chunk State: 
2025-06-14 15:39:44.050902: I external/local_tsl/tsl/framework/bfc_allocator.cc:1068]   Size: 453.50MiB | Requested Size: 16.00MiB | in_use: 0 | bin_num: 20, prev:   Size: 462.00MiB | Requested Size: 462.00MiB | in_use: 1 | bin_num: -1
2025-06-14 15:39:44.051380: I external/local_tsl/tsl/framework/bfc_allocator.cc:1068]   Size: 1.80GiB | Requested Size: 1.80GiB | in_use: 0 | bin_num: 20, next:   Size: 1.80GiB | Requested Size: 1.80GiB | in_use: 1 | bin_num: -1
2025-06-14 15:39:44.051851: I external/local_tsl/tsl/framework/bfc_allocator.cc:1068]   Size: 2.10GiB | Requested Size: 1.82GiB | in_use: 0 | bin_num: 20, prev:   Size: 1.80GiB | Requested Size: 1.80GiB | in_use: 1 | bin_num: -1
2025-06-14 15:39:44.052348: I external/local_tsl/tsl/framework/bfc_allocator.cc:1075] Next region of size 6129582080
2025-06-14 15:39:44.052862: I external/local_tsl/tsl/framework/bfc_allocator.cc:1095] Free  at 7f7124000000 of size 1937768448 next 107
2025-06-14 15:39:44.053315: I external/local_tsl/tsl/framework/bfc_allocator.cc:1095] InUse at 7f7197800000 of size 1937768448 next 329
2025-06-14 15:39:44.053783: I external/local_tsl/tsl/framework/bfc_allocator.cc:1095] Free  at 7f720b000000 of size 2254045184 next 18446744073709551615
2025-06-14 15:39:44.054176: I external/local_tsl/tsl/framework/bfc_allocator.cc:1075] Next region of size 8589934592
2025-06-14 15:39:44.054736: I external/local_tsl/tsl/framework/bfc_allocator.cc:1095] InUse at 7f72b2000000 of size 1937768448 next 282
2025-06-14 15:39:44.055153: I external/local_tsl/tsl/framework/bfc_allocator.cc:1095] InUse at 7f7325800000 of size 242221056 next 283
2025-06-14 15:39:44.055588: I external/local_tsl/tsl/framework/bfc_allocator.cc:1095] InUse at 7f7333f00000 of size 484442112 next 284
2025-06-14 15:39:44.056022: I external/local_tsl/tsl/framework/bfc_allocator.cc:1095] InUse at 7f7350d00000 of size 484442112 next 285
2025-06-14 15:39:44.056501: I external/local_tsl/tsl/framework/bfc_allocator.cc:1095] InUse at 7f736db00000 of size 484442112 next 29
2025-06-14 15:39:44.056907: I external/local_tsl/tsl/framework/bfc_allocator.cc:1095] InUse at 7f738a900000 of size 484442112 next 289
2025-06-14 15:39:44.057369: I external/local_tsl/tsl/framework/bfc_allocator.cc:1095] InUse at 7f73a7700000 of size 484442112 next 293
2025-06-14 15:39:44.057785: I external/local_tsl/tsl/framework/bfc_allocator.cc:1095] InUse at 7f73c4500000 of size 121110528 next 47
2025-06-14 15:39:44.058220: I external/local_tsl/tsl/framework/bfc_allocator.cc:1095] InUse at 7f73cb880000 of size 121110528 next 296
2025-06-14 15:39:44.058649: I external/local_tsl/tsl/framework/bfc_allocator.cc:1095] InUse at 7f73d2c00000 of size 121110528 next 300
2025-06-14 15:39:44.059057: I external/local_tsl/tsl/framework/bfc_allocator.cc:1095] InUse at 7f73d9f80000 of size 30277632 next 302
2025-06-14 15:39:44.059485: I external/local_tsl/tsl/framework/bfc_allocator.cc:1095] InUse at 7f73dbc60000 of size 30277632 next 303
2025-06-14 15:39:44.059885: I external/local_tsl/tsl/framework/bfc_allocator.cc:1095] InUse at 7f73dd940000 of size 30277632 next 66
2025-06-14 15:39:44.060300: I external/local_tsl/tsl/framework/bfc_allocator.cc:1095] InUse at 7f73df620000 of size 30277632 next 307
2025-06-14 15:39:44.060720: I external/local_tsl/tsl/framework/bfc_allocator.cc:1095] InUse at 7f73e1300000 of size 121110528 next 76
2025-06-14 15:39:44.061114: I external/local_tsl/tsl/framework/bfc_allocator.cc:1095] InUse at 7f73e8680000 of size 121110528 next 312
2025-06-14 15:39:44.061525: I external/local_tsl/tsl/framework/bfc_allocator.cc:1095] InUse at 7f73efa00000 of size 242221056 next 311
2025-06-14 15:39:44.061981: I external/local_tsl/tsl/framework/bfc_allocator.cc:1095] InUse at 7f73fe100000 of size 121110528 next 85
2025-06-14 15:39:44.062415: I external/local_tsl/tsl/framework/bfc_allocator.cc:1095] InUse at 7f7405480000 of size 484442112 next 325
2025-06-14 15:39:44.062853: I external/local_tsl/tsl/framework/bfc_allocator.cc:1095] InUse at 7f7422280000 of size 484442112 next 320
2025-06-14 15:39:44.063268: I external/local_tsl/tsl/framework/bfc_allocator.cc:1095] InUse at 7f743f080000 of size 968884224 next 319
2025-06-14 15:39:44.063673: I external/local_tsl/tsl/framework/bfc_allocator.cc:1095] InUse at 7f7478c80000 of size 484442112 next 91
2025-06-14 15:39:44.064117: I external/local_tsl/tsl/framework/bfc_allocator.cc:1095] Free  at 7f7495a80000 of size 475529216 next 18446744073709551615
2025-06-14 15:39:44.064551: I external/local_tsl/tsl/framework/bfc_allocator.cc:1075] Next region of size 4294967296
2025-06-14 15:39:44.065173: I external/local_tsl/tsl/framework/bfc_allocator.cc:1095] InUse at 7f74d8000000 of size 1937768448 next 11
2025-06-14 15:39:44.065611: I external/local_tsl/tsl/framework/bfc_allocator.cc:1095] InUse at 7f754b800000 of size 1937768448 next 277
2025-06-14 15:39:44.065971: I external/local_tsl/tsl/framework/bfc_allocator.cc:1095] InUse at 7f75bf000000 of size 242221056 next 20
2025-06-14 15:39:44.066379: I external/local_tsl/tsl/framework/bfc_allocator.cc:1095] InUse at 7f75cd700000 of size 60555264 next 38
2025-06-14 15:39:44.066763: I external/local_tsl/tsl/framework/bfc_allocator.cc:1095] InUse at 7f75d10c0000 of size 116654080 next 18446744073709551615
2025-06-14 15:39:44.067122: I external/local_tsl/tsl/framework/bfc_allocator.cc:1075] Next region of size 2147483648
2025-06-14 15:39:44.067605: I external/local_tsl/tsl/framework/bfc_allocator.cc:1095] InUse at 7f7604000000 of size 1937768448 next 265
2025-06-14 15:39:44.067974: I external/local_tsl/tsl/framework/bfc_allocator.cc:1095] InUse at 7f7677800000 of size 209715200 next 18446744073709551615
2025-06-14 15:39:44.068331: I external/local_tsl/tsl/framework/bfc_allocator.cc:1075] Next region of size 2147483648
2025-06-14 15:39:44.068800: I external/local_tsl/tsl/framework/bfc_allocator.cc:1095] InUse at 7f768c000000 of size 1937768448 next 267
2025-06-14 15:39:44.069166: I external/local_tsl/tsl/framework/bfc_allocator.cc:1095] InUse at 7f76ff800000 of size 209715200 next 18446744073709551615
2025-06-14 15:39:44.069557: I external/local_tsl/tsl/framework/bfc_allocator.cc:1075] Next region of size 134217728
2025-06-14 15:39:44.070028: I external/local_tsl/tsl/framework/bfc_allocator.cc:1095] InUse at 7f779c000000 of size 60555264 next 264
2025-06-14 15:39:44.070416: I external/local_tsl/tsl/framework/bfc_allocator.cc:1095] InUse at 7f779f9c0000 of size 73662464 next 18446744073709551615
2025-06-14 15:39:44.070831: I external/local_tsl/tsl/framework/bfc_allocator.cc:1075] Next region of size 67108864
2025-06-14 15:39:44.071310: I external/local_tsl/tsl/framework/bfc_allocator.cc:1095] InUse at 7f77a4000000 of size 3538944 next 198
2025-06-14 15:39:44.071722: I external/local_tsl/tsl/framework/bfc_allocator.cc:1095] InUse at 7f77a4360000 of size 1769472 next 205
2025-06-14 15:39:44.072090: I external/local_tsl/tsl/framework/bfc_allocator.cc:1095] InUse at 7f77a4510000 of size 1769472 next 206
2025-06-14 15:39:44.072472: I external/local_tsl/tsl/framework/bfc_allocator.cc:1095] InUse at 7f77a46c0000 of size 262144 next 213
2025-06-14 15:39:44.072837: I external/local_tsl/tsl/framework/bfc_allocator.cc:1095] InUse at 7f77a4700000 of size 262144 next 214
2025-06-14 15:39:44.073257: I external/local_tsl/tsl/framework/bfc_allocator.cc:1095] InUse at 7f77a4740000 of size 884736 next 217
2025-06-14 15:39:44.073669: I external/local_tsl/tsl/framework/bfc_allocator.cc:1095] InUse at 7f77a4818000 of size 884736 next 218
2025-06-14 15:39:44.074037: I external/local_tsl/tsl/framework/bfc_allocator.cc:1095] InUse at 7f77a48f0000 of size 442368 next 225
2025-06-14 15:39:44.074392: I external/local_tsl/tsl/framework/bfc_allocator.cc:1095] InUse at 7f77a495c000 of size 442368 next 226
2025-06-14 15:39:44.074779: I external/local_tsl/tsl/framework/bfc_allocator.cc:1095] InUse at 7f77a49c8000 of size 256 next 234
2025-06-14 15:39:44.075253: I external/local_tsl/tsl/framework/bfc_allocator.cc:1095] InUse at 7f77a49c8100 of size 256 next 235
2025-06-14 15:39:44.075748: I external/local_tsl/tsl/framework/bfc_allocator.cc:1095] InUse at 7f77a49c8200 of size 221184 next 236
2025-06-14 15:39:44.076134: I external/local_tsl/tsl/framework/bfc_allocator.cc:1095] InUse at 7f77a49fe200 of size 221184 next 237
2025-06-14 15:39:44.076525: I external/local_tsl/tsl/framework/bfc_allocator.cc:1095] InUse at 7f77a4a34200 of size 256 next 238
2025-06-14 15:39:44.076975: I external/local_tsl/tsl/framework/bfc_allocator.cc:1095] InUse at 7f77a4a34300 of size 256 next 239
2025-06-14 15:39:44.077455: I external/local_tsl/tsl/framework/bfc_allocator.cc:1095] InUse at 7f77a4a34400 of size 256 next 240
2025-06-14 15:39:44.077894: I external/local_tsl/tsl/framework/bfc_allocator.cc:1095] InUse at 7f77a4a34500 of size 256 next 241
2025-06-14 15:39:44.078313: I external/local_tsl/tsl/framework/bfc_allocator.cc:1095] InUse at 7f77a4a34600 of size 256 next 242
2025-06-14 15:39:44.078798: I external/local_tsl/tsl/framework/bfc_allocator.cc:1095] InUse at 7f77a4a34700 of size 256 next 243
2025-06-14 15:39:44.079288: I external/local_tsl/tsl/framework/bfc_allocator.cc:1095] InUse at 7f77a4a34800 of size 110592 next 244
2025-06-14 15:39:44.079731: I external/local_tsl/tsl/framework/bfc_allocator.cc:1095] InUse at 7f77a4a4f800 of size 110592 next 245
2025-06-14 15:39:44.080216: I external/local_tsl/tsl/framework/bfc_allocator.cc:1095] InUse at 7f77a4a6a800 of size 256 next 246
2025-06-14 15:39:44.080755: I external/local_tsl/tsl/framework/bfc_allocator.cc:1095] InUse at 7f77a4a6a900 of size 256 next 247
2025-06-14 15:39:44.081245: I external/local_tsl/tsl/framework/bfc_allocator.cc:1095] InUse at 7f77a4a6aa00 of size 256 next 248
2025-06-14 15:39:44.081739: I external/local_tsl/tsl/framework/bfc_allocator.cc:1095] InUse at 7f77a4a6ab00 of size 256 next 249
2025-06-14 15:39:44.082288: I external/local_tsl/tsl/framework/bfc_allocator.cc:1095] InUse at 7f77a4a6ac00 of size 256 next 250
2025-06-14 15:39:44.082795: I external/local_tsl/tsl/framework/bfc_allocator.cc:1095] InUse at 7f77a4a6ad00 of size 256 next 251
2025-06-14 15:39:44.083275: I external/local_tsl/tsl/framework/bfc_allocator.cc:1095] InUse at 7f77a4a6ae00 of size 256 next 252
2025-06-14 15:39:44.083803: I external/local_tsl/tsl/framework/bfc_allocator.cc:1095] InUse at 7f77a4a6af00 of size 256 next 253
2025-06-14 15:39:44.084355: I external/local_tsl/tsl/framework/bfc_allocator.cc:1095] InUse at 7f77a4a6b000 of size 256 next 254
2025-06-14 15:39:44.084869: I external/local_tsl/tsl/framework/bfc_allocator.cc:1095] InUse at 7f77a4a6b100 of size 256 next 255
2025-06-14 15:39:44.085392: I external/local_tsl/tsl/framework/bfc_allocator.cc:1095] InUse at 7f77a4a6b200 of size 256 next 256
2025-06-14 15:39:44.085869: I external/local_tsl/tsl/framework/bfc_allocator.cc:1095] InUse at 7f77a4a6b300 of size 256 next 257
2025-06-14 15:39:44.086409: I external/local_tsl/tsl/framework/bfc_allocator.cc:1095] InUse at 7f77a4a6b400 of size 256 next 258
2025-06-14 15:39:44.086893: I external/local_tsl/tsl/framework/bfc_allocator.cc:1095] InUse at 7f77a4a6b500 of size 256 next 259
2025-06-14 15:39:44.087384: I external/local_tsl/tsl/framework/bfc_allocator.cc:1095] InUse at 7f77a4a6b600 of size 256 next 260
2025-06-14 15:39:44.087894: I external/local_tsl/tsl/framework/bfc_allocator.cc:1095] InUse at 7f77a4a6b700 of size 256 next 261
2025-06-14 15:39:44.088406: I external/local_tsl/tsl/framework/bfc_allocator.cc:1095] InUse at 7f77a4a6b800 of size 256 next 262
2025-06-14 15:39:44.088888: I external/local_tsl/tsl/framework/bfc_allocator.cc:1095] InUse at 7f77a4a6b900 of size 256 next 263
2025-06-14 15:39:44.089394: I external/local_tsl/tsl/framework/bfc_allocator.cc:1095] InUse at 7f77a4a6ba00 of size 256 next 272
2025-06-14 15:39:44.089882: I external/local_tsl/tsl/framework/bfc_allocator.cc:1095] InUse at 7f77a4a6bb00 of size 256 next 274
2025-06-14 15:39:44.090375: I external/local_tsl/tsl/framework/bfc_allocator.cc:1095] InUse at 7f77a4a6bc00 of size 256 next 275
2025-06-14 15:39:44.090899: I external/local_tsl/tsl/framework/bfc_allocator.cc:1095] InUse at 7f77a4a6bd00 of size 256 next 276
2025-06-14 15:39:44.091402: I external/local_tsl/tsl/framework/bfc_allocator.cc:1095] InUse at 7f77a4a6be00 of size 256 next 280
2025-06-14 15:39:44.091900: I external/local_tsl/tsl/framework/bfc_allocator.cc:1095] InUse at 7f77a4a6bf00 of size 256 next 281
2025-06-14 15:39:44.092404: I external/local_tsl/tsl/framework/bfc_allocator.cc:1095] InUse at 7f77a4a6c000 of size 256 next 287
2025-06-14 15:39:44.092907: I external/local_tsl/tsl/framework/bfc_allocator.cc:1095] InUse at 7f77a4a6c100 of size 256 next 288
2025-06-14 15:39:44.093395: I external/local_tsl/tsl/framework/bfc_allocator.cc:1095] InUse at 7f77a4a6c200 of size 256 next 291
2025-06-14 15:39:44.093904: I external/local_tsl/tsl/framework/bfc_allocator.cc:1095] InUse at 7f77a4a6c300 of size 256 next 292
2025-06-14 15:39:44.094411: I external/local_tsl/tsl/framework/bfc_allocator.cc:1095] InUse at 7f77a4a6c400 of size 512 next 294
2025-06-14 15:39:44.094896: I external/local_tsl/tsl/framework/bfc_allocator.cc:1095] InUse at 7f77a4a6c600 of size 768 next 268
2025-06-14 15:39:44.095355: I external/local_tsl/tsl/framework/bfc_allocator.cc:1095] InUse at 7f77a4a6c900 of size 256 next 269
2025-06-14 15:39:44.095866: I external/local_tsl/tsl/framework/bfc_allocator.cc:1095] InUse at 7f77a4a6ca00 of size 256 next 270
2025-06-14 15:39:44.096320: I external/local_tsl/tsl/framework/bfc_allocator.cc:1095] InUse at 7f77a4a6cb00 of size 512 next 295
2025-06-14 15:39:44.096834: I external/local_tsl/tsl/framework/bfc_allocator.cc:1095] InUse at 7f77a4a6cd00 of size 512 next 298
2025-06-14 15:39:44.097374: I external/local_tsl/tsl/framework/bfc_allocator.cc:1095] InUse at 7f77a4a6cf00 of size 512 next 299
2025-06-14 15:39:44.097867: I external/local_tsl/tsl/framework/bfc_allocator.cc:1095] InUse at 7f77a4a6d100 of size 15138816 next 56
2025-06-14 15:39:44.098326: I external/local_tsl/tsl/framework/bfc_allocator.cc:1095] InUse at 7f77a58dd100 of size 15138816 next 301
2025-06-14 15:39:44.098764: I external/local_tsl/tsl/framework/bfc_allocator.cc:1095] InUse at 7f77a674d100 of size 1024 next 304
2025-06-14 15:39:44.099272: I external/local_tsl/tsl/framework/bfc_allocator.cc:1095] InUse at 7f77a674d500 of size 1024 next 305
2025-06-14 15:39:44.099762: I external/local_tsl/tsl/framework/bfc_allocator.cc:1095] InUse at 7f77a674d900 of size 1024 next 306
2025-06-14 15:39:44.100221: I external/local_tsl/tsl/framework/bfc_allocator.cc:1095] InUse at 7f77a674dd00 of size 1024 next 309
2025-06-14 15:39:44.100680: I external/local_tsl/tsl/framework/bfc_allocator.cc:1095] InUse at 7f77a674e100 of size 1024 next 310
2025-06-14 15:39:44.101134: I external/local_tsl/tsl/framework/bfc_allocator.cc:1095] InUse at 7f77a674e500 of size 512 next 317
2025-06-14 15:39:44.101593: I external/local_tsl/tsl/framework/bfc_allocator.cc:1095] InUse at 7f77a674e700 of size 512 next 318
2025-06-14 15:39:44.102050: I external/local_tsl/tsl/framework/bfc_allocator.cc:1095] InUse at 7f77a674e900 of size 256 next 326
2025-06-14 15:39:44.102502: I external/local_tsl/tsl/framework/bfc_allocator.cc:1095] InUse at 7f77a674ea00 of size 256 next 327
2025-06-14 15:39:44.102971: I external/local_tsl/tsl/framework/bfc_allocator.cc:1095] Free  at 7f77a674eb00 of size 25892096 next 18446744073709551615
2025-06-14 15:39:44.103337: I external/local_tsl/tsl/framework/bfc_allocator.cc:1075] Next region of size 33554432
2025-06-14 15:39:44.103841: I external/local_tsl/tsl/framework/bfc_allocator.cc:1095] InUse at 7f77f2000000 of size 3538944 next 83
2025-06-14 15:39:44.104252: I external/local_tsl/tsl/framework/bfc_allocator.cc:1095] InUse at 7f77f2360000 of size 221184 next 152
2025-06-14 15:39:44.104613: I external/local_tsl/tsl/framework/bfc_allocator.cc:1095] InUse at 7f77f2396000 of size 221184 next 106
2025-06-14 15:39:44.104962: I external/local_tsl/tsl/framework/bfc_allocator.cc:1095] InUse at 7f77f23cc000 of size 442368 next 100
2025-06-14 15:39:44.105372: I external/local_tsl/tsl/framework/bfc_allocator.cc:1095] InUse at 7f77f2438000 of size 884736 next 90
2025-06-14 15:39:44.105758: I external/local_tsl/tsl/framework/bfc_allocator.cc:1095] InUse at 7f77f2510000 of size 1769472 next 74
2025-06-14 15:39:44.106157: I external/local_tsl/tsl/framework/bfc_allocator.cc:1095] InUse at 7f77f26c0000 of size 7077888 next 72
2025-06-14 15:39:44.106573: I external/local_tsl/tsl/framework/bfc_allocator.cc:1095] InUse at 7f77f2d80000 of size 7077888 next 187
2025-06-14 15:39:44.106947: I external/local_tsl/tsl/framework/bfc_allocator.cc:1095] InUse at 7f77f3440000 of size 12320768 next 18446744073709551615
2025-06-14 15:39:44.107318: I external/local_tsl/tsl/framework/bfc_allocator.cc:1075] Next region of size 16777216
2025-06-14 15:39:44.107747: I external/local_tsl/tsl/framework/bfc_allocator.cc:1095] InUse at 7f77fa000000 of size 1769472 next 173
2025-06-14 15:39:44.108122: I external/local_tsl/tsl/framework/bfc_allocator.cc:1095] InUse at 7f77fa1b0000 of size 1769472 next 64
2025-06-14 15:39:44.108473: I external/local_tsl/tsl/framework/bfc_allocator.cc:1095] InUse at 7f77fa360000 of size 3538944 next 62
2025-06-14 15:39:44.108864: I external/local_tsl/tsl/framework/bfc_allocator.cc:1095] InUse at 7f77fa6c0000 of size 3538944 next 180
2025-06-14 15:39:44.109253: I external/local_tsl/tsl/framework/bfc_allocator.cc:1095] InUse at 7f77faa20000 of size 1048576 next 194
2025-06-14 15:39:44.109667: I external/local_tsl/tsl/framework/bfc_allocator.cc:1095] InUse at 7f77fab20000 of size 1048576 next 195
2025-06-14 15:39:44.110039: I external/local_tsl/tsl/framework/bfc_allocator.cc:1095] InUse at 7f77fac20000 of size 4063232 next 18446744073709551615
2025-06-14 15:39:44.110402: I external/local_tsl/tsl/framework/bfc_allocator.cc:1075] Next region of size 2097152
2025-06-14 15:39:44.110831: I external/local_tsl/tsl/framework/bfc_allocator.cc:1095] InUse at 7f7828e00000 of size 1280 next 1
2025-06-14 15:39:44.111250: I external/local_tsl/tsl/framework/bfc_allocator.cc:1095] InUse at 7f7828e00500 of size 256 next 2
2025-06-14 15:39:44.111696: I external/local_tsl/tsl/framework/bfc_allocator.cc:1095] InUse at 7f7828e00600 of size 256 next 3
2025-06-14 15:39:44.112113: I external/local_tsl/tsl/framework/bfc_allocator.cc:1095] InUse at 7f7828e00700 of size 256 next 5
2025-06-14 15:39:44.112545: I external/local_tsl/tsl/framework/bfc_allocator.cc:1095] InUse at 7f7828e00800 of size 256 next 6
2025-06-14 15:39:44.113039: I external/local_tsl/tsl/framework/bfc_allocator.cc:1095] InUse at 7f7828e00900 of size 256 next 4
2025-06-14 15:39:44.113496: I external/local_tsl/tsl/framework/bfc_allocator.cc:1095] InUse at 7f7828e00a00 of size 256 next 7
2025-06-14 15:39:44.113931: I external/local_tsl/tsl/framework/bfc_allocator.cc:1095] InUse at 7f7828e00b00 of size 256 next 10
2025-06-14 15:39:44.114421: I external/local_tsl/tsl/framework/bfc_allocator.cc:1095] InUse at 7f7828e00c00 of size 256 next 278
2025-06-14 15:39:44.114885: I external/local_tsl/tsl/framework/bfc_allocator.cc:1095] InUse at 7f7828e00d00 of size 256 next 12
2025-06-14 15:39:44.115328: I external/local_tsl/tsl/framework/bfc_allocator.cc:1095] InUse at 7f7828e00e00 of size 256 next 13
2025-06-14 15:39:44.115779: I external/local_tsl/tsl/framework/bfc_allocator.cc:1095] InUse at 7f7828e00f00 of size 256 next 14
2025-06-14 15:39:44.116203: I external/local_tsl/tsl/framework/bfc_allocator.cc:1095] InUse at 7f7828e01000 of size 256 next 17
2025-06-14 15:39:44.116682: I external/local_tsl/tsl/framework/bfc_allocator.cc:1095] InUse at 7f7828e01100 of size 256 next 15
2025-06-14 15:39:44.117113: I external/local_tsl/tsl/framework/bfc_allocator.cc:1095] InUse at 7f7828e01200 of size 256 next 16
2025-06-14 15:39:44.117533: I external/local_tsl/tsl/framework/bfc_allocator.cc:1095] InUse at 7f7828e01300 of size 256 next 286
2025-06-14 15:39:44.117947: I external/local_tsl/tsl/framework/bfc_allocator.cc:1095] InUse at 7f7828e01400 of size 256 next 21
2025-06-14 15:39:44.118363: I external/local_tsl/tsl/framework/bfc_allocator.cc:1095] InUse at 7f7828e01500 of size 256 next 22
2025-06-14 15:39:44.118770: I external/local_tsl/tsl/framework/bfc_allocator.cc:1095] InUse at 7f7828e01600 of size 256 next 23
2025-06-14 15:39:44.119266: I external/local_tsl/tsl/framework/bfc_allocator.cc:1095] InUse at 7f7828e01700 of size 256 next 24
2025-06-14 15:39:44.119719: I external/local_tsl/tsl/framework/bfc_allocator.cc:1095] InUse at 7f7828e01800 of size 256 next 25
2025-06-14 15:39:44.120179: I external/local_tsl/tsl/framework/bfc_allocator.cc:1095] InUse at 7f7828e01900 of size 256 next 28
2025-06-14 15:39:44.120620: I external/local_tsl/tsl/framework/bfc_allocator.cc:1095] InUse at 7f7828e01a00 of size 256 next 290
2025-06-14 15:39:44.121058: I external/local_tsl/tsl/framework/bfc_allocator.cc:1095] InUse at 7f7828e01b00 of size 256 next 30
2025-06-14 15:39:44.121472: I external/local_tsl/tsl/framework/bfc_allocator.cc:1095] InUse at 7f7828e01c00 of size 256 next 31
2025-06-14 15:39:44.121967: I external/local_tsl/tsl/framework/bfc_allocator.cc:1095] InUse at 7f7828e01d00 of size 256 next 32
2025-06-14 15:39:44.122440: I external/local_tsl/tsl/framework/bfc_allocator.cc:1095] InUse at 7f7828e01e00 of size 256 next 35
2025-06-14 15:39:44.122894: I external/local_tsl/tsl/framework/bfc_allocator.cc:1095] InUse at 7f7828e01f00 of size 256 next 33
2025-06-14 15:39:44.123354: I external/local_tsl/tsl/framework/bfc_allocator.cc:1095] InUse at 7f7828e02000 of size 256 next 34
2025-06-14 15:39:44.123836: I external/local_tsl/tsl/framework/bfc_allocator.cc:1095] InUse at 7f7828e02100 of size 512 next 39
2025-06-14 15:39:44.124292: I external/local_tsl/tsl/framework/bfc_allocator.cc:1095] InUse at 7f7828e02300 of size 256 next 40
2025-06-14 15:39:44.124745: I external/local_tsl/tsl/framework/bfc_allocator.cc:1095] InUse at 7f7828e02400 of size 256 next 41
2025-06-14 15:39:44.125262: I external/local_tsl/tsl/framework/bfc_allocator.cc:1095] InUse at 7f7828e02500 of size 256 next 8
2025-06-14 15:39:44.125776: I external/local_tsl/tsl/framework/bfc_allocator.cc:1095] InUse at 7f7828e02600 of size 3584 next 9
2025-06-14 15:39:44.126227: I external/local_tsl/tsl/framework/bfc_allocator.cc:1095] InUse at 7f7828e03400 of size 512 next 42
2025-06-14 15:39:44.126740: I external/local_tsl/tsl/framework/bfc_allocator.cc:1095] InUse at 7f7828e03600 of size 512 next 45
2025-06-14 15:39:44.127216: I external/local_tsl/tsl/framework/bfc_allocator.cc:1095] InUse at 7f7828e03800 of size 512 next 46
2025-06-14 15:39:44.127668: I external/local_tsl/tsl/framework/bfc_allocator.cc:1095] InUse at 7f7828e03a00 of size 512 next 297
2025-06-14 15:39:44.128131: I external/local_tsl/tsl/framework/bfc_allocator.cc:1095] InUse at 7f7828e03c00 of size 512 next 48
2025-06-14 15:39:44.128605: I external/local_tsl/tsl/framework/bfc_allocator.cc:1095] InUse at 7f7828e03e00 of size 256 next 49
2025-06-14 15:39:44.129064: I external/local_tsl/tsl/framework/bfc_allocator.cc:1095] InUse at 7f7828e03f00 of size 512 next 50
2025-06-14 15:39:44.129552: I external/local_tsl/tsl/framework/bfc_allocator.cc:1095] InUse at 7f7828e04100 of size 512 next 51
2025-06-14 15:39:44.130013: I external/local_tsl/tsl/framework/bfc_allocator.cc:1095] InUse at 7f7828e04300 of size 512 next 55
2025-06-14 15:39:44.130503: I external/local_tsl/tsl/framework/bfc_allocator.cc:1095] InUse at 7f7828e04500 of size 1024 next 57
2025-06-14 15:39:44.130952: I external/local_tsl/tsl/framework/bfc_allocator.cc:1095] InUse at 7f7828e04900 of size 256 next 58
2025-06-14 15:39:44.131541: I external/local_tsl/tsl/framework/bfc_allocator.cc:1095] InUse at 7f7828e04a00 of size 256 next 59
2025-06-14 15:39:44.132107: I external/local_tsl/tsl/framework/bfc_allocator.cc:1095] InUse at 7f7828e04b00 of size 1024 next 60
2025-06-14 15:39:44.132602: I external/local_tsl/tsl/framework/bfc_allocator.cc:1095] InUse at 7f7828e04f00 of size 1024 next 61
2025-06-14 15:39:44.133060: I external/local_tsl/tsl/framework/bfc_allocator.cc:1095] InUse at 7f7828e05300 of size 1024 next 65
2025-06-14 15:39:44.133513: I external/local_tsl/tsl/framework/bfc_allocator.cc:1095] InUse at 7f7828e05700 of size 1024 next 308
2025-06-14 15:39:44.134008: I external/local_tsl/tsl/framework/bfc_allocator.cc:1095] InUse at 7f7828e05b00 of size 1024 next 67
2025-06-14 15:39:44.134512: I external/local_tsl/tsl/framework/bfc_allocator.cc:1095] InUse at 7f7828e05f00 of size 256 next 68
2025-06-14 15:39:44.134983: I external/local_tsl/tsl/framework/bfc_allocator.cc:1095] InUse at 7f7828e06000 of size 256 next 69
2025-06-14 15:39:44.135460: I external/local_tsl/tsl/framework/bfc_allocator.cc:1095] InUse at 7f7828e06100 of size 1024 next 70
2025-06-14 15:39:44.135898: I external/local_tsl/tsl/framework/bfc_allocator.cc:1095] InUse at 7f7828e06500 of size 1024 next 71
2025-06-14 15:39:44.136344: I external/local_tsl/tsl/framework/bfc_allocator.cc:1095] InUse at 7f7828e06900 of size 1024 next 75
2025-06-14 15:39:44.136780: I external/local_tsl/tsl/framework/bfc_allocator.cc:1095] InUse at 7f7828e06d00 of size 512 next 313
2025-06-14 15:39:44.137216: I external/local_tsl/tsl/framework/bfc_allocator.cc:1095] InUse at 7f7828e06f00 of size 512 next 314
2025-06-14 15:39:44.137638: I external/local_tsl/tsl/framework/bfc_allocator.cc:1095] InUse at 7f7828e07100 of size 512 next 315
2025-06-14 15:39:44.138113: I external/local_tsl/tsl/framework/bfc_allocator.cc:1095] InUse at 7f7828e07300 of size 512 next 77
2025-06-14 15:39:44.138590: I external/local_tsl/tsl/framework/bfc_allocator.cc:1095] InUse at 7f7828e07500 of size 256 next 78
2025-06-14 15:39:44.139047: I external/local_tsl/tsl/framework/bfc_allocator.cc:1095] InUse at 7f7828e07600 of size 256 next 79
2025-06-14 15:39:44.139499: I external/local_tsl/tsl/framework/bfc_allocator.cc:1095] InUse at 7f7828e07700 of size 512 next 80
2025-06-14 15:39:44.139920: I external/local_tsl/tsl/framework/bfc_allocator.cc:1095] InUse at 7f7828e07900 of size 512 next 81
2025-06-14 15:39:44.140349: I external/local_tsl/tsl/framework/bfc_allocator.cc:1095] InUse at 7f7828e07b00 of size 512 next 82
2025-06-14 15:39:44.140758: I external/local_tsl/tsl/framework/bfc_allocator.cc:1095] InUse at 7f7828e07d00 of size 512 next 84
2025-06-14 15:39:44.141212: I external/local_tsl/tsl/framework/bfc_allocator.cc:1095] InUse at 7f7828e07f00 of size 512 next 316
2025-06-14 15:39:44.141657: I external/local_tsl/tsl/framework/bfc_allocator.cc:1095] InUse at 7f7828e08100 of size 512 next 86
2025-06-14 15:39:44.142069: I external/local_tsl/tsl/framework/bfc_allocator.cc:1095] InUse at 7f7828e08300 of size 512 next 87
2025-06-14 15:39:44.142522: I external/local_tsl/tsl/framework/bfc_allocator.cc:1095] InUse at 7f7828e08500 of size 512 next 88
2025-06-14 15:39:44.142974: I external/local_tsl/tsl/framework/bfc_allocator.cc:1095] InUse at 7f7828e08700 of size 512 next 89
2025-06-14 15:39:44.143426: I external/local_tsl/tsl/framework/bfc_allocator.cc:1095] InUse at 7f7828e08900 of size 256 next 321
2025-06-14 15:39:44.143889: I external/local_tsl/tsl/framework/bfc_allocator.cc:1095] InUse at 7f7828e08a00 of size 256 next 323
2025-06-14 15:39:44.144364: I external/local_tsl/tsl/framework/bfc_allocator.cc:1095] InUse at 7f7828e08b00 of size 256 next 324
2025-06-14 15:39:44.144801: I external/local_tsl/tsl/framework/bfc_allocator.cc:1095] InUse at 7f7828e08c00 of size 256 next 92
2025-06-14 15:39:44.145232: I external/local_tsl/tsl/framework/bfc_allocator.cc:1095] InUse at 7f7828e08d00 of size 256 next 93
2025-06-14 15:39:44.145652: I external/local_tsl/tsl/framework/bfc_allocator.cc:1095] InUse at 7f7828e08e00 of size 256 next 94
2025-06-14 15:39:44.146190: I external/local_tsl/tsl/framework/bfc_allocator.cc:1095] InUse at 7f7828e08f00 of size 256 next 97
2025-06-14 15:39:44.146608: I external/local_tsl/tsl/framework/bfc_allocator.cc:1095] InUse at 7f7828e09000 of size 256 next 95
2025-06-14 15:39:44.147122: I external/local_tsl/tsl/framework/bfc_allocator.cc:1095] InUse at 7f7828e09100 of size 256 next 96
2025-06-14 15:39:44.147531: I external/local_tsl/tsl/framework/bfc_allocator.cc:1095] InUse at 7f7828e09200 of size 256 next 98
2025-06-14 15:39:44.148057: I external/local_tsl/tsl/framework/bfc_allocator.cc:1095] InUse at 7f7828e09300 of size 256 next 101
2025-06-14 15:39:44.148593: I external/local_tsl/tsl/framework/bfc_allocator.cc:1095] InUse at 7f7828e09400 of size 256 next 102
2025-06-14 15:39:44.149121: I external/local_tsl/tsl/framework/bfc_allocator.cc:1095] InUse at 7f7828e09500 of size 256 next 103
2025-06-14 15:39:44.149592: I external/local_tsl/tsl/framework/bfc_allocator.cc:1095] InUse at 7f7828e09600 of size 256 next 104
2025-06-14 15:39:44.150061: I external/local_tsl/tsl/framework/bfc_allocator.cc:1095] InUse at 7f7828e09700 of size 256 next 105
2025-06-14 15:39:44.150510: I external/local_tsl/tsl/framework/bfc_allocator.cc:1095] Free  at 7f7828e09800 of size 512 next 108
2025-06-14 15:39:44.150967: I external/local_tsl/tsl/framework/bfc_allocator.cc:1095] InUse at 7f7828e09a00 of size 256 next 109
2025-06-14 15:39:44.151420: I external/local_tsl/tsl/framework/bfc_allocator.cc:1095] InUse at 7f7828e09b00 of size 256 next 110
2025-06-14 15:39:44.151900: I external/local_tsl/tsl/framework/bfc_allocator.cc:1095] InUse at 7f7828e09c00 of size 256 next 146
2025-06-14 15:39:44.152354: I external/local_tsl/tsl/framework/bfc_allocator.cc:1095] InUse at 7f7828e09d00 of size 256 next 147
2025-06-14 15:39:44.152797: I external/local_tsl/tsl/framework/bfc_allocator.cc:1095] InUse at 7f7828e09e00 of size 256 next 148
2025-06-14 15:39:44.153257: I external/local_tsl/tsl/framework/bfc_allocator.cc:1095] InUse at 7f7828e09f00 of size 256 next 149
2025-06-14 15:39:44.153760: I external/local_tsl/tsl/framework/bfc_allocator.cc:1095] InUse at 7f7828e0a000 of size 256 next 150
2025-06-14 15:39:44.154210: I external/local_tsl/tsl/framework/bfc_allocator.cc:1095] InUse at 7f7828e0a100 of size 256 next 151
2025-06-14 15:39:44.154657: I external/local_tsl/tsl/framework/bfc_allocator.cc:1095] InUse at 7f7828e0a200 of size 256 next 153
2025-06-14 15:39:44.155157: I external/local_tsl/tsl/framework/bfc_allocator.cc:1095] InUse at 7f7828e0a300 of size 256 next 154
2025-06-14 15:39:44.155621: I external/local_tsl/tsl/framework/bfc_allocator.cc:1095] InUse at 7f7828e0a400 of size 256 next 155
2025-06-14 15:39:44.156073: I external/local_tsl/tsl/framework/bfc_allocator.cc:1095] InUse at 7f7828e0a500 of size 256 next 156
2025-06-14 15:39:44.156556: I external/local_tsl/tsl/framework/bfc_allocator.cc:1095] InUse at 7f7828e0a600 of size 256 next 157
2025-06-14 15:39:44.157003: I external/local_tsl/tsl/framework/bfc_allocator.cc:1095] InUse at 7f7828e0a700 of size 256 next 158
2025-06-14 15:39:44.157483: I external/local_tsl/tsl/framework/bfc_allocator.cc:1095] InUse at 7f7828e0a800 of size 256 next 160
2025-06-14 15:39:44.157936: I external/local_tsl/tsl/framework/bfc_allocator.cc:1095] InUse at 7f7828e0a900 of size 256 next 161
2025-06-14 15:39:44.158405: I external/local_tsl/tsl/framework/bfc_allocator.cc:1095] InUse at 7f7828e0aa00 of size 256 next 162
2025-06-14 15:39:44.158854: I external/local_tsl/tsl/framework/bfc_allocator.cc:1095] InUse at 7f7828e0ab00 of size 256 next 163
2025-06-14 15:39:44.159321: I external/local_tsl/tsl/framework/bfc_allocator.cc:1095] InUse at 7f7828e0ac00 of size 256 next 164
2025-06-14 15:39:44.159767: I external/local_tsl/tsl/framework/bfc_allocator.cc:1095] InUse at 7f7828e0ad00 of size 256 next 165
2025-06-14 15:39:44.160216: I external/local_tsl/tsl/framework/bfc_allocator.cc:1095] InUse at 7f7828e0ae00 of size 512 next 167
2025-06-14 15:39:44.160676: I external/local_tsl/tsl/framework/bfc_allocator.cc:1095] InUse at 7f7828e0b000 of size 512 next 168
2025-06-14 15:39:44.161133: I external/local_tsl/tsl/framework/bfc_allocator.cc:1095] InUse at 7f7828e0b200 of size 512 next 169
2025-06-14 15:39:44.161604: I external/local_tsl/tsl/framework/bfc_allocator.cc:1095] InUse at 7f7828e0b400 of size 512 next 170
2025-06-14 15:39:44.162071: I external/local_tsl/tsl/framework/bfc_allocator.cc:1095] InUse at 7f7828e0b600 of size 512 next 171
2025-06-14 15:39:44.162615: I external/local_tsl/tsl/framework/bfc_allocator.cc:1095] InUse at 7f7828e0b800 of size 512 next 172
2025-06-14 15:39:44.163109: I external/local_tsl/tsl/framework/bfc_allocator.cc:1095] InUse at 7f7828e0ba00 of size 512 next 174
2025-06-14 15:39:44.163629: I external/local_tsl/tsl/framework/bfc_allocator.cc:1095] InUse at 7f7828e0bc00 of size 512 next 175
2025-06-14 15:39:44.164134: I external/local_tsl/tsl/framework/bfc_allocator.cc:1095] InUse at 7f7828e0be00 of size 512 next 176
2025-06-14 15:39:44.164668: I external/local_tsl/tsl/framework/bfc_allocator.cc:1095] InUse at 7f7828e0c000 of size 512 next 177
2025-06-14 15:39:44.165194: I external/local_tsl/tsl/framework/bfc_allocator.cc:1095] InUse at 7f7828e0c200 of size 512 next 178
2025-06-14 15:39:44.165696: I external/local_tsl/tsl/framework/bfc_allocator.cc:1095] InUse at 7f7828e0c400 of size 512 next 179
2025-06-14 15:39:44.166181: I external/local_tsl/tsl/framework/bfc_allocator.cc:1095] InUse at 7f7828e0c600 of size 1024 next 181
2025-06-14 15:39:44.166682: I external/local_tsl/tsl/framework/bfc_allocator.cc:1095] InUse at 7f7828e0ca00 of size 1024 next 182
2025-06-14 15:39:44.167150: I external/local_tsl/tsl/framework/bfc_allocator.cc:1095] InUse at 7f7828e0ce00 of size 1024 next 183
2025-06-14 15:39:44.167640: I external/local_tsl/tsl/framework/bfc_allocator.cc:1095] InUse at 7f7828e0d200 of size 1024 next 184
2025-06-14 15:39:44.168165: I external/local_tsl/tsl/framework/bfc_allocator.cc:1095] InUse at 7f7828e0d600 of size 1024 next 185
2025-06-14 15:39:44.168735: I external/local_tsl/tsl/framework/bfc_allocator.cc:1095] InUse at 7f7828e0da00 of size 1024 next 186
2025-06-14 15:39:44.169268: I external/local_tsl/tsl/framework/bfc_allocator.cc:1095] InUse at 7f7828e0de00 of size 1024 next 188
2025-06-14 15:39:44.169783: I external/local_tsl/tsl/framework/bfc_allocator.cc:1095] InUse at 7f7828e0e200 of size 1024 next 189
2025-06-14 15:39:44.170270: I external/local_tsl/tsl/framework/bfc_allocator.cc:1095] InUse at 7f7828e0e600 of size 1024 next 190
2025-06-14 15:39:44.170807: I external/local_tsl/tsl/framework/bfc_allocator.cc:1095] InUse at 7f7828e0ea00 of size 1024 next 191
2025-06-14 15:39:44.171289: I external/local_tsl/tsl/framework/bfc_allocator.cc:1095] InUse at 7f7828e0ee00 of size 1024 next 192
2025-06-14 15:39:44.171831: I external/local_tsl/tsl/framework/bfc_allocator.cc:1095] InUse at 7f7828e0f200 of size 1024 next 193
2025-06-14 15:39:44.172341: I external/local_tsl/tsl/framework/bfc_allocator.cc:1095] InUse at 7f7828e0f600 of size 512 next 196
2025-06-14 15:39:44.172835: I external/local_tsl/tsl/framework/bfc_allocator.cc:1095] InUse at 7f7828e0f800 of size 512 next 197
2025-06-14 15:39:44.173376: I external/local_tsl/tsl/framework/bfc_allocator.cc:1095] InUse at 7f7828e0fa00 of size 512 next 199
2025-06-14 15:39:44.173891: I external/local_tsl/tsl/framework/bfc_allocator.cc:1095] InUse at 7f7828e0fc00 of size 512 next 200
2025-06-14 15:39:44.174383: I external/local_tsl/tsl/framework/bfc_allocator.cc:1095] InUse at 7f7828e0fe00 of size 512 next 201
2025-06-14 15:39:44.174938: I external/local_tsl/tsl/framework/bfc_allocator.cc:1095] InUse at 7f7828e10000 of size 512 next 202
2025-06-14 15:39:44.175432: I external/local_tsl/tsl/framework/bfc_allocator.cc:1095] InUse at 7f7828e10200 of size 512 next 203
2025-06-14 15:39:44.175923: I external/local_tsl/tsl/framework/bfc_allocator.cc:1095] InUse at 7f7828e10400 of size 512 next 204
2025-06-14 15:39:44.176418: I external/local_tsl/tsl/framework/bfc_allocator.cc:1095] InUse at 7f7828e10600 of size 512 next 207
2025-06-14 15:39:44.176934: I external/local_tsl/tsl/framework/bfc_allocator.cc:1095] InUse at 7f7828e10800 of size 512 next 208
2025-06-14 15:39:44.177431: I external/local_tsl/tsl/framework/bfc_allocator.cc:1095] InUse at 7f7828e10a00 of size 512 next 209
2025-06-14 15:39:44.177904: I external/local_tsl/tsl/framework/bfc_allocator.cc:1095] InUse at 7f7828e10c00 of size 512 next 210
2025-06-14 15:39:44.178351: I external/local_tsl/tsl/framework/bfc_allocator.cc:1095] InUse at 7f7828e10e00 of size 512 next 211
2025-06-14 15:39:44.178816: I external/local_tsl/tsl/framework/bfc_allocator.cc:1095] InUse at 7f7828e11000 of size 512 next 212
2025-06-14 15:39:44.179325: I external/local_tsl/tsl/framework/bfc_allocator.cc:1095] InUse at 7f7828e11200 of size 256 next 215
2025-06-14 15:39:44.179822: I external/local_tsl/tsl/framework/bfc_allocator.cc:1095] InUse at 7f7828e11300 of size 256 next 216
2025-06-14 15:39:44.180377: I external/local_tsl/tsl/framework/bfc_allocator.cc:1095] InUse at 7f7828e11400 of size 256 next 219
2025-06-14 15:39:44.180919: I external/local_tsl/tsl/framework/bfc_allocator.cc:1095] InUse at 7f7828e11500 of size 256 next 220
2025-06-14 15:39:44.181417: I external/local_tsl/tsl/framework/bfc_allocator.cc:1095] InUse at 7f7828e11600 of size 256 next 221
2025-06-14 15:39:44.181892: I external/local_tsl/tsl/framework/bfc_allocator.cc:1095] InUse at 7f7828e11700 of size 256 next 222
2025-06-14 15:39:44.182390: I external/local_tsl/tsl/framework/bfc_allocator.cc:1095] InUse at 7f7828e11800 of size 256 next 223
2025-06-14 15:39:44.182843: I external/local_tsl/tsl/framework/bfc_allocator.cc:1095] InUse at 7f7828e11900 of size 256 next 224
2025-06-14 15:39:44.183350: I external/local_tsl/tsl/framework/bfc_allocator.cc:1095] InUse at 7f7828e11a00 of size 256 next 227
2025-06-14 15:39:44.183799: I external/local_tsl/tsl/framework/bfc_allocator.cc:1095] InUse at 7f7828e11b00 of size 256 next 228
2025-06-14 15:39:44.184242: I external/local_tsl/tsl/framework/bfc_allocator.cc:1095] InUse at 7f7828e11c00 of size 256 next 229
2025-06-14 15:39:44.184680: I external/local_tsl/tsl/framework/bfc_allocator.cc:1095] InUse at 7f7828e11d00 of size 256 next 230
2025-06-14 15:39:44.185132: I external/local_tsl/tsl/framework/bfc_allocator.cc:1095] InUse at 7f7828e11e00 of size 256 next 231
2025-06-14 15:39:44.185597: I external/local_tsl/tsl/framework/bfc_allocator.cc:1095] InUse at 7f7828e11f00 of size 256 next 232
2025-06-14 15:39:44.186059: I external/local_tsl/tsl/framework/bfc_allocator.cc:1095] InUse at 7f7828e12000 of size 65536 next 233
2025-06-14 15:39:44.186496: I external/local_tsl/tsl/framework/bfc_allocator.cc:1095] InUse at 7f7828e22000 of size 95232 next 19
2025-06-14 15:39:44.186943: I external/local_tsl/tsl/framework/bfc_allocator.cc:1095] InUse at 7f7828e39400 of size 110592 next 18
2025-06-14 15:39:44.187304: I external/local_tsl/tsl/framework/bfc_allocator.cc:1095] InUse at 7f7828e54400 of size 65536 next 115
2025-06-14 15:39:44.187707: I external/local_tsl/tsl/framework/bfc_allocator.cc:1095] InUse at 7f7828e64400 of size 256 next 112
2025-06-14 15:39:44.188149: I external/local_tsl/tsl/framework/bfc_allocator.cc:1095] InUse at 7f7828e64500 of size 256 next 114
2025-06-14 15:39:44.188613: I external/local_tsl/tsl/framework/bfc_allocator.cc:1095] InUse at 7f7828e64600 of size 256 next 113
2025-06-14 15:39:44.189095: I external/local_tsl/tsl/framework/bfc_allocator.cc:1095] InUse at 7f7828e64700 of size 256 next 111
2025-06-14 15:39:44.189573: I external/local_tsl/tsl/framework/bfc_allocator.cc:1095] InUse at 7f7828e64800 of size 256 next 117
2025-06-14 15:39:44.190042: I external/local_tsl/tsl/framework/bfc_allocator.cc:1095] InUse at 7f7828e64900 of size 256 next 118
2025-06-14 15:39:44.190508: I external/local_tsl/tsl/framework/bfc_allocator.cc:1095] InUse at 7f7828e64a00 of size 256 next 120
2025-06-14 15:39:44.190963: I external/local_tsl/tsl/framework/bfc_allocator.cc:1095] InUse at 7f7828e64b00 of size 256 next 119
2025-06-14 15:39:44.191421: I external/local_tsl/tsl/framework/bfc_allocator.cc:1095] InUse at 7f7828e64c00 of size 256 next 121
2025-06-14 15:39:44.191857: I external/local_tsl/tsl/framework/bfc_allocator.cc:1095] InUse at 7f7828e64d00 of size 256 next 123
2025-06-14 15:39:44.192306: I external/local_tsl/tsl/framework/bfc_allocator.cc:1095] InUse at 7f7828e64e00 of size 256 next 124
2025-06-14 15:39:44.192795: I external/local_tsl/tsl/framework/bfc_allocator.cc:1095] InUse at 7f7828e64f00 of size 256 next 125
2025-06-14 15:39:44.193319: I external/local_tsl/tsl/framework/bfc_allocator.cc:1095] InUse at 7f7828e65000 of size 256 next 126
2025-06-14 15:39:44.193836: I external/local_tsl/tsl/framework/bfc_allocator.cc:1095] InUse at 7f7828e65100 of size 256 next 128
2025-06-14 15:39:44.194318: I external/local_tsl/tsl/framework/bfc_allocator.cc:1095] InUse at 7f7828e65200 of size 256 next 127
2025-06-14 15:39:44.194853: I external/local_tsl/tsl/framework/bfc_allocator.cc:1095] InUse at 7f7828e65300 of size 256 next 129
2025-06-14 15:39:44.195348: I external/local_tsl/tsl/framework/bfc_allocator.cc:1095] InUse at 7f7828e65400 of size 256 next 130
2025-06-14 15:39:44.195910: I external/local_tsl/tsl/framework/bfc_allocator.cc:1095] InUse at 7f7828e65500 of size 256 next 131
2025-06-14 15:39:44.196399: I external/local_tsl/tsl/framework/bfc_allocator.cc:1095] InUse at 7f7828e65600 of size 256 next 132
2025-06-14 15:39:44.196939: I external/local_tsl/tsl/framework/bfc_allocator.cc:1095] InUse at 7f7828e65700 of size 256 next 133
2025-06-14 15:39:44.197454: I external/local_tsl/tsl/framework/bfc_allocator.cc:1095] InUse at 7f7828e65800 of size 256 next 137
2025-06-14 15:39:44.197984: I external/local_tsl/tsl/framework/bfc_allocator.cc:1095] InUse at 7f7828e65900 of size 256 next 136
2025-06-14 15:39:44.198458: I external/local_tsl/tsl/framework/bfc_allocator.cc:1095] InUse at 7f7828e65a00 of size 3584 next 138
2025-06-14 15:39:44.198893: I external/local_tsl/tsl/framework/bfc_allocator.cc:1095] InUse at 7f7828e66800 of size 3584 next 139
2025-06-14 15:39:44.199425: I external/local_tsl/tsl/framework/bfc_allocator.cc:1095] InUse at 7f7828e67600 of size 256 next 140
2025-06-14 15:39:44.199971: I external/local_tsl/tsl/framework/bfc_allocator.cc:1095] InUse at 7f7828e67700 of size 256 next 141
2025-06-14 15:39:44.200494: I external/local_tsl/tsl/framework/bfc_allocator.cc:1095] InUse at 7f7828e67800 of size 256 next 142
2025-06-14 15:39:44.201020: I external/local_tsl/tsl/framework/bfc_allocator.cc:1095] InUse at 7f7828e67900 of size 256 next 143
2025-06-14 15:39:44.201515: I external/local_tsl/tsl/framework/bfc_allocator.cc:1095] InUse at 7f7828e67a00 of size 256 next 144
2025-06-14 15:39:44.202010: I external/local_tsl/tsl/framework/bfc_allocator.cc:1095] InUse at 7f7828e67b00 of size 256 next 145
2025-06-14 15:39:44.202506: I external/local_tsl/tsl/framework/bfc_allocator.cc:1095] InUse at 7f7828e67c00 of size 141312 next 27
2025-06-14 15:39:44.202953: I external/local_tsl/tsl/framework/bfc_allocator.cc:1095] InUse at 7f7828e8a400 of size 221184 next 26
2025-06-14 15:39:44.203375: I external/local_tsl/tsl/framework/bfc_allocator.cc:1095] InUse at 7f7828ec0400 of size 442368 next 159
2025-06-14 15:39:44.203780: I external/local_tsl/tsl/framework/bfc_allocator.cc:1095] InUse at 7f7828f2c400 of size 867328 next 18446744073709551615
2025-06-14 15:39:44.204221: I external/local_tsl/tsl/framework/bfc_allocator.cc:1075] Next region of size 4194304
2025-06-14 15:39:44.204744: I external/local_tsl/tsl/framework/bfc_allocator.cc:1095] InUse at 7f7829400000 of size 442368 next 37
2025-06-14 15:39:44.205163: I external/local_tsl/tsl/framework/bfc_allocator.cc:1095] InUse at 7f782946c000 of size 221184 next 116
2025-06-14 15:39:44.205605: I external/local_tsl/tsl/framework/bfc_allocator.cc:1095] InUse at 7f78294a2000 of size 110592 next 122
2025-06-14 15:39:44.206010: I external/local_tsl/tsl/framework/bfc_allocator.cc:1095] InUse at 7f78294bd000 of size 192512 next 99
2025-06-14 15:39:44.206451: I external/local_tsl/tsl/framework/bfc_allocator.cc:1095] InUse at 7f78294ec000 of size 360448 next 44
2025-06-14 15:39:44.206893: I external/local_tsl/tsl/framework/bfc_allocator.cc:1095] InUse at 7f7829544000 of size 884736 next 43
2025-06-14 15:39:44.207307: I external/local_tsl/tsl/framework/bfc_allocator.cc:1095] InUse at 7f782961c000 of size 1982464 next 18446744073709551615
2025-06-14 15:39:44.207727: I external/local_tsl/tsl/framework/bfc_allocator.cc:1075] Next region of size 8388608
2025-06-14 15:39:44.208229: I external/local_tsl/tsl/framework/bfc_allocator.cc:1095] InUse at 7f7829800000 of size 884736 next 166
2025-06-14 15:39:44.208696: I external/local_tsl/tsl/framework/bfc_allocator.cc:1095] InUse at 7f78298d8000 of size 884736 next 54
2025-06-14 15:39:44.209100: I external/local_tsl/tsl/framework/bfc_allocator.cc:1095] InUse at 7f78299b0000 of size 1769472 next 52
2025-06-14 15:39:44.209506: I external/local_tsl/tsl/framework/bfc_allocator.cc:1095] InUse at 7f7829b60000 of size 4849664 next 18446744073709551615
2025-06-14 15:39:44.209885: I external/local_tsl/tsl/framework/bfc_allocator.cc:1100]      Summary of in-use Chunks by size: 
2025-06-14 15:39:44.210393: I external/local_tsl/tsl/framework/bfc_allocator.cc:1103] 155 Chunks of size 256 totalling 38.8KiB
2025-06-14 15:39:44.210875: I external/local_tsl/tsl/framework/bfc_allocator.cc:1103] 54 Chunks of size 512 totalling 27.0KiB
2025-06-14 15:39:44.211377: I external/local_tsl/tsl/framework/bfc_allocator.cc:1103] 1 Chunks of size 768 totalling 768B
2025-06-14 15:39:44.211861: I external/local_tsl/tsl/framework/bfc_allocator.cc:1103] 26 Chunks of size 1024 totalling 26.0KiB
2025-06-14 15:39:44.212420: I external/local_tsl/tsl/framework/bfc_allocator.cc:1103] 1 Chunks of size 1280 totalling 1.2KiB
2025-06-14 15:39:44.212935: I external/local_tsl/tsl/framework/bfc_allocator.cc:1103] 3 Chunks of size 3584 totalling 10.5KiB
2025-06-14 15:39:44.213405: I external/local_tsl/tsl/framework/bfc_allocator.cc:1103] 2 Chunks of size 65536 totalling 128.0KiB
2025-06-14 15:39:44.213923: I external/local_tsl/tsl/framework/bfc_allocator.cc:1103] 1 Chunks of size 95232 totalling 93.0KiB
2025-06-14 15:39:44.214454: I external/local_tsl/tsl/framework/bfc_allocator.cc:1103] 4 Chunks of size 110592 totalling 432.0KiB
2025-06-14 15:39:44.214945: I external/local_tsl/tsl/framework/bfc_allocator.cc:1103] 1 Chunks of size 141312 totalling 138.0KiB
2025-06-14 15:39:44.215477: I external/local_tsl/tsl/framework/bfc_allocator.cc:1103] 1 Chunks of size 192512 totalling 188.0KiB
2025-06-14 15:39:44.215982: I external/local_tsl/tsl/framework/bfc_allocator.cc:1103] 6 Chunks of size 221184 totalling 1.27MiB
2025-06-14 15:39:44.216507: I external/local_tsl/tsl/framework/bfc_allocator.cc:1103] 2 Chunks of size 262144 totalling 512.0KiB
2025-06-14 15:39:44.217042: I external/local_tsl/tsl/framework/bfc_allocator.cc:1103] 1 Chunks of size 360448 totalling 352.0KiB
2025-06-14 15:39:44.217523: I external/local_tsl/tsl/framework/bfc_allocator.cc:1103] 5 Chunks of size 442368 totalling 2.11MiB
2025-06-14 15:39:44.217992: I external/local_tsl/tsl/framework/bfc_allocator.cc:1103] 1 Chunks of size 867328 totalling 847.0KiB
2025-06-14 15:39:44.218525: I external/local_tsl/tsl/framework/bfc_allocator.cc:1103] 6 Chunks of size 884736 totalling 5.06MiB
2025-06-14 15:39:44.219014: I external/local_tsl/tsl/framework/bfc_allocator.cc:1103] 2 Chunks of size 1048576 totalling 2.00MiB
2025-06-14 15:39:44.219528: I external/local_tsl/tsl/framework/bfc_allocator.cc:1103] 6 Chunks of size 1769472 totalling 10.12MiB
2025-06-14 15:39:44.220027: I external/local_tsl/tsl/framework/bfc_allocator.cc:1103] 1 Chunks of size 1982464 totalling 1.89MiB
2025-06-14 15:39:44.220563: I external/local_tsl/tsl/framework/bfc_allocator.cc:1103] 4 Chunks of size 3538944 totalling 13.50MiB
2025-06-14 15:39:44.221050: I external/local_tsl/tsl/framework/bfc_allocator.cc:1103] 1 Chunks of size 4063232 totalling 3.88MiB
2025-06-14 15:39:44.221557: I external/local_tsl/tsl/framework/bfc_allocator.cc:1103] 1 Chunks of size 4849664 totalling 4.62MiB
2025-06-14 15:39:44.222039: I external/local_tsl/tsl/framework/bfc_allocator.cc:1103] 2 Chunks of size 7077888 totalling 13.50MiB
2025-06-14 15:39:44.222583: I external/local_tsl/tsl/framework/bfc_allocator.cc:1103] 1 Chunks of size 12320768 totalling 11.75MiB
2025-06-14 15:39:44.222970: I external/local_tsl/tsl/framework/bfc_allocator.cc:1103] 2 Chunks of size 15138816 totalling 28.88MiB
2025-06-14 15:39:44.223395: I external/local_tsl/tsl/framework/bfc_allocator.cc:1103] 4 Chunks of size 30277632 totalling 115.50MiB
2025-06-14 15:39:44.223860: I external/local_tsl/tsl/framework/bfc_allocator.cc:1103] 2 Chunks of size 60555264 totalling 115.50MiB
2025-06-14 15:39:44.224322: I external/local_tsl/tsl/framework/bfc_allocator.cc:1103] 1 Chunks of size 73662464 totalling 70.25MiB
2025-06-14 15:39:44.224728: I external/local_tsl/tsl/framework/bfc_allocator.cc:1103] 1 Chunks of size 116654080 totalling 111.25MiB
2025-06-14 15:39:44.225106: I external/local_tsl/tsl/framework/bfc_allocator.cc:1103] 6 Chunks of size 121110528 totalling 693.00MiB
2025-06-14 15:39:44.225532: I external/local_tsl/tsl/framework/bfc_allocator.cc:1103] 2 Chunks of size 209715200 totalling 400.00MiB
2025-06-14 15:39:44.225972: I external/local_tsl/tsl/framework/bfc_allocator.cc:1103] 3 Chunks of size 242221056 totalling 693.00MiB
2025-06-14 15:39:44.226405: I external/local_tsl/tsl/framework/bfc_allocator.cc:1103] 8 Chunks of size 484442112 totalling 3.61GiB
2025-06-14 15:39:44.226800: I external/local_tsl/tsl/framework/bfc_allocator.cc:1103] 1 Chunks of size 968884224 totalling 924.00MiB
2025-06-14 15:39:44.227218: I external/local_tsl/tsl/framework/bfc_allocator.cc:1103] 6 Chunks of size 1937768448 totalling 10.83GiB
2025-06-14 15:39:44.227676: I external/local_tsl/tsl/framework/bfc_allocator.cc:1107] Sum Total of in-use chunks: 17.58GiB
2025-06-14 15:39:44.228094: I external/local_tsl/tsl/framework/bfc_allocator.cc:1109] Total bytes in pool: 23575789568 memory_limit_: 23575789568 available bytes: 0 curr_region_allocation_bytes_: 34359738368
2025-06-14 15:39:44.228520: I external/local_tsl/tsl/framework/bfc_allocator.cc:1114] Stats: 
Limit:                     23575789568
InUse:                     18882554112
MaxInUse:                  22800760320
NumAllocs:                         912
MaxAllocSize:               4135495424
Reserved:                            0
PeakReserved:                        0
LargestFreeBlock:                    0

2025-06-14 15:39:44.228944: W external/local_tsl/tsl/framework/bfc_allocator.cc:497] ________*********________************************************_**************************************
2025-06-14 15:39:44.229454: W tensorflow/core/framework/op_kernel.cc:1839] OP_REQUIRES failed at concat_op.cc:165 : RESOURCE_EXHAUSTED: OOM when allocating tensor with shape[2,64,192,224,176] and type float on /job:localhost/replica:0/task:0/device:GPU:0 by allocator GPU_0_bfc
Traceback (most recent call last):
  File "/mnt/beegfs/hellgate/home/rb194958e/stroke_segmentation_sota/batch_wise_train.py", line 277, in <module>
    if main():
       ^^^^^^
  File "/mnt/beegfs/hellgate/home/rb194958e/stroke_segmentation_sota/batch_wise_train.py", line 256, in main
    history = model.fit(
              ^^^^^^^^^^
  File "/mnt/beegfs/hellgate/home/rb194958e/.conda/envs/tf215_env/lib/python3.11/site-packages/keras/src/utils/traceback_utils.py", line 70, in error_handler
    raise e.with_traceback(filtered_tb) from None
  File "/mnt/beegfs/hellgate/home/rb194958e/.conda/envs/tf215_env/lib/python3.11/site-packages/tensorflow/python/eager/execute.py", line 53, in quick_execute
    tensors = pywrap_tfe.TFE_Py_Execute(ctx._handle, device_name, op_name,
  ^^^^^^^^^^^^^^^^^^^^^^^^^^^^^^^^^^^^^^^^^^^^^^^^^^^^^^^^^^^^^^^^^^^^^^^^
tensorflow.python.framework.errors_impl.ResourceExhaustedError: Graph execution error:

Detected at node model/concatenate_2/concat defined at (most recent call last):
  File "/mnt/beegfs/hellgate/home/rb194958e/stroke_segmentation_sota/batch_wise_train.py", line 277, in <module>

  File "/mnt/beegfs/hellgate/home/rb194958e/stroke_segmentation_sota/batch_wise_train.py", line 256, in main

  File "/mnt/beegfs/hellgate/home/rb194958e/.conda/envs/tf215_env/lib/python3.11/site-packages/keras/src/utils/traceback_utils.py", line 65, in error_handler

  File "/mnt/beegfs/hellgate/home/rb194958e/.conda/envs/tf215_env/lib/python3.11/site-packages/keras/src/engine/training.py", line 1807, in fit

  File "/mnt/beegfs/hellgate/home/rb194958e/.conda/envs/tf215_env/lib/python3.11/site-packages/keras/src/engine/training.py", line 1401, in train_function

  File "/mnt/beegfs/hellgate/home/rb194958e/.conda/envs/tf215_env/lib/python3.11/site-packages/keras/src/engine/training.py", line 1384, in step_function

  File "/mnt/beegfs/hellgate/home/rb194958e/.conda/envs/tf215_env/lib/python3.11/site-packages/keras/src/engine/training.py", line 1373, in run_step

  File "/mnt/beegfs/hellgate/home/rb194958e/.conda/envs/tf215_env/lib/python3.11/site-packages/keras/src/engine/training.py", line 1150, in train_step

  File "/mnt/beegfs/hellgate/home/rb194958e/.conda/envs/tf215_env/lib/python3.11/site-packages/keras/src/utils/traceback_utils.py", line 65, in error_handler

  File "/mnt/beegfs/hellgate/home/rb194958e/.conda/envs/tf215_env/lib/python3.11/site-packages/keras/src/engine/training.py", line 590, in __call__

  File "/mnt/beegfs/hellgate/home/rb194958e/.conda/envs/tf215_env/lib/python3.11/site-packages/keras/src/utils/traceback_utils.py", line 65, in error_handler

  File "/mnt/beegfs/hellgate/home/rb194958e/.conda/envs/tf215_env/lib/python3.11/site-packages/keras/src/engine/base_layer.py", line 1149, in __call__

  File "/mnt/beegfs/hellgate/home/rb194958e/.conda/envs/tf215_env/lib/python3.11/site-packages/keras/src/utils/traceback_utils.py", line 96, in error_handler

  File "/mnt/beegfs/hellgate/home/rb194958e/.conda/envs/tf215_env/lib/python3.11/site-packages/keras/src/engine/functional.py", line 515, in call

  File "/mnt/beegfs/hellgate/home/rb194958e/.conda/envs/tf215_env/lib/python3.11/site-packages/keras/src/engine/functional.py", line 672, in _run_internal_graph

  File "/mnt/beegfs/hellgate/home/rb194958e/.conda/envs/tf215_env/lib/python3.11/site-packages/keras/src/utils/traceback_utils.py", line 65, in error_handler

  File "/mnt/beegfs/hellgate/home/rb194958e/.conda/envs/tf215_env/lib/python3.11/site-packages/keras/src/engine/base_layer.py", line 1149, in __call__

  File "/mnt/beegfs/hellgate/home/rb194958e/.conda/envs/tf215_env/lib/python3.11/site-packages/keras/src/utils/traceback_utils.py", line 96, in error_handler

  File "/mnt/beegfs/hellgate/home/rb194958e/.conda/envs/tf215_env/lib/python3.11/site-packages/keras/src/layers/merging/base_merge.py", line 196, in call

  File "/mnt/beegfs/hellgate/home/rb194958e/.conda/envs/tf215_env/lib/python3.11/site-packages/keras/src/layers/merging/concatenate.py", line 134, in _merge_function

  File "/mnt/beegfs/hellgate/home/rb194958e/.conda/envs/tf215_env/lib/python3.11/site-packages/keras/src/backend.py", line 3580, in concatenate

OOM when allocating tensor with shape[2,64,192,224,176] and type float on /job:localhost/replica:0/task:0/device:GPU:0 by allocator GPU_0_bfc
	 [[{{node model/concatenate_2/concat}}]]
Hint: If you want to see a list of allocated tensors when OOM happens, add report_tensor_allocations_upon_oom to RunOptions for current allocation info. This isn't available when running in Eager mode.
 [Op:__inference_train_function_7309]
2025-06-14 15:39:44.394362: W tensorflow/core/kernels/data/generator_dataset_op.cc:108] Error occurred when finalizing GeneratorDataset iterator: FAILED_PRECONDITION: Python interpreter state is not initialized. The process may be terminated.
	 [[{{node PyFunc}}]]
/var/spool/slurmd/job1123837/slurm_script: line 320: EOF: command not found
/var/spool/slurmd/job1123837/slurm_script: line 330: unexpected EOF while looking for matching ``'
/var/spool/slurmd/job1123837/slurm_script: line 339: syntax error: unexpected end of file
