2025-06-15 06:33:19.158758: I tensorflow/core/util/port.cc:113] oneDNN custom operations are on. You may see slightly different numerical results due to floating-point round-off errors from different computation orders. To turn them off, set the environment variable `TF_ENABLE_ONEDNN_OPTS=0`.
2025-06-15 06:33:19.927382: E external/local_xla/xla/stream_executor/cuda/cuda_dnn.cc:9261] Unable to register cuDNN factory: Attempting to register factory for plugin cuDNN when one has already been registered
2025-06-15 06:33:19.928149: E external/local_xla/xla/stream_executor/cuda/cuda_fft.cc:607] Unable to register cuFFT factory: Attempting to register factory for plugin cuFFT when one has already been registered
2025-06-15 06:33:20.046996: E external/local_xla/xla/stream_executor/cuda/cuda_blas.cc:1515] Unable to register cuBLAS factory: Attempting to register factory for plugin cuBLAS when one has already been registered
2025-06-15 06:33:20.301645: I tensorflow/core/platform/cpu_feature_guard.cc:182] This TensorFlow binary is optimized to use available CPU instructions in performance-critical operations.
To enable the following instructions: AVX2 AVX512F AVX512_VNNI FMA, in other operations, rebuild TensorFlow with the appropriate compiler flags.
2025-06-15 06:33:27.103700: W tensorflow/compiler/tf2tensorrt/utils/py_utils.cc:38] TF-TRT Warning: Could not find TensorRT
INFO:__main__:🚀 Starting Stroke Lesion Segmentation Training
INFO:__main__:Using 1 GPU(s)
INFO:__main__:Creating data generators...
INFO:__main__:Found 655 valid image/mask pairs
INFO:__main__:Found 655 valid image/mask pairs
INFO:__main__:Training batches: 262
INFO:__main__:Validation batches: 65
INFO:__main__:Building model...
2025-06-15 06:33:41.646728: I tensorflow/core/common_runtime/gpu/gpu_device.cc:1929] Created device /job:localhost/replica:0/task:0/device:GPU:0 with 22483 MB memory:  -> device: 0, name: NVIDIA RTX 4500 Ada Generation, pci bus id: 0000:1c:00.0, compute capability: 8.9
INFO:__main__:Model parameters: 5,605,345
INFO:__main__:Starting training...
pixdim[0] (qfac) should be 1 (default) or -1; setting qfac to 1
INFO:nibabel.global:pixdim[0] (qfac) should be 1 (default) or -1; setting qfac to 1
pixdim[0] (qfac) should be 1 (default) or -1; setting qfac to 1
INFO:nibabel.global:pixdim[0] (qfac) should be 1 (default) or -1; setting qfac to 1
pixdim[0] (qfac) should be 1 (default) or -1; setting qfac to 1
INFO:nibabel.global:pixdim[0] (qfac) should be 1 (default) or -1; setting qfac to 1
pixdim[0] (qfac) should be 1 (default) or -1; setting qfac to 1
INFO:nibabel.global:pixdim[0] (qfac) should be 1 (default) or -1; setting qfac to 1
pixdim[0] (qfac) should be 1 (default) or -1; setting qfac to 1
INFO:nibabel.global:pixdim[0] (qfac) should be 1 (default) or -1; setting qfac to 1
2025-06-15 06:33:49.440523: I external/local_xla/xla/stream_executor/cuda/cuda_dnn.cc:454] Loaded cuDNN version 8907
pixdim[0] (qfac) should be 1 (default) or -1; setting qfac to 1
INFO:nibabel.global:pixdim[0] (qfac) should be 1 (default) or -1; setting qfac to 1
pixdim[0] (qfac) should be 1 (default) or -1; setting qfac to 1
INFO:nibabel.global:pixdim[0] (qfac) should be 1 (default) or -1; setting qfac to 1
pixdim[0] (qfac) should be 1 (default) or -1; setting qfac to 1
INFO:nibabel.global:pixdim[0] (qfac) should be 1 (default) or -1; setting qfac to 1
pixdim[0] (qfac) should be 1 (default) or -1; setting qfac to 1
INFO:nibabel.global:pixdim[0] (qfac) should be 1 (default) or -1; setting qfac to 1
2025-06-15 06:34:05.931578: W external/local_tsl/tsl/framework/bfc_allocator.cc:296] Allocator (GPU_0_bfc) ran out of memory trying to allocate 2.27GiB with freed_by_count=0. The caller indicates that this is not a failure, but this may mean that there could be performance gains if more memory were available.
2025-06-15 06:34:06.032879: W external/local_tsl/tsl/framework/bfc_allocator.cc:296] Allocator (GPU_0_bfc) ran out of memory trying to allocate 2.30GiB with freed_by_count=0. The caller indicates that this is not a failure, but this may mean that there could be performance gains if more memory were available.
2025-06-15 06:34:06.033939: W external/local_tsl/tsl/framework/bfc_allocator.cc:296] Allocator (GPU_0_bfc) ran out of memory trying to allocate 2.27GiB with freed_by_count=0. The caller indicates that this is not a failure, but this may mean that there could be performance gains if more memory were available.
2025-06-15 06:34:06.655534: W external/local_tsl/tsl/framework/bfc_allocator.cc:296] Allocator (GPU_0_bfc) ran out of memory trying to allocate 2.27GiB with freed_by_count=0. The caller indicates that this is not a failure, but this may mean that there could be performance gains if more memory were available.
2025-06-15 06:34:06.708877: W external/local_tsl/tsl/framework/bfc_allocator.cc:296] Allocator (GPU_0_bfc) ran out of memory trying to allocate 2.30GiB with freed_by_count=0. The caller indicates that this is not a failure, but this may mean that there could be performance gains if more memory were available.
2025-06-15 06:34:06.709843: W external/local_tsl/tsl/framework/bfc_allocator.cc:296] Allocator (GPU_0_bfc) ran out of memory trying to allocate 2.27GiB with freed_by_count=0. The caller indicates that this is not a failure, but this may mean that there could be performance gains if more memory were available.
2025-06-15 06:34:17.331759: W external/local_tsl/tsl/framework/bfc_allocator.cc:485] Allocator (GPU_0_bfc) ran out of memory trying to allocate 3.61GiB (rounded to 3875536896)requested by op model/concatenate_2/concat
If the cause is memory fragmentation maybe the environment variable 'TF_GPU_ALLOCATOR=cuda_malloc_async' will improve the situation. 
Current allocation summary follows.
Current allocation summary follows.
2025-06-15 06:34:17.332681: I external/local_tsl/tsl/framework/bfc_allocator.cc:1039] BFCAllocator dump for GPU_0_bfc
2025-06-15 06:34:17.333509: I external/local_tsl/tsl/framework/bfc_allocator.cc:1046] Bin (256): 	Total Chunks: 155, Chunks in use: 155. 38.8KiB allocated for chunks. 38.8KiB in use in bin. 20.7KiB client-requested in use in bin.
2025-06-15 06:34:17.334153: I external/local_tsl/tsl/framework/bfc_allocator.cc:1046] Bin (512): 	Total Chunks: 56, Chunks in use: 55. 28.0KiB allocated for chunks. 27.5KiB in use in bin. 27.5KiB client-requested in use in bin.
2025-06-15 06:34:17.334769: I external/local_tsl/tsl/framework/bfc_allocator.cc:1046] Bin (1024): 	Total Chunks: 27, Chunks in use: 27. 27.2KiB allocated for chunks. 27.2KiB in use in bin. 27.0KiB client-requested in use in bin.
2025-06-15 06:34:17.335173: I external/local_tsl/tsl/framework/bfc_allocator.cc:1046] Bin (2048): 	Total Chunks: 3, Chunks in use: 3. 10.5KiB allocated for chunks. 10.5KiB in use in bin. 10.1KiB client-requested in use in bin.
2025-06-15 06:34:17.335557: I external/local_tsl/tsl/framework/bfc_allocator.cc:1046] Bin (4096): 	Total Chunks: 0, Chunks in use: 0. 0B allocated for chunks. 0B in use in bin. 0B client-requested in use in bin.
2025-06-15 06:34:17.335898: I external/local_tsl/tsl/framework/bfc_allocator.cc:1046] Bin (8192): 	Total Chunks: 0, Chunks in use: 0. 0B allocated for chunks. 0B in use in bin. 0B client-requested in use in bin.
2025-06-15 06:34:17.336264: I external/local_tsl/tsl/framework/bfc_allocator.cc:1046] Bin (16384): 	Total Chunks: 0, Chunks in use: 0. 0B allocated for chunks. 0B in use in bin. 0B client-requested in use in bin.
2025-06-15 06:34:17.336651: I external/local_tsl/tsl/framework/bfc_allocator.cc:1046] Bin (32768): 	Total Chunks: 0, Chunks in use: 0. 0B allocated for chunks. 0B in use in bin. 0B client-requested in use in bin.
2025-06-15 06:34:17.337053: I external/local_tsl/tsl/framework/bfc_allocator.cc:1046] Bin (65536): 	Total Chunks: 7, Chunks in use: 7. 653.0KiB allocated for chunks. 653.0KiB in use in bin. 624.0KiB client-requested in use in bin.
2025-06-15 06:34:17.337519: I external/local_tsl/tsl/framework/bfc_allocator.cc:1046] Bin (131072): 	Total Chunks: 8, Chunks in use: 8. 1.58MiB allocated for chunks. 1.58MiB in use in bin. 1.48MiB client-requested in use in bin.
2025-06-15 06:34:17.337876: I external/local_tsl/tsl/framework/bfc_allocator.cc:1046] Bin (262144): 	Total Chunks: 8, Chunks in use: 8. 2.95MiB allocated for chunks. 2.95MiB in use in bin. 2.86MiB client-requested in use in bin.
2025-06-15 06:34:17.338262: I external/local_tsl/tsl/framework/bfc_allocator.cc:1046] Bin (524288): 	Total Chunks: 7, Chunks in use: 7. 5.89MiB allocated for chunks. 5.89MiB in use in bin. 5.48MiB client-requested in use in bin.
2025-06-15 06:34:17.338669: I external/local_tsl/tsl/framework/bfc_allocator.cc:1046] Bin (1048576): 	Total Chunks: 9, Chunks in use: 9. 14.02MiB allocated for chunks. 14.02MiB in use in bin. 13.12MiB client-requested in use in bin.
2025-06-15 06:34:17.339088: I external/local_tsl/tsl/framework/bfc_allocator.cc:1046] Bin (2097152): 	Total Chunks: 5, Chunks in use: 5. 17.38MiB allocated for chunks. 17.38MiB in use in bin. 16.88MiB client-requested in use in bin.
2025-06-15 06:34:17.339473: I external/local_tsl/tsl/framework/bfc_allocator.cc:1046] Bin (4194304): 	Total Chunks: 3, Chunks in use: 3. 18.12MiB allocated for chunks. 18.12MiB in use in bin. 16.88MiB client-requested in use in bin.
2025-06-15 06:34:17.339917: I external/local_tsl/tsl/framework/bfc_allocator.cc:1046] Bin (8388608): 	Total Chunks: 3, Chunks in use: 3. 40.62MiB allocated for chunks. 40.62MiB in use in bin. 35.62MiB client-requested in use in bin.
2025-06-15 06:34:17.340328: I external/local_tsl/tsl/framework/bfc_allocator.cc:1046] Bin (16777216): 	Total Chunks: 5, Chunks in use: 4. 140.19MiB allocated for chunks. 115.50MiB in use in bin. 115.50MiB client-requested in use in bin.
2025-06-15 06:34:17.340724: I external/local_tsl/tsl/framework/bfc_allocator.cc:1046] Bin (33554432): 	Total Chunks: 2, Chunks in use: 2. 115.50MiB allocated for chunks. 115.50MiB in use in bin. 115.50MiB client-requested in use in bin.
2025-06-15 06:34:17.341159: I external/local_tsl/tsl/framework/bfc_allocator.cc:1046] Bin (67108864): 	Total Chunks: 8, Chunks in use: 8. 874.50MiB allocated for chunks. 874.50MiB in use in bin. 808.50MiB client-requested in use in bin.
2025-06-15 06:34:17.341549: I external/local_tsl/tsl/framework/bfc_allocator.cc:1046] Bin (134217728): 	Total Chunks: 5, Chunks in use: 5. 1.07GiB allocated for chunks. 1.07GiB in use in bin. 924.00MiB client-requested in use in bin.
2025-06-15 06:34:17.341982: I external/local_tsl/tsl/framework/bfc_allocator.cc:1046] Bin (268435456): 	Total Chunks: 18, Chunks in use: 15. 19.69GiB allocated for chunks. 15.34GiB in use in bin. 15.34GiB client-requested in use in bin.
2025-06-15 06:34:17.342341: I external/local_tsl/tsl/framework/bfc_allocator.cc:1062] Bin for 3.61GiB was 256.00MiB, Chunk State: 
2025-06-15 06:34:17.342703: I external/local_tsl/tsl/framework/bfc_allocator.cc:1068]   Size: 453.50MiB | Requested Size: 16.00MiB | in_use: 0 | bin_num: 20, prev:   Size: 462.00MiB | Requested Size: 462.00MiB | in_use: 1 | bin_num: -1
2025-06-15 06:34:17.343065: I external/local_tsl/tsl/framework/bfc_allocator.cc:1068]   Size: 1.80GiB | Requested Size: 1.80GiB | in_use: 0 | bin_num: 20, next:   Size: 1.80GiB | Requested Size: 1.80GiB | in_use: 1 | bin_num: -1
2025-06-15 06:34:17.343431: I external/local_tsl/tsl/framework/bfc_allocator.cc:1068]   Size: 2.10GiB | Requested Size: 1.82GiB | in_use: 0 | bin_num: 20, prev:   Size: 1.80GiB | Requested Size: 1.80GiB | in_use: 1 | bin_num: -1
2025-06-15 06:34:17.343815: I external/local_tsl/tsl/framework/bfc_allocator.cc:1075] Next region of size 6129582080
2025-06-15 06:34:17.344281: I external/local_tsl/tsl/framework/bfc_allocator.cc:1095] Free  at 7f077e000000 of size 1937768448 next 107
2025-06-15 06:34:17.344625: I external/local_tsl/tsl/framework/bfc_allocator.cc:1095] InUse at 7f07f1800000 of size 1937768448 next 329
2025-06-15 06:34:17.344990: I external/local_tsl/tsl/framework/bfc_allocator.cc:1095] Free  at 7f0865000000 of size 2254045184 next 18446744073709551615
2025-06-15 06:34:17.345364: I external/local_tsl/tsl/framework/bfc_allocator.cc:1075] Next region of size 8589934592
2025-06-15 06:34:17.345769: I external/local_tsl/tsl/framework/bfc_allocator.cc:1095] InUse at 7f090c000000 of size 1937768448 next 281
2025-06-15 06:34:17.346165: I external/local_tsl/tsl/framework/bfc_allocator.cc:1095] InUse at 7f097f800000 of size 242221056 next 282
2025-06-15 06:34:17.346525: I external/local_tsl/tsl/framework/bfc_allocator.cc:1095] InUse at 7f098df00000 of size 484442112 next 283
2025-06-15 06:34:17.346873: I external/local_tsl/tsl/framework/bfc_allocator.cc:1095] InUse at 7f09aad00000 of size 484442112 next 284
2025-06-15 06:34:17.347255: I external/local_tsl/tsl/framework/bfc_allocator.cc:1095] InUse at 7f09c7b00000 of size 484442112 next 29
2025-06-15 06:34:17.347622: I external/local_tsl/tsl/framework/bfc_allocator.cc:1095] InUse at 7f09e4900000 of size 484442112 next 288
2025-06-15 06:34:17.348028: I external/local_tsl/tsl/framework/bfc_allocator.cc:1095] InUse at 7f0a01700000 of size 484442112 next 292
2025-06-15 06:34:17.348378: I external/local_tsl/tsl/framework/bfc_allocator.cc:1095] InUse at 7f0a1e500000 of size 121110528 next 47
2025-06-15 06:34:17.348737: I external/local_tsl/tsl/framework/bfc_allocator.cc:1095] InUse at 7f0a25880000 of size 121110528 next 296
2025-06-15 06:34:17.349095: I external/local_tsl/tsl/framework/bfc_allocator.cc:1095] InUse at 7f0a2cc00000 of size 121110528 next 300
2025-06-15 06:34:17.349443: I external/local_tsl/tsl/framework/bfc_allocator.cc:1095] InUse at 7f0a33f80000 of size 30277632 next 302
2025-06-15 06:34:17.349814: I external/local_tsl/tsl/framework/bfc_allocator.cc:1095] InUse at 7f0a35c60000 of size 30277632 next 303
2025-06-15 06:34:17.350173: I external/local_tsl/tsl/framework/bfc_allocator.cc:1095] InUse at 7f0a37940000 of size 30277632 next 66
2025-06-15 06:34:17.350572: I external/local_tsl/tsl/framework/bfc_allocator.cc:1095] InUse at 7f0a39620000 of size 30277632 next 307
2025-06-15 06:34:17.350963: I external/local_tsl/tsl/framework/bfc_allocator.cc:1095] InUse at 7f0a3b300000 of size 121110528 next 76
2025-06-15 06:34:17.351389: I external/local_tsl/tsl/framework/bfc_allocator.cc:1095] InUse at 7f0a42680000 of size 121110528 next 312
2025-06-15 06:34:17.351790: I external/local_tsl/tsl/framework/bfc_allocator.cc:1095] InUse at 7f0a49a00000 of size 242221056 next 311
2025-06-15 06:34:17.352167: I external/local_tsl/tsl/framework/bfc_allocator.cc:1095] InUse at 7f0a58100000 of size 121110528 next 85
2025-06-15 06:34:17.352553: I external/local_tsl/tsl/framework/bfc_allocator.cc:1095] InUse at 7f0a5f480000 of size 484442112 next 325
2025-06-15 06:34:17.352922: I external/local_tsl/tsl/framework/bfc_allocator.cc:1095] InUse at 7f0a7c280000 of size 484442112 next 320
2025-06-15 06:34:17.353315: I external/local_tsl/tsl/framework/bfc_allocator.cc:1095] InUse at 7f0a99080000 of size 968884224 next 319
2025-06-15 06:34:17.353718: I external/local_tsl/tsl/framework/bfc_allocator.cc:1095] InUse at 7f0ad2c80000 of size 484442112 next 91
2025-06-15 06:34:17.354217: I external/local_tsl/tsl/framework/bfc_allocator.cc:1095] Free  at 7f0aefa80000 of size 475529216 next 18446744073709551615
2025-06-15 06:34:17.354601: I external/local_tsl/tsl/framework/bfc_allocator.cc:1075] Next region of size 4294967296
2025-06-15 06:34:17.355046: I external/local_tsl/tsl/framework/bfc_allocator.cc:1095] InUse at 7f0b36000000 of size 1937768448 next 11
2025-06-15 06:34:17.355539: I external/local_tsl/tsl/framework/bfc_allocator.cc:1095] InUse at 7f0ba9800000 of size 1937768448 next 276
2025-06-15 06:34:17.355930: I external/local_tsl/tsl/framework/bfc_allocator.cc:1095] InUse at 7f0c1d000000 of size 242221056 next 20
2025-06-15 06:34:17.356340: I external/local_tsl/tsl/framework/bfc_allocator.cc:1095] InUse at 7f0c2b700000 of size 60555264 next 38
2025-06-15 06:34:17.356718: I external/local_tsl/tsl/framework/bfc_allocator.cc:1095] InUse at 7f0c2f0c0000 of size 116654080 next 18446744073709551615
2025-06-15 06:34:17.357132: I external/local_tsl/tsl/framework/bfc_allocator.cc:1075] Next region of size 2147483648
2025-06-15 06:34:17.357599: I external/local_tsl/tsl/framework/bfc_allocator.cc:1095] InUse at 7f0c62000000 of size 1937768448 next 270
2025-06-15 06:34:17.358007: I external/local_tsl/tsl/framework/bfc_allocator.cc:1095] InUse at 7f0cd5800000 of size 209715200 next 18446744073709551615
2025-06-15 06:34:17.358361: I external/local_tsl/tsl/framework/bfc_allocator.cc:1075] Next region of size 2147483648
2025-06-15 06:34:17.358944: I external/local_tsl/tsl/framework/bfc_allocator.cc:1095] InUse at 7f0ce8000000 of size 1937768448 next 268
2025-06-15 06:34:17.359492: I external/local_tsl/tsl/framework/bfc_allocator.cc:1095] InUse at 7f0d5b800000 of size 209715200 next 18446744073709551615
2025-06-15 06:34:17.359871: I external/local_tsl/tsl/framework/bfc_allocator.cc:1075] Next region of size 134217728
2025-06-15 06:34:17.360343: I external/local_tsl/tsl/framework/bfc_allocator.cc:1095] InUse at 7f0dfa000000 of size 60555264 next 264
2025-06-15 06:34:17.360723: I external/local_tsl/tsl/framework/bfc_allocator.cc:1095] InUse at 7f0dfd9c0000 of size 73662464 next 18446744073709551615
2025-06-15 06:34:17.361172: I external/local_tsl/tsl/framework/bfc_allocator.cc:1075] Next region of size 67108864
2025-06-15 06:34:17.361647: I external/local_tsl/tsl/framework/bfc_allocator.cc:1095] InUse at 7f0e02000000 of size 3538944 next 198
2025-06-15 06:34:17.362131: I external/local_tsl/tsl/framework/bfc_allocator.cc:1095] InUse at 7f0e02360000 of size 1769472 next 205
2025-06-15 06:34:17.362545: I external/local_tsl/tsl/framework/bfc_allocator.cc:1095] InUse at 7f0e02510000 of size 1769472 next 206
2025-06-15 06:34:17.362932: I external/local_tsl/tsl/framework/bfc_allocator.cc:1095] InUse at 7f0e026c0000 of size 262144 next 213
2025-06-15 06:34:17.363336: I external/local_tsl/tsl/framework/bfc_allocator.cc:1095] InUse at 7f0e02700000 of size 262144 next 214
2025-06-15 06:34:17.363701: I external/local_tsl/tsl/framework/bfc_allocator.cc:1095] InUse at 7f0e02740000 of size 884736 next 217
2025-06-15 06:34:17.364073: I external/local_tsl/tsl/framework/bfc_allocator.cc:1095] InUse at 7f0e02818000 of size 884736 next 218
2025-06-15 06:34:17.364445: I external/local_tsl/tsl/framework/bfc_allocator.cc:1095] InUse at 7f0e028f0000 of size 442368 next 225
2025-06-15 06:34:17.364787: I external/local_tsl/tsl/framework/bfc_allocator.cc:1095] InUse at 7f0e0295c000 of size 442368 next 226
2025-06-15 06:34:17.365150: I external/local_tsl/tsl/framework/bfc_allocator.cc:1095] InUse at 7f0e029c8000 of size 256 next 234
2025-06-15 06:34:17.365571: I external/local_tsl/tsl/framework/bfc_allocator.cc:1095] InUse at 7f0e029c8100 of size 256 next 235
2025-06-15 06:34:17.366012: I external/local_tsl/tsl/framework/bfc_allocator.cc:1095] InUse at 7f0e029c8200 of size 221184 next 236
2025-06-15 06:34:17.366401: I external/local_tsl/tsl/framework/bfc_allocator.cc:1095] InUse at 7f0e029fe200 of size 221184 next 237
2025-06-15 06:34:17.366753: I external/local_tsl/tsl/framework/bfc_allocator.cc:1095] InUse at 7f0e02a34200 of size 256 next 238
2025-06-15 06:34:17.367175: I external/local_tsl/tsl/framework/bfc_allocator.cc:1095] InUse at 7f0e02a34300 of size 256 next 239
2025-06-15 06:34:17.367594: I external/local_tsl/tsl/framework/bfc_allocator.cc:1095] InUse at 7f0e02a34400 of size 256 next 240
2025-06-15 06:34:17.368066: I external/local_tsl/tsl/framework/bfc_allocator.cc:1095] InUse at 7f0e02a34500 of size 256 next 241
2025-06-15 06:34:17.368491: I external/local_tsl/tsl/framework/bfc_allocator.cc:1095] InUse at 7f0e02a34600 of size 256 next 242
2025-06-15 06:34:17.368965: I external/local_tsl/tsl/framework/bfc_allocator.cc:1095] InUse at 7f0e02a34700 of size 256 next 243
2025-06-15 06:34:17.369423: I external/local_tsl/tsl/framework/bfc_allocator.cc:1095] InUse at 7f0e02a34800 of size 110592 next 244
2025-06-15 06:34:17.369815: I external/local_tsl/tsl/framework/bfc_allocator.cc:1095] InUse at 7f0e02a4f800 of size 110592 next 245
2025-06-15 06:34:17.370199: I external/local_tsl/tsl/framework/bfc_allocator.cc:1095] InUse at 7f0e02a6a800 of size 256 next 246
2025-06-15 06:34:17.370640: I external/local_tsl/tsl/framework/bfc_allocator.cc:1095] InUse at 7f0e02a6a900 of size 256 next 247
2025-06-15 06:34:17.371066: I external/local_tsl/tsl/framework/bfc_allocator.cc:1095] InUse at 7f0e02a6aa00 of size 256 next 248
2025-06-15 06:34:17.371518: I external/local_tsl/tsl/framework/bfc_allocator.cc:1095] InUse at 7f0e02a6ab00 of size 256 next 249
2025-06-15 06:34:17.372017: I external/local_tsl/tsl/framework/bfc_allocator.cc:1095] InUse at 7f0e02a6ac00 of size 256 next 250
2025-06-15 06:34:17.372557: I external/local_tsl/tsl/framework/bfc_allocator.cc:1095] InUse at 7f0e02a6ad00 of size 256 next 251
2025-06-15 06:34:17.373038: I external/local_tsl/tsl/framework/bfc_allocator.cc:1095] InUse at 7f0e02a6ae00 of size 256 next 252
2025-06-15 06:34:17.373492: I external/local_tsl/tsl/framework/bfc_allocator.cc:1095] InUse at 7f0e02a6af00 of size 256 next 253
2025-06-15 06:34:17.373910: I external/local_tsl/tsl/framework/bfc_allocator.cc:1095] InUse at 7f0e02a6b000 of size 256 next 254
2025-06-15 06:34:17.374370: I external/local_tsl/tsl/framework/bfc_allocator.cc:1095] InUse at 7f0e02a6b100 of size 256 next 255
2025-06-15 06:34:17.374820: I external/local_tsl/tsl/framework/bfc_allocator.cc:1095] InUse at 7f0e02a6b200 of size 256 next 256
2025-06-15 06:34:17.375285: I external/local_tsl/tsl/framework/bfc_allocator.cc:1095] InUse at 7f0e02a6b300 of size 256 next 257
2025-06-15 06:34:17.375712: I external/local_tsl/tsl/framework/bfc_allocator.cc:1095] InUse at 7f0e02a6b400 of size 256 next 258
2025-06-15 06:34:17.376145: I external/local_tsl/tsl/framework/bfc_allocator.cc:1095] InUse at 7f0e02a6b500 of size 256 next 259
2025-06-15 06:34:17.376564: I external/local_tsl/tsl/framework/bfc_allocator.cc:1095] InUse at 7f0e02a6b600 of size 256 next 260
2025-06-15 06:34:17.377031: I external/local_tsl/tsl/framework/bfc_allocator.cc:1095] InUse at 7f0e02a6b700 of size 256 next 261
2025-06-15 06:34:17.377511: I external/local_tsl/tsl/framework/bfc_allocator.cc:1095] InUse at 7f0e02a6b800 of size 256 next 262
2025-06-15 06:34:17.377966: I external/local_tsl/tsl/framework/bfc_allocator.cc:1095] InUse at 7f0e02a6b900 of size 256 next 263
2025-06-15 06:34:17.378427: I external/local_tsl/tsl/framework/bfc_allocator.cc:1095] InUse at 7f0e02a6ba00 of size 256 next 265
2025-06-15 06:34:17.378879: I external/local_tsl/tsl/framework/bfc_allocator.cc:1095] InUse at 7f0e02a6bb00 of size 256 next 266
2025-06-15 06:34:17.379340: I external/local_tsl/tsl/framework/bfc_allocator.cc:1095] InUse at 7f0e02a6bc00 of size 256 next 269
2025-06-15 06:34:17.379815: I external/local_tsl/tsl/framework/bfc_allocator.cc:1095] InUse at 7f0e02a6bd00 of size 256 next 272
2025-06-15 06:34:17.380301: I external/local_tsl/tsl/framework/bfc_allocator.cc:1095] InUse at 7f0e02a6be00 of size 256 next 274
2025-06-15 06:34:17.380759: I external/local_tsl/tsl/framework/bfc_allocator.cc:1095] InUse at 7f0e02a6bf00 of size 256 next 275
2025-06-15 06:34:17.381222: I external/local_tsl/tsl/framework/bfc_allocator.cc:1095] InUse at 7f0e02a6c000 of size 256 next 279
2025-06-15 06:34:17.381680: I external/local_tsl/tsl/framework/bfc_allocator.cc:1095] InUse at 7f0e02a6c100 of size 256 next 280
2025-06-15 06:34:17.382155: I external/local_tsl/tsl/framework/bfc_allocator.cc:1095] InUse at 7f0e02a6c200 of size 256 next 286
2025-06-15 06:34:17.382649: I external/local_tsl/tsl/framework/bfc_allocator.cc:1095] InUse at 7f0e02a6c300 of size 256 next 287
2025-06-15 06:34:17.383138: I external/local_tsl/tsl/framework/bfc_allocator.cc:1095] InUse at 7f0e02a6c400 of size 256 next 290
2025-06-15 06:34:17.383595: I external/local_tsl/tsl/framework/bfc_allocator.cc:1095] InUse at 7f0e02a6c500 of size 256 next 291
2025-06-15 06:34:17.384102: I external/local_tsl/tsl/framework/bfc_allocator.cc:1095] InUse at 7f0e02a6c600 of size 512 next 293
2025-06-15 06:34:17.384562: I external/local_tsl/tsl/framework/bfc_allocator.cc:1095] InUse at 7f0e02a6c800 of size 512 next 294
2025-06-15 06:34:17.385026: I external/local_tsl/tsl/framework/bfc_allocator.cc:1095] InUse at 7f0e02a6ca00 of size 512 next 295
2025-06-15 06:34:17.385511: I external/local_tsl/tsl/framework/bfc_allocator.cc:1095] InUse at 7f0e02a6cc00 of size 512 next 298
2025-06-15 06:34:17.385997: I external/local_tsl/tsl/framework/bfc_allocator.cc:1095] InUse at 7f0e02a6ce00 of size 512 next 299
2025-06-15 06:34:17.386456: I external/local_tsl/tsl/framework/bfc_allocator.cc:1095] InUse at 7f0e02a6d000 of size 15138816 next 56
2025-06-15 06:34:17.386867: I external/local_tsl/tsl/framework/bfc_allocator.cc:1095] InUse at 7f0e038dd000 of size 15138816 next 301
2025-06-15 06:34:17.387257: I external/local_tsl/tsl/framework/bfc_allocator.cc:1095] InUse at 7f0e0474d000 of size 1024 next 304
2025-06-15 06:34:17.387695: I external/local_tsl/tsl/framework/bfc_allocator.cc:1095] InUse at 7f0e0474d400 of size 1024 next 305
2025-06-15 06:34:17.388164: I external/local_tsl/tsl/framework/bfc_allocator.cc:1095] InUse at 7f0e0474d800 of size 1024 next 306
2025-06-15 06:34:17.388628: I external/local_tsl/tsl/framework/bfc_allocator.cc:1095] InUse at 7f0e0474dc00 of size 1024 next 309
2025-06-15 06:34:17.389098: I external/local_tsl/tsl/framework/bfc_allocator.cc:1095] InUse at 7f0e0474e000 of size 1024 next 310
2025-06-15 06:34:17.389556: I external/local_tsl/tsl/framework/bfc_allocator.cc:1095] InUse at 7f0e0474e400 of size 512 next 317
2025-06-15 06:34:17.390047: I external/local_tsl/tsl/framework/bfc_allocator.cc:1095] InUse at 7f0e0474e600 of size 512 next 318
2025-06-15 06:34:17.390511: I external/local_tsl/tsl/framework/bfc_allocator.cc:1095] InUse at 7f0e0474e800 of size 256 next 326
2025-06-15 06:34:17.390961: I external/local_tsl/tsl/framework/bfc_allocator.cc:1095] InUse at 7f0e0474e900 of size 256 next 327
2025-06-15 06:34:17.391425: I external/local_tsl/tsl/framework/bfc_allocator.cc:1095] Free  at 7f0e0474ea00 of size 25892352 next 18446744073709551615
2025-06-15 06:34:17.391807: I external/local_tsl/tsl/framework/bfc_allocator.cc:1075] Next region of size 33554432
2025-06-15 06:34:17.392247: I external/local_tsl/tsl/framework/bfc_allocator.cc:1095] InUse at 7f0e1a000000 of size 3538944 next 83
2025-06-15 06:34:17.392596: I external/local_tsl/tsl/framework/bfc_allocator.cc:1095] InUse at 7f0e1a360000 of size 221184 next 152
2025-06-15 06:34:17.392983: I external/local_tsl/tsl/framework/bfc_allocator.cc:1095] InUse at 7f0e1a396000 of size 221184 next 106
2025-06-15 06:34:17.393335: I external/local_tsl/tsl/framework/bfc_allocator.cc:1095] InUse at 7f0e1a3cc000 of size 442368 next 100
2025-06-15 06:34:17.393670: I external/local_tsl/tsl/framework/bfc_allocator.cc:1095] InUse at 7f0e1a438000 of size 884736 next 90
2025-06-15 06:34:17.394030: I external/local_tsl/tsl/framework/bfc_allocator.cc:1095] InUse at 7f0e1a510000 of size 1769472 next 74
2025-06-15 06:34:17.394460: I external/local_tsl/tsl/framework/bfc_allocator.cc:1095] InUse at 7f0e1a6c0000 of size 7077888 next 72
2025-06-15 06:34:17.394813: I external/local_tsl/tsl/framework/bfc_allocator.cc:1095] InUse at 7f0e1ad80000 of size 7077888 next 187
2025-06-15 06:34:17.395179: I external/local_tsl/tsl/framework/bfc_allocator.cc:1095] InUse at 7f0e1b440000 of size 12320768 next 18446744073709551615
2025-06-15 06:34:17.395556: I external/local_tsl/tsl/framework/bfc_allocator.cc:1075] Next region of size 16777216
2025-06-15 06:34:17.396023: I external/local_tsl/tsl/framework/bfc_allocator.cc:1095] InUse at 7f0e22000000 of size 1769472 next 173
2025-06-15 06:34:17.396391: I external/local_tsl/tsl/framework/bfc_allocator.cc:1095] InUse at 7f0e221b0000 of size 1769472 next 64
2025-06-15 06:34:17.396753: I external/local_tsl/tsl/framework/bfc_allocator.cc:1095] InUse at 7f0e22360000 of size 3538944 next 62
2025-06-15 06:34:17.397106: I external/local_tsl/tsl/framework/bfc_allocator.cc:1095] InUse at 7f0e226c0000 of size 3538944 next 180
2025-06-15 06:34:17.397465: I external/local_tsl/tsl/framework/bfc_allocator.cc:1095] InUse at 7f0e22a20000 of size 1048576 next 194
2025-06-15 06:34:17.397819: I external/local_tsl/tsl/framework/bfc_allocator.cc:1095] InUse at 7f0e22b20000 of size 1048576 next 195
2025-06-15 06:34:17.398206: I external/local_tsl/tsl/framework/bfc_allocator.cc:1095] InUse at 7f0e22c20000 of size 4063232 next 18446744073709551615
2025-06-15 06:34:17.398573: I external/local_tsl/tsl/framework/bfc_allocator.cc:1075] Next region of size 2097152
2025-06-15 06:34:17.399043: I external/local_tsl/tsl/framework/bfc_allocator.cc:1095] InUse at 7f0e86e00000 of size 1280 next 1
2025-06-15 06:34:17.399472: I external/local_tsl/tsl/framework/bfc_allocator.cc:1095] InUse at 7f0e86e00500 of size 256 next 2
2025-06-15 06:34:17.399916: I external/local_tsl/tsl/framework/bfc_allocator.cc:1095] InUse at 7f0e86e00600 of size 256 next 3
2025-06-15 06:34:17.400343: I external/local_tsl/tsl/framework/bfc_allocator.cc:1095] InUse at 7f0e86e00700 of size 256 next 5
2025-06-15 06:34:17.400765: I external/local_tsl/tsl/framework/bfc_allocator.cc:1095] InUse at 7f0e86e00800 of size 256 next 6
2025-06-15 06:34:17.401198: I external/local_tsl/tsl/framework/bfc_allocator.cc:1095] InUse at 7f0e86e00900 of size 256 next 4
2025-06-15 06:34:17.401643: I external/local_tsl/tsl/framework/bfc_allocator.cc:1095] InUse at 7f0e86e00a00 of size 256 next 7
2025-06-15 06:34:17.402226: I external/local_tsl/tsl/framework/bfc_allocator.cc:1095] InUse at 7f0e86e00b00 of size 256 next 10
2025-06-15 06:34:17.402755: I external/local_tsl/tsl/framework/bfc_allocator.cc:1095] InUse at 7f0e86e00c00 of size 256 next 277
2025-06-15 06:34:17.403232: I external/local_tsl/tsl/framework/bfc_allocator.cc:1095] InUse at 7f0e86e00d00 of size 256 next 12
2025-06-15 06:34:17.403694: I external/local_tsl/tsl/framework/bfc_allocator.cc:1095] InUse at 7f0e86e00e00 of size 256 next 13
2025-06-15 06:34:17.404157: I external/local_tsl/tsl/framework/bfc_allocator.cc:1095] InUse at 7f0e86e00f00 of size 256 next 14
2025-06-15 06:34:17.404684: I external/local_tsl/tsl/framework/bfc_allocator.cc:1095] InUse at 7f0e86e01000 of size 256 next 17
2025-06-15 06:34:17.405152: I external/local_tsl/tsl/framework/bfc_allocator.cc:1095] InUse at 7f0e86e01100 of size 256 next 15
2025-06-15 06:34:17.405609: I external/local_tsl/tsl/framework/bfc_allocator.cc:1095] InUse at 7f0e86e01200 of size 256 next 16
2025-06-15 06:34:17.406082: I external/local_tsl/tsl/framework/bfc_allocator.cc:1095] InUse at 7f0e86e01300 of size 256 next 285
2025-06-15 06:34:17.406553: I external/local_tsl/tsl/framework/bfc_allocator.cc:1095] InUse at 7f0e86e01400 of size 256 next 21
2025-06-15 06:34:17.407048: I external/local_tsl/tsl/framework/bfc_allocator.cc:1095] InUse at 7f0e86e01500 of size 256 next 22
2025-06-15 06:34:17.407523: I external/local_tsl/tsl/framework/bfc_allocator.cc:1095] InUse at 7f0e86e01600 of size 256 next 23
2025-06-15 06:34:17.407986: I external/local_tsl/tsl/framework/bfc_allocator.cc:1095] InUse at 7f0e86e01700 of size 256 next 24
2025-06-15 06:34:17.408435: I external/local_tsl/tsl/framework/bfc_allocator.cc:1095] InUse at 7f0e86e01800 of size 256 next 25
2025-06-15 06:34:17.408894: I external/local_tsl/tsl/framework/bfc_allocator.cc:1095] InUse at 7f0e86e01900 of size 256 next 28
2025-06-15 06:34:17.409379: I external/local_tsl/tsl/framework/bfc_allocator.cc:1095] InUse at 7f0e86e01a00 of size 256 next 289
2025-06-15 06:34:17.409842: I external/local_tsl/tsl/framework/bfc_allocator.cc:1095] InUse at 7f0e86e01b00 of size 256 next 30
2025-06-15 06:34:17.410336: I external/local_tsl/tsl/framework/bfc_allocator.cc:1095] InUse at 7f0e86e01c00 of size 256 next 31
2025-06-15 06:34:17.410809: I external/local_tsl/tsl/framework/bfc_allocator.cc:1095] InUse at 7f0e86e01d00 of size 256 next 32
2025-06-15 06:34:17.411266: I external/local_tsl/tsl/framework/bfc_allocator.cc:1095] InUse at 7f0e86e01e00 of size 256 next 35
2025-06-15 06:34:17.411723: I external/local_tsl/tsl/framework/bfc_allocator.cc:1095] InUse at 7f0e86e01f00 of size 256 next 33
2025-06-15 06:34:17.412160: I external/local_tsl/tsl/framework/bfc_allocator.cc:1095] InUse at 7f0e86e02000 of size 256 next 34
2025-06-15 06:34:17.412618: I external/local_tsl/tsl/framework/bfc_allocator.cc:1095] InUse at 7f0e86e02100 of size 512 next 39
2025-06-15 06:34:17.413096: I external/local_tsl/tsl/framework/bfc_allocator.cc:1095] InUse at 7f0e86e02300 of size 256 next 40
2025-06-15 06:34:17.413559: I external/local_tsl/tsl/framework/bfc_allocator.cc:1095] InUse at 7f0e86e02400 of size 256 next 41
2025-06-15 06:34:17.414007: I external/local_tsl/tsl/framework/bfc_allocator.cc:1095] InUse at 7f0e86e02500 of size 256 next 8
2025-06-15 06:34:17.414466: I external/local_tsl/tsl/framework/bfc_allocator.cc:1095] InUse at 7f0e86e02600 of size 3584 next 9
2025-06-15 06:34:17.414924: I external/local_tsl/tsl/framework/bfc_allocator.cc:1095] InUse at 7f0e86e03400 of size 512 next 42
2025-06-15 06:34:17.415383: I external/local_tsl/tsl/framework/bfc_allocator.cc:1095] InUse at 7f0e86e03600 of size 512 next 45
2025-06-15 06:34:17.415834: I external/local_tsl/tsl/framework/bfc_allocator.cc:1095] InUse at 7f0e86e03800 of size 512 next 46
2025-06-15 06:34:17.416291: I external/local_tsl/tsl/framework/bfc_allocator.cc:1095] InUse at 7f0e86e03a00 of size 512 next 297
2025-06-15 06:34:17.416819: I external/local_tsl/tsl/framework/bfc_allocator.cc:1095] InUse at 7f0e86e03c00 of size 512 next 48
2025-06-15 06:34:17.417289: I external/local_tsl/tsl/framework/bfc_allocator.cc:1095] InUse at 7f0e86e03e00 of size 256 next 49
2025-06-15 06:34:17.417744: I external/local_tsl/tsl/framework/bfc_allocator.cc:1095] InUse at 7f0e86e03f00 of size 512 next 50
2025-06-15 06:34:17.418264: I external/local_tsl/tsl/framework/bfc_allocator.cc:1095] InUse at 7f0e86e04100 of size 512 next 51
2025-06-15 06:34:17.418755: I external/local_tsl/tsl/framework/bfc_allocator.cc:1095] InUse at 7f0e86e04300 of size 512 next 55
2025-06-15 06:34:17.419266: I external/local_tsl/tsl/framework/bfc_allocator.cc:1095] InUse at 7f0e86e04500 of size 1024 next 57
2025-06-15 06:34:17.419783: I external/local_tsl/tsl/framework/bfc_allocator.cc:1095] InUse at 7f0e86e04900 of size 256 next 58
2025-06-15 06:34:17.420292: I external/local_tsl/tsl/framework/bfc_allocator.cc:1095] InUse at 7f0e86e04a00 of size 256 next 59
2025-06-15 06:34:17.420800: I external/local_tsl/tsl/framework/bfc_allocator.cc:1095] InUse at 7f0e86e04b00 of size 1024 next 60
2025-06-15 06:34:17.421308: I external/local_tsl/tsl/framework/bfc_allocator.cc:1095] InUse at 7f0e86e04f00 of size 1024 next 61
2025-06-15 06:34:17.421756: I external/local_tsl/tsl/framework/bfc_allocator.cc:1095] InUse at 7f0e86e05300 of size 1024 next 65
2025-06-15 06:34:17.422244: I external/local_tsl/tsl/framework/bfc_allocator.cc:1095] InUse at 7f0e86e05700 of size 1024 next 308
2025-06-15 06:34:17.422843: I external/local_tsl/tsl/framework/bfc_allocator.cc:1095] InUse at 7f0e86e05b00 of size 1024 next 67
2025-06-15 06:34:17.423316: I external/local_tsl/tsl/framework/bfc_allocator.cc:1095] InUse at 7f0e86e05f00 of size 256 next 68
2025-06-15 06:34:17.423795: I external/local_tsl/tsl/framework/bfc_allocator.cc:1095] InUse at 7f0e86e06000 of size 256 next 69
2025-06-15 06:34:17.424344: I external/local_tsl/tsl/framework/bfc_allocator.cc:1095] InUse at 7f0e86e06100 of size 1024 next 70
2025-06-15 06:34:17.424890: I external/local_tsl/tsl/framework/bfc_allocator.cc:1095] InUse at 7f0e86e06500 of size 1024 next 71
2025-06-15 06:34:17.425465: I external/local_tsl/tsl/framework/bfc_allocator.cc:1095] InUse at 7f0e86e06900 of size 1024 next 75
2025-06-15 06:34:17.426001: I external/local_tsl/tsl/framework/bfc_allocator.cc:1095] InUse at 7f0e86e06d00 of size 512 next 313
2025-06-15 06:34:17.426509: I external/local_tsl/tsl/framework/bfc_allocator.cc:1095] InUse at 7f0e86e06f00 of size 512 next 314
2025-06-15 06:34:17.427040: I external/local_tsl/tsl/framework/bfc_allocator.cc:1095] InUse at 7f0e86e07100 of size 512 next 315
2025-06-15 06:34:17.427597: I external/local_tsl/tsl/framework/bfc_allocator.cc:1095] InUse at 7f0e86e07300 of size 512 next 77
2025-06-15 06:34:17.428115: I external/local_tsl/tsl/framework/bfc_allocator.cc:1095] InUse at 7f0e86e07500 of size 256 next 78
2025-06-15 06:34:17.428602: I external/local_tsl/tsl/framework/bfc_allocator.cc:1095] InUse at 7f0e86e07600 of size 256 next 79
2025-06-15 06:34:17.429202: I external/local_tsl/tsl/framework/bfc_allocator.cc:1095] InUse at 7f0e86e07700 of size 512 next 80
2025-06-15 06:34:17.429808: I external/local_tsl/tsl/framework/bfc_allocator.cc:1095] InUse at 7f0e86e07900 of size 512 next 81
2025-06-15 06:34:17.430331: I external/local_tsl/tsl/framework/bfc_allocator.cc:1095] InUse at 7f0e86e07b00 of size 512 next 82
2025-06-15 06:34:17.430851: I external/local_tsl/tsl/framework/bfc_allocator.cc:1095] InUse at 7f0e86e07d00 of size 512 next 84
2025-06-15 06:34:17.431377: I external/local_tsl/tsl/framework/bfc_allocator.cc:1095] InUse at 7f0e86e07f00 of size 512 next 316
2025-06-15 06:34:17.431901: I external/local_tsl/tsl/framework/bfc_allocator.cc:1095] InUse at 7f0e86e08100 of size 512 next 86
2025-06-15 06:34:17.432389: I external/local_tsl/tsl/framework/bfc_allocator.cc:1095] InUse at 7f0e86e08300 of size 512 next 87
2025-06-15 06:34:17.432882: I external/local_tsl/tsl/framework/bfc_allocator.cc:1095] InUse at 7f0e86e08500 of size 512 next 88
2025-06-15 06:34:17.433403: I external/local_tsl/tsl/framework/bfc_allocator.cc:1095] InUse at 7f0e86e08700 of size 512 next 89
2025-06-15 06:34:17.433941: I external/local_tsl/tsl/framework/bfc_allocator.cc:1095] InUse at 7f0e86e08900 of size 256 next 321
2025-06-15 06:34:17.434457: I external/local_tsl/tsl/framework/bfc_allocator.cc:1095] InUse at 7f0e86e08a00 of size 256 next 323
2025-06-15 06:34:17.434965: I external/local_tsl/tsl/framework/bfc_allocator.cc:1095] InUse at 7f0e86e08b00 of size 256 next 324
2025-06-15 06:34:17.435458: I external/local_tsl/tsl/framework/bfc_allocator.cc:1095] InUse at 7f0e86e08c00 of size 256 next 92
2025-06-15 06:34:17.436088: I external/local_tsl/tsl/framework/bfc_allocator.cc:1095] InUse at 7f0e86e08d00 of size 256 next 93
2025-06-15 06:34:17.436597: I external/local_tsl/tsl/framework/bfc_allocator.cc:1095] InUse at 7f0e86e08e00 of size 256 next 94
2025-06-15 06:34:17.437088: I external/local_tsl/tsl/framework/bfc_allocator.cc:1095] InUse at 7f0e86e08f00 of size 256 next 97
2025-06-15 06:34:17.437583: I external/local_tsl/tsl/framework/bfc_allocator.cc:1095] InUse at 7f0e86e09000 of size 256 next 95
2025-06-15 06:34:17.438084: I external/local_tsl/tsl/framework/bfc_allocator.cc:1095] InUse at 7f0e86e09100 of size 256 next 96
2025-06-15 06:34:17.438580: I external/local_tsl/tsl/framework/bfc_allocator.cc:1095] InUse at 7f0e86e09200 of size 256 next 98
2025-06-15 06:34:17.439075: I external/local_tsl/tsl/framework/bfc_allocator.cc:1095] InUse at 7f0e86e09300 of size 256 next 101
2025-06-15 06:34:17.439578: I external/local_tsl/tsl/framework/bfc_allocator.cc:1095] InUse at 7f0e86e09400 of size 256 next 102
2025-06-15 06:34:17.440105: I external/local_tsl/tsl/framework/bfc_allocator.cc:1095] InUse at 7f0e86e09500 of size 256 next 103
2025-06-15 06:34:17.440590: I external/local_tsl/tsl/framework/bfc_allocator.cc:1095] InUse at 7f0e86e09600 of size 256 next 104
2025-06-15 06:34:17.441099: I external/local_tsl/tsl/framework/bfc_allocator.cc:1095] InUse at 7f0e86e09700 of size 256 next 105
2025-06-15 06:34:17.441601: I external/local_tsl/tsl/framework/bfc_allocator.cc:1095] Free  at 7f0e86e09800 of size 512 next 108
2025-06-15 06:34:17.442276: I external/local_tsl/tsl/framework/bfc_allocator.cc:1095] InUse at 7f0e86e09a00 of size 256 next 109
2025-06-15 06:34:17.442773: I external/local_tsl/tsl/framework/bfc_allocator.cc:1095] InUse at 7f0e86e09b00 of size 256 next 110
2025-06-15 06:34:17.443270: I external/local_tsl/tsl/framework/bfc_allocator.cc:1095] InUse at 7f0e86e09c00 of size 256 next 146
2025-06-15 06:34:17.443779: I external/local_tsl/tsl/framework/bfc_allocator.cc:1095] InUse at 7f0e86e09d00 of size 256 next 147
2025-06-15 06:34:17.444294: I external/local_tsl/tsl/framework/bfc_allocator.cc:1095] InUse at 7f0e86e09e00 of size 256 next 148
2025-06-15 06:34:17.444787: I external/local_tsl/tsl/framework/bfc_allocator.cc:1095] InUse at 7f0e86e09f00 of size 256 next 149
2025-06-15 06:34:17.445304: I external/local_tsl/tsl/framework/bfc_allocator.cc:1095] InUse at 7f0e86e0a000 of size 256 next 150
2025-06-15 06:34:17.445825: I external/local_tsl/tsl/framework/bfc_allocator.cc:1095] InUse at 7f0e86e0a100 of size 256 next 151
2025-06-15 06:34:17.446371: I external/local_tsl/tsl/framework/bfc_allocator.cc:1095] InUse at 7f0e86e0a200 of size 256 next 153
2025-06-15 06:34:17.446926: I external/local_tsl/tsl/framework/bfc_allocator.cc:1095] InUse at 7f0e86e0a300 of size 256 next 154
2025-06-15 06:34:17.447422: I external/local_tsl/tsl/framework/bfc_allocator.cc:1095] InUse at 7f0e86e0a400 of size 256 next 155
2025-06-15 06:34:17.447919: I external/local_tsl/tsl/framework/bfc_allocator.cc:1095] InUse at 7f0e86e0a500 of size 256 next 156
2025-06-15 06:34:17.448457: I external/local_tsl/tsl/framework/bfc_allocator.cc:1095] InUse at 7f0e86e0a600 of size 256 next 157
2025-06-15 06:34:17.448946: I external/local_tsl/tsl/framework/bfc_allocator.cc:1095] InUse at 7f0e86e0a700 of size 256 next 158
2025-06-15 06:34:17.449473: I external/local_tsl/tsl/framework/bfc_allocator.cc:1095] InUse at 7f0e86e0a800 of size 256 next 160
2025-06-15 06:34:17.450013: I external/local_tsl/tsl/framework/bfc_allocator.cc:1095] InUse at 7f0e86e0a900 of size 256 next 161
2025-06-15 06:34:17.450489: I external/local_tsl/tsl/framework/bfc_allocator.cc:1095] InUse at 7f0e86e0aa00 of size 256 next 162
2025-06-15 06:34:17.450952: I external/local_tsl/tsl/framework/bfc_allocator.cc:1095] InUse at 7f0e86e0ab00 of size 256 next 163
2025-06-15 06:34:17.451434: I external/local_tsl/tsl/framework/bfc_allocator.cc:1095] InUse at 7f0e86e0ac00 of size 256 next 164
2025-06-15 06:34:17.451916: I external/local_tsl/tsl/framework/bfc_allocator.cc:1095] InUse at 7f0e86e0ad00 of size 256 next 165
2025-06-15 06:34:17.452485: I external/local_tsl/tsl/framework/bfc_allocator.cc:1095] InUse at 7f0e86e0ae00 of size 512 next 167
2025-06-15 06:34:17.452940: I external/local_tsl/tsl/framework/bfc_allocator.cc:1095] InUse at 7f0e86e0b000 of size 512 next 168
2025-06-15 06:34:17.453414: I external/local_tsl/tsl/framework/bfc_allocator.cc:1095] InUse at 7f0e86e0b200 of size 512 next 169
2025-06-15 06:34:17.453862: I external/local_tsl/tsl/framework/bfc_allocator.cc:1095] InUse at 7f0e86e0b400 of size 512 next 170
2025-06-15 06:34:17.454321: I external/local_tsl/tsl/framework/bfc_allocator.cc:1095] InUse at 7f0e86e0b600 of size 512 next 171
2025-06-15 06:34:17.454780: I external/local_tsl/tsl/framework/bfc_allocator.cc:1095] InUse at 7f0e86e0b800 of size 512 next 172
2025-06-15 06:34:17.455250: I external/local_tsl/tsl/framework/bfc_allocator.cc:1095] InUse at 7f0e86e0ba00 of size 512 next 174
2025-06-15 06:34:17.455728: I external/local_tsl/tsl/framework/bfc_allocator.cc:1095] InUse at 7f0e86e0bc00 of size 512 next 175
2025-06-15 06:34:17.456234: I external/local_tsl/tsl/framework/bfc_allocator.cc:1095] InUse at 7f0e86e0be00 of size 512 next 176
2025-06-15 06:34:17.456777: I external/local_tsl/tsl/framework/bfc_allocator.cc:1095] InUse at 7f0e86e0c000 of size 512 next 177
2025-06-15 06:34:17.457296: I external/local_tsl/tsl/framework/bfc_allocator.cc:1095] InUse at 7f0e86e0c200 of size 512 next 178
2025-06-15 06:34:17.457764: I external/local_tsl/tsl/framework/bfc_allocator.cc:1095] InUse at 7f0e86e0c400 of size 512 next 179
2025-06-15 06:34:17.458228: I external/local_tsl/tsl/framework/bfc_allocator.cc:1095] InUse at 7f0e86e0c600 of size 1024 next 181
2025-06-15 06:34:17.458712: I external/local_tsl/tsl/framework/bfc_allocator.cc:1095] InUse at 7f0e86e0ca00 of size 1024 next 182
2025-06-15 06:34:17.459182: I external/local_tsl/tsl/framework/bfc_allocator.cc:1095] InUse at 7f0e86e0ce00 of size 1024 next 183
2025-06-15 06:34:17.459636: I external/local_tsl/tsl/framework/bfc_allocator.cc:1095] InUse at 7f0e86e0d200 of size 1024 next 184
2025-06-15 06:34:17.460070: I external/local_tsl/tsl/framework/bfc_allocator.cc:1095] InUse at 7f0e86e0d600 of size 1024 next 185
2025-06-15 06:34:17.460514: I external/local_tsl/tsl/framework/bfc_allocator.cc:1095] InUse at 7f0e86e0da00 of size 1024 next 186
2025-06-15 06:34:17.460957: I external/local_tsl/tsl/framework/bfc_allocator.cc:1095] InUse at 7f0e86e0de00 of size 1024 next 188
2025-06-15 06:34:17.461439: I external/local_tsl/tsl/framework/bfc_allocator.cc:1095] InUse at 7f0e86e0e200 of size 1024 next 189
2025-06-15 06:34:17.461878: I external/local_tsl/tsl/framework/bfc_allocator.cc:1095] InUse at 7f0e86e0e600 of size 1024 next 190
2025-06-15 06:34:17.462346: I external/local_tsl/tsl/framework/bfc_allocator.cc:1095] InUse at 7f0e86e0ea00 of size 1024 next 191
2025-06-15 06:34:17.462797: I external/local_tsl/tsl/framework/bfc_allocator.cc:1095] InUse at 7f0e86e0ee00 of size 1024 next 192
2025-06-15 06:34:17.463256: I external/local_tsl/tsl/framework/bfc_allocator.cc:1095] InUse at 7f0e86e0f200 of size 1024 next 193
2025-06-15 06:34:17.463710: I external/local_tsl/tsl/framework/bfc_allocator.cc:1095] InUse at 7f0e86e0f600 of size 512 next 196
2025-06-15 06:34:17.464163: I external/local_tsl/tsl/framework/bfc_allocator.cc:1095] InUse at 7f0e86e0f800 of size 512 next 197
2025-06-15 06:34:17.464630: I external/local_tsl/tsl/framework/bfc_allocator.cc:1095] InUse at 7f0e86e0fa00 of size 512 next 199
2025-06-15 06:34:17.465175: I external/local_tsl/tsl/framework/bfc_allocator.cc:1095] InUse at 7f0e86e0fc00 of size 512 next 200
2025-06-15 06:34:17.465707: I external/local_tsl/tsl/framework/bfc_allocator.cc:1095] InUse at 7f0e86e0fe00 of size 512 next 201
2025-06-15 06:34:17.466216: I external/local_tsl/tsl/framework/bfc_allocator.cc:1095] InUse at 7f0e86e10000 of size 512 next 202
2025-06-15 06:34:17.466739: I external/local_tsl/tsl/framework/bfc_allocator.cc:1095] InUse at 7f0e86e10200 of size 512 next 203
2025-06-15 06:34:17.467234: I external/local_tsl/tsl/framework/bfc_allocator.cc:1095] InUse at 7f0e86e10400 of size 512 next 204
2025-06-15 06:34:17.467758: I external/local_tsl/tsl/framework/bfc_allocator.cc:1095] InUse at 7f0e86e10600 of size 512 next 207
2025-06-15 06:34:17.468258: I external/local_tsl/tsl/framework/bfc_allocator.cc:1095] InUse at 7f0e86e10800 of size 512 next 208
2025-06-15 06:34:17.468732: I external/local_tsl/tsl/framework/bfc_allocator.cc:1095] InUse at 7f0e86e10a00 of size 512 next 209
2025-06-15 06:34:17.469219: I external/local_tsl/tsl/framework/bfc_allocator.cc:1095] InUse at 7f0e86e10c00 of size 512 next 210
2025-06-15 06:34:17.469727: I external/local_tsl/tsl/framework/bfc_allocator.cc:1095] InUse at 7f0e86e10e00 of size 512 next 211
2025-06-15 06:34:17.470233: I external/local_tsl/tsl/framework/bfc_allocator.cc:1095] InUse at 7f0e86e11000 of size 512 next 212
2025-06-15 06:34:17.470738: I external/local_tsl/tsl/framework/bfc_allocator.cc:1095] InUse at 7f0e86e11200 of size 256 next 215
2025-06-15 06:34:17.471238: I external/local_tsl/tsl/framework/bfc_allocator.cc:1095] InUse at 7f0e86e11300 of size 256 next 216
2025-06-15 06:34:17.471757: I external/local_tsl/tsl/framework/bfc_allocator.cc:1095] InUse at 7f0e86e11400 of size 256 next 219
2025-06-15 06:34:17.472186: I external/local_tsl/tsl/framework/bfc_allocator.cc:1095] InUse at 7f0e86e11500 of size 256 next 220
2025-06-15 06:34:17.472634: I external/local_tsl/tsl/framework/bfc_allocator.cc:1095] InUse at 7f0e86e11600 of size 256 next 221
2025-06-15 06:34:17.473092: I external/local_tsl/tsl/framework/bfc_allocator.cc:1095] InUse at 7f0e86e11700 of size 256 next 222
2025-06-15 06:34:17.473607: I external/local_tsl/tsl/framework/bfc_allocator.cc:1095] InUse at 7f0e86e11800 of size 256 next 223
2025-06-15 06:34:17.474154: I external/local_tsl/tsl/framework/bfc_allocator.cc:1095] InUse at 7f0e86e11900 of size 256 next 224
2025-06-15 06:34:17.474638: I external/local_tsl/tsl/framework/bfc_allocator.cc:1095] InUse at 7f0e86e11a00 of size 256 next 227
2025-06-15 06:34:17.475073: I external/local_tsl/tsl/framework/bfc_allocator.cc:1095] InUse at 7f0e86e11b00 of size 256 next 228
2025-06-15 06:34:17.475542: I external/local_tsl/tsl/framework/bfc_allocator.cc:1095] InUse at 7f0e86e11c00 of size 256 next 229
2025-06-15 06:34:17.476027: I external/local_tsl/tsl/framework/bfc_allocator.cc:1095] InUse at 7f0e86e11d00 of size 256 next 230
2025-06-15 06:34:17.476542: I external/local_tsl/tsl/framework/bfc_allocator.cc:1095] InUse at 7f0e86e11e00 of size 256 next 231
2025-06-15 06:34:17.477041: I external/local_tsl/tsl/framework/bfc_allocator.cc:1095] InUse at 7f0e86e11f00 of size 256 next 232
2025-06-15 06:34:17.477566: I external/local_tsl/tsl/framework/bfc_allocator.cc:1095] InUse at 7f0e86e12000 of size 65536 next 233
2025-06-15 06:34:17.477988: I external/local_tsl/tsl/framework/bfc_allocator.cc:1095] InUse at 7f0e86e22000 of size 95232 next 19
2025-06-15 06:34:17.478515: I external/local_tsl/tsl/framework/bfc_allocator.cc:1095] InUse at 7f0e86e39400 of size 110592 next 18
2025-06-15 06:34:17.478935: I external/local_tsl/tsl/framework/bfc_allocator.cc:1095] InUse at 7f0e86e54400 of size 65536 next 115
2025-06-15 06:34:17.479376: I external/local_tsl/tsl/framework/bfc_allocator.cc:1095] InUse at 7f0e86e64400 of size 256 next 112
2025-06-15 06:34:17.479858: I external/local_tsl/tsl/framework/bfc_allocator.cc:1095] InUse at 7f0e86e64500 of size 256 next 114
2025-06-15 06:34:17.480358: I external/local_tsl/tsl/framework/bfc_allocator.cc:1095] InUse at 7f0e86e64600 of size 256 next 113
2025-06-15 06:34:17.480848: I external/local_tsl/tsl/framework/bfc_allocator.cc:1095] InUse at 7f0e86e64700 of size 256 next 111
2025-06-15 06:34:17.481387: I external/local_tsl/tsl/framework/bfc_allocator.cc:1095] InUse at 7f0e86e64800 of size 256 next 117
2025-06-15 06:34:17.481895: I external/local_tsl/tsl/framework/bfc_allocator.cc:1095] InUse at 7f0e86e64900 of size 256 next 118
2025-06-15 06:34:17.482397: I external/local_tsl/tsl/framework/bfc_allocator.cc:1095] InUse at 7f0e86e64a00 of size 256 next 120
2025-06-15 06:34:17.482914: I external/local_tsl/tsl/framework/bfc_allocator.cc:1095] InUse at 7f0e86e64b00 of size 256 next 119
2025-06-15 06:34:17.483447: I external/local_tsl/tsl/framework/bfc_allocator.cc:1095] InUse at 7f0e86e64c00 of size 256 next 121
2025-06-15 06:34:17.483937: I external/local_tsl/tsl/framework/bfc_allocator.cc:1095] InUse at 7f0e86e64d00 of size 256 next 123
2025-06-15 06:34:17.484445: I external/local_tsl/tsl/framework/bfc_allocator.cc:1095] InUse at 7f0e86e64e00 of size 256 next 124
2025-06-15 06:34:17.484947: I external/local_tsl/tsl/framework/bfc_allocator.cc:1095] InUse at 7f0e86e64f00 of size 256 next 125
2025-06-15 06:34:17.485440: I external/local_tsl/tsl/framework/bfc_allocator.cc:1095] InUse at 7f0e86e65000 of size 256 next 126
2025-06-15 06:34:17.485859: I external/local_tsl/tsl/framework/bfc_allocator.cc:1095] InUse at 7f0e86e65100 of size 256 next 128
2025-06-15 06:34:17.486294: I external/local_tsl/tsl/framework/bfc_allocator.cc:1095] InUse at 7f0e86e65200 of size 256 next 127
2025-06-15 06:34:17.486780: I external/local_tsl/tsl/framework/bfc_allocator.cc:1095] InUse at 7f0e86e65300 of size 256 next 129
2025-06-15 06:34:17.487295: I external/local_tsl/tsl/framework/bfc_allocator.cc:1095] InUse at 7f0e86e65400 of size 256 next 130
2025-06-15 06:34:17.487774: I external/local_tsl/tsl/framework/bfc_allocator.cc:1095] InUse at 7f0e86e65500 of size 256 next 131
2025-06-15 06:34:17.488301: I external/local_tsl/tsl/framework/bfc_allocator.cc:1095] InUse at 7f0e86e65600 of size 256 next 132
2025-06-15 06:34:17.488824: I external/local_tsl/tsl/framework/bfc_allocator.cc:1095] InUse at 7f0e86e65700 of size 256 next 133
2025-06-15 06:34:17.489338: I external/local_tsl/tsl/framework/bfc_allocator.cc:1095] InUse at 7f0e86e65800 of size 256 next 137
2025-06-15 06:34:17.489838: I external/local_tsl/tsl/framework/bfc_allocator.cc:1095] InUse at 7f0e86e65900 of size 256 next 136
2025-06-15 06:34:17.490341: I external/local_tsl/tsl/framework/bfc_allocator.cc:1095] InUse at 7f0e86e65a00 of size 3584 next 138
2025-06-15 06:34:17.490905: I external/local_tsl/tsl/framework/bfc_allocator.cc:1095] InUse at 7f0e86e66800 of size 3584 next 139
2025-06-15 06:34:17.491406: I external/local_tsl/tsl/framework/bfc_allocator.cc:1095] InUse at 7f0e86e67600 of size 256 next 140
2025-06-15 06:34:17.491894: I external/local_tsl/tsl/framework/bfc_allocator.cc:1095] InUse at 7f0e86e67700 of size 256 next 141
2025-06-15 06:34:17.492408: I external/local_tsl/tsl/framework/bfc_allocator.cc:1095] InUse at 7f0e86e67800 of size 256 next 142
2025-06-15 06:34:17.492874: I external/local_tsl/tsl/framework/bfc_allocator.cc:1095] InUse at 7f0e86e67900 of size 256 next 143
2025-06-15 06:34:17.493348: I external/local_tsl/tsl/framework/bfc_allocator.cc:1095] InUse at 7f0e86e67a00 of size 256 next 144
2025-06-15 06:34:17.493811: I external/local_tsl/tsl/framework/bfc_allocator.cc:1095] InUse at 7f0e86e67b00 of size 256 next 145
2025-06-15 06:34:17.494265: I external/local_tsl/tsl/framework/bfc_allocator.cc:1095] InUse at 7f0e86e67c00 of size 141312 next 27
2025-06-15 06:34:17.494663: I external/local_tsl/tsl/framework/bfc_allocator.cc:1095] InUse at 7f0e86e8a400 of size 221184 next 26
2025-06-15 06:34:17.495035: I external/local_tsl/tsl/framework/bfc_allocator.cc:1095] InUse at 7f0e86ec0400 of size 442368 next 159
2025-06-15 06:34:17.495434: I external/local_tsl/tsl/framework/bfc_allocator.cc:1095] InUse at 7f0e86f2c400 of size 867328 next 18446744073709551615
2025-06-15 06:34:17.495838: I external/local_tsl/tsl/framework/bfc_allocator.cc:1075] Next region of size 4194304
2025-06-15 06:34:17.496317: I external/local_tsl/tsl/framework/bfc_allocator.cc:1095] InUse at 7f0e87400000 of size 442368 next 37
2025-06-15 06:34:17.496688: I external/local_tsl/tsl/framework/bfc_allocator.cc:1095] InUse at 7f0e8746c000 of size 221184 next 116
2025-06-15 06:34:17.497074: I external/local_tsl/tsl/framework/bfc_allocator.cc:1095] InUse at 7f0e874a2000 of size 110592 next 122
2025-06-15 06:34:17.497448: I external/local_tsl/tsl/framework/bfc_allocator.cc:1095] InUse at 7f0e874bd000 of size 192512 next 99
2025-06-15 06:34:17.497824: I external/local_tsl/tsl/framework/bfc_allocator.cc:1095] InUse at 7f0e874ec000 of size 360448 next 44
2025-06-15 06:34:17.498211: I external/local_tsl/tsl/framework/bfc_allocator.cc:1095] InUse at 7f0e87544000 of size 884736 next 43
2025-06-15 06:34:17.498602: I external/local_tsl/tsl/framework/bfc_allocator.cc:1095] InUse at 7f0e8761c000 of size 1982464 next 18446744073709551615
2025-06-15 06:34:17.499034: I external/local_tsl/tsl/framework/bfc_allocator.cc:1075] Next region of size 8388608
2025-06-15 06:34:17.499544: I external/local_tsl/tsl/framework/bfc_allocator.cc:1095] InUse at 7f0e87800000 of size 884736 next 166
2025-06-15 06:34:17.499936: I external/local_tsl/tsl/framework/bfc_allocator.cc:1095] InUse at 7f0e878d8000 of size 884736 next 54
2025-06-15 06:34:17.500321: I external/local_tsl/tsl/framework/bfc_allocator.cc:1095] InUse at 7f0e879b0000 of size 1769472 next 52
2025-06-15 06:34:17.500689: I external/local_tsl/tsl/framework/bfc_allocator.cc:1095] InUse at 7f0e87b60000 of size 4849664 next 18446744073709551615
2025-06-15 06:34:17.501052: I external/local_tsl/tsl/framework/bfc_allocator.cc:1100]      Summary of in-use Chunks by size: 
2025-06-15 06:34:17.501593: I external/local_tsl/tsl/framework/bfc_allocator.cc:1103] 155 Chunks of size 256 totalling 38.8KiB
2025-06-15 06:34:17.502067: I external/local_tsl/tsl/framework/bfc_allocator.cc:1103] 55 Chunks of size 512 totalling 27.5KiB
2025-06-15 06:34:17.502545: I external/local_tsl/tsl/framework/bfc_allocator.cc:1103] 26 Chunks of size 1024 totalling 26.0KiB
2025-06-15 06:34:17.503027: I external/local_tsl/tsl/framework/bfc_allocator.cc:1103] 1 Chunks of size 1280 totalling 1.2KiB
2025-06-15 06:34:17.503500: I external/local_tsl/tsl/framework/bfc_allocator.cc:1103] 3 Chunks of size 3584 totalling 10.5KiB
2025-06-15 06:34:17.503975: I external/local_tsl/tsl/framework/bfc_allocator.cc:1103] 2 Chunks of size 65536 totalling 128.0KiB
2025-06-15 06:34:17.504476: I external/local_tsl/tsl/framework/bfc_allocator.cc:1103] 1 Chunks of size 95232 totalling 93.0KiB
2025-06-15 06:34:17.504947: I external/local_tsl/tsl/framework/bfc_allocator.cc:1103] 4 Chunks of size 110592 totalling 432.0KiB
2025-06-15 06:34:17.505376: I external/local_tsl/tsl/framework/bfc_allocator.cc:1103] 1 Chunks of size 141312 totalling 138.0KiB
2025-06-15 06:34:17.505901: I external/local_tsl/tsl/framework/bfc_allocator.cc:1103] 1 Chunks of size 192512 totalling 188.0KiB
2025-06-15 06:34:17.506350: I external/local_tsl/tsl/framework/bfc_allocator.cc:1103] 6 Chunks of size 221184 totalling 1.27MiB
2025-06-15 06:34:17.506910: I external/local_tsl/tsl/framework/bfc_allocator.cc:1103] 2 Chunks of size 262144 totalling 512.0KiB
2025-06-15 06:34:17.507428: I external/local_tsl/tsl/framework/bfc_allocator.cc:1103] 1 Chunks of size 360448 totalling 352.0KiB
2025-06-15 06:34:17.507924: I external/local_tsl/tsl/framework/bfc_allocator.cc:1103] 5 Chunks of size 442368 totalling 2.11MiB
2025-06-15 06:34:17.508455: I external/local_tsl/tsl/framework/bfc_allocator.cc:1103] 1 Chunks of size 867328 totalling 847.0KiB
2025-06-15 06:34:17.509000: I external/local_tsl/tsl/framework/bfc_allocator.cc:1103] 6 Chunks of size 884736 totalling 5.06MiB
2025-06-15 06:34:17.509507: I external/local_tsl/tsl/framework/bfc_allocator.cc:1103] 2 Chunks of size 1048576 totalling 2.00MiB
2025-06-15 06:34:17.510129: I external/local_tsl/tsl/framework/bfc_allocator.cc:1103] 6 Chunks of size 1769472 totalling 10.12MiB
2025-06-15 06:34:17.510807: I external/local_tsl/tsl/framework/bfc_allocator.cc:1103] 1 Chunks of size 1982464 totalling 1.89MiB
2025-06-15 06:34:17.511341: I external/local_tsl/tsl/framework/bfc_allocator.cc:1103] 4 Chunks of size 3538944 totalling 13.50MiB
2025-06-15 06:34:17.511822: I external/local_tsl/tsl/framework/bfc_allocator.cc:1103] 1 Chunks of size 4063232 totalling 3.88MiB
2025-06-15 06:34:17.512338: I external/local_tsl/tsl/framework/bfc_allocator.cc:1103] 1 Chunks of size 4849664 totalling 4.62MiB
2025-06-15 06:34:17.512837: I external/local_tsl/tsl/framework/bfc_allocator.cc:1103] 2 Chunks of size 7077888 totalling 13.50MiB
2025-06-15 06:34:17.513375: I external/local_tsl/tsl/framework/bfc_allocator.cc:1103] 1 Chunks of size 12320768 totalling 11.75MiB
2025-06-15 06:34:17.513791: I external/local_tsl/tsl/framework/bfc_allocator.cc:1103] 2 Chunks of size 15138816 totalling 28.88MiB
2025-06-15 06:34:17.514211: I external/local_tsl/tsl/framework/bfc_allocator.cc:1103] 4 Chunks of size 30277632 totalling 115.50MiB
2025-06-15 06:34:17.514619: I external/local_tsl/tsl/framework/bfc_allocator.cc:1103] 2 Chunks of size 60555264 totalling 115.50MiB
2025-06-15 06:34:17.515081: I external/local_tsl/tsl/framework/bfc_allocator.cc:1103] 1 Chunks of size 73662464 totalling 70.25MiB
2025-06-15 06:34:17.515503: I external/local_tsl/tsl/framework/bfc_allocator.cc:1103] 1 Chunks of size 116654080 totalling 111.25MiB
2025-06-15 06:34:17.515928: I external/local_tsl/tsl/framework/bfc_allocator.cc:1103] 6 Chunks of size 121110528 totalling 693.00MiB
2025-06-15 06:34:17.516346: I external/local_tsl/tsl/framework/bfc_allocator.cc:1103] 2 Chunks of size 209715200 totalling 400.00MiB
2025-06-15 06:34:17.516793: I external/local_tsl/tsl/framework/bfc_allocator.cc:1103] 3 Chunks of size 242221056 totalling 693.00MiB
2025-06-15 06:34:17.517249: I external/local_tsl/tsl/framework/bfc_allocator.cc:1103] 8 Chunks of size 484442112 totalling 3.61GiB
2025-06-15 06:34:17.517759: I external/local_tsl/tsl/framework/bfc_allocator.cc:1103] 1 Chunks of size 968884224 totalling 924.00MiB
2025-06-15 06:34:17.518148: I external/local_tsl/tsl/framework/bfc_allocator.cc:1103] 6 Chunks of size 1937768448 totalling 10.83GiB
2025-06-15 06:34:17.518548: I external/local_tsl/tsl/framework/bfc_allocator.cc:1107] Sum Total of in-use chunks: 17.58GiB
2025-06-15 06:34:17.519053: I external/local_tsl/tsl/framework/bfc_allocator.cc:1109] Total bytes in pool: 23575789568 memory_limit_: 23575789568 available bytes: 0 curr_region_allocation_bytes_: 34359738368
2025-06-15 06:34:17.519504: I external/local_tsl/tsl/framework/bfc_allocator.cc:1114] Stats: 
Limit:                     23575789568
InUse:                     18882553856
MaxInUse:                  22800760320
NumAllocs:                         912
MaxAllocSize:               4135495424
Reserved:                            0
PeakReserved:                        0
LargestFreeBlock:                    0

2025-06-15 06:34:17.519982: W external/local_tsl/tsl/framework/bfc_allocator.cc:497] ________*********________************************************_**************************************
2025-06-15 06:34:17.520476: W tensorflow/core/framework/op_kernel.cc:1839] OP_REQUIRES failed at concat_op.cc:165 : RESOURCE_EXHAUSTED: OOM when allocating tensor with shape[2,64,192,224,176] and type float on /job:localhost/replica:0/task:0/device:GPU:0 by allocator GPU_0_bfc
Traceback (most recent call last):
  File "/mnt/beegfs/hellgate/home/rb194958e/stroke_segmentation_sota/batch_wise_train.py", line 277, in <module>
    if main():
       ^^^^^^
  File "/mnt/beegfs/hellgate/home/rb194958e/stroke_segmentation_sota/batch_wise_train.py", line 256, in main
    history = model.fit(
              ^^^^^^^^^^
  File "/mnt/beegfs/hellgate/home/rb194958e/.conda/envs/tf215_env/lib/python3.11/site-packages/keras/src/utils/traceback_utils.py", line 70, in error_handler
    raise e.with_traceback(filtered_tb) from None
  File "/mnt/beegfs/hellgate/home/rb194958e/.conda/envs/tf215_env/lib/python3.11/site-packages/tensorflow/python/eager/execute.py", line 53, in quick_execute
    tensors = pywrap_tfe.TFE_Py_Execute(ctx._handle, device_name, op_name,
  ^^^^^^^^^^^^^^^^^^^^^^^^^^^^^^^^^^^^^^^^^^^^^^^^^^^^^^^^^^^^^^^^^^^^^^^^
tensorflow.python.framework.errors_impl.ResourceExhaustedError: Graph execution error:

Detected at node model/concatenate_2/concat defined at (most recent call last):
  File "/mnt/beegfs/hellgate/home/rb194958e/stroke_segmentation_sota/batch_wise_train.py", line 277, in <module>

  File "/mnt/beegfs/hellgate/home/rb194958e/stroke_segmentation_sota/batch_wise_train.py", line 256, in main

  File "/mnt/beegfs/hellgate/home/rb194958e/.conda/envs/tf215_env/lib/python3.11/site-packages/keras/src/utils/traceback_utils.py", line 65, in error_handler

  File "/mnt/beegfs/hellgate/home/rb194958e/.conda/envs/tf215_env/lib/python3.11/site-packages/keras/src/engine/training.py", line 1807, in fit

  File "/mnt/beegfs/hellgate/home/rb194958e/.conda/envs/tf215_env/lib/python3.11/site-packages/keras/src/engine/training.py", line 1401, in train_function

  File "/mnt/beegfs/hellgate/home/rb194958e/.conda/envs/tf215_env/lib/python3.11/site-packages/keras/src/engine/training.py", line 1384, in step_function

  File "/mnt/beegfs/hellgate/home/rb194958e/.conda/envs/tf215_env/lib/python3.11/site-packages/keras/src/engine/training.py", line 1373, in run_step

  File "/mnt/beegfs/hellgate/home/rb194958e/.conda/envs/tf215_env/lib/python3.11/site-packages/keras/src/engine/training.py", line 1150, in train_step

  File "/mnt/beegfs/hellgate/home/rb194958e/.conda/envs/tf215_env/lib/python3.11/site-packages/keras/src/utils/traceback_utils.py", line 65, in error_handler

  File "/mnt/beegfs/hellgate/home/rb194958e/.conda/envs/tf215_env/lib/python3.11/site-packages/keras/src/engine/training.py", line 590, in __call__

  File "/mnt/beegfs/hellgate/home/rb194958e/.conda/envs/tf215_env/lib/python3.11/site-packages/keras/src/utils/traceback_utils.py", line 65, in error_handler

  File "/mnt/beegfs/hellgate/home/rb194958e/.conda/envs/tf215_env/lib/python3.11/site-packages/keras/src/engine/base_layer.py", line 1149, in __call__

  File "/mnt/beegfs/hellgate/home/rb194958e/.conda/envs/tf215_env/lib/python3.11/site-packages/keras/src/utils/traceback_utils.py", line 96, in error_handler

  File "/mnt/beegfs/hellgate/home/rb194958e/.conda/envs/tf215_env/lib/python3.11/site-packages/keras/src/engine/functional.py", line 515, in call

  File "/mnt/beegfs/hellgate/home/rb194958e/.conda/envs/tf215_env/lib/python3.11/site-packages/keras/src/engine/functional.py", line 672, in _run_internal_graph

  File "/mnt/beegfs/hellgate/home/rb194958e/.conda/envs/tf215_env/lib/python3.11/site-packages/keras/src/utils/traceback_utils.py", line 65, in error_handler

  File "/mnt/beegfs/hellgate/home/rb194958e/.conda/envs/tf215_env/lib/python3.11/site-packages/keras/src/engine/base_layer.py", line 1149, in __call__

  File "/mnt/beegfs/hellgate/home/rb194958e/.conda/envs/tf215_env/lib/python3.11/site-packages/keras/src/utils/traceback_utils.py", line 96, in error_handler

  File "/mnt/beegfs/hellgate/home/rb194958e/.conda/envs/tf215_env/lib/python3.11/site-packages/keras/src/layers/merging/base_merge.py", line 196, in call

  File "/mnt/beegfs/hellgate/home/rb194958e/.conda/envs/tf215_env/lib/python3.11/site-packages/keras/src/layers/merging/concatenate.py", line 134, in _merge_function

  File "/mnt/beegfs/hellgate/home/rb194958e/.conda/envs/tf215_env/lib/python3.11/site-packages/keras/src/backend.py", line 3580, in concatenate

OOM when allocating tensor with shape[2,64,192,224,176] and type float on /job:localhost/replica:0/task:0/device:GPU:0 by allocator GPU_0_bfc
	 [[{{node model/concatenate_2/concat}}]]
Hint: If you want to see a list of allocated tensors when OOM happens, add report_tensor_allocations_upon_oom to RunOptions for current allocation info. This isn't available when running in Eager mode.
 [Op:__inference_train_function_7309]
2025-06-15 06:34:17.673913: W tensorflow/core/kernels/data/generator_dataset_op.cc:108] Error occurred when finalizing GeneratorDataset iterator: FAILED_PRECONDITION: Python interpreter state is not initialized. The process may be terminated.
	 [[{{node PyFunc}}]]
/var/spool/slurmd/job1124398/slurm_script: line 320: EOF: command not found
/var/spool/slurmd/job1124398/slurm_script: line 330: unexpected EOF while looking for matching ``'
/var/spool/slurmd/job1124398/slurm_script: line 339: syntax error: unexpected end of file
