2025-06-14 20:40:22.978360: I tensorflow/core/util/port.cc:113] oneDNN custom operations are on. You may see slightly different numerical results due to floating-point round-off errors from different computation orders. To turn them off, set the environment variable `TF_ENABLE_ONEDNN_OPTS=0`.
2025-06-14 20:40:23.718124: E external/local_xla/xla/stream_executor/cuda/cuda_dnn.cc:9261] Unable to register cuDNN factory: Attempting to register factory for plugin cuDNN when one has already been registered
2025-06-14 20:40:23.718753: E external/local_xla/xla/stream_executor/cuda/cuda_fft.cc:607] Unable to register cuFFT factory: Attempting to register factory for plugin cuFFT when one has already been registered
2025-06-14 20:40:23.831721: E external/local_xla/xla/stream_executor/cuda/cuda_blas.cc:1515] Unable to register cuBLAS factory: Attempting to register factory for plugin cuBLAS when one has already been registered
2025-06-14 20:40:24.087820: I tensorflow/core/platform/cpu_feature_guard.cc:182] This TensorFlow binary is optimized to use available CPU instructions in performance-critical operations.
To enable the following instructions: AVX2 AVX512F AVX512_VNNI FMA, in other operations, rebuild TensorFlow with the appropriate compiler flags.
2025-06-14 20:40:30.671945: W tensorflow/compiler/tf2tensorrt/utils/py_utils.cc:38] TF-TRT Warning: Could not find TensorRT
INFO:__main__:🚀 Starting Stroke Lesion Segmentation Training
INFO:__main__:Using 1 GPU(s)
INFO:__main__:Creating data generators...
INFO:__main__:Found 655 valid image/mask pairs
INFO:__main__:Found 655 valid image/mask pairs
INFO:__main__:Training batches: 262
INFO:__main__:Validation batches: 65
INFO:__main__:Building model...
2025-06-14 20:40:45.014566: I tensorflow/core/common_runtime/gpu/gpu_device.cc:1929] Created device /job:localhost/replica:0/task:0/device:GPU:0 with 22483 MB memory:  -> device: 0, name: NVIDIA RTX 4500 Ada Generation, pci bus id: 0000:1c:00.0, compute capability: 8.9
INFO:__main__:Model parameters: 5,605,345
INFO:__main__:Starting training...
pixdim[0] (qfac) should be 1 (default) or -1; setting qfac to 1
INFO:nibabel.global:pixdim[0] (qfac) should be 1 (default) or -1; setting qfac to 1
pixdim[0] (qfac) should be 1 (default) or -1; setting qfac to 1
INFO:nibabel.global:pixdim[0] (qfac) should be 1 (default) or -1; setting qfac to 1
pixdim[0] (qfac) should be 1 (default) or -1; setting qfac to 1
INFO:nibabel.global:pixdim[0] (qfac) should be 1 (default) or -1; setting qfac to 1
pixdim[0] (qfac) should be 1 (default) or -1; setting qfac to 1
INFO:nibabel.global:pixdim[0] (qfac) should be 1 (default) or -1; setting qfac to 1
2025-06-14 20:40:52.682245: I external/local_xla/xla/stream_executor/cuda/cuda_dnn.cc:454] Loaded cuDNN version 8907
pixdim[0] (qfac) should be 1 (default) or -1; setting qfac to 1
INFO:nibabel.global:pixdim[0] (qfac) should be 1 (default) or -1; setting qfac to 1
pixdim[0] (qfac) should be 1 (default) or -1; setting qfac to 1
INFO:nibabel.global:pixdim[0] (qfac) should be 1 (default) or -1; setting qfac to 1
pixdim[0] (qfac) should be 1 (default) or -1; setting qfac to 1
INFO:nibabel.global:pixdim[0] (qfac) should be 1 (default) or -1; setting qfac to 1
pixdim[0] (qfac) should be 1 (default) or -1; setting qfac to 1
INFO:nibabel.global:pixdim[0] (qfac) should be 1 (default) or -1; setting qfac to 1
2025-06-14 20:41:09.117447: W external/local_tsl/tsl/framework/bfc_allocator.cc:296] Allocator (GPU_0_bfc) ran out of memory trying to allocate 2.27GiB with freed_by_count=0. The caller indicates that this is not a failure, but this may mean that there could be performance gains if more memory were available.
2025-06-14 20:41:09.218794: W external/local_tsl/tsl/framework/bfc_allocator.cc:296] Allocator (GPU_0_bfc) ran out of memory trying to allocate 2.30GiB with freed_by_count=0. The caller indicates that this is not a failure, but this may mean that there could be performance gains if more memory were available.
2025-06-14 20:41:09.219791: W external/local_tsl/tsl/framework/bfc_allocator.cc:296] Allocator (GPU_0_bfc) ran out of memory trying to allocate 2.27GiB with freed_by_count=0. The caller indicates that this is not a failure, but this may mean that there could be performance gains if more memory were available.
2025-06-14 20:41:09.840655: W external/local_tsl/tsl/framework/bfc_allocator.cc:296] Allocator (GPU_0_bfc) ran out of memory trying to allocate 2.27GiB with freed_by_count=0. The caller indicates that this is not a failure, but this may mean that there could be performance gains if more memory were available.
2025-06-14 20:41:09.894039: W external/local_tsl/tsl/framework/bfc_allocator.cc:296] Allocator (GPU_0_bfc) ran out of memory trying to allocate 2.30GiB with freed_by_count=0. The caller indicates that this is not a failure, but this may mean that there could be performance gains if more memory were available.
2025-06-14 20:41:09.895022: W external/local_tsl/tsl/framework/bfc_allocator.cc:296] Allocator (GPU_0_bfc) ran out of memory trying to allocate 2.27GiB with freed_by_count=0. The caller indicates that this is not a failure, but this may mean that there could be performance gains if more memory were available.
2025-06-14 20:41:20.516264: W external/local_tsl/tsl/framework/bfc_allocator.cc:485] Allocator (GPU_0_bfc) ran out of memory trying to allocate 3.61GiB (rounded to 3875536896)requested by op model/concatenate_2/concat
If the cause is memory fragmentation maybe the environment variable 'TF_GPU_ALLOCATOR=cuda_malloc_async' will improve the situation. 
Current allocation summary follows.
Current allocation summary follows.
2025-06-14 20:41:20.517193: I external/local_tsl/tsl/framework/bfc_allocator.cc:1039] BFCAllocator dump for GPU_0_bfc
2025-06-14 20:41:20.517695: I external/local_tsl/tsl/framework/bfc_allocator.cc:1046] Bin (256): 	Total Chunks: 155, Chunks in use: 155. 38.8KiB allocated for chunks. 38.8KiB in use in bin. 20.7KiB client-requested in use in bin.
2025-06-14 20:41:20.518193: I external/local_tsl/tsl/framework/bfc_allocator.cc:1046] Bin (512): 	Total Chunks: 56, Chunks in use: 55. 28.0KiB allocated for chunks. 27.5KiB in use in bin. 27.5KiB client-requested in use in bin.
2025-06-14 20:41:20.518651: I external/local_tsl/tsl/framework/bfc_allocator.cc:1046] Bin (1024): 	Total Chunks: 27, Chunks in use: 27. 27.2KiB allocated for chunks. 27.2KiB in use in bin. 27.0KiB client-requested in use in bin.
2025-06-14 20:41:20.519201: I external/local_tsl/tsl/framework/bfc_allocator.cc:1046] Bin (2048): 	Total Chunks: 3, Chunks in use: 3. 10.5KiB allocated for chunks. 10.5KiB in use in bin. 10.1KiB client-requested in use in bin.
2025-06-14 20:41:20.519634: I external/local_tsl/tsl/framework/bfc_allocator.cc:1046] Bin (4096): 	Total Chunks: 0, Chunks in use: 0. 0B allocated for chunks. 0B in use in bin. 0B client-requested in use in bin.
2025-06-14 20:41:20.520099: I external/local_tsl/tsl/framework/bfc_allocator.cc:1046] Bin (8192): 	Total Chunks: 0, Chunks in use: 0. 0B allocated for chunks. 0B in use in bin. 0B client-requested in use in bin.
2025-06-14 20:41:20.520525: I external/local_tsl/tsl/framework/bfc_allocator.cc:1046] Bin (16384): 	Total Chunks: 0, Chunks in use: 0. 0B allocated for chunks. 0B in use in bin. 0B client-requested in use in bin.
2025-06-14 20:41:20.520892: I external/local_tsl/tsl/framework/bfc_allocator.cc:1046] Bin (32768): 	Total Chunks: 0, Chunks in use: 0. 0B allocated for chunks. 0B in use in bin. 0B client-requested in use in bin.
2025-06-14 20:41:20.521327: I external/local_tsl/tsl/framework/bfc_allocator.cc:1046] Bin (65536): 	Total Chunks: 7, Chunks in use: 7. 653.0KiB allocated for chunks. 653.0KiB in use in bin. 624.0KiB client-requested in use in bin.
2025-06-14 20:41:20.521762: I external/local_tsl/tsl/framework/bfc_allocator.cc:1046] Bin (131072): 	Total Chunks: 8, Chunks in use: 8. 1.58MiB allocated for chunks. 1.58MiB in use in bin. 1.48MiB client-requested in use in bin.
2025-06-14 20:41:20.522155: I external/local_tsl/tsl/framework/bfc_allocator.cc:1046] Bin (262144): 	Total Chunks: 8, Chunks in use: 8. 2.95MiB allocated for chunks. 2.95MiB in use in bin. 2.86MiB client-requested in use in bin.
2025-06-14 20:41:20.522543: I external/local_tsl/tsl/framework/bfc_allocator.cc:1046] Bin (524288): 	Total Chunks: 7, Chunks in use: 7. 5.89MiB allocated for chunks. 5.89MiB in use in bin. 5.48MiB client-requested in use in bin.
2025-06-14 20:41:20.522910: I external/local_tsl/tsl/framework/bfc_allocator.cc:1046] Bin (1048576): 	Total Chunks: 9, Chunks in use: 9. 14.02MiB allocated for chunks. 14.02MiB in use in bin. 13.12MiB client-requested in use in bin.
2025-06-14 20:41:20.523466: I external/local_tsl/tsl/framework/bfc_allocator.cc:1046] Bin (2097152): 	Total Chunks: 5, Chunks in use: 5. 17.38MiB allocated for chunks. 17.38MiB in use in bin. 16.88MiB client-requested in use in bin.
2025-06-14 20:41:20.523899: I external/local_tsl/tsl/framework/bfc_allocator.cc:1046] Bin (4194304): 	Total Chunks: 3, Chunks in use: 3. 18.12MiB allocated for chunks. 18.12MiB in use in bin. 16.88MiB client-requested in use in bin.
2025-06-14 20:41:20.524325: I external/local_tsl/tsl/framework/bfc_allocator.cc:1046] Bin (8388608): 	Total Chunks: 3, Chunks in use: 3. 40.62MiB allocated for chunks. 40.62MiB in use in bin. 35.62MiB client-requested in use in bin.
2025-06-14 20:41:20.524724: I external/local_tsl/tsl/framework/bfc_allocator.cc:1046] Bin (16777216): 	Total Chunks: 5, Chunks in use: 4. 140.19MiB allocated for chunks. 115.50MiB in use in bin. 115.50MiB client-requested in use in bin.
2025-06-14 20:41:20.525115: I external/local_tsl/tsl/framework/bfc_allocator.cc:1046] Bin (33554432): 	Total Chunks: 2, Chunks in use: 2. 115.50MiB allocated for chunks. 115.50MiB in use in bin. 115.50MiB client-requested in use in bin.
2025-06-14 20:41:20.525481: I external/local_tsl/tsl/framework/bfc_allocator.cc:1046] Bin (67108864): 	Total Chunks: 8, Chunks in use: 8. 874.50MiB allocated for chunks. 874.50MiB in use in bin. 808.50MiB client-requested in use in bin.
2025-06-14 20:41:20.525838: I external/local_tsl/tsl/framework/bfc_allocator.cc:1046] Bin (134217728): 	Total Chunks: 5, Chunks in use: 5. 1.07GiB allocated for chunks. 1.07GiB in use in bin. 924.00MiB client-requested in use in bin.
2025-06-14 20:41:20.526188: I external/local_tsl/tsl/framework/bfc_allocator.cc:1046] Bin (268435456): 	Total Chunks: 18, Chunks in use: 15. 19.69GiB allocated for chunks. 15.34GiB in use in bin. 15.34GiB client-requested in use in bin.
2025-06-14 20:41:20.526518: I external/local_tsl/tsl/framework/bfc_allocator.cc:1062] Bin for 3.61GiB was 256.00MiB, Chunk State: 
2025-06-14 20:41:20.526877: I external/local_tsl/tsl/framework/bfc_allocator.cc:1068]   Size: 453.50MiB | Requested Size: 16.00MiB | in_use: 0 | bin_num: 20, prev:   Size: 462.00MiB | Requested Size: 462.00MiB | in_use: 1 | bin_num: -1
2025-06-14 20:41:20.527307: I external/local_tsl/tsl/framework/bfc_allocator.cc:1068]   Size: 1.80GiB | Requested Size: 1.80GiB | in_use: 0 | bin_num: 20, next:   Size: 1.80GiB | Requested Size: 1.80GiB | in_use: 1 | bin_num: -1
2025-06-14 20:41:20.527656: I external/local_tsl/tsl/framework/bfc_allocator.cc:1068]   Size: 2.10GiB | Requested Size: 1.82GiB | in_use: 0 | bin_num: 20, prev:   Size: 1.80GiB | Requested Size: 1.80GiB | in_use: 1 | bin_num: -1
2025-06-14 20:41:20.528054: I external/local_tsl/tsl/framework/bfc_allocator.cc:1075] Next region of size 6129582080
2025-06-14 20:41:20.528538: I external/local_tsl/tsl/framework/bfc_allocator.cc:1095] Free  at 7fef2e000000 of size 1937768448 next 107
2025-06-14 20:41:20.528920: I external/local_tsl/tsl/framework/bfc_allocator.cc:1095] InUse at 7fefa1800000 of size 1937768448 next 329
2025-06-14 20:41:20.529320: I external/local_tsl/tsl/framework/bfc_allocator.cc:1095] Free  at 7ff015000000 of size 2254045184 next 18446744073709551615
2025-06-14 20:41:20.529671: I external/local_tsl/tsl/framework/bfc_allocator.cc:1075] Next region of size 8589934592
2025-06-14 20:41:20.530078: I external/local_tsl/tsl/framework/bfc_allocator.cc:1095] InUse at 7ff0c6000000 of size 1937768448 next 281
2025-06-14 20:41:20.530375: I external/local_tsl/tsl/framework/bfc_allocator.cc:1095] InUse at 7ff139800000 of size 242221056 next 282
2025-06-14 20:41:20.530711: I external/local_tsl/tsl/framework/bfc_allocator.cc:1095] InUse at 7ff147f00000 of size 484442112 next 283
2025-06-14 20:41:20.531049: I external/local_tsl/tsl/framework/bfc_allocator.cc:1095] InUse at 7ff164d00000 of size 484442112 next 284
2025-06-14 20:41:20.531379: I external/local_tsl/tsl/framework/bfc_allocator.cc:1095] InUse at 7ff181b00000 of size 484442112 next 29
2025-06-14 20:41:20.531718: I external/local_tsl/tsl/framework/bfc_allocator.cc:1095] InUse at 7ff19e900000 of size 484442112 next 288
2025-06-14 20:41:20.532038: I external/local_tsl/tsl/framework/bfc_allocator.cc:1095] InUse at 7ff1bb700000 of size 484442112 next 292
2025-06-14 20:41:20.532346: I external/local_tsl/tsl/framework/bfc_allocator.cc:1095] InUse at 7ff1d8500000 of size 121110528 next 47
2025-06-14 20:41:20.532657: I external/local_tsl/tsl/framework/bfc_allocator.cc:1095] InUse at 7ff1df880000 of size 121110528 next 296
2025-06-14 20:41:20.533056: I external/local_tsl/tsl/framework/bfc_allocator.cc:1095] InUse at 7ff1e6c00000 of size 121110528 next 300
2025-06-14 20:41:20.533414: I external/local_tsl/tsl/framework/bfc_allocator.cc:1095] InUse at 7ff1edf80000 of size 30277632 next 302
2025-06-14 20:41:20.533767: I external/local_tsl/tsl/framework/bfc_allocator.cc:1095] InUse at 7ff1efc60000 of size 30277632 next 303
2025-06-14 20:41:20.534105: I external/local_tsl/tsl/framework/bfc_allocator.cc:1095] InUse at 7ff1f1940000 of size 30277632 next 66
2025-06-14 20:41:20.534429: I external/local_tsl/tsl/framework/bfc_allocator.cc:1095] InUse at 7ff1f3620000 of size 30277632 next 307
2025-06-14 20:41:20.534806: I external/local_tsl/tsl/framework/bfc_allocator.cc:1095] InUse at 7ff1f5300000 of size 121110528 next 76
2025-06-14 20:41:20.535151: I external/local_tsl/tsl/framework/bfc_allocator.cc:1095] InUse at 7ff1fc680000 of size 121110528 next 312
2025-06-14 20:41:20.535472: I external/local_tsl/tsl/framework/bfc_allocator.cc:1095] InUse at 7ff203a00000 of size 242221056 next 311
2025-06-14 20:41:20.535804: I external/local_tsl/tsl/framework/bfc_allocator.cc:1095] InUse at 7ff212100000 of size 121110528 next 85
2025-06-14 20:41:20.536144: I external/local_tsl/tsl/framework/bfc_allocator.cc:1095] InUse at 7ff219480000 of size 484442112 next 325
2025-06-14 20:41:20.536467: I external/local_tsl/tsl/framework/bfc_allocator.cc:1095] InUse at 7ff236280000 of size 484442112 next 320
2025-06-14 20:41:20.536786: I external/local_tsl/tsl/framework/bfc_allocator.cc:1095] InUse at 7ff253080000 of size 968884224 next 319
2025-06-14 20:41:20.537197: I external/local_tsl/tsl/framework/bfc_allocator.cc:1095] InUse at 7ff28cc80000 of size 484442112 next 91
2025-06-14 20:41:20.537542: I external/local_tsl/tsl/framework/bfc_allocator.cc:1095] Free  at 7ff2a9a80000 of size 475529216 next 18446744073709551615
2025-06-14 20:41:20.537861: I external/local_tsl/tsl/framework/bfc_allocator.cc:1075] Next region of size 4294967296
2025-06-14 20:41:20.538291: I external/local_tsl/tsl/framework/bfc_allocator.cc:1095] InUse at 7ff2e2000000 of size 1937768448 next 11
2025-06-14 20:41:20.538664: I external/local_tsl/tsl/framework/bfc_allocator.cc:1095] InUse at 7ff355800000 of size 1937768448 next 276
2025-06-14 20:41:20.538985: I external/local_tsl/tsl/framework/bfc_allocator.cc:1095] InUse at 7ff3c9000000 of size 242221056 next 20
2025-06-14 20:41:20.539349: I external/local_tsl/tsl/framework/bfc_allocator.cc:1095] InUse at 7ff3d7700000 of size 60555264 next 38
2025-06-14 20:41:20.539675: I external/local_tsl/tsl/framework/bfc_allocator.cc:1095] InUse at 7ff3db0c0000 of size 116654080 next 18446744073709551615
2025-06-14 20:41:20.540006: I external/local_tsl/tsl/framework/bfc_allocator.cc:1075] Next region of size 2147483648
2025-06-14 20:41:20.540411: I external/local_tsl/tsl/framework/bfc_allocator.cc:1095] InUse at 7ff40e000000 of size 1937768448 next 270
2025-06-14 20:41:20.540789: I external/local_tsl/tsl/framework/bfc_allocator.cc:1095] InUse at 7ff481800000 of size 209715200 next 18446744073709551615
2025-06-14 20:41:20.541197: I external/local_tsl/tsl/framework/bfc_allocator.cc:1075] Next region of size 2147483648
2025-06-14 20:41:20.541612: I external/local_tsl/tsl/framework/bfc_allocator.cc:1095] InUse at 7ff498000000 of size 1937768448 next 267
2025-06-14 20:41:20.541946: I external/local_tsl/tsl/framework/bfc_allocator.cc:1095] InUse at 7ff50b800000 of size 209715200 next 18446744073709551615
2025-06-14 20:41:20.542335: I external/local_tsl/tsl/framework/bfc_allocator.cc:1075] Next region of size 134217728
2025-06-14 20:41:20.542754: I external/local_tsl/tsl/framework/bfc_allocator.cc:1095] InUse at 7ff5aa000000 of size 60555264 next 264
2025-06-14 20:41:20.543158: I external/local_tsl/tsl/framework/bfc_allocator.cc:1095] InUse at 7ff5ad9c0000 of size 73662464 next 18446744073709551615
2025-06-14 20:41:20.543546: I external/local_tsl/tsl/framework/bfc_allocator.cc:1075] Next region of size 67108864
2025-06-14 20:41:20.544034: I external/local_tsl/tsl/framework/bfc_allocator.cc:1095] InUse at 7ff5b2000000 of size 3538944 next 198
2025-06-14 20:41:20.544487: I external/local_tsl/tsl/framework/bfc_allocator.cc:1095] InUse at 7ff5b2360000 of size 1769472 next 205
2025-06-14 20:41:20.544909: I external/local_tsl/tsl/framework/bfc_allocator.cc:1095] InUse at 7ff5b2510000 of size 1769472 next 206
2025-06-14 20:41:20.545270: I external/local_tsl/tsl/framework/bfc_allocator.cc:1095] InUse at 7ff5b26c0000 of size 262144 next 213
2025-06-14 20:41:20.545616: I external/local_tsl/tsl/framework/bfc_allocator.cc:1095] InUse at 7ff5b2700000 of size 262144 next 214
2025-06-14 20:41:20.545963: I external/local_tsl/tsl/framework/bfc_allocator.cc:1095] InUse at 7ff5b2740000 of size 884736 next 217
2025-06-14 20:41:20.546317: I external/local_tsl/tsl/framework/bfc_allocator.cc:1095] InUse at 7ff5b2818000 of size 884736 next 218
2025-06-14 20:41:20.546680: I external/local_tsl/tsl/framework/bfc_allocator.cc:1095] InUse at 7ff5b28f0000 of size 442368 next 225
2025-06-14 20:41:20.547056: I external/local_tsl/tsl/framework/bfc_allocator.cc:1095] InUse at 7ff5b295c000 of size 442368 next 226
2025-06-14 20:41:20.547420: I external/local_tsl/tsl/framework/bfc_allocator.cc:1095] InUse at 7ff5b29c8000 of size 256 next 234
2025-06-14 20:41:20.547839: I external/local_tsl/tsl/framework/bfc_allocator.cc:1095] InUse at 7ff5b29c8100 of size 256 next 235
2025-06-14 20:41:20.548290: I external/local_tsl/tsl/framework/bfc_allocator.cc:1095] InUse at 7ff5b29c8200 of size 221184 next 236
2025-06-14 20:41:20.548648: I external/local_tsl/tsl/framework/bfc_allocator.cc:1095] InUse at 7ff5b29fe200 of size 221184 next 237
2025-06-14 20:41:20.549003: I external/local_tsl/tsl/framework/bfc_allocator.cc:1095] InUse at 7ff5b2a34200 of size 256 next 238
2025-06-14 20:41:20.549398: I external/local_tsl/tsl/framework/bfc_allocator.cc:1095] InUse at 7ff5b2a34300 of size 256 next 239
2025-06-14 20:41:20.549808: I external/local_tsl/tsl/framework/bfc_allocator.cc:1095] InUse at 7ff5b2a34400 of size 256 next 240
2025-06-14 20:41:20.550220: I external/local_tsl/tsl/framework/bfc_allocator.cc:1095] InUse at 7ff5b2a34500 of size 256 next 241
2025-06-14 20:41:20.550646: I external/local_tsl/tsl/framework/bfc_allocator.cc:1095] InUse at 7ff5b2a34600 of size 256 next 242
2025-06-14 20:41:20.551104: I external/local_tsl/tsl/framework/bfc_allocator.cc:1095] InUse at 7ff5b2a34700 of size 256 next 243
2025-06-14 20:41:20.551527: I external/local_tsl/tsl/framework/bfc_allocator.cc:1095] InUse at 7ff5b2a34800 of size 110592 next 244
2025-06-14 20:41:20.551907: I external/local_tsl/tsl/framework/bfc_allocator.cc:1095] InUse at 7ff5b2a4f800 of size 110592 next 245
2025-06-14 20:41:20.552282: I external/local_tsl/tsl/framework/bfc_allocator.cc:1095] InUse at 7ff5b2a6a800 of size 256 next 246
2025-06-14 20:41:20.552747: I external/local_tsl/tsl/framework/bfc_allocator.cc:1095] InUse at 7ff5b2a6a900 of size 256 next 247
2025-06-14 20:41:20.553245: I external/local_tsl/tsl/framework/bfc_allocator.cc:1095] InUse at 7ff5b2a6aa00 of size 256 next 248
2025-06-14 20:41:20.553773: I external/local_tsl/tsl/framework/bfc_allocator.cc:1095] InUse at 7ff5b2a6ab00 of size 256 next 249
2025-06-14 20:41:20.554239: I external/local_tsl/tsl/framework/bfc_allocator.cc:1095] InUse at 7ff5b2a6ac00 of size 256 next 250
2025-06-14 20:41:20.554652: I external/local_tsl/tsl/framework/bfc_allocator.cc:1095] InUse at 7ff5b2a6ad00 of size 256 next 251
2025-06-14 20:41:20.555058: I external/local_tsl/tsl/framework/bfc_allocator.cc:1095] InUse at 7ff5b2a6ae00 of size 256 next 252
2025-06-14 20:41:20.555482: I external/local_tsl/tsl/framework/bfc_allocator.cc:1095] InUse at 7ff5b2a6af00 of size 256 next 253
2025-06-14 20:41:20.555913: I external/local_tsl/tsl/framework/bfc_allocator.cc:1095] InUse at 7ff5b2a6b000 of size 256 next 254
2025-06-14 20:41:20.556322: I external/local_tsl/tsl/framework/bfc_allocator.cc:1095] InUse at 7ff5b2a6b100 of size 256 next 255
2025-06-14 20:41:20.556758: I external/local_tsl/tsl/framework/bfc_allocator.cc:1095] InUse at 7ff5b2a6b200 of size 256 next 256
2025-06-14 20:41:20.557151: I external/local_tsl/tsl/framework/bfc_allocator.cc:1095] InUse at 7ff5b2a6b300 of size 256 next 257
2025-06-14 20:41:20.557559: I external/local_tsl/tsl/framework/bfc_allocator.cc:1095] InUse at 7ff5b2a6b400 of size 256 next 258
2025-06-14 20:41:20.558051: I external/local_tsl/tsl/framework/bfc_allocator.cc:1095] InUse at 7ff5b2a6b500 of size 256 next 259
2025-06-14 20:41:20.558531: I external/local_tsl/tsl/framework/bfc_allocator.cc:1095] InUse at 7ff5b2a6b600 of size 256 next 260
2025-06-14 20:41:20.558934: I external/local_tsl/tsl/framework/bfc_allocator.cc:1095] InUse at 7ff5b2a6b700 of size 256 next 261
2025-06-14 20:41:20.559339: I external/local_tsl/tsl/framework/bfc_allocator.cc:1095] InUse at 7ff5b2a6b800 of size 256 next 262
2025-06-14 20:41:20.559720: I external/local_tsl/tsl/framework/bfc_allocator.cc:1095] InUse at 7ff5b2a6b900 of size 256 next 263
2025-06-14 20:41:20.560165: I external/local_tsl/tsl/framework/bfc_allocator.cc:1095] InUse at 7ff5b2a6ba00 of size 256 next 265
2025-06-14 20:41:20.560556: I external/local_tsl/tsl/framework/bfc_allocator.cc:1095] InUse at 7ff5b2a6bb00 of size 256 next 268
2025-06-14 20:41:20.560970: I external/local_tsl/tsl/framework/bfc_allocator.cc:1095] InUse at 7ff5b2a6bc00 of size 256 next 269
2025-06-14 20:41:20.561370: I external/local_tsl/tsl/framework/bfc_allocator.cc:1095] InUse at 7ff5b2a6bd00 of size 256 next 272
2025-06-14 20:41:20.561768: I external/local_tsl/tsl/framework/bfc_allocator.cc:1095] InUse at 7ff5b2a6be00 of size 256 next 274
2025-06-14 20:41:20.562168: I external/local_tsl/tsl/framework/bfc_allocator.cc:1095] InUse at 7ff5b2a6bf00 of size 256 next 275
2025-06-14 20:41:20.562643: I external/local_tsl/tsl/framework/bfc_allocator.cc:1095] InUse at 7ff5b2a6c000 of size 256 next 279
2025-06-14 20:41:20.563082: I external/local_tsl/tsl/framework/bfc_allocator.cc:1095] InUse at 7ff5b2a6c100 of size 256 next 280
2025-06-14 20:41:20.563521: I external/local_tsl/tsl/framework/bfc_allocator.cc:1095] InUse at 7ff5b2a6c200 of size 256 next 286
2025-06-14 20:41:20.564094: I external/local_tsl/tsl/framework/bfc_allocator.cc:1095] InUse at 7ff5b2a6c300 of size 256 next 287
2025-06-14 20:41:20.564534: I external/local_tsl/tsl/framework/bfc_allocator.cc:1095] InUse at 7ff5b2a6c400 of size 256 next 290
2025-06-14 20:41:20.565096: I external/local_tsl/tsl/framework/bfc_allocator.cc:1095] InUse at 7ff5b2a6c500 of size 256 next 291
2025-06-14 20:41:20.565562: I external/local_tsl/tsl/framework/bfc_allocator.cc:1095] InUse at 7ff5b2a6c600 of size 512 next 293
2025-06-14 20:41:20.565999: I external/local_tsl/tsl/framework/bfc_allocator.cc:1095] InUse at 7ff5b2a6c800 of size 512 next 294
2025-06-14 20:41:20.566419: I external/local_tsl/tsl/framework/bfc_allocator.cc:1095] InUse at 7ff5b2a6ca00 of size 512 next 295
2025-06-14 20:41:20.566823: I external/local_tsl/tsl/framework/bfc_allocator.cc:1095] InUse at 7ff5b2a6cc00 of size 512 next 298
2025-06-14 20:41:20.567224: I external/local_tsl/tsl/framework/bfc_allocator.cc:1095] InUse at 7ff5b2a6ce00 of size 512 next 299
2025-06-14 20:41:20.567670: I external/local_tsl/tsl/framework/bfc_allocator.cc:1095] InUse at 7ff5b2a6d000 of size 15138816 next 56
2025-06-14 20:41:20.568052: I external/local_tsl/tsl/framework/bfc_allocator.cc:1095] InUse at 7ff5b38dd000 of size 15138816 next 301
2025-06-14 20:41:20.568402: I external/local_tsl/tsl/framework/bfc_allocator.cc:1095] InUse at 7ff5b474d000 of size 1024 next 304
2025-06-14 20:41:20.568877: I external/local_tsl/tsl/framework/bfc_allocator.cc:1095] InUse at 7ff5b474d400 of size 1024 next 305
2025-06-14 20:41:20.569341: I external/local_tsl/tsl/framework/bfc_allocator.cc:1095] InUse at 7ff5b474d800 of size 1024 next 306
2025-06-14 20:41:20.569747: I external/local_tsl/tsl/framework/bfc_allocator.cc:1095] InUse at 7ff5b474dc00 of size 1024 next 309
2025-06-14 20:41:20.570217: I external/local_tsl/tsl/framework/bfc_allocator.cc:1095] InUse at 7ff5b474e000 of size 1024 next 310
2025-06-14 20:41:20.570666: I external/local_tsl/tsl/framework/bfc_allocator.cc:1095] InUse at 7ff5b474e400 of size 512 next 317
2025-06-14 20:41:20.571110: I external/local_tsl/tsl/framework/bfc_allocator.cc:1095] InUse at 7ff5b474e600 of size 512 next 318
2025-06-14 20:41:20.571567: I external/local_tsl/tsl/framework/bfc_allocator.cc:1095] InUse at 7ff5b474e800 of size 256 next 326
2025-06-14 20:41:20.571984: I external/local_tsl/tsl/framework/bfc_allocator.cc:1095] InUse at 7ff5b474e900 of size 256 next 327
2025-06-14 20:41:20.572453: I external/local_tsl/tsl/framework/bfc_allocator.cc:1095] Free  at 7ff5b474ea00 of size 25892352 next 18446744073709551615
2025-06-14 20:41:20.572912: I external/local_tsl/tsl/framework/bfc_allocator.cc:1075] Next region of size 33554432
2025-06-14 20:41:20.573396: I external/local_tsl/tsl/framework/bfc_allocator.cc:1095] InUse at 7ff5ca000000 of size 3538944 next 83
2025-06-14 20:41:20.573815: I external/local_tsl/tsl/framework/bfc_allocator.cc:1095] InUse at 7ff5ca360000 of size 221184 next 152
2025-06-14 20:41:20.574172: I external/local_tsl/tsl/framework/bfc_allocator.cc:1095] InUse at 7ff5ca396000 of size 221184 next 106
2025-06-14 20:41:20.574571: I external/local_tsl/tsl/framework/bfc_allocator.cc:1095] InUse at 7ff5ca3cc000 of size 442368 next 100
2025-06-14 20:41:20.574974: I external/local_tsl/tsl/framework/bfc_allocator.cc:1095] InUse at 7ff5ca438000 of size 884736 next 90
2025-06-14 20:41:20.575323: I external/local_tsl/tsl/framework/bfc_allocator.cc:1095] InUse at 7ff5ca510000 of size 1769472 next 74
2025-06-14 20:41:20.575661: I external/local_tsl/tsl/framework/bfc_allocator.cc:1095] InUse at 7ff5ca6c0000 of size 7077888 next 72
2025-06-14 20:41:20.576015: I external/local_tsl/tsl/framework/bfc_allocator.cc:1095] InUse at 7ff5cad80000 of size 7077888 next 187
2025-06-14 20:41:20.576343: I external/local_tsl/tsl/framework/bfc_allocator.cc:1095] InUse at 7ff5cb440000 of size 12320768 next 18446744073709551615
2025-06-14 20:41:20.576653: I external/local_tsl/tsl/framework/bfc_allocator.cc:1075] Next region of size 16777216
2025-06-14 20:41:20.577048: I external/local_tsl/tsl/framework/bfc_allocator.cc:1095] InUse at 7ff5d2000000 of size 1769472 next 173
2025-06-14 20:41:20.577392: I external/local_tsl/tsl/framework/bfc_allocator.cc:1095] InUse at 7ff5d21b0000 of size 1769472 next 64
2025-06-14 20:41:20.577727: I external/local_tsl/tsl/framework/bfc_allocator.cc:1095] InUse at 7ff5d2360000 of size 3538944 next 62
2025-06-14 20:41:20.578086: I external/local_tsl/tsl/framework/bfc_allocator.cc:1095] InUse at 7ff5d26c0000 of size 3538944 next 180
2025-06-14 20:41:20.578397: I external/local_tsl/tsl/framework/bfc_allocator.cc:1095] InUse at 7ff5d2a20000 of size 1048576 next 194
2025-06-14 20:41:20.578761: I external/local_tsl/tsl/framework/bfc_allocator.cc:1095] InUse at 7ff5d2b20000 of size 1048576 next 195
2025-06-14 20:41:20.579112: I external/local_tsl/tsl/framework/bfc_allocator.cc:1095] InUse at 7ff5d2c20000 of size 4063232 next 18446744073709551615
2025-06-14 20:41:20.579460: I external/local_tsl/tsl/framework/bfc_allocator.cc:1075] Next region of size 2097152
2025-06-14 20:41:20.579878: I external/local_tsl/tsl/framework/bfc_allocator.cc:1095] InUse at 7ff62ee00000 of size 1280 next 1
2025-06-14 20:41:20.580337: I external/local_tsl/tsl/framework/bfc_allocator.cc:1095] InUse at 7ff62ee00500 of size 256 next 2
2025-06-14 20:41:20.580750: I external/local_tsl/tsl/framework/bfc_allocator.cc:1095] InUse at 7ff62ee00600 of size 256 next 3
2025-06-14 20:41:20.581162: I external/local_tsl/tsl/framework/bfc_allocator.cc:1095] InUse at 7ff62ee00700 of size 256 next 5
2025-06-14 20:41:20.581553: I external/local_tsl/tsl/framework/bfc_allocator.cc:1095] InUse at 7ff62ee00800 of size 256 next 6
2025-06-14 20:41:20.581976: I external/local_tsl/tsl/framework/bfc_allocator.cc:1095] InUse at 7ff62ee00900 of size 256 next 4
2025-06-14 20:41:20.582390: I external/local_tsl/tsl/framework/bfc_allocator.cc:1095] InUse at 7ff62ee00a00 of size 256 next 7
2025-06-14 20:41:20.582774: I external/local_tsl/tsl/framework/bfc_allocator.cc:1095] InUse at 7ff62ee00b00 of size 256 next 10
2025-06-14 20:41:20.583164: I external/local_tsl/tsl/framework/bfc_allocator.cc:1095] InUse at 7ff62ee00c00 of size 256 next 277
2025-06-14 20:41:20.583602: I external/local_tsl/tsl/framework/bfc_allocator.cc:1095] InUse at 7ff62ee00d00 of size 256 next 12
2025-06-14 20:41:20.584025: I external/local_tsl/tsl/framework/bfc_allocator.cc:1095] InUse at 7ff62ee00e00 of size 256 next 13
2025-06-14 20:41:20.584537: I external/local_tsl/tsl/framework/bfc_allocator.cc:1095] InUse at 7ff62ee00f00 of size 256 next 14
2025-06-14 20:41:20.584993: I external/local_tsl/tsl/framework/bfc_allocator.cc:1095] InUse at 7ff62ee01000 of size 256 next 17
2025-06-14 20:41:20.585454: I external/local_tsl/tsl/framework/bfc_allocator.cc:1095] InUse at 7ff62ee01100 of size 256 next 15
2025-06-14 20:41:20.585899: I external/local_tsl/tsl/framework/bfc_allocator.cc:1095] InUse at 7ff62ee01200 of size 256 next 16
2025-06-14 20:41:20.586346: I external/local_tsl/tsl/framework/bfc_allocator.cc:1095] InUse at 7ff62ee01300 of size 256 next 285
2025-06-14 20:41:20.586817: I external/local_tsl/tsl/framework/bfc_allocator.cc:1095] InUse at 7ff62ee01400 of size 256 next 21
2025-06-14 20:41:20.587294: I external/local_tsl/tsl/framework/bfc_allocator.cc:1095] InUse at 7ff62ee01500 of size 256 next 22
2025-06-14 20:41:20.587717: I external/local_tsl/tsl/framework/bfc_allocator.cc:1095] InUse at 7ff62ee01600 of size 256 next 23
2025-06-14 20:41:20.588121: I external/local_tsl/tsl/framework/bfc_allocator.cc:1095] InUse at 7ff62ee01700 of size 256 next 24
2025-06-14 20:41:20.588553: I external/local_tsl/tsl/framework/bfc_allocator.cc:1095] InUse at 7ff62ee01800 of size 256 next 25
2025-06-14 20:41:20.588952: I external/local_tsl/tsl/framework/bfc_allocator.cc:1095] InUse at 7ff62ee01900 of size 256 next 28
2025-06-14 20:41:20.589386: I external/local_tsl/tsl/framework/bfc_allocator.cc:1095] InUse at 7ff62ee01a00 of size 256 next 289
2025-06-14 20:41:20.589840: I external/local_tsl/tsl/framework/bfc_allocator.cc:1095] InUse at 7ff62ee01b00 of size 256 next 30
2025-06-14 20:41:20.590261: I external/local_tsl/tsl/framework/bfc_allocator.cc:1095] InUse at 7ff62ee01c00 of size 256 next 31
2025-06-14 20:41:20.590696: I external/local_tsl/tsl/framework/bfc_allocator.cc:1095] InUse at 7ff62ee01d00 of size 256 next 32
2025-06-14 20:41:20.591236: I external/local_tsl/tsl/framework/bfc_allocator.cc:1095] InUse at 7ff62ee01e00 of size 256 next 35
2025-06-14 20:41:20.591883: I external/local_tsl/tsl/framework/bfc_allocator.cc:1095] InUse at 7ff62ee01f00 of size 256 next 33
2025-06-14 20:41:20.592386: I external/local_tsl/tsl/framework/bfc_allocator.cc:1095] InUse at 7ff62ee02000 of size 256 next 34
2025-06-14 20:41:20.592850: I external/local_tsl/tsl/framework/bfc_allocator.cc:1095] InUse at 7ff62ee02100 of size 512 next 39
2025-06-14 20:41:20.593271: I external/local_tsl/tsl/framework/bfc_allocator.cc:1095] InUse at 7ff62ee02300 of size 256 next 40
2025-06-14 20:41:20.593672: I external/local_tsl/tsl/framework/bfc_allocator.cc:1095] InUse at 7ff62ee02400 of size 256 next 41
2025-06-14 20:41:20.594145: I external/local_tsl/tsl/framework/bfc_allocator.cc:1095] InUse at 7ff62ee02500 of size 256 next 8
2025-06-14 20:41:20.594611: I external/local_tsl/tsl/framework/bfc_allocator.cc:1095] InUse at 7ff62ee02600 of size 3584 next 9
2025-06-14 20:41:20.595033: I external/local_tsl/tsl/framework/bfc_allocator.cc:1095] InUse at 7ff62ee03400 of size 512 next 42
2025-06-14 20:41:20.595440: I external/local_tsl/tsl/framework/bfc_allocator.cc:1095] InUse at 7ff62ee03600 of size 512 next 45
2025-06-14 20:41:20.595910: I external/local_tsl/tsl/framework/bfc_allocator.cc:1095] InUse at 7ff62ee03800 of size 512 next 46
2025-06-14 20:41:20.596335: I external/local_tsl/tsl/framework/bfc_allocator.cc:1095] InUse at 7ff62ee03a00 of size 512 next 297
2025-06-14 20:41:20.596801: I external/local_tsl/tsl/framework/bfc_allocator.cc:1095] InUse at 7ff62ee03c00 of size 512 next 48
2025-06-14 20:41:20.597263: I external/local_tsl/tsl/framework/bfc_allocator.cc:1095] InUse at 7ff62ee03e00 of size 256 next 49
2025-06-14 20:41:20.597714: I external/local_tsl/tsl/framework/bfc_allocator.cc:1095] InUse at 7ff62ee03f00 of size 512 next 50
2025-06-14 20:41:20.598196: I external/local_tsl/tsl/framework/bfc_allocator.cc:1095] InUse at 7ff62ee04100 of size 512 next 51
2025-06-14 20:41:20.598638: I external/local_tsl/tsl/framework/bfc_allocator.cc:1095] InUse at 7ff62ee04300 of size 512 next 55
2025-06-14 20:41:20.599109: I external/local_tsl/tsl/framework/bfc_allocator.cc:1095] InUse at 7ff62ee04500 of size 1024 next 57
2025-06-14 20:41:20.599598: I external/local_tsl/tsl/framework/bfc_allocator.cc:1095] InUse at 7ff62ee04900 of size 256 next 58
2025-06-14 20:41:20.600060: I external/local_tsl/tsl/framework/bfc_allocator.cc:1095] InUse at 7ff62ee04a00 of size 256 next 59
2025-06-14 20:41:20.600495: I external/local_tsl/tsl/framework/bfc_allocator.cc:1095] InUse at 7ff62ee04b00 of size 1024 next 60
2025-06-14 20:41:20.600944: I external/local_tsl/tsl/framework/bfc_allocator.cc:1095] InUse at 7ff62ee04f00 of size 1024 next 61
2025-06-14 20:41:20.601460: I external/local_tsl/tsl/framework/bfc_allocator.cc:1095] InUse at 7ff62ee05300 of size 1024 next 65
2025-06-14 20:41:20.601926: I external/local_tsl/tsl/framework/bfc_allocator.cc:1095] InUse at 7ff62ee05700 of size 1024 next 308
2025-06-14 20:41:20.602369: I external/local_tsl/tsl/framework/bfc_allocator.cc:1095] InUse at 7ff62ee05b00 of size 1024 next 67
2025-06-14 20:41:20.602836: I external/local_tsl/tsl/framework/bfc_allocator.cc:1095] InUse at 7ff62ee05f00 of size 256 next 68
2025-06-14 20:41:20.603299: I external/local_tsl/tsl/framework/bfc_allocator.cc:1095] InUse at 7ff62ee06000 of size 256 next 69
2025-06-14 20:41:20.603752: I external/local_tsl/tsl/framework/bfc_allocator.cc:1095] InUse at 7ff62ee06100 of size 1024 next 70
2025-06-14 20:41:20.604176: I external/local_tsl/tsl/framework/bfc_allocator.cc:1095] InUse at 7ff62ee06500 of size 1024 next 71
2025-06-14 20:41:20.604607: I external/local_tsl/tsl/framework/bfc_allocator.cc:1095] InUse at 7ff62ee06900 of size 1024 next 75
2025-06-14 20:41:20.605051: I external/local_tsl/tsl/framework/bfc_allocator.cc:1095] InUse at 7ff62ee06d00 of size 512 next 313
2025-06-14 20:41:20.605503: I external/local_tsl/tsl/framework/bfc_allocator.cc:1095] InUse at 7ff62ee06f00 of size 512 next 314
2025-06-14 20:41:20.605948: I external/local_tsl/tsl/framework/bfc_allocator.cc:1095] InUse at 7ff62ee07100 of size 512 next 315
2025-06-14 20:41:20.606386: I external/local_tsl/tsl/framework/bfc_allocator.cc:1095] InUse at 7ff62ee07300 of size 512 next 77
2025-06-14 20:41:20.606857: I external/local_tsl/tsl/framework/bfc_allocator.cc:1095] InUse at 7ff62ee07500 of size 256 next 78
2025-06-14 20:41:20.607399: I external/local_tsl/tsl/framework/bfc_allocator.cc:1095] InUse at 7ff62ee07600 of size 256 next 79
2025-06-14 20:41:20.607826: I external/local_tsl/tsl/framework/bfc_allocator.cc:1095] InUse at 7ff62ee07700 of size 512 next 80
2025-06-14 20:41:20.608300: I external/local_tsl/tsl/framework/bfc_allocator.cc:1095] InUse at 7ff62ee07900 of size 512 next 81
2025-06-14 20:41:20.608768: I external/local_tsl/tsl/framework/bfc_allocator.cc:1095] InUse at 7ff62ee07b00 of size 512 next 82
2025-06-14 20:41:20.609238: I external/local_tsl/tsl/framework/bfc_allocator.cc:1095] InUse at 7ff62ee07d00 of size 512 next 84
2025-06-14 20:41:20.609623: I external/local_tsl/tsl/framework/bfc_allocator.cc:1095] InUse at 7ff62ee07f00 of size 512 next 316
2025-06-14 20:41:20.610070: I external/local_tsl/tsl/framework/bfc_allocator.cc:1095] InUse at 7ff62ee08100 of size 512 next 86
2025-06-14 20:41:20.610538: I external/local_tsl/tsl/framework/bfc_allocator.cc:1095] InUse at 7ff62ee08300 of size 512 next 87
2025-06-14 20:41:20.611036: I external/local_tsl/tsl/framework/bfc_allocator.cc:1095] InUse at 7ff62ee08500 of size 512 next 88
2025-06-14 20:41:20.611507: I external/local_tsl/tsl/framework/bfc_allocator.cc:1095] InUse at 7ff62ee08700 of size 512 next 89
2025-06-14 20:41:20.611948: I external/local_tsl/tsl/framework/bfc_allocator.cc:1095] InUse at 7ff62ee08900 of size 256 next 321
2025-06-14 20:41:20.612376: I external/local_tsl/tsl/framework/bfc_allocator.cc:1095] InUse at 7ff62ee08a00 of size 256 next 323
2025-06-14 20:41:20.612832: I external/local_tsl/tsl/framework/bfc_allocator.cc:1095] InUse at 7ff62ee08b00 of size 256 next 324
2025-06-14 20:41:20.613312: I external/local_tsl/tsl/framework/bfc_allocator.cc:1095] InUse at 7ff62ee08c00 of size 256 next 92
2025-06-14 20:41:20.613740: I external/local_tsl/tsl/framework/bfc_allocator.cc:1095] InUse at 7ff62ee08d00 of size 256 next 93
2025-06-14 20:41:20.614156: I external/local_tsl/tsl/framework/bfc_allocator.cc:1095] InUse at 7ff62ee08e00 of size 256 next 94
2025-06-14 20:41:20.614686: I external/local_tsl/tsl/framework/bfc_allocator.cc:1095] InUse at 7ff62ee08f00 of size 256 next 97
2025-06-14 20:41:20.615090: I external/local_tsl/tsl/framework/bfc_allocator.cc:1095] InUse at 7ff62ee09000 of size 256 next 95
2025-06-14 20:41:20.615567: I external/local_tsl/tsl/framework/bfc_allocator.cc:1095] InUse at 7ff62ee09100 of size 256 next 96
2025-06-14 20:41:20.615999: I external/local_tsl/tsl/framework/bfc_allocator.cc:1095] InUse at 7ff62ee09200 of size 256 next 98
2025-06-14 20:41:20.616427: I external/local_tsl/tsl/framework/bfc_allocator.cc:1095] InUse at 7ff62ee09300 of size 256 next 101
2025-06-14 20:41:20.616845: I external/local_tsl/tsl/framework/bfc_allocator.cc:1095] InUse at 7ff62ee09400 of size 256 next 102
2025-06-14 20:41:20.617268: I external/local_tsl/tsl/framework/bfc_allocator.cc:1095] InUse at 7ff62ee09500 of size 256 next 103
2025-06-14 20:41:20.617684: I external/local_tsl/tsl/framework/bfc_allocator.cc:1095] InUse at 7ff62ee09600 of size 256 next 104
2025-06-14 20:41:20.618125: I external/local_tsl/tsl/framework/bfc_allocator.cc:1095] InUse at 7ff62ee09700 of size 256 next 105
2025-06-14 20:41:20.618593: I external/local_tsl/tsl/framework/bfc_allocator.cc:1095] Free  at 7ff62ee09800 of size 512 next 108
2025-06-14 20:41:20.619034: I external/local_tsl/tsl/framework/bfc_allocator.cc:1095] InUse at 7ff62ee09a00 of size 256 next 109
2025-06-14 20:41:20.619445: I external/local_tsl/tsl/framework/bfc_allocator.cc:1095] InUse at 7ff62ee09b00 of size 256 next 110
2025-06-14 20:41:20.619872: I external/local_tsl/tsl/framework/bfc_allocator.cc:1095] InUse at 7ff62ee09c00 of size 256 next 146
2025-06-14 20:41:20.620348: I external/local_tsl/tsl/framework/bfc_allocator.cc:1095] InUse at 7ff62ee09d00 of size 256 next 147
2025-06-14 20:41:20.620779: I external/local_tsl/tsl/framework/bfc_allocator.cc:1095] InUse at 7ff62ee09e00 of size 256 next 148
2025-06-14 20:41:20.621237: I external/local_tsl/tsl/framework/bfc_allocator.cc:1095] InUse at 7ff62ee09f00 of size 256 next 149
2025-06-14 20:41:20.621658: I external/local_tsl/tsl/framework/bfc_allocator.cc:1095] InUse at 7ff62ee0a000 of size 256 next 150
2025-06-14 20:41:20.622086: I external/local_tsl/tsl/framework/bfc_allocator.cc:1095] InUse at 7ff62ee0a100 of size 256 next 151
2025-06-14 20:41:20.622509: I external/local_tsl/tsl/framework/bfc_allocator.cc:1095] InUse at 7ff62ee0a200 of size 256 next 153
2025-06-14 20:41:20.622977: I external/local_tsl/tsl/framework/bfc_allocator.cc:1095] InUse at 7ff62ee0a300 of size 256 next 154
2025-06-14 20:41:20.623506: I external/local_tsl/tsl/framework/bfc_allocator.cc:1095] InUse at 7ff62ee0a400 of size 256 next 155
2025-06-14 20:41:20.623904: I external/local_tsl/tsl/framework/bfc_allocator.cc:1095] InUse at 7ff62ee0a500 of size 256 next 156
2025-06-14 20:41:20.624306: I external/local_tsl/tsl/framework/bfc_allocator.cc:1095] InUse at 7ff62ee0a600 of size 256 next 157
2025-06-14 20:41:20.624841: I external/local_tsl/tsl/framework/bfc_allocator.cc:1095] InUse at 7ff62ee0a700 of size 256 next 158
2025-06-14 20:41:20.625266: I external/local_tsl/tsl/framework/bfc_allocator.cc:1095] InUse at 7ff62ee0a800 of size 256 next 160
2025-06-14 20:41:20.625758: I external/local_tsl/tsl/framework/bfc_allocator.cc:1095] InUse at 7ff62ee0a900 of size 256 next 161
2025-06-14 20:41:20.626284: I external/local_tsl/tsl/framework/bfc_allocator.cc:1095] InUse at 7ff62ee0aa00 of size 256 next 162
2025-06-14 20:41:20.626744: I external/local_tsl/tsl/framework/bfc_allocator.cc:1095] InUse at 7ff62ee0ab00 of size 256 next 163
2025-06-14 20:41:20.627218: I external/local_tsl/tsl/framework/bfc_allocator.cc:1095] InUse at 7ff62ee0ac00 of size 256 next 164
2025-06-14 20:41:20.627719: I external/local_tsl/tsl/framework/bfc_allocator.cc:1095] InUse at 7ff62ee0ad00 of size 256 next 165
2025-06-14 20:41:20.628146: I external/local_tsl/tsl/framework/bfc_allocator.cc:1095] InUse at 7ff62ee0ae00 of size 512 next 167
2025-06-14 20:41:20.628697: I external/local_tsl/tsl/framework/bfc_allocator.cc:1095] InUse at 7ff62ee0b000 of size 512 next 168
2025-06-14 20:41:20.629139: I external/local_tsl/tsl/framework/bfc_allocator.cc:1095] InUse at 7ff62ee0b200 of size 512 next 169
2025-06-14 20:41:20.629615: I external/local_tsl/tsl/framework/bfc_allocator.cc:1095] InUse at 7ff62ee0b400 of size 512 next 170
2025-06-14 20:41:20.630167: I external/local_tsl/tsl/framework/bfc_allocator.cc:1095] InUse at 7ff62ee0b600 of size 512 next 171
2025-06-14 20:41:20.630783: I external/local_tsl/tsl/framework/bfc_allocator.cc:1095] InUse at 7ff62ee0b800 of size 512 next 172
2025-06-14 20:41:20.631295: I external/local_tsl/tsl/framework/bfc_allocator.cc:1095] InUse at 7ff62ee0ba00 of size 512 next 174
2025-06-14 20:41:20.631824: I external/local_tsl/tsl/framework/bfc_allocator.cc:1095] InUse at 7ff62ee0bc00 of size 512 next 175
2025-06-14 20:41:20.632350: I external/local_tsl/tsl/framework/bfc_allocator.cc:1095] InUse at 7ff62ee0be00 of size 512 next 176
2025-06-14 20:41:20.632810: I external/local_tsl/tsl/framework/bfc_allocator.cc:1095] InUse at 7ff62ee0c000 of size 512 next 177
2025-06-14 20:41:20.633281: I external/local_tsl/tsl/framework/bfc_allocator.cc:1095] InUse at 7ff62ee0c200 of size 512 next 178
2025-06-14 20:41:20.633676: I external/local_tsl/tsl/framework/bfc_allocator.cc:1095] InUse at 7ff62ee0c400 of size 512 next 179
2025-06-14 20:41:20.634113: I external/local_tsl/tsl/framework/bfc_allocator.cc:1095] InUse at 7ff62ee0c600 of size 1024 next 181
2025-06-14 20:41:20.634577: I external/local_tsl/tsl/framework/bfc_allocator.cc:1095] InUse at 7ff62ee0ca00 of size 1024 next 182
2025-06-14 20:41:20.635001: I external/local_tsl/tsl/framework/bfc_allocator.cc:1095] InUse at 7ff62ee0ce00 of size 1024 next 183
2025-06-14 20:41:20.635471: I external/local_tsl/tsl/framework/bfc_allocator.cc:1095] InUse at 7ff62ee0d200 of size 1024 next 184
2025-06-14 20:41:20.635912: I external/local_tsl/tsl/framework/bfc_allocator.cc:1095] InUse at 7ff62ee0d600 of size 1024 next 185
2025-06-14 20:41:20.636385: I external/local_tsl/tsl/framework/bfc_allocator.cc:1095] InUse at 7ff62ee0da00 of size 1024 next 186
2025-06-14 20:41:20.636847: I external/local_tsl/tsl/framework/bfc_allocator.cc:1095] InUse at 7ff62ee0de00 of size 1024 next 188
2025-06-14 20:41:20.637301: I external/local_tsl/tsl/framework/bfc_allocator.cc:1095] InUse at 7ff62ee0e200 of size 1024 next 189
2025-06-14 20:41:20.637766: I external/local_tsl/tsl/framework/bfc_allocator.cc:1095] InUse at 7ff62ee0e600 of size 1024 next 190
2025-06-14 20:41:20.638273: I external/local_tsl/tsl/framework/bfc_allocator.cc:1095] InUse at 7ff62ee0ea00 of size 1024 next 191
2025-06-14 20:41:20.638717: I external/local_tsl/tsl/framework/bfc_allocator.cc:1095] InUse at 7ff62ee0ee00 of size 1024 next 192
2025-06-14 20:41:20.639160: I external/local_tsl/tsl/framework/bfc_allocator.cc:1095] InUse at 7ff62ee0f200 of size 1024 next 193
2025-06-14 20:41:20.639666: I external/local_tsl/tsl/framework/bfc_allocator.cc:1095] InUse at 7ff62ee0f600 of size 512 next 196
2025-06-14 20:41:20.640134: I external/local_tsl/tsl/framework/bfc_allocator.cc:1095] InUse at 7ff62ee0f800 of size 512 next 197
2025-06-14 20:41:20.640577: I external/local_tsl/tsl/framework/bfc_allocator.cc:1095] InUse at 7ff62ee0fa00 of size 512 next 199
2025-06-14 20:41:20.640985: I external/local_tsl/tsl/framework/bfc_allocator.cc:1095] InUse at 7ff62ee0fc00 of size 512 next 200
2025-06-14 20:41:20.641422: I external/local_tsl/tsl/framework/bfc_allocator.cc:1095] InUse at 7ff62ee0fe00 of size 512 next 201
2025-06-14 20:41:20.641862: I external/local_tsl/tsl/framework/bfc_allocator.cc:1095] InUse at 7ff62ee10000 of size 512 next 202
2025-06-14 20:41:20.642289: I external/local_tsl/tsl/framework/bfc_allocator.cc:1095] InUse at 7ff62ee10200 of size 512 next 203
2025-06-14 20:41:20.642744: I external/local_tsl/tsl/framework/bfc_allocator.cc:1095] InUse at 7ff62ee10400 of size 512 next 204
2025-06-14 20:41:20.643188: I external/local_tsl/tsl/framework/bfc_allocator.cc:1095] InUse at 7ff62ee10600 of size 512 next 207
2025-06-14 20:41:20.643616: I external/local_tsl/tsl/framework/bfc_allocator.cc:1095] InUse at 7ff62ee10800 of size 512 next 208
2025-06-14 20:41:20.644049: I external/local_tsl/tsl/framework/bfc_allocator.cc:1095] InUse at 7ff62ee10a00 of size 512 next 209
2025-06-14 20:41:20.644475: I external/local_tsl/tsl/framework/bfc_allocator.cc:1095] InUse at 7ff62ee10c00 of size 512 next 210
2025-06-14 20:41:20.644938: I external/local_tsl/tsl/framework/bfc_allocator.cc:1095] InUse at 7ff62ee10e00 of size 512 next 211
2025-06-14 20:41:20.645364: I external/local_tsl/tsl/framework/bfc_allocator.cc:1095] InUse at 7ff62ee11000 of size 512 next 212
2025-06-14 20:41:20.645776: I external/local_tsl/tsl/framework/bfc_allocator.cc:1095] InUse at 7ff62ee11200 of size 256 next 215
2025-06-14 20:41:20.646246: I external/local_tsl/tsl/framework/bfc_allocator.cc:1095] InUse at 7ff62ee11300 of size 256 next 216
2025-06-14 20:41:20.646763: I external/local_tsl/tsl/framework/bfc_allocator.cc:1095] InUse at 7ff62ee11400 of size 256 next 219
2025-06-14 20:41:20.647232: I external/local_tsl/tsl/framework/bfc_allocator.cc:1095] InUse at 7ff62ee11500 of size 256 next 220
2025-06-14 20:41:20.647633: I external/local_tsl/tsl/framework/bfc_allocator.cc:1095] InUse at 7ff62ee11600 of size 256 next 221
2025-06-14 20:41:20.648084: I external/local_tsl/tsl/framework/bfc_allocator.cc:1095] InUse at 7ff62ee11700 of size 256 next 222
2025-06-14 20:41:20.648516: I external/local_tsl/tsl/framework/bfc_allocator.cc:1095] InUse at 7ff62ee11800 of size 256 next 223
2025-06-14 20:41:20.648937: I external/local_tsl/tsl/framework/bfc_allocator.cc:1095] InUse at 7ff62ee11900 of size 256 next 224
2025-06-14 20:41:20.649462: I external/local_tsl/tsl/framework/bfc_allocator.cc:1095] InUse at 7ff62ee11a00 of size 256 next 227
2025-06-14 20:41:20.649980: I external/local_tsl/tsl/framework/bfc_allocator.cc:1095] InUse at 7ff62ee11b00 of size 256 next 228
2025-06-14 20:41:20.650422: I external/local_tsl/tsl/framework/bfc_allocator.cc:1095] InUse at 7ff62ee11c00 of size 256 next 229
2025-06-14 20:41:20.651054: I external/local_tsl/tsl/framework/bfc_allocator.cc:1095] InUse at 7ff62ee11d00 of size 256 next 230
2025-06-14 20:41:20.651613: I external/local_tsl/tsl/framework/bfc_allocator.cc:1095] InUse at 7ff62ee11e00 of size 256 next 231
2025-06-14 20:41:20.652006: I external/local_tsl/tsl/framework/bfc_allocator.cc:1095] InUse at 7ff62ee11f00 of size 256 next 232
2025-06-14 20:41:20.652430: I external/local_tsl/tsl/framework/bfc_allocator.cc:1095] InUse at 7ff62ee12000 of size 65536 next 233
2025-06-14 20:41:20.652840: I external/local_tsl/tsl/framework/bfc_allocator.cc:1095] InUse at 7ff62ee22000 of size 95232 next 19
2025-06-14 20:41:20.653386: I external/local_tsl/tsl/framework/bfc_allocator.cc:1095] InUse at 7ff62ee39400 of size 110592 next 18
2025-06-14 20:41:20.653796: I external/local_tsl/tsl/framework/bfc_allocator.cc:1095] InUse at 7ff62ee54400 of size 65536 next 115
2025-06-14 20:41:20.654253: I external/local_tsl/tsl/framework/bfc_allocator.cc:1095] InUse at 7ff62ee64400 of size 256 next 112
2025-06-14 20:41:20.654790: I external/local_tsl/tsl/framework/bfc_allocator.cc:1095] InUse at 7ff62ee64500 of size 256 next 114
2025-06-14 20:41:20.655280: I external/local_tsl/tsl/framework/bfc_allocator.cc:1095] InUse at 7ff62ee64600 of size 256 next 113
2025-06-14 20:41:20.655735: I external/local_tsl/tsl/framework/bfc_allocator.cc:1095] InUse at 7ff62ee64700 of size 256 next 111
2025-06-14 20:41:20.656209: I external/local_tsl/tsl/framework/bfc_allocator.cc:1095] InUse at 7ff62ee64800 of size 256 next 117
2025-06-14 20:41:20.656648: I external/local_tsl/tsl/framework/bfc_allocator.cc:1095] InUse at 7ff62ee64900 of size 256 next 118
2025-06-14 20:41:20.657107: I external/local_tsl/tsl/framework/bfc_allocator.cc:1095] InUse at 7ff62ee64a00 of size 256 next 120
2025-06-14 20:41:20.657537: I external/local_tsl/tsl/framework/bfc_allocator.cc:1095] InUse at 7ff62ee64b00 of size 256 next 119
2025-06-14 20:41:20.657959: I external/local_tsl/tsl/framework/bfc_allocator.cc:1095] InUse at 7ff62ee64c00 of size 256 next 121
2025-06-14 20:41:20.658435: I external/local_tsl/tsl/framework/bfc_allocator.cc:1095] InUse at 7ff62ee64d00 of size 256 next 123
2025-06-14 20:41:20.658874: I external/local_tsl/tsl/framework/bfc_allocator.cc:1095] InUse at 7ff62ee64e00 of size 256 next 124
2025-06-14 20:41:20.659315: I external/local_tsl/tsl/framework/bfc_allocator.cc:1095] InUse at 7ff62ee64f00 of size 256 next 125
2025-06-14 20:41:20.659776: I external/local_tsl/tsl/framework/bfc_allocator.cc:1095] InUse at 7ff62ee65000 of size 256 next 126
2025-06-14 20:41:20.660224: I external/local_tsl/tsl/framework/bfc_allocator.cc:1095] InUse at 7ff62ee65100 of size 256 next 128
2025-06-14 20:41:20.660694: I external/local_tsl/tsl/framework/bfc_allocator.cc:1095] InUse at 7ff62ee65200 of size 256 next 127
2025-06-14 20:41:20.661127: I external/local_tsl/tsl/framework/bfc_allocator.cc:1095] InUse at 7ff62ee65300 of size 256 next 129
2025-06-14 20:41:20.661567: I external/local_tsl/tsl/framework/bfc_allocator.cc:1095] InUse at 7ff62ee65400 of size 256 next 130
2025-06-14 20:41:20.662012: I external/local_tsl/tsl/framework/bfc_allocator.cc:1095] InUse at 7ff62ee65500 of size 256 next 131
2025-06-14 20:41:20.662447: I external/local_tsl/tsl/framework/bfc_allocator.cc:1095] InUse at 7ff62ee65600 of size 256 next 132
2025-06-14 20:41:20.662858: I external/local_tsl/tsl/framework/bfc_allocator.cc:1095] InUse at 7ff62ee65700 of size 256 next 133
2025-06-14 20:41:20.663275: I external/local_tsl/tsl/framework/bfc_allocator.cc:1095] InUse at 7ff62ee65800 of size 256 next 137
2025-06-14 20:41:20.663719: I external/local_tsl/tsl/framework/bfc_allocator.cc:1095] InUse at 7ff62ee65900 of size 256 next 136
2025-06-14 20:41:20.664168: I external/local_tsl/tsl/framework/bfc_allocator.cc:1095] InUse at 7ff62ee65a00 of size 3584 next 138
2025-06-14 20:41:20.664639: I external/local_tsl/tsl/framework/bfc_allocator.cc:1095] InUse at 7ff62ee66800 of size 3584 next 139
2025-06-14 20:41:20.665057: I external/local_tsl/tsl/framework/bfc_allocator.cc:1095] InUse at 7ff62ee67600 of size 256 next 140
2025-06-14 20:41:20.665524: I external/local_tsl/tsl/framework/bfc_allocator.cc:1095] InUse at 7ff62ee67700 of size 256 next 141
2025-06-14 20:41:20.665996: I external/local_tsl/tsl/framework/bfc_allocator.cc:1095] InUse at 7ff62ee67800 of size 256 next 142
2025-06-14 20:41:20.666432: I external/local_tsl/tsl/framework/bfc_allocator.cc:1095] InUse at 7ff62ee67900 of size 256 next 143
2025-06-14 20:41:20.666885: I external/local_tsl/tsl/framework/bfc_allocator.cc:1095] InUse at 7ff62ee67a00 of size 256 next 144
2025-06-14 20:41:20.667382: I external/local_tsl/tsl/framework/bfc_allocator.cc:1095] InUse at 7ff62ee67b00 of size 256 next 145
2025-06-14 20:41:20.667870: I external/local_tsl/tsl/framework/bfc_allocator.cc:1095] InUse at 7ff62ee67c00 of size 141312 next 27
2025-06-14 20:41:20.668490: I external/local_tsl/tsl/framework/bfc_allocator.cc:1095] InUse at 7ff62ee8a400 of size 221184 next 26
2025-06-14 20:41:20.668930: I external/local_tsl/tsl/framework/bfc_allocator.cc:1095] InUse at 7ff62eec0400 of size 442368 next 159
2025-06-14 20:41:20.669315: I external/local_tsl/tsl/framework/bfc_allocator.cc:1095] InUse at 7ff62ef2c400 of size 867328 next 18446744073709551615
2025-06-14 20:41:20.669653: I external/local_tsl/tsl/framework/bfc_allocator.cc:1075] Next region of size 4194304
2025-06-14 20:41:20.670076: I external/local_tsl/tsl/framework/bfc_allocator.cc:1095] InUse at 7ff62f400000 of size 442368 next 37
2025-06-14 20:41:20.670459: I external/local_tsl/tsl/framework/bfc_allocator.cc:1095] InUse at 7ff62f46c000 of size 221184 next 116
2025-06-14 20:41:20.670794: I external/local_tsl/tsl/framework/bfc_allocator.cc:1095] InUse at 7ff62f4a2000 of size 110592 next 122
2025-06-14 20:41:20.671145: I external/local_tsl/tsl/framework/bfc_allocator.cc:1095] InUse at 7ff62f4bd000 of size 192512 next 99
2025-06-14 20:41:20.671547: I external/local_tsl/tsl/framework/bfc_allocator.cc:1095] InUse at 7ff62f4ec000 of size 360448 next 44
2025-06-14 20:41:20.671902: I external/local_tsl/tsl/framework/bfc_allocator.cc:1095] InUse at 7ff62f544000 of size 884736 next 43
2025-06-14 20:41:20.672260: I external/local_tsl/tsl/framework/bfc_allocator.cc:1095] InUse at 7ff62f61c000 of size 1982464 next 18446744073709551615
2025-06-14 20:41:20.672626: I external/local_tsl/tsl/framework/bfc_allocator.cc:1075] Next region of size 8388608
2025-06-14 20:41:20.673042: I external/local_tsl/tsl/framework/bfc_allocator.cc:1095] InUse at 7ff62f800000 of size 884736 next 166
2025-06-14 20:41:20.673446: I external/local_tsl/tsl/framework/bfc_allocator.cc:1095] InUse at 7ff62f8d8000 of size 884736 next 54
2025-06-14 20:41:20.673813: I external/local_tsl/tsl/framework/bfc_allocator.cc:1095] InUse at 7ff62f9b0000 of size 1769472 next 52
2025-06-14 20:41:20.674157: I external/local_tsl/tsl/framework/bfc_allocator.cc:1095] InUse at 7ff62fb60000 of size 4849664 next 18446744073709551615
2025-06-14 20:41:20.674587: I external/local_tsl/tsl/framework/bfc_allocator.cc:1100]      Summary of in-use Chunks by size: 
2025-06-14 20:41:20.675016: I external/local_tsl/tsl/framework/bfc_allocator.cc:1103] 155 Chunks of size 256 totalling 38.8KiB
2025-06-14 20:41:20.675439: I external/local_tsl/tsl/framework/bfc_allocator.cc:1103] 55 Chunks of size 512 totalling 27.5KiB
2025-06-14 20:41:20.675868: I external/local_tsl/tsl/framework/bfc_allocator.cc:1103] 26 Chunks of size 1024 totalling 26.0KiB
2025-06-14 20:41:20.676369: I external/local_tsl/tsl/framework/bfc_allocator.cc:1103] 1 Chunks of size 1280 totalling 1.2KiB
2025-06-14 20:41:20.676791: I external/local_tsl/tsl/framework/bfc_allocator.cc:1103] 3 Chunks of size 3584 totalling 10.5KiB
2025-06-14 20:41:20.677220: I external/local_tsl/tsl/framework/bfc_allocator.cc:1103] 2 Chunks of size 65536 totalling 128.0KiB
2025-06-14 20:41:20.677642: I external/local_tsl/tsl/framework/bfc_allocator.cc:1103] 1 Chunks of size 95232 totalling 93.0KiB
2025-06-14 20:41:20.678092: I external/local_tsl/tsl/framework/bfc_allocator.cc:1103] 4 Chunks of size 110592 totalling 432.0KiB
2025-06-14 20:41:20.678532: I external/local_tsl/tsl/framework/bfc_allocator.cc:1103] 1 Chunks of size 141312 totalling 138.0KiB
2025-06-14 20:41:20.678976: I external/local_tsl/tsl/framework/bfc_allocator.cc:1103] 1 Chunks of size 192512 totalling 188.0KiB
2025-06-14 20:41:20.679420: I external/local_tsl/tsl/framework/bfc_allocator.cc:1103] 6 Chunks of size 221184 totalling 1.27MiB
2025-06-14 20:41:20.679878: I external/local_tsl/tsl/framework/bfc_allocator.cc:1103] 2 Chunks of size 262144 totalling 512.0KiB
2025-06-14 20:41:20.680308: I external/local_tsl/tsl/framework/bfc_allocator.cc:1103] 1 Chunks of size 360448 totalling 352.0KiB
2025-06-14 20:41:20.680793: I external/local_tsl/tsl/framework/bfc_allocator.cc:1103] 5 Chunks of size 442368 totalling 2.11MiB
2025-06-14 20:41:20.681279: I external/local_tsl/tsl/framework/bfc_allocator.cc:1103] 1 Chunks of size 867328 totalling 847.0KiB
2025-06-14 20:41:20.681797: I external/local_tsl/tsl/framework/bfc_allocator.cc:1103] 6 Chunks of size 884736 totalling 5.06MiB
2025-06-14 20:41:20.682205: I external/local_tsl/tsl/framework/bfc_allocator.cc:1103] 2 Chunks of size 1048576 totalling 2.00MiB
2025-06-14 20:41:20.682694: I external/local_tsl/tsl/framework/bfc_allocator.cc:1103] 6 Chunks of size 1769472 totalling 10.12MiB
2025-06-14 20:41:20.683198: I external/local_tsl/tsl/framework/bfc_allocator.cc:1103] 1 Chunks of size 1982464 totalling 1.89MiB
2025-06-14 20:41:20.683735: I external/local_tsl/tsl/framework/bfc_allocator.cc:1103] 4 Chunks of size 3538944 totalling 13.50MiB
2025-06-14 20:41:20.684250: I external/local_tsl/tsl/framework/bfc_allocator.cc:1103] 1 Chunks of size 4063232 totalling 3.88MiB
2025-06-14 20:41:20.684804: I external/local_tsl/tsl/framework/bfc_allocator.cc:1103] 1 Chunks of size 4849664 totalling 4.62MiB
2025-06-14 20:41:20.685327: I external/local_tsl/tsl/framework/bfc_allocator.cc:1103] 2 Chunks of size 7077888 totalling 13.50MiB
2025-06-14 20:41:20.685740: I external/local_tsl/tsl/framework/bfc_allocator.cc:1103] 1 Chunks of size 12320768 totalling 11.75MiB
2025-06-14 20:41:20.686058: I external/local_tsl/tsl/framework/bfc_allocator.cc:1103] 2 Chunks of size 15138816 totalling 28.88MiB
2025-06-14 20:41:20.686442: I external/local_tsl/tsl/framework/bfc_allocator.cc:1103] 4 Chunks of size 30277632 totalling 115.50MiB
2025-06-14 20:41:20.686812: I external/local_tsl/tsl/framework/bfc_allocator.cc:1103] 2 Chunks of size 60555264 totalling 115.50MiB
2025-06-14 20:41:20.687154: I external/local_tsl/tsl/framework/bfc_allocator.cc:1103] 1 Chunks of size 73662464 totalling 70.25MiB
2025-06-14 20:41:20.687545: I external/local_tsl/tsl/framework/bfc_allocator.cc:1103] 1 Chunks of size 116654080 totalling 111.25MiB
2025-06-14 20:41:20.687940: I external/local_tsl/tsl/framework/bfc_allocator.cc:1103] 6 Chunks of size 121110528 totalling 693.00MiB
2025-06-14 20:41:20.688340: I external/local_tsl/tsl/framework/bfc_allocator.cc:1103] 2 Chunks of size 209715200 totalling 400.00MiB
2025-06-14 20:41:20.688714: I external/local_tsl/tsl/framework/bfc_allocator.cc:1103] 3 Chunks of size 242221056 totalling 693.00MiB
2025-06-14 20:41:20.689144: I external/local_tsl/tsl/framework/bfc_allocator.cc:1103] 8 Chunks of size 484442112 totalling 3.61GiB
2025-06-14 20:41:20.690033: I external/local_tsl/tsl/framework/bfc_allocator.cc:1103] 1 Chunks of size 968884224 totalling 924.00MiB
2025-06-14 20:41:20.690465: I external/local_tsl/tsl/framework/bfc_allocator.cc:1103] 6 Chunks of size 1937768448 totalling 10.83GiB
2025-06-14 20:41:20.690802: I external/local_tsl/tsl/framework/bfc_allocator.cc:1107] Sum Total of in-use chunks: 17.58GiB
2025-06-14 20:41:20.691232: I external/local_tsl/tsl/framework/bfc_allocator.cc:1109] Total bytes in pool: 23575789568 memory_limit_: 23575789568 available bytes: 0 curr_region_allocation_bytes_: 34359738368
2025-06-14 20:41:20.691568: I external/local_tsl/tsl/framework/bfc_allocator.cc:1114] Stats: 
Limit:                     23575789568
InUse:                     18882553856
MaxInUse:                  22800760320
NumAllocs:                         912
MaxAllocSize:               4135495424
Reserved:                            0
PeakReserved:                        0
LargestFreeBlock:                    0

2025-06-14 20:41:20.691925: W external/local_tsl/tsl/framework/bfc_allocator.cc:497] ________*********________************************************_**************************************
2025-06-14 20:41:20.692349: W tensorflow/core/framework/op_kernel.cc:1839] OP_REQUIRES failed at concat_op.cc:165 : RESOURCE_EXHAUSTED: OOM when allocating tensor with shape[2,64,192,224,176] and type float on /job:localhost/replica:0/task:0/device:GPU:0 by allocator GPU_0_bfc
Traceback (most recent call last):
  File "/mnt/beegfs/hellgate/home/rb194958e/stroke_segmentation_sota/batch_wise_train.py", line 277, in <module>
    if main():
       ^^^^^^
  File "/mnt/beegfs/hellgate/home/rb194958e/stroke_segmentation_sota/batch_wise_train.py", line 256, in main
    history = model.fit(
              ^^^^^^^^^^
  File "/mnt/beegfs/hellgate/home/rb194958e/.conda/envs/tf215_env/lib/python3.11/site-packages/keras/src/utils/traceback_utils.py", line 70, in error_handler
    raise e.with_traceback(filtered_tb) from None
  File "/mnt/beegfs/hellgate/home/rb194958e/.conda/envs/tf215_env/lib/python3.11/site-packages/tensorflow/python/eager/execute.py", line 53, in quick_execute
    tensors = pywrap_tfe.TFE_Py_Execute(ctx._handle, device_name, op_name,
  ^^^^^^^^^^^^^^^^^^^^^^^^^^^^^^^^^^^^^^^^^^^^^^^^^^^^^^^^^^^^^^^^^^^^^^^^
tensorflow.python.framework.errors_impl.ResourceExhaustedError: Graph execution error:

Detected at node model/concatenate_2/concat defined at (most recent call last):
  File "/mnt/beegfs/hellgate/home/rb194958e/stroke_segmentation_sota/batch_wise_train.py", line 277, in <module>

  File "/mnt/beegfs/hellgate/home/rb194958e/stroke_segmentation_sota/batch_wise_train.py", line 256, in main

  File "/mnt/beegfs/hellgate/home/rb194958e/.conda/envs/tf215_env/lib/python3.11/site-packages/keras/src/utils/traceback_utils.py", line 65, in error_handler

  File "/mnt/beegfs/hellgate/home/rb194958e/.conda/envs/tf215_env/lib/python3.11/site-packages/keras/src/engine/training.py", line 1807, in fit

  File "/mnt/beegfs/hellgate/home/rb194958e/.conda/envs/tf215_env/lib/python3.11/site-packages/keras/src/engine/training.py", line 1401, in train_function

  File "/mnt/beegfs/hellgate/home/rb194958e/.conda/envs/tf215_env/lib/python3.11/site-packages/keras/src/engine/training.py", line 1384, in step_function

  File "/mnt/beegfs/hellgate/home/rb194958e/.conda/envs/tf215_env/lib/python3.11/site-packages/keras/src/engine/training.py", line 1373, in run_step

  File "/mnt/beegfs/hellgate/home/rb194958e/.conda/envs/tf215_env/lib/python3.11/site-packages/keras/src/engine/training.py", line 1150, in train_step

  File "/mnt/beegfs/hellgate/home/rb194958e/.conda/envs/tf215_env/lib/python3.11/site-packages/keras/src/utils/traceback_utils.py", line 65, in error_handler

  File "/mnt/beegfs/hellgate/home/rb194958e/.conda/envs/tf215_env/lib/python3.11/site-packages/keras/src/engine/training.py", line 590, in __call__

  File "/mnt/beegfs/hellgate/home/rb194958e/.conda/envs/tf215_env/lib/python3.11/site-packages/keras/src/utils/traceback_utils.py", line 65, in error_handler

  File "/mnt/beegfs/hellgate/home/rb194958e/.conda/envs/tf215_env/lib/python3.11/site-packages/keras/src/engine/base_layer.py", line 1149, in __call__

  File "/mnt/beegfs/hellgate/home/rb194958e/.conda/envs/tf215_env/lib/python3.11/site-packages/keras/src/utils/traceback_utils.py", line 96, in error_handler

  File "/mnt/beegfs/hellgate/home/rb194958e/.conda/envs/tf215_env/lib/python3.11/site-packages/keras/src/engine/functional.py", line 515, in call

  File "/mnt/beegfs/hellgate/home/rb194958e/.conda/envs/tf215_env/lib/python3.11/site-packages/keras/src/engine/functional.py", line 672, in _run_internal_graph

  File "/mnt/beegfs/hellgate/home/rb194958e/.conda/envs/tf215_env/lib/python3.11/site-packages/keras/src/utils/traceback_utils.py", line 65, in error_handler

  File "/mnt/beegfs/hellgate/home/rb194958e/.conda/envs/tf215_env/lib/python3.11/site-packages/keras/src/engine/base_layer.py", line 1149, in __call__

  File "/mnt/beegfs/hellgate/home/rb194958e/.conda/envs/tf215_env/lib/python3.11/site-packages/keras/src/utils/traceback_utils.py", line 96, in error_handler

  File "/mnt/beegfs/hellgate/home/rb194958e/.conda/envs/tf215_env/lib/python3.11/site-packages/keras/src/layers/merging/base_merge.py", line 196, in call

  File "/mnt/beegfs/hellgate/home/rb194958e/.conda/envs/tf215_env/lib/python3.11/site-packages/keras/src/layers/merging/concatenate.py", line 134, in _merge_function

  File "/mnt/beegfs/hellgate/home/rb194958e/.conda/envs/tf215_env/lib/python3.11/site-packages/keras/src/backend.py", line 3580, in concatenate

OOM when allocating tensor with shape[2,64,192,224,176] and type float on /job:localhost/replica:0/task:0/device:GPU:0 by allocator GPU_0_bfc
	 [[{{node model/concatenate_2/concat}}]]
Hint: If you want to see a list of allocated tensors when OOM happens, add report_tensor_allocations_upon_oom to RunOptions for current allocation info. This isn't available when running in Eager mode.
 [Op:__inference_train_function_7309]
2025-06-14 20:41:20.853295: W tensorflow/core/kernels/data/generator_dataset_op.cc:108] Error occurred when finalizing GeneratorDataset iterator: FAILED_PRECONDITION: Python interpreter state is not initialized. The process may be terminated.
	 [[{{node PyFunc}}]]
/var/spool/slurmd/job1124035/slurm_script: line 320: EOF: command not found
/var/spool/slurmd/job1124035/slurm_script: line 330: unexpected EOF while looking for matching ``'
/var/spool/slurmd/job1124035/slurm_script: line 339: syntax error: unexpected end of file
