2025-06-14 14:02:03.733871: I tensorflow/core/util/port.cc:113] oneDNN custom operations are on. You may see slightly different numerical results due to floating-point round-off errors from different computation orders. To turn them off, set the environment variable `TF_ENABLE_ONEDNN_OPTS=0`.
2025-06-14 14:02:04.295433: E external/local_xla/xla/stream_executor/cuda/cuda_dnn.cc:9261] Unable to register cuDNN factory: Attempting to register factory for plugin cuDNN when one has already been registered
2025-06-14 14:02:04.296177: E external/local_xla/xla/stream_executor/cuda/cuda_fft.cc:607] Unable to register cuFFT factory: Attempting to register factory for plugin cuFFT when one has already been registered
2025-06-14 14:02:04.414635: E external/local_xla/xla/stream_executor/cuda/cuda_blas.cc:1515] Unable to register cuBLAS factory: Attempting to register factory for plugin cuBLAS when one has already been registered
2025-06-14 14:02:04.646243: I tensorflow/core/platform/cpu_feature_guard.cc:182] This TensorFlow binary is optimized to use available CPU instructions in performance-critical operations.
To enable the following instructions: AVX2 AVX512F AVX512_VNNI FMA, in other operations, rebuild TensorFlow with the appropriate compiler flags.
2025-06-14 14:02:11.266574: W tensorflow/compiler/tf2tensorrt/utils/py_utils.cc:38] TF-TRT Warning: Could not find TensorRT
INFO:__main__:🚀 Starting Stroke Lesion Segmentation Training
INFO:__main__:Using 1 GPU(s)
INFO:__main__:Creating data generators...
INFO:__main__:Found 655 valid image/mask pairs
INFO:__main__:Found 655 valid image/mask pairs
INFO:__main__:Training batches: 262
INFO:__main__:Validation batches: 65
INFO:__main__:Building model...
2025-06-14 14:02:25.407345: I tensorflow/core/common_runtime/gpu/gpu_device.cc:1929] Created device /job:localhost/replica:0/task:0/device:GPU:0 with 22483 MB memory:  -> device: 0, name: NVIDIA RTX 4500 Ada Generation, pci bus id: 0000:1c:00.0, compute capability: 8.9
INFO:__main__:Model parameters: 5,605,345
INFO:__main__:Starting training...
pixdim[0] (qfac) should be 1 (default) or -1; setting qfac to 1
INFO:nibabel.global:pixdim[0] (qfac) should be 1 (default) or -1; setting qfac to 1
pixdim[0] (qfac) should be 1 (default) or -1; setting qfac to 1
INFO:nibabel.global:pixdim[0] (qfac) should be 1 (default) or -1; setting qfac to 1
pixdim[0] (qfac) should be 1 (default) or -1; setting qfac to 1
INFO:nibabel.global:pixdim[0] (qfac) should be 1 (default) or -1; setting qfac to 1
pixdim[0] (qfac) should be 1 (default) or -1; setting qfac to 1
INFO:nibabel.global:pixdim[0] (qfac) should be 1 (default) or -1; setting qfac to 1
pixdim[0] (qfac) should be 1 (default) or -1; setting qfac to 1
INFO:nibabel.global:pixdim[0] (qfac) should be 1 (default) or -1; setting qfac to 1
2025-06-14 14:02:33.121531: I external/local_xla/xla/stream_executor/cuda/cuda_dnn.cc:454] Loaded cuDNN version 8907
pixdim[0] (qfac) should be 1 (default) or -1; setting qfac to 1
INFO:nibabel.global:pixdim[0] (qfac) should be 1 (default) or -1; setting qfac to 1
pixdim[0] (qfac) should be 1 (default) or -1; setting qfac to 1
INFO:nibabel.global:pixdim[0] (qfac) should be 1 (default) or -1; setting qfac to 1
pixdim[0] (qfac) should be 1 (default) or -1; setting qfac to 1
INFO:nibabel.global:pixdim[0] (qfac) should be 1 (default) or -1; setting qfac to 1
pixdim[0] (qfac) should be 1 (default) or -1; setting qfac to 1
INFO:nibabel.global:pixdim[0] (qfac) should be 1 (default) or -1; setting qfac to 1
2025-06-14 14:02:49.633506: W external/local_tsl/tsl/framework/bfc_allocator.cc:296] Allocator (GPU_0_bfc) ran out of memory trying to allocate 2.27GiB with freed_by_count=0. The caller indicates that this is not a failure, but this may mean that there could be performance gains if more memory were available.
2025-06-14 14:02:49.734853: W external/local_tsl/tsl/framework/bfc_allocator.cc:296] Allocator (GPU_0_bfc) ran out of memory trying to allocate 2.30GiB with freed_by_count=0. The caller indicates that this is not a failure, but this may mean that there could be performance gains if more memory were available.
2025-06-14 14:02:49.735794: W external/local_tsl/tsl/framework/bfc_allocator.cc:296] Allocator (GPU_0_bfc) ran out of memory trying to allocate 2.27GiB with freed_by_count=0. The caller indicates that this is not a failure, but this may mean that there could be performance gains if more memory were available.
2025-06-14 14:02:50.355966: W external/local_tsl/tsl/framework/bfc_allocator.cc:296] Allocator (GPU_0_bfc) ran out of memory trying to allocate 2.27GiB with freed_by_count=0. The caller indicates that this is not a failure, but this may mean that there could be performance gains if more memory were available.
2025-06-14 14:02:50.409515: W external/local_tsl/tsl/framework/bfc_allocator.cc:296] Allocator (GPU_0_bfc) ran out of memory trying to allocate 2.30GiB with freed_by_count=0. The caller indicates that this is not a failure, but this may mean that there could be performance gains if more memory were available.
2025-06-14 14:02:50.410148: W external/local_tsl/tsl/framework/bfc_allocator.cc:296] Allocator (GPU_0_bfc) ran out of memory trying to allocate 2.27GiB with freed_by_count=0. The caller indicates that this is not a failure, but this may mean that there could be performance gains if more memory were available.
2025-06-14 14:03:01.031337: W external/local_tsl/tsl/framework/bfc_allocator.cc:485] Allocator (GPU_0_bfc) ran out of memory trying to allocate 3.61GiB (rounded to 3875536896)requested by op model/concatenate_2/concat
If the cause is memory fragmentation maybe the environment variable 'TF_GPU_ALLOCATOR=cuda_malloc_async' will improve the situation. 
Current allocation summary follows.
Current allocation summary follows.
2025-06-14 14:03:01.032246: I external/local_tsl/tsl/framework/bfc_allocator.cc:1039] BFCAllocator dump for GPU_0_bfc
2025-06-14 14:03:01.032810: I external/local_tsl/tsl/framework/bfc_allocator.cc:1046] Bin (256): 	Total Chunks: 155, Chunks in use: 155. 38.8KiB allocated for chunks. 38.8KiB in use in bin. 20.7KiB client-requested in use in bin.
2025-06-14 14:03:01.033229: I external/local_tsl/tsl/framework/bfc_allocator.cc:1046] Bin (512): 	Total Chunks: 56, Chunks in use: 55. 28.0KiB allocated for chunks. 27.5KiB in use in bin. 27.5KiB client-requested in use in bin.
2025-06-14 14:03:01.033613: I external/local_tsl/tsl/framework/bfc_allocator.cc:1046] Bin (1024): 	Total Chunks: 27, Chunks in use: 27. 27.2KiB allocated for chunks. 27.2KiB in use in bin. 27.0KiB client-requested in use in bin.
2025-06-14 14:03:01.033991: I external/local_tsl/tsl/framework/bfc_allocator.cc:1046] Bin (2048): 	Total Chunks: 3, Chunks in use: 3. 10.5KiB allocated for chunks. 10.5KiB in use in bin. 10.1KiB client-requested in use in bin.
2025-06-14 14:03:01.034389: I external/local_tsl/tsl/framework/bfc_allocator.cc:1046] Bin (4096): 	Total Chunks: 0, Chunks in use: 0. 0B allocated for chunks. 0B in use in bin. 0B client-requested in use in bin.
2025-06-14 14:03:01.034785: I external/local_tsl/tsl/framework/bfc_allocator.cc:1046] Bin (8192): 	Total Chunks: 0, Chunks in use: 0. 0B allocated for chunks. 0B in use in bin. 0B client-requested in use in bin.
2025-06-14 14:03:01.035211: I external/local_tsl/tsl/framework/bfc_allocator.cc:1046] Bin (16384): 	Total Chunks: 0, Chunks in use: 0. 0B allocated for chunks. 0B in use in bin. 0B client-requested in use in bin.
2025-06-14 14:03:01.035559: I external/local_tsl/tsl/framework/bfc_allocator.cc:1046] Bin (32768): 	Total Chunks: 0, Chunks in use: 0. 0B allocated for chunks. 0B in use in bin. 0B client-requested in use in bin.
2025-06-14 14:03:01.035987: I external/local_tsl/tsl/framework/bfc_allocator.cc:1046] Bin (65536): 	Total Chunks: 7, Chunks in use: 7. 653.0KiB allocated for chunks. 653.0KiB in use in bin. 624.0KiB client-requested in use in bin.
2025-06-14 14:03:01.036370: I external/local_tsl/tsl/framework/bfc_allocator.cc:1046] Bin (131072): 	Total Chunks: 8, Chunks in use: 8. 1.58MiB allocated for chunks. 1.58MiB in use in bin. 1.48MiB client-requested in use in bin.
2025-06-14 14:03:01.036735: I external/local_tsl/tsl/framework/bfc_allocator.cc:1046] Bin (262144): 	Total Chunks: 8, Chunks in use: 8. 2.95MiB allocated for chunks. 2.95MiB in use in bin. 2.86MiB client-requested in use in bin.
2025-06-14 14:03:01.037142: I external/local_tsl/tsl/framework/bfc_allocator.cc:1046] Bin (524288): 	Total Chunks: 7, Chunks in use: 7. 5.89MiB allocated for chunks. 5.89MiB in use in bin. 5.48MiB client-requested in use in bin.
2025-06-14 14:03:01.037528: I external/local_tsl/tsl/framework/bfc_allocator.cc:1046] Bin (1048576): 	Total Chunks: 9, Chunks in use: 9. 14.02MiB allocated for chunks. 14.02MiB in use in bin. 13.12MiB client-requested in use in bin.
2025-06-14 14:03:01.037882: I external/local_tsl/tsl/framework/bfc_allocator.cc:1046] Bin (2097152): 	Total Chunks: 5, Chunks in use: 5. 17.38MiB allocated for chunks. 17.38MiB in use in bin. 16.88MiB client-requested in use in bin.
2025-06-14 14:03:01.038247: I external/local_tsl/tsl/framework/bfc_allocator.cc:1046] Bin (4194304): 	Total Chunks: 3, Chunks in use: 3. 18.12MiB allocated for chunks. 18.12MiB in use in bin. 16.88MiB client-requested in use in bin.
2025-06-14 14:03:01.038613: I external/local_tsl/tsl/framework/bfc_allocator.cc:1046] Bin (8388608): 	Total Chunks: 3, Chunks in use: 3. 40.62MiB allocated for chunks. 40.62MiB in use in bin. 35.62MiB client-requested in use in bin.
2025-06-14 14:03:01.038976: I external/local_tsl/tsl/framework/bfc_allocator.cc:1046] Bin (16777216): 	Total Chunks: 5, Chunks in use: 4. 140.19MiB allocated for chunks. 115.50MiB in use in bin. 115.50MiB client-requested in use in bin.
2025-06-14 14:03:01.039339: I external/local_tsl/tsl/framework/bfc_allocator.cc:1046] Bin (33554432): 	Total Chunks: 2, Chunks in use: 2. 115.50MiB allocated for chunks. 115.50MiB in use in bin. 115.50MiB client-requested in use in bin.
2025-06-14 14:03:01.039709: I external/local_tsl/tsl/framework/bfc_allocator.cc:1046] Bin (67108864): 	Total Chunks: 8, Chunks in use: 8. 874.50MiB allocated for chunks. 874.50MiB in use in bin. 808.50MiB client-requested in use in bin.
2025-06-14 14:03:01.040080: I external/local_tsl/tsl/framework/bfc_allocator.cc:1046] Bin (134217728): 	Total Chunks: 5, Chunks in use: 5. 1.07GiB allocated for chunks. 1.07GiB in use in bin. 924.00MiB client-requested in use in bin.
2025-06-14 14:03:01.040443: I external/local_tsl/tsl/framework/bfc_allocator.cc:1046] Bin (268435456): 	Total Chunks: 18, Chunks in use: 15. 19.69GiB allocated for chunks. 15.34GiB in use in bin. 15.34GiB client-requested in use in bin.
2025-06-14 14:03:01.040784: I external/local_tsl/tsl/framework/bfc_allocator.cc:1062] Bin for 3.61GiB was 256.00MiB, Chunk State: 
2025-06-14 14:03:01.041152: I external/local_tsl/tsl/framework/bfc_allocator.cc:1068]   Size: 453.50MiB | Requested Size: 16.00MiB | in_use: 0 | bin_num: 20, prev:   Size: 462.00MiB | Requested Size: 462.00MiB | in_use: 1 | bin_num: -1
2025-06-14 14:03:01.041501: I external/local_tsl/tsl/framework/bfc_allocator.cc:1068]   Size: 1.80GiB | Requested Size: 1.80GiB | in_use: 0 | bin_num: 20, next:   Size: 1.80GiB | Requested Size: 1.80GiB | in_use: 1 | bin_num: -1
2025-06-14 14:03:01.041914: I external/local_tsl/tsl/framework/bfc_allocator.cc:1068]   Size: 2.10GiB | Requested Size: 1.82GiB | in_use: 0 | bin_num: 20, prev:   Size: 1.80GiB | Requested Size: 1.80GiB | in_use: 1 | bin_num: -1
2025-06-14 14:03:01.042307: I external/local_tsl/tsl/framework/bfc_allocator.cc:1075] Next region of size 6129582080
2025-06-14 14:03:01.042768: I external/local_tsl/tsl/framework/bfc_allocator.cc:1095] Free  at 7f71ee000000 of size 1937768448 next 107
2025-06-14 14:03:01.043259: I external/local_tsl/tsl/framework/bfc_allocator.cc:1095] InUse at 7f7261800000 of size 1937768448 next 329
2025-06-14 14:03:01.043714: I external/local_tsl/tsl/framework/bfc_allocator.cc:1095] Free  at 7f72d5000000 of size 2254045184 next 18446744073709551615
2025-06-14 14:03:01.044213: I external/local_tsl/tsl/framework/bfc_allocator.cc:1075] Next region of size 8589934592
2025-06-14 14:03:01.044771: I external/local_tsl/tsl/framework/bfc_allocator.cc:1095] InUse at 7f7386000000 of size 1937768448 next 281
2025-06-14 14:03:01.045138: I external/local_tsl/tsl/framework/bfc_allocator.cc:1095] InUse at 7f73f9800000 of size 242221056 next 282
2025-06-14 14:03:01.045529: I external/local_tsl/tsl/framework/bfc_allocator.cc:1095] InUse at 7f7407f00000 of size 484442112 next 283
2025-06-14 14:03:01.045917: I external/local_tsl/tsl/framework/bfc_allocator.cc:1095] InUse at 7f7424d00000 of size 484442112 next 284
2025-06-14 14:03:01.046308: I external/local_tsl/tsl/framework/bfc_allocator.cc:1095] InUse at 7f7441b00000 of size 484442112 next 29
2025-06-14 14:03:01.046679: I external/local_tsl/tsl/framework/bfc_allocator.cc:1095] InUse at 7f745e900000 of size 484442112 next 288
2025-06-14 14:03:01.047016: I external/local_tsl/tsl/framework/bfc_allocator.cc:1095] InUse at 7f747b700000 of size 484442112 next 292
2025-06-14 14:03:01.047463: I external/local_tsl/tsl/framework/bfc_allocator.cc:1095] InUse at 7f7498500000 of size 121110528 next 47
2025-06-14 14:03:01.047922: I external/local_tsl/tsl/framework/bfc_allocator.cc:1095] InUse at 7f749f880000 of size 121110528 next 296
2025-06-14 14:03:01.048443: I external/local_tsl/tsl/framework/bfc_allocator.cc:1095] InUse at 7f74a6c00000 of size 121110528 next 300
2025-06-14 14:03:01.048922: I external/local_tsl/tsl/framework/bfc_allocator.cc:1095] InUse at 7f74adf80000 of size 30277632 next 302
2025-06-14 14:03:01.049259: I external/local_tsl/tsl/framework/bfc_allocator.cc:1095] InUse at 7f74afc60000 of size 30277632 next 303
2025-06-14 14:03:01.049648: I external/local_tsl/tsl/framework/bfc_allocator.cc:1095] InUse at 7f74b1940000 of size 30277632 next 66
2025-06-14 14:03:01.050000: I external/local_tsl/tsl/framework/bfc_allocator.cc:1095] InUse at 7f74b3620000 of size 30277632 next 307
2025-06-14 14:03:01.050435: I external/local_tsl/tsl/framework/bfc_allocator.cc:1095] InUse at 7f74b5300000 of size 121110528 next 76
2025-06-14 14:03:01.050831: I external/local_tsl/tsl/framework/bfc_allocator.cc:1095] InUse at 7f74bc680000 of size 121110528 next 312
2025-06-14 14:03:01.051210: I external/local_tsl/tsl/framework/bfc_allocator.cc:1095] InUse at 7f74c3a00000 of size 242221056 next 311
2025-06-14 14:03:01.051556: I external/local_tsl/tsl/framework/bfc_allocator.cc:1095] InUse at 7f74d2100000 of size 121110528 next 85
2025-06-14 14:03:01.051910: I external/local_tsl/tsl/framework/bfc_allocator.cc:1095] InUse at 7f74d9480000 of size 484442112 next 325
2025-06-14 14:03:01.052251: I external/local_tsl/tsl/framework/bfc_allocator.cc:1095] InUse at 7f74f6280000 of size 484442112 next 320
2025-06-14 14:03:01.052618: I external/local_tsl/tsl/framework/bfc_allocator.cc:1095] InUse at 7f7513080000 of size 968884224 next 319
2025-06-14 14:03:01.052974: I external/local_tsl/tsl/framework/bfc_allocator.cc:1095] InUse at 7f754cc80000 of size 484442112 next 91
2025-06-14 14:03:01.053352: I external/local_tsl/tsl/framework/bfc_allocator.cc:1095] Free  at 7f7569a80000 of size 475529216 next 18446744073709551615
2025-06-14 14:03:01.053716: I external/local_tsl/tsl/framework/bfc_allocator.cc:1075] Next region of size 4294967296
2025-06-14 14:03:01.054161: I external/local_tsl/tsl/framework/bfc_allocator.cc:1095] InUse at 7f75a2000000 of size 1937768448 next 11
2025-06-14 14:03:01.054519: I external/local_tsl/tsl/framework/bfc_allocator.cc:1095] InUse at 7f7615800000 of size 1937768448 next 276
2025-06-14 14:03:01.054858: I external/local_tsl/tsl/framework/bfc_allocator.cc:1095] InUse at 7f7689000000 of size 242221056 next 20
2025-06-14 14:03:01.055200: I external/local_tsl/tsl/framework/bfc_allocator.cc:1095] InUse at 7f7697700000 of size 60555264 next 38
2025-06-14 14:03:01.055577: I external/local_tsl/tsl/framework/bfc_allocator.cc:1095] InUse at 7f769b0c0000 of size 116654080 next 18446744073709551615
2025-06-14 14:03:01.055919: I external/local_tsl/tsl/framework/bfc_allocator.cc:1075] Next region of size 2147483648
2025-06-14 14:03:01.056385: I external/local_tsl/tsl/framework/bfc_allocator.cc:1095] InUse at 7f76ce000000 of size 1937768448 next 270
2025-06-14 14:03:01.056745: I external/local_tsl/tsl/framework/bfc_allocator.cc:1095] InUse at 7f7741800000 of size 209715200 next 18446744073709551615
2025-06-14 14:03:01.057081: I external/local_tsl/tsl/framework/bfc_allocator.cc:1075] Next region of size 2147483648
2025-06-14 14:03:01.057506: I external/local_tsl/tsl/framework/bfc_allocator.cc:1095] InUse at 7f7754000000 of size 1937768448 next 269
2025-06-14 14:03:01.057857: I external/local_tsl/tsl/framework/bfc_allocator.cc:1095] InUse at 7f77c7800000 of size 209715200 next 18446744073709551615
2025-06-14 14:03:01.058190: I external/local_tsl/tsl/framework/bfc_allocator.cc:1075] Next region of size 134217728
2025-06-14 14:03:01.058655: I external/local_tsl/tsl/framework/bfc_allocator.cc:1095] InUse at 7f786a000000 of size 60555264 next 264
2025-06-14 14:03:01.059037: I external/local_tsl/tsl/framework/bfc_allocator.cc:1095] InUse at 7f786d9c0000 of size 73662464 next 18446744073709551615
2025-06-14 14:03:01.059421: I external/local_tsl/tsl/framework/bfc_allocator.cc:1075] Next region of size 67108864
2025-06-14 14:03:01.059849: I external/local_tsl/tsl/framework/bfc_allocator.cc:1095] InUse at 7f7872000000 of size 3538944 next 198
2025-06-14 14:03:01.060202: I external/local_tsl/tsl/framework/bfc_allocator.cc:1095] InUse at 7f7872360000 of size 1769472 next 205
2025-06-14 14:03:01.060607: I external/local_tsl/tsl/framework/bfc_allocator.cc:1095] InUse at 7f7872510000 of size 1769472 next 206
2025-06-14 14:03:01.060991: I external/local_tsl/tsl/framework/bfc_allocator.cc:1095] InUse at 7f78726c0000 of size 262144 next 213
2025-06-14 14:03:01.061365: I external/local_tsl/tsl/framework/bfc_allocator.cc:1095] InUse at 7f7872700000 of size 262144 next 214
2025-06-14 14:03:01.061750: I external/local_tsl/tsl/framework/bfc_allocator.cc:1095] InUse at 7f7872740000 of size 884736 next 217
2025-06-14 14:03:01.062087: I external/local_tsl/tsl/framework/bfc_allocator.cc:1095] InUse at 7f7872818000 of size 884736 next 218
2025-06-14 14:03:01.062468: I external/local_tsl/tsl/framework/bfc_allocator.cc:1095] InUse at 7f78728f0000 of size 442368 next 225
2025-06-14 14:03:01.062924: I external/local_tsl/tsl/framework/bfc_allocator.cc:1095] InUse at 7f787295c000 of size 442368 next 226
2025-06-14 14:03:01.063308: I external/local_tsl/tsl/framework/bfc_allocator.cc:1095] InUse at 7f78729c8000 of size 256 next 234
2025-06-14 14:03:01.063767: I external/local_tsl/tsl/framework/bfc_allocator.cc:1095] InUse at 7f78729c8100 of size 256 next 235
2025-06-14 14:03:01.064218: I external/local_tsl/tsl/framework/bfc_allocator.cc:1095] InUse at 7f78729c8200 of size 221184 next 236
2025-06-14 14:03:01.064608: I external/local_tsl/tsl/framework/bfc_allocator.cc:1095] InUse at 7f78729fe200 of size 221184 next 237
2025-06-14 14:03:01.065071: I external/local_tsl/tsl/framework/bfc_allocator.cc:1095] InUse at 7f7872a34200 of size 256 next 238
2025-06-14 14:03:01.065568: I external/local_tsl/tsl/framework/bfc_allocator.cc:1095] InUse at 7f7872a34300 of size 256 next 239
2025-06-14 14:03:01.066069: I external/local_tsl/tsl/framework/bfc_allocator.cc:1095] InUse at 7f7872a34400 of size 256 next 240
2025-06-14 14:03:01.066557: I external/local_tsl/tsl/framework/bfc_allocator.cc:1095] InUse at 7f7872a34500 of size 256 next 241
2025-06-14 14:03:01.067029: I external/local_tsl/tsl/framework/bfc_allocator.cc:1095] InUse at 7f7872a34600 of size 256 next 242
2025-06-14 14:03:01.067516: I external/local_tsl/tsl/framework/bfc_allocator.cc:1095] InUse at 7f7872a34700 of size 256 next 243
2025-06-14 14:03:01.068013: I external/local_tsl/tsl/framework/bfc_allocator.cc:1095] InUse at 7f7872a34800 of size 110592 next 244
2025-06-14 14:03:01.068405: I external/local_tsl/tsl/framework/bfc_allocator.cc:1095] InUse at 7f7872a4f800 of size 110592 next 245
2025-06-14 14:03:01.068785: I external/local_tsl/tsl/framework/bfc_allocator.cc:1095] InUse at 7f7872a6a800 of size 256 next 246
2025-06-14 14:03:01.069252: I external/local_tsl/tsl/framework/bfc_allocator.cc:1095] InUse at 7f7872a6a900 of size 256 next 247
2025-06-14 14:03:01.069725: I external/local_tsl/tsl/framework/bfc_allocator.cc:1095] InUse at 7f7872a6aa00 of size 256 next 248
2025-06-14 14:03:01.070194: I external/local_tsl/tsl/framework/bfc_allocator.cc:1095] InUse at 7f7872a6ab00 of size 256 next 249
2025-06-14 14:03:01.070685: I external/local_tsl/tsl/framework/bfc_allocator.cc:1095] InUse at 7f7872a6ac00 of size 256 next 250
2025-06-14 14:03:01.071157: I external/local_tsl/tsl/framework/bfc_allocator.cc:1095] InUse at 7f7872a6ad00 of size 256 next 251
2025-06-14 14:03:01.071631: I external/local_tsl/tsl/framework/bfc_allocator.cc:1095] InUse at 7f7872a6ae00 of size 256 next 252
2025-06-14 14:03:01.072122: I external/local_tsl/tsl/framework/bfc_allocator.cc:1095] InUse at 7f7872a6af00 of size 256 next 253
2025-06-14 14:03:01.072608: I external/local_tsl/tsl/framework/bfc_allocator.cc:1095] InUse at 7f7872a6b000 of size 256 next 254
2025-06-14 14:03:01.073061: I external/local_tsl/tsl/framework/bfc_allocator.cc:1095] InUse at 7f7872a6b100 of size 256 next 255
2025-06-14 14:03:01.073566: I external/local_tsl/tsl/framework/bfc_allocator.cc:1095] InUse at 7f7872a6b200 of size 256 next 256
2025-06-14 14:03:01.074028: I external/local_tsl/tsl/framework/bfc_allocator.cc:1095] InUse at 7f7872a6b300 of size 256 next 257
2025-06-14 14:03:01.074546: I external/local_tsl/tsl/framework/bfc_allocator.cc:1095] InUse at 7f7872a6b400 of size 256 next 258
2025-06-14 14:03:01.074936: I external/local_tsl/tsl/framework/bfc_allocator.cc:1095] InUse at 7f7872a6b500 of size 256 next 259
2025-06-14 14:03:01.075294: I external/local_tsl/tsl/framework/bfc_allocator.cc:1095] InUse at 7f7872a6b600 of size 256 next 260
2025-06-14 14:03:01.075739: I external/local_tsl/tsl/framework/bfc_allocator.cc:1095] InUse at 7f7872a6b700 of size 256 next 261
2025-06-14 14:03:01.076170: I external/local_tsl/tsl/framework/bfc_allocator.cc:1095] InUse at 7f7872a6b800 of size 256 next 262
2025-06-14 14:03:01.076603: I external/local_tsl/tsl/framework/bfc_allocator.cc:1095] InUse at 7f7872a6b900 of size 256 next 263
2025-06-14 14:03:01.077032: I external/local_tsl/tsl/framework/bfc_allocator.cc:1095] InUse at 7f7872a6ba00 of size 256 next 265
2025-06-14 14:03:01.077478: I external/local_tsl/tsl/framework/bfc_allocator.cc:1095] InUse at 7f7872a6bb00 of size 256 next 266
2025-06-14 14:03:01.077892: I external/local_tsl/tsl/framework/bfc_allocator.cc:1095] InUse at 7f7872a6bc00 of size 256 next 267
2025-06-14 14:03:01.078318: I external/local_tsl/tsl/framework/bfc_allocator.cc:1095] InUse at 7f7872a6bd00 of size 256 next 272
2025-06-14 14:03:01.078784: I external/local_tsl/tsl/framework/bfc_allocator.cc:1095] InUse at 7f7872a6be00 of size 256 next 274
2025-06-14 14:03:01.079316: I external/local_tsl/tsl/framework/bfc_allocator.cc:1095] InUse at 7f7872a6bf00 of size 256 next 275
2025-06-14 14:03:01.079771: I external/local_tsl/tsl/framework/bfc_allocator.cc:1095] InUse at 7f7872a6c000 of size 256 next 279
2025-06-14 14:03:01.080185: I external/local_tsl/tsl/framework/bfc_allocator.cc:1095] InUse at 7f7872a6c100 of size 256 next 280
2025-06-14 14:03:01.080680: I external/local_tsl/tsl/framework/bfc_allocator.cc:1095] InUse at 7f7872a6c200 of size 256 next 286
2025-06-14 14:03:01.081169: I external/local_tsl/tsl/framework/bfc_allocator.cc:1095] InUse at 7f7872a6c300 of size 256 next 287
2025-06-14 14:03:01.081677: I external/local_tsl/tsl/framework/bfc_allocator.cc:1095] InUse at 7f7872a6c400 of size 256 next 290
2025-06-14 14:03:01.082143: I external/local_tsl/tsl/framework/bfc_allocator.cc:1095] InUse at 7f7872a6c500 of size 256 next 291
2025-06-14 14:03:01.082592: I external/local_tsl/tsl/framework/bfc_allocator.cc:1095] InUse at 7f7872a6c600 of size 512 next 293
2025-06-14 14:03:01.083009: I external/local_tsl/tsl/framework/bfc_allocator.cc:1095] InUse at 7f7872a6c800 of size 512 next 294
2025-06-14 14:03:01.083450: I external/local_tsl/tsl/framework/bfc_allocator.cc:1095] InUse at 7f7872a6ca00 of size 512 next 295
2025-06-14 14:03:01.083878: I external/local_tsl/tsl/framework/bfc_allocator.cc:1095] InUse at 7f7872a6cc00 of size 512 next 298
2025-06-14 14:03:01.084395: I external/local_tsl/tsl/framework/bfc_allocator.cc:1095] InUse at 7f7872a6ce00 of size 512 next 299
2025-06-14 14:03:01.084840: I external/local_tsl/tsl/framework/bfc_allocator.cc:1095] InUse at 7f7872a6d000 of size 15138816 next 56
2025-06-14 14:03:01.085177: I external/local_tsl/tsl/framework/bfc_allocator.cc:1095] InUse at 7f78738dd000 of size 15138816 next 301
2025-06-14 14:03:01.085519: I external/local_tsl/tsl/framework/bfc_allocator.cc:1095] InUse at 7f787474d000 of size 1024 next 304
2025-06-14 14:03:01.085945: I external/local_tsl/tsl/framework/bfc_allocator.cc:1095] InUse at 7f787474d400 of size 1024 next 305
2025-06-14 14:03:01.086414: I external/local_tsl/tsl/framework/bfc_allocator.cc:1095] InUse at 7f787474d800 of size 1024 next 306
2025-06-14 14:03:01.086857: I external/local_tsl/tsl/framework/bfc_allocator.cc:1095] InUse at 7f787474dc00 of size 1024 next 309
2025-06-14 14:03:01.087270: I external/local_tsl/tsl/framework/bfc_allocator.cc:1095] InUse at 7f787474e000 of size 1024 next 310
2025-06-14 14:03:01.087707: I external/local_tsl/tsl/framework/bfc_allocator.cc:1095] InUse at 7f787474e400 of size 512 next 317
2025-06-14 14:03:01.088146: I external/local_tsl/tsl/framework/bfc_allocator.cc:1095] InUse at 7f787474e600 of size 512 next 318
2025-06-14 14:03:01.088599: I external/local_tsl/tsl/framework/bfc_allocator.cc:1095] InUse at 7f787474e800 of size 256 next 326
2025-06-14 14:03:01.089053: I external/local_tsl/tsl/framework/bfc_allocator.cc:1095] InUse at 7f787474e900 of size 256 next 327
2025-06-14 14:03:01.089497: I external/local_tsl/tsl/framework/bfc_allocator.cc:1095] Free  at 7f787474ea00 of size 25892352 next 18446744073709551615
2025-06-14 14:03:01.089917: I external/local_tsl/tsl/framework/bfc_allocator.cc:1075] Next region of size 33554432
2025-06-14 14:03:01.090378: I external/local_tsl/tsl/framework/bfc_allocator.cc:1095] InUse at 7f788a000000 of size 3538944 next 83
2025-06-14 14:03:01.090762: I external/local_tsl/tsl/framework/bfc_allocator.cc:1095] InUse at 7f788a360000 of size 221184 next 152
2025-06-14 14:03:01.091112: I external/local_tsl/tsl/framework/bfc_allocator.cc:1095] InUse at 7f788a396000 of size 221184 next 106
2025-06-14 14:03:01.091484: I external/local_tsl/tsl/framework/bfc_allocator.cc:1095] InUse at 7f788a3cc000 of size 442368 next 100
2025-06-14 14:03:01.091858: I external/local_tsl/tsl/framework/bfc_allocator.cc:1095] InUse at 7f788a438000 of size 884736 next 90
2025-06-14 14:03:01.092232: I external/local_tsl/tsl/framework/bfc_allocator.cc:1095] InUse at 7f788a510000 of size 1769472 next 74
2025-06-14 14:03:01.092620: I external/local_tsl/tsl/framework/bfc_allocator.cc:1095] InUse at 7f788a6c0000 of size 7077888 next 72
2025-06-14 14:03:01.092996: I external/local_tsl/tsl/framework/bfc_allocator.cc:1095] InUse at 7f788ad80000 of size 7077888 next 187
2025-06-14 14:03:01.093409: I external/local_tsl/tsl/framework/bfc_allocator.cc:1095] InUse at 7f788b440000 of size 12320768 next 18446744073709551615
2025-06-14 14:03:01.093802: I external/local_tsl/tsl/framework/bfc_allocator.cc:1075] Next region of size 16777216
2025-06-14 14:03:01.094266: I external/local_tsl/tsl/framework/bfc_allocator.cc:1095] InUse at 7f78ca000000 of size 1769472 next 173
2025-06-14 14:03:01.094675: I external/local_tsl/tsl/framework/bfc_allocator.cc:1095] InUse at 7f78ca1b0000 of size 1769472 next 64
2025-06-14 14:03:01.095054: I external/local_tsl/tsl/framework/bfc_allocator.cc:1095] InUse at 7f78ca360000 of size 3538944 next 62
2025-06-14 14:03:01.095465: I external/local_tsl/tsl/framework/bfc_allocator.cc:1095] InUse at 7f78ca6c0000 of size 3538944 next 180
2025-06-14 14:03:01.095818: I external/local_tsl/tsl/framework/bfc_allocator.cc:1095] InUse at 7f78caa20000 of size 1048576 next 194
2025-06-14 14:03:01.096196: I external/local_tsl/tsl/framework/bfc_allocator.cc:1095] InUse at 7f78cab20000 of size 1048576 next 195
2025-06-14 14:03:01.096593: I external/local_tsl/tsl/framework/bfc_allocator.cc:1095] InUse at 7f78cac20000 of size 4063232 next 18446744073709551615
2025-06-14 14:03:01.096971: I external/local_tsl/tsl/framework/bfc_allocator.cc:1075] Next region of size 2097152
2025-06-14 14:03:01.097446: I external/local_tsl/tsl/framework/bfc_allocator.cc:1095] InUse at 7f78f2e00000 of size 1280 next 1
2025-06-14 14:03:01.097974: I external/local_tsl/tsl/framework/bfc_allocator.cc:1095] InUse at 7f78f2e00500 of size 256 next 2
2025-06-14 14:03:01.098469: I external/local_tsl/tsl/framework/bfc_allocator.cc:1095] InUse at 7f78f2e00600 of size 256 next 3
2025-06-14 14:03:01.098929: I external/local_tsl/tsl/framework/bfc_allocator.cc:1095] InUse at 7f78f2e00700 of size 256 next 5
2025-06-14 14:03:01.099369: I external/local_tsl/tsl/framework/bfc_allocator.cc:1095] InUse at 7f78f2e00800 of size 256 next 6
2025-06-14 14:03:01.099882: I external/local_tsl/tsl/framework/bfc_allocator.cc:1095] InUse at 7f78f2e00900 of size 256 next 4
2025-06-14 14:03:01.100349: I external/local_tsl/tsl/framework/bfc_allocator.cc:1095] InUse at 7f78f2e00a00 of size 256 next 7
2025-06-14 14:03:01.100808: I external/local_tsl/tsl/framework/bfc_allocator.cc:1095] InUse at 7f78f2e00b00 of size 256 next 10
2025-06-14 14:03:01.101299: I external/local_tsl/tsl/framework/bfc_allocator.cc:1095] InUse at 7f78f2e00c00 of size 256 next 277
2025-06-14 14:03:01.101765: I external/local_tsl/tsl/framework/bfc_allocator.cc:1095] InUse at 7f78f2e00d00 of size 256 next 12
2025-06-14 14:03:01.102197: I external/local_tsl/tsl/framework/bfc_allocator.cc:1095] InUse at 7f78f2e00e00 of size 256 next 13
2025-06-14 14:03:01.102626: I external/local_tsl/tsl/framework/bfc_allocator.cc:1095] InUse at 7f78f2e00f00 of size 256 next 14
2025-06-14 14:03:01.103063: I external/local_tsl/tsl/framework/bfc_allocator.cc:1095] InUse at 7f78f2e01000 of size 256 next 17
2025-06-14 14:03:01.103478: I external/local_tsl/tsl/framework/bfc_allocator.cc:1095] InUse at 7f78f2e01100 of size 256 next 15
2025-06-14 14:03:01.103883: I external/local_tsl/tsl/framework/bfc_allocator.cc:1095] InUse at 7f78f2e01200 of size 256 next 16
2025-06-14 14:03:01.104336: I external/local_tsl/tsl/framework/bfc_allocator.cc:1095] InUse at 7f78f2e01300 of size 256 next 285
2025-06-14 14:03:01.104823: I external/local_tsl/tsl/framework/bfc_allocator.cc:1095] InUse at 7f78f2e01400 of size 256 next 21
2025-06-14 14:03:01.105240: I external/local_tsl/tsl/framework/bfc_allocator.cc:1095] InUse at 7f78f2e01500 of size 256 next 22
2025-06-14 14:03:01.105655: I external/local_tsl/tsl/framework/bfc_allocator.cc:1095] InUse at 7f78f2e01600 of size 256 next 23
2025-06-14 14:03:01.106082: I external/local_tsl/tsl/framework/bfc_allocator.cc:1095] InUse at 7f78f2e01700 of size 256 next 24
2025-06-14 14:03:01.106563: I external/local_tsl/tsl/framework/bfc_allocator.cc:1095] InUse at 7f78f2e01800 of size 256 next 25
2025-06-14 14:03:01.106999: I external/local_tsl/tsl/framework/bfc_allocator.cc:1095] InUse at 7f78f2e01900 of size 256 next 28
2025-06-14 14:03:01.107473: I external/local_tsl/tsl/framework/bfc_allocator.cc:1095] InUse at 7f78f2e01a00 of size 256 next 289
2025-06-14 14:03:01.107900: I external/local_tsl/tsl/framework/bfc_allocator.cc:1095] InUse at 7f78f2e01b00 of size 256 next 30
2025-06-14 14:03:01.108332: I external/local_tsl/tsl/framework/bfc_allocator.cc:1095] InUse at 7f78f2e01c00 of size 256 next 31
2025-06-14 14:03:01.108759: I external/local_tsl/tsl/framework/bfc_allocator.cc:1095] InUse at 7f78f2e01d00 of size 256 next 32
2025-06-14 14:03:01.109196: I external/local_tsl/tsl/framework/bfc_allocator.cc:1095] InUse at 7f78f2e01e00 of size 256 next 35
2025-06-14 14:03:01.109623: I external/local_tsl/tsl/framework/bfc_allocator.cc:1095] InUse at 7f78f2e01f00 of size 256 next 33
2025-06-14 14:03:01.110054: I external/local_tsl/tsl/framework/bfc_allocator.cc:1095] InUse at 7f78f2e02000 of size 256 next 34
2025-06-14 14:03:01.110520: I external/local_tsl/tsl/framework/bfc_allocator.cc:1095] InUse at 7f78f2e02100 of size 512 next 39
2025-06-14 14:03:01.110997: I external/local_tsl/tsl/framework/bfc_allocator.cc:1095] InUse at 7f78f2e02300 of size 256 next 40
2025-06-14 14:03:01.111524: I external/local_tsl/tsl/framework/bfc_allocator.cc:1095] InUse at 7f78f2e02400 of size 256 next 41
2025-06-14 14:03:01.112220: I external/local_tsl/tsl/framework/bfc_allocator.cc:1095] InUse at 7f78f2e02500 of size 256 next 8
2025-06-14 14:03:01.112730: I external/local_tsl/tsl/framework/bfc_allocator.cc:1095] InUse at 7f78f2e02600 of size 3584 next 9
2025-06-14 14:03:01.113146: I external/local_tsl/tsl/framework/bfc_allocator.cc:1095] InUse at 7f78f2e03400 of size 512 next 42
2025-06-14 14:03:01.113576: I external/local_tsl/tsl/framework/bfc_allocator.cc:1095] InUse at 7f78f2e03600 of size 512 next 45
2025-06-14 14:03:01.114015: I external/local_tsl/tsl/framework/bfc_allocator.cc:1095] InUse at 7f78f2e03800 of size 512 next 46
2025-06-14 14:03:01.114443: I external/local_tsl/tsl/framework/bfc_allocator.cc:1095] InUse at 7f78f2e03a00 of size 512 next 297
2025-06-14 14:03:01.114907: I external/local_tsl/tsl/framework/bfc_allocator.cc:1095] InUse at 7f78f2e03c00 of size 512 next 48
2025-06-14 14:03:01.115350: I external/local_tsl/tsl/framework/bfc_allocator.cc:1095] InUse at 7f78f2e03e00 of size 256 next 49
2025-06-14 14:03:01.115828: I external/local_tsl/tsl/framework/bfc_allocator.cc:1095] InUse at 7f78f2e03f00 of size 512 next 50
2025-06-14 14:03:01.116281: I external/local_tsl/tsl/framework/bfc_allocator.cc:1095] InUse at 7f78f2e04100 of size 512 next 51
2025-06-14 14:03:01.116737: I external/local_tsl/tsl/framework/bfc_allocator.cc:1095] InUse at 7f78f2e04300 of size 512 next 55
2025-06-14 14:03:01.117174: I external/local_tsl/tsl/framework/bfc_allocator.cc:1095] InUse at 7f78f2e04500 of size 1024 next 57
2025-06-14 14:03:01.117605: I external/local_tsl/tsl/framework/bfc_allocator.cc:1095] InUse at 7f78f2e04900 of size 256 next 58
2025-06-14 14:03:01.118052: I external/local_tsl/tsl/framework/bfc_allocator.cc:1095] InUse at 7f78f2e04a00 of size 256 next 59
2025-06-14 14:03:01.118575: I external/local_tsl/tsl/framework/bfc_allocator.cc:1095] InUse at 7f78f2e04b00 of size 1024 next 60
2025-06-14 14:03:01.119065: I external/local_tsl/tsl/framework/bfc_allocator.cc:1095] InUse at 7f78f2e04f00 of size 1024 next 61
2025-06-14 14:03:01.119504: I external/local_tsl/tsl/framework/bfc_allocator.cc:1095] InUse at 7f78f2e05300 of size 1024 next 65
2025-06-14 14:03:01.119972: I external/local_tsl/tsl/framework/bfc_allocator.cc:1095] InUse at 7f78f2e05700 of size 1024 next 308
2025-06-14 14:03:01.120445: I external/local_tsl/tsl/framework/bfc_allocator.cc:1095] InUse at 7f78f2e05b00 of size 1024 next 67
2025-06-14 14:03:01.120935: I external/local_tsl/tsl/framework/bfc_allocator.cc:1095] InUse at 7f78f2e05f00 of size 256 next 68
2025-06-14 14:03:01.121422: I external/local_tsl/tsl/framework/bfc_allocator.cc:1095] InUse at 7f78f2e06000 of size 256 next 69
2025-06-14 14:03:01.121912: I external/local_tsl/tsl/framework/bfc_allocator.cc:1095] InUse at 7f78f2e06100 of size 1024 next 70
2025-06-14 14:03:01.122375: I external/local_tsl/tsl/framework/bfc_allocator.cc:1095] InUse at 7f78f2e06500 of size 1024 next 71
2025-06-14 14:03:01.122841: I external/local_tsl/tsl/framework/bfc_allocator.cc:1095] InUse at 7f78f2e06900 of size 1024 next 75
2025-06-14 14:03:01.123314: I external/local_tsl/tsl/framework/bfc_allocator.cc:1095] InUse at 7f78f2e06d00 of size 512 next 313
2025-06-14 14:03:01.123780: I external/local_tsl/tsl/framework/bfc_allocator.cc:1095] InUse at 7f78f2e06f00 of size 512 next 314
2025-06-14 14:03:01.124230: I external/local_tsl/tsl/framework/bfc_allocator.cc:1095] InUse at 7f78f2e07100 of size 512 next 315
2025-06-14 14:03:01.124720: I external/local_tsl/tsl/framework/bfc_allocator.cc:1095] InUse at 7f78f2e07300 of size 512 next 77
2025-06-14 14:03:01.125180: I external/local_tsl/tsl/framework/bfc_allocator.cc:1095] InUse at 7f78f2e07500 of size 256 next 78
2025-06-14 14:03:01.125643: I external/local_tsl/tsl/framework/bfc_allocator.cc:1095] InUse at 7f78f2e07600 of size 256 next 79
2025-06-14 14:03:01.126103: I external/local_tsl/tsl/framework/bfc_allocator.cc:1095] InUse at 7f78f2e07700 of size 512 next 80
2025-06-14 14:03:01.126635: I external/local_tsl/tsl/framework/bfc_allocator.cc:1095] InUse at 7f78f2e07900 of size 512 next 81
2025-06-14 14:03:01.127095: I external/local_tsl/tsl/framework/bfc_allocator.cc:1095] InUse at 7f78f2e07b00 of size 512 next 82
2025-06-14 14:03:01.127567: I external/local_tsl/tsl/framework/bfc_allocator.cc:1095] InUse at 7f78f2e07d00 of size 512 next 84
2025-06-14 14:03:01.128000: I external/local_tsl/tsl/framework/bfc_allocator.cc:1095] InUse at 7f78f2e07f00 of size 512 next 316
2025-06-14 14:03:01.128572: I external/local_tsl/tsl/framework/bfc_allocator.cc:1095] InUse at 7f78f2e08100 of size 512 next 86
2025-06-14 14:03:01.129036: I external/local_tsl/tsl/framework/bfc_allocator.cc:1095] InUse at 7f78f2e08300 of size 512 next 87
2025-06-14 14:03:01.129519: I external/local_tsl/tsl/framework/bfc_allocator.cc:1095] InUse at 7f78f2e08500 of size 512 next 88
2025-06-14 14:03:01.130005: I external/local_tsl/tsl/framework/bfc_allocator.cc:1095] InUse at 7f78f2e08700 of size 512 next 89
2025-06-14 14:03:01.130450: I external/local_tsl/tsl/framework/bfc_allocator.cc:1095] InUse at 7f78f2e08900 of size 256 next 321
2025-06-14 14:03:01.130915: I external/local_tsl/tsl/framework/bfc_allocator.cc:1095] InUse at 7f78f2e08a00 of size 256 next 323
2025-06-14 14:03:01.131386: I external/local_tsl/tsl/framework/bfc_allocator.cc:1095] InUse at 7f78f2e08b00 of size 256 next 324
2025-06-14 14:03:01.131880: I external/local_tsl/tsl/framework/bfc_allocator.cc:1095] InUse at 7f78f2e08c00 of size 256 next 92
2025-06-14 14:03:01.132375: I external/local_tsl/tsl/framework/bfc_allocator.cc:1095] InUse at 7f78f2e08d00 of size 256 next 93
2025-06-14 14:03:01.132818: I external/local_tsl/tsl/framework/bfc_allocator.cc:1095] InUse at 7f78f2e08e00 of size 256 next 94
2025-06-14 14:03:01.133323: I external/local_tsl/tsl/framework/bfc_allocator.cc:1095] InUse at 7f78f2e08f00 of size 256 next 97
2025-06-14 14:03:01.133818: I external/local_tsl/tsl/framework/bfc_allocator.cc:1095] InUse at 7f78f2e09000 of size 256 next 95
2025-06-14 14:03:01.134400: I external/local_tsl/tsl/framework/bfc_allocator.cc:1095] InUse at 7f78f2e09100 of size 256 next 96
2025-06-14 14:03:01.134901: I external/local_tsl/tsl/framework/bfc_allocator.cc:1095] InUse at 7f78f2e09200 of size 256 next 98
2025-06-14 14:03:01.135383: I external/local_tsl/tsl/framework/bfc_allocator.cc:1095] InUse at 7f78f2e09300 of size 256 next 101
2025-06-14 14:03:01.135894: I external/local_tsl/tsl/framework/bfc_allocator.cc:1095] InUse at 7f78f2e09400 of size 256 next 102
2025-06-14 14:03:01.136451: I external/local_tsl/tsl/framework/bfc_allocator.cc:1095] InUse at 7f78f2e09500 of size 256 next 103
2025-06-14 14:03:01.136948: I external/local_tsl/tsl/framework/bfc_allocator.cc:1095] InUse at 7f78f2e09600 of size 256 next 104
2025-06-14 14:03:01.137430: I external/local_tsl/tsl/framework/bfc_allocator.cc:1095] InUse at 7f78f2e09700 of size 256 next 105
2025-06-14 14:03:01.137927: I external/local_tsl/tsl/framework/bfc_allocator.cc:1095] Free  at 7f78f2e09800 of size 512 next 108
2025-06-14 14:03:01.138479: I external/local_tsl/tsl/framework/bfc_allocator.cc:1095] InUse at 7f78f2e09a00 of size 256 next 109
2025-06-14 14:03:01.138977: I external/local_tsl/tsl/framework/bfc_allocator.cc:1095] InUse at 7f78f2e09b00 of size 256 next 110
2025-06-14 14:03:01.139469: I external/local_tsl/tsl/framework/bfc_allocator.cc:1095] InUse at 7f78f2e09c00 of size 256 next 146
2025-06-14 14:03:01.139942: I external/local_tsl/tsl/framework/bfc_allocator.cc:1095] InUse at 7f78f2e09d00 of size 256 next 147
2025-06-14 14:03:01.140476: I external/local_tsl/tsl/framework/bfc_allocator.cc:1095] InUse at 7f78f2e09e00 of size 256 next 148
2025-06-14 14:03:01.141003: I external/local_tsl/tsl/framework/bfc_allocator.cc:1095] InUse at 7f78f2e09f00 of size 256 next 149
2025-06-14 14:03:01.141535: I external/local_tsl/tsl/framework/bfc_allocator.cc:1095] InUse at 7f78f2e0a000 of size 256 next 150
2025-06-14 14:03:01.142018: I external/local_tsl/tsl/framework/bfc_allocator.cc:1095] InUse at 7f78f2e0a100 of size 256 next 151
2025-06-14 14:03:01.142536: I external/local_tsl/tsl/framework/bfc_allocator.cc:1095] InUse at 7f78f2e0a200 of size 256 next 153
2025-06-14 14:03:01.143020: I external/local_tsl/tsl/framework/bfc_allocator.cc:1095] InUse at 7f78f2e0a300 of size 256 next 154
2025-06-14 14:03:01.143580: I external/local_tsl/tsl/framework/bfc_allocator.cc:1095] InUse at 7f78f2e0a400 of size 256 next 155
2025-06-14 14:03:01.144018: I external/local_tsl/tsl/framework/bfc_allocator.cc:1095] InUse at 7f78f2e0a500 of size 256 next 156
2025-06-14 14:03:01.144490: I external/local_tsl/tsl/framework/bfc_allocator.cc:1095] InUse at 7f78f2e0a600 of size 256 next 157
2025-06-14 14:03:01.144935: I external/local_tsl/tsl/framework/bfc_allocator.cc:1095] InUse at 7f78f2e0a700 of size 256 next 158
2025-06-14 14:03:01.145411: I external/local_tsl/tsl/framework/bfc_allocator.cc:1095] InUse at 7f78f2e0a800 of size 256 next 160
2025-06-14 14:03:01.145897: I external/local_tsl/tsl/framework/bfc_allocator.cc:1095] InUse at 7f78f2e0a900 of size 256 next 161
2025-06-14 14:03:01.146333: I external/local_tsl/tsl/framework/bfc_allocator.cc:1095] InUse at 7f78f2e0aa00 of size 256 next 162
2025-06-14 14:03:01.146778: I external/local_tsl/tsl/framework/bfc_allocator.cc:1095] InUse at 7f78f2e0ab00 of size 256 next 163
2025-06-14 14:03:01.147214: I external/local_tsl/tsl/framework/bfc_allocator.cc:1095] InUse at 7f78f2e0ac00 of size 256 next 164
2025-06-14 14:03:01.147689: I external/local_tsl/tsl/framework/bfc_allocator.cc:1095] InUse at 7f78f2e0ad00 of size 256 next 165
2025-06-14 14:03:01.148122: I external/local_tsl/tsl/framework/bfc_allocator.cc:1095] InUse at 7f78f2e0ae00 of size 512 next 167
2025-06-14 14:03:01.148589: I external/local_tsl/tsl/framework/bfc_allocator.cc:1095] InUse at 7f78f2e0b000 of size 512 next 168
2025-06-14 14:03:01.149067: I external/local_tsl/tsl/framework/bfc_allocator.cc:1095] InUse at 7f78f2e0b200 of size 512 next 169
2025-06-14 14:03:01.149527: I external/local_tsl/tsl/framework/bfc_allocator.cc:1095] InUse at 7f78f2e0b400 of size 512 next 170
2025-06-14 14:03:01.149998: I external/local_tsl/tsl/framework/bfc_allocator.cc:1095] InUse at 7f78f2e0b600 of size 512 next 171
2025-06-14 14:03:01.150466: I external/local_tsl/tsl/framework/bfc_allocator.cc:1095] InUse at 7f78f2e0b800 of size 512 next 172
2025-06-14 14:03:01.150927: I external/local_tsl/tsl/framework/bfc_allocator.cc:1095] InUse at 7f78f2e0ba00 of size 512 next 174
2025-06-14 14:03:01.151366: I external/local_tsl/tsl/framework/bfc_allocator.cc:1095] InUse at 7f78f2e0bc00 of size 512 next 175
2025-06-14 14:03:01.151901: I external/local_tsl/tsl/framework/bfc_allocator.cc:1095] InUse at 7f78f2e0be00 of size 512 next 176
2025-06-14 14:03:01.152360: I external/local_tsl/tsl/framework/bfc_allocator.cc:1095] InUse at 7f78f2e0c000 of size 512 next 177
2025-06-14 14:03:01.152809: I external/local_tsl/tsl/framework/bfc_allocator.cc:1095] InUse at 7f78f2e0c200 of size 512 next 178
2025-06-14 14:03:01.153267: I external/local_tsl/tsl/framework/bfc_allocator.cc:1095] InUse at 7f78f2e0c400 of size 512 next 179
2025-06-14 14:03:01.153752: I external/local_tsl/tsl/framework/bfc_allocator.cc:1095] InUse at 7f78f2e0c600 of size 1024 next 181
2025-06-14 14:03:01.154209: I external/local_tsl/tsl/framework/bfc_allocator.cc:1095] InUse at 7f78f2e0ca00 of size 1024 next 182
2025-06-14 14:03:01.154667: I external/local_tsl/tsl/framework/bfc_allocator.cc:1095] InUse at 7f78f2e0ce00 of size 1024 next 183
2025-06-14 14:03:01.155128: I external/local_tsl/tsl/framework/bfc_allocator.cc:1095] InUse at 7f78f2e0d200 of size 1024 next 184
2025-06-14 14:03:01.155596: I external/local_tsl/tsl/framework/bfc_allocator.cc:1095] InUse at 7f78f2e0d600 of size 1024 next 185
2025-06-14 14:03:01.156065: I external/local_tsl/tsl/framework/bfc_allocator.cc:1095] InUse at 7f78f2e0da00 of size 1024 next 186
2025-06-14 14:03:01.156537: I external/local_tsl/tsl/framework/bfc_allocator.cc:1095] InUse at 7f78f2e0de00 of size 1024 next 188
2025-06-14 14:03:01.156982: I external/local_tsl/tsl/framework/bfc_allocator.cc:1095] InUse at 7f78f2e0e200 of size 1024 next 189
2025-06-14 14:03:01.157478: I external/local_tsl/tsl/framework/bfc_allocator.cc:1095] InUse at 7f78f2e0e600 of size 1024 next 190
2025-06-14 14:03:01.157955: I external/local_tsl/tsl/framework/bfc_allocator.cc:1095] InUse at 7f78f2e0ea00 of size 1024 next 191
2025-06-14 14:03:01.158411: I external/local_tsl/tsl/framework/bfc_allocator.cc:1095] InUse at 7f78f2e0ee00 of size 1024 next 192
2025-06-14 14:03:01.158855: I external/local_tsl/tsl/framework/bfc_allocator.cc:1095] InUse at 7f78f2e0f200 of size 1024 next 193
2025-06-14 14:03:01.159320: I external/local_tsl/tsl/framework/bfc_allocator.cc:1095] InUse at 7f78f2e0f600 of size 512 next 196
2025-06-14 14:03:01.159800: I external/local_tsl/tsl/framework/bfc_allocator.cc:1095] InUse at 7f78f2e0f800 of size 512 next 197
2025-06-14 14:03:01.160264: I external/local_tsl/tsl/framework/bfc_allocator.cc:1095] InUse at 7f78f2e0fa00 of size 512 next 199
2025-06-14 14:03:01.160786: I external/local_tsl/tsl/framework/bfc_allocator.cc:1095] InUse at 7f78f2e0fc00 of size 512 next 200
2025-06-14 14:03:01.161312: I external/local_tsl/tsl/framework/bfc_allocator.cc:1095] InUse at 7f78f2e0fe00 of size 512 next 201
2025-06-14 14:03:01.161772: I external/local_tsl/tsl/framework/bfc_allocator.cc:1095] InUse at 7f78f2e10000 of size 512 next 202
2025-06-14 14:03:01.162237: I external/local_tsl/tsl/framework/bfc_allocator.cc:1095] InUse at 7f78f2e10200 of size 512 next 203
2025-06-14 14:03:01.162662: I external/local_tsl/tsl/framework/bfc_allocator.cc:1095] InUse at 7f78f2e10400 of size 512 next 204
2025-06-14 14:03:01.163119: I external/local_tsl/tsl/framework/bfc_allocator.cc:1095] InUse at 7f78f2e10600 of size 512 next 207
2025-06-14 14:03:01.163553: I external/local_tsl/tsl/framework/bfc_allocator.cc:1095] InUse at 7f78f2e10800 of size 512 next 208
2025-06-14 14:03:01.164058: I external/local_tsl/tsl/framework/bfc_allocator.cc:1095] InUse at 7f78f2e10a00 of size 512 next 209
2025-06-14 14:03:01.164530: I external/local_tsl/tsl/framework/bfc_allocator.cc:1095] InUse at 7f78f2e10c00 of size 512 next 210
2025-06-14 14:03:01.165007: I external/local_tsl/tsl/framework/bfc_allocator.cc:1095] InUse at 7f78f2e10e00 of size 512 next 211
2025-06-14 14:03:01.165450: I external/local_tsl/tsl/framework/bfc_allocator.cc:1095] InUse at 7f78f2e11000 of size 512 next 212
2025-06-14 14:03:01.165893: I external/local_tsl/tsl/framework/bfc_allocator.cc:1095] InUse at 7f78f2e11200 of size 256 next 215
2025-06-14 14:03:01.166374: I external/local_tsl/tsl/framework/bfc_allocator.cc:1095] InUse at 7f78f2e11300 of size 256 next 216
2025-06-14 14:03:01.166829: I external/local_tsl/tsl/framework/bfc_allocator.cc:1095] InUse at 7f78f2e11400 of size 256 next 219
2025-06-14 14:03:01.167271: I external/local_tsl/tsl/framework/bfc_allocator.cc:1095] InUse at 7f78f2e11500 of size 256 next 220
2025-06-14 14:03:01.167716: I external/local_tsl/tsl/framework/bfc_allocator.cc:1095] InUse at 7f78f2e11600 of size 256 next 221
2025-06-14 14:03:01.168165: I external/local_tsl/tsl/framework/bfc_allocator.cc:1095] InUse at 7f78f2e11700 of size 256 next 222
2025-06-14 14:03:01.168614: I external/local_tsl/tsl/framework/bfc_allocator.cc:1095] InUse at 7f78f2e11800 of size 256 next 223
2025-06-14 14:03:01.169062: I external/local_tsl/tsl/framework/bfc_allocator.cc:1095] InUse at 7f78f2e11900 of size 256 next 224
2025-06-14 14:03:01.169512: I external/local_tsl/tsl/framework/bfc_allocator.cc:1095] InUse at 7f78f2e11a00 of size 256 next 227
2025-06-14 14:03:01.169996: I external/local_tsl/tsl/framework/bfc_allocator.cc:1095] InUse at 7f78f2e11b00 of size 256 next 228
2025-06-14 14:03:01.170450: I external/local_tsl/tsl/framework/bfc_allocator.cc:1095] InUse at 7f78f2e11c00 of size 256 next 229
2025-06-14 14:03:01.170914: I external/local_tsl/tsl/framework/bfc_allocator.cc:1095] InUse at 7f78f2e11d00 of size 256 next 230
2025-06-14 14:03:01.171371: I external/local_tsl/tsl/framework/bfc_allocator.cc:1095] InUse at 7f78f2e11e00 of size 256 next 231
2025-06-14 14:03:01.171822: I external/local_tsl/tsl/framework/bfc_allocator.cc:1095] InUse at 7f78f2e11f00 of size 256 next 232
2025-06-14 14:03:01.172271: I external/local_tsl/tsl/framework/bfc_allocator.cc:1095] InUse at 7f78f2e12000 of size 65536 next 233
2025-06-14 14:03:01.172675: I external/local_tsl/tsl/framework/bfc_allocator.cc:1095] InUse at 7f78f2e22000 of size 95232 next 19
2025-06-14 14:03:01.173113: I external/local_tsl/tsl/framework/bfc_allocator.cc:1095] InUse at 7f78f2e39400 of size 110592 next 18
2025-06-14 14:03:01.173464: I external/local_tsl/tsl/framework/bfc_allocator.cc:1095] InUse at 7f78f2e54400 of size 65536 next 115
2025-06-14 14:03:01.173864: I external/local_tsl/tsl/framework/bfc_allocator.cc:1095] InUse at 7f78f2e64400 of size 256 next 112
2025-06-14 14:03:01.174305: I external/local_tsl/tsl/framework/bfc_allocator.cc:1095] InUse at 7f78f2e64500 of size 256 next 114
2025-06-14 14:03:01.174741: I external/local_tsl/tsl/framework/bfc_allocator.cc:1095] InUse at 7f78f2e64600 of size 256 next 113
2025-06-14 14:03:01.175199: I external/local_tsl/tsl/framework/bfc_allocator.cc:1095] InUse at 7f78f2e64700 of size 256 next 111
2025-06-14 14:03:01.175656: I external/local_tsl/tsl/framework/bfc_allocator.cc:1095] InUse at 7f78f2e64800 of size 256 next 117
2025-06-14 14:03:01.176077: I external/local_tsl/tsl/framework/bfc_allocator.cc:1095] InUse at 7f78f2e64900 of size 256 next 118
2025-06-14 14:03:01.176517: I external/local_tsl/tsl/framework/bfc_allocator.cc:1095] InUse at 7f78f2e64a00 of size 256 next 120
2025-06-14 14:03:01.176941: I external/local_tsl/tsl/framework/bfc_allocator.cc:1095] InUse at 7f78f2e64b00 of size 256 next 119
2025-06-14 14:03:01.177367: I external/local_tsl/tsl/framework/bfc_allocator.cc:1095] InUse at 7f78f2e64c00 of size 256 next 121
2025-06-14 14:03:01.177816: I external/local_tsl/tsl/framework/bfc_allocator.cc:1095] InUse at 7f78f2e64d00 of size 256 next 123
2025-06-14 14:03:01.178285: I external/local_tsl/tsl/framework/bfc_allocator.cc:1095] InUse at 7f78f2e64e00 of size 256 next 124
2025-06-14 14:03:01.178748: I external/local_tsl/tsl/framework/bfc_allocator.cc:1095] InUse at 7f78f2e64f00 of size 256 next 125
2025-06-14 14:03:01.179402: I external/local_tsl/tsl/framework/bfc_allocator.cc:1095] InUse at 7f78f2e65000 of size 256 next 126
2025-06-14 14:03:01.179860: I external/local_tsl/tsl/framework/bfc_allocator.cc:1095] InUse at 7f78f2e65100 of size 256 next 128
2025-06-14 14:03:01.180305: I external/local_tsl/tsl/framework/bfc_allocator.cc:1095] InUse at 7f78f2e65200 of size 256 next 127
2025-06-14 14:03:01.180736: I external/local_tsl/tsl/framework/bfc_allocator.cc:1095] InUse at 7f78f2e65300 of size 256 next 129
2025-06-14 14:03:01.181233: I external/local_tsl/tsl/framework/bfc_allocator.cc:1095] InUse at 7f78f2e65400 of size 256 next 130
2025-06-14 14:03:01.181676: I external/local_tsl/tsl/framework/bfc_allocator.cc:1095] InUse at 7f78f2e65500 of size 256 next 131
2025-06-14 14:03:01.182093: I external/local_tsl/tsl/framework/bfc_allocator.cc:1095] InUse at 7f78f2e65600 of size 256 next 132
2025-06-14 14:03:01.182567: I external/local_tsl/tsl/framework/bfc_allocator.cc:1095] InUse at 7f78f2e65700 of size 256 next 133
2025-06-14 14:03:01.183021: I external/local_tsl/tsl/framework/bfc_allocator.cc:1095] InUse at 7f78f2e65800 of size 256 next 137
2025-06-14 14:03:01.183465: I external/local_tsl/tsl/framework/bfc_allocator.cc:1095] InUse at 7f78f2e65900 of size 256 next 136
2025-06-14 14:03:01.183867: I external/local_tsl/tsl/framework/bfc_allocator.cc:1095] InUse at 7f78f2e65a00 of size 3584 next 138
2025-06-14 14:03:01.184348: I external/local_tsl/tsl/framework/bfc_allocator.cc:1095] InUse at 7f78f2e66800 of size 3584 next 139
2025-06-14 14:03:01.184770: I external/local_tsl/tsl/framework/bfc_allocator.cc:1095] InUse at 7f78f2e67600 of size 256 next 140
2025-06-14 14:03:01.185182: I external/local_tsl/tsl/framework/bfc_allocator.cc:1095] InUse at 7f78f2e67700 of size 256 next 141
2025-06-14 14:03:01.185597: I external/local_tsl/tsl/framework/bfc_allocator.cc:1095] InUse at 7f78f2e67800 of size 256 next 142
2025-06-14 14:03:01.186033: I external/local_tsl/tsl/framework/bfc_allocator.cc:1095] InUse at 7f78f2e67900 of size 256 next 143
2025-06-14 14:03:01.186499: I external/local_tsl/tsl/framework/bfc_allocator.cc:1095] InUse at 7f78f2e67a00 of size 256 next 144
2025-06-14 14:03:01.186980: I external/local_tsl/tsl/framework/bfc_allocator.cc:1095] InUse at 7f78f2e67b00 of size 256 next 145
2025-06-14 14:03:01.187457: I external/local_tsl/tsl/framework/bfc_allocator.cc:1095] InUse at 7f78f2e67c00 of size 141312 next 27
2025-06-14 14:03:01.187815: I external/local_tsl/tsl/framework/bfc_allocator.cc:1095] InUse at 7f78f2e8a400 of size 221184 next 26
2025-06-14 14:03:01.188181: I external/local_tsl/tsl/framework/bfc_allocator.cc:1095] InUse at 7f78f2ec0400 of size 442368 next 159
2025-06-14 14:03:01.188626: I external/local_tsl/tsl/framework/bfc_allocator.cc:1095] InUse at 7f78f2f2c400 of size 867328 next 18446744073709551615
2025-06-14 14:03:01.189024: I external/local_tsl/tsl/framework/bfc_allocator.cc:1075] Next region of size 4194304
2025-06-14 14:03:01.189493: I external/local_tsl/tsl/framework/bfc_allocator.cc:1095] InUse at 7f78f3400000 of size 442368 next 37
2025-06-14 14:03:01.189866: I external/local_tsl/tsl/framework/bfc_allocator.cc:1095] InUse at 7f78f346c000 of size 221184 next 116
2025-06-14 14:03:01.190222: I external/local_tsl/tsl/framework/bfc_allocator.cc:1095] InUse at 7f78f34a2000 of size 110592 next 122
2025-06-14 14:03:01.190589: I external/local_tsl/tsl/framework/bfc_allocator.cc:1095] InUse at 7f78f34bd000 of size 192512 next 99
2025-06-14 14:03:01.190979: I external/local_tsl/tsl/framework/bfc_allocator.cc:1095] InUse at 7f78f34ec000 of size 360448 next 44
2025-06-14 14:03:01.191370: I external/local_tsl/tsl/framework/bfc_allocator.cc:1095] InUse at 7f78f3544000 of size 884736 next 43
2025-06-14 14:03:01.191753: I external/local_tsl/tsl/framework/bfc_allocator.cc:1095] InUse at 7f78f361c000 of size 1982464 next 18446744073709551615
2025-06-14 14:03:01.192171: I external/local_tsl/tsl/framework/bfc_allocator.cc:1075] Next region of size 8388608
2025-06-14 14:03:01.192619: I external/local_tsl/tsl/framework/bfc_allocator.cc:1095] InUse at 7f78f3800000 of size 884736 next 166
2025-06-14 14:03:01.192994: I external/local_tsl/tsl/framework/bfc_allocator.cc:1095] InUse at 7f78f38d8000 of size 884736 next 54
2025-06-14 14:03:01.193378: I external/local_tsl/tsl/framework/bfc_allocator.cc:1095] InUse at 7f78f39b0000 of size 1769472 next 52
2025-06-14 14:03:01.193785: I external/local_tsl/tsl/framework/bfc_allocator.cc:1095] InUse at 7f78f3b60000 of size 4849664 next 18446744073709551615
2025-06-14 14:03:01.194263: I external/local_tsl/tsl/framework/bfc_allocator.cc:1100]      Summary of in-use Chunks by size: 
2025-06-14 14:03:01.194691: I external/local_tsl/tsl/framework/bfc_allocator.cc:1103] 155 Chunks of size 256 totalling 38.8KiB
2025-06-14 14:03:01.195139: I external/local_tsl/tsl/framework/bfc_allocator.cc:1103] 55 Chunks of size 512 totalling 27.5KiB
2025-06-14 14:03:01.195593: I external/local_tsl/tsl/framework/bfc_allocator.cc:1103] 26 Chunks of size 1024 totalling 26.0KiB
2025-06-14 14:03:01.196053: I external/local_tsl/tsl/framework/bfc_allocator.cc:1103] 1 Chunks of size 1280 totalling 1.2KiB
2025-06-14 14:03:01.196486: I external/local_tsl/tsl/framework/bfc_allocator.cc:1103] 3 Chunks of size 3584 totalling 10.5KiB
2025-06-14 14:03:01.196929: I external/local_tsl/tsl/framework/bfc_allocator.cc:1103] 2 Chunks of size 65536 totalling 128.0KiB
2025-06-14 14:03:01.197420: I external/local_tsl/tsl/framework/bfc_allocator.cc:1103] 1 Chunks of size 95232 totalling 93.0KiB
2025-06-14 14:03:01.197942: I external/local_tsl/tsl/framework/bfc_allocator.cc:1103] 4 Chunks of size 110592 totalling 432.0KiB
2025-06-14 14:03:01.198415: I external/local_tsl/tsl/framework/bfc_allocator.cc:1103] 1 Chunks of size 141312 totalling 138.0KiB
2025-06-14 14:03:01.198871: I external/local_tsl/tsl/framework/bfc_allocator.cc:1103] 1 Chunks of size 192512 totalling 188.0KiB
2025-06-14 14:03:01.199366: I external/local_tsl/tsl/framework/bfc_allocator.cc:1103] 6 Chunks of size 221184 totalling 1.27MiB
2025-06-14 14:03:01.199931: I external/local_tsl/tsl/framework/bfc_allocator.cc:1103] 2 Chunks of size 262144 totalling 512.0KiB
2025-06-14 14:03:01.200439: I external/local_tsl/tsl/framework/bfc_allocator.cc:1103] 1 Chunks of size 360448 totalling 352.0KiB
2025-06-14 14:03:01.200927: I external/local_tsl/tsl/framework/bfc_allocator.cc:1103] 5 Chunks of size 442368 totalling 2.11MiB
2025-06-14 14:03:01.201456: I external/local_tsl/tsl/framework/bfc_allocator.cc:1103] 1 Chunks of size 867328 totalling 847.0KiB
2025-06-14 14:03:01.202008: I external/local_tsl/tsl/framework/bfc_allocator.cc:1103] 6 Chunks of size 884736 totalling 5.06MiB
2025-06-14 14:03:01.202531: I external/local_tsl/tsl/framework/bfc_allocator.cc:1103] 2 Chunks of size 1048576 totalling 2.00MiB
2025-06-14 14:03:01.203058: I external/local_tsl/tsl/framework/bfc_allocator.cc:1103] 6 Chunks of size 1769472 totalling 10.12MiB
2025-06-14 14:03:01.203562: I external/local_tsl/tsl/framework/bfc_allocator.cc:1103] 1 Chunks of size 1982464 totalling 1.89MiB
2025-06-14 14:03:01.204096: I external/local_tsl/tsl/framework/bfc_allocator.cc:1103] 4 Chunks of size 3538944 totalling 13.50MiB
2025-06-14 14:03:01.204629: I external/local_tsl/tsl/framework/bfc_allocator.cc:1103] 1 Chunks of size 4063232 totalling 3.88MiB
2025-06-14 14:03:01.205128: I external/local_tsl/tsl/framework/bfc_allocator.cc:1103] 1 Chunks of size 4849664 totalling 4.62MiB
2025-06-14 14:03:01.205639: I external/local_tsl/tsl/framework/bfc_allocator.cc:1103] 2 Chunks of size 7077888 totalling 13.50MiB
2025-06-14 14:03:01.206206: I external/local_tsl/tsl/framework/bfc_allocator.cc:1103] 1 Chunks of size 12320768 totalling 11.75MiB
2025-06-14 14:03:01.206654: I external/local_tsl/tsl/framework/bfc_allocator.cc:1103] 2 Chunks of size 15138816 totalling 28.88MiB
2025-06-14 14:03:01.207068: I external/local_tsl/tsl/framework/bfc_allocator.cc:1103] 4 Chunks of size 30277632 totalling 115.50MiB
2025-06-14 14:03:01.207506: I external/local_tsl/tsl/framework/bfc_allocator.cc:1103] 2 Chunks of size 60555264 totalling 115.50MiB
2025-06-14 14:03:01.207945: I external/local_tsl/tsl/framework/bfc_allocator.cc:1103] 1 Chunks of size 73662464 totalling 70.25MiB
2025-06-14 14:03:01.208413: I external/local_tsl/tsl/framework/bfc_allocator.cc:1103] 1 Chunks of size 116654080 totalling 111.25MiB
2025-06-14 14:03:01.208840: I external/local_tsl/tsl/framework/bfc_allocator.cc:1103] 6 Chunks of size 121110528 totalling 693.00MiB
2025-06-14 14:03:01.209248: I external/local_tsl/tsl/framework/bfc_allocator.cc:1103] 2 Chunks of size 209715200 totalling 400.00MiB
2025-06-14 14:03:01.209692: I external/local_tsl/tsl/framework/bfc_allocator.cc:1103] 3 Chunks of size 242221056 totalling 693.00MiB
2025-06-14 14:03:01.210073: I external/local_tsl/tsl/framework/bfc_allocator.cc:1103] 8 Chunks of size 484442112 totalling 3.61GiB
2025-06-14 14:03:01.210450: I external/local_tsl/tsl/framework/bfc_allocator.cc:1103] 1 Chunks of size 968884224 totalling 924.00MiB
2025-06-14 14:03:01.210822: I external/local_tsl/tsl/framework/bfc_allocator.cc:1103] 6 Chunks of size 1937768448 totalling 10.83GiB
2025-06-14 14:03:01.211256: I external/local_tsl/tsl/framework/bfc_allocator.cc:1107] Sum Total of in-use chunks: 17.58GiB
2025-06-14 14:03:01.211760: I external/local_tsl/tsl/framework/bfc_allocator.cc:1109] Total bytes in pool: 23575789568 memory_limit_: 23575789568 available bytes: 0 curr_region_allocation_bytes_: 34359738368
2025-06-14 14:03:01.212163: I external/local_tsl/tsl/framework/bfc_allocator.cc:1114] Stats: 
Limit:                     23575789568
InUse:                     18882553856
MaxInUse:                  22800760320
NumAllocs:                         912
MaxAllocSize:               4135495424
Reserved:                            0
PeakReserved:                        0
LargestFreeBlock:                    0

2025-06-14 14:03:01.212609: W external/local_tsl/tsl/framework/bfc_allocator.cc:497] ________*********________************************************_**************************************
2025-06-14 14:03:01.212976: W tensorflow/core/framework/op_kernel.cc:1839] OP_REQUIRES failed at concat_op.cc:165 : RESOURCE_EXHAUSTED: OOM when allocating tensor with shape[2,64,192,224,176] and type float on /job:localhost/replica:0/task:0/device:GPU:0 by allocator GPU_0_bfc
Traceback (most recent call last):
  File "/mnt/beegfs/hellgate/home/rb194958e/stroke_segmentation_sota/batch_wise_train.py", line 277, in <module>
    if main():
       ^^^^^^
  File "/mnt/beegfs/hellgate/home/rb194958e/stroke_segmentation_sota/batch_wise_train.py", line 256, in main
    history = model.fit(
              ^^^^^^^^^^
  File "/mnt/beegfs/hellgate/home/rb194958e/.conda/envs/tf215_env/lib/python3.11/site-packages/keras/src/utils/traceback_utils.py", line 70, in error_handler
    raise e.with_traceback(filtered_tb) from None
  File "/mnt/beegfs/hellgate/home/rb194958e/.conda/envs/tf215_env/lib/python3.11/site-packages/tensorflow/python/eager/execute.py", line 53, in quick_execute
    tensors = pywrap_tfe.TFE_Py_Execute(ctx._handle, device_name, op_name,
  ^^^^^^^^^^^^^^^^^^^^^^^^^^^^^^^^^^^^^^^^^^^^^^^^^^^^^^^^^^^^^^^^^^^^^^^^
tensorflow.python.framework.errors_impl.ResourceExhaustedError: Graph execution error:

Detected at node model/concatenate_2/concat defined at (most recent call last):
  File "/mnt/beegfs/hellgate/home/rb194958e/stroke_segmentation_sota/batch_wise_train.py", line 277, in <module>

  File "/mnt/beegfs/hellgate/home/rb194958e/stroke_segmentation_sota/batch_wise_train.py", line 256, in main

  File "/mnt/beegfs/hellgate/home/rb194958e/.conda/envs/tf215_env/lib/python3.11/site-packages/keras/src/utils/traceback_utils.py", line 65, in error_handler

  File "/mnt/beegfs/hellgate/home/rb194958e/.conda/envs/tf215_env/lib/python3.11/site-packages/keras/src/engine/training.py", line 1807, in fit

  File "/mnt/beegfs/hellgate/home/rb194958e/.conda/envs/tf215_env/lib/python3.11/site-packages/keras/src/engine/training.py", line 1401, in train_function

  File "/mnt/beegfs/hellgate/home/rb194958e/.conda/envs/tf215_env/lib/python3.11/site-packages/keras/src/engine/training.py", line 1384, in step_function

  File "/mnt/beegfs/hellgate/home/rb194958e/.conda/envs/tf215_env/lib/python3.11/site-packages/keras/src/engine/training.py", line 1373, in run_step

  File "/mnt/beegfs/hellgate/home/rb194958e/.conda/envs/tf215_env/lib/python3.11/site-packages/keras/src/engine/training.py", line 1150, in train_step

  File "/mnt/beegfs/hellgate/home/rb194958e/.conda/envs/tf215_env/lib/python3.11/site-packages/keras/src/utils/traceback_utils.py", line 65, in error_handler

  File "/mnt/beegfs/hellgate/home/rb194958e/.conda/envs/tf215_env/lib/python3.11/site-packages/keras/src/engine/training.py", line 590, in __call__

  File "/mnt/beegfs/hellgate/home/rb194958e/.conda/envs/tf215_env/lib/python3.11/site-packages/keras/src/utils/traceback_utils.py", line 65, in error_handler

  File "/mnt/beegfs/hellgate/home/rb194958e/.conda/envs/tf215_env/lib/python3.11/site-packages/keras/src/engine/base_layer.py", line 1149, in __call__

  File "/mnt/beegfs/hellgate/home/rb194958e/.conda/envs/tf215_env/lib/python3.11/site-packages/keras/src/utils/traceback_utils.py", line 96, in error_handler

  File "/mnt/beegfs/hellgate/home/rb194958e/.conda/envs/tf215_env/lib/python3.11/site-packages/keras/src/engine/functional.py", line 515, in call

  File "/mnt/beegfs/hellgate/home/rb194958e/.conda/envs/tf215_env/lib/python3.11/site-packages/keras/src/engine/functional.py", line 672, in _run_internal_graph

  File "/mnt/beegfs/hellgate/home/rb194958e/.conda/envs/tf215_env/lib/python3.11/site-packages/keras/src/utils/traceback_utils.py", line 65, in error_handler

  File "/mnt/beegfs/hellgate/home/rb194958e/.conda/envs/tf215_env/lib/python3.11/site-packages/keras/src/engine/base_layer.py", line 1149, in __call__

  File "/mnt/beegfs/hellgate/home/rb194958e/.conda/envs/tf215_env/lib/python3.11/site-packages/keras/src/utils/traceback_utils.py", line 96, in error_handler

  File "/mnt/beegfs/hellgate/home/rb194958e/.conda/envs/tf215_env/lib/python3.11/site-packages/keras/src/layers/merging/base_merge.py", line 196, in call

  File "/mnt/beegfs/hellgate/home/rb194958e/.conda/envs/tf215_env/lib/python3.11/site-packages/keras/src/layers/merging/concatenate.py", line 134, in _merge_function

  File "/mnt/beegfs/hellgate/home/rb194958e/.conda/envs/tf215_env/lib/python3.11/site-packages/keras/src/backend.py", line 3580, in concatenate

OOM when allocating tensor with shape[2,64,192,224,176] and type float on /job:localhost/replica:0/task:0/device:GPU:0 by allocator GPU_0_bfc
	 [[{{node model/concatenate_2/concat}}]]
Hint: If you want to see a list of allocated tensors when OOM happens, add report_tensor_allocations_upon_oom to RunOptions for current allocation info. This isn't available when running in Eager mode.
 [Op:__inference_train_function_7309]
2025-06-14 14:03:01.383253: W tensorflow/core/kernels/data/generator_dataset_op.cc:108] Error occurred when finalizing GeneratorDataset iterator: FAILED_PRECONDITION: Python interpreter state is not initialized. The process may be terminated.
	 [[{{node PyFunc}}]]
/var/spool/slurmd/job1123779/slurm_script: line 320: EOF: command not found
/var/spool/slurmd/job1123779/slurm_script: line 330: unexpected EOF while looking for matching ``'
/var/spool/slurmd/job1123779/slurm_script: line 339: syntax error: unexpected end of file
