2025-06-14 18:55:17.300977: I tensorflow/core/util/port.cc:113] oneDNN custom operations are on. You may see slightly different numerical results due to floating-point round-off errors from different computation orders. To turn them off, set the environment variable `TF_ENABLE_ONEDNN_OPTS=0`.
2025-06-14 18:55:18.050620: E external/local_xla/xla/stream_executor/cuda/cuda_dnn.cc:9261] Unable to register cuDNN factory: Attempting to register factory for plugin cuDNN when one has already been registered
2025-06-14 18:55:18.051293: E external/local_xla/xla/stream_executor/cuda/cuda_fft.cc:607] Unable to register cuFFT factory: Attempting to register factory for plugin cuFFT when one has already been registered
2025-06-14 18:55:18.166688: E external/local_xla/xla/stream_executor/cuda/cuda_blas.cc:1515] Unable to register cuBLAS factory: Attempting to register factory for plugin cuBLAS when one has already been registered
2025-06-14 18:55:18.423030: I tensorflow/core/platform/cpu_feature_guard.cc:182] This TensorFlow binary is optimized to use available CPU instructions in performance-critical operations.
To enable the following instructions: AVX2 AVX512F AVX512_VNNI FMA, in other operations, rebuild TensorFlow with the appropriate compiler flags.
2025-06-14 18:55:25.206937: W tensorflow/compiler/tf2tensorrt/utils/py_utils.cc:38] TF-TRT Warning: Could not find TensorRT
INFO:__main__:🚀 Starting Stroke Lesion Segmentation Training
INFO:__main__:Using 1 GPU(s)
INFO:__main__:Creating data generators...
INFO:__main__:Found 655 valid image/mask pairs
INFO:__main__:Found 655 valid image/mask pairs
INFO:__main__:Training batches: 262
INFO:__main__:Validation batches: 65
INFO:__main__:Building model...
2025-06-14 18:55:39.930792: I tensorflow/core/common_runtime/gpu/gpu_device.cc:1929] Created device /job:localhost/replica:0/task:0/device:GPU:0 with 22483 MB memory:  -> device: 0, name: NVIDIA RTX 4500 Ada Generation, pci bus id: 0000:1c:00.0, compute capability: 8.9
INFO:__main__:Model parameters: 5,605,345
INFO:__main__:Starting training...
pixdim[0] (qfac) should be 1 (default) or -1; setting qfac to 1
INFO:nibabel.global:pixdim[0] (qfac) should be 1 (default) or -1; setting qfac to 1
pixdim[0] (qfac) should be 1 (default) or -1; setting qfac to 1
INFO:nibabel.global:pixdim[0] (qfac) should be 1 (default) or -1; setting qfac to 1
pixdim[0] (qfac) should be 1 (default) or -1; setting qfac to 1
INFO:nibabel.global:pixdim[0] (qfac) should be 1 (default) or -1; setting qfac to 1
pixdim[0] (qfac) should be 1 (default) or -1; setting qfac to 1
INFO:nibabel.global:pixdim[0] (qfac) should be 1 (default) or -1; setting qfac to 1
2025-06-14 18:55:47.658724: I external/local_xla/xla/stream_executor/cuda/cuda_dnn.cc:454] Loaded cuDNN version 8907
pixdim[0] (qfac) should be 1 (default) or -1; setting qfac to 1
INFO:nibabel.global:pixdim[0] (qfac) should be 1 (default) or -1; setting qfac to 1
pixdim[0] (qfac) should be 1 (default) or -1; setting qfac to 1
INFO:nibabel.global:pixdim[0] (qfac) should be 1 (default) or -1; setting qfac to 1
pixdim[0] (qfac) should be 1 (default) or -1; setting qfac to 1
INFO:nibabel.global:pixdim[0] (qfac) should be 1 (default) or -1; setting qfac to 1
pixdim[0] (qfac) should be 1 (default) or -1; setting qfac to 1
INFO:nibabel.global:pixdim[0] (qfac) should be 1 (default) or -1; setting qfac to 1
2025-06-14 18:56:04.132041: W external/local_tsl/tsl/framework/bfc_allocator.cc:296] Allocator (GPU_0_bfc) ran out of memory trying to allocate 2.27GiB with freed_by_count=0. The caller indicates that this is not a failure, but this may mean that there could be performance gains if more memory were available.
2025-06-14 18:56:04.233298: W external/local_tsl/tsl/framework/bfc_allocator.cc:296] Allocator (GPU_0_bfc) ran out of memory trying to allocate 2.30GiB with freed_by_count=0. The caller indicates that this is not a failure, but this may mean that there could be performance gains if more memory were available.
2025-06-14 18:56:04.234280: W external/local_tsl/tsl/framework/bfc_allocator.cc:296] Allocator (GPU_0_bfc) ran out of memory trying to allocate 2.27GiB with freed_by_count=0. The caller indicates that this is not a failure, but this may mean that there could be performance gains if more memory were available.
2025-06-14 18:56:04.854468: W external/local_tsl/tsl/framework/bfc_allocator.cc:296] Allocator (GPU_0_bfc) ran out of memory trying to allocate 2.27GiB with freed_by_count=0. The caller indicates that this is not a failure, but this may mean that there could be performance gains if more memory were available.
2025-06-14 18:56:04.907773: W external/local_tsl/tsl/framework/bfc_allocator.cc:296] Allocator (GPU_0_bfc) ran out of memory trying to allocate 2.30GiB with freed_by_count=0. The caller indicates that this is not a failure, but this may mean that there could be performance gains if more memory were available.
2025-06-14 18:56:04.908646: W external/local_tsl/tsl/framework/bfc_allocator.cc:296] Allocator (GPU_0_bfc) ran out of memory trying to allocate 2.27GiB with freed_by_count=0. The caller indicates that this is not a failure, but this may mean that there could be performance gains if more memory were available.
2025-06-14 18:56:15.529631: W external/local_tsl/tsl/framework/bfc_allocator.cc:485] Allocator (GPU_0_bfc) ran out of memory trying to allocate 3.61GiB (rounded to 3875536896)requested by op model/concatenate_2/concat
If the cause is memory fragmentation maybe the environment variable 'TF_GPU_ALLOCATOR=cuda_malloc_async' will improve the situation. 
Current allocation summary follows.
Current allocation summary follows.
2025-06-14 18:56:15.530551: I external/local_tsl/tsl/framework/bfc_allocator.cc:1039] BFCAllocator dump for GPU_0_bfc
2025-06-14 18:56:15.531336: I external/local_tsl/tsl/framework/bfc_allocator.cc:1046] Bin (256): 	Total Chunks: 155, Chunks in use: 155. 38.8KiB allocated for chunks. 38.8KiB in use in bin. 20.7KiB client-requested in use in bin.
2025-06-14 18:56:15.531955: I external/local_tsl/tsl/framework/bfc_allocator.cc:1046] Bin (512): 	Total Chunks: 56, Chunks in use: 55. 28.0KiB allocated for chunks. 27.5KiB in use in bin. 27.5KiB client-requested in use in bin.
2025-06-14 18:56:15.532532: I external/local_tsl/tsl/framework/bfc_allocator.cc:1046] Bin (1024): 	Total Chunks: 27, Chunks in use: 27. 27.2KiB allocated for chunks. 27.2KiB in use in bin. 27.0KiB client-requested in use in bin.
2025-06-14 18:56:15.532965: I external/local_tsl/tsl/framework/bfc_allocator.cc:1046] Bin (2048): 	Total Chunks: 3, Chunks in use: 3. 10.5KiB allocated for chunks. 10.5KiB in use in bin. 10.1KiB client-requested in use in bin.
2025-06-14 18:56:15.533400: I external/local_tsl/tsl/framework/bfc_allocator.cc:1046] Bin (4096): 	Total Chunks: 0, Chunks in use: 0. 0B allocated for chunks. 0B in use in bin. 0B client-requested in use in bin.
2025-06-14 18:56:15.533840: I external/local_tsl/tsl/framework/bfc_allocator.cc:1046] Bin (8192): 	Total Chunks: 0, Chunks in use: 0. 0B allocated for chunks. 0B in use in bin. 0B client-requested in use in bin.
2025-06-14 18:56:15.534260: I external/local_tsl/tsl/framework/bfc_allocator.cc:1046] Bin (16384): 	Total Chunks: 0, Chunks in use: 0. 0B allocated for chunks. 0B in use in bin. 0B client-requested in use in bin.
2025-06-14 18:56:15.534694: I external/local_tsl/tsl/framework/bfc_allocator.cc:1046] Bin (32768): 	Total Chunks: 0, Chunks in use: 0. 0B allocated for chunks. 0B in use in bin. 0B client-requested in use in bin.
2025-06-14 18:56:15.535184: I external/local_tsl/tsl/framework/bfc_allocator.cc:1046] Bin (65536): 	Total Chunks: 7, Chunks in use: 7. 653.0KiB allocated for chunks. 653.0KiB in use in bin. 624.0KiB client-requested in use in bin.
2025-06-14 18:56:15.535609: I external/local_tsl/tsl/framework/bfc_allocator.cc:1046] Bin (131072): 	Total Chunks: 8, Chunks in use: 8. 1.58MiB allocated for chunks. 1.58MiB in use in bin. 1.48MiB client-requested in use in bin.
2025-06-14 18:56:15.536088: I external/local_tsl/tsl/framework/bfc_allocator.cc:1046] Bin (262144): 	Total Chunks: 8, Chunks in use: 8. 2.95MiB allocated for chunks. 2.95MiB in use in bin. 2.86MiB client-requested in use in bin.
2025-06-14 18:56:15.536520: I external/local_tsl/tsl/framework/bfc_allocator.cc:1046] Bin (524288): 	Total Chunks: 7, Chunks in use: 7. 5.89MiB allocated for chunks. 5.89MiB in use in bin. 5.48MiB client-requested in use in bin.
2025-06-14 18:56:15.536946: I external/local_tsl/tsl/framework/bfc_allocator.cc:1046] Bin (1048576): 	Total Chunks: 9, Chunks in use: 9. 14.02MiB allocated for chunks. 14.02MiB in use in bin. 13.12MiB client-requested in use in bin.
2025-06-14 18:56:15.537375: I external/local_tsl/tsl/framework/bfc_allocator.cc:1046] Bin (2097152): 	Total Chunks: 5, Chunks in use: 5. 17.38MiB allocated for chunks. 17.38MiB in use in bin. 16.88MiB client-requested in use in bin.
2025-06-14 18:56:15.537780: I external/local_tsl/tsl/framework/bfc_allocator.cc:1046] Bin (4194304): 	Total Chunks: 3, Chunks in use: 3. 18.12MiB allocated for chunks. 18.12MiB in use in bin. 16.88MiB client-requested in use in bin.
2025-06-14 18:56:15.538191: I external/local_tsl/tsl/framework/bfc_allocator.cc:1046] Bin (8388608): 	Total Chunks: 3, Chunks in use: 3. 40.62MiB allocated for chunks. 40.62MiB in use in bin. 35.62MiB client-requested in use in bin.
2025-06-14 18:56:15.538597: I external/local_tsl/tsl/framework/bfc_allocator.cc:1046] Bin (16777216): 	Total Chunks: 5, Chunks in use: 4. 140.19MiB allocated for chunks. 115.50MiB in use in bin. 115.50MiB client-requested in use in bin.
2025-06-14 18:56:15.539064: I external/local_tsl/tsl/framework/bfc_allocator.cc:1046] Bin (33554432): 	Total Chunks: 2, Chunks in use: 2. 115.50MiB allocated for chunks. 115.50MiB in use in bin. 115.50MiB client-requested in use in bin.
2025-06-14 18:56:15.539494: I external/local_tsl/tsl/framework/bfc_allocator.cc:1046] Bin (67108864): 	Total Chunks: 8, Chunks in use: 8. 874.50MiB allocated for chunks. 874.50MiB in use in bin. 808.50MiB client-requested in use in bin.
2025-06-14 18:56:15.539938: I external/local_tsl/tsl/framework/bfc_allocator.cc:1046] Bin (134217728): 	Total Chunks: 5, Chunks in use: 5. 1.07GiB allocated for chunks. 1.07GiB in use in bin. 924.00MiB client-requested in use in bin.
2025-06-14 18:56:15.540359: I external/local_tsl/tsl/framework/bfc_allocator.cc:1046] Bin (268435456): 	Total Chunks: 18, Chunks in use: 15. 19.69GiB allocated for chunks. 15.34GiB in use in bin. 15.34GiB client-requested in use in bin.
2025-06-14 18:56:15.540797: I external/local_tsl/tsl/framework/bfc_allocator.cc:1062] Bin for 3.61GiB was 256.00MiB, Chunk State: 
2025-06-14 18:56:15.541202: I external/local_tsl/tsl/framework/bfc_allocator.cc:1068]   Size: 453.50MiB | Requested Size: 16.00MiB | in_use: 0 | bin_num: 20, prev:   Size: 462.00MiB | Requested Size: 462.00MiB | in_use: 1 | bin_num: -1
2025-06-14 18:56:15.541635: I external/local_tsl/tsl/framework/bfc_allocator.cc:1068]   Size: 1.80GiB | Requested Size: 1.80GiB | in_use: 0 | bin_num: 20, next:   Size: 1.80GiB | Requested Size: 1.80GiB | in_use: 1 | bin_num: -1
2025-06-14 18:56:15.542130: I external/local_tsl/tsl/framework/bfc_allocator.cc:1068]   Size: 2.10GiB | Requested Size: 1.82GiB | in_use: 0 | bin_num: 20, prev:   Size: 1.80GiB | Requested Size: 1.80GiB | in_use: 1 | bin_num: -1
2025-06-14 18:56:15.542543: I external/local_tsl/tsl/framework/bfc_allocator.cc:1075] Next region of size 6129582080
2025-06-14 18:56:15.543176: I external/local_tsl/tsl/framework/bfc_allocator.cc:1095] Free  at 7fe3a2000000 of size 1937768448 next 107
2025-06-14 18:56:15.543715: I external/local_tsl/tsl/framework/bfc_allocator.cc:1095] InUse at 7fe415800000 of size 1937768448 next 329
2025-06-14 18:56:15.544200: I external/local_tsl/tsl/framework/bfc_allocator.cc:1095] Free  at 7fe489000000 of size 2254045184 next 18446744073709551615
2025-06-14 18:56:15.544564: I external/local_tsl/tsl/framework/bfc_allocator.cc:1075] Next region of size 8589934592
2025-06-14 18:56:15.544985: I external/local_tsl/tsl/framework/bfc_allocator.cc:1095] InUse at 7fe53a000000 of size 1937768448 next 281
2025-06-14 18:56:15.545363: I external/local_tsl/tsl/framework/bfc_allocator.cc:1095] InUse at 7fe5ad800000 of size 242221056 next 282
2025-06-14 18:56:15.545786: I external/local_tsl/tsl/framework/bfc_allocator.cc:1095] InUse at 7fe5bbf00000 of size 484442112 next 283
2025-06-14 18:56:15.546192: I external/local_tsl/tsl/framework/bfc_allocator.cc:1095] InUse at 7fe5d8d00000 of size 484442112 next 284
2025-06-14 18:56:15.546547: I external/local_tsl/tsl/framework/bfc_allocator.cc:1095] InUse at 7fe5f5b00000 of size 484442112 next 29
2025-06-14 18:56:15.546901: I external/local_tsl/tsl/framework/bfc_allocator.cc:1095] InUse at 7fe612900000 of size 484442112 next 288
2025-06-14 18:56:15.547290: I external/local_tsl/tsl/framework/bfc_allocator.cc:1095] InUse at 7fe62f700000 of size 484442112 next 292
2025-06-14 18:56:15.547654: I external/local_tsl/tsl/framework/bfc_allocator.cc:1095] InUse at 7fe64c500000 of size 121110528 next 47
2025-06-14 18:56:15.548022: I external/local_tsl/tsl/framework/bfc_allocator.cc:1095] InUse at 7fe653880000 of size 121110528 next 296
2025-06-14 18:56:15.548519: I external/local_tsl/tsl/framework/bfc_allocator.cc:1095] InUse at 7fe65ac00000 of size 121110528 next 300
2025-06-14 18:56:15.549050: I external/local_tsl/tsl/framework/bfc_allocator.cc:1095] InUse at 7fe661f80000 of size 30277632 next 302
2025-06-14 18:56:15.549638: I external/local_tsl/tsl/framework/bfc_allocator.cc:1095] InUse at 7fe663c60000 of size 30277632 next 303
2025-06-14 18:56:15.550072: I external/local_tsl/tsl/framework/bfc_allocator.cc:1095] InUse at 7fe665940000 of size 30277632 next 66
2025-06-14 18:56:15.550485: I external/local_tsl/tsl/framework/bfc_allocator.cc:1095] InUse at 7fe667620000 of size 30277632 next 307
2025-06-14 18:56:15.550876: I external/local_tsl/tsl/framework/bfc_allocator.cc:1095] InUse at 7fe669300000 of size 121110528 next 76
2025-06-14 18:56:15.551260: I external/local_tsl/tsl/framework/bfc_allocator.cc:1095] InUse at 7fe670680000 of size 121110528 next 312
2025-06-14 18:56:15.551623: I external/local_tsl/tsl/framework/bfc_allocator.cc:1095] InUse at 7fe677a00000 of size 242221056 next 311
2025-06-14 18:56:15.552048: I external/local_tsl/tsl/framework/bfc_allocator.cc:1095] InUse at 7fe686100000 of size 121110528 next 85
2025-06-14 18:56:15.552454: I external/local_tsl/tsl/framework/bfc_allocator.cc:1095] InUse at 7fe68d480000 of size 484442112 next 325
2025-06-14 18:56:15.552832: I external/local_tsl/tsl/framework/bfc_allocator.cc:1095] InUse at 7fe6aa280000 of size 484442112 next 320
2025-06-14 18:56:15.553229: I external/local_tsl/tsl/framework/bfc_allocator.cc:1095] InUse at 7fe6c7080000 of size 968884224 next 319
2025-06-14 18:56:15.553586: I external/local_tsl/tsl/framework/bfc_allocator.cc:1095] InUse at 7fe700c80000 of size 484442112 next 91
2025-06-14 18:56:15.553935: I external/local_tsl/tsl/framework/bfc_allocator.cc:1095] Free  at 7fe71da80000 of size 475529216 next 18446744073709551615
2025-06-14 18:56:15.554316: I external/local_tsl/tsl/framework/bfc_allocator.cc:1075] Next region of size 4294967296
2025-06-14 18:56:15.554792: I external/local_tsl/tsl/framework/bfc_allocator.cc:1095] InUse at 7fe758000000 of size 1937768448 next 11
2025-06-14 18:56:15.555193: I external/local_tsl/tsl/framework/bfc_allocator.cc:1095] InUse at 7fe7cb800000 of size 1937768448 next 276
2025-06-14 18:56:15.555564: I external/local_tsl/tsl/framework/bfc_allocator.cc:1095] InUse at 7fe83f000000 of size 242221056 next 20
2025-06-14 18:56:15.555940: I external/local_tsl/tsl/framework/bfc_allocator.cc:1095] InUse at 7fe84d700000 of size 60555264 next 38
2025-06-14 18:56:15.556276: I external/local_tsl/tsl/framework/bfc_allocator.cc:1095] InUse at 7fe8510c0000 of size 116654080 next 18446744073709551615
2025-06-14 18:56:15.556615: I external/local_tsl/tsl/framework/bfc_allocator.cc:1075] Next region of size 2147483648
2025-06-14 18:56:15.557010: I external/local_tsl/tsl/framework/bfc_allocator.cc:1095] InUse at 7fe884000000 of size 1937768448 next 270
2025-06-14 18:56:15.557348: I external/local_tsl/tsl/framework/bfc_allocator.cc:1095] InUse at 7fe8f7800000 of size 209715200 next 18446744073709551615
2025-06-14 18:56:15.557682: I external/local_tsl/tsl/framework/bfc_allocator.cc:1075] Next region of size 2147483648
2025-06-14 18:56:15.558156: I external/local_tsl/tsl/framework/bfc_allocator.cc:1095] InUse at 7fe90c000000 of size 1937768448 next 268
2025-06-14 18:56:15.558528: I external/local_tsl/tsl/framework/bfc_allocator.cc:1095] InUse at 7fe97f800000 of size 209715200 next 18446744073709551615
2025-06-14 18:56:15.558871: I external/local_tsl/tsl/framework/bfc_allocator.cc:1075] Next region of size 134217728
2025-06-14 18:56:15.559335: I external/local_tsl/tsl/framework/bfc_allocator.cc:1095] InUse at 7fea1a000000 of size 60555264 next 264
2025-06-14 18:56:15.559660: I external/local_tsl/tsl/framework/bfc_allocator.cc:1095] InUse at 7fea1d9c0000 of size 73662464 next 18446744073709551615
2025-06-14 18:56:15.559997: I external/local_tsl/tsl/framework/bfc_allocator.cc:1075] Next region of size 67108864
2025-06-14 18:56:15.560407: I external/local_tsl/tsl/framework/bfc_allocator.cc:1095] InUse at 7fea22000000 of size 3538944 next 198
2025-06-14 18:56:15.560737: I external/local_tsl/tsl/framework/bfc_allocator.cc:1095] InUse at 7fea22360000 of size 1769472 next 205
2025-06-14 18:56:15.561105: I external/local_tsl/tsl/framework/bfc_allocator.cc:1095] InUse at 7fea22510000 of size 1769472 next 206
2025-06-14 18:56:15.561461: I external/local_tsl/tsl/framework/bfc_allocator.cc:1095] InUse at 7fea226c0000 of size 262144 next 213
2025-06-14 18:56:15.561807: I external/local_tsl/tsl/framework/bfc_allocator.cc:1095] InUse at 7fea22700000 of size 262144 next 214
2025-06-14 18:56:15.562184: I external/local_tsl/tsl/framework/bfc_allocator.cc:1095] InUse at 7fea22740000 of size 884736 next 217
2025-06-14 18:56:15.562559: I external/local_tsl/tsl/framework/bfc_allocator.cc:1095] InUse at 7fea22818000 of size 884736 next 218
2025-06-14 18:56:15.562979: I external/local_tsl/tsl/framework/bfc_allocator.cc:1095] InUse at 7fea228f0000 of size 442368 next 225
2025-06-14 18:56:15.563498: I external/local_tsl/tsl/framework/bfc_allocator.cc:1095] InUse at 7fea2295c000 of size 442368 next 226
2025-06-14 18:56:15.563920: I external/local_tsl/tsl/framework/bfc_allocator.cc:1095] InUse at 7fea229c8000 of size 256 next 234
2025-06-14 18:56:15.564399: I external/local_tsl/tsl/framework/bfc_allocator.cc:1095] InUse at 7fea229c8100 of size 256 next 235
2025-06-14 18:56:15.564828: I external/local_tsl/tsl/framework/bfc_allocator.cc:1095] InUse at 7fea229c8200 of size 221184 next 236
2025-06-14 18:56:15.565186: I external/local_tsl/tsl/framework/bfc_allocator.cc:1095] InUse at 7fea229fe200 of size 221184 next 237
2025-06-14 18:56:15.565539: I external/local_tsl/tsl/framework/bfc_allocator.cc:1095] InUse at 7fea22a34200 of size 256 next 238
2025-06-14 18:56:15.565956: I external/local_tsl/tsl/framework/bfc_allocator.cc:1095] InUse at 7fea22a34300 of size 256 next 239
2025-06-14 18:56:15.566381: I external/local_tsl/tsl/framework/bfc_allocator.cc:1095] InUse at 7fea22a34400 of size 256 next 240
2025-06-14 18:56:15.566820: I external/local_tsl/tsl/framework/bfc_allocator.cc:1095] InUse at 7fea22a34500 of size 256 next 241
2025-06-14 18:56:15.567260: I external/local_tsl/tsl/framework/bfc_allocator.cc:1095] InUse at 7fea22a34600 of size 256 next 242
2025-06-14 18:56:15.567797: I external/local_tsl/tsl/framework/bfc_allocator.cc:1095] InUse at 7fea22a34700 of size 256 next 243
2025-06-14 18:56:15.568299: I external/local_tsl/tsl/framework/bfc_allocator.cc:1095] InUse at 7fea22a34800 of size 110592 next 244
2025-06-14 18:56:15.568793: I external/local_tsl/tsl/framework/bfc_allocator.cc:1095] InUse at 7fea22a4f800 of size 110592 next 245
2025-06-14 18:56:15.569215: I external/local_tsl/tsl/framework/bfc_allocator.cc:1095] InUse at 7fea22a6a800 of size 256 next 246
2025-06-14 18:56:15.569643: I external/local_tsl/tsl/framework/bfc_allocator.cc:1095] InUse at 7fea22a6a900 of size 256 next 247
2025-06-14 18:56:15.570086: I external/local_tsl/tsl/framework/bfc_allocator.cc:1095] InUse at 7fea22a6aa00 of size 256 next 248
2025-06-14 18:56:15.570497: I external/local_tsl/tsl/framework/bfc_allocator.cc:1095] InUse at 7fea22a6ab00 of size 256 next 249
2025-06-14 18:56:15.570941: I external/local_tsl/tsl/framework/bfc_allocator.cc:1095] InUse at 7fea22a6ac00 of size 256 next 250
2025-06-14 18:56:15.571373: I external/local_tsl/tsl/framework/bfc_allocator.cc:1095] InUse at 7fea22a6ad00 of size 256 next 251
2025-06-14 18:56:15.571800: I external/local_tsl/tsl/framework/bfc_allocator.cc:1095] InUse at 7fea22a6ae00 of size 256 next 252
2025-06-14 18:56:15.572229: I external/local_tsl/tsl/framework/bfc_allocator.cc:1095] InUse at 7fea22a6af00 of size 256 next 253
2025-06-14 18:56:15.572659: I external/local_tsl/tsl/framework/bfc_allocator.cc:1095] InUse at 7fea22a6b000 of size 256 next 254
2025-06-14 18:56:15.573080: I external/local_tsl/tsl/framework/bfc_allocator.cc:1095] InUse at 7fea22a6b100 of size 256 next 255
2025-06-14 18:56:15.573519: I external/local_tsl/tsl/framework/bfc_allocator.cc:1095] InUse at 7fea22a6b200 of size 256 next 256
2025-06-14 18:56:15.573953: I external/local_tsl/tsl/framework/bfc_allocator.cc:1095] InUse at 7fea22a6b300 of size 256 next 257
2025-06-14 18:56:15.574375: I external/local_tsl/tsl/framework/bfc_allocator.cc:1095] InUse at 7fea22a6b400 of size 256 next 258
2025-06-14 18:56:15.574870: I external/local_tsl/tsl/framework/bfc_allocator.cc:1095] InUse at 7fea22a6b500 of size 256 next 259
2025-06-14 18:56:15.575354: I external/local_tsl/tsl/framework/bfc_allocator.cc:1095] InUse at 7fea22a6b600 of size 256 next 260
2025-06-14 18:56:15.575779: I external/local_tsl/tsl/framework/bfc_allocator.cc:1095] InUse at 7fea22a6b700 of size 256 next 261
2025-06-14 18:56:15.576220: I external/local_tsl/tsl/framework/bfc_allocator.cc:1095] InUse at 7fea22a6b800 of size 256 next 262
2025-06-14 18:56:15.576661: I external/local_tsl/tsl/framework/bfc_allocator.cc:1095] InUse at 7fea22a6b900 of size 256 next 263
2025-06-14 18:56:15.577091: I external/local_tsl/tsl/framework/bfc_allocator.cc:1095] InUse at 7fea22a6ba00 of size 256 next 265
2025-06-14 18:56:15.577517: I external/local_tsl/tsl/framework/bfc_allocator.cc:1095] InUse at 7fea22a6bb00 of size 256 next 266
2025-06-14 18:56:15.577956: I external/local_tsl/tsl/framework/bfc_allocator.cc:1095] InUse at 7fea22a6bc00 of size 256 next 269
2025-06-14 18:56:15.578410: I external/local_tsl/tsl/framework/bfc_allocator.cc:1095] InUse at 7fea22a6bd00 of size 256 next 272
2025-06-14 18:56:15.578839: I external/local_tsl/tsl/framework/bfc_allocator.cc:1095] InUse at 7fea22a6be00 of size 256 next 274
2025-06-14 18:56:15.579252: I external/local_tsl/tsl/framework/bfc_allocator.cc:1095] InUse at 7fea22a6bf00 of size 256 next 275
2025-06-14 18:56:15.579689: I external/local_tsl/tsl/framework/bfc_allocator.cc:1095] InUse at 7fea22a6c000 of size 256 next 279
2025-06-14 18:56:15.580107: I external/local_tsl/tsl/framework/bfc_allocator.cc:1095] InUse at 7fea22a6c100 of size 256 next 280
2025-06-14 18:56:15.580507: I external/local_tsl/tsl/framework/bfc_allocator.cc:1095] InUse at 7fea22a6c200 of size 256 next 286
2025-06-14 18:56:15.580969: I external/local_tsl/tsl/framework/bfc_allocator.cc:1095] InUse at 7fea22a6c300 of size 256 next 287
2025-06-14 18:56:15.581409: I external/local_tsl/tsl/framework/bfc_allocator.cc:1095] InUse at 7fea22a6c400 of size 256 next 290
2025-06-14 18:56:15.581836: I external/local_tsl/tsl/framework/bfc_allocator.cc:1095] InUse at 7fea22a6c500 of size 256 next 291
2025-06-14 18:56:15.582246: I external/local_tsl/tsl/framework/bfc_allocator.cc:1095] InUse at 7fea22a6c600 of size 512 next 293
2025-06-14 18:56:15.582697: I external/local_tsl/tsl/framework/bfc_allocator.cc:1095] InUse at 7fea22a6c800 of size 512 next 294
2025-06-14 18:56:15.583239: I external/local_tsl/tsl/framework/bfc_allocator.cc:1095] InUse at 7fea22a6ca00 of size 512 next 295
2025-06-14 18:56:15.583850: I external/local_tsl/tsl/framework/bfc_allocator.cc:1095] InUse at 7fea22a6cc00 of size 512 next 298
2025-06-14 18:56:15.584257: I external/local_tsl/tsl/framework/bfc_allocator.cc:1095] InUse at 7fea22a6ce00 of size 512 next 299
2025-06-14 18:56:15.584682: I external/local_tsl/tsl/framework/bfc_allocator.cc:1095] InUse at 7fea22a6d000 of size 15138816 next 56
2025-06-14 18:56:15.585028: I external/local_tsl/tsl/framework/bfc_allocator.cc:1095] InUse at 7fea238dd000 of size 15138816 next 301
2025-06-14 18:56:15.585386: I external/local_tsl/tsl/framework/bfc_allocator.cc:1095] InUse at 7fea2474d000 of size 1024 next 304
2025-06-14 18:56:15.585829: I external/local_tsl/tsl/framework/bfc_allocator.cc:1095] InUse at 7fea2474d400 of size 1024 next 305
2025-06-14 18:56:15.586250: I external/local_tsl/tsl/framework/bfc_allocator.cc:1095] InUse at 7fea2474d800 of size 1024 next 306
2025-06-14 18:56:15.586728: I external/local_tsl/tsl/framework/bfc_allocator.cc:1095] InUse at 7fea2474dc00 of size 1024 next 309
2025-06-14 18:56:15.587291: I external/local_tsl/tsl/framework/bfc_allocator.cc:1095] InUse at 7fea2474e000 of size 1024 next 310
2025-06-14 18:56:15.587703: I external/local_tsl/tsl/framework/bfc_allocator.cc:1095] InUse at 7fea2474e400 of size 512 next 317
2025-06-14 18:56:15.588135: I external/local_tsl/tsl/framework/bfc_allocator.cc:1095] InUse at 7fea2474e600 of size 512 next 318
2025-06-14 18:56:15.588547: I external/local_tsl/tsl/framework/bfc_allocator.cc:1095] InUse at 7fea2474e800 of size 256 next 326
2025-06-14 18:56:15.588994: I external/local_tsl/tsl/framework/bfc_allocator.cc:1095] InUse at 7fea2474e900 of size 256 next 327
2025-06-14 18:56:15.589444: I external/local_tsl/tsl/framework/bfc_allocator.cc:1095] Free  at 7fea2474ea00 of size 25892352 next 18446744073709551615
2025-06-14 18:56:15.589789: I external/local_tsl/tsl/framework/bfc_allocator.cc:1075] Next region of size 33554432
2025-06-14 18:56:15.590236: I external/local_tsl/tsl/framework/bfc_allocator.cc:1095] InUse at 7fea3a000000 of size 3538944 next 83
2025-06-14 18:56:15.590584: I external/local_tsl/tsl/framework/bfc_allocator.cc:1095] InUse at 7fea3a360000 of size 221184 next 152
2025-06-14 18:56:15.590922: I external/local_tsl/tsl/framework/bfc_allocator.cc:1095] InUse at 7fea3a396000 of size 221184 next 106
2025-06-14 18:56:15.591292: I external/local_tsl/tsl/framework/bfc_allocator.cc:1095] InUse at 7fea3a3cc000 of size 442368 next 100
2025-06-14 18:56:15.591615: I external/local_tsl/tsl/framework/bfc_allocator.cc:1095] InUse at 7fea3a438000 of size 884736 next 90
2025-06-14 18:56:15.591945: I external/local_tsl/tsl/framework/bfc_allocator.cc:1095] InUse at 7fea3a510000 of size 1769472 next 74
2025-06-14 18:56:15.592289: I external/local_tsl/tsl/framework/bfc_allocator.cc:1095] InUse at 7fea3a6c0000 of size 7077888 next 72
2025-06-14 18:56:15.592656: I external/local_tsl/tsl/framework/bfc_allocator.cc:1095] InUse at 7fea3ad80000 of size 7077888 next 187
2025-06-14 18:56:15.593023: I external/local_tsl/tsl/framework/bfc_allocator.cc:1095] InUse at 7fea3b440000 of size 12320768 next 18446744073709551615
2025-06-14 18:56:15.593380: I external/local_tsl/tsl/framework/bfc_allocator.cc:1075] Next region of size 16777216
2025-06-14 18:56:15.593836: I external/local_tsl/tsl/framework/bfc_allocator.cc:1095] InUse at 7fea42000000 of size 1769472 next 173
2025-06-14 18:56:15.594234: I external/local_tsl/tsl/framework/bfc_allocator.cc:1095] InUse at 7fea421b0000 of size 1769472 next 64
2025-06-14 18:56:15.594579: I external/local_tsl/tsl/framework/bfc_allocator.cc:1095] InUse at 7fea42360000 of size 3538944 next 62
2025-06-14 18:56:15.594919: I external/local_tsl/tsl/framework/bfc_allocator.cc:1095] InUse at 7fea426c0000 of size 3538944 next 180
2025-06-14 18:56:15.595311: I external/local_tsl/tsl/framework/bfc_allocator.cc:1095] InUse at 7fea42a20000 of size 1048576 next 194
2025-06-14 18:56:15.595675: I external/local_tsl/tsl/framework/bfc_allocator.cc:1095] InUse at 7fea42b20000 of size 1048576 next 195
2025-06-14 18:56:15.596084: I external/local_tsl/tsl/framework/bfc_allocator.cc:1095] InUse at 7fea42c20000 of size 4063232 next 18446744073709551615
2025-06-14 18:56:15.596437: I external/local_tsl/tsl/framework/bfc_allocator.cc:1075] Next region of size 2097152
2025-06-14 18:56:15.596883: I external/local_tsl/tsl/framework/bfc_allocator.cc:1095] InUse at 7feaa2e00000 of size 1280 next 1
2025-06-14 18:56:15.597335: I external/local_tsl/tsl/framework/bfc_allocator.cc:1095] InUse at 7feaa2e00500 of size 256 next 2
2025-06-14 18:56:15.597750: I external/local_tsl/tsl/framework/bfc_allocator.cc:1095] InUse at 7feaa2e00600 of size 256 next 3
2025-06-14 18:56:15.598202: I external/local_tsl/tsl/framework/bfc_allocator.cc:1095] InUse at 7feaa2e00700 of size 256 next 5
2025-06-14 18:56:15.598641: I external/local_tsl/tsl/framework/bfc_allocator.cc:1095] InUse at 7feaa2e00800 of size 256 next 6
2025-06-14 18:56:15.599081: I external/local_tsl/tsl/framework/bfc_allocator.cc:1095] InUse at 7feaa2e00900 of size 256 next 4
2025-06-14 18:56:15.599514: I external/local_tsl/tsl/framework/bfc_allocator.cc:1095] InUse at 7feaa2e00a00 of size 256 next 7
2025-06-14 18:56:15.599935: I external/local_tsl/tsl/framework/bfc_allocator.cc:1095] InUse at 7feaa2e00b00 of size 256 next 10
2025-06-14 18:56:15.600365: I external/local_tsl/tsl/framework/bfc_allocator.cc:1095] InUse at 7feaa2e00c00 of size 256 next 277
2025-06-14 18:56:15.600809: I external/local_tsl/tsl/framework/bfc_allocator.cc:1095] InUse at 7feaa2e00d00 of size 256 next 12
2025-06-14 18:56:15.601249: I external/local_tsl/tsl/framework/bfc_allocator.cc:1095] InUse at 7feaa2e00e00 of size 256 next 13
2025-06-14 18:56:15.601712: I external/local_tsl/tsl/framework/bfc_allocator.cc:1095] InUse at 7feaa2e00f00 of size 256 next 14
2025-06-14 18:56:15.602187: I external/local_tsl/tsl/framework/bfc_allocator.cc:1095] InUse at 7feaa2e01000 of size 256 next 17
2025-06-14 18:56:15.602619: I external/local_tsl/tsl/framework/bfc_allocator.cc:1095] InUse at 7feaa2e01100 of size 256 next 15
2025-06-14 18:56:15.603135: I external/local_tsl/tsl/framework/bfc_allocator.cc:1095] InUse at 7feaa2e01200 of size 256 next 16
2025-06-14 18:56:15.603671: I external/local_tsl/tsl/framework/bfc_allocator.cc:1095] InUse at 7feaa2e01300 of size 256 next 285
2025-06-14 18:56:15.604172: I external/local_tsl/tsl/framework/bfc_allocator.cc:1095] InUse at 7feaa2e01400 of size 256 next 21
2025-06-14 18:56:15.604632: I external/local_tsl/tsl/framework/bfc_allocator.cc:1095] InUse at 7feaa2e01500 of size 256 next 22
2025-06-14 18:56:15.605060: I external/local_tsl/tsl/framework/bfc_allocator.cc:1095] InUse at 7feaa2e01600 of size 256 next 23
2025-06-14 18:56:15.605527: I external/local_tsl/tsl/framework/bfc_allocator.cc:1095] InUse at 7feaa2e01700 of size 256 next 24
2025-06-14 18:56:15.605967: I external/local_tsl/tsl/framework/bfc_allocator.cc:1095] InUse at 7feaa2e01800 of size 256 next 25
2025-06-14 18:56:15.606503: I external/local_tsl/tsl/framework/bfc_allocator.cc:1095] InUse at 7feaa2e01900 of size 256 next 28
2025-06-14 18:56:15.607040: I external/local_tsl/tsl/framework/bfc_allocator.cc:1095] InUse at 7feaa2e01a00 of size 256 next 289
2025-06-14 18:56:15.607536: I external/local_tsl/tsl/framework/bfc_allocator.cc:1095] InUse at 7feaa2e01b00 of size 256 next 30
2025-06-14 18:56:15.607942: I external/local_tsl/tsl/framework/bfc_allocator.cc:1095] InUse at 7feaa2e01c00 of size 256 next 31
2025-06-14 18:56:15.608407: I external/local_tsl/tsl/framework/bfc_allocator.cc:1095] InUse at 7feaa2e01d00 of size 256 next 32
2025-06-14 18:56:15.608840: I external/local_tsl/tsl/framework/bfc_allocator.cc:1095] InUse at 7feaa2e01e00 of size 256 next 35
2025-06-14 18:56:15.609267: I external/local_tsl/tsl/framework/bfc_allocator.cc:1095] InUse at 7feaa2e01f00 of size 256 next 33
2025-06-14 18:56:15.609683: I external/local_tsl/tsl/framework/bfc_allocator.cc:1095] InUse at 7feaa2e02000 of size 256 next 34
2025-06-14 18:56:15.610131: I external/local_tsl/tsl/framework/bfc_allocator.cc:1095] InUse at 7feaa2e02100 of size 512 next 39
2025-06-14 18:56:15.610542: I external/local_tsl/tsl/framework/bfc_allocator.cc:1095] InUse at 7feaa2e02300 of size 256 next 40
2025-06-14 18:56:15.610947: I external/local_tsl/tsl/framework/bfc_allocator.cc:1095] InUse at 7feaa2e02400 of size 256 next 41
2025-06-14 18:56:15.611370: I external/local_tsl/tsl/framework/bfc_allocator.cc:1095] InUse at 7feaa2e02500 of size 256 next 8
2025-06-14 18:56:15.611818: I external/local_tsl/tsl/framework/bfc_allocator.cc:1095] InUse at 7feaa2e02600 of size 3584 next 9
2025-06-14 18:56:15.612218: I external/local_tsl/tsl/framework/bfc_allocator.cc:1095] InUse at 7feaa2e03400 of size 512 next 42
2025-06-14 18:56:15.612663: I external/local_tsl/tsl/framework/bfc_allocator.cc:1095] InUse at 7feaa2e03600 of size 512 next 45
2025-06-14 18:56:15.613100: I external/local_tsl/tsl/framework/bfc_allocator.cc:1095] InUse at 7feaa2e03800 of size 512 next 46
2025-06-14 18:56:15.613533: I external/local_tsl/tsl/framework/bfc_allocator.cc:1095] InUse at 7feaa2e03a00 of size 512 next 297
2025-06-14 18:56:15.614003: I external/local_tsl/tsl/framework/bfc_allocator.cc:1095] InUse at 7feaa2e03c00 of size 512 next 48
2025-06-14 18:56:15.614440: I external/local_tsl/tsl/framework/bfc_allocator.cc:1095] InUse at 7feaa2e03e00 of size 256 next 49
2025-06-14 18:56:15.614847: I external/local_tsl/tsl/framework/bfc_allocator.cc:1095] InUse at 7feaa2e03f00 of size 512 next 50
2025-06-14 18:56:15.615273: I external/local_tsl/tsl/framework/bfc_allocator.cc:1095] InUse at 7feaa2e04100 of size 512 next 51
2025-06-14 18:56:15.615669: I external/local_tsl/tsl/framework/bfc_allocator.cc:1095] InUse at 7feaa2e04300 of size 512 next 55
2025-06-14 18:56:15.616179: I external/local_tsl/tsl/framework/bfc_allocator.cc:1095] InUse at 7feaa2e04500 of size 1024 next 57
2025-06-14 18:56:15.616683: I external/local_tsl/tsl/framework/bfc_allocator.cc:1095] InUse at 7feaa2e04900 of size 256 next 58
2025-06-14 18:56:15.617118: I external/local_tsl/tsl/framework/bfc_allocator.cc:1095] InUse at 7feaa2e04a00 of size 256 next 59
2025-06-14 18:56:15.617557: I external/local_tsl/tsl/framework/bfc_allocator.cc:1095] InUse at 7feaa2e04b00 of size 1024 next 60
2025-06-14 18:56:15.618015: I external/local_tsl/tsl/framework/bfc_allocator.cc:1095] InUse at 7feaa2e04f00 of size 1024 next 61
2025-06-14 18:56:15.618452: I external/local_tsl/tsl/framework/bfc_allocator.cc:1095] InUse at 7feaa2e05300 of size 1024 next 65
2025-06-14 18:56:15.618888: I external/local_tsl/tsl/framework/bfc_allocator.cc:1095] InUse at 7feaa2e05700 of size 1024 next 308
2025-06-14 18:56:15.619320: I external/local_tsl/tsl/framework/bfc_allocator.cc:1095] InUse at 7feaa2e05b00 of size 1024 next 67
2025-06-14 18:56:15.619748: I external/local_tsl/tsl/framework/bfc_allocator.cc:1095] InUse at 7feaa2e05f00 of size 256 next 68
2025-06-14 18:56:15.620175: I external/local_tsl/tsl/framework/bfc_allocator.cc:1095] InUse at 7feaa2e06000 of size 256 next 69
2025-06-14 18:56:15.620609: I external/local_tsl/tsl/framework/bfc_allocator.cc:1095] InUse at 7feaa2e06100 of size 1024 next 70
2025-06-14 18:56:15.621066: I external/local_tsl/tsl/framework/bfc_allocator.cc:1095] InUse at 7feaa2e06500 of size 1024 next 71
2025-06-14 18:56:15.621500: I external/local_tsl/tsl/framework/bfc_allocator.cc:1095] InUse at 7feaa2e06900 of size 1024 next 75
2025-06-14 18:56:15.621955: I external/local_tsl/tsl/framework/bfc_allocator.cc:1095] InUse at 7feaa2e06d00 of size 512 next 313
2025-06-14 18:56:15.622405: I external/local_tsl/tsl/framework/bfc_allocator.cc:1095] InUse at 7feaa2e06f00 of size 512 next 314
2025-06-14 18:56:15.622857: I external/local_tsl/tsl/framework/bfc_allocator.cc:1095] InUse at 7feaa2e07100 of size 512 next 315
2025-06-14 18:56:15.623300: I external/local_tsl/tsl/framework/bfc_allocator.cc:1095] InUse at 7feaa2e07300 of size 512 next 77
2025-06-14 18:56:15.623834: I external/local_tsl/tsl/framework/bfc_allocator.cc:1095] InUse at 7feaa2e07500 of size 256 next 78
2025-06-14 18:56:15.624269: I external/local_tsl/tsl/framework/bfc_allocator.cc:1095] InUse at 7feaa2e07600 of size 256 next 79
2025-06-14 18:56:15.624728: I external/local_tsl/tsl/framework/bfc_allocator.cc:1095] InUse at 7feaa2e07700 of size 512 next 80
2025-06-14 18:56:15.625183: I external/local_tsl/tsl/framework/bfc_allocator.cc:1095] InUse at 7feaa2e07900 of size 512 next 81
2025-06-14 18:56:15.625710: I external/local_tsl/tsl/framework/bfc_allocator.cc:1095] InUse at 7feaa2e07b00 of size 512 next 82
2025-06-14 18:56:15.626312: I external/local_tsl/tsl/framework/bfc_allocator.cc:1095] InUse at 7feaa2e07d00 of size 512 next 84
2025-06-14 18:56:15.626832: I external/local_tsl/tsl/framework/bfc_allocator.cc:1095] InUse at 7feaa2e07f00 of size 512 next 316
2025-06-14 18:56:15.627271: I external/local_tsl/tsl/framework/bfc_allocator.cc:1095] InUse at 7feaa2e08100 of size 512 next 86
2025-06-14 18:56:15.627716: I external/local_tsl/tsl/framework/bfc_allocator.cc:1095] InUse at 7feaa2e08300 of size 512 next 87
2025-06-14 18:56:15.628172: I external/local_tsl/tsl/framework/bfc_allocator.cc:1095] InUse at 7feaa2e08500 of size 512 next 88
2025-06-14 18:56:15.628602: I external/local_tsl/tsl/framework/bfc_allocator.cc:1095] InUse at 7feaa2e08700 of size 512 next 89
2025-06-14 18:56:15.629040: I external/local_tsl/tsl/framework/bfc_allocator.cc:1095] InUse at 7feaa2e08900 of size 256 next 321
2025-06-14 18:56:15.629486: I external/local_tsl/tsl/framework/bfc_allocator.cc:1095] InUse at 7feaa2e08a00 of size 256 next 323
2025-06-14 18:56:15.629911: I external/local_tsl/tsl/framework/bfc_allocator.cc:1095] InUse at 7feaa2e08b00 of size 256 next 324
2025-06-14 18:56:15.630340: I external/local_tsl/tsl/framework/bfc_allocator.cc:1095] InUse at 7feaa2e08c00 of size 256 next 92
2025-06-14 18:56:15.630821: I external/local_tsl/tsl/framework/bfc_allocator.cc:1095] InUse at 7feaa2e08d00 of size 256 next 93
2025-06-14 18:56:15.631267: I external/local_tsl/tsl/framework/bfc_allocator.cc:1095] InUse at 7feaa2e08e00 of size 256 next 94
2025-06-14 18:56:15.631704: I external/local_tsl/tsl/framework/bfc_allocator.cc:1095] InUse at 7feaa2e08f00 of size 256 next 97
2025-06-14 18:56:15.632126: I external/local_tsl/tsl/framework/bfc_allocator.cc:1095] InUse at 7feaa2e09000 of size 256 next 95
2025-06-14 18:56:15.632568: I external/local_tsl/tsl/framework/bfc_allocator.cc:1095] InUse at 7feaa2e09100 of size 256 next 96
2025-06-14 18:56:15.632973: I external/local_tsl/tsl/framework/bfc_allocator.cc:1095] InUse at 7feaa2e09200 of size 256 next 98
2025-06-14 18:56:15.633412: I external/local_tsl/tsl/framework/bfc_allocator.cc:1095] InUse at 7feaa2e09300 of size 256 next 101
2025-06-14 18:56:15.633829: I external/local_tsl/tsl/framework/bfc_allocator.cc:1095] InUse at 7feaa2e09400 of size 256 next 102
2025-06-14 18:56:15.634292: I external/local_tsl/tsl/framework/bfc_allocator.cc:1095] InUse at 7feaa2e09500 of size 256 next 103
2025-06-14 18:56:15.634749: I external/local_tsl/tsl/framework/bfc_allocator.cc:1095] InUse at 7feaa2e09600 of size 256 next 104
2025-06-14 18:56:15.635199: I external/local_tsl/tsl/framework/bfc_allocator.cc:1095] InUse at 7feaa2e09700 of size 256 next 105
2025-06-14 18:56:15.635629: I external/local_tsl/tsl/framework/bfc_allocator.cc:1095] Free  at 7feaa2e09800 of size 512 next 108
2025-06-14 18:56:15.636056: I external/local_tsl/tsl/framework/bfc_allocator.cc:1095] InUse at 7feaa2e09a00 of size 256 next 109
2025-06-14 18:56:15.636454: I external/local_tsl/tsl/framework/bfc_allocator.cc:1095] InUse at 7feaa2e09b00 of size 256 next 110
2025-06-14 18:56:15.636902: I external/local_tsl/tsl/framework/bfc_allocator.cc:1095] InUse at 7feaa2e09c00 of size 256 next 146
2025-06-14 18:56:15.637333: I external/local_tsl/tsl/framework/bfc_allocator.cc:1095] InUse at 7feaa2e09d00 of size 256 next 147
2025-06-14 18:56:15.637758: I external/local_tsl/tsl/framework/bfc_allocator.cc:1095] InUse at 7feaa2e09e00 of size 256 next 148
2025-06-14 18:56:15.638169: I external/local_tsl/tsl/framework/bfc_allocator.cc:1095] InUse at 7feaa2e09f00 of size 256 next 149
2025-06-14 18:56:15.638581: I external/local_tsl/tsl/framework/bfc_allocator.cc:1095] InUse at 7feaa2e0a000 of size 256 next 150
2025-06-14 18:56:15.638993: I external/local_tsl/tsl/framework/bfc_allocator.cc:1095] InUse at 7feaa2e0a100 of size 256 next 151
2025-06-14 18:56:15.639403: I external/local_tsl/tsl/framework/bfc_allocator.cc:1095] InUse at 7feaa2e0a200 of size 256 next 153
2025-06-14 18:56:15.639820: I external/local_tsl/tsl/framework/bfc_allocator.cc:1095] InUse at 7feaa2e0a300 of size 256 next 154
2025-06-14 18:56:15.640228: I external/local_tsl/tsl/framework/bfc_allocator.cc:1095] InUse at 7feaa2e0a400 of size 256 next 155
2025-06-14 18:56:15.640628: I external/local_tsl/tsl/framework/bfc_allocator.cc:1095] InUse at 7feaa2e0a500 of size 256 next 156
2025-06-14 18:56:15.641070: I external/local_tsl/tsl/framework/bfc_allocator.cc:1095] InUse at 7feaa2e0a600 of size 256 next 157
2025-06-14 18:56:15.641514: I external/local_tsl/tsl/framework/bfc_allocator.cc:1095] InUse at 7feaa2e0a700 of size 256 next 158
2025-06-14 18:56:15.641932: I external/local_tsl/tsl/framework/bfc_allocator.cc:1095] InUse at 7feaa2e0a800 of size 256 next 160
2025-06-14 18:56:15.642376: I external/local_tsl/tsl/framework/bfc_allocator.cc:1095] InUse at 7feaa2e0a900 of size 256 next 161
2025-06-14 18:56:15.642796: I external/local_tsl/tsl/framework/bfc_allocator.cc:1095] InUse at 7feaa2e0aa00 of size 256 next 162
2025-06-14 18:56:15.643310: I external/local_tsl/tsl/framework/bfc_allocator.cc:1095] InUse at 7feaa2e0ab00 of size 256 next 163
2025-06-14 18:56:15.643861: I external/local_tsl/tsl/framework/bfc_allocator.cc:1095] InUse at 7feaa2e0ac00 of size 256 next 164
2025-06-14 18:56:15.644365: I external/local_tsl/tsl/framework/bfc_allocator.cc:1095] InUse at 7feaa2e0ad00 of size 256 next 165
2025-06-14 18:56:15.644792: I external/local_tsl/tsl/framework/bfc_allocator.cc:1095] InUse at 7feaa2e0ae00 of size 512 next 167
2025-06-14 18:56:15.645300: I external/local_tsl/tsl/framework/bfc_allocator.cc:1095] InUse at 7feaa2e0b000 of size 512 next 168
2025-06-14 18:56:15.645802: I external/local_tsl/tsl/framework/bfc_allocator.cc:1095] InUse at 7feaa2e0b200 of size 512 next 169
2025-06-14 18:56:15.646247: I external/local_tsl/tsl/framework/bfc_allocator.cc:1095] InUse at 7feaa2e0b400 of size 512 next 170
2025-06-14 18:56:15.646671: I external/local_tsl/tsl/framework/bfc_allocator.cc:1095] InUse at 7feaa2e0b600 of size 512 next 171
2025-06-14 18:56:15.647111: I external/local_tsl/tsl/framework/bfc_allocator.cc:1095] InUse at 7feaa2e0b800 of size 512 next 172
2025-06-14 18:56:15.647513: I external/local_tsl/tsl/framework/bfc_allocator.cc:1095] InUse at 7feaa2e0ba00 of size 512 next 174
2025-06-14 18:56:15.647913: I external/local_tsl/tsl/framework/bfc_allocator.cc:1095] InUse at 7feaa2e0bc00 of size 512 next 175
2025-06-14 18:56:15.648325: I external/local_tsl/tsl/framework/bfc_allocator.cc:1095] InUse at 7feaa2e0be00 of size 512 next 176
2025-06-14 18:56:15.648756: I external/local_tsl/tsl/framework/bfc_allocator.cc:1095] InUse at 7feaa2e0c000 of size 512 next 177
2025-06-14 18:56:15.649206: I external/local_tsl/tsl/framework/bfc_allocator.cc:1095] InUse at 7feaa2e0c200 of size 512 next 178
2025-06-14 18:56:15.649627: I external/local_tsl/tsl/framework/bfc_allocator.cc:1095] InUse at 7feaa2e0c400 of size 512 next 179
2025-06-14 18:56:15.650040: I external/local_tsl/tsl/framework/bfc_allocator.cc:1095] InUse at 7feaa2e0c600 of size 1024 next 181
2025-06-14 18:56:15.650479: I external/local_tsl/tsl/framework/bfc_allocator.cc:1095] InUse at 7feaa2e0ca00 of size 1024 next 182
2025-06-14 18:56:15.650905: I external/local_tsl/tsl/framework/bfc_allocator.cc:1095] InUse at 7feaa2e0ce00 of size 1024 next 183
2025-06-14 18:56:15.651333: I external/local_tsl/tsl/framework/bfc_allocator.cc:1095] InUse at 7feaa2e0d200 of size 1024 next 184
2025-06-14 18:56:15.651774: I external/local_tsl/tsl/framework/bfc_allocator.cc:1095] InUse at 7feaa2e0d600 of size 1024 next 185
2025-06-14 18:56:15.652281: I external/local_tsl/tsl/framework/bfc_allocator.cc:1095] InUse at 7feaa2e0da00 of size 1024 next 186
2025-06-14 18:56:15.652762: I external/local_tsl/tsl/framework/bfc_allocator.cc:1095] InUse at 7feaa2e0de00 of size 1024 next 188
2025-06-14 18:56:15.653221: I external/local_tsl/tsl/framework/bfc_allocator.cc:1095] InUse at 7feaa2e0e200 of size 1024 next 189
2025-06-14 18:56:15.653642: I external/local_tsl/tsl/framework/bfc_allocator.cc:1095] InUse at 7feaa2e0e600 of size 1024 next 190
2025-06-14 18:56:15.654080: I external/local_tsl/tsl/framework/bfc_allocator.cc:1095] InUse at 7feaa2e0ea00 of size 1024 next 191
2025-06-14 18:56:15.654487: I external/local_tsl/tsl/framework/bfc_allocator.cc:1095] InUse at 7feaa2e0ee00 of size 1024 next 192
2025-06-14 18:56:15.654891: I external/local_tsl/tsl/framework/bfc_allocator.cc:1095] InUse at 7feaa2e0f200 of size 1024 next 193
2025-06-14 18:56:15.655329: I external/local_tsl/tsl/framework/bfc_allocator.cc:1095] InUse at 7feaa2e0f600 of size 512 next 196
2025-06-14 18:56:15.655780: I external/local_tsl/tsl/framework/bfc_allocator.cc:1095] InUse at 7feaa2e0f800 of size 512 next 197
2025-06-14 18:56:15.656196: I external/local_tsl/tsl/framework/bfc_allocator.cc:1095] InUse at 7feaa2e0fa00 of size 512 next 199
2025-06-14 18:56:15.656617: I external/local_tsl/tsl/framework/bfc_allocator.cc:1095] InUse at 7feaa2e0fc00 of size 512 next 200
2025-06-14 18:56:15.657017: I external/local_tsl/tsl/framework/bfc_allocator.cc:1095] InUse at 7feaa2e0fe00 of size 512 next 201
2025-06-14 18:56:15.657464: I external/local_tsl/tsl/framework/bfc_allocator.cc:1095] InUse at 7feaa2e10000 of size 512 next 202
2025-06-14 18:56:15.657882: I external/local_tsl/tsl/framework/bfc_allocator.cc:1095] InUse at 7feaa2e10200 of size 512 next 203
2025-06-14 18:56:15.658299: I external/local_tsl/tsl/framework/bfc_allocator.cc:1095] InUse at 7feaa2e10400 of size 512 next 204
2025-06-14 18:56:15.658746: I external/local_tsl/tsl/framework/bfc_allocator.cc:1095] InUse at 7feaa2e10600 of size 512 next 207
2025-06-14 18:56:15.659218: I external/local_tsl/tsl/framework/bfc_allocator.cc:1095] InUse at 7feaa2e10800 of size 512 next 208
2025-06-14 18:56:15.659623: I external/local_tsl/tsl/framework/bfc_allocator.cc:1095] InUse at 7feaa2e10a00 of size 512 next 209
2025-06-14 18:56:15.660041: I external/local_tsl/tsl/framework/bfc_allocator.cc:1095] InUse at 7feaa2e10c00 of size 512 next 210
2025-06-14 18:56:15.660472: I external/local_tsl/tsl/framework/bfc_allocator.cc:1095] InUse at 7feaa2e10e00 of size 512 next 211
2025-06-14 18:56:15.660889: I external/local_tsl/tsl/framework/bfc_allocator.cc:1095] InUse at 7feaa2e11000 of size 512 next 212
2025-06-14 18:56:15.661315: I external/local_tsl/tsl/framework/bfc_allocator.cc:1095] InUse at 7feaa2e11200 of size 256 next 215
2025-06-14 18:56:15.661723: I external/local_tsl/tsl/framework/bfc_allocator.cc:1095] InUse at 7feaa2e11300 of size 256 next 216
2025-06-14 18:56:15.662180: I external/local_tsl/tsl/framework/bfc_allocator.cc:1095] InUse at 7feaa2e11400 of size 256 next 219
2025-06-14 18:56:15.662653: I external/local_tsl/tsl/framework/bfc_allocator.cc:1095] InUse at 7feaa2e11500 of size 256 next 220
2025-06-14 18:56:15.663078: I external/local_tsl/tsl/framework/bfc_allocator.cc:1095] InUse at 7feaa2e11600 of size 256 next 221
2025-06-14 18:56:15.663526: I external/local_tsl/tsl/framework/bfc_allocator.cc:1095] InUse at 7feaa2e11700 of size 256 next 222
2025-06-14 18:56:15.663991: I external/local_tsl/tsl/framework/bfc_allocator.cc:1095] InUse at 7feaa2e11800 of size 256 next 223
2025-06-14 18:56:15.664429: I external/local_tsl/tsl/framework/bfc_allocator.cc:1095] InUse at 7feaa2e11900 of size 256 next 224
2025-06-14 18:56:15.664941: I external/local_tsl/tsl/framework/bfc_allocator.cc:1095] InUse at 7feaa2e11a00 of size 256 next 227
2025-06-14 18:56:15.665378: I external/local_tsl/tsl/framework/bfc_allocator.cc:1095] InUse at 7feaa2e11b00 of size 256 next 228
2025-06-14 18:56:15.665815: I external/local_tsl/tsl/framework/bfc_allocator.cc:1095] InUse at 7feaa2e11c00 of size 256 next 229
2025-06-14 18:56:15.666232: I external/local_tsl/tsl/framework/bfc_allocator.cc:1095] InUse at 7feaa2e11d00 of size 256 next 230
2025-06-14 18:56:15.666657: I external/local_tsl/tsl/framework/bfc_allocator.cc:1095] InUse at 7feaa2e11e00 of size 256 next 231
2025-06-14 18:56:15.667068: I external/local_tsl/tsl/framework/bfc_allocator.cc:1095] InUse at 7feaa2e11f00 of size 256 next 232
2025-06-14 18:56:15.667476: I external/local_tsl/tsl/framework/bfc_allocator.cc:1095] InUse at 7feaa2e12000 of size 65536 next 233
2025-06-14 18:56:15.667791: I external/local_tsl/tsl/framework/bfc_allocator.cc:1095] InUse at 7feaa2e22000 of size 95232 next 19
2025-06-14 18:56:15.668195: I external/local_tsl/tsl/framework/bfc_allocator.cc:1095] InUse at 7feaa2e39400 of size 110592 next 18
2025-06-14 18:56:15.668500: I external/local_tsl/tsl/framework/bfc_allocator.cc:1095] InUse at 7feaa2e54400 of size 65536 next 115
2025-06-14 18:56:15.668866: I external/local_tsl/tsl/framework/bfc_allocator.cc:1095] InUse at 7feaa2e64400 of size 256 next 112
2025-06-14 18:56:15.669320: I external/local_tsl/tsl/framework/bfc_allocator.cc:1095] InUse at 7feaa2e64500 of size 256 next 114
2025-06-14 18:56:15.669728: I external/local_tsl/tsl/framework/bfc_allocator.cc:1095] InUse at 7feaa2e64600 of size 256 next 113
2025-06-14 18:56:15.670176: I external/local_tsl/tsl/framework/bfc_allocator.cc:1095] InUse at 7feaa2e64700 of size 256 next 111
2025-06-14 18:56:15.670592: I external/local_tsl/tsl/framework/bfc_allocator.cc:1095] InUse at 7feaa2e64800 of size 256 next 117
2025-06-14 18:56:15.671023: I external/local_tsl/tsl/framework/bfc_allocator.cc:1095] InUse at 7feaa2e64900 of size 256 next 118
2025-06-14 18:56:15.671425: I external/local_tsl/tsl/framework/bfc_allocator.cc:1095] InUse at 7feaa2e64a00 of size 256 next 120
2025-06-14 18:56:15.671841: I external/local_tsl/tsl/framework/bfc_allocator.cc:1095] InUse at 7feaa2e64b00 of size 256 next 119
2025-06-14 18:56:15.672315: I external/local_tsl/tsl/framework/bfc_allocator.cc:1095] InUse at 7feaa2e64c00 of size 256 next 121
2025-06-14 18:56:15.672857: I external/local_tsl/tsl/framework/bfc_allocator.cc:1095] InUse at 7feaa2e64d00 of size 256 next 123
2025-06-14 18:56:15.673276: I external/local_tsl/tsl/framework/bfc_allocator.cc:1095] InUse at 7feaa2e64e00 of size 256 next 124
2025-06-14 18:56:15.673714: I external/local_tsl/tsl/framework/bfc_allocator.cc:1095] InUse at 7feaa2e64f00 of size 256 next 125
2025-06-14 18:56:15.674148: I external/local_tsl/tsl/framework/bfc_allocator.cc:1095] InUse at 7feaa2e65000 of size 256 next 126
2025-06-14 18:56:15.674562: I external/local_tsl/tsl/framework/bfc_allocator.cc:1095] InUse at 7feaa2e65100 of size 256 next 128
2025-06-14 18:56:15.674965: I external/local_tsl/tsl/framework/bfc_allocator.cc:1095] InUse at 7feaa2e65200 of size 256 next 127
2025-06-14 18:56:15.675386: I external/local_tsl/tsl/framework/bfc_allocator.cc:1095] InUse at 7feaa2e65300 of size 256 next 129
2025-06-14 18:56:15.675811: I external/local_tsl/tsl/framework/bfc_allocator.cc:1095] InUse at 7feaa2e65400 of size 256 next 130
2025-06-14 18:56:15.676226: I external/local_tsl/tsl/framework/bfc_allocator.cc:1095] InUse at 7feaa2e65500 of size 256 next 131
2025-06-14 18:56:15.676662: I external/local_tsl/tsl/framework/bfc_allocator.cc:1095] InUse at 7feaa2e65600 of size 256 next 132
2025-06-14 18:56:15.677083: I external/local_tsl/tsl/framework/bfc_allocator.cc:1095] InUse at 7feaa2e65700 of size 256 next 133
2025-06-14 18:56:15.677489: I external/local_tsl/tsl/framework/bfc_allocator.cc:1095] InUse at 7feaa2e65800 of size 256 next 137
2025-06-14 18:56:15.677911: I external/local_tsl/tsl/framework/bfc_allocator.cc:1095] InUse at 7feaa2e65900 of size 256 next 136
2025-06-14 18:56:15.678350: I external/local_tsl/tsl/framework/bfc_allocator.cc:1095] InUse at 7feaa2e65a00 of size 3584 next 138
2025-06-14 18:56:15.678772: I external/local_tsl/tsl/framework/bfc_allocator.cc:1095] InUse at 7feaa2e66800 of size 3584 next 139
2025-06-14 18:56:15.679221: I external/local_tsl/tsl/framework/bfc_allocator.cc:1095] InUse at 7feaa2e67600 of size 256 next 140
2025-06-14 18:56:15.679710: I external/local_tsl/tsl/framework/bfc_allocator.cc:1095] InUse at 7feaa2e67700 of size 256 next 141
2025-06-14 18:56:15.680192: I external/local_tsl/tsl/framework/bfc_allocator.cc:1095] InUse at 7feaa2e67800 of size 256 next 142
2025-06-14 18:56:15.680631: I external/local_tsl/tsl/framework/bfc_allocator.cc:1095] InUse at 7feaa2e67900 of size 256 next 143
2025-06-14 18:56:15.681071: I external/local_tsl/tsl/framework/bfc_allocator.cc:1095] InUse at 7feaa2e67a00 of size 256 next 144
2025-06-14 18:56:15.681501: I external/local_tsl/tsl/framework/bfc_allocator.cc:1095] InUse at 7feaa2e67b00 of size 256 next 145
2025-06-14 18:56:15.681913: I external/local_tsl/tsl/framework/bfc_allocator.cc:1095] InUse at 7feaa2e67c00 of size 141312 next 27
2025-06-14 18:56:15.682249: I external/local_tsl/tsl/framework/bfc_allocator.cc:1095] InUse at 7feaa2e8a400 of size 221184 next 26
2025-06-14 18:56:15.682607: I external/local_tsl/tsl/framework/bfc_allocator.cc:1095] InUse at 7feaa2ec0400 of size 442368 next 159
2025-06-14 18:56:15.682949: I external/local_tsl/tsl/framework/bfc_allocator.cc:1095] InUse at 7feaa2f2c400 of size 867328 next 18446744073709551615
2025-06-14 18:56:15.683409: I external/local_tsl/tsl/framework/bfc_allocator.cc:1075] Next region of size 4194304
2025-06-14 18:56:15.683935: I external/local_tsl/tsl/framework/bfc_allocator.cc:1095] InUse at 7feaa3400000 of size 442368 next 37
2025-06-14 18:56:15.684402: I external/local_tsl/tsl/framework/bfc_allocator.cc:1095] InUse at 7feaa346c000 of size 221184 next 116
2025-06-14 18:56:15.684923: I external/local_tsl/tsl/framework/bfc_allocator.cc:1095] InUse at 7feaa34a2000 of size 110592 next 122
2025-06-14 18:56:15.685355: I external/local_tsl/tsl/framework/bfc_allocator.cc:1095] InUse at 7feaa34bd000 of size 192512 next 99
2025-06-14 18:56:15.685700: I external/local_tsl/tsl/framework/bfc_allocator.cc:1095] InUse at 7feaa34ec000 of size 360448 next 44
2025-06-14 18:56:15.686121: I external/local_tsl/tsl/framework/bfc_allocator.cc:1095] InUse at 7feaa3544000 of size 884736 next 43
2025-06-14 18:56:15.686453: I external/local_tsl/tsl/framework/bfc_allocator.cc:1095] InUse at 7feaa361c000 of size 1982464 next 18446744073709551615
2025-06-14 18:56:15.686774: I external/local_tsl/tsl/framework/bfc_allocator.cc:1075] Next region of size 8388608
2025-06-14 18:56:15.687191: I external/local_tsl/tsl/framework/bfc_allocator.cc:1095] InUse at 7feaa3800000 of size 884736 next 166
2025-06-14 18:56:15.687546: I external/local_tsl/tsl/framework/bfc_allocator.cc:1095] InUse at 7feaa38d8000 of size 884736 next 54
2025-06-14 18:56:15.687869: I external/local_tsl/tsl/framework/bfc_allocator.cc:1095] InUse at 7feaa39b0000 of size 1769472 next 52
2025-06-14 18:56:15.688235: I external/local_tsl/tsl/framework/bfc_allocator.cc:1095] InUse at 7feaa3b60000 of size 4849664 next 18446744073709551615
2025-06-14 18:56:15.688570: I external/local_tsl/tsl/framework/bfc_allocator.cc:1100]      Summary of in-use Chunks by size: 
2025-06-14 18:56:15.689023: I external/local_tsl/tsl/framework/bfc_allocator.cc:1103] 155 Chunks of size 256 totalling 38.8KiB
2025-06-14 18:56:15.689454: I external/local_tsl/tsl/framework/bfc_allocator.cc:1103] 55 Chunks of size 512 totalling 27.5KiB
2025-06-14 18:56:15.689871: I external/local_tsl/tsl/framework/bfc_allocator.cc:1103] 26 Chunks of size 1024 totalling 26.0KiB
2025-06-14 18:56:15.690303: I external/local_tsl/tsl/framework/bfc_allocator.cc:1103] 1 Chunks of size 1280 totalling 1.2KiB
2025-06-14 18:56:15.690730: I external/local_tsl/tsl/framework/bfc_allocator.cc:1103] 3 Chunks of size 3584 totalling 10.5KiB
2025-06-14 18:56:15.691139: I external/local_tsl/tsl/framework/bfc_allocator.cc:1103] 2 Chunks of size 65536 totalling 128.0KiB
2025-06-14 18:56:15.691580: I external/local_tsl/tsl/framework/bfc_allocator.cc:1103] 1 Chunks of size 95232 totalling 93.0KiB
2025-06-14 18:56:15.692029: I external/local_tsl/tsl/framework/bfc_allocator.cc:1103] 4 Chunks of size 110592 totalling 432.0KiB
2025-06-14 18:56:15.692479: I external/local_tsl/tsl/framework/bfc_allocator.cc:1103] 1 Chunks of size 141312 totalling 138.0KiB
2025-06-14 18:56:15.692888: I external/local_tsl/tsl/framework/bfc_allocator.cc:1103] 1 Chunks of size 192512 totalling 188.0KiB
2025-06-14 18:56:15.693313: I external/local_tsl/tsl/framework/bfc_allocator.cc:1103] 6 Chunks of size 221184 totalling 1.27MiB
2025-06-14 18:56:15.693725: I external/local_tsl/tsl/framework/bfc_allocator.cc:1103] 2 Chunks of size 262144 totalling 512.0KiB
2025-06-14 18:56:15.694266: I external/local_tsl/tsl/framework/bfc_allocator.cc:1103] 1 Chunks of size 360448 totalling 352.0KiB
2025-06-14 18:56:15.694666: I external/local_tsl/tsl/framework/bfc_allocator.cc:1103] 5 Chunks of size 442368 totalling 2.11MiB
2025-06-14 18:56:15.695091: I external/local_tsl/tsl/framework/bfc_allocator.cc:1103] 1 Chunks of size 867328 totalling 847.0KiB
2025-06-14 18:56:15.695512: I external/local_tsl/tsl/framework/bfc_allocator.cc:1103] 6 Chunks of size 884736 totalling 5.06MiB
2025-06-14 18:56:15.695984: I external/local_tsl/tsl/framework/bfc_allocator.cc:1103] 2 Chunks of size 1048576 totalling 2.00MiB
2025-06-14 18:56:15.696421: I external/local_tsl/tsl/framework/bfc_allocator.cc:1103] 6 Chunks of size 1769472 totalling 10.12MiB
2025-06-14 18:56:15.696840: I external/local_tsl/tsl/framework/bfc_allocator.cc:1103] 1 Chunks of size 1982464 totalling 1.89MiB
2025-06-14 18:56:15.697298: I external/local_tsl/tsl/framework/bfc_allocator.cc:1103] 4 Chunks of size 3538944 totalling 13.50MiB
2025-06-14 18:56:15.697732: I external/local_tsl/tsl/framework/bfc_allocator.cc:1103] 1 Chunks of size 4063232 totalling 3.88MiB
2025-06-14 18:56:15.698150: I external/local_tsl/tsl/framework/bfc_allocator.cc:1103] 1 Chunks of size 4849664 totalling 4.62MiB
2025-06-14 18:56:15.698553: I external/local_tsl/tsl/framework/bfc_allocator.cc:1103] 2 Chunks of size 7077888 totalling 13.50MiB
2025-06-14 18:56:15.698959: I external/local_tsl/tsl/framework/bfc_allocator.cc:1103] 1 Chunks of size 12320768 totalling 11.75MiB
2025-06-14 18:56:15.699350: I external/local_tsl/tsl/framework/bfc_allocator.cc:1103] 2 Chunks of size 15138816 totalling 28.88MiB
2025-06-14 18:56:15.699693: I external/local_tsl/tsl/framework/bfc_allocator.cc:1103] 4 Chunks of size 30277632 totalling 115.50MiB
2025-06-14 18:56:15.700023: I external/local_tsl/tsl/framework/bfc_allocator.cc:1103] 2 Chunks of size 60555264 totalling 115.50MiB
2025-06-14 18:56:15.700367: I external/local_tsl/tsl/framework/bfc_allocator.cc:1103] 1 Chunks of size 73662464 totalling 70.25MiB
2025-06-14 18:56:15.700709: I external/local_tsl/tsl/framework/bfc_allocator.cc:1103] 1 Chunks of size 116654080 totalling 111.25MiB
2025-06-14 18:56:15.701030: I external/local_tsl/tsl/framework/bfc_allocator.cc:1103] 6 Chunks of size 121110528 totalling 693.00MiB
2025-06-14 18:56:15.701355: I external/local_tsl/tsl/framework/bfc_allocator.cc:1103] 2 Chunks of size 209715200 totalling 400.00MiB
2025-06-14 18:56:15.701687: I external/local_tsl/tsl/framework/bfc_allocator.cc:1103] 3 Chunks of size 242221056 totalling 693.00MiB
2025-06-14 18:56:15.702006: I external/local_tsl/tsl/framework/bfc_allocator.cc:1103] 8 Chunks of size 484442112 totalling 3.61GiB
2025-06-14 18:56:15.702316: I external/local_tsl/tsl/framework/bfc_allocator.cc:1103] 1 Chunks of size 968884224 totalling 924.00MiB
2025-06-14 18:56:15.702651: I external/local_tsl/tsl/framework/bfc_allocator.cc:1103] 6 Chunks of size 1937768448 totalling 10.83GiB
2025-06-14 18:56:15.702983: I external/local_tsl/tsl/framework/bfc_allocator.cc:1107] Sum Total of in-use chunks: 17.58GiB
2025-06-14 18:56:15.703395: I external/local_tsl/tsl/framework/bfc_allocator.cc:1109] Total bytes in pool: 23575789568 memory_limit_: 23575789568 available bytes: 0 curr_region_allocation_bytes_: 34359738368
2025-06-14 18:56:15.703728: I external/local_tsl/tsl/framework/bfc_allocator.cc:1114] Stats: 
Limit:                     23575789568
InUse:                     18882553856
MaxInUse:                  22800760320
NumAllocs:                         912
MaxAllocSize:               4135495424
Reserved:                            0
PeakReserved:                        0
LargestFreeBlock:                    0

2025-06-14 18:56:15.704233: W external/local_tsl/tsl/framework/bfc_allocator.cc:497] ________*********________************************************_**************************************
2025-06-14 18:56:15.704736: W tensorflow/core/framework/op_kernel.cc:1839] OP_REQUIRES failed at concat_op.cc:165 : RESOURCE_EXHAUSTED: OOM when allocating tensor with shape[2,64,192,224,176] and type float on /job:localhost/replica:0/task:0/device:GPU:0 by allocator GPU_0_bfc
Traceback (most recent call last):
  File "/mnt/beegfs/hellgate/home/rb194958e/stroke_segmentation_sota/batch_wise_train.py", line 277, in <module>
    if main():
       ^^^^^^
  File "/mnt/beegfs/hellgate/home/rb194958e/stroke_segmentation_sota/batch_wise_train.py", line 256, in main
    history = model.fit(
              ^^^^^^^^^^
  File "/mnt/beegfs/hellgate/home/rb194958e/.conda/envs/tf215_env/lib/python3.11/site-packages/keras/src/utils/traceback_utils.py", line 70, in error_handler
    raise e.with_traceback(filtered_tb) from None
  File "/mnt/beegfs/hellgate/home/rb194958e/.conda/envs/tf215_env/lib/python3.11/site-packages/tensorflow/python/eager/execute.py", line 53, in quick_execute
    tensors = pywrap_tfe.TFE_Py_Execute(ctx._handle, device_name, op_name,
  ^^^^^^^^^^^^^^^^^^^^^^^^^^^^^^^^^^^^^^^^^^^^^^^^^^^^^^^^^^^^^^^^^^^^^^^^
tensorflow.python.framework.errors_impl.ResourceExhaustedError: Graph execution error:

Detected at node model/concatenate_2/concat defined at (most recent call last):
  File "/mnt/beegfs/hellgate/home/rb194958e/stroke_segmentation_sota/batch_wise_train.py", line 277, in <module>

  File "/mnt/beegfs/hellgate/home/rb194958e/stroke_segmentation_sota/batch_wise_train.py", line 256, in main

  File "/mnt/beegfs/hellgate/home/rb194958e/.conda/envs/tf215_env/lib/python3.11/site-packages/keras/src/utils/traceback_utils.py", line 65, in error_handler

  File "/mnt/beegfs/hellgate/home/rb194958e/.conda/envs/tf215_env/lib/python3.11/site-packages/keras/src/engine/training.py", line 1807, in fit

  File "/mnt/beegfs/hellgate/home/rb194958e/.conda/envs/tf215_env/lib/python3.11/site-packages/keras/src/engine/training.py", line 1401, in train_function

  File "/mnt/beegfs/hellgate/home/rb194958e/.conda/envs/tf215_env/lib/python3.11/site-packages/keras/src/engine/training.py", line 1384, in step_function

  File "/mnt/beegfs/hellgate/home/rb194958e/.conda/envs/tf215_env/lib/python3.11/site-packages/keras/src/engine/training.py", line 1373, in run_step

  File "/mnt/beegfs/hellgate/home/rb194958e/.conda/envs/tf215_env/lib/python3.11/site-packages/keras/src/engine/training.py", line 1150, in train_step

  File "/mnt/beegfs/hellgate/home/rb194958e/.conda/envs/tf215_env/lib/python3.11/site-packages/keras/src/utils/traceback_utils.py", line 65, in error_handler

  File "/mnt/beegfs/hellgate/home/rb194958e/.conda/envs/tf215_env/lib/python3.11/site-packages/keras/src/engine/training.py", line 590, in __call__

  File "/mnt/beegfs/hellgate/home/rb194958e/.conda/envs/tf215_env/lib/python3.11/site-packages/keras/src/utils/traceback_utils.py", line 65, in error_handler

  File "/mnt/beegfs/hellgate/home/rb194958e/.conda/envs/tf215_env/lib/python3.11/site-packages/keras/src/engine/base_layer.py", line 1149, in __call__

  File "/mnt/beegfs/hellgate/home/rb194958e/.conda/envs/tf215_env/lib/python3.11/site-packages/keras/src/utils/traceback_utils.py", line 96, in error_handler

  File "/mnt/beegfs/hellgate/home/rb194958e/.conda/envs/tf215_env/lib/python3.11/site-packages/keras/src/engine/functional.py", line 515, in call

  File "/mnt/beegfs/hellgate/home/rb194958e/.conda/envs/tf215_env/lib/python3.11/site-packages/keras/src/engine/functional.py", line 672, in _run_internal_graph

  File "/mnt/beegfs/hellgate/home/rb194958e/.conda/envs/tf215_env/lib/python3.11/site-packages/keras/src/utils/traceback_utils.py", line 65, in error_handler

  File "/mnt/beegfs/hellgate/home/rb194958e/.conda/envs/tf215_env/lib/python3.11/site-packages/keras/src/engine/base_layer.py", line 1149, in __call__

  File "/mnt/beegfs/hellgate/home/rb194958e/.conda/envs/tf215_env/lib/python3.11/site-packages/keras/src/utils/traceback_utils.py", line 96, in error_handler

  File "/mnt/beegfs/hellgate/home/rb194958e/.conda/envs/tf215_env/lib/python3.11/site-packages/keras/src/layers/merging/base_merge.py", line 196, in call

  File "/mnt/beegfs/hellgate/home/rb194958e/.conda/envs/tf215_env/lib/python3.11/site-packages/keras/src/layers/merging/concatenate.py", line 134, in _merge_function

  File "/mnt/beegfs/hellgate/home/rb194958e/.conda/envs/tf215_env/lib/python3.11/site-packages/keras/src/backend.py", line 3580, in concatenate

OOM when allocating tensor with shape[2,64,192,224,176] and type float on /job:localhost/replica:0/task:0/device:GPU:0 by allocator GPU_0_bfc
	 [[{{node model/concatenate_2/concat}}]]
Hint: If you want to see a list of allocated tensors when OOM happens, add report_tensor_allocations_upon_oom to RunOptions for current allocation info. This isn't available when running in Eager mode.
 [Op:__inference_train_function_7309]
2025-06-14 18:56:15.865609: W tensorflow/core/kernels/data/generator_dataset_op.cc:108] Error occurred when finalizing GeneratorDataset iterator: FAILED_PRECONDITION: Python interpreter state is not initialized. The process may be terminated.
	 [[{{node PyFunc}}]]
/var/spool/slurmd/job1123963/slurm_script: line 320: EOF: command not found
/var/spool/slurmd/job1123963/slurm_script: line 330: unexpected EOF while looking for matching ``'
/var/spool/slurmd/job1123963/slurm_script: line 339: syntax error: unexpected end of file
