2025-06-14 14:13:35.825303: I tensorflow/core/util/port.cc:113] oneDNN custom operations are on. You may see slightly different numerical results due to floating-point round-off errors from different computation orders. To turn them off, set the environment variable `TF_ENABLE_ONEDNN_OPTS=0`.
2025-06-14 14:13:36.391258: E external/local_xla/xla/stream_executor/cuda/cuda_dnn.cc:9261] Unable to register cuDNN factory: Attempting to register factory for plugin cuDNN when one has already been registered
2025-06-14 14:13:36.392017: E external/local_xla/xla/stream_executor/cuda/cuda_fft.cc:607] Unable to register cuFFT factory: Attempting to register factory for plugin cuFFT when one has already been registered
2025-06-14 14:13:36.508658: E external/local_xla/xla/stream_executor/cuda/cuda_blas.cc:1515] Unable to register cuBLAS factory: Attempting to register factory for plugin cuBLAS when one has already been registered
2025-06-14 14:13:36.747751: I tensorflow/core/platform/cpu_feature_guard.cc:182] This TensorFlow binary is optimized to use available CPU instructions in performance-critical operations.
To enable the following instructions: AVX2 AVX512F AVX512_VNNI FMA, in other operations, rebuild TensorFlow with the appropriate compiler flags.
2025-06-14 14:13:43.384902: W tensorflow/compiler/tf2tensorrt/utils/py_utils.cc:38] TF-TRT Warning: Could not find TensorRT
INFO:__main__:🚀 Starting Stroke Lesion Segmentation Training
INFO:__main__:Using 1 GPU(s)
INFO:__main__:Creating data generators...
INFO:__main__:Found 655 valid image/mask pairs
INFO:__main__:Found 655 valid image/mask pairs
INFO:__main__:Training batches: 262
INFO:__main__:Validation batches: 65
INFO:__main__:Building model...
2025-06-14 14:13:57.727955: I tensorflow/core/common_runtime/gpu/gpu_device.cc:1929] Created device /job:localhost/replica:0/task:0/device:GPU:0 with 22483 MB memory:  -> device: 0, name: NVIDIA RTX 4500 Ada Generation, pci bus id: 0000:1c:00.0, compute capability: 8.9
INFO:__main__:Model parameters: 5,605,345
INFO:__main__:Starting training...
pixdim[0] (qfac) should be 1 (default) or -1; setting qfac to 1
INFO:nibabel.global:pixdim[0] (qfac) should be 1 (default) or -1; setting qfac to 1
pixdim[0] (qfac) should be 1 (default) or -1; setting qfac to 1
INFO:nibabel.global:pixdim[0] (qfac) should be 1 (default) or -1; setting qfac to 1
pixdim[0] (qfac) should be 1 (default) or -1; setting qfac to 1
INFO:nibabel.global:pixdim[0] (qfac) should be 1 (default) or -1; setting qfac to 1
pixdim[0] (qfac) should be 1 (default) or -1; setting qfac to 1
INFO:nibabel.global:pixdim[0] (qfac) should be 1 (default) or -1; setting qfac to 1
2025-06-14 14:14:05.353186: I external/local_xla/xla/stream_executor/cuda/cuda_dnn.cc:454] Loaded cuDNN version 8907
pixdim[0] (qfac) should be 1 (default) or -1; setting qfac to 1
INFO:nibabel.global:pixdim[0] (qfac) should be 1 (default) or -1; setting qfac to 1
pixdim[0] (qfac) should be 1 (default) or -1; setting qfac to 1
INFO:nibabel.global:pixdim[0] (qfac) should be 1 (default) or -1; setting qfac to 1
pixdim[0] (qfac) should be 1 (default) or -1; setting qfac to 1
INFO:nibabel.global:pixdim[0] (qfac) should be 1 (default) or -1; setting qfac to 1
pixdim[0] (qfac) should be 1 (default) or -1; setting qfac to 1
INFO:nibabel.global:pixdim[0] (qfac) should be 1 (default) or -1; setting qfac to 1
2025-06-14 14:14:21.836831: W external/local_tsl/tsl/framework/bfc_allocator.cc:296] Allocator (GPU_0_bfc) ran out of memory trying to allocate 2.27GiB with freed_by_count=0. The caller indicates that this is not a failure, but this may mean that there could be performance gains if more memory were available.
2025-06-14 14:14:21.938024: W external/local_tsl/tsl/framework/bfc_allocator.cc:296] Allocator (GPU_0_bfc) ran out of memory trying to allocate 2.30GiB with freed_by_count=0. The caller indicates that this is not a failure, but this may mean that there could be performance gains if more memory were available.
2025-06-14 14:14:21.938836: W external/local_tsl/tsl/framework/bfc_allocator.cc:296] Allocator (GPU_0_bfc) ran out of memory trying to allocate 2.27GiB with freed_by_count=0. The caller indicates that this is not a failure, but this may mean that there could be performance gains if more memory were available.
2025-06-14 14:14:22.557711: W external/local_tsl/tsl/framework/bfc_allocator.cc:296] Allocator (GPU_0_bfc) ran out of memory trying to allocate 2.27GiB with freed_by_count=0. The caller indicates that this is not a failure, but this may mean that there could be performance gains if more memory were available.
2025-06-14 14:14:22.610821: W external/local_tsl/tsl/framework/bfc_allocator.cc:296] Allocator (GPU_0_bfc) ran out of memory trying to allocate 2.30GiB with freed_by_count=0. The caller indicates that this is not a failure, but this may mean that there could be performance gains if more memory were available.
2025-06-14 14:14:22.611868: W external/local_tsl/tsl/framework/bfc_allocator.cc:296] Allocator (GPU_0_bfc) ran out of memory trying to allocate 2.27GiB with freed_by_count=0. The caller indicates that this is not a failure, but this may mean that there could be performance gains if more memory were available.
2025-06-14 14:14:33.233831: W external/local_tsl/tsl/framework/bfc_allocator.cc:485] Allocator (GPU_0_bfc) ran out of memory trying to allocate 3.61GiB (rounded to 3875536896)requested by op model/concatenate_2/concat
If the cause is memory fragmentation maybe the environment variable 'TF_GPU_ALLOCATOR=cuda_malloc_async' will improve the situation. 
Current allocation summary follows.
Current allocation summary follows.
2025-06-14 14:14:33.234914: I external/local_tsl/tsl/framework/bfc_allocator.cc:1039] BFCAllocator dump for GPU_0_bfc
2025-06-14 14:14:33.235586: I external/local_tsl/tsl/framework/bfc_allocator.cc:1046] Bin (256): 	Total Chunks: 155, Chunks in use: 155. 38.8KiB allocated for chunks. 38.8KiB in use in bin. 20.7KiB client-requested in use in bin.
2025-06-14 14:14:33.236044: I external/local_tsl/tsl/framework/bfc_allocator.cc:1046] Bin (512): 	Total Chunks: 56, Chunks in use: 55. 28.0KiB allocated for chunks. 27.5KiB in use in bin. 27.5KiB client-requested in use in bin.
2025-06-14 14:14:33.236536: I external/local_tsl/tsl/framework/bfc_allocator.cc:1046] Bin (1024): 	Total Chunks: 27, Chunks in use: 27. 27.2KiB allocated for chunks. 27.2KiB in use in bin. 27.0KiB client-requested in use in bin.
2025-06-14 14:14:33.236900: I external/local_tsl/tsl/framework/bfc_allocator.cc:1046] Bin (2048): 	Total Chunks: 3, Chunks in use: 3. 10.5KiB allocated for chunks. 10.5KiB in use in bin. 10.1KiB client-requested in use in bin.
2025-06-14 14:14:33.237316: I external/local_tsl/tsl/framework/bfc_allocator.cc:1046] Bin (4096): 	Total Chunks: 0, Chunks in use: 0. 0B allocated for chunks. 0B in use in bin. 0B client-requested in use in bin.
2025-06-14 14:14:33.237736: I external/local_tsl/tsl/framework/bfc_allocator.cc:1046] Bin (8192): 	Total Chunks: 0, Chunks in use: 0. 0B allocated for chunks. 0B in use in bin. 0B client-requested in use in bin.
2025-06-14 14:14:33.238099: I external/local_tsl/tsl/framework/bfc_allocator.cc:1046] Bin (16384): 	Total Chunks: 0, Chunks in use: 0. 0B allocated for chunks. 0B in use in bin. 0B client-requested in use in bin.
2025-06-14 14:14:33.238466: I external/local_tsl/tsl/framework/bfc_allocator.cc:1046] Bin (32768): 	Total Chunks: 0, Chunks in use: 0. 0B allocated for chunks. 0B in use in bin. 0B client-requested in use in bin.
2025-06-14 14:14:33.238843: I external/local_tsl/tsl/framework/bfc_allocator.cc:1046] Bin (65536): 	Total Chunks: 7, Chunks in use: 7. 653.0KiB allocated for chunks. 653.0KiB in use in bin. 624.0KiB client-requested in use in bin.
2025-06-14 14:14:33.239222: I external/local_tsl/tsl/framework/bfc_allocator.cc:1046] Bin (131072): 	Total Chunks: 8, Chunks in use: 8. 1.58MiB allocated for chunks. 1.58MiB in use in bin. 1.48MiB client-requested in use in bin.
2025-06-14 14:14:33.239573: I external/local_tsl/tsl/framework/bfc_allocator.cc:1046] Bin (262144): 	Total Chunks: 8, Chunks in use: 8. 2.95MiB allocated for chunks. 2.95MiB in use in bin. 2.86MiB client-requested in use in bin.
2025-06-14 14:14:33.239957: I external/local_tsl/tsl/framework/bfc_allocator.cc:1046] Bin (524288): 	Total Chunks: 7, Chunks in use: 7. 5.89MiB allocated for chunks. 5.89MiB in use in bin. 5.48MiB client-requested in use in bin.
2025-06-14 14:14:33.240312: I external/local_tsl/tsl/framework/bfc_allocator.cc:1046] Bin (1048576): 	Total Chunks: 9, Chunks in use: 9. 14.02MiB allocated for chunks. 14.02MiB in use in bin. 13.12MiB client-requested in use in bin.
2025-06-14 14:14:33.240727: I external/local_tsl/tsl/framework/bfc_allocator.cc:1046] Bin (2097152): 	Total Chunks: 5, Chunks in use: 5. 17.38MiB allocated for chunks. 17.38MiB in use in bin. 16.88MiB client-requested in use in bin.
2025-06-14 14:14:33.241121: I external/local_tsl/tsl/framework/bfc_allocator.cc:1046] Bin (4194304): 	Total Chunks: 3, Chunks in use: 3. 18.12MiB allocated for chunks. 18.12MiB in use in bin. 16.88MiB client-requested in use in bin.
2025-06-14 14:14:33.241476: I external/local_tsl/tsl/framework/bfc_allocator.cc:1046] Bin (8388608): 	Total Chunks: 3, Chunks in use: 3. 40.62MiB allocated for chunks. 40.62MiB in use in bin. 35.62MiB client-requested in use in bin.
2025-06-14 14:14:33.241899: I external/local_tsl/tsl/framework/bfc_allocator.cc:1046] Bin (16777216): 	Total Chunks: 5, Chunks in use: 4. 140.19MiB allocated for chunks. 115.50MiB in use in bin. 115.50MiB client-requested in use in bin.
2025-06-14 14:14:33.242313: I external/local_tsl/tsl/framework/bfc_allocator.cc:1046] Bin (33554432): 	Total Chunks: 2, Chunks in use: 2. 115.50MiB allocated for chunks. 115.50MiB in use in bin. 115.50MiB client-requested in use in bin.
2025-06-14 14:14:33.242677: I external/local_tsl/tsl/framework/bfc_allocator.cc:1046] Bin (67108864): 	Total Chunks: 8, Chunks in use: 8. 874.50MiB allocated for chunks. 874.50MiB in use in bin. 808.50MiB client-requested in use in bin.
2025-06-14 14:14:33.243024: I external/local_tsl/tsl/framework/bfc_allocator.cc:1046] Bin (134217728): 	Total Chunks: 5, Chunks in use: 5. 1.07GiB allocated for chunks. 1.07GiB in use in bin. 924.00MiB client-requested in use in bin.
2025-06-14 14:14:33.243355: I external/local_tsl/tsl/framework/bfc_allocator.cc:1046] Bin (268435456): 	Total Chunks: 18, Chunks in use: 15. 19.69GiB allocated for chunks. 15.34GiB in use in bin. 15.34GiB client-requested in use in bin.
2025-06-14 14:14:33.243694: I external/local_tsl/tsl/framework/bfc_allocator.cc:1062] Bin for 3.61GiB was 256.00MiB, Chunk State: 
2025-06-14 14:14:33.244030: I external/local_tsl/tsl/framework/bfc_allocator.cc:1068]   Size: 453.50MiB | Requested Size: 16.00MiB | in_use: 0 | bin_num: 20, prev:   Size: 462.00MiB | Requested Size: 462.00MiB | in_use: 1 | bin_num: -1
2025-06-14 14:14:33.244411: I external/local_tsl/tsl/framework/bfc_allocator.cc:1068]   Size: 1.80GiB | Requested Size: 1.80GiB | in_use: 0 | bin_num: 20, next:   Size: 1.80GiB | Requested Size: 1.80GiB | in_use: 1 | bin_num: -1
2025-06-14 14:14:33.244792: I external/local_tsl/tsl/framework/bfc_allocator.cc:1068]   Size: 2.10GiB | Requested Size: 1.82GiB | in_use: 0 | bin_num: 20, prev:   Size: 1.80GiB | Requested Size: 1.80GiB | in_use: 1 | bin_num: -1
2025-06-14 14:14:33.245149: I external/local_tsl/tsl/framework/bfc_allocator.cc:1075] Next region of size 6129582080
2025-06-14 14:14:33.245565: I external/local_tsl/tsl/framework/bfc_allocator.cc:1095] Free  at 7fbe3c000000 of size 1937768448 next 107
2025-06-14 14:14:33.245919: I external/local_tsl/tsl/framework/bfc_allocator.cc:1095] InUse at 7fbeaf800000 of size 1937768448 next 329
2025-06-14 14:14:33.246274: I external/local_tsl/tsl/framework/bfc_allocator.cc:1095] Free  at 7fbf23000000 of size 2254045184 next 18446744073709551615
2025-06-14 14:14:33.246695: I external/local_tsl/tsl/framework/bfc_allocator.cc:1075] Next region of size 8589934592
2025-06-14 14:14:33.247167: I external/local_tsl/tsl/framework/bfc_allocator.cc:1095] InUse at 7fbfca000000 of size 1937768448 next 281
2025-06-14 14:14:33.247503: I external/local_tsl/tsl/framework/bfc_allocator.cc:1095] InUse at 7fc03d800000 of size 242221056 next 282
2025-06-14 14:14:33.247848: I external/local_tsl/tsl/framework/bfc_allocator.cc:1095] InUse at 7fc04bf00000 of size 484442112 next 283
2025-06-14 14:14:33.248206: I external/local_tsl/tsl/framework/bfc_allocator.cc:1095] InUse at 7fc068d00000 of size 484442112 next 284
2025-06-14 14:14:33.248571: I external/local_tsl/tsl/framework/bfc_allocator.cc:1095] InUse at 7fc085b00000 of size 484442112 next 29
2025-06-14 14:14:33.248943: I external/local_tsl/tsl/framework/bfc_allocator.cc:1095] InUse at 7fc0a2900000 of size 484442112 next 288
2025-06-14 14:14:33.249322: I external/local_tsl/tsl/framework/bfc_allocator.cc:1095] InUse at 7fc0bf700000 of size 484442112 next 292
2025-06-14 14:14:33.249815: I external/local_tsl/tsl/framework/bfc_allocator.cc:1095] InUse at 7fc0dc500000 of size 121110528 next 47
2025-06-14 14:14:33.250217: I external/local_tsl/tsl/framework/bfc_allocator.cc:1095] InUse at 7fc0e3880000 of size 121110528 next 296
2025-06-14 14:14:33.250587: I external/local_tsl/tsl/framework/bfc_allocator.cc:1095] InUse at 7fc0eac00000 of size 121110528 next 300
2025-06-14 14:14:33.250996: I external/local_tsl/tsl/framework/bfc_allocator.cc:1095] InUse at 7fc0f1f80000 of size 30277632 next 302
2025-06-14 14:14:33.251338: I external/local_tsl/tsl/framework/bfc_allocator.cc:1095] InUse at 7fc0f3c60000 of size 30277632 next 303
2025-06-14 14:14:33.251729: I external/local_tsl/tsl/framework/bfc_allocator.cc:1095] InUse at 7fc0f5940000 of size 30277632 next 66
2025-06-14 14:14:33.252109: I external/local_tsl/tsl/framework/bfc_allocator.cc:1095] InUse at 7fc0f7620000 of size 30277632 next 307
2025-06-14 14:14:33.252498: I external/local_tsl/tsl/framework/bfc_allocator.cc:1095] InUse at 7fc0f9300000 of size 121110528 next 76
2025-06-14 14:14:33.252879: I external/local_tsl/tsl/framework/bfc_allocator.cc:1095] InUse at 7fc100680000 of size 121110528 next 312
2025-06-14 14:14:33.253209: I external/local_tsl/tsl/framework/bfc_allocator.cc:1095] InUse at 7fc107a00000 of size 242221056 next 311
2025-06-14 14:14:33.253570: I external/local_tsl/tsl/framework/bfc_allocator.cc:1095] InUse at 7fc116100000 of size 121110528 next 85
2025-06-14 14:14:33.253895: I external/local_tsl/tsl/framework/bfc_allocator.cc:1095] InUse at 7fc11d480000 of size 484442112 next 325
2025-06-14 14:14:33.254256: I external/local_tsl/tsl/framework/bfc_allocator.cc:1095] InUse at 7fc13a280000 of size 484442112 next 320
2025-06-14 14:14:33.254906: I external/local_tsl/tsl/framework/bfc_allocator.cc:1095] InUse at 7fc157080000 of size 968884224 next 319
2025-06-14 14:14:33.255451: I external/local_tsl/tsl/framework/bfc_allocator.cc:1095] InUse at 7fc190c80000 of size 484442112 next 91
2025-06-14 14:14:33.255842: I external/local_tsl/tsl/framework/bfc_allocator.cc:1095] Free  at 7fc1ada80000 of size 475529216 next 18446744073709551615
2025-06-14 14:14:33.256195: I external/local_tsl/tsl/framework/bfc_allocator.cc:1075] Next region of size 4294967296
2025-06-14 14:14:33.256642: I external/local_tsl/tsl/framework/bfc_allocator.cc:1095] InUse at 7fc1ee000000 of size 1937768448 next 11
2025-06-14 14:14:33.257064: I external/local_tsl/tsl/framework/bfc_allocator.cc:1095] InUse at 7fc261800000 of size 1937768448 next 276
2025-06-14 14:14:33.257438: I external/local_tsl/tsl/framework/bfc_allocator.cc:1095] InUse at 7fc2d5000000 of size 242221056 next 20
2025-06-14 14:14:33.257786: I external/local_tsl/tsl/framework/bfc_allocator.cc:1095] InUse at 7fc2e3700000 of size 60555264 next 38
2025-06-14 14:14:33.258114: I external/local_tsl/tsl/framework/bfc_allocator.cc:1095] InUse at 7fc2e70c0000 of size 116654080 next 18446744073709551615
2025-06-14 14:14:33.258460: I external/local_tsl/tsl/framework/bfc_allocator.cc:1075] Next region of size 2147483648
2025-06-14 14:14:33.258875: I external/local_tsl/tsl/framework/bfc_allocator.cc:1095] InUse at 7fc31a000000 of size 1937768448 next 270
2025-06-14 14:14:33.259282: I external/local_tsl/tsl/framework/bfc_allocator.cc:1095] InUse at 7fc38d800000 of size 209715200 next 18446744073709551615
2025-06-14 14:14:33.259622: I external/local_tsl/tsl/framework/bfc_allocator.cc:1075] Next region of size 2147483648
2025-06-14 14:14:33.260042: I external/local_tsl/tsl/framework/bfc_allocator.cc:1095] InUse at 7fc3a0000000 of size 1937768448 next 269
2025-06-14 14:14:33.260376: I external/local_tsl/tsl/framework/bfc_allocator.cc:1095] InUse at 7fc413800000 of size 209715200 next 18446744073709551615
2025-06-14 14:14:33.260724: I external/local_tsl/tsl/framework/bfc_allocator.cc:1075] Next region of size 134217728
2025-06-14 14:14:33.261207: I external/local_tsl/tsl/framework/bfc_allocator.cc:1095] InUse at 7fc4b0000000 of size 60555264 next 264
2025-06-14 14:14:33.261562: I external/local_tsl/tsl/framework/bfc_allocator.cc:1095] InUse at 7fc4b39c0000 of size 73662464 next 18446744073709551615
2025-06-14 14:14:33.261918: I external/local_tsl/tsl/framework/bfc_allocator.cc:1075] Next region of size 67108864
2025-06-14 14:14:33.262387: I external/local_tsl/tsl/framework/bfc_allocator.cc:1095] InUse at 7fc4b8000000 of size 3538944 next 198
2025-06-14 14:14:33.262724: I external/local_tsl/tsl/framework/bfc_allocator.cc:1095] InUse at 7fc4b8360000 of size 1769472 next 205
2025-06-14 14:14:33.263042: I external/local_tsl/tsl/framework/bfc_allocator.cc:1095] InUse at 7fc4b8510000 of size 1769472 next 206
2025-06-14 14:14:33.263367: I external/local_tsl/tsl/framework/bfc_allocator.cc:1095] InUse at 7fc4b86c0000 of size 262144 next 213
2025-06-14 14:14:33.263686: I external/local_tsl/tsl/framework/bfc_allocator.cc:1095] InUse at 7fc4b8700000 of size 262144 next 214
2025-06-14 14:14:33.264006: I external/local_tsl/tsl/framework/bfc_allocator.cc:1095] InUse at 7fc4b8740000 of size 884736 next 217
2025-06-14 14:14:33.264341: I external/local_tsl/tsl/framework/bfc_allocator.cc:1095] InUse at 7fc4b8818000 of size 884736 next 218
2025-06-14 14:14:33.264667: I external/local_tsl/tsl/framework/bfc_allocator.cc:1095] InUse at 7fc4b88f0000 of size 442368 next 225
2025-06-14 14:14:33.265047: I external/local_tsl/tsl/framework/bfc_allocator.cc:1095] InUse at 7fc4b895c000 of size 442368 next 226
2025-06-14 14:14:33.265434: I external/local_tsl/tsl/framework/bfc_allocator.cc:1095] InUse at 7fc4b89c8000 of size 256 next 234
2025-06-14 14:14:33.265869: I external/local_tsl/tsl/framework/bfc_allocator.cc:1095] InUse at 7fc4b89c8100 of size 256 next 235
2025-06-14 14:14:33.266333: I external/local_tsl/tsl/framework/bfc_allocator.cc:1095] InUse at 7fc4b89c8200 of size 221184 next 236
2025-06-14 14:14:33.266751: I external/local_tsl/tsl/framework/bfc_allocator.cc:1095] InUse at 7fc4b89fe200 of size 221184 next 237
2025-06-14 14:14:33.267096: I external/local_tsl/tsl/framework/bfc_allocator.cc:1095] InUse at 7fc4b8a34200 of size 256 next 238
2025-06-14 14:14:33.267506: I external/local_tsl/tsl/framework/bfc_allocator.cc:1095] InUse at 7fc4b8a34300 of size 256 next 239
2025-06-14 14:14:33.267904: I external/local_tsl/tsl/framework/bfc_allocator.cc:1095] InUse at 7fc4b8a34400 of size 256 next 240
2025-06-14 14:14:33.268317: I external/local_tsl/tsl/framework/bfc_allocator.cc:1095] InUse at 7fc4b8a34500 of size 256 next 241
2025-06-14 14:14:33.268757: I external/local_tsl/tsl/framework/bfc_allocator.cc:1095] InUse at 7fc4b8a34600 of size 256 next 242
2025-06-14 14:14:33.269159: I external/local_tsl/tsl/framework/bfc_allocator.cc:1095] InUse at 7fc4b8a34700 of size 256 next 243
2025-06-14 14:14:33.269582: I external/local_tsl/tsl/framework/bfc_allocator.cc:1095] InUse at 7fc4b8a34800 of size 110592 next 244
2025-06-14 14:14:33.269911: I external/local_tsl/tsl/framework/bfc_allocator.cc:1095] InUse at 7fc4b8a4f800 of size 110592 next 245
2025-06-14 14:14:33.270263: I external/local_tsl/tsl/framework/bfc_allocator.cc:1095] InUse at 7fc4b8a6a800 of size 256 next 246
2025-06-14 14:14:33.270681: I external/local_tsl/tsl/framework/bfc_allocator.cc:1095] InUse at 7fc4b8a6a900 of size 256 next 247
2025-06-14 14:14:33.271103: I external/local_tsl/tsl/framework/bfc_allocator.cc:1095] InUse at 7fc4b8a6aa00 of size 256 next 248
2025-06-14 14:14:33.271577: I external/local_tsl/tsl/framework/bfc_allocator.cc:1095] InUse at 7fc4b8a6ab00 of size 256 next 249
2025-06-14 14:14:33.272042: I external/local_tsl/tsl/framework/bfc_allocator.cc:1095] InUse at 7fc4b8a6ac00 of size 256 next 250
2025-06-14 14:14:33.272470: I external/local_tsl/tsl/framework/bfc_allocator.cc:1095] InUse at 7fc4b8a6ad00 of size 256 next 251
2025-06-14 14:14:33.272882: I external/local_tsl/tsl/framework/bfc_allocator.cc:1095] InUse at 7fc4b8a6ae00 of size 256 next 252
2025-06-14 14:14:33.273333: I external/local_tsl/tsl/framework/bfc_allocator.cc:1095] InUse at 7fc4b8a6af00 of size 256 next 253
2025-06-14 14:14:33.273800: I external/local_tsl/tsl/framework/bfc_allocator.cc:1095] InUse at 7fc4b8a6b000 of size 256 next 254
2025-06-14 14:14:33.274250: I external/local_tsl/tsl/framework/bfc_allocator.cc:1095] InUse at 7fc4b8a6b100 of size 256 next 255
2025-06-14 14:14:33.274651: I external/local_tsl/tsl/framework/bfc_allocator.cc:1095] InUse at 7fc4b8a6b200 of size 256 next 256
2025-06-14 14:14:33.275103: I external/local_tsl/tsl/framework/bfc_allocator.cc:1095] InUse at 7fc4b8a6b300 of size 256 next 257
2025-06-14 14:14:33.275559: I external/local_tsl/tsl/framework/bfc_allocator.cc:1095] InUse at 7fc4b8a6b400 of size 256 next 258
2025-06-14 14:14:33.275980: I external/local_tsl/tsl/framework/bfc_allocator.cc:1095] InUse at 7fc4b8a6b500 of size 256 next 259
2025-06-14 14:14:33.276426: I external/local_tsl/tsl/framework/bfc_allocator.cc:1095] InUse at 7fc4b8a6b600 of size 256 next 260
2025-06-14 14:14:33.276842: I external/local_tsl/tsl/framework/bfc_allocator.cc:1095] InUse at 7fc4b8a6b700 of size 256 next 261
2025-06-14 14:14:33.277356: I external/local_tsl/tsl/framework/bfc_allocator.cc:1095] InUse at 7fc4b8a6b800 of size 256 next 262
2025-06-14 14:14:33.277826: I external/local_tsl/tsl/framework/bfc_allocator.cc:1095] InUse at 7fc4b8a6b900 of size 256 next 263
2025-06-14 14:14:33.278248: I external/local_tsl/tsl/framework/bfc_allocator.cc:1095] InUse at 7fc4b8a6ba00 of size 256 next 265
2025-06-14 14:14:33.278661: I external/local_tsl/tsl/framework/bfc_allocator.cc:1095] InUse at 7fc4b8a6bb00 of size 256 next 266
2025-06-14 14:14:33.279094: I external/local_tsl/tsl/framework/bfc_allocator.cc:1095] InUse at 7fc4b8a6bc00 of size 256 next 267
2025-06-14 14:14:33.279492: I external/local_tsl/tsl/framework/bfc_allocator.cc:1095] InUse at 7fc4b8a6bd00 of size 256 next 272
2025-06-14 14:14:33.279921: I external/local_tsl/tsl/framework/bfc_allocator.cc:1095] InUse at 7fc4b8a6be00 of size 256 next 274
2025-06-14 14:14:33.280336: I external/local_tsl/tsl/framework/bfc_allocator.cc:1095] InUse at 7fc4b8a6bf00 of size 256 next 275
2025-06-14 14:14:33.280766: I external/local_tsl/tsl/framework/bfc_allocator.cc:1095] InUse at 7fc4b8a6c000 of size 256 next 279
2025-06-14 14:14:33.281198: I external/local_tsl/tsl/framework/bfc_allocator.cc:1095] InUse at 7fc4b8a6c100 of size 256 next 280
2025-06-14 14:14:33.281626: I external/local_tsl/tsl/framework/bfc_allocator.cc:1095] InUse at 7fc4b8a6c200 of size 256 next 286
2025-06-14 14:14:33.282050: I external/local_tsl/tsl/framework/bfc_allocator.cc:1095] InUse at 7fc4b8a6c300 of size 256 next 287
2025-06-14 14:14:33.282531: I external/local_tsl/tsl/framework/bfc_allocator.cc:1095] InUse at 7fc4b8a6c400 of size 256 next 290
2025-06-14 14:14:33.283024: I external/local_tsl/tsl/framework/bfc_allocator.cc:1095] InUse at 7fc4b8a6c500 of size 256 next 291
2025-06-14 14:14:33.283487: I external/local_tsl/tsl/framework/bfc_allocator.cc:1095] InUse at 7fc4b8a6c600 of size 512 next 293
2025-06-14 14:14:33.283920: I external/local_tsl/tsl/framework/bfc_allocator.cc:1095] InUse at 7fc4b8a6c800 of size 512 next 294
2025-06-14 14:14:33.284364: I external/local_tsl/tsl/framework/bfc_allocator.cc:1095] InUse at 7fc4b8a6ca00 of size 512 next 295
2025-06-14 14:14:33.284843: I external/local_tsl/tsl/framework/bfc_allocator.cc:1095] InUse at 7fc4b8a6cc00 of size 512 next 298
2025-06-14 14:14:33.285295: I external/local_tsl/tsl/framework/bfc_allocator.cc:1095] InUse at 7fc4b8a6ce00 of size 512 next 299
2025-06-14 14:14:33.285765: I external/local_tsl/tsl/framework/bfc_allocator.cc:1095] InUse at 7fc4b8a6d000 of size 15138816 next 56
2025-06-14 14:14:33.286147: I external/local_tsl/tsl/framework/bfc_allocator.cc:1095] InUse at 7fc4b98dd000 of size 15138816 next 301
2025-06-14 14:14:33.286497: I external/local_tsl/tsl/framework/bfc_allocator.cc:1095] InUse at 7fc4ba74d000 of size 1024 next 304
2025-06-14 14:14:33.286910: I external/local_tsl/tsl/framework/bfc_allocator.cc:1095] InUse at 7fc4ba74d400 of size 1024 next 305
2025-06-14 14:14:33.287331: I external/local_tsl/tsl/framework/bfc_allocator.cc:1095] InUse at 7fc4ba74d800 of size 1024 next 306
2025-06-14 14:14:33.287771: I external/local_tsl/tsl/framework/bfc_allocator.cc:1095] InUse at 7fc4ba74dc00 of size 1024 next 309
2025-06-14 14:14:33.288212: I external/local_tsl/tsl/framework/bfc_allocator.cc:1095] InUse at 7fc4ba74e000 of size 1024 next 310
2025-06-14 14:14:33.288670: I external/local_tsl/tsl/framework/bfc_allocator.cc:1095] InUse at 7fc4ba74e400 of size 512 next 317
2025-06-14 14:14:33.289171: I external/local_tsl/tsl/framework/bfc_allocator.cc:1095] InUse at 7fc4ba74e600 of size 512 next 318
2025-06-14 14:14:33.289591: I external/local_tsl/tsl/framework/bfc_allocator.cc:1095] InUse at 7fc4ba74e800 of size 256 next 326
2025-06-14 14:14:33.289997: I external/local_tsl/tsl/framework/bfc_allocator.cc:1095] InUse at 7fc4ba74e900 of size 256 next 327
2025-06-14 14:14:33.290405: I external/local_tsl/tsl/framework/bfc_allocator.cc:1095] Free  at 7fc4ba74ea00 of size 25892352 next 18446744073709551615
2025-06-14 14:14:33.290763: I external/local_tsl/tsl/framework/bfc_allocator.cc:1075] Next region of size 33554432
2025-06-14 14:14:33.291188: I external/local_tsl/tsl/framework/bfc_allocator.cc:1095] InUse at 7fc4d0000000 of size 3538944 next 83
2025-06-14 14:14:33.291556: I external/local_tsl/tsl/framework/bfc_allocator.cc:1095] InUse at 7fc4d0360000 of size 221184 next 152
2025-06-14 14:14:33.291895: I external/local_tsl/tsl/framework/bfc_allocator.cc:1095] InUse at 7fc4d0396000 of size 221184 next 106
2025-06-14 14:14:33.292302: I external/local_tsl/tsl/framework/bfc_allocator.cc:1095] InUse at 7fc4d03cc000 of size 442368 next 100
2025-06-14 14:14:33.292683: I external/local_tsl/tsl/framework/bfc_allocator.cc:1095] InUse at 7fc4d0438000 of size 884736 next 90
2025-06-14 14:14:33.293017: I external/local_tsl/tsl/framework/bfc_allocator.cc:1095] InUse at 7fc4d0510000 of size 1769472 next 74
2025-06-14 14:14:33.293385: I external/local_tsl/tsl/framework/bfc_allocator.cc:1095] InUse at 7fc4d06c0000 of size 7077888 next 72
2025-06-14 14:14:33.293776: I external/local_tsl/tsl/framework/bfc_allocator.cc:1095] InUse at 7fc4d0d80000 of size 7077888 next 187
2025-06-14 14:14:33.294111: I external/local_tsl/tsl/framework/bfc_allocator.cc:1095] InUse at 7fc4d1440000 of size 12320768 next 18446744073709551615
2025-06-14 14:14:33.294446: I external/local_tsl/tsl/framework/bfc_allocator.cc:1075] Next region of size 16777216
2025-06-14 14:14:33.294870: I external/local_tsl/tsl/framework/bfc_allocator.cc:1095] InUse at 7fc4d2000000 of size 1769472 next 173
2025-06-14 14:14:33.295222: I external/local_tsl/tsl/framework/bfc_allocator.cc:1095] InUse at 7fc4d21b0000 of size 1769472 next 64
2025-06-14 14:14:33.295626: I external/local_tsl/tsl/framework/bfc_allocator.cc:1095] InUse at 7fc4d2360000 of size 3538944 next 62
2025-06-14 14:14:33.296022: I external/local_tsl/tsl/framework/bfc_allocator.cc:1095] InUse at 7fc4d26c0000 of size 3538944 next 180
2025-06-14 14:14:33.296372: I external/local_tsl/tsl/framework/bfc_allocator.cc:1095] InUse at 7fc4d2a20000 of size 1048576 next 194
2025-06-14 14:14:33.296756: I external/local_tsl/tsl/framework/bfc_allocator.cc:1095] InUse at 7fc4d2b20000 of size 1048576 next 195
2025-06-14 14:14:33.297093: I external/local_tsl/tsl/framework/bfc_allocator.cc:1095] InUse at 7fc4d2c20000 of size 4063232 next 18446744073709551615
2025-06-14 14:14:33.297463: I external/local_tsl/tsl/framework/bfc_allocator.cc:1075] Next region of size 2097152
2025-06-14 14:14:33.297900: I external/local_tsl/tsl/framework/bfc_allocator.cc:1095] InUse at 7fc53ae00000 of size 1280 next 1
2025-06-14 14:14:33.298365: I external/local_tsl/tsl/framework/bfc_allocator.cc:1095] InUse at 7fc53ae00500 of size 256 next 2
2025-06-14 14:14:33.298804: I external/local_tsl/tsl/framework/bfc_allocator.cc:1095] InUse at 7fc53ae00600 of size 256 next 3
2025-06-14 14:14:33.299260: I external/local_tsl/tsl/framework/bfc_allocator.cc:1095] InUse at 7fc53ae00700 of size 256 next 5
2025-06-14 14:14:33.299678: I external/local_tsl/tsl/framework/bfc_allocator.cc:1095] InUse at 7fc53ae00800 of size 256 next 6
2025-06-14 14:14:33.300166: I external/local_tsl/tsl/framework/bfc_allocator.cc:1095] InUse at 7fc53ae00900 of size 256 next 4
2025-06-14 14:14:33.300597: I external/local_tsl/tsl/framework/bfc_allocator.cc:1095] InUse at 7fc53ae00a00 of size 256 next 7
2025-06-14 14:14:33.301064: I external/local_tsl/tsl/framework/bfc_allocator.cc:1095] InUse at 7fc53ae00b00 of size 256 next 10
2025-06-14 14:14:33.301529: I external/local_tsl/tsl/framework/bfc_allocator.cc:1095] InUse at 7fc53ae00c00 of size 256 next 277
2025-06-14 14:14:33.301988: I external/local_tsl/tsl/framework/bfc_allocator.cc:1095] InUse at 7fc53ae00d00 of size 256 next 12
2025-06-14 14:14:33.302426: I external/local_tsl/tsl/framework/bfc_allocator.cc:1095] InUse at 7fc53ae00e00 of size 256 next 13
2025-06-14 14:14:33.302862: I external/local_tsl/tsl/framework/bfc_allocator.cc:1095] InUse at 7fc53ae00f00 of size 256 next 14
2025-06-14 14:14:33.303278: I external/local_tsl/tsl/framework/bfc_allocator.cc:1095] InUse at 7fc53ae01000 of size 256 next 17
2025-06-14 14:14:33.303766: I external/local_tsl/tsl/framework/bfc_allocator.cc:1095] InUse at 7fc53ae01100 of size 256 next 15
2025-06-14 14:14:33.304196: I external/local_tsl/tsl/framework/bfc_allocator.cc:1095] InUse at 7fc53ae01200 of size 256 next 16
2025-06-14 14:14:33.304653: I external/local_tsl/tsl/framework/bfc_allocator.cc:1095] InUse at 7fc53ae01300 of size 256 next 285
2025-06-14 14:14:33.305052: I external/local_tsl/tsl/framework/bfc_allocator.cc:1095] InUse at 7fc53ae01400 of size 256 next 21
2025-06-14 14:14:33.305490: I external/local_tsl/tsl/framework/bfc_allocator.cc:1095] InUse at 7fc53ae01500 of size 256 next 22
2025-06-14 14:14:33.305910: I external/local_tsl/tsl/framework/bfc_allocator.cc:1095] InUse at 7fc53ae01600 of size 256 next 23
2025-06-14 14:14:33.306374: I external/local_tsl/tsl/framework/bfc_allocator.cc:1095] InUse at 7fc53ae01700 of size 256 next 24
2025-06-14 14:14:33.306805: I external/local_tsl/tsl/framework/bfc_allocator.cc:1095] InUse at 7fc53ae01800 of size 256 next 25
2025-06-14 14:14:33.307233: I external/local_tsl/tsl/framework/bfc_allocator.cc:1095] InUse at 7fc53ae01900 of size 256 next 28
2025-06-14 14:14:33.307641: I external/local_tsl/tsl/framework/bfc_allocator.cc:1095] InUse at 7fc53ae01a00 of size 256 next 289
2025-06-14 14:14:33.308048: I external/local_tsl/tsl/framework/bfc_allocator.cc:1095] InUse at 7fc53ae01b00 of size 256 next 30
2025-06-14 14:14:33.308495: I external/local_tsl/tsl/framework/bfc_allocator.cc:1095] InUse at 7fc53ae01c00 of size 256 next 31
2025-06-14 14:14:33.308939: I external/local_tsl/tsl/framework/bfc_allocator.cc:1095] InUse at 7fc53ae01d00 of size 256 next 32
2025-06-14 14:14:33.309413: I external/local_tsl/tsl/framework/bfc_allocator.cc:1095] InUse at 7fc53ae01e00 of size 256 next 35
2025-06-14 14:14:33.309973: I external/local_tsl/tsl/framework/bfc_allocator.cc:1095] InUse at 7fc53ae01f00 of size 256 next 33
2025-06-14 14:14:33.310458: I external/local_tsl/tsl/framework/bfc_allocator.cc:1095] InUse at 7fc53ae02000 of size 256 next 34
2025-06-14 14:14:33.310913: I external/local_tsl/tsl/framework/bfc_allocator.cc:1095] InUse at 7fc53ae02100 of size 512 next 39
2025-06-14 14:14:33.311317: I external/local_tsl/tsl/framework/bfc_allocator.cc:1095] InUse at 7fc53ae02300 of size 256 next 40
2025-06-14 14:14:33.311720: I external/local_tsl/tsl/framework/bfc_allocator.cc:1095] InUse at 7fc53ae02400 of size 256 next 41
2025-06-14 14:14:33.312114: I external/local_tsl/tsl/framework/bfc_allocator.cc:1095] InUse at 7fc53ae02500 of size 256 next 8
2025-06-14 14:14:33.312552: I external/local_tsl/tsl/framework/bfc_allocator.cc:1095] InUse at 7fc53ae02600 of size 3584 next 9
2025-06-14 14:14:33.312992: I external/local_tsl/tsl/framework/bfc_allocator.cc:1095] InUse at 7fc53ae03400 of size 512 next 42
2025-06-14 14:14:33.313478: I external/local_tsl/tsl/framework/bfc_allocator.cc:1095] InUse at 7fc53ae03600 of size 512 next 45
2025-06-14 14:14:33.313944: I external/local_tsl/tsl/framework/bfc_allocator.cc:1095] InUse at 7fc53ae03800 of size 512 next 46
2025-06-14 14:14:33.314380: I external/local_tsl/tsl/framework/bfc_allocator.cc:1095] InUse at 7fc53ae03a00 of size 512 next 297
2025-06-14 14:14:33.314910: I external/local_tsl/tsl/framework/bfc_allocator.cc:1095] InUse at 7fc53ae03c00 of size 512 next 48
2025-06-14 14:14:33.315382: I external/local_tsl/tsl/framework/bfc_allocator.cc:1095] InUse at 7fc53ae03e00 of size 256 next 49
2025-06-14 14:14:33.315865: I external/local_tsl/tsl/framework/bfc_allocator.cc:1095] InUse at 7fc53ae03f00 of size 512 next 50
2025-06-14 14:14:33.316341: I external/local_tsl/tsl/framework/bfc_allocator.cc:1095] InUse at 7fc53ae04100 of size 512 next 51
2025-06-14 14:14:33.316777: I external/local_tsl/tsl/framework/bfc_allocator.cc:1095] InUse at 7fc53ae04300 of size 512 next 55
2025-06-14 14:14:33.317190: I external/local_tsl/tsl/framework/bfc_allocator.cc:1095] InUse at 7fc53ae04500 of size 1024 next 57
2025-06-14 14:14:33.317709: I external/local_tsl/tsl/framework/bfc_allocator.cc:1095] InUse at 7fc53ae04900 of size 256 next 58
2025-06-14 14:14:33.318251: I external/local_tsl/tsl/framework/bfc_allocator.cc:1095] InUse at 7fc53ae04a00 of size 256 next 59
2025-06-14 14:14:33.318701: I external/local_tsl/tsl/framework/bfc_allocator.cc:1095] InUse at 7fc53ae04b00 of size 1024 next 60
2025-06-14 14:14:33.319115: I external/local_tsl/tsl/framework/bfc_allocator.cc:1095] InUse at 7fc53ae04f00 of size 1024 next 61
2025-06-14 14:14:33.319560: I external/local_tsl/tsl/framework/bfc_allocator.cc:1095] InUse at 7fc53ae05300 of size 1024 next 65
2025-06-14 14:14:33.320076: I external/local_tsl/tsl/framework/bfc_allocator.cc:1095] InUse at 7fc53ae05700 of size 1024 next 308
2025-06-14 14:14:33.320524: I external/local_tsl/tsl/framework/bfc_allocator.cc:1095] InUse at 7fc53ae05b00 of size 1024 next 67
2025-06-14 14:14:33.320933: I external/local_tsl/tsl/framework/bfc_allocator.cc:1095] InUse at 7fc53ae05f00 of size 256 next 68
2025-06-14 14:14:33.321424: I external/local_tsl/tsl/framework/bfc_allocator.cc:1095] InUse at 7fc53ae06000 of size 256 next 69
2025-06-14 14:14:33.321955: I external/local_tsl/tsl/framework/bfc_allocator.cc:1095] InUse at 7fc53ae06100 of size 1024 next 70
2025-06-14 14:14:33.322373: I external/local_tsl/tsl/framework/bfc_allocator.cc:1095] InUse at 7fc53ae06500 of size 1024 next 71
2025-06-14 14:14:33.322821: I external/local_tsl/tsl/framework/bfc_allocator.cc:1095] InUse at 7fc53ae06900 of size 1024 next 75
2025-06-14 14:14:33.323284: I external/local_tsl/tsl/framework/bfc_allocator.cc:1095] InUse at 7fc53ae06d00 of size 512 next 313
2025-06-14 14:14:33.323737: I external/local_tsl/tsl/framework/bfc_allocator.cc:1095] InUse at 7fc53ae06f00 of size 512 next 314
2025-06-14 14:14:33.324168: I external/local_tsl/tsl/framework/bfc_allocator.cc:1095] InUse at 7fc53ae07100 of size 512 next 315
2025-06-14 14:14:33.324625: I external/local_tsl/tsl/framework/bfc_allocator.cc:1095] InUse at 7fc53ae07300 of size 512 next 77
2025-06-14 14:14:33.325025: I external/local_tsl/tsl/framework/bfc_allocator.cc:1095] InUse at 7fc53ae07500 of size 256 next 78
2025-06-14 14:14:33.325523: I external/local_tsl/tsl/framework/bfc_allocator.cc:1095] InUse at 7fc53ae07600 of size 256 next 79
2025-06-14 14:14:33.325961: I external/local_tsl/tsl/framework/bfc_allocator.cc:1095] InUse at 7fc53ae07700 of size 512 next 80
2025-06-14 14:14:33.326392: I external/local_tsl/tsl/framework/bfc_allocator.cc:1095] InUse at 7fc53ae07900 of size 512 next 81
2025-06-14 14:14:33.326838: I external/local_tsl/tsl/framework/bfc_allocator.cc:1095] InUse at 7fc53ae07b00 of size 512 next 82
2025-06-14 14:14:33.327417: I external/local_tsl/tsl/framework/bfc_allocator.cc:1095] InUse at 7fc53ae07d00 of size 512 next 84
2025-06-14 14:14:33.327955: I external/local_tsl/tsl/framework/bfc_allocator.cc:1095] InUse at 7fc53ae07f00 of size 512 next 316
2025-06-14 14:14:33.328354: I external/local_tsl/tsl/framework/bfc_allocator.cc:1095] InUse at 7fc53ae08100 of size 512 next 86
2025-06-14 14:14:33.328772: I external/local_tsl/tsl/framework/bfc_allocator.cc:1095] InUse at 7fc53ae08300 of size 512 next 87
2025-06-14 14:14:33.329207: I external/local_tsl/tsl/framework/bfc_allocator.cc:1095] InUse at 7fc53ae08500 of size 512 next 88
2025-06-14 14:14:33.329624: I external/local_tsl/tsl/framework/bfc_allocator.cc:1095] InUse at 7fc53ae08700 of size 512 next 89
2025-06-14 14:14:33.330043: I external/local_tsl/tsl/framework/bfc_allocator.cc:1095] InUse at 7fc53ae08900 of size 256 next 321
2025-06-14 14:14:33.330491: I external/local_tsl/tsl/framework/bfc_allocator.cc:1095] InUse at 7fc53ae08a00 of size 256 next 323
2025-06-14 14:14:33.330966: I external/local_tsl/tsl/framework/bfc_allocator.cc:1095] InUse at 7fc53ae08b00 of size 256 next 324
2025-06-14 14:14:33.331439: I external/local_tsl/tsl/framework/bfc_allocator.cc:1095] InUse at 7fc53ae08c00 of size 256 next 92
2025-06-14 14:14:33.331964: I external/local_tsl/tsl/framework/bfc_allocator.cc:1095] InUse at 7fc53ae08d00 of size 256 next 93
2025-06-14 14:14:33.332422: I external/local_tsl/tsl/framework/bfc_allocator.cc:1095] InUse at 7fc53ae08e00 of size 256 next 94
2025-06-14 14:14:33.332885: I external/local_tsl/tsl/framework/bfc_allocator.cc:1095] InUse at 7fc53ae08f00 of size 256 next 97
2025-06-14 14:14:33.333293: I external/local_tsl/tsl/framework/bfc_allocator.cc:1095] InUse at 7fc53ae09000 of size 256 next 95
2025-06-14 14:14:33.333762: I external/local_tsl/tsl/framework/bfc_allocator.cc:1095] InUse at 7fc53ae09100 of size 256 next 96
2025-06-14 14:14:33.334284: I external/local_tsl/tsl/framework/bfc_allocator.cc:1095] InUse at 7fc53ae09200 of size 256 next 98
2025-06-14 14:14:33.334757: I external/local_tsl/tsl/framework/bfc_allocator.cc:1095] InUse at 7fc53ae09300 of size 256 next 101
2025-06-14 14:14:33.335239: I external/local_tsl/tsl/framework/bfc_allocator.cc:1095] InUse at 7fc53ae09400 of size 256 next 102
2025-06-14 14:14:33.335642: I external/local_tsl/tsl/framework/bfc_allocator.cc:1095] InUse at 7fc53ae09500 of size 256 next 103
2025-06-14 14:14:33.336093: I external/local_tsl/tsl/framework/bfc_allocator.cc:1095] InUse at 7fc53ae09600 of size 256 next 104
2025-06-14 14:14:33.336623: I external/local_tsl/tsl/framework/bfc_allocator.cc:1095] InUse at 7fc53ae09700 of size 256 next 105
2025-06-14 14:14:33.337070: I external/local_tsl/tsl/framework/bfc_allocator.cc:1095] Free  at 7fc53ae09800 of size 512 next 108
2025-06-14 14:14:33.337532: I external/local_tsl/tsl/framework/bfc_allocator.cc:1095] InUse at 7fc53ae09a00 of size 256 next 109
2025-06-14 14:14:33.337957: I external/local_tsl/tsl/framework/bfc_allocator.cc:1095] InUse at 7fc53ae09b00 of size 256 next 110
2025-06-14 14:14:33.338399: I external/local_tsl/tsl/framework/bfc_allocator.cc:1095] InUse at 7fc53ae09c00 of size 256 next 146
2025-06-14 14:14:33.338838: I external/local_tsl/tsl/framework/bfc_allocator.cc:1095] InUse at 7fc53ae09d00 of size 256 next 147
2025-06-14 14:14:33.339231: I external/local_tsl/tsl/framework/bfc_allocator.cc:1095] InUse at 7fc53ae09e00 of size 256 next 148
2025-06-14 14:14:33.339650: I external/local_tsl/tsl/framework/bfc_allocator.cc:1095] InUse at 7fc53ae09f00 of size 256 next 149
2025-06-14 14:14:33.340104: I external/local_tsl/tsl/framework/bfc_allocator.cc:1095] InUse at 7fc53ae0a000 of size 256 next 150
2025-06-14 14:14:33.340525: I external/local_tsl/tsl/framework/bfc_allocator.cc:1095] InUse at 7fc53ae0a100 of size 256 next 151
2025-06-14 14:14:33.340981: I external/local_tsl/tsl/framework/bfc_allocator.cc:1095] InUse at 7fc53ae0a200 of size 256 next 153
2025-06-14 14:14:33.341463: I external/local_tsl/tsl/framework/bfc_allocator.cc:1095] InUse at 7fc53ae0a300 of size 256 next 154
2025-06-14 14:14:33.341890: I external/local_tsl/tsl/framework/bfc_allocator.cc:1095] InUse at 7fc53ae0a400 of size 256 next 155
2025-06-14 14:14:33.342341: I external/local_tsl/tsl/framework/bfc_allocator.cc:1095] InUse at 7fc53ae0a500 of size 256 next 156
2025-06-14 14:14:33.342787: I external/local_tsl/tsl/framework/bfc_allocator.cc:1095] InUse at 7fc53ae0a600 of size 256 next 157
2025-06-14 14:14:33.343245: I external/local_tsl/tsl/framework/bfc_allocator.cc:1095] InUse at 7fc53ae0a700 of size 256 next 158
2025-06-14 14:14:33.343648: I external/local_tsl/tsl/framework/bfc_allocator.cc:1095] InUse at 7fc53ae0a800 of size 256 next 160
2025-06-14 14:14:33.344059: I external/local_tsl/tsl/framework/bfc_allocator.cc:1095] InUse at 7fc53ae0a900 of size 256 next 161
2025-06-14 14:14:33.344461: I external/local_tsl/tsl/framework/bfc_allocator.cc:1095] InUse at 7fc53ae0aa00 of size 256 next 162
2025-06-14 14:14:33.344913: I external/local_tsl/tsl/framework/bfc_allocator.cc:1095] InUse at 7fc53ae0ab00 of size 256 next 163
2025-06-14 14:14:33.345333: I external/local_tsl/tsl/framework/bfc_allocator.cc:1095] InUse at 7fc53ae0ac00 of size 256 next 164
2025-06-14 14:14:33.345751: I external/local_tsl/tsl/framework/bfc_allocator.cc:1095] InUse at 7fc53ae0ad00 of size 256 next 165
2025-06-14 14:14:33.346144: I external/local_tsl/tsl/framework/bfc_allocator.cc:1095] InUse at 7fc53ae0ae00 of size 512 next 167
2025-06-14 14:14:33.346607: I external/local_tsl/tsl/framework/bfc_allocator.cc:1095] InUse at 7fc53ae0b000 of size 512 next 168
2025-06-14 14:14:33.347017: I external/local_tsl/tsl/framework/bfc_allocator.cc:1095] InUse at 7fc53ae0b200 of size 512 next 169
2025-06-14 14:14:33.347504: I external/local_tsl/tsl/framework/bfc_allocator.cc:1095] InUse at 7fc53ae0b400 of size 512 next 170
2025-06-14 14:14:33.348021: I external/local_tsl/tsl/framework/bfc_allocator.cc:1095] InUse at 7fc53ae0b600 of size 512 next 171
2025-06-14 14:14:33.348529: I external/local_tsl/tsl/framework/bfc_allocator.cc:1095] InUse at 7fc53ae0b800 of size 512 next 172
2025-06-14 14:14:33.348942: I external/local_tsl/tsl/framework/bfc_allocator.cc:1095] InUse at 7fc53ae0ba00 of size 512 next 174
2025-06-14 14:14:33.349388: I external/local_tsl/tsl/framework/bfc_allocator.cc:1095] InUse at 7fc53ae0bc00 of size 512 next 175
2025-06-14 14:14:33.349829: I external/local_tsl/tsl/framework/bfc_allocator.cc:1095] InUse at 7fc53ae0be00 of size 512 next 176
2025-06-14 14:14:33.350279: I external/local_tsl/tsl/framework/bfc_allocator.cc:1095] InUse at 7fc53ae0c000 of size 512 next 177
2025-06-14 14:14:33.350705: I external/local_tsl/tsl/framework/bfc_allocator.cc:1095] InUse at 7fc53ae0c200 of size 512 next 178
2025-06-14 14:14:33.351162: I external/local_tsl/tsl/framework/bfc_allocator.cc:1095] InUse at 7fc53ae0c400 of size 512 next 179
2025-06-14 14:14:33.351635: I external/local_tsl/tsl/framework/bfc_allocator.cc:1095] InUse at 7fc53ae0c600 of size 1024 next 181
2025-06-14 14:14:33.352102: I external/local_tsl/tsl/framework/bfc_allocator.cc:1095] InUse at 7fc53ae0ca00 of size 1024 next 182
2025-06-14 14:14:33.352545: I external/local_tsl/tsl/framework/bfc_allocator.cc:1095] InUse at 7fc53ae0ce00 of size 1024 next 183
2025-06-14 14:14:33.352975: I external/local_tsl/tsl/framework/bfc_allocator.cc:1095] InUse at 7fc53ae0d200 of size 1024 next 184
2025-06-14 14:14:33.353449: I external/local_tsl/tsl/framework/bfc_allocator.cc:1095] InUse at 7fc53ae0d600 of size 1024 next 185
2025-06-14 14:14:33.353913: I external/local_tsl/tsl/framework/bfc_allocator.cc:1095] InUse at 7fc53ae0da00 of size 1024 next 186
2025-06-14 14:14:33.354313: I external/local_tsl/tsl/framework/bfc_allocator.cc:1095] InUse at 7fc53ae0de00 of size 1024 next 188
2025-06-14 14:14:33.354737: I external/local_tsl/tsl/framework/bfc_allocator.cc:1095] InUse at 7fc53ae0e200 of size 1024 next 189
2025-06-14 14:14:33.355137: I external/local_tsl/tsl/framework/bfc_allocator.cc:1095] InUse at 7fc53ae0e600 of size 1024 next 190
2025-06-14 14:14:33.355578: I external/local_tsl/tsl/framework/bfc_allocator.cc:1095] InUse at 7fc53ae0ea00 of size 1024 next 191
2025-06-14 14:14:33.355989: I external/local_tsl/tsl/framework/bfc_allocator.cc:1095] InUse at 7fc53ae0ee00 of size 1024 next 192
2025-06-14 14:14:33.356427: I external/local_tsl/tsl/framework/bfc_allocator.cc:1095] InUse at 7fc53ae0f200 of size 1024 next 193
2025-06-14 14:14:33.356847: I external/local_tsl/tsl/framework/bfc_allocator.cc:1095] InUse at 7fc53ae0f600 of size 512 next 196
2025-06-14 14:14:33.357310: I external/local_tsl/tsl/framework/bfc_allocator.cc:1095] InUse at 7fc53ae0f800 of size 512 next 197
2025-06-14 14:14:33.357729: I external/local_tsl/tsl/framework/bfc_allocator.cc:1095] InUse at 7fc53ae0fa00 of size 512 next 199
2025-06-14 14:14:33.358138: I external/local_tsl/tsl/framework/bfc_allocator.cc:1095] InUse at 7fc53ae0fc00 of size 512 next 200
2025-06-14 14:14:33.358594: I external/local_tsl/tsl/framework/bfc_allocator.cc:1095] InUse at 7fc53ae0fe00 of size 512 next 201
2025-06-14 14:14:33.359123: I external/local_tsl/tsl/framework/bfc_allocator.cc:1095] InUse at 7fc53ae10000 of size 512 next 202
2025-06-14 14:14:33.359547: I external/local_tsl/tsl/framework/bfc_allocator.cc:1095] InUse at 7fc53ae10200 of size 512 next 203
2025-06-14 14:14:33.359977: I external/local_tsl/tsl/framework/bfc_allocator.cc:1095] InUse at 7fc53ae10400 of size 512 next 204
2025-06-14 14:14:33.360383: I external/local_tsl/tsl/framework/bfc_allocator.cc:1095] InUse at 7fc53ae10600 of size 512 next 207
2025-06-14 14:14:33.360873: I external/local_tsl/tsl/framework/bfc_allocator.cc:1095] InUse at 7fc53ae10800 of size 512 next 208
2025-06-14 14:14:33.361324: I external/local_tsl/tsl/framework/bfc_allocator.cc:1095] InUse at 7fc53ae10a00 of size 512 next 209
2025-06-14 14:14:33.361753: I external/local_tsl/tsl/framework/bfc_allocator.cc:1095] InUse at 7fc53ae10c00 of size 512 next 210
2025-06-14 14:14:33.362157: I external/local_tsl/tsl/framework/bfc_allocator.cc:1095] InUse at 7fc53ae10e00 of size 512 next 211
2025-06-14 14:14:33.362575: I external/local_tsl/tsl/framework/bfc_allocator.cc:1095] InUse at 7fc53ae11000 of size 512 next 212
2025-06-14 14:14:33.363032: I external/local_tsl/tsl/framework/bfc_allocator.cc:1095] InUse at 7fc53ae11200 of size 256 next 215
2025-06-14 14:14:33.363462: I external/local_tsl/tsl/framework/bfc_allocator.cc:1095] InUse at 7fc53ae11300 of size 256 next 216
2025-06-14 14:14:33.363903: I external/local_tsl/tsl/framework/bfc_allocator.cc:1095] InUse at 7fc53ae11400 of size 256 next 219
2025-06-14 14:14:33.364431: I external/local_tsl/tsl/framework/bfc_allocator.cc:1095] InUse at 7fc53ae11500 of size 256 next 220
2025-06-14 14:14:33.364868: I external/local_tsl/tsl/framework/bfc_allocator.cc:1095] InUse at 7fc53ae11600 of size 256 next 221
2025-06-14 14:14:33.365292: I external/local_tsl/tsl/framework/bfc_allocator.cc:1095] InUse at 7fc53ae11700 of size 256 next 222
2025-06-14 14:14:33.365742: I external/local_tsl/tsl/framework/bfc_allocator.cc:1095] InUse at 7fc53ae11800 of size 256 next 223
2025-06-14 14:14:33.366159: I external/local_tsl/tsl/framework/bfc_allocator.cc:1095] InUse at 7fc53ae11900 of size 256 next 224
2025-06-14 14:14:33.366565: I external/local_tsl/tsl/framework/bfc_allocator.cc:1095] InUse at 7fc53ae11a00 of size 256 next 227
2025-06-14 14:14:33.367016: I external/local_tsl/tsl/framework/bfc_allocator.cc:1095] InUse at 7fc53ae11b00 of size 256 next 228
2025-06-14 14:14:33.367439: I external/local_tsl/tsl/framework/bfc_allocator.cc:1095] InUse at 7fc53ae11c00 of size 256 next 229
2025-06-14 14:14:33.368018: I external/local_tsl/tsl/framework/bfc_allocator.cc:1095] InUse at 7fc53ae11d00 of size 256 next 230
2025-06-14 14:14:33.368503: I external/local_tsl/tsl/framework/bfc_allocator.cc:1095] InUse at 7fc53ae11e00 of size 256 next 231
2025-06-14 14:14:33.368945: I external/local_tsl/tsl/framework/bfc_allocator.cc:1095] InUse at 7fc53ae11f00 of size 256 next 232
2025-06-14 14:14:33.369415: I external/local_tsl/tsl/framework/bfc_allocator.cc:1095] InUse at 7fc53ae12000 of size 65536 next 233
2025-06-14 14:14:33.369891: I external/local_tsl/tsl/framework/bfc_allocator.cc:1095] InUse at 7fc53ae22000 of size 95232 next 19
2025-06-14 14:14:33.370314: I external/local_tsl/tsl/framework/bfc_allocator.cc:1095] InUse at 7fc53ae39400 of size 110592 next 18
2025-06-14 14:14:33.370660: I external/local_tsl/tsl/framework/bfc_allocator.cc:1095] InUse at 7fc53ae54400 of size 65536 next 115
2025-06-14 14:14:33.371005: I external/local_tsl/tsl/framework/bfc_allocator.cc:1095] InUse at 7fc53ae64400 of size 256 next 112
2025-06-14 14:14:33.371456: I external/local_tsl/tsl/framework/bfc_allocator.cc:1095] InUse at 7fc53ae64500 of size 256 next 114
2025-06-14 14:14:33.371874: I external/local_tsl/tsl/framework/bfc_allocator.cc:1095] InUse at 7fc53ae64600 of size 256 next 113
2025-06-14 14:14:33.372296: I external/local_tsl/tsl/framework/bfc_allocator.cc:1095] InUse at 7fc53ae64700 of size 256 next 111
2025-06-14 14:14:33.372717: I external/local_tsl/tsl/framework/bfc_allocator.cc:1095] InUse at 7fc53ae64800 of size 256 next 117
2025-06-14 14:14:33.373123: I external/local_tsl/tsl/framework/bfc_allocator.cc:1095] InUse at 7fc53ae64900 of size 256 next 118
2025-06-14 14:14:33.373554: I external/local_tsl/tsl/framework/bfc_allocator.cc:1095] InUse at 7fc53ae64a00 of size 256 next 120
2025-06-14 14:14:33.374043: I external/local_tsl/tsl/framework/bfc_allocator.cc:1095] InUse at 7fc53ae64b00 of size 256 next 119
2025-06-14 14:14:33.374540: I external/local_tsl/tsl/framework/bfc_allocator.cc:1095] InUse at 7fc53ae64c00 of size 256 next 121
2025-06-14 14:14:33.374963: I external/local_tsl/tsl/framework/bfc_allocator.cc:1095] InUse at 7fc53ae64d00 of size 256 next 123
2025-06-14 14:14:33.375372: I external/local_tsl/tsl/framework/bfc_allocator.cc:1095] InUse at 7fc53ae64e00 of size 256 next 124
2025-06-14 14:14:33.375815: I external/local_tsl/tsl/framework/bfc_allocator.cc:1095] InUse at 7fc53ae64f00 of size 256 next 125
2025-06-14 14:14:33.376248: I external/local_tsl/tsl/framework/bfc_allocator.cc:1095] InUse at 7fc53ae65000 of size 256 next 126
2025-06-14 14:14:33.376718: I external/local_tsl/tsl/framework/bfc_allocator.cc:1095] InUse at 7fc53ae65100 of size 256 next 128
2025-06-14 14:14:33.377176: I external/local_tsl/tsl/framework/bfc_allocator.cc:1095] InUse at 7fc53ae65200 of size 256 next 127
2025-06-14 14:14:33.377637: I external/local_tsl/tsl/framework/bfc_allocator.cc:1095] InUse at 7fc53ae65300 of size 256 next 129
2025-06-14 14:14:33.378061: I external/local_tsl/tsl/framework/bfc_allocator.cc:1095] InUse at 7fc53ae65400 of size 256 next 130
2025-06-14 14:14:33.378546: I external/local_tsl/tsl/framework/bfc_allocator.cc:1095] InUse at 7fc53ae65500 of size 256 next 131
2025-06-14 14:14:33.378968: I external/local_tsl/tsl/framework/bfc_allocator.cc:1095] InUse at 7fc53ae65600 of size 256 next 132
2025-06-14 14:14:33.379439: I external/local_tsl/tsl/framework/bfc_allocator.cc:1095] InUse at 7fc53ae65700 of size 256 next 133
2025-06-14 14:14:33.379859: I external/local_tsl/tsl/framework/bfc_allocator.cc:1095] InUse at 7fc53ae65800 of size 256 next 137
2025-06-14 14:14:33.380290: I external/local_tsl/tsl/framework/bfc_allocator.cc:1095] InUse at 7fc53ae65900 of size 256 next 136
2025-06-14 14:14:33.380732: I external/local_tsl/tsl/framework/bfc_allocator.cc:1095] InUse at 7fc53ae65a00 of size 3584 next 138
2025-06-14 14:14:33.381161: I external/local_tsl/tsl/framework/bfc_allocator.cc:1095] InUse at 7fc53ae66800 of size 3584 next 139
2025-06-14 14:14:33.381585: I external/local_tsl/tsl/framework/bfc_allocator.cc:1095] InUse at 7fc53ae67600 of size 256 next 140
2025-06-14 14:14:33.382033: I external/local_tsl/tsl/framework/bfc_allocator.cc:1095] InUse at 7fc53ae67700 of size 256 next 141
2025-06-14 14:14:33.382471: I external/local_tsl/tsl/framework/bfc_allocator.cc:1095] InUse at 7fc53ae67800 of size 256 next 142
2025-06-14 14:14:33.382877: I external/local_tsl/tsl/framework/bfc_allocator.cc:1095] InUse at 7fc53ae67900 of size 256 next 143
2025-06-14 14:14:33.383281: I external/local_tsl/tsl/framework/bfc_allocator.cc:1095] InUse at 7fc53ae67a00 of size 256 next 144
2025-06-14 14:14:33.383777: I external/local_tsl/tsl/framework/bfc_allocator.cc:1095] InUse at 7fc53ae67b00 of size 256 next 145
2025-06-14 14:14:33.384277: I external/local_tsl/tsl/framework/bfc_allocator.cc:1095] InUse at 7fc53ae67c00 of size 141312 next 27
2025-06-14 14:14:33.384674: I external/local_tsl/tsl/framework/bfc_allocator.cc:1095] InUse at 7fc53ae8a400 of size 221184 next 26
2025-06-14 14:14:33.385106: I external/local_tsl/tsl/framework/bfc_allocator.cc:1095] InUse at 7fc53aec0400 of size 442368 next 159
2025-06-14 14:14:33.385481: I external/local_tsl/tsl/framework/bfc_allocator.cc:1095] InUse at 7fc53af2c400 of size 867328 next 18446744073709551615
2025-06-14 14:14:33.385827: I external/local_tsl/tsl/framework/bfc_allocator.cc:1075] Next region of size 4194304
2025-06-14 14:14:33.386225: I external/local_tsl/tsl/framework/bfc_allocator.cc:1095] InUse at 7fc53b400000 of size 442368 next 37
2025-06-14 14:14:33.386618: I external/local_tsl/tsl/framework/bfc_allocator.cc:1095] InUse at 7fc53b46c000 of size 221184 next 116
2025-06-14 14:14:33.386991: I external/local_tsl/tsl/framework/bfc_allocator.cc:1095] InUse at 7fc53b4a2000 of size 110592 next 122
2025-06-14 14:14:33.387343: I external/local_tsl/tsl/framework/bfc_allocator.cc:1095] InUse at 7fc53b4bd000 of size 192512 next 99
2025-06-14 14:14:33.387708: I external/local_tsl/tsl/framework/bfc_allocator.cc:1095] InUse at 7fc53b4ec000 of size 360448 next 44
2025-06-14 14:14:33.388043: I external/local_tsl/tsl/framework/bfc_allocator.cc:1095] InUse at 7fc53b544000 of size 884736 next 43
2025-06-14 14:14:33.388450: I external/local_tsl/tsl/framework/bfc_allocator.cc:1095] InUse at 7fc53b61c000 of size 1982464 next 18446744073709551615
2025-06-14 14:14:33.388815: I external/local_tsl/tsl/framework/bfc_allocator.cc:1075] Next region of size 8388608
2025-06-14 14:14:33.389270: I external/local_tsl/tsl/framework/bfc_allocator.cc:1095] InUse at 7fc53b800000 of size 884736 next 166
2025-06-14 14:14:33.389703: I external/local_tsl/tsl/framework/bfc_allocator.cc:1095] InUse at 7fc53b8d8000 of size 884736 next 54
2025-06-14 14:14:33.390079: I external/local_tsl/tsl/framework/bfc_allocator.cc:1095] InUse at 7fc53b9b0000 of size 1769472 next 52
2025-06-14 14:14:33.390442: I external/local_tsl/tsl/framework/bfc_allocator.cc:1095] InUse at 7fc53bb60000 of size 4849664 next 18446744073709551615
2025-06-14 14:14:33.390816: I external/local_tsl/tsl/framework/bfc_allocator.cc:1100]      Summary of in-use Chunks by size: 
2025-06-14 14:14:33.391251: I external/local_tsl/tsl/framework/bfc_allocator.cc:1103] 155 Chunks of size 256 totalling 38.8KiB
2025-06-14 14:14:33.391675: I external/local_tsl/tsl/framework/bfc_allocator.cc:1103] 55 Chunks of size 512 totalling 27.5KiB
2025-06-14 14:14:33.392105: I external/local_tsl/tsl/framework/bfc_allocator.cc:1103] 26 Chunks of size 1024 totalling 26.0KiB
2025-06-14 14:14:33.392540: I external/local_tsl/tsl/framework/bfc_allocator.cc:1103] 1 Chunks of size 1280 totalling 1.2KiB
2025-06-14 14:14:33.393002: I external/local_tsl/tsl/framework/bfc_allocator.cc:1103] 3 Chunks of size 3584 totalling 10.5KiB
2025-06-14 14:14:33.393459: I external/local_tsl/tsl/framework/bfc_allocator.cc:1103] 2 Chunks of size 65536 totalling 128.0KiB
2025-06-14 14:14:33.393908: I external/local_tsl/tsl/framework/bfc_allocator.cc:1103] 1 Chunks of size 95232 totalling 93.0KiB
2025-06-14 14:14:33.394391: I external/local_tsl/tsl/framework/bfc_allocator.cc:1103] 4 Chunks of size 110592 totalling 432.0KiB
2025-06-14 14:14:33.394834: I external/local_tsl/tsl/framework/bfc_allocator.cc:1103] 1 Chunks of size 141312 totalling 138.0KiB
2025-06-14 14:14:33.395242: I external/local_tsl/tsl/framework/bfc_allocator.cc:1103] 1 Chunks of size 192512 totalling 188.0KiB
2025-06-14 14:14:33.395652: I external/local_tsl/tsl/framework/bfc_allocator.cc:1103] 6 Chunks of size 221184 totalling 1.27MiB
2025-06-14 14:14:33.396068: I external/local_tsl/tsl/framework/bfc_allocator.cc:1103] 2 Chunks of size 262144 totalling 512.0KiB
2025-06-14 14:14:33.396515: I external/local_tsl/tsl/framework/bfc_allocator.cc:1103] 1 Chunks of size 360448 totalling 352.0KiB
2025-06-14 14:14:33.396945: I external/local_tsl/tsl/framework/bfc_allocator.cc:1103] 5 Chunks of size 442368 totalling 2.11MiB
2025-06-14 14:14:33.397387: I external/local_tsl/tsl/framework/bfc_allocator.cc:1103] 1 Chunks of size 867328 totalling 847.0KiB
2025-06-14 14:14:33.397909: I external/local_tsl/tsl/framework/bfc_allocator.cc:1103] 6 Chunks of size 884736 totalling 5.06MiB
2025-06-14 14:14:33.398399: I external/local_tsl/tsl/framework/bfc_allocator.cc:1103] 2 Chunks of size 1048576 totalling 2.00MiB
2025-06-14 14:14:33.398819: I external/local_tsl/tsl/framework/bfc_allocator.cc:1103] 6 Chunks of size 1769472 totalling 10.12MiB
2025-06-14 14:14:33.399228: I external/local_tsl/tsl/framework/bfc_allocator.cc:1103] 1 Chunks of size 1982464 totalling 1.89MiB
2025-06-14 14:14:33.399634: I external/local_tsl/tsl/framework/bfc_allocator.cc:1103] 4 Chunks of size 3538944 totalling 13.50MiB
2025-06-14 14:14:33.400181: I external/local_tsl/tsl/framework/bfc_allocator.cc:1103] 1 Chunks of size 4063232 totalling 3.88MiB
2025-06-14 14:14:33.400668: I external/local_tsl/tsl/framework/bfc_allocator.cc:1103] 1 Chunks of size 4849664 totalling 4.62MiB
2025-06-14 14:14:33.401102: I external/local_tsl/tsl/framework/bfc_allocator.cc:1103] 2 Chunks of size 7077888 totalling 13.50MiB
2025-06-14 14:14:33.401531: I external/local_tsl/tsl/framework/bfc_allocator.cc:1103] 1 Chunks of size 12320768 totalling 11.75MiB
2025-06-14 14:14:33.401962: I external/local_tsl/tsl/framework/bfc_allocator.cc:1103] 2 Chunks of size 15138816 totalling 28.88MiB
2025-06-14 14:14:33.402324: I external/local_tsl/tsl/framework/bfc_allocator.cc:1103] 4 Chunks of size 30277632 totalling 115.50MiB
2025-06-14 14:14:33.402673: I external/local_tsl/tsl/framework/bfc_allocator.cc:1103] 2 Chunks of size 60555264 totalling 115.50MiB
2025-06-14 14:14:33.403005: I external/local_tsl/tsl/framework/bfc_allocator.cc:1103] 1 Chunks of size 73662464 totalling 70.25MiB
2025-06-14 14:14:33.403418: I external/local_tsl/tsl/framework/bfc_allocator.cc:1103] 1 Chunks of size 116654080 totalling 111.25MiB
2025-06-14 14:14:33.403797: I external/local_tsl/tsl/framework/bfc_allocator.cc:1103] 6 Chunks of size 121110528 totalling 693.00MiB
2025-06-14 14:14:33.404160: I external/local_tsl/tsl/framework/bfc_allocator.cc:1103] 2 Chunks of size 209715200 totalling 400.00MiB
2025-06-14 14:14:33.404546: I external/local_tsl/tsl/framework/bfc_allocator.cc:1103] 3 Chunks of size 242221056 totalling 693.00MiB
2025-06-14 14:14:33.404928: I external/local_tsl/tsl/framework/bfc_allocator.cc:1103] 8 Chunks of size 484442112 totalling 3.61GiB
2025-06-14 14:14:33.405309: I external/local_tsl/tsl/framework/bfc_allocator.cc:1103] 1 Chunks of size 968884224 totalling 924.00MiB
2025-06-14 14:14:33.405649: I external/local_tsl/tsl/framework/bfc_allocator.cc:1103] 6 Chunks of size 1937768448 totalling 10.83GiB
2025-06-14 14:14:33.405996: I external/local_tsl/tsl/framework/bfc_allocator.cc:1107] Sum Total of in-use chunks: 17.58GiB
2025-06-14 14:14:33.406434: I external/local_tsl/tsl/framework/bfc_allocator.cc:1109] Total bytes in pool: 23575789568 memory_limit_: 23575789568 available bytes: 0 curr_region_allocation_bytes_: 34359738368
2025-06-14 14:14:33.406764: I external/local_tsl/tsl/framework/bfc_allocator.cc:1114] Stats: 
Limit:                     23575789568
InUse:                     18882553856
MaxInUse:                  22800760320
NumAllocs:                         912
MaxAllocSize:               4135495424
Reserved:                            0
PeakReserved:                        0
LargestFreeBlock:                    0

2025-06-14 14:14:33.407159: W external/local_tsl/tsl/framework/bfc_allocator.cc:497] ________*********________************************************_**************************************
2025-06-14 14:14:33.407511: W tensorflow/core/framework/op_kernel.cc:1839] OP_REQUIRES failed at concat_op.cc:165 : RESOURCE_EXHAUSTED: OOM when allocating tensor with shape[2,64,192,224,176] and type float on /job:localhost/replica:0/task:0/device:GPU:0 by allocator GPU_0_bfc
Traceback (most recent call last):
  File "/mnt/beegfs/hellgate/home/rb194958e/stroke_segmentation_sota/batch_wise_train.py", line 277, in <module>
    if main():
       ^^^^^^
  File "/mnt/beegfs/hellgate/home/rb194958e/stroke_segmentation_sota/batch_wise_train.py", line 256, in main
    history = model.fit(
              ^^^^^^^^^^
  File "/mnt/beegfs/hellgate/home/rb194958e/.conda/envs/tf215_env/lib/python3.11/site-packages/keras/src/utils/traceback_utils.py", line 70, in error_handler
    raise e.with_traceback(filtered_tb) from None
  File "/mnt/beegfs/hellgate/home/rb194958e/.conda/envs/tf215_env/lib/python3.11/site-packages/tensorflow/python/eager/execute.py", line 53, in quick_execute
    tensors = pywrap_tfe.TFE_Py_Execute(ctx._handle, device_name, op_name,
  ^^^^^^^^^^^^^^^^^^^^^^^^^^^^^^^^^^^^^^^^^^^^^^^^^^^^^^^^^^^^^^^^^^^^^^^^
tensorflow.python.framework.errors_impl.ResourceExhaustedError: Graph execution error:

Detected at node model/concatenate_2/concat defined at (most recent call last):
  File "/mnt/beegfs/hellgate/home/rb194958e/stroke_segmentation_sota/batch_wise_train.py", line 277, in <module>

  File "/mnt/beegfs/hellgate/home/rb194958e/stroke_segmentation_sota/batch_wise_train.py", line 256, in main

  File "/mnt/beegfs/hellgate/home/rb194958e/.conda/envs/tf215_env/lib/python3.11/site-packages/keras/src/utils/traceback_utils.py", line 65, in error_handler

  File "/mnt/beegfs/hellgate/home/rb194958e/.conda/envs/tf215_env/lib/python3.11/site-packages/keras/src/engine/training.py", line 1807, in fit

  File "/mnt/beegfs/hellgate/home/rb194958e/.conda/envs/tf215_env/lib/python3.11/site-packages/keras/src/engine/training.py", line 1401, in train_function

  File "/mnt/beegfs/hellgate/home/rb194958e/.conda/envs/tf215_env/lib/python3.11/site-packages/keras/src/engine/training.py", line 1384, in step_function

  File "/mnt/beegfs/hellgate/home/rb194958e/.conda/envs/tf215_env/lib/python3.11/site-packages/keras/src/engine/training.py", line 1373, in run_step

  File "/mnt/beegfs/hellgate/home/rb194958e/.conda/envs/tf215_env/lib/python3.11/site-packages/keras/src/engine/training.py", line 1150, in train_step

  File "/mnt/beegfs/hellgate/home/rb194958e/.conda/envs/tf215_env/lib/python3.11/site-packages/keras/src/utils/traceback_utils.py", line 65, in error_handler

  File "/mnt/beegfs/hellgate/home/rb194958e/.conda/envs/tf215_env/lib/python3.11/site-packages/keras/src/engine/training.py", line 590, in __call__

  File "/mnt/beegfs/hellgate/home/rb194958e/.conda/envs/tf215_env/lib/python3.11/site-packages/keras/src/utils/traceback_utils.py", line 65, in error_handler

  File "/mnt/beegfs/hellgate/home/rb194958e/.conda/envs/tf215_env/lib/python3.11/site-packages/keras/src/engine/base_layer.py", line 1149, in __call__

  File "/mnt/beegfs/hellgate/home/rb194958e/.conda/envs/tf215_env/lib/python3.11/site-packages/keras/src/utils/traceback_utils.py", line 96, in error_handler

  File "/mnt/beegfs/hellgate/home/rb194958e/.conda/envs/tf215_env/lib/python3.11/site-packages/keras/src/engine/functional.py", line 515, in call

  File "/mnt/beegfs/hellgate/home/rb194958e/.conda/envs/tf215_env/lib/python3.11/site-packages/keras/src/engine/functional.py", line 672, in _run_internal_graph

  File "/mnt/beegfs/hellgate/home/rb194958e/.conda/envs/tf215_env/lib/python3.11/site-packages/keras/src/utils/traceback_utils.py", line 65, in error_handler

  File "/mnt/beegfs/hellgate/home/rb194958e/.conda/envs/tf215_env/lib/python3.11/site-packages/keras/src/engine/base_layer.py", line 1149, in __call__

  File "/mnt/beegfs/hellgate/home/rb194958e/.conda/envs/tf215_env/lib/python3.11/site-packages/keras/src/utils/traceback_utils.py", line 96, in error_handler

  File "/mnt/beegfs/hellgate/home/rb194958e/.conda/envs/tf215_env/lib/python3.11/site-packages/keras/src/layers/merging/base_merge.py", line 196, in call

  File "/mnt/beegfs/hellgate/home/rb194958e/.conda/envs/tf215_env/lib/python3.11/site-packages/keras/src/layers/merging/concatenate.py", line 134, in _merge_function

  File "/mnt/beegfs/hellgate/home/rb194958e/.conda/envs/tf215_env/lib/python3.11/site-packages/keras/src/backend.py", line 3580, in concatenate

OOM when allocating tensor with shape[2,64,192,224,176] and type float on /job:localhost/replica:0/task:0/device:GPU:0 by allocator GPU_0_bfc
	 [[{{node model/concatenate_2/concat}}]]
Hint: If you want to see a list of allocated tensors when OOM happens, add report_tensor_allocations_upon_oom to RunOptions for current allocation info. This isn't available when running in Eager mode.
 [Op:__inference_train_function_7309]
2025-06-14 14:14:33.568774: W tensorflow/core/kernels/data/generator_dataset_op.cc:108] Error occurred when finalizing GeneratorDataset iterator: FAILED_PRECONDITION: Python interpreter state is not initialized. The process may be terminated.
	 [[{{node PyFunc}}]]
/var/spool/slurmd/job1123786/slurm_script: line 320: EOF: command not found
/var/spool/slurmd/job1123786/slurm_script: line 330: unexpected EOF while looking for matching ``'
/var/spool/slurmd/job1123786/slurm_script: line 339: syntax error: unexpected end of file
