2025-06-15 04:06:34.156113: I tensorflow/core/util/port.cc:113] oneDNN custom operations are on. You may see slightly different numerical results due to floating-point round-off errors from different computation orders. To turn them off, set the environment variable `TF_ENABLE_ONEDNN_OPTS=0`.
2025-06-15 04:06:34.892647: E external/local_xla/xla/stream_executor/cuda/cuda_dnn.cc:9261] Unable to register cuDNN factory: Attempting to register factory for plugin cuDNN when one has already been registered
2025-06-15 04:06:34.893183: E external/local_xla/xla/stream_executor/cuda/cuda_fft.cc:607] Unable to register cuFFT factory: Attempting to register factory for plugin cuFFT when one has already been registered
2025-06-15 04:06:35.009098: E external/local_xla/xla/stream_executor/cuda/cuda_blas.cc:1515] Unable to register cuBLAS factory: Attempting to register factory for plugin cuBLAS when one has already been registered
2025-06-15 04:06:35.265630: I tensorflow/core/platform/cpu_feature_guard.cc:182] This TensorFlow binary is optimized to use available CPU instructions in performance-critical operations.
To enable the following instructions: AVX2 AVX512F AVX512_VNNI FMA, in other operations, rebuild TensorFlow with the appropriate compiler flags.
2025-06-15 04:06:42.003410: W tensorflow/compiler/tf2tensorrt/utils/py_utils.cc:38] TF-TRT Warning: Could not find TensorRT
INFO:__main__:🚀 Starting Stroke Lesion Segmentation Training
INFO:__main__:Using 1 GPU(s)
INFO:__main__:Creating data generators...
INFO:__main__:Found 655 valid image/mask pairs
INFO:__main__:Found 655 valid image/mask pairs
INFO:__main__:Training batches: 262
INFO:__main__:Validation batches: 65
INFO:__main__:Building model...
2025-06-15 04:06:56.480037: I tensorflow/core/common_runtime/gpu/gpu_device.cc:1929] Created device /job:localhost/replica:0/task:0/device:GPU:0 with 22483 MB memory:  -> device: 0, name: NVIDIA RTX 4500 Ada Generation, pci bus id: 0000:1c:00.0, compute capability: 8.9
INFO:__main__:Model parameters: 5,605,345
INFO:__main__:Starting training...
pixdim[0] (qfac) should be 1 (default) or -1; setting qfac to 1
INFO:nibabel.global:pixdim[0] (qfac) should be 1 (default) or -1; setting qfac to 1
pixdim[0] (qfac) should be 1 (default) or -1; setting qfac to 1
INFO:nibabel.global:pixdim[0] (qfac) should be 1 (default) or -1; setting qfac to 1
pixdim[0] (qfac) should be 1 (default) or -1; setting qfac to 1
INFO:nibabel.global:pixdim[0] (qfac) should be 1 (default) or -1; setting qfac to 1
pixdim[0] (qfac) should be 1 (default) or -1; setting qfac to 1
INFO:nibabel.global:pixdim[0] (qfac) should be 1 (default) or -1; setting qfac to 1
2025-06-15 04:07:03.932492: I external/local_xla/xla/stream_executor/cuda/cuda_dnn.cc:454] Loaded cuDNN version 8907
pixdim[0] (qfac) should be 1 (default) or -1; setting qfac to 1
INFO:nibabel.global:pixdim[0] (qfac) should be 1 (default) or -1; setting qfac to 1
pixdim[0] (qfac) should be 1 (default) or -1; setting qfac to 1
INFO:nibabel.global:pixdim[0] (qfac) should be 1 (default) or -1; setting qfac to 1
pixdim[0] (qfac) should be 1 (default) or -1; setting qfac to 1
INFO:nibabel.global:pixdim[0] (qfac) should be 1 (default) or -1; setting qfac to 1
pixdim[0] (qfac) should be 1 (default) or -1; setting qfac to 1
INFO:nibabel.global:pixdim[0] (qfac) should be 1 (default) or -1; setting qfac to 1
2025-06-15 04:07:20.395928: W external/local_tsl/tsl/framework/bfc_allocator.cc:296] Allocator (GPU_0_bfc) ran out of memory trying to allocate 2.27GiB with freed_by_count=0. The caller indicates that this is not a failure, but this may mean that there could be performance gains if more memory were available.
2025-06-15 04:07:20.497159: W external/local_tsl/tsl/framework/bfc_allocator.cc:296] Allocator (GPU_0_bfc) ran out of memory trying to allocate 2.30GiB with freed_by_count=0. The caller indicates that this is not a failure, but this may mean that there could be performance gains if more memory were available.
2025-06-15 04:07:20.497961: W external/local_tsl/tsl/framework/bfc_allocator.cc:296] Allocator (GPU_0_bfc) ran out of memory trying to allocate 2.27GiB with freed_by_count=0. The caller indicates that this is not a failure, but this may mean that there could be performance gains if more memory were available.
2025-06-15 04:07:21.115989: W external/local_tsl/tsl/framework/bfc_allocator.cc:296] Allocator (GPU_0_bfc) ran out of memory trying to allocate 2.27GiB with freed_by_count=0. The caller indicates that this is not a failure, but this may mean that there could be performance gains if more memory were available.
2025-06-15 04:07:21.169503: W external/local_tsl/tsl/framework/bfc_allocator.cc:296] Allocator (GPU_0_bfc) ran out of memory trying to allocate 2.30GiB with freed_by_count=0. The caller indicates that this is not a failure, but this may mean that there could be performance gains if more memory were available.
2025-06-15 04:07:21.170462: W external/local_tsl/tsl/framework/bfc_allocator.cc:296] Allocator (GPU_0_bfc) ran out of memory trying to allocate 2.27GiB with freed_by_count=0. The caller indicates that this is not a failure, but this may mean that there could be performance gains if more memory were available.
2025-06-15 04:07:31.790477: W external/local_tsl/tsl/framework/bfc_allocator.cc:485] Allocator (GPU_0_bfc) ran out of memory trying to allocate 3.61GiB (rounded to 3875536896)requested by op model/concatenate_2/concat
If the cause is memory fragmentation maybe the environment variable 'TF_GPU_ALLOCATOR=cuda_malloc_async' will improve the situation. 
Current allocation summary follows.
Current allocation summary follows.
2025-06-15 04:07:31.791582: I external/local_tsl/tsl/framework/bfc_allocator.cc:1039] BFCAllocator dump for GPU_0_bfc
2025-06-15 04:07:31.792302: I external/local_tsl/tsl/framework/bfc_allocator.cc:1046] Bin (256): 	Total Chunks: 155, Chunks in use: 155. 38.8KiB allocated for chunks. 38.8KiB in use in bin. 20.7KiB client-requested in use in bin.
2025-06-15 04:07:31.792858: I external/local_tsl/tsl/framework/bfc_allocator.cc:1046] Bin (512): 	Total Chunks: 56, Chunks in use: 55. 28.0KiB allocated for chunks. 27.5KiB in use in bin. 27.5KiB client-requested in use in bin.
2025-06-15 04:07:31.793299: I external/local_tsl/tsl/framework/bfc_allocator.cc:1046] Bin (1024): 	Total Chunks: 27, Chunks in use: 27. 27.2KiB allocated for chunks. 27.2KiB in use in bin. 27.0KiB client-requested in use in bin.
2025-06-15 04:07:31.793721: I external/local_tsl/tsl/framework/bfc_allocator.cc:1046] Bin (2048): 	Total Chunks: 3, Chunks in use: 3. 10.5KiB allocated for chunks. 10.5KiB in use in bin. 10.1KiB client-requested in use in bin.
2025-06-15 04:07:31.794116: I external/local_tsl/tsl/framework/bfc_allocator.cc:1046] Bin (4096): 	Total Chunks: 0, Chunks in use: 0. 0B allocated for chunks. 0B in use in bin. 0B client-requested in use in bin.
2025-06-15 04:07:31.794543: I external/local_tsl/tsl/framework/bfc_allocator.cc:1046] Bin (8192): 	Total Chunks: 0, Chunks in use: 0. 0B allocated for chunks. 0B in use in bin. 0B client-requested in use in bin.
2025-06-15 04:07:31.794929: I external/local_tsl/tsl/framework/bfc_allocator.cc:1046] Bin (16384): 	Total Chunks: 0, Chunks in use: 0. 0B allocated for chunks. 0B in use in bin. 0B client-requested in use in bin.
2025-06-15 04:07:31.795426: I external/local_tsl/tsl/framework/bfc_allocator.cc:1046] Bin (32768): 	Total Chunks: 0, Chunks in use: 0. 0B allocated for chunks. 0B in use in bin. 0B client-requested in use in bin.
2025-06-15 04:07:31.795819: I external/local_tsl/tsl/framework/bfc_allocator.cc:1046] Bin (65536): 	Total Chunks: 7, Chunks in use: 7. 653.0KiB allocated for chunks. 653.0KiB in use in bin. 624.0KiB client-requested in use in bin.
2025-06-15 04:07:31.796259: I external/local_tsl/tsl/framework/bfc_allocator.cc:1046] Bin (131072): 	Total Chunks: 8, Chunks in use: 8. 1.58MiB allocated for chunks. 1.58MiB in use in bin. 1.48MiB client-requested in use in bin.
2025-06-15 04:07:31.796661: I external/local_tsl/tsl/framework/bfc_allocator.cc:1046] Bin (262144): 	Total Chunks: 8, Chunks in use: 8. 2.95MiB allocated for chunks. 2.95MiB in use in bin. 2.86MiB client-requested in use in bin.
2025-06-15 04:07:31.797058: I external/local_tsl/tsl/framework/bfc_allocator.cc:1046] Bin (524288): 	Total Chunks: 7, Chunks in use: 7. 5.89MiB allocated for chunks. 5.89MiB in use in bin. 5.48MiB client-requested in use in bin.
2025-06-15 04:07:31.797449: I external/local_tsl/tsl/framework/bfc_allocator.cc:1046] Bin (1048576): 	Total Chunks: 9, Chunks in use: 9. 14.02MiB allocated for chunks. 14.02MiB in use in bin. 13.12MiB client-requested in use in bin.
2025-06-15 04:07:31.797838: I external/local_tsl/tsl/framework/bfc_allocator.cc:1046] Bin (2097152): 	Total Chunks: 5, Chunks in use: 5. 17.38MiB allocated for chunks. 17.38MiB in use in bin. 16.88MiB client-requested in use in bin.
2025-06-15 04:07:31.798257: I external/local_tsl/tsl/framework/bfc_allocator.cc:1046] Bin (4194304): 	Total Chunks: 3, Chunks in use: 3. 18.12MiB allocated for chunks. 18.12MiB in use in bin. 16.88MiB client-requested in use in bin.
2025-06-15 04:07:31.798669: I external/local_tsl/tsl/framework/bfc_allocator.cc:1046] Bin (8388608): 	Total Chunks: 3, Chunks in use: 3. 40.62MiB allocated for chunks. 40.62MiB in use in bin. 35.62MiB client-requested in use in bin.
2025-06-15 04:07:31.799051: I external/local_tsl/tsl/framework/bfc_allocator.cc:1046] Bin (16777216): 	Total Chunks: 5, Chunks in use: 4. 140.19MiB allocated for chunks. 115.50MiB in use in bin. 115.50MiB client-requested in use in bin.
2025-06-15 04:07:31.799438: I external/local_tsl/tsl/framework/bfc_allocator.cc:1046] Bin (33554432): 	Total Chunks: 2, Chunks in use: 2. 115.50MiB allocated for chunks. 115.50MiB in use in bin. 115.50MiB client-requested in use in bin.
2025-06-15 04:07:31.799836: I external/local_tsl/tsl/framework/bfc_allocator.cc:1046] Bin (67108864): 	Total Chunks: 8, Chunks in use: 8. 874.50MiB allocated for chunks. 874.50MiB in use in bin. 808.50MiB client-requested in use in bin.
2025-06-15 04:07:31.800244: I external/local_tsl/tsl/framework/bfc_allocator.cc:1046] Bin (134217728): 	Total Chunks: 5, Chunks in use: 5. 1.07GiB allocated for chunks. 1.07GiB in use in bin. 924.00MiB client-requested in use in bin.
2025-06-15 04:07:31.800594: I external/local_tsl/tsl/framework/bfc_allocator.cc:1046] Bin (268435456): 	Total Chunks: 18, Chunks in use: 15. 19.69GiB allocated for chunks. 15.34GiB in use in bin. 15.34GiB client-requested in use in bin.
2025-06-15 04:07:31.800955: I external/local_tsl/tsl/framework/bfc_allocator.cc:1062] Bin for 3.61GiB was 256.00MiB, Chunk State: 
2025-06-15 04:07:31.801300: I external/local_tsl/tsl/framework/bfc_allocator.cc:1068]   Size: 453.50MiB | Requested Size: 16.00MiB | in_use: 0 | bin_num: 20, prev:   Size: 462.00MiB | Requested Size: 462.00MiB | in_use: 1 | bin_num: -1
2025-06-15 04:07:31.801661: I external/local_tsl/tsl/framework/bfc_allocator.cc:1068]   Size: 1.80GiB | Requested Size: 1.80GiB | in_use: 0 | bin_num: 20, next:   Size: 1.80GiB | Requested Size: 1.80GiB | in_use: 1 | bin_num: -1
2025-06-15 04:07:31.802040: I external/local_tsl/tsl/framework/bfc_allocator.cc:1068]   Size: 2.10GiB | Requested Size: 1.82GiB | in_use: 0 | bin_num: 20, prev:   Size: 1.80GiB | Requested Size: 1.80GiB | in_use: 1 | bin_num: -1
2025-06-15 04:07:31.802443: I external/local_tsl/tsl/framework/bfc_allocator.cc:1075] Next region of size 6129582080
2025-06-15 04:07:31.802889: I external/local_tsl/tsl/framework/bfc_allocator.cc:1095] Free  at 7ef638000000 of size 1937768448 next 107
2025-06-15 04:07:31.803298: I external/local_tsl/tsl/framework/bfc_allocator.cc:1095] InUse at 7ef6ab800000 of size 1937768448 next 329
2025-06-15 04:07:31.803656: I external/local_tsl/tsl/framework/bfc_allocator.cc:1095] Free  at 7ef71f000000 of size 2254045184 next 18446744073709551615
2025-06-15 04:07:31.803988: I external/local_tsl/tsl/framework/bfc_allocator.cc:1075] Next region of size 8589934592
2025-06-15 04:07:31.804454: I external/local_tsl/tsl/framework/bfc_allocator.cc:1095] InUse at 7ef7c6000000 of size 1937768448 next 281
2025-06-15 04:07:31.804796: I external/local_tsl/tsl/framework/bfc_allocator.cc:1095] InUse at 7ef839800000 of size 242221056 next 282
2025-06-15 04:07:31.805175: I external/local_tsl/tsl/framework/bfc_allocator.cc:1095] InUse at 7ef847f00000 of size 484442112 next 283
2025-06-15 04:07:31.805527: I external/local_tsl/tsl/framework/bfc_allocator.cc:1095] InUse at 7ef864d00000 of size 484442112 next 284
2025-06-15 04:07:31.805894: I external/local_tsl/tsl/framework/bfc_allocator.cc:1095] InUse at 7ef881b00000 of size 484442112 next 29
2025-06-15 04:07:31.806295: I external/local_tsl/tsl/framework/bfc_allocator.cc:1095] InUse at 7ef89e900000 of size 484442112 next 288
2025-06-15 04:07:31.806670: I external/local_tsl/tsl/framework/bfc_allocator.cc:1095] InUse at 7ef8bb700000 of size 484442112 next 292
2025-06-15 04:07:31.807047: I external/local_tsl/tsl/framework/bfc_allocator.cc:1095] InUse at 7ef8d8500000 of size 121110528 next 47
2025-06-15 04:07:31.807386: I external/local_tsl/tsl/framework/bfc_allocator.cc:1095] InUse at 7ef8df880000 of size 121110528 next 296
2025-06-15 04:07:31.807752: I external/local_tsl/tsl/framework/bfc_allocator.cc:1095] InUse at 7ef8e6c00000 of size 121110528 next 300
2025-06-15 04:07:31.808103: I external/local_tsl/tsl/framework/bfc_allocator.cc:1095] InUse at 7ef8edf80000 of size 30277632 next 302
2025-06-15 04:07:31.808481: I external/local_tsl/tsl/framework/bfc_allocator.cc:1095] InUse at 7ef8efc60000 of size 30277632 next 303
2025-06-15 04:07:31.808839: I external/local_tsl/tsl/framework/bfc_allocator.cc:1095] InUse at 7ef8f1940000 of size 30277632 next 66
2025-06-15 04:07:31.809213: I external/local_tsl/tsl/framework/bfc_allocator.cc:1095] InUse at 7ef8f3620000 of size 30277632 next 307
2025-06-15 04:07:31.809555: I external/local_tsl/tsl/framework/bfc_allocator.cc:1095] InUse at 7ef8f5300000 of size 121110528 next 76
2025-06-15 04:07:31.809916: I external/local_tsl/tsl/framework/bfc_allocator.cc:1095] InUse at 7ef8fc680000 of size 121110528 next 312
2025-06-15 04:07:31.810282: I external/local_tsl/tsl/framework/bfc_allocator.cc:1095] InUse at 7ef903a00000 of size 242221056 next 311
2025-06-15 04:07:31.810644: I external/local_tsl/tsl/framework/bfc_allocator.cc:1095] InUse at 7ef912100000 of size 121110528 next 85
2025-06-15 04:07:31.810979: I external/local_tsl/tsl/framework/bfc_allocator.cc:1095] InUse at 7ef919480000 of size 484442112 next 325
2025-06-15 04:07:31.811357: I external/local_tsl/tsl/framework/bfc_allocator.cc:1095] InUse at 7ef936280000 of size 484442112 next 320
2025-06-15 04:07:31.811698: I external/local_tsl/tsl/framework/bfc_allocator.cc:1095] InUse at 7ef953080000 of size 968884224 next 319
2025-06-15 04:07:31.812048: I external/local_tsl/tsl/framework/bfc_allocator.cc:1095] InUse at 7ef98cc80000 of size 484442112 next 91
2025-06-15 04:07:31.812440: I external/local_tsl/tsl/framework/bfc_allocator.cc:1095] Free  at 7ef9a9a80000 of size 475529216 next 18446744073709551615
2025-06-15 04:07:31.812923: I external/local_tsl/tsl/framework/bfc_allocator.cc:1075] Next region of size 4294967296
2025-06-15 04:07:31.813423: I external/local_tsl/tsl/framework/bfc_allocator.cc:1095] InUse at 7ef9e6000000 of size 1937768448 next 11
2025-06-15 04:07:31.813834: I external/local_tsl/tsl/framework/bfc_allocator.cc:1095] InUse at 7efa59800000 of size 1937768448 next 276
2025-06-15 04:07:31.814235: I external/local_tsl/tsl/framework/bfc_allocator.cc:1095] InUse at 7efacd000000 of size 242221056 next 20
2025-06-15 04:07:31.814605: I external/local_tsl/tsl/framework/bfc_allocator.cc:1095] InUse at 7efadb700000 of size 60555264 next 38
2025-06-15 04:07:31.814992: I external/local_tsl/tsl/framework/bfc_allocator.cc:1095] InUse at 7efadf0c0000 of size 116654080 next 18446744073709551615
2025-06-15 04:07:31.815388: I external/local_tsl/tsl/framework/bfc_allocator.cc:1075] Next region of size 2147483648
2025-06-15 04:07:31.815809: I external/local_tsl/tsl/framework/bfc_allocator.cc:1095] InUse at 7efb12000000 of size 1937768448 next 270
2025-06-15 04:07:31.816169: I external/local_tsl/tsl/framework/bfc_allocator.cc:1095] InUse at 7efb85800000 of size 209715200 next 18446744073709551615
2025-06-15 04:07:31.816571: I external/local_tsl/tsl/framework/bfc_allocator.cc:1075] Next region of size 2147483648
2025-06-15 04:07:31.817036: I external/local_tsl/tsl/framework/bfc_allocator.cc:1095] InUse at 7efb98000000 of size 1937768448 next 268
2025-06-15 04:07:31.817394: I external/local_tsl/tsl/framework/bfc_allocator.cc:1095] InUse at 7efc0b800000 of size 209715200 next 18446744073709551615
2025-06-15 04:07:31.817768: I external/local_tsl/tsl/framework/bfc_allocator.cc:1075] Next region of size 134217728
2025-06-15 04:07:31.818219: I external/local_tsl/tsl/framework/bfc_allocator.cc:1095] InUse at 7efca0000000 of size 60555264 next 264
2025-06-15 04:07:31.818623: I external/local_tsl/tsl/framework/bfc_allocator.cc:1095] InUse at 7efca39c0000 of size 73662464 next 18446744073709551615
2025-06-15 04:07:31.819002: I external/local_tsl/tsl/framework/bfc_allocator.cc:1075] Next region of size 67108864
2025-06-15 04:07:31.819445: I external/local_tsl/tsl/framework/bfc_allocator.cc:1095] InUse at 7efca8000000 of size 3538944 next 198
2025-06-15 04:07:31.819828: I external/local_tsl/tsl/framework/bfc_allocator.cc:1095] InUse at 7efca8360000 of size 1769472 next 205
2025-06-15 04:07:31.820175: I external/local_tsl/tsl/framework/bfc_allocator.cc:1095] InUse at 7efca8510000 of size 1769472 next 206
2025-06-15 04:07:31.820558: I external/local_tsl/tsl/framework/bfc_allocator.cc:1095] InUse at 7efca86c0000 of size 262144 next 213
2025-06-15 04:07:31.820889: I external/local_tsl/tsl/framework/bfc_allocator.cc:1095] InUse at 7efca8700000 of size 262144 next 214
2025-06-15 04:07:31.821266: I external/local_tsl/tsl/framework/bfc_allocator.cc:1095] InUse at 7efca8740000 of size 884736 next 217
2025-06-15 04:07:31.821624: I external/local_tsl/tsl/framework/bfc_allocator.cc:1095] InUse at 7efca8818000 of size 884736 next 218
2025-06-15 04:07:31.821933: I external/local_tsl/tsl/framework/bfc_allocator.cc:1095] InUse at 7efca88f0000 of size 442368 next 225
2025-06-15 04:07:31.822313: I external/local_tsl/tsl/framework/bfc_allocator.cc:1095] InUse at 7efca895c000 of size 442368 next 226
2025-06-15 04:07:31.822734: I external/local_tsl/tsl/framework/bfc_allocator.cc:1095] InUse at 7efca89c8000 of size 256 next 234
2025-06-15 04:07:31.823159: I external/local_tsl/tsl/framework/bfc_allocator.cc:1095] InUse at 7efca89c8100 of size 256 next 235
2025-06-15 04:07:31.823587: I external/local_tsl/tsl/framework/bfc_allocator.cc:1095] InUse at 7efca89c8200 of size 221184 next 236
2025-06-15 04:07:31.823910: I external/local_tsl/tsl/framework/bfc_allocator.cc:1095] InUse at 7efca89fe200 of size 221184 next 237
2025-06-15 04:07:31.824256: I external/local_tsl/tsl/framework/bfc_allocator.cc:1095] InUse at 7efca8a34200 of size 256 next 238
2025-06-15 04:07:31.824691: I external/local_tsl/tsl/framework/bfc_allocator.cc:1095] InUse at 7efca8a34300 of size 256 next 239
2025-06-15 04:07:31.825145: I external/local_tsl/tsl/framework/bfc_allocator.cc:1095] InUse at 7efca8a34400 of size 256 next 240
2025-06-15 04:07:31.825593: I external/local_tsl/tsl/framework/bfc_allocator.cc:1095] InUse at 7efca8a34500 of size 256 next 241
2025-06-15 04:07:31.826044: I external/local_tsl/tsl/framework/bfc_allocator.cc:1095] InUse at 7efca8a34600 of size 256 next 242
2025-06-15 04:07:31.826531: I external/local_tsl/tsl/framework/bfc_allocator.cc:1095] InUse at 7efca8a34700 of size 256 next 243
2025-06-15 04:07:31.826954: I external/local_tsl/tsl/framework/bfc_allocator.cc:1095] InUse at 7efca8a34800 of size 110592 next 244
2025-06-15 04:07:31.827321: I external/local_tsl/tsl/framework/bfc_allocator.cc:1095] InUse at 7efca8a4f800 of size 110592 next 245
2025-06-15 04:07:31.827698: I external/local_tsl/tsl/framework/bfc_allocator.cc:1095] InUse at 7efca8a6a800 of size 256 next 246
2025-06-15 04:07:31.828150: I external/local_tsl/tsl/framework/bfc_allocator.cc:1095] InUse at 7efca8a6a900 of size 256 next 247
2025-06-15 04:07:31.828587: I external/local_tsl/tsl/framework/bfc_allocator.cc:1095] InUse at 7efca8a6aa00 of size 256 next 248
2025-06-15 04:07:31.829019: I external/local_tsl/tsl/framework/bfc_allocator.cc:1095] InUse at 7efca8a6ab00 of size 256 next 249
2025-06-15 04:07:31.829477: I external/local_tsl/tsl/framework/bfc_allocator.cc:1095] InUse at 7efca8a6ac00 of size 256 next 250
2025-06-15 04:07:31.829949: I external/local_tsl/tsl/framework/bfc_allocator.cc:1095] InUse at 7efca8a6ad00 of size 256 next 251
2025-06-15 04:07:31.830377: I external/local_tsl/tsl/framework/bfc_allocator.cc:1095] InUse at 7efca8a6ae00 of size 256 next 252
2025-06-15 04:07:31.830826: I external/local_tsl/tsl/framework/bfc_allocator.cc:1095] InUse at 7efca8a6af00 of size 256 next 253
2025-06-15 04:07:31.831283: I external/local_tsl/tsl/framework/bfc_allocator.cc:1095] InUse at 7efca8a6b000 of size 256 next 254
2025-06-15 04:07:31.831741: I external/local_tsl/tsl/framework/bfc_allocator.cc:1095] InUse at 7efca8a6b100 of size 256 next 255
2025-06-15 04:07:31.832175: I external/local_tsl/tsl/framework/bfc_allocator.cc:1095] InUse at 7efca8a6b200 of size 256 next 256
2025-06-15 04:07:31.832636: I external/local_tsl/tsl/framework/bfc_allocator.cc:1095] InUse at 7efca8a6b300 of size 256 next 257
2025-06-15 04:07:31.833125: I external/local_tsl/tsl/framework/bfc_allocator.cc:1095] InUse at 7efca8a6b400 of size 256 next 258
2025-06-15 04:07:31.833645: I external/local_tsl/tsl/framework/bfc_allocator.cc:1095] InUse at 7efca8a6b500 of size 256 next 259
2025-06-15 04:07:31.834139: I external/local_tsl/tsl/framework/bfc_allocator.cc:1095] InUse at 7efca8a6b600 of size 256 next 260
2025-06-15 04:07:31.834574: I external/local_tsl/tsl/framework/bfc_allocator.cc:1095] InUse at 7efca8a6b700 of size 256 next 261
2025-06-15 04:07:31.835001: I external/local_tsl/tsl/framework/bfc_allocator.cc:1095] InUse at 7efca8a6b800 of size 256 next 262
2025-06-15 04:07:31.835426: I external/local_tsl/tsl/framework/bfc_allocator.cc:1095] InUse at 7efca8a6b900 of size 256 next 263
2025-06-15 04:07:31.835868: I external/local_tsl/tsl/framework/bfc_allocator.cc:1095] InUse at 7efca8a6ba00 of size 256 next 265
2025-06-15 04:07:31.836320: I external/local_tsl/tsl/framework/bfc_allocator.cc:1095] InUse at 7efca8a6bb00 of size 256 next 266
2025-06-15 04:07:31.836755: I external/local_tsl/tsl/framework/bfc_allocator.cc:1095] InUse at 7efca8a6bc00 of size 256 next 269
2025-06-15 04:07:31.837212: I external/local_tsl/tsl/framework/bfc_allocator.cc:1095] InUse at 7efca8a6bd00 of size 256 next 272
2025-06-15 04:07:31.837640: I external/local_tsl/tsl/framework/bfc_allocator.cc:1095] InUse at 7efca8a6be00 of size 256 next 274
2025-06-15 04:07:31.838081: I external/local_tsl/tsl/framework/bfc_allocator.cc:1095] InUse at 7efca8a6bf00 of size 256 next 275
2025-06-15 04:07:31.838533: I external/local_tsl/tsl/framework/bfc_allocator.cc:1095] InUse at 7efca8a6c000 of size 256 next 279
2025-06-15 04:07:31.838954: I external/local_tsl/tsl/framework/bfc_allocator.cc:1095] InUse at 7efca8a6c100 of size 256 next 280
2025-06-15 04:07:31.839398: I external/local_tsl/tsl/framework/bfc_allocator.cc:1095] InUse at 7efca8a6c200 of size 256 next 286
2025-06-15 04:07:31.839870: I external/local_tsl/tsl/framework/bfc_allocator.cc:1095] InUse at 7efca8a6c300 of size 256 next 287
2025-06-15 04:07:31.840317: I external/local_tsl/tsl/framework/bfc_allocator.cc:1095] InUse at 7efca8a6c400 of size 256 next 290
2025-06-15 04:07:31.840759: I external/local_tsl/tsl/framework/bfc_allocator.cc:1095] InUse at 7efca8a6c500 of size 256 next 291
2025-06-15 04:07:31.841196: I external/local_tsl/tsl/framework/bfc_allocator.cc:1095] InUse at 7efca8a6c600 of size 512 next 293
2025-06-15 04:07:31.841618: I external/local_tsl/tsl/framework/bfc_allocator.cc:1095] InUse at 7efca8a6c800 of size 512 next 294
2025-06-15 04:07:31.842055: I external/local_tsl/tsl/framework/bfc_allocator.cc:1095] InUse at 7efca8a6ca00 of size 512 next 295
2025-06-15 04:07:31.842496: I external/local_tsl/tsl/framework/bfc_allocator.cc:1095] InUse at 7efca8a6cc00 of size 512 next 298
2025-06-15 04:07:31.842955: I external/local_tsl/tsl/framework/bfc_allocator.cc:1095] InUse at 7efca8a6ce00 of size 512 next 299
2025-06-15 04:07:31.843404: I external/local_tsl/tsl/framework/bfc_allocator.cc:1095] InUse at 7efca8a6d000 of size 15138816 next 56
2025-06-15 04:07:31.843758: I external/local_tsl/tsl/framework/bfc_allocator.cc:1095] InUse at 7efca98dd000 of size 15138816 next 301
2025-06-15 04:07:31.844086: I external/local_tsl/tsl/framework/bfc_allocator.cc:1095] InUse at 7efcaa74d000 of size 1024 next 304
2025-06-15 04:07:31.844528: I external/local_tsl/tsl/framework/bfc_allocator.cc:1095] InUse at 7efcaa74d400 of size 1024 next 305
2025-06-15 04:07:31.844949: I external/local_tsl/tsl/framework/bfc_allocator.cc:1095] InUse at 7efcaa74d800 of size 1024 next 306
2025-06-15 04:07:31.845364: I external/local_tsl/tsl/framework/bfc_allocator.cc:1095] InUse at 7efcaa74dc00 of size 1024 next 309
2025-06-15 04:07:31.845768: I external/local_tsl/tsl/framework/bfc_allocator.cc:1095] InUse at 7efcaa74e000 of size 1024 next 310
2025-06-15 04:07:31.846188: I external/local_tsl/tsl/framework/bfc_allocator.cc:1095] InUse at 7efcaa74e400 of size 512 next 317
2025-06-15 04:07:31.846655: I external/local_tsl/tsl/framework/bfc_allocator.cc:1095] InUse at 7efcaa74e600 of size 512 next 318
2025-06-15 04:07:31.847116: I external/local_tsl/tsl/framework/bfc_allocator.cc:1095] InUse at 7efcaa74e800 of size 256 next 326
2025-06-15 04:07:31.847539: I external/local_tsl/tsl/framework/bfc_allocator.cc:1095] InUse at 7efcaa74e900 of size 256 next 327
2025-06-15 04:07:31.847948: I external/local_tsl/tsl/framework/bfc_allocator.cc:1095] Free  at 7efcaa74ea00 of size 25892352 next 18446744073709551615
2025-06-15 04:07:31.848289: I external/local_tsl/tsl/framework/bfc_allocator.cc:1075] Next region of size 33554432
2025-06-15 04:07:31.848679: I external/local_tsl/tsl/framework/bfc_allocator.cc:1095] InUse at 7efcc0000000 of size 3538944 next 83
2025-06-15 04:07:31.849057: I external/local_tsl/tsl/framework/bfc_allocator.cc:1095] InUse at 7efcc0360000 of size 221184 next 152
2025-06-15 04:07:31.849401: I external/local_tsl/tsl/framework/bfc_allocator.cc:1095] InUse at 7efcc0396000 of size 221184 next 106
2025-06-15 04:07:31.849740: I external/local_tsl/tsl/framework/bfc_allocator.cc:1095] InUse at 7efcc03cc000 of size 442368 next 100
2025-06-15 04:07:31.850078: I external/local_tsl/tsl/framework/bfc_allocator.cc:1095] InUse at 7efcc0438000 of size 884736 next 90
2025-06-15 04:07:31.850436: I external/local_tsl/tsl/framework/bfc_allocator.cc:1095] InUse at 7efcc0510000 of size 1769472 next 74
2025-06-15 04:07:31.850808: I external/local_tsl/tsl/framework/bfc_allocator.cc:1095] InUse at 7efcc06c0000 of size 7077888 next 72
2025-06-15 04:07:31.851187: I external/local_tsl/tsl/framework/bfc_allocator.cc:1095] InUse at 7efcc0d80000 of size 7077888 next 187
2025-06-15 04:07:31.851553: I external/local_tsl/tsl/framework/bfc_allocator.cc:1095] InUse at 7efcc1440000 of size 12320768 next 18446744073709551615
2025-06-15 04:07:31.851887: I external/local_tsl/tsl/framework/bfc_allocator.cc:1075] Next region of size 16777216
2025-06-15 04:07:31.852349: I external/local_tsl/tsl/framework/bfc_allocator.cc:1095] InUse at 7efcc2000000 of size 1769472 next 173
2025-06-15 04:07:31.852722: I external/local_tsl/tsl/framework/bfc_allocator.cc:1095] InUse at 7efcc21b0000 of size 1769472 next 64
2025-06-15 04:07:31.853070: I external/local_tsl/tsl/framework/bfc_allocator.cc:1095] InUse at 7efcc2360000 of size 3538944 next 62
2025-06-15 04:07:31.853419: I external/local_tsl/tsl/framework/bfc_allocator.cc:1095] InUse at 7efcc26c0000 of size 3538944 next 180
2025-06-15 04:07:31.853744: I external/local_tsl/tsl/framework/bfc_allocator.cc:1095] InUse at 7efcc2a20000 of size 1048576 next 194
2025-06-15 04:07:31.854096: I external/local_tsl/tsl/framework/bfc_allocator.cc:1095] InUse at 7efcc2b20000 of size 1048576 next 195
2025-06-15 04:07:31.854496: I external/local_tsl/tsl/framework/bfc_allocator.cc:1095] InUse at 7efcc2c20000 of size 4063232 next 18446744073709551615
2025-06-15 04:07:31.854876: I external/local_tsl/tsl/framework/bfc_allocator.cc:1075] Next region of size 2097152
2025-06-15 04:07:31.855361: I external/local_tsl/tsl/framework/bfc_allocator.cc:1095] InUse at 7efd2ae00000 of size 1280 next 1
2025-06-15 04:07:31.855825: I external/local_tsl/tsl/framework/bfc_allocator.cc:1095] InUse at 7efd2ae00500 of size 256 next 2
2025-06-15 04:07:31.856278: I external/local_tsl/tsl/framework/bfc_allocator.cc:1095] InUse at 7efd2ae00600 of size 256 next 3
2025-06-15 04:07:31.856701: I external/local_tsl/tsl/framework/bfc_allocator.cc:1095] InUse at 7efd2ae00700 of size 256 next 5
2025-06-15 04:07:31.857118: I external/local_tsl/tsl/framework/bfc_allocator.cc:1095] InUse at 7efd2ae00800 of size 256 next 6
2025-06-15 04:07:31.857556: I external/local_tsl/tsl/framework/bfc_allocator.cc:1095] InUse at 7efd2ae00900 of size 256 next 4
2025-06-15 04:07:31.858012: I external/local_tsl/tsl/framework/bfc_allocator.cc:1095] InUse at 7efd2ae00a00 of size 256 next 7
2025-06-15 04:07:31.858464: I external/local_tsl/tsl/framework/bfc_allocator.cc:1095] InUse at 7efd2ae00b00 of size 256 next 10
2025-06-15 04:07:31.858885: I external/local_tsl/tsl/framework/bfc_allocator.cc:1095] InUse at 7efd2ae00c00 of size 256 next 277
2025-06-15 04:07:31.859352: I external/local_tsl/tsl/framework/bfc_allocator.cc:1095] InUse at 7efd2ae00d00 of size 256 next 12
2025-06-15 04:07:31.859759: I external/local_tsl/tsl/framework/bfc_allocator.cc:1095] InUse at 7efd2ae00e00 of size 256 next 13
2025-06-15 04:07:31.860217: I external/local_tsl/tsl/framework/bfc_allocator.cc:1095] InUse at 7efd2ae00f00 of size 256 next 14
2025-06-15 04:07:31.860650: I external/local_tsl/tsl/framework/bfc_allocator.cc:1095] InUse at 7efd2ae01000 of size 256 next 17
2025-06-15 04:07:31.861122: I external/local_tsl/tsl/framework/bfc_allocator.cc:1095] InUse at 7efd2ae01100 of size 256 next 15
2025-06-15 04:07:31.861573: I external/local_tsl/tsl/framework/bfc_allocator.cc:1095] InUse at 7efd2ae01200 of size 256 next 16
2025-06-15 04:07:31.862001: I external/local_tsl/tsl/framework/bfc_allocator.cc:1095] InUse at 7efd2ae01300 of size 256 next 285
2025-06-15 04:07:31.862427: I external/local_tsl/tsl/framework/bfc_allocator.cc:1095] InUse at 7efd2ae01400 of size 256 next 21
2025-06-15 04:07:31.862901: I external/local_tsl/tsl/framework/bfc_allocator.cc:1095] InUse at 7efd2ae01500 of size 256 next 22
2025-06-15 04:07:31.863393: I external/local_tsl/tsl/framework/bfc_allocator.cc:1095] InUse at 7efd2ae01600 of size 256 next 23
2025-06-15 04:07:31.863902: I external/local_tsl/tsl/framework/bfc_allocator.cc:1095] InUse at 7efd2ae01700 of size 256 next 24
2025-06-15 04:07:31.864364: I external/local_tsl/tsl/framework/bfc_allocator.cc:1095] InUse at 7efd2ae01800 of size 256 next 25
2025-06-15 04:07:31.864828: I external/local_tsl/tsl/framework/bfc_allocator.cc:1095] InUse at 7efd2ae01900 of size 256 next 28
2025-06-15 04:07:31.865272: I external/local_tsl/tsl/framework/bfc_allocator.cc:1095] InUse at 7efd2ae01a00 of size 256 next 289
2025-06-15 04:07:31.865671: I external/local_tsl/tsl/framework/bfc_allocator.cc:1095] InUse at 7efd2ae01b00 of size 256 next 30
2025-06-15 04:07:31.866105: I external/local_tsl/tsl/framework/bfc_allocator.cc:1095] InUse at 7efd2ae01c00 of size 256 next 31
2025-06-15 04:07:31.866552: I external/local_tsl/tsl/framework/bfc_allocator.cc:1095] InUse at 7efd2ae01d00 of size 256 next 32
2025-06-15 04:07:31.867041: I external/local_tsl/tsl/framework/bfc_allocator.cc:1095] InUse at 7efd2ae01e00 of size 256 next 35
2025-06-15 04:07:31.867544: I external/local_tsl/tsl/framework/bfc_allocator.cc:1095] InUse at 7efd2ae01f00 of size 256 next 33
2025-06-15 04:07:31.868011: I external/local_tsl/tsl/framework/bfc_allocator.cc:1095] InUse at 7efd2ae02000 of size 256 next 34
2025-06-15 04:07:31.868479: I external/local_tsl/tsl/framework/bfc_allocator.cc:1095] InUse at 7efd2ae02100 of size 512 next 39
2025-06-15 04:07:31.868958: I external/local_tsl/tsl/framework/bfc_allocator.cc:1095] InUse at 7efd2ae02300 of size 256 next 40
2025-06-15 04:07:31.869379: I external/local_tsl/tsl/framework/bfc_allocator.cc:1095] InUse at 7efd2ae02400 of size 256 next 41
2025-06-15 04:07:31.869795: I external/local_tsl/tsl/framework/bfc_allocator.cc:1095] InUse at 7efd2ae02500 of size 256 next 8
2025-06-15 04:07:31.870254: I external/local_tsl/tsl/framework/bfc_allocator.cc:1095] InUse at 7efd2ae02600 of size 3584 next 9
2025-06-15 04:07:31.870660: I external/local_tsl/tsl/framework/bfc_allocator.cc:1095] InUse at 7efd2ae03400 of size 512 next 42
2025-06-15 04:07:31.871121: I external/local_tsl/tsl/framework/bfc_allocator.cc:1095] InUse at 7efd2ae03600 of size 512 next 45
2025-06-15 04:07:31.871548: I external/local_tsl/tsl/framework/bfc_allocator.cc:1095] InUse at 7efd2ae03800 of size 512 next 46
2025-06-15 04:07:31.871994: I external/local_tsl/tsl/framework/bfc_allocator.cc:1095] InUse at 7efd2ae03a00 of size 512 next 297
2025-06-15 04:07:31.872442: I external/local_tsl/tsl/framework/bfc_allocator.cc:1095] InUse at 7efd2ae03c00 of size 512 next 48
2025-06-15 04:07:31.872867: I external/local_tsl/tsl/framework/bfc_allocator.cc:1095] InUse at 7efd2ae03e00 of size 256 next 49
2025-06-15 04:07:31.873328: I external/local_tsl/tsl/framework/bfc_allocator.cc:1095] InUse at 7efd2ae03f00 of size 512 next 50
2025-06-15 04:07:31.873796: I external/local_tsl/tsl/framework/bfc_allocator.cc:1095] InUse at 7efd2ae04100 of size 512 next 51
2025-06-15 04:07:31.874225: I external/local_tsl/tsl/framework/bfc_allocator.cc:1095] InUse at 7efd2ae04300 of size 512 next 55
2025-06-15 04:07:31.874696: I external/local_tsl/tsl/framework/bfc_allocator.cc:1095] InUse at 7efd2ae04500 of size 1024 next 57
2025-06-15 04:07:31.875307: I external/local_tsl/tsl/framework/bfc_allocator.cc:1095] InUse at 7efd2ae04900 of size 256 next 58
2025-06-15 04:07:31.875840: I external/local_tsl/tsl/framework/bfc_allocator.cc:1095] InUse at 7efd2ae04a00 of size 256 next 59
2025-06-15 04:07:31.876368: I external/local_tsl/tsl/framework/bfc_allocator.cc:1095] InUse at 7efd2ae04b00 of size 1024 next 60
2025-06-15 04:07:31.876869: I external/local_tsl/tsl/framework/bfc_allocator.cc:1095] InUse at 7efd2ae04f00 of size 1024 next 61
2025-06-15 04:07:31.877315: I external/local_tsl/tsl/framework/bfc_allocator.cc:1095] InUse at 7efd2ae05300 of size 1024 next 65
2025-06-15 04:07:31.877755: I external/local_tsl/tsl/framework/bfc_allocator.cc:1095] InUse at 7efd2ae05700 of size 1024 next 308
2025-06-15 04:07:31.878179: I external/local_tsl/tsl/framework/bfc_allocator.cc:1095] InUse at 7efd2ae05b00 of size 1024 next 67
2025-06-15 04:07:31.878638: I external/local_tsl/tsl/framework/bfc_allocator.cc:1095] InUse at 7efd2ae05f00 of size 256 next 68
2025-06-15 04:07:31.879081: I external/local_tsl/tsl/framework/bfc_allocator.cc:1095] InUse at 7efd2ae06000 of size 256 next 69
2025-06-15 04:07:31.879522: I external/local_tsl/tsl/framework/bfc_allocator.cc:1095] InUse at 7efd2ae06100 of size 1024 next 70
2025-06-15 04:07:31.879930: I external/local_tsl/tsl/framework/bfc_allocator.cc:1095] InUse at 7efd2ae06500 of size 1024 next 71
2025-06-15 04:07:31.880375: I external/local_tsl/tsl/framework/bfc_allocator.cc:1095] InUse at 7efd2ae06900 of size 1024 next 75
2025-06-15 04:07:31.880782: I external/local_tsl/tsl/framework/bfc_allocator.cc:1095] InUse at 7efd2ae06d00 of size 512 next 313
2025-06-15 04:07:31.881258: I external/local_tsl/tsl/framework/bfc_allocator.cc:1095] InUse at 7efd2ae06f00 of size 512 next 314
2025-06-15 04:07:31.881712: I external/local_tsl/tsl/framework/bfc_allocator.cc:1095] InUse at 7efd2ae07100 of size 512 next 315
2025-06-15 04:07:31.882152: I external/local_tsl/tsl/framework/bfc_allocator.cc:1095] InUse at 7efd2ae07300 of size 512 next 77
2025-06-15 04:07:31.882589: I external/local_tsl/tsl/framework/bfc_allocator.cc:1095] InUse at 7efd2ae07500 of size 256 next 78
2025-06-15 04:07:31.883011: I external/local_tsl/tsl/framework/bfc_allocator.cc:1095] InUse at 7efd2ae07600 of size 256 next 79
2025-06-15 04:07:31.883440: I external/local_tsl/tsl/framework/bfc_allocator.cc:1095] InUse at 7efd2ae07700 of size 512 next 80
2025-06-15 04:07:31.883901: I external/local_tsl/tsl/framework/bfc_allocator.cc:1095] InUse at 7efd2ae07900 of size 512 next 81
2025-06-15 04:07:31.884376: I external/local_tsl/tsl/framework/bfc_allocator.cc:1095] InUse at 7efd2ae07b00 of size 512 next 82
2025-06-15 04:07:31.884831: I external/local_tsl/tsl/framework/bfc_allocator.cc:1095] InUse at 7efd2ae07d00 of size 512 next 84
2025-06-15 04:07:31.885286: I external/local_tsl/tsl/framework/bfc_allocator.cc:1095] InUse at 7efd2ae07f00 of size 512 next 316
2025-06-15 04:07:31.885711: I external/local_tsl/tsl/framework/bfc_allocator.cc:1095] InUse at 7efd2ae08100 of size 512 next 86
2025-06-15 04:07:31.886169: I external/local_tsl/tsl/framework/bfc_allocator.cc:1095] InUse at 7efd2ae08300 of size 512 next 87
2025-06-15 04:07:31.886675: I external/local_tsl/tsl/framework/bfc_allocator.cc:1095] InUse at 7efd2ae08500 of size 512 next 88
2025-06-15 04:07:31.887135: I external/local_tsl/tsl/framework/bfc_allocator.cc:1095] InUse at 7efd2ae08700 of size 512 next 89
2025-06-15 04:07:31.887602: I external/local_tsl/tsl/framework/bfc_allocator.cc:1095] InUse at 7efd2ae08900 of size 256 next 321
2025-06-15 04:07:31.888036: I external/local_tsl/tsl/framework/bfc_allocator.cc:1095] InUse at 7efd2ae08a00 of size 256 next 323
2025-06-15 04:07:31.888476: I external/local_tsl/tsl/framework/bfc_allocator.cc:1095] InUse at 7efd2ae08b00 of size 256 next 324
2025-06-15 04:07:31.888901: I external/local_tsl/tsl/framework/bfc_allocator.cc:1095] InUse at 7efd2ae08c00 of size 256 next 92
2025-06-15 04:07:31.889386: I external/local_tsl/tsl/framework/bfc_allocator.cc:1095] InUse at 7efd2ae08d00 of size 256 next 93
2025-06-15 04:07:31.889846: I external/local_tsl/tsl/framework/bfc_allocator.cc:1095] InUse at 7efd2ae08e00 of size 256 next 94
2025-06-15 04:07:31.890307: I external/local_tsl/tsl/framework/bfc_allocator.cc:1095] InUse at 7efd2ae08f00 of size 256 next 97
2025-06-15 04:07:31.890736: I external/local_tsl/tsl/framework/bfc_allocator.cc:1095] InUse at 7efd2ae09000 of size 256 next 95
2025-06-15 04:07:31.891184: I external/local_tsl/tsl/framework/bfc_allocator.cc:1095] InUse at 7efd2ae09100 of size 256 next 96
2025-06-15 04:07:31.891640: I external/local_tsl/tsl/framework/bfc_allocator.cc:1095] InUse at 7efd2ae09200 of size 256 next 98
2025-06-15 04:07:31.892112: I external/local_tsl/tsl/framework/bfc_allocator.cc:1095] InUse at 7efd2ae09300 of size 256 next 101
2025-06-15 04:07:31.892563: I external/local_tsl/tsl/framework/bfc_allocator.cc:1095] InUse at 7efd2ae09400 of size 256 next 102
2025-06-15 04:07:31.892980: I external/local_tsl/tsl/framework/bfc_allocator.cc:1095] InUse at 7efd2ae09500 of size 256 next 103
2025-06-15 04:07:31.893400: I external/local_tsl/tsl/framework/bfc_allocator.cc:1095] InUse at 7efd2ae09600 of size 256 next 104
2025-06-15 04:07:31.893831: I external/local_tsl/tsl/framework/bfc_allocator.cc:1095] InUse at 7efd2ae09700 of size 256 next 105
2025-06-15 04:07:31.894246: I external/local_tsl/tsl/framework/bfc_allocator.cc:1095] Free  at 7efd2ae09800 of size 512 next 108
2025-06-15 04:07:31.894657: I external/local_tsl/tsl/framework/bfc_allocator.cc:1095] InUse at 7efd2ae09a00 of size 256 next 109
2025-06-15 04:07:31.895120: I external/local_tsl/tsl/framework/bfc_allocator.cc:1095] InUse at 7efd2ae09b00 of size 256 next 110
2025-06-15 04:07:31.895597: I external/local_tsl/tsl/framework/bfc_allocator.cc:1095] InUse at 7efd2ae09c00 of size 256 next 146
2025-06-15 04:07:31.896021: I external/local_tsl/tsl/framework/bfc_allocator.cc:1095] InUse at 7efd2ae09d00 of size 256 next 147
2025-06-15 04:07:31.896438: I external/local_tsl/tsl/framework/bfc_allocator.cc:1095] InUse at 7efd2ae09e00 of size 256 next 148
2025-06-15 04:07:31.896889: I external/local_tsl/tsl/framework/bfc_allocator.cc:1095] InUse at 7efd2ae09f00 of size 256 next 149
2025-06-15 04:07:31.897319: I external/local_tsl/tsl/framework/bfc_allocator.cc:1095] InUse at 7efd2ae0a000 of size 256 next 150
2025-06-15 04:07:31.897750: I external/local_tsl/tsl/framework/bfc_allocator.cc:1095] InUse at 7efd2ae0a100 of size 256 next 151
2025-06-15 04:07:31.898197: I external/local_tsl/tsl/framework/bfc_allocator.cc:1095] InUse at 7efd2ae0a200 of size 256 next 153
2025-06-15 04:07:31.898671: I external/local_tsl/tsl/framework/bfc_allocator.cc:1095] InUse at 7efd2ae0a300 of size 256 next 154
2025-06-15 04:07:31.899100: I external/local_tsl/tsl/framework/bfc_allocator.cc:1095] InUse at 7efd2ae0a400 of size 256 next 155
2025-06-15 04:07:31.899529: I external/local_tsl/tsl/framework/bfc_allocator.cc:1095] InUse at 7efd2ae0a500 of size 256 next 156
2025-06-15 04:07:31.900001: I external/local_tsl/tsl/framework/bfc_allocator.cc:1095] InUse at 7efd2ae0a600 of size 256 next 157
2025-06-15 04:07:31.900488: I external/local_tsl/tsl/framework/bfc_allocator.cc:1095] InUse at 7efd2ae0a700 of size 256 next 158
2025-06-15 04:07:31.900906: I external/local_tsl/tsl/framework/bfc_allocator.cc:1095] InUse at 7efd2ae0a800 of size 256 next 160
2025-06-15 04:07:31.901361: I external/local_tsl/tsl/framework/bfc_allocator.cc:1095] InUse at 7efd2ae0a900 of size 256 next 161
2025-06-15 04:07:31.901792: I external/local_tsl/tsl/framework/bfc_allocator.cc:1095] InUse at 7efd2ae0aa00 of size 256 next 162
2025-06-15 04:07:31.902258: I external/local_tsl/tsl/framework/bfc_allocator.cc:1095] InUse at 7efd2ae0ab00 of size 256 next 163
2025-06-15 04:07:31.902699: I external/local_tsl/tsl/framework/bfc_allocator.cc:1095] InUse at 7efd2ae0ac00 of size 256 next 164
2025-06-15 04:07:31.903129: I external/local_tsl/tsl/framework/bfc_allocator.cc:1095] InUse at 7efd2ae0ad00 of size 256 next 165
2025-06-15 04:07:31.903567: I external/local_tsl/tsl/framework/bfc_allocator.cc:1095] InUse at 7efd2ae0ae00 of size 512 next 167
2025-06-15 04:07:31.904039: I external/local_tsl/tsl/framework/bfc_allocator.cc:1095] InUse at 7efd2ae0b000 of size 512 next 168
2025-06-15 04:07:31.904494: I external/local_tsl/tsl/framework/bfc_allocator.cc:1095] InUse at 7efd2ae0b200 of size 512 next 169
2025-06-15 04:07:31.904929: I external/local_tsl/tsl/framework/bfc_allocator.cc:1095] InUse at 7efd2ae0b400 of size 512 next 170
2025-06-15 04:07:31.905344: I external/local_tsl/tsl/framework/bfc_allocator.cc:1095] InUse at 7efd2ae0b600 of size 512 next 171
2025-06-15 04:07:31.905815: I external/local_tsl/tsl/framework/bfc_allocator.cc:1095] InUse at 7efd2ae0b800 of size 512 next 172
2025-06-15 04:07:31.906252: I external/local_tsl/tsl/framework/bfc_allocator.cc:1095] InUse at 7efd2ae0ba00 of size 512 next 174
2025-06-15 04:07:31.906662: I external/local_tsl/tsl/framework/bfc_allocator.cc:1095] InUse at 7efd2ae0bc00 of size 512 next 175
2025-06-15 04:07:31.907123: I external/local_tsl/tsl/framework/bfc_allocator.cc:1095] InUse at 7efd2ae0be00 of size 512 next 176
2025-06-15 04:07:31.907574: I external/local_tsl/tsl/framework/bfc_allocator.cc:1095] InUse at 7efd2ae0c000 of size 512 next 177
2025-06-15 04:07:31.907989: I external/local_tsl/tsl/framework/bfc_allocator.cc:1095] InUse at 7efd2ae0c200 of size 512 next 178
2025-06-15 04:07:31.908428: I external/local_tsl/tsl/framework/bfc_allocator.cc:1095] InUse at 7efd2ae0c400 of size 512 next 179
2025-06-15 04:07:31.908874: I external/local_tsl/tsl/framework/bfc_allocator.cc:1095] InUse at 7efd2ae0c600 of size 1024 next 181
2025-06-15 04:07:31.909353: I external/local_tsl/tsl/framework/bfc_allocator.cc:1095] InUse at 7efd2ae0ca00 of size 1024 next 182
2025-06-15 04:07:31.909796: I external/local_tsl/tsl/framework/bfc_allocator.cc:1095] InUse at 7efd2ae0ce00 of size 1024 next 183
2025-06-15 04:07:31.910234: I external/local_tsl/tsl/framework/bfc_allocator.cc:1095] InUse at 7efd2ae0d200 of size 1024 next 184
2025-06-15 04:07:31.910658: I external/local_tsl/tsl/framework/bfc_allocator.cc:1095] InUse at 7efd2ae0d600 of size 1024 next 185
2025-06-15 04:07:31.911118: I external/local_tsl/tsl/framework/bfc_allocator.cc:1095] InUse at 7efd2ae0da00 of size 1024 next 186
2025-06-15 04:07:31.911569: I external/local_tsl/tsl/framework/bfc_allocator.cc:1095] InUse at 7efd2ae0de00 of size 1024 next 188
2025-06-15 04:07:31.912036: I external/local_tsl/tsl/framework/bfc_allocator.cc:1095] InUse at 7efd2ae0e200 of size 1024 next 189
2025-06-15 04:07:31.912472: I external/local_tsl/tsl/framework/bfc_allocator.cc:1095] InUse at 7efd2ae0e600 of size 1024 next 190
2025-06-15 04:07:31.912909: I external/local_tsl/tsl/framework/bfc_allocator.cc:1095] InUse at 7efd2ae0ea00 of size 1024 next 191
2025-06-15 04:07:31.913357: I external/local_tsl/tsl/framework/bfc_allocator.cc:1095] InUse at 7efd2ae0ee00 of size 1024 next 192
2025-06-15 04:07:31.913842: I external/local_tsl/tsl/framework/bfc_allocator.cc:1095] InUse at 7efd2ae0f200 of size 1024 next 193
2025-06-15 04:07:31.914293: I external/local_tsl/tsl/framework/bfc_allocator.cc:1095] InUse at 7efd2ae0f600 of size 512 next 196
2025-06-15 04:07:31.914759: I external/local_tsl/tsl/framework/bfc_allocator.cc:1095] InUse at 7efd2ae0f800 of size 512 next 197
2025-06-15 04:07:31.915220: I external/local_tsl/tsl/framework/bfc_allocator.cc:1095] InUse at 7efd2ae0fa00 of size 512 next 199
2025-06-15 04:07:31.915657: I external/local_tsl/tsl/framework/bfc_allocator.cc:1095] InUse at 7efd2ae0fc00 of size 512 next 200
2025-06-15 04:07:31.916078: I external/local_tsl/tsl/framework/bfc_allocator.cc:1095] InUse at 7efd2ae0fe00 of size 512 next 201
2025-06-15 04:07:31.916536: I external/local_tsl/tsl/framework/bfc_allocator.cc:1095] InUse at 7efd2ae10000 of size 512 next 202
2025-06-15 04:07:31.916967: I external/local_tsl/tsl/framework/bfc_allocator.cc:1095] InUse at 7efd2ae10200 of size 512 next 203
2025-06-15 04:07:31.917436: I external/local_tsl/tsl/framework/bfc_allocator.cc:1095] InUse at 7efd2ae10400 of size 512 next 204
2025-06-15 04:07:31.917868: I external/local_tsl/tsl/framework/bfc_allocator.cc:1095] InUse at 7efd2ae10600 of size 512 next 207
2025-06-15 04:07:31.918318: I external/local_tsl/tsl/framework/bfc_allocator.cc:1095] InUse at 7efd2ae10800 of size 512 next 208
2025-06-15 04:07:31.918755: I external/local_tsl/tsl/framework/bfc_allocator.cc:1095] InUse at 7efd2ae10a00 of size 512 next 209
2025-06-15 04:07:31.919175: I external/local_tsl/tsl/framework/bfc_allocator.cc:1095] InUse at 7efd2ae10c00 of size 512 next 210
2025-06-15 04:07:31.919605: I external/local_tsl/tsl/framework/bfc_allocator.cc:1095] InUse at 7efd2ae10e00 of size 512 next 211
2025-06-15 04:07:31.920062: I external/local_tsl/tsl/framework/bfc_allocator.cc:1095] InUse at 7efd2ae11000 of size 512 next 212
2025-06-15 04:07:31.920551: I external/local_tsl/tsl/framework/bfc_allocator.cc:1095] InUse at 7efd2ae11200 of size 256 next 215
2025-06-15 04:07:31.921028: I external/local_tsl/tsl/framework/bfc_allocator.cc:1095] InUse at 7efd2ae11300 of size 256 next 216
2025-06-15 04:07:31.921499: I external/local_tsl/tsl/framework/bfc_allocator.cc:1095] InUse at 7efd2ae11400 of size 256 next 219
2025-06-15 04:07:31.921933: I external/local_tsl/tsl/framework/bfc_allocator.cc:1095] InUse at 7efd2ae11500 of size 256 next 220
2025-06-15 04:07:31.922412: I external/local_tsl/tsl/framework/bfc_allocator.cc:1095] InUse at 7efd2ae11600 of size 256 next 221
2025-06-15 04:07:31.922873: I external/local_tsl/tsl/framework/bfc_allocator.cc:1095] InUse at 7efd2ae11700 of size 256 next 222
2025-06-15 04:07:31.923328: I external/local_tsl/tsl/framework/bfc_allocator.cc:1095] InUse at 7efd2ae11800 of size 256 next 223
2025-06-15 04:07:31.923779: I external/local_tsl/tsl/framework/bfc_allocator.cc:1095] InUse at 7efd2ae11900 of size 256 next 224
2025-06-15 04:07:31.924269: I external/local_tsl/tsl/framework/bfc_allocator.cc:1095] InUse at 7efd2ae11a00 of size 256 next 227
2025-06-15 04:07:31.924737: I external/local_tsl/tsl/framework/bfc_allocator.cc:1095] InUse at 7efd2ae11b00 of size 256 next 228
2025-06-15 04:07:31.925194: I external/local_tsl/tsl/framework/bfc_allocator.cc:1095] InUse at 7efd2ae11c00 of size 256 next 229
2025-06-15 04:07:31.925696: I external/local_tsl/tsl/framework/bfc_allocator.cc:1095] InUse at 7efd2ae11d00 of size 256 next 230
2025-06-15 04:07:31.926192: I external/local_tsl/tsl/framework/bfc_allocator.cc:1095] InUse at 7efd2ae11e00 of size 256 next 231
2025-06-15 04:07:31.926712: I external/local_tsl/tsl/framework/bfc_allocator.cc:1095] InUse at 7efd2ae11f00 of size 256 next 232
2025-06-15 04:07:31.927226: I external/local_tsl/tsl/framework/bfc_allocator.cc:1095] InUse at 7efd2ae12000 of size 65536 next 233
2025-06-15 04:07:31.927643: I external/local_tsl/tsl/framework/bfc_allocator.cc:1095] InUse at 7efd2ae22000 of size 95232 next 19
2025-06-15 04:07:31.928112: I external/local_tsl/tsl/framework/bfc_allocator.cc:1095] InUse at 7efd2ae39400 of size 110592 next 18
2025-06-15 04:07:31.928525: I external/local_tsl/tsl/framework/bfc_allocator.cc:1095] InUse at 7efd2ae54400 of size 65536 next 115
2025-06-15 04:07:31.928892: I external/local_tsl/tsl/framework/bfc_allocator.cc:1095] InUse at 7efd2ae64400 of size 256 next 112
2025-06-15 04:07:31.929389: I external/local_tsl/tsl/framework/bfc_allocator.cc:1095] InUse at 7efd2ae64500 of size 256 next 114
2025-06-15 04:07:31.929841: I external/local_tsl/tsl/framework/bfc_allocator.cc:1095] InUse at 7efd2ae64600 of size 256 next 113
2025-06-15 04:07:31.930316: I external/local_tsl/tsl/framework/bfc_allocator.cc:1095] InUse at 7efd2ae64700 of size 256 next 111
2025-06-15 04:07:31.930745: I external/local_tsl/tsl/framework/bfc_allocator.cc:1095] InUse at 7efd2ae64800 of size 256 next 117
2025-06-15 04:07:31.931196: I external/local_tsl/tsl/framework/bfc_allocator.cc:1095] InUse at 7efd2ae64900 of size 256 next 118
2025-06-15 04:07:31.931665: I external/local_tsl/tsl/framework/bfc_allocator.cc:1095] InUse at 7efd2ae64a00 of size 256 next 120
2025-06-15 04:07:31.932145: I external/local_tsl/tsl/framework/bfc_allocator.cc:1095] InUse at 7efd2ae64b00 of size 256 next 119
2025-06-15 04:07:31.932607: I external/local_tsl/tsl/framework/bfc_allocator.cc:1095] InUse at 7efd2ae64c00 of size 256 next 121
2025-06-15 04:07:31.933077: I external/local_tsl/tsl/framework/bfc_allocator.cc:1095] InUse at 7efd2ae64d00 of size 256 next 123
2025-06-15 04:07:31.933566: I external/local_tsl/tsl/framework/bfc_allocator.cc:1095] InUse at 7efd2ae64e00 of size 256 next 124
2025-06-15 04:07:31.934045: I external/local_tsl/tsl/framework/bfc_allocator.cc:1095] InUse at 7efd2ae64f00 of size 256 next 125
2025-06-15 04:07:31.934505: I external/local_tsl/tsl/framework/bfc_allocator.cc:1095] InUse at 7efd2ae65000 of size 256 next 126
2025-06-15 04:07:31.934932: I external/local_tsl/tsl/framework/bfc_allocator.cc:1095] InUse at 7efd2ae65100 of size 256 next 128
2025-06-15 04:07:31.935363: I external/local_tsl/tsl/framework/bfc_allocator.cc:1095] InUse at 7efd2ae65200 of size 256 next 127
2025-06-15 04:07:31.935804: I external/local_tsl/tsl/framework/bfc_allocator.cc:1095] InUse at 7efd2ae65300 of size 256 next 129
2025-06-15 04:07:31.936279: I external/local_tsl/tsl/framework/bfc_allocator.cc:1095] InUse at 7efd2ae65400 of size 256 next 130
2025-06-15 04:07:31.936788: I external/local_tsl/tsl/framework/bfc_allocator.cc:1095] InUse at 7efd2ae65500 of size 256 next 131
2025-06-15 04:07:31.937218: I external/local_tsl/tsl/framework/bfc_allocator.cc:1095] InUse at 7efd2ae65600 of size 256 next 132
2025-06-15 04:07:31.937636: I external/local_tsl/tsl/framework/bfc_allocator.cc:1095] InUse at 7efd2ae65700 of size 256 next 133
2025-06-15 04:07:31.938144: I external/local_tsl/tsl/framework/bfc_allocator.cc:1095] InUse at 7efd2ae65800 of size 256 next 137
2025-06-15 04:07:31.938612: I external/local_tsl/tsl/framework/bfc_allocator.cc:1095] InUse at 7efd2ae65900 of size 256 next 136
2025-06-15 04:07:31.939058: I external/local_tsl/tsl/framework/bfc_allocator.cc:1095] InUse at 7efd2ae65a00 of size 3584 next 138
2025-06-15 04:07:31.939546: I external/local_tsl/tsl/framework/bfc_allocator.cc:1095] InUse at 7efd2ae66800 of size 3584 next 139
2025-06-15 04:07:31.939970: I external/local_tsl/tsl/framework/bfc_allocator.cc:1095] InUse at 7efd2ae67600 of size 256 next 140
2025-06-15 04:07:31.940447: I external/local_tsl/tsl/framework/bfc_allocator.cc:1095] InUse at 7efd2ae67700 of size 256 next 141
2025-06-15 04:07:31.940907: I external/local_tsl/tsl/framework/bfc_allocator.cc:1095] InUse at 7efd2ae67800 of size 256 next 142
2025-06-15 04:07:31.941390: I external/local_tsl/tsl/framework/bfc_allocator.cc:1095] InUse at 7efd2ae67900 of size 256 next 143
2025-06-15 04:07:31.941808: I external/local_tsl/tsl/framework/bfc_allocator.cc:1095] InUse at 7efd2ae67a00 of size 256 next 144
2025-06-15 04:07:31.942307: I external/local_tsl/tsl/framework/bfc_allocator.cc:1095] InUse at 7efd2ae67b00 of size 256 next 145
2025-06-15 04:07:31.942744: I external/local_tsl/tsl/framework/bfc_allocator.cc:1095] InUse at 7efd2ae67c00 of size 141312 next 27
2025-06-15 04:07:31.943106: I external/local_tsl/tsl/framework/bfc_allocator.cc:1095] InUse at 7efd2ae8a400 of size 221184 next 26
2025-06-15 04:07:31.943508: I external/local_tsl/tsl/framework/bfc_allocator.cc:1095] InUse at 7efd2aec0400 of size 442368 next 159
2025-06-15 04:07:31.943849: I external/local_tsl/tsl/framework/bfc_allocator.cc:1095] InUse at 7efd2af2c400 of size 867328 next 18446744073709551615
2025-06-15 04:07:31.944231: I external/local_tsl/tsl/framework/bfc_allocator.cc:1075] Next region of size 4194304
2025-06-15 04:07:31.944661: I external/local_tsl/tsl/framework/bfc_allocator.cc:1095] InUse at 7efd2b400000 of size 442368 next 37
2025-06-15 04:07:31.945032: I external/local_tsl/tsl/framework/bfc_allocator.cc:1095] InUse at 7efd2b46c000 of size 221184 next 116
2025-06-15 04:07:31.945429: I external/local_tsl/tsl/framework/bfc_allocator.cc:1095] InUse at 7efd2b4a2000 of size 110592 next 122
2025-06-15 04:07:31.945785: I external/local_tsl/tsl/framework/bfc_allocator.cc:1095] InUse at 7efd2b4bd000 of size 192512 next 99
2025-06-15 04:07:31.946143: I external/local_tsl/tsl/framework/bfc_allocator.cc:1095] InUse at 7efd2b4ec000 of size 360448 next 44
2025-06-15 04:07:31.946496: I external/local_tsl/tsl/framework/bfc_allocator.cc:1095] InUse at 7efd2b544000 of size 884736 next 43
2025-06-15 04:07:31.946857: I external/local_tsl/tsl/framework/bfc_allocator.cc:1095] InUse at 7efd2b61c000 of size 1982464 next 18446744073709551615
2025-06-15 04:07:31.947275: I external/local_tsl/tsl/framework/bfc_allocator.cc:1075] Next region of size 8388608
2025-06-15 04:07:31.947712: I external/local_tsl/tsl/framework/bfc_allocator.cc:1095] InUse at 7efd2b800000 of size 884736 next 166
2025-06-15 04:07:31.948089: I external/local_tsl/tsl/framework/bfc_allocator.cc:1095] InUse at 7efd2b8d8000 of size 884736 next 54
2025-06-15 04:07:31.948471: I external/local_tsl/tsl/framework/bfc_allocator.cc:1095] InUse at 7efd2b9b0000 of size 1769472 next 52
2025-06-15 04:07:31.948827: I external/local_tsl/tsl/framework/bfc_allocator.cc:1095] InUse at 7efd2bb60000 of size 4849664 next 18446744073709551615
2025-06-15 04:07:31.949176: I external/local_tsl/tsl/framework/bfc_allocator.cc:1100]      Summary of in-use Chunks by size: 
2025-06-15 04:07:31.949598: I external/local_tsl/tsl/framework/bfc_allocator.cc:1103] 155 Chunks of size 256 totalling 38.8KiB
2025-06-15 04:07:31.950048: I external/local_tsl/tsl/framework/bfc_allocator.cc:1103] 55 Chunks of size 512 totalling 27.5KiB
2025-06-15 04:07:31.950487: I external/local_tsl/tsl/framework/bfc_allocator.cc:1103] 26 Chunks of size 1024 totalling 26.0KiB
2025-06-15 04:07:31.950916: I external/local_tsl/tsl/framework/bfc_allocator.cc:1103] 1 Chunks of size 1280 totalling 1.2KiB
2025-06-15 04:07:31.951381: I external/local_tsl/tsl/framework/bfc_allocator.cc:1103] 3 Chunks of size 3584 totalling 10.5KiB
2025-06-15 04:07:31.951842: I external/local_tsl/tsl/framework/bfc_allocator.cc:1103] 2 Chunks of size 65536 totalling 128.0KiB
2025-06-15 04:07:31.952299: I external/local_tsl/tsl/framework/bfc_allocator.cc:1103] 1 Chunks of size 95232 totalling 93.0KiB
2025-06-15 04:07:31.952723: I external/local_tsl/tsl/framework/bfc_allocator.cc:1103] 4 Chunks of size 110592 totalling 432.0KiB
2025-06-15 04:07:31.953225: I external/local_tsl/tsl/framework/bfc_allocator.cc:1103] 1 Chunks of size 141312 totalling 138.0KiB
2025-06-15 04:07:31.953681: I external/local_tsl/tsl/framework/bfc_allocator.cc:1103] 1 Chunks of size 192512 totalling 188.0KiB
2025-06-15 04:07:31.954124: I external/local_tsl/tsl/framework/bfc_allocator.cc:1103] 6 Chunks of size 221184 totalling 1.27MiB
2025-06-15 04:07:31.954609: I external/local_tsl/tsl/framework/bfc_allocator.cc:1103] 2 Chunks of size 262144 totalling 512.0KiB
2025-06-15 04:07:31.955061: I external/local_tsl/tsl/framework/bfc_allocator.cc:1103] 1 Chunks of size 360448 totalling 352.0KiB
2025-06-15 04:07:31.955542: I external/local_tsl/tsl/framework/bfc_allocator.cc:1103] 5 Chunks of size 442368 totalling 2.11MiB
2025-06-15 04:07:31.955992: I external/local_tsl/tsl/framework/bfc_allocator.cc:1103] 1 Chunks of size 867328 totalling 847.0KiB
2025-06-15 04:07:31.956446: I external/local_tsl/tsl/framework/bfc_allocator.cc:1103] 6 Chunks of size 884736 totalling 5.06MiB
2025-06-15 04:07:31.956894: I external/local_tsl/tsl/framework/bfc_allocator.cc:1103] 2 Chunks of size 1048576 totalling 2.00MiB
2025-06-15 04:07:31.957310: I external/local_tsl/tsl/framework/bfc_allocator.cc:1103] 6 Chunks of size 1769472 totalling 10.12MiB
2025-06-15 04:07:31.957764: I external/local_tsl/tsl/framework/bfc_allocator.cc:1103] 1 Chunks of size 1982464 totalling 1.89MiB
2025-06-15 04:07:31.958221: I external/local_tsl/tsl/framework/bfc_allocator.cc:1103] 4 Chunks of size 3538944 totalling 13.50MiB
2025-06-15 04:07:31.958708: I external/local_tsl/tsl/framework/bfc_allocator.cc:1103] 1 Chunks of size 4063232 totalling 3.88MiB
2025-06-15 04:07:31.959157: I external/local_tsl/tsl/framework/bfc_allocator.cc:1103] 1 Chunks of size 4849664 totalling 4.62MiB
2025-06-15 04:07:31.959610: I external/local_tsl/tsl/framework/bfc_allocator.cc:1103] 2 Chunks of size 7077888 totalling 13.50MiB
2025-06-15 04:07:31.960033: I external/local_tsl/tsl/framework/bfc_allocator.cc:1103] 1 Chunks of size 12320768 totalling 11.75MiB
2025-06-15 04:07:31.960463: I external/local_tsl/tsl/framework/bfc_allocator.cc:1103] 2 Chunks of size 15138816 totalling 28.88MiB
2025-06-15 04:07:31.960794: I external/local_tsl/tsl/framework/bfc_allocator.cc:1103] 4 Chunks of size 30277632 totalling 115.50MiB
2025-06-15 04:07:31.961177: I external/local_tsl/tsl/framework/bfc_allocator.cc:1103] 2 Chunks of size 60555264 totalling 115.50MiB
2025-06-15 04:07:31.961561: I external/local_tsl/tsl/framework/bfc_allocator.cc:1103] 1 Chunks of size 73662464 totalling 70.25MiB
2025-06-15 04:07:31.961946: I external/local_tsl/tsl/framework/bfc_allocator.cc:1103] 1 Chunks of size 116654080 totalling 111.25MiB
2025-06-15 04:07:31.962284: I external/local_tsl/tsl/framework/bfc_allocator.cc:1103] 6 Chunks of size 121110528 totalling 693.00MiB
2025-06-15 04:07:31.962646: I external/local_tsl/tsl/framework/bfc_allocator.cc:1103] 2 Chunks of size 209715200 totalling 400.00MiB
2025-06-15 04:07:31.962996: I external/local_tsl/tsl/framework/bfc_allocator.cc:1103] 3 Chunks of size 242221056 totalling 693.00MiB
2025-06-15 04:07:31.963404: I external/local_tsl/tsl/framework/bfc_allocator.cc:1103] 8 Chunks of size 484442112 totalling 3.61GiB
2025-06-15 04:07:31.963761: I external/local_tsl/tsl/framework/bfc_allocator.cc:1103] 1 Chunks of size 968884224 totalling 924.00MiB
2025-06-15 04:07:31.964102: I external/local_tsl/tsl/framework/bfc_allocator.cc:1103] 6 Chunks of size 1937768448 totalling 10.83GiB
2025-06-15 04:07:31.964437: I external/local_tsl/tsl/framework/bfc_allocator.cc:1107] Sum Total of in-use chunks: 17.58GiB
2025-06-15 04:07:31.964908: I external/local_tsl/tsl/framework/bfc_allocator.cc:1109] Total bytes in pool: 23575789568 memory_limit_: 23575789568 available bytes: 0 curr_region_allocation_bytes_: 34359738368
2025-06-15 04:07:31.965324: I external/local_tsl/tsl/framework/bfc_allocator.cc:1114] Stats: 
Limit:                     23575789568
InUse:                     18882553856
MaxInUse:                  22800760320
NumAllocs:                         912
MaxAllocSize:               4135495424
Reserved:                            0
PeakReserved:                        0
LargestFreeBlock:                    0

2025-06-15 04:07:31.965703: W external/local_tsl/tsl/framework/bfc_allocator.cc:497] ________*********________************************************_**************************************
2025-06-15 04:07:31.966085: W tensorflow/core/framework/op_kernel.cc:1839] OP_REQUIRES failed at concat_op.cc:165 : RESOURCE_EXHAUSTED: OOM when allocating tensor with shape[2,64,192,224,176] and type float on /job:localhost/replica:0/task:0/device:GPU:0 by allocator GPU_0_bfc
Traceback (most recent call last):
  File "/mnt/beegfs/hellgate/home/rb194958e/stroke_segmentation_sota/batch_wise_train.py", line 277, in <module>
    if main():
       ^^^^^^
  File "/mnt/beegfs/hellgate/home/rb194958e/stroke_segmentation_sota/batch_wise_train.py", line 256, in main
    history = model.fit(
              ^^^^^^^^^^
  File "/mnt/beegfs/hellgate/home/rb194958e/.conda/envs/tf215_env/lib/python3.11/site-packages/keras/src/utils/traceback_utils.py", line 70, in error_handler
    raise e.with_traceback(filtered_tb) from None
  File "/mnt/beegfs/hellgate/home/rb194958e/.conda/envs/tf215_env/lib/python3.11/site-packages/tensorflow/python/eager/execute.py", line 53, in quick_execute
    tensors = pywrap_tfe.TFE_Py_Execute(ctx._handle, device_name, op_name,
  ^^^^^^^^^^^^^^^^^^^^^^^^^^^^^^^^^^^^^^^^^^^^^^^^^^^^^^^^^^^^^^^^^^^^^^^^
tensorflow.python.framework.errors_impl.ResourceExhaustedError: Graph execution error:

Detected at node model/concatenate_2/concat defined at (most recent call last):
  File "/mnt/beegfs/hellgate/home/rb194958e/stroke_segmentation_sota/batch_wise_train.py", line 277, in <module>

  File "/mnt/beegfs/hellgate/home/rb194958e/stroke_segmentation_sota/batch_wise_train.py", line 256, in main

  File "/mnt/beegfs/hellgate/home/rb194958e/.conda/envs/tf215_env/lib/python3.11/site-packages/keras/src/utils/traceback_utils.py", line 65, in error_handler

  File "/mnt/beegfs/hellgate/home/rb194958e/.conda/envs/tf215_env/lib/python3.11/site-packages/keras/src/engine/training.py", line 1807, in fit

  File "/mnt/beegfs/hellgate/home/rb194958e/.conda/envs/tf215_env/lib/python3.11/site-packages/keras/src/engine/training.py", line 1401, in train_function

  File "/mnt/beegfs/hellgate/home/rb194958e/.conda/envs/tf215_env/lib/python3.11/site-packages/keras/src/engine/training.py", line 1384, in step_function

  File "/mnt/beegfs/hellgate/home/rb194958e/.conda/envs/tf215_env/lib/python3.11/site-packages/keras/src/engine/training.py", line 1373, in run_step

  File "/mnt/beegfs/hellgate/home/rb194958e/.conda/envs/tf215_env/lib/python3.11/site-packages/keras/src/engine/training.py", line 1150, in train_step

  File "/mnt/beegfs/hellgate/home/rb194958e/.conda/envs/tf215_env/lib/python3.11/site-packages/keras/src/utils/traceback_utils.py", line 65, in error_handler

  File "/mnt/beegfs/hellgate/home/rb194958e/.conda/envs/tf215_env/lib/python3.11/site-packages/keras/src/engine/training.py", line 590, in __call__

  File "/mnt/beegfs/hellgate/home/rb194958e/.conda/envs/tf215_env/lib/python3.11/site-packages/keras/src/utils/traceback_utils.py", line 65, in error_handler

  File "/mnt/beegfs/hellgate/home/rb194958e/.conda/envs/tf215_env/lib/python3.11/site-packages/keras/src/engine/base_layer.py", line 1149, in __call__

  File "/mnt/beegfs/hellgate/home/rb194958e/.conda/envs/tf215_env/lib/python3.11/site-packages/keras/src/utils/traceback_utils.py", line 96, in error_handler

  File "/mnt/beegfs/hellgate/home/rb194958e/.conda/envs/tf215_env/lib/python3.11/site-packages/keras/src/engine/functional.py", line 515, in call

  File "/mnt/beegfs/hellgate/home/rb194958e/.conda/envs/tf215_env/lib/python3.11/site-packages/keras/src/engine/functional.py", line 672, in _run_internal_graph

  File "/mnt/beegfs/hellgate/home/rb194958e/.conda/envs/tf215_env/lib/python3.11/site-packages/keras/src/utils/traceback_utils.py", line 65, in error_handler

  File "/mnt/beegfs/hellgate/home/rb194958e/.conda/envs/tf215_env/lib/python3.11/site-packages/keras/src/engine/base_layer.py", line 1149, in __call__

  File "/mnt/beegfs/hellgate/home/rb194958e/.conda/envs/tf215_env/lib/python3.11/site-packages/keras/src/utils/traceback_utils.py", line 96, in error_handler

  File "/mnt/beegfs/hellgate/home/rb194958e/.conda/envs/tf215_env/lib/python3.11/site-packages/keras/src/layers/merging/base_merge.py", line 196, in call

  File "/mnt/beegfs/hellgate/home/rb194958e/.conda/envs/tf215_env/lib/python3.11/site-packages/keras/src/layers/merging/concatenate.py", line 134, in _merge_function

  File "/mnt/beegfs/hellgate/home/rb194958e/.conda/envs/tf215_env/lib/python3.11/site-packages/keras/src/backend.py", line 3580, in concatenate

OOM when allocating tensor with shape[2,64,192,224,176] and type float on /job:localhost/replica:0/task:0/device:GPU:0 by allocator GPU_0_bfc
	 [[{{node model/concatenate_2/concat}}]]
Hint: If you want to see a list of allocated tensors when OOM happens, add report_tensor_allocations_upon_oom to RunOptions for current allocation info. This isn't available when running in Eager mode.
 [Op:__inference_train_function_7309]
2025-06-15 04:07:32.122050: W tensorflow/core/kernels/data/generator_dataset_op.cc:108] Error occurred when finalizing GeneratorDataset iterator: FAILED_PRECONDITION: Python interpreter state is not initialized. The process may be terminated.
	 [[{{node PyFunc}}]]
/var/spool/slurmd/job1124305/slurm_script: line 320: EOF: command not found
/var/spool/slurmd/job1124305/slurm_script: line 330: unexpected EOF while looking for matching ``'
/var/spool/slurmd/job1124305/slurm_script: line 339: syntax error: unexpected end of file
