2025-06-14 12:25:18.791916: I tensorflow/core/util/port.cc:113] oneDNN custom operations are on. You may see slightly different numerical results due to floating-point round-off errors from different computation orders. To turn them off, set the environment variable `TF_ENABLE_ONEDNN_OPTS=0`.
2025-06-14 12:25:19.358346: E external/local_xla/xla/stream_executor/cuda/cuda_dnn.cc:9261] Unable to register cuDNN factory: Attempting to register factory for plugin cuDNN when one has already been registered
2025-06-14 12:25:19.359061: E external/local_xla/xla/stream_executor/cuda/cuda_fft.cc:607] Unable to register cuFFT factory: Attempting to register factory for plugin cuFFT when one has already been registered
2025-06-14 12:25:19.474467: E external/local_xla/xla/stream_executor/cuda/cuda_blas.cc:1515] Unable to register cuBLAS factory: Attempting to register factory for plugin cuBLAS when one has already been registered
2025-06-14 12:25:19.706051: I tensorflow/core/platform/cpu_feature_guard.cc:182] This TensorFlow binary is optimized to use available CPU instructions in performance-critical operations.
To enable the following instructions: AVX2 AVX512F AVX512_VNNI FMA, in other operations, rebuild TensorFlow with the appropriate compiler flags.
2025-06-14 12:25:26.128388: W tensorflow/compiler/tf2tensorrt/utils/py_utils.cc:38] TF-TRT Warning: Could not find TensorRT
INFO:__main__:🚀 Starting Stroke Lesion Segmentation Training
INFO:__main__:Using 1 GPU(s)
INFO:__main__:Creating data generators...
INFO:__main__:Found 655 valid image/mask pairs
INFO:__main__:Found 655 valid image/mask pairs
INFO:__main__:Training batches: 262
INFO:__main__:Validation batches: 65
INFO:__main__:Building model...
2025-06-14 12:25:40.049794: I tensorflow/core/common_runtime/gpu/gpu_device.cc:1929] Created device /job:localhost/replica:0/task:0/device:GPU:0 with 22483 MB memory:  -> device: 0, name: NVIDIA RTX 4500 Ada Generation, pci bus id: 0000:1c:00.0, compute capability: 8.9
INFO:__main__:Model parameters: 5,605,345
INFO:__main__:Starting training...
pixdim[0] (qfac) should be 1 (default) or -1; setting qfac to 1
INFO:nibabel.global:pixdim[0] (qfac) should be 1 (default) or -1; setting qfac to 1
pixdim[0] (qfac) should be 1 (default) or -1; setting qfac to 1
INFO:nibabel.global:pixdim[0] (qfac) should be 1 (default) or -1; setting qfac to 1
pixdim[0] (qfac) should be 1 (default) or -1; setting qfac to 1
INFO:nibabel.global:pixdim[0] (qfac) should be 1 (default) or -1; setting qfac to 1
pixdim[0] (qfac) should be 1 (default) or -1; setting qfac to 1
INFO:nibabel.global:pixdim[0] (qfac) should be 1 (default) or -1; setting qfac to 1
2025-06-14 12:25:47.716885: I external/local_xla/xla/stream_executor/cuda/cuda_dnn.cc:454] Loaded cuDNN version 8907
pixdim[0] (qfac) should be 1 (default) or -1; setting qfac to 1
INFO:nibabel.global:pixdim[0] (qfac) should be 1 (default) or -1; setting qfac to 1
pixdim[0] (qfac) should be 1 (default) or -1; setting qfac to 1
INFO:nibabel.global:pixdim[0] (qfac) should be 1 (default) or -1; setting qfac to 1
pixdim[0] (qfac) should be 1 (default) or -1; setting qfac to 1
INFO:nibabel.global:pixdim[0] (qfac) should be 1 (default) or -1; setting qfac to 1
pixdim[0] (qfac) should be 1 (default) or -1; setting qfac to 1
INFO:nibabel.global:pixdim[0] (qfac) should be 1 (default) or -1; setting qfac to 1
2025-06-14 12:26:04.248596: W external/local_tsl/tsl/framework/bfc_allocator.cc:296] Allocator (GPU_0_bfc) ran out of memory trying to allocate 2.27GiB with freed_by_count=0. The caller indicates that this is not a failure, but this may mean that there could be performance gains if more memory were available.
2025-06-14 12:26:04.349793: W external/local_tsl/tsl/framework/bfc_allocator.cc:296] Allocator (GPU_0_bfc) ran out of memory trying to allocate 2.30GiB with freed_by_count=0. The caller indicates that this is not a failure, but this may mean that there could be performance gains if more memory were available.
2025-06-14 12:26:04.350770: W external/local_tsl/tsl/framework/bfc_allocator.cc:296] Allocator (GPU_0_bfc) ran out of memory trying to allocate 2.27GiB with freed_by_count=0. The caller indicates that this is not a failure, but this may mean that there could be performance gains if more memory were available.
2025-06-14 12:26:04.970831: W external/local_tsl/tsl/framework/bfc_allocator.cc:296] Allocator (GPU_0_bfc) ran out of memory trying to allocate 2.27GiB with freed_by_count=0. The caller indicates that this is not a failure, but this may mean that there could be performance gains if more memory were available.
2025-06-14 12:26:05.024320: W external/local_tsl/tsl/framework/bfc_allocator.cc:296] Allocator (GPU_0_bfc) ran out of memory trying to allocate 2.30GiB with freed_by_count=0. The caller indicates that this is not a failure, but this may mean that there could be performance gains if more memory were available.
2025-06-14 12:26:05.025272: W external/local_tsl/tsl/framework/bfc_allocator.cc:296] Allocator (GPU_0_bfc) ran out of memory trying to allocate 2.27GiB with freed_by_count=0. The caller indicates that this is not a failure, but this may mean that there could be performance gains if more memory were available.
2025-06-14 12:26:15.645810: W external/local_tsl/tsl/framework/bfc_allocator.cc:485] Allocator (GPU_0_bfc) ran out of memory trying to allocate 3.61GiB (rounded to 3875536896)requested by op model/concatenate_2/concat
If the cause is memory fragmentation maybe the environment variable 'TF_GPU_ALLOCATOR=cuda_malloc_async' will improve the situation. 
Current allocation summary follows.
Current allocation summary follows.
2025-06-14 12:26:15.646687: I external/local_tsl/tsl/framework/bfc_allocator.cc:1039] BFCAllocator dump for GPU_0_bfc
2025-06-14 12:26:15.647258: I external/local_tsl/tsl/framework/bfc_allocator.cc:1046] Bin (256): 	Total Chunks: 155, Chunks in use: 155. 38.8KiB allocated for chunks. 38.8KiB in use in bin. 20.7KiB client-requested in use in bin.
2025-06-14 12:26:15.647719: I external/local_tsl/tsl/framework/bfc_allocator.cc:1046] Bin (512): 	Total Chunks: 56, Chunks in use: 55. 28.2KiB allocated for chunks. 27.8KiB in use in bin. 27.5KiB client-requested in use in bin.
2025-06-14 12:26:15.648188: I external/local_tsl/tsl/framework/bfc_allocator.cc:1046] Bin (1024): 	Total Chunks: 27, Chunks in use: 27. 27.2KiB allocated for chunks. 27.2KiB in use in bin. 27.0KiB client-requested in use in bin.
2025-06-14 12:26:15.648690: I external/local_tsl/tsl/framework/bfc_allocator.cc:1046] Bin (2048): 	Total Chunks: 3, Chunks in use: 3. 10.5KiB allocated for chunks. 10.5KiB in use in bin. 10.1KiB client-requested in use in bin.
2025-06-14 12:26:15.649214: I external/local_tsl/tsl/framework/bfc_allocator.cc:1046] Bin (4096): 	Total Chunks: 0, Chunks in use: 0. 0B allocated for chunks. 0B in use in bin. 0B client-requested in use in bin.
2025-06-14 12:26:15.649650: I external/local_tsl/tsl/framework/bfc_allocator.cc:1046] Bin (8192): 	Total Chunks: 0, Chunks in use: 0. 0B allocated for chunks. 0B in use in bin. 0B client-requested in use in bin.
2025-06-14 12:26:15.650059: I external/local_tsl/tsl/framework/bfc_allocator.cc:1046] Bin (16384): 	Total Chunks: 0, Chunks in use: 0. 0B allocated for chunks. 0B in use in bin. 0B client-requested in use in bin.
2025-06-14 12:26:15.650449: I external/local_tsl/tsl/framework/bfc_allocator.cc:1046] Bin (32768): 	Total Chunks: 0, Chunks in use: 0. 0B allocated for chunks. 0B in use in bin. 0B client-requested in use in bin.
2025-06-14 12:26:15.650791: I external/local_tsl/tsl/framework/bfc_allocator.cc:1046] Bin (65536): 	Total Chunks: 7, Chunks in use: 7. 653.0KiB allocated for chunks. 653.0KiB in use in bin. 624.0KiB client-requested in use in bin.
2025-06-14 12:26:15.651158: I external/local_tsl/tsl/framework/bfc_allocator.cc:1046] Bin (131072): 	Total Chunks: 8, Chunks in use: 8. 1.58MiB allocated for chunks. 1.58MiB in use in bin. 1.48MiB client-requested in use in bin.
2025-06-14 12:26:15.651516: I external/local_tsl/tsl/framework/bfc_allocator.cc:1046] Bin (262144): 	Total Chunks: 8, Chunks in use: 8. 2.95MiB allocated for chunks. 2.95MiB in use in bin. 2.86MiB client-requested in use in bin.
2025-06-14 12:26:15.651912: I external/local_tsl/tsl/framework/bfc_allocator.cc:1046] Bin (524288): 	Total Chunks: 7, Chunks in use: 7. 5.89MiB allocated for chunks. 5.89MiB in use in bin. 5.48MiB client-requested in use in bin.
2025-06-14 12:26:15.652312: I external/local_tsl/tsl/framework/bfc_allocator.cc:1046] Bin (1048576): 	Total Chunks: 9, Chunks in use: 9. 14.02MiB allocated for chunks. 14.02MiB in use in bin. 13.12MiB client-requested in use in bin.
2025-06-14 12:26:15.652672: I external/local_tsl/tsl/framework/bfc_allocator.cc:1046] Bin (2097152): 	Total Chunks: 5, Chunks in use: 5. 17.38MiB allocated for chunks. 17.38MiB in use in bin. 16.88MiB client-requested in use in bin.
2025-06-14 12:26:15.653033: I external/local_tsl/tsl/framework/bfc_allocator.cc:1046] Bin (4194304): 	Total Chunks: 3, Chunks in use: 3. 18.12MiB allocated for chunks. 18.12MiB in use in bin. 16.88MiB client-requested in use in bin.
2025-06-14 12:26:15.653388: I external/local_tsl/tsl/framework/bfc_allocator.cc:1046] Bin (8388608): 	Total Chunks: 3, Chunks in use: 3. 40.62MiB allocated for chunks. 40.62MiB in use in bin. 35.62MiB client-requested in use in bin.
2025-06-14 12:26:15.653804: I external/local_tsl/tsl/framework/bfc_allocator.cc:1046] Bin (16777216): 	Total Chunks: 5, Chunks in use: 4. 140.19MiB allocated for chunks. 115.50MiB in use in bin. 115.50MiB client-requested in use in bin.
2025-06-14 12:26:15.654221: I external/local_tsl/tsl/framework/bfc_allocator.cc:1046] Bin (33554432): 	Total Chunks: 2, Chunks in use: 2. 115.50MiB allocated for chunks. 115.50MiB in use in bin. 115.50MiB client-requested in use in bin.
2025-06-14 12:26:15.654614: I external/local_tsl/tsl/framework/bfc_allocator.cc:1046] Bin (67108864): 	Total Chunks: 8, Chunks in use: 8. 874.50MiB allocated for chunks. 874.50MiB in use in bin. 808.50MiB client-requested in use in bin.
2025-06-14 12:26:15.654997: I external/local_tsl/tsl/framework/bfc_allocator.cc:1046] Bin (134217728): 	Total Chunks: 5, Chunks in use: 5. 1.07GiB allocated for chunks. 1.07GiB in use in bin. 924.00MiB client-requested in use in bin.
2025-06-14 12:26:15.655375: I external/local_tsl/tsl/framework/bfc_allocator.cc:1046] Bin (268435456): 	Total Chunks: 18, Chunks in use: 15. 19.69GiB allocated for chunks. 15.34GiB in use in bin. 15.34GiB client-requested in use in bin.
2025-06-14 12:26:15.655734: I external/local_tsl/tsl/framework/bfc_allocator.cc:1062] Bin for 3.61GiB was 256.00MiB, Chunk State: 
2025-06-14 12:26:15.656095: I external/local_tsl/tsl/framework/bfc_allocator.cc:1068]   Size: 453.50MiB | Requested Size: 16.00MiB | in_use: 0 | bin_num: 20, prev:   Size: 462.00MiB | Requested Size: 462.00MiB | in_use: 1 | bin_num: -1
2025-06-14 12:26:15.656462: I external/local_tsl/tsl/framework/bfc_allocator.cc:1068]   Size: 1.80GiB | Requested Size: 1.80GiB | in_use: 0 | bin_num: 20, next:   Size: 1.80GiB | Requested Size: 1.80GiB | in_use: 1 | bin_num: -1
2025-06-14 12:26:15.656847: I external/local_tsl/tsl/framework/bfc_allocator.cc:1068]   Size: 2.10GiB | Requested Size: 1.82GiB | in_use: 0 | bin_num: 20, prev:   Size: 1.80GiB | Requested Size: 1.80GiB | in_use: 1 | bin_num: -1
2025-06-14 12:26:15.657261: I external/local_tsl/tsl/framework/bfc_allocator.cc:1075] Next region of size 6129582080
2025-06-14 12:26:15.657719: I external/local_tsl/tsl/framework/bfc_allocator.cc:1095] Free  at 7f1aca000000 of size 1937768448 next 107
2025-06-14 12:26:15.658067: I external/local_tsl/tsl/framework/bfc_allocator.cc:1095] InUse at 7f1b3d800000 of size 1937768448 next 329
2025-06-14 12:26:15.658439: I external/local_tsl/tsl/framework/bfc_allocator.cc:1095] Free  at 7f1bb1000000 of size 2254045184 next 18446744073709551615
2025-06-14 12:26:15.658808: I external/local_tsl/tsl/framework/bfc_allocator.cc:1075] Next region of size 8589934592
2025-06-14 12:26:15.659316: I external/local_tsl/tsl/framework/bfc_allocator.cc:1095] InUse at 7f1c62000000 of size 1937768448 next 282
2025-06-14 12:26:15.659713: I external/local_tsl/tsl/framework/bfc_allocator.cc:1095] InUse at 7f1cd5800000 of size 242221056 next 283
2025-06-14 12:26:15.660116: I external/local_tsl/tsl/framework/bfc_allocator.cc:1095] InUse at 7f1ce3f00000 of size 484442112 next 284
2025-06-14 12:26:15.660502: I external/local_tsl/tsl/framework/bfc_allocator.cc:1095] InUse at 7f1d00d00000 of size 484442112 next 285
2025-06-14 12:26:15.660894: I external/local_tsl/tsl/framework/bfc_allocator.cc:1095] InUse at 7f1d1db00000 of size 484442112 next 29
2025-06-14 12:26:15.661253: I external/local_tsl/tsl/framework/bfc_allocator.cc:1095] InUse at 7f1d3a900000 of size 484442112 next 289
2025-06-14 12:26:15.661641: I external/local_tsl/tsl/framework/bfc_allocator.cc:1095] InUse at 7f1d57700000 of size 484442112 next 293
2025-06-14 12:26:15.662151: I external/local_tsl/tsl/framework/bfc_allocator.cc:1095] InUse at 7f1d74500000 of size 121110528 next 47
2025-06-14 12:26:15.662599: I external/local_tsl/tsl/framework/bfc_allocator.cc:1095] InUse at 7f1d7b880000 of size 121110528 next 296
2025-06-14 12:26:15.662978: I external/local_tsl/tsl/framework/bfc_allocator.cc:1095] InUse at 7f1d82c00000 of size 121110528 next 300
2025-06-14 12:26:15.663361: I external/local_tsl/tsl/framework/bfc_allocator.cc:1095] InUse at 7f1d89f80000 of size 30277632 next 302
2025-06-14 12:26:15.663710: I external/local_tsl/tsl/framework/bfc_allocator.cc:1095] InUse at 7f1d8bc60000 of size 30277632 next 303
2025-06-14 12:26:15.664082: I external/local_tsl/tsl/framework/bfc_allocator.cc:1095] InUse at 7f1d8d940000 of size 30277632 next 66
2025-06-14 12:26:15.664536: I external/local_tsl/tsl/framework/bfc_allocator.cc:1095] InUse at 7f1d8f620000 of size 30277632 next 307
2025-06-14 12:26:15.664913: I external/local_tsl/tsl/framework/bfc_allocator.cc:1095] InUse at 7f1d91300000 of size 121110528 next 76
2025-06-14 12:26:15.665270: I external/local_tsl/tsl/framework/bfc_allocator.cc:1095] InUse at 7f1d98680000 of size 121110528 next 312
2025-06-14 12:26:15.665642: I external/local_tsl/tsl/framework/bfc_allocator.cc:1095] InUse at 7f1d9fa00000 of size 242221056 next 311
2025-06-14 12:26:15.666015: I external/local_tsl/tsl/framework/bfc_allocator.cc:1095] InUse at 7f1dae100000 of size 121110528 next 85
2025-06-14 12:26:15.666365: I external/local_tsl/tsl/framework/bfc_allocator.cc:1095] InUse at 7f1db5480000 of size 484442112 next 325
2025-06-14 12:26:15.666731: I external/local_tsl/tsl/framework/bfc_allocator.cc:1095] InUse at 7f1dd2280000 of size 484442112 next 320
2025-06-14 12:26:15.667109: I external/local_tsl/tsl/framework/bfc_allocator.cc:1095] InUse at 7f1def080000 of size 968884224 next 319
2025-06-14 12:26:15.667487: I external/local_tsl/tsl/framework/bfc_allocator.cc:1095] InUse at 7f1e28c80000 of size 484442112 next 91
2025-06-14 12:26:15.667888: I external/local_tsl/tsl/framework/bfc_allocator.cc:1095] Free  at 7f1e45a80000 of size 475529216 next 18446744073709551615
2025-06-14 12:26:15.668253: I external/local_tsl/tsl/framework/bfc_allocator.cc:1075] Next region of size 4294967296
2025-06-14 12:26:15.668706: I external/local_tsl/tsl/framework/bfc_allocator.cc:1095] InUse at 7f1e80000000 of size 1937768448 next 11
2025-06-14 12:26:15.669090: I external/local_tsl/tsl/framework/bfc_allocator.cc:1095] InUse at 7f1ef3800000 of size 1937768448 next 277
2025-06-14 12:26:15.669450: I external/local_tsl/tsl/framework/bfc_allocator.cc:1095] InUse at 7f1f67000000 of size 242221056 next 20
2025-06-14 12:26:15.669805: I external/local_tsl/tsl/framework/bfc_allocator.cc:1095] InUse at 7f1f75700000 of size 60555264 next 38
2025-06-14 12:26:15.670173: I external/local_tsl/tsl/framework/bfc_allocator.cc:1095] InUse at 7f1f790c0000 of size 116654080 next 18446744073709551615
2025-06-14 12:26:15.670542: I external/local_tsl/tsl/framework/bfc_allocator.cc:1075] Next region of size 2147483648
2025-06-14 12:26:15.670981: I external/local_tsl/tsl/framework/bfc_allocator.cc:1095] InUse at 7f1fac000000 of size 1937768448 next 272
2025-06-14 12:26:15.671356: I external/local_tsl/tsl/framework/bfc_allocator.cc:1095] InUse at 7f201f800000 of size 209715200 next 18446744073709551615
2025-06-14 12:26:15.671724: I external/local_tsl/tsl/framework/bfc_allocator.cc:1075] Next region of size 2147483648
2025-06-14 12:26:15.672220: I external/local_tsl/tsl/framework/bfc_allocator.cc:1095] InUse at 7f2034000000 of size 1937768448 next 268
2025-06-14 12:26:15.672571: I external/local_tsl/tsl/framework/bfc_allocator.cc:1095] InUse at 7f20a7800000 of size 209715200 next 18446744073709551615
2025-06-14 12:26:15.672921: I external/local_tsl/tsl/framework/bfc_allocator.cc:1075] Next region of size 134217728
2025-06-14 12:26:15.673394: I external/local_tsl/tsl/framework/bfc_allocator.cc:1095] InUse at 7f2140000000 of size 60555264 next 264
2025-06-14 12:26:15.673786: I external/local_tsl/tsl/framework/bfc_allocator.cc:1095] InUse at 7f21439c0000 of size 73662464 next 18446744073709551615
2025-06-14 12:26:15.674172: I external/local_tsl/tsl/framework/bfc_allocator.cc:1075] Next region of size 67108864
2025-06-14 12:26:15.674668: I external/local_tsl/tsl/framework/bfc_allocator.cc:1095] InUse at 7f2148000000 of size 3538944 next 198
2025-06-14 12:26:15.675021: I external/local_tsl/tsl/framework/bfc_allocator.cc:1095] InUse at 7f2148360000 of size 1769472 next 205
2025-06-14 12:26:15.675392: I external/local_tsl/tsl/framework/bfc_allocator.cc:1095] InUse at 7f2148510000 of size 1769472 next 206
2025-06-14 12:26:15.675745: I external/local_tsl/tsl/framework/bfc_allocator.cc:1095] InUse at 7f21486c0000 of size 262144 next 213
2025-06-14 12:26:15.676097: I external/local_tsl/tsl/framework/bfc_allocator.cc:1095] InUse at 7f2148700000 of size 262144 next 214
2025-06-14 12:26:15.676452: I external/local_tsl/tsl/framework/bfc_allocator.cc:1095] InUse at 7f2148740000 of size 884736 next 217
2025-06-14 12:26:15.676822: I external/local_tsl/tsl/framework/bfc_allocator.cc:1095] InUse at 7f2148818000 of size 884736 next 218
2025-06-14 12:26:15.677171: I external/local_tsl/tsl/framework/bfc_allocator.cc:1095] InUse at 7f21488f0000 of size 442368 next 225
2025-06-14 12:26:15.677545: I external/local_tsl/tsl/framework/bfc_allocator.cc:1095] InUse at 7f214895c000 of size 442368 next 226
2025-06-14 12:26:15.677920: I external/local_tsl/tsl/framework/bfc_allocator.cc:1095] InUse at 7f21489c8000 of size 256 next 234
2025-06-14 12:26:15.678349: I external/local_tsl/tsl/framework/bfc_allocator.cc:1095] InUse at 7f21489c8100 of size 256 next 235
2025-06-14 12:26:15.678866: I external/local_tsl/tsl/framework/bfc_allocator.cc:1095] InUse at 7f21489c8200 of size 221184 next 236
2025-06-14 12:26:15.679281: I external/local_tsl/tsl/framework/bfc_allocator.cc:1095] InUse at 7f21489fe200 of size 221184 next 237
2025-06-14 12:26:15.679743: I external/local_tsl/tsl/framework/bfc_allocator.cc:1095] InUse at 7f2148a34200 of size 256 next 238
2025-06-14 12:26:15.680217: I external/local_tsl/tsl/framework/bfc_allocator.cc:1095] InUse at 7f2148a34300 of size 256 next 239
2025-06-14 12:26:15.680673: I external/local_tsl/tsl/framework/bfc_allocator.cc:1095] InUse at 7f2148a34400 of size 256 next 240
2025-06-14 12:26:15.681141: I external/local_tsl/tsl/framework/bfc_allocator.cc:1095] InUse at 7f2148a34500 of size 256 next 241
2025-06-14 12:26:15.681604: I external/local_tsl/tsl/framework/bfc_allocator.cc:1095] InUse at 7f2148a34600 of size 256 next 242
2025-06-14 12:26:15.682049: I external/local_tsl/tsl/framework/bfc_allocator.cc:1095] InUse at 7f2148a34700 of size 256 next 243
2025-06-14 12:26:15.682545: I external/local_tsl/tsl/framework/bfc_allocator.cc:1095] InUse at 7f2148a34800 of size 110592 next 244
2025-06-14 12:26:15.682941: I external/local_tsl/tsl/framework/bfc_allocator.cc:1095] InUse at 7f2148a4f800 of size 110592 next 245
2025-06-14 12:26:15.683310: I external/local_tsl/tsl/framework/bfc_allocator.cc:1095] InUse at 7f2148a6a800 of size 256 next 246
2025-06-14 12:26:15.683744: I external/local_tsl/tsl/framework/bfc_allocator.cc:1095] InUse at 7f2148a6a900 of size 256 next 247
2025-06-14 12:26:15.684200: I external/local_tsl/tsl/framework/bfc_allocator.cc:1095] InUse at 7f2148a6aa00 of size 256 next 248
2025-06-14 12:26:15.684657: I external/local_tsl/tsl/framework/bfc_allocator.cc:1095] InUse at 7f2148a6ab00 of size 256 next 249
2025-06-14 12:26:15.685174: I external/local_tsl/tsl/framework/bfc_allocator.cc:1095] InUse at 7f2148a6ac00 of size 256 next 250
2025-06-14 12:26:15.685661: I external/local_tsl/tsl/framework/bfc_allocator.cc:1095] InUse at 7f2148a6ad00 of size 256 next 251
2025-06-14 12:26:15.686133: I external/local_tsl/tsl/framework/bfc_allocator.cc:1095] InUse at 7f2148a6ae00 of size 256 next 252
2025-06-14 12:26:15.686607: I external/local_tsl/tsl/framework/bfc_allocator.cc:1095] InUse at 7f2148a6af00 of size 256 next 253
2025-06-14 12:26:15.687077: I external/local_tsl/tsl/framework/bfc_allocator.cc:1095] InUse at 7f2148a6b000 of size 256 next 254
2025-06-14 12:26:15.687522: I external/local_tsl/tsl/framework/bfc_allocator.cc:1095] InUse at 7f2148a6b100 of size 256 next 255
2025-06-14 12:26:15.687969: I external/local_tsl/tsl/framework/bfc_allocator.cc:1095] InUse at 7f2148a6b200 of size 256 next 256
2025-06-14 12:26:15.688437: I external/local_tsl/tsl/framework/bfc_allocator.cc:1095] InUse at 7f2148a6b300 of size 256 next 257
2025-06-14 12:26:15.688939: I external/local_tsl/tsl/framework/bfc_allocator.cc:1095] InUse at 7f2148a6b400 of size 256 next 258
2025-06-14 12:26:15.689390: I external/local_tsl/tsl/framework/bfc_allocator.cc:1095] InUse at 7f2148a6b500 of size 256 next 259
2025-06-14 12:26:15.689828: I external/local_tsl/tsl/framework/bfc_allocator.cc:1095] InUse at 7f2148a6b600 of size 256 next 260
2025-06-14 12:26:15.690261: I external/local_tsl/tsl/framework/bfc_allocator.cc:1095] InUse at 7f2148a6b700 of size 256 next 261
2025-06-14 12:26:15.690725: I external/local_tsl/tsl/framework/bfc_allocator.cc:1095] InUse at 7f2148a6b800 of size 256 next 262
2025-06-14 12:26:15.691213: I external/local_tsl/tsl/framework/bfc_allocator.cc:1095] InUse at 7f2148a6b900 of size 256 next 263
2025-06-14 12:26:15.691675: I external/local_tsl/tsl/framework/bfc_allocator.cc:1095] InUse at 7f2148a6ba00 of size 256 next 265
2025-06-14 12:26:15.692131: I external/local_tsl/tsl/framework/bfc_allocator.cc:1095] InUse at 7f2148a6bb00 of size 256 next 266
2025-06-14 12:26:15.692594: I external/local_tsl/tsl/framework/bfc_allocator.cc:1095] InUse at 7f2148a6bc00 of size 256 next 274
2025-06-14 12:26:15.693041: I external/local_tsl/tsl/framework/bfc_allocator.cc:1095] InUse at 7f2148a6bd00 of size 256 next 275
2025-06-14 12:26:15.693499: I external/local_tsl/tsl/framework/bfc_allocator.cc:1095] InUse at 7f2148a6be00 of size 256 next 276
2025-06-14 12:26:15.693953: I external/local_tsl/tsl/framework/bfc_allocator.cc:1095] InUse at 7f2148a6bf00 of size 256 next 280
2025-06-14 12:26:15.694417: I external/local_tsl/tsl/framework/bfc_allocator.cc:1095] InUse at 7f2148a6c000 of size 256 next 281
2025-06-14 12:26:15.694871: I external/local_tsl/tsl/framework/bfc_allocator.cc:1095] InUse at 7f2148a6c100 of size 256 next 287
2025-06-14 12:26:15.695347: I external/local_tsl/tsl/framework/bfc_allocator.cc:1095] InUse at 7f2148a6c200 of size 256 next 288
2025-06-14 12:26:15.695955: I external/local_tsl/tsl/framework/bfc_allocator.cc:1095] InUse at 7f2148a6c300 of size 256 next 291
2025-06-14 12:26:15.696492: I external/local_tsl/tsl/framework/bfc_allocator.cc:1095] InUse at 7f2148a6c400 of size 256 next 292
2025-06-14 12:26:15.696940: I external/local_tsl/tsl/framework/bfc_allocator.cc:1095] InUse at 7f2148a6c500 of size 512 next 294
2025-06-14 12:26:15.697374: I external/local_tsl/tsl/framework/bfc_allocator.cc:1095] InUse at 7f2148a6c700 of size 768 next 269
2025-06-14 12:26:15.697826: I external/local_tsl/tsl/framework/bfc_allocator.cc:1095] InUse at 7f2148a6ca00 of size 256 next 270
2025-06-14 12:26:15.698307: I external/local_tsl/tsl/framework/bfc_allocator.cc:1095] InUse at 7f2148a6cb00 of size 512 next 295
2025-06-14 12:26:15.698755: I external/local_tsl/tsl/framework/bfc_allocator.cc:1095] InUse at 7f2148a6cd00 of size 512 next 298
2025-06-14 12:26:15.699195: I external/local_tsl/tsl/framework/bfc_allocator.cc:1095] InUse at 7f2148a6cf00 of size 512 next 299
2025-06-14 12:26:15.699638: I external/local_tsl/tsl/framework/bfc_allocator.cc:1095] InUse at 7f2148a6d100 of size 15138816 next 56
2025-06-14 12:26:15.699997: I external/local_tsl/tsl/framework/bfc_allocator.cc:1095] InUse at 7f21498dd100 of size 15138816 next 301
2025-06-14 12:26:15.700412: I external/local_tsl/tsl/framework/bfc_allocator.cc:1095] InUse at 7f214a74d100 of size 1024 next 304
2025-06-14 12:26:15.700866: I external/local_tsl/tsl/framework/bfc_allocator.cc:1095] InUse at 7f214a74d500 of size 1024 next 305
2025-06-14 12:26:15.701311: I external/local_tsl/tsl/framework/bfc_allocator.cc:1095] InUse at 7f214a74d900 of size 1024 next 306
2025-06-14 12:26:15.701779: I external/local_tsl/tsl/framework/bfc_allocator.cc:1095] InUse at 7f214a74dd00 of size 1024 next 309
2025-06-14 12:26:15.702250: I external/local_tsl/tsl/framework/bfc_allocator.cc:1095] InUse at 7f214a74e100 of size 1024 next 310
2025-06-14 12:26:15.702740: I external/local_tsl/tsl/framework/bfc_allocator.cc:1095] InUse at 7f214a74e500 of size 512 next 317
2025-06-14 12:26:15.703212: I external/local_tsl/tsl/framework/bfc_allocator.cc:1095] InUse at 7f214a74e700 of size 512 next 318
2025-06-14 12:26:15.703660: I external/local_tsl/tsl/framework/bfc_allocator.cc:1095] InUse at 7f214a74e900 of size 256 next 326
2025-06-14 12:26:15.704090: I external/local_tsl/tsl/framework/bfc_allocator.cc:1095] InUse at 7f214a74ea00 of size 256 next 327
2025-06-14 12:26:15.704550: I external/local_tsl/tsl/framework/bfc_allocator.cc:1095] Free  at 7f214a74eb00 of size 25892096 next 18446744073709551615
2025-06-14 12:26:15.704914: I external/local_tsl/tsl/framework/bfc_allocator.cc:1075] Next region of size 33554432
2025-06-14 12:26:15.705345: I external/local_tsl/tsl/framework/bfc_allocator.cc:1095] InUse at 7f2160000000 of size 3538944 next 83
2025-06-14 12:26:15.705739: I external/local_tsl/tsl/framework/bfc_allocator.cc:1095] InUse at 7f2160360000 of size 221184 next 152
2025-06-14 12:26:15.706120: I external/local_tsl/tsl/framework/bfc_allocator.cc:1095] InUse at 7f2160396000 of size 221184 next 106
2025-06-14 12:26:15.706461: I external/local_tsl/tsl/framework/bfc_allocator.cc:1095] InUse at 7f21603cc000 of size 442368 next 100
2025-06-14 12:26:15.706807: I external/local_tsl/tsl/framework/bfc_allocator.cc:1095] InUse at 7f2160438000 of size 884736 next 90
2025-06-14 12:26:15.707168: I external/local_tsl/tsl/framework/bfc_allocator.cc:1095] InUse at 7f2160510000 of size 1769472 next 74
2025-06-14 12:26:15.707554: I external/local_tsl/tsl/framework/bfc_allocator.cc:1095] InUse at 7f21606c0000 of size 7077888 next 72
2025-06-14 12:26:15.707966: I external/local_tsl/tsl/framework/bfc_allocator.cc:1095] InUse at 7f2160d80000 of size 7077888 next 187
2025-06-14 12:26:15.708370: I external/local_tsl/tsl/framework/bfc_allocator.cc:1095] InUse at 7f2161440000 of size 12320768 next 18446744073709551615
2025-06-14 12:26:15.708745: I external/local_tsl/tsl/framework/bfc_allocator.cc:1075] Next region of size 16777216
2025-06-14 12:26:15.709207: I external/local_tsl/tsl/framework/bfc_allocator.cc:1095] InUse at 7f2162000000 of size 1769472 next 173
2025-06-14 12:26:15.709570: I external/local_tsl/tsl/framework/bfc_allocator.cc:1095] InUse at 7f21621b0000 of size 1769472 next 64
2025-06-14 12:26:15.709913: I external/local_tsl/tsl/framework/bfc_allocator.cc:1095] InUse at 7f2162360000 of size 3538944 next 62
2025-06-14 12:26:15.710276: I external/local_tsl/tsl/framework/bfc_allocator.cc:1095] InUse at 7f21626c0000 of size 3538944 next 180
2025-06-14 12:26:15.710656: I external/local_tsl/tsl/framework/bfc_allocator.cc:1095] InUse at 7f2162a20000 of size 1048576 next 194
2025-06-14 12:26:15.711064: I external/local_tsl/tsl/framework/bfc_allocator.cc:1095] InUse at 7f2162b20000 of size 1048576 next 195
2025-06-14 12:26:15.711419: I external/local_tsl/tsl/framework/bfc_allocator.cc:1095] InUse at 7f2162c20000 of size 4063232 next 18446744073709551615
2025-06-14 12:26:15.711764: I external/local_tsl/tsl/framework/bfc_allocator.cc:1075] Next region of size 2097152
2025-06-14 12:26:15.712197: I external/local_tsl/tsl/framework/bfc_allocator.cc:1095] InUse at 7f21c8e00000 of size 1280 next 1
2025-06-14 12:26:15.712691: I external/local_tsl/tsl/framework/bfc_allocator.cc:1095] InUse at 7f21c8e00500 of size 256 next 2
2025-06-14 12:26:15.713194: I external/local_tsl/tsl/framework/bfc_allocator.cc:1095] InUse at 7f21c8e00600 of size 256 next 3
2025-06-14 12:26:15.713661: I external/local_tsl/tsl/framework/bfc_allocator.cc:1095] InUse at 7f21c8e00700 of size 256 next 5
2025-06-14 12:26:15.714110: I external/local_tsl/tsl/framework/bfc_allocator.cc:1095] InUse at 7f21c8e00800 of size 256 next 6
2025-06-14 12:26:15.714574: I external/local_tsl/tsl/framework/bfc_allocator.cc:1095] InUse at 7f21c8e00900 of size 256 next 4
2025-06-14 12:26:15.715024: I external/local_tsl/tsl/framework/bfc_allocator.cc:1095] InUse at 7f21c8e00a00 of size 256 next 7
2025-06-14 12:26:15.715476: I external/local_tsl/tsl/framework/bfc_allocator.cc:1095] InUse at 7f21c8e00b00 of size 256 next 10
2025-06-14 12:26:15.715925: I external/local_tsl/tsl/framework/bfc_allocator.cc:1095] InUse at 7f21c8e00c00 of size 256 next 278
2025-06-14 12:26:15.716387: I external/local_tsl/tsl/framework/bfc_allocator.cc:1095] InUse at 7f21c8e00d00 of size 256 next 12
2025-06-14 12:26:15.716863: I external/local_tsl/tsl/framework/bfc_allocator.cc:1095] InUse at 7f21c8e00e00 of size 256 next 13
2025-06-14 12:26:15.717320: I external/local_tsl/tsl/framework/bfc_allocator.cc:1095] InUse at 7f21c8e00f00 of size 256 next 14
2025-06-14 12:26:15.717729: I external/local_tsl/tsl/framework/bfc_allocator.cc:1095] InUse at 7f21c8e01000 of size 256 next 17
2025-06-14 12:26:15.718168: I external/local_tsl/tsl/framework/bfc_allocator.cc:1095] InUse at 7f21c8e01100 of size 256 next 15
2025-06-14 12:26:15.718640: I external/local_tsl/tsl/framework/bfc_allocator.cc:1095] InUse at 7f21c8e01200 of size 256 next 16
2025-06-14 12:26:15.719166: I external/local_tsl/tsl/framework/bfc_allocator.cc:1095] InUse at 7f21c8e01300 of size 256 next 286
2025-06-14 12:26:15.719643: I external/local_tsl/tsl/framework/bfc_allocator.cc:1095] InUse at 7f21c8e01400 of size 256 next 21
2025-06-14 12:26:15.720104: I external/local_tsl/tsl/framework/bfc_allocator.cc:1095] InUse at 7f21c8e01500 of size 256 next 22
2025-06-14 12:26:15.720571: I external/local_tsl/tsl/framework/bfc_allocator.cc:1095] InUse at 7f21c8e01600 of size 256 next 23
2025-06-14 12:26:15.721017: I external/local_tsl/tsl/framework/bfc_allocator.cc:1095] InUse at 7f21c8e01700 of size 256 next 24
2025-06-14 12:26:15.721474: I external/local_tsl/tsl/framework/bfc_allocator.cc:1095] InUse at 7f21c8e01800 of size 256 next 25
2025-06-14 12:26:15.721933: I external/local_tsl/tsl/framework/bfc_allocator.cc:1095] InUse at 7f21c8e01900 of size 256 next 28
2025-06-14 12:26:15.722394: I external/local_tsl/tsl/framework/bfc_allocator.cc:1095] InUse at 7f21c8e01a00 of size 256 next 290
2025-06-14 12:26:15.722847: I external/local_tsl/tsl/framework/bfc_allocator.cc:1095] InUse at 7f21c8e01b00 of size 256 next 30
2025-06-14 12:26:15.723310: I external/local_tsl/tsl/framework/bfc_allocator.cc:1095] InUse at 7f21c8e01c00 of size 256 next 31
2025-06-14 12:26:15.723766: I external/local_tsl/tsl/framework/bfc_allocator.cc:1095] InUse at 7f21c8e01d00 of size 256 next 32
2025-06-14 12:26:15.724236: I external/local_tsl/tsl/framework/bfc_allocator.cc:1095] InUse at 7f21c8e01e00 of size 256 next 35
2025-06-14 12:26:15.724692: I external/local_tsl/tsl/framework/bfc_allocator.cc:1095] InUse at 7f21c8e01f00 of size 256 next 33
2025-06-14 12:26:15.725149: I external/local_tsl/tsl/framework/bfc_allocator.cc:1095] InUse at 7f21c8e02000 of size 256 next 34
2025-06-14 12:26:15.725652: I external/local_tsl/tsl/framework/bfc_allocator.cc:1095] InUse at 7f21c8e02100 of size 512 next 39
2025-06-14 12:26:15.726134: I external/local_tsl/tsl/framework/bfc_allocator.cc:1095] InUse at 7f21c8e02300 of size 256 next 40
2025-06-14 12:26:15.726589: I external/local_tsl/tsl/framework/bfc_allocator.cc:1095] InUse at 7f21c8e02400 of size 256 next 41
2025-06-14 12:26:15.727061: I external/local_tsl/tsl/framework/bfc_allocator.cc:1095] InUse at 7f21c8e02500 of size 256 next 8
2025-06-14 12:26:15.727521: I external/local_tsl/tsl/framework/bfc_allocator.cc:1095] InUse at 7f21c8e02600 of size 3584 next 9
2025-06-14 12:26:15.727960: I external/local_tsl/tsl/framework/bfc_allocator.cc:1095] InUse at 7f21c8e03400 of size 512 next 42
2025-06-14 12:26:15.728454: I external/local_tsl/tsl/framework/bfc_allocator.cc:1095] InUse at 7f21c8e03600 of size 512 next 45
2025-06-14 12:26:15.728942: I external/local_tsl/tsl/framework/bfc_allocator.cc:1095] InUse at 7f21c8e03800 of size 512 next 46
2025-06-14 12:26:15.729394: I external/local_tsl/tsl/framework/bfc_allocator.cc:1095] InUse at 7f21c8e03a00 of size 512 next 297
2025-06-14 12:26:15.729851: I external/local_tsl/tsl/framework/bfc_allocator.cc:1095] InUse at 7f21c8e03c00 of size 512 next 48
2025-06-14 12:26:15.730299: I external/local_tsl/tsl/framework/bfc_allocator.cc:1095] InUse at 7f21c8e03e00 of size 256 next 49
2025-06-14 12:26:15.730768: I external/local_tsl/tsl/framework/bfc_allocator.cc:1095] InUse at 7f21c8e03f00 of size 512 next 50
2025-06-14 12:26:15.731228: I external/local_tsl/tsl/framework/bfc_allocator.cc:1095] InUse at 7f21c8e04100 of size 512 next 51
2025-06-14 12:26:15.731678: I external/local_tsl/tsl/framework/bfc_allocator.cc:1095] InUse at 7f21c8e04300 of size 512 next 55
2025-06-14 12:26:15.732108: I external/local_tsl/tsl/framework/bfc_allocator.cc:1095] InUse at 7f21c8e04500 of size 1024 next 57
2025-06-14 12:26:15.732555: I external/local_tsl/tsl/framework/bfc_allocator.cc:1095] InUse at 7f21c8e04900 of size 256 next 58
2025-06-14 12:26:15.732998: I external/local_tsl/tsl/framework/bfc_allocator.cc:1095] InUse at 7f21c8e04a00 of size 256 next 59
2025-06-14 12:26:15.733422: I external/local_tsl/tsl/framework/bfc_allocator.cc:1095] InUse at 7f21c8e04b00 of size 1024 next 60
2025-06-14 12:26:15.733891: I external/local_tsl/tsl/framework/bfc_allocator.cc:1095] InUse at 7f21c8e04f00 of size 1024 next 61
2025-06-14 12:26:15.734329: I external/local_tsl/tsl/framework/bfc_allocator.cc:1095] InUse at 7f21c8e05300 of size 1024 next 65
2025-06-14 12:26:15.734782: I external/local_tsl/tsl/framework/bfc_allocator.cc:1095] InUse at 7f21c8e05700 of size 1024 next 308
2025-06-14 12:26:15.735206: I external/local_tsl/tsl/framework/bfc_allocator.cc:1095] InUse at 7f21c8e05b00 of size 1024 next 67
2025-06-14 12:26:15.735636: I external/local_tsl/tsl/framework/bfc_allocator.cc:1095] InUse at 7f21c8e05f00 of size 256 next 68
2025-06-14 12:26:15.736083: I external/local_tsl/tsl/framework/bfc_allocator.cc:1095] InUse at 7f21c8e06000 of size 256 next 69
2025-06-14 12:26:15.736579: I external/local_tsl/tsl/framework/bfc_allocator.cc:1095] InUse at 7f21c8e06100 of size 1024 next 70
2025-06-14 12:26:15.737046: I external/local_tsl/tsl/framework/bfc_allocator.cc:1095] InUse at 7f21c8e06500 of size 1024 next 71
2025-06-14 12:26:15.737493: I external/local_tsl/tsl/framework/bfc_allocator.cc:1095] InUse at 7f21c8e06900 of size 1024 next 75
2025-06-14 12:26:15.737928: I external/local_tsl/tsl/framework/bfc_allocator.cc:1095] InUse at 7f21c8e06d00 of size 512 next 313
2025-06-14 12:26:15.738362: I external/local_tsl/tsl/framework/bfc_allocator.cc:1095] InUse at 7f21c8e06f00 of size 512 next 314
2025-06-14 12:26:15.738802: I external/local_tsl/tsl/framework/bfc_allocator.cc:1095] InUse at 7f21c8e07100 of size 512 next 315
2025-06-14 12:26:15.739236: I external/local_tsl/tsl/framework/bfc_allocator.cc:1095] InUse at 7f21c8e07300 of size 512 next 77
2025-06-14 12:26:15.739707: I external/local_tsl/tsl/framework/bfc_allocator.cc:1095] InUse at 7f21c8e07500 of size 256 next 78
2025-06-14 12:26:15.740180: I external/local_tsl/tsl/framework/bfc_allocator.cc:1095] InUse at 7f21c8e07600 of size 256 next 79
2025-06-14 12:26:15.740614: I external/local_tsl/tsl/framework/bfc_allocator.cc:1095] InUse at 7f21c8e07700 of size 512 next 80
2025-06-14 12:26:15.741057: I external/local_tsl/tsl/framework/bfc_allocator.cc:1095] InUse at 7f21c8e07900 of size 512 next 81
2025-06-14 12:26:15.741491: I external/local_tsl/tsl/framework/bfc_allocator.cc:1095] InUse at 7f21c8e07b00 of size 512 next 82
2025-06-14 12:26:15.741967: I external/local_tsl/tsl/framework/bfc_allocator.cc:1095] InUse at 7f21c8e07d00 of size 512 next 84
2025-06-14 12:26:15.742452: I external/local_tsl/tsl/framework/bfc_allocator.cc:1095] InUse at 7f21c8e07f00 of size 512 next 316
2025-06-14 12:26:15.742921: I external/local_tsl/tsl/framework/bfc_allocator.cc:1095] InUse at 7f21c8e08100 of size 512 next 86
2025-06-14 12:26:15.743366: I external/local_tsl/tsl/framework/bfc_allocator.cc:1095] InUse at 7f21c8e08300 of size 512 next 87
2025-06-14 12:26:15.743829: I external/local_tsl/tsl/framework/bfc_allocator.cc:1095] InUse at 7f21c8e08500 of size 512 next 88
2025-06-14 12:26:15.744284: I external/local_tsl/tsl/framework/bfc_allocator.cc:1095] InUse at 7f21c8e08700 of size 512 next 89
2025-06-14 12:26:15.744709: I external/local_tsl/tsl/framework/bfc_allocator.cc:1095] InUse at 7f21c8e08900 of size 256 next 321
2025-06-14 12:26:15.745145: I external/local_tsl/tsl/framework/bfc_allocator.cc:1095] InUse at 7f21c8e08a00 of size 256 next 323
2025-06-14 12:26:15.745629: I external/local_tsl/tsl/framework/bfc_allocator.cc:1095] InUse at 7f21c8e08b00 of size 256 next 324
2025-06-14 12:26:15.746104: I external/local_tsl/tsl/framework/bfc_allocator.cc:1095] InUse at 7f21c8e08c00 of size 256 next 92
2025-06-14 12:26:15.746550: I external/local_tsl/tsl/framework/bfc_allocator.cc:1095] InUse at 7f21c8e08d00 of size 256 next 93
2025-06-14 12:26:15.746963: I external/local_tsl/tsl/framework/bfc_allocator.cc:1095] InUse at 7f21c8e08e00 of size 256 next 94
2025-06-14 12:26:15.747374: I external/local_tsl/tsl/framework/bfc_allocator.cc:1095] InUse at 7f21c8e08f00 of size 256 next 97
2025-06-14 12:26:15.747828: I external/local_tsl/tsl/framework/bfc_allocator.cc:1095] InUse at 7f21c8e09000 of size 256 next 95
2025-06-14 12:26:15.748310: I external/local_tsl/tsl/framework/bfc_allocator.cc:1095] InUse at 7f21c8e09100 of size 256 next 96
2025-06-14 12:26:15.748766: I external/local_tsl/tsl/framework/bfc_allocator.cc:1095] InUse at 7f21c8e09200 of size 256 next 98
2025-06-14 12:26:15.749183: I external/local_tsl/tsl/framework/bfc_allocator.cc:1095] InUse at 7f21c8e09300 of size 256 next 101
2025-06-14 12:26:15.749629: I external/local_tsl/tsl/framework/bfc_allocator.cc:1095] InUse at 7f21c8e09400 of size 256 next 102
2025-06-14 12:26:15.750065: I external/local_tsl/tsl/framework/bfc_allocator.cc:1095] InUse at 7f21c8e09500 of size 256 next 103
2025-06-14 12:26:15.750525: I external/local_tsl/tsl/framework/bfc_allocator.cc:1095] InUse at 7f21c8e09600 of size 256 next 104
2025-06-14 12:26:15.750981: I external/local_tsl/tsl/framework/bfc_allocator.cc:1095] InUse at 7f21c8e09700 of size 256 next 105
2025-06-14 12:26:15.751442: I external/local_tsl/tsl/framework/bfc_allocator.cc:1095] Free  at 7f21c8e09800 of size 512 next 108
2025-06-14 12:26:15.751893: I external/local_tsl/tsl/framework/bfc_allocator.cc:1095] InUse at 7f21c8e09a00 of size 256 next 109
2025-06-14 12:26:15.752357: I external/local_tsl/tsl/framework/bfc_allocator.cc:1095] InUse at 7f21c8e09b00 of size 256 next 110
2025-06-14 12:26:15.752818: I external/local_tsl/tsl/framework/bfc_allocator.cc:1095] InUse at 7f21c8e09c00 of size 256 next 146
2025-06-14 12:26:15.753274: I external/local_tsl/tsl/framework/bfc_allocator.cc:1095] InUse at 7f21c8e09d00 of size 256 next 147
2025-06-14 12:26:15.753735: I external/local_tsl/tsl/framework/bfc_allocator.cc:1095] InUse at 7f21c8e09e00 of size 256 next 148
2025-06-14 12:26:15.754193: I external/local_tsl/tsl/framework/bfc_allocator.cc:1095] InUse at 7f21c8e09f00 of size 256 next 149
2025-06-14 12:26:15.754664: I external/local_tsl/tsl/framework/bfc_allocator.cc:1095] InUse at 7f21c8e0a000 of size 256 next 150
2025-06-14 12:26:15.755128: I external/local_tsl/tsl/framework/bfc_allocator.cc:1095] InUse at 7f21c8e0a100 of size 256 next 151
2025-06-14 12:26:15.755583: I external/local_tsl/tsl/framework/bfc_allocator.cc:1095] InUse at 7f21c8e0a200 of size 256 next 153
2025-06-14 12:26:15.756042: I external/local_tsl/tsl/framework/bfc_allocator.cc:1095] InUse at 7f21c8e0a300 of size 256 next 154
2025-06-14 12:26:15.756469: I external/local_tsl/tsl/framework/bfc_allocator.cc:1095] InUse at 7f21c8e0a400 of size 256 next 155
2025-06-14 12:26:15.756896: I external/local_tsl/tsl/framework/bfc_allocator.cc:1095] InUse at 7f21c8e0a500 of size 256 next 156
2025-06-14 12:26:15.757370: I external/local_tsl/tsl/framework/bfc_allocator.cc:1095] InUse at 7f21c8e0a600 of size 256 next 157
2025-06-14 12:26:15.757851: I external/local_tsl/tsl/framework/bfc_allocator.cc:1095] InUse at 7f21c8e0a700 of size 256 next 158
2025-06-14 12:26:15.758291: I external/local_tsl/tsl/framework/bfc_allocator.cc:1095] InUse at 7f21c8e0a800 of size 256 next 160
2025-06-14 12:26:15.758746: I external/local_tsl/tsl/framework/bfc_allocator.cc:1095] InUse at 7f21c8e0a900 of size 256 next 161
2025-06-14 12:26:15.759210: I external/local_tsl/tsl/framework/bfc_allocator.cc:1095] InUse at 7f21c8e0aa00 of size 256 next 162
2025-06-14 12:26:15.759684: I external/local_tsl/tsl/framework/bfc_allocator.cc:1095] InUse at 7f21c8e0ab00 of size 256 next 163
2025-06-14 12:26:15.760142: I external/local_tsl/tsl/framework/bfc_allocator.cc:1095] InUse at 7f21c8e0ac00 of size 256 next 164
2025-06-14 12:26:15.760588: I external/local_tsl/tsl/framework/bfc_allocator.cc:1095] InUse at 7f21c8e0ad00 of size 256 next 165
2025-06-14 12:26:15.761013: I external/local_tsl/tsl/framework/bfc_allocator.cc:1095] InUse at 7f21c8e0ae00 of size 512 next 167
2025-06-14 12:26:15.761475: I external/local_tsl/tsl/framework/bfc_allocator.cc:1095] InUse at 7f21c8e0b000 of size 512 next 168
2025-06-14 12:26:15.761908: I external/local_tsl/tsl/framework/bfc_allocator.cc:1095] InUse at 7f21c8e0b200 of size 512 next 169
2025-06-14 12:26:15.762306: I external/local_tsl/tsl/framework/bfc_allocator.cc:1095] InUse at 7f21c8e0b400 of size 512 next 170
2025-06-14 12:26:15.762792: I external/local_tsl/tsl/framework/bfc_allocator.cc:1095] InUse at 7f21c8e0b600 of size 512 next 171
2025-06-14 12:26:15.763253: I external/local_tsl/tsl/framework/bfc_allocator.cc:1095] InUse at 7f21c8e0b800 of size 512 next 172
2025-06-14 12:26:15.763695: I external/local_tsl/tsl/framework/bfc_allocator.cc:1095] InUse at 7f21c8e0ba00 of size 512 next 174
2025-06-14 12:26:15.764141: I external/local_tsl/tsl/framework/bfc_allocator.cc:1095] InUse at 7f21c8e0bc00 of size 512 next 175
2025-06-14 12:26:15.764586: I external/local_tsl/tsl/framework/bfc_allocator.cc:1095] InUse at 7f21c8e0be00 of size 512 next 176
2025-06-14 12:26:15.765036: I external/local_tsl/tsl/framework/bfc_allocator.cc:1095] InUse at 7f21c8e0c000 of size 512 next 177
2025-06-14 12:26:15.765523: I external/local_tsl/tsl/framework/bfc_allocator.cc:1095] InUse at 7f21c8e0c200 of size 512 next 178
2025-06-14 12:26:15.765962: I external/local_tsl/tsl/framework/bfc_allocator.cc:1095] InUse at 7f21c8e0c400 of size 512 next 179
2025-06-14 12:26:15.766419: I external/local_tsl/tsl/framework/bfc_allocator.cc:1095] InUse at 7f21c8e0c600 of size 1024 next 181
2025-06-14 12:26:15.766898: I external/local_tsl/tsl/framework/bfc_allocator.cc:1095] InUse at 7f21c8e0ca00 of size 1024 next 182
2025-06-14 12:26:15.767312: I external/local_tsl/tsl/framework/bfc_allocator.cc:1095] InUse at 7f21c8e0ce00 of size 1024 next 183
2025-06-14 12:26:15.767727: I external/local_tsl/tsl/framework/bfc_allocator.cc:1095] InUse at 7f21c8e0d200 of size 1024 next 184
2025-06-14 12:26:15.768154: I external/local_tsl/tsl/framework/bfc_allocator.cc:1095] InUse at 7f21c8e0d600 of size 1024 next 185
2025-06-14 12:26:15.768635: I external/local_tsl/tsl/framework/bfc_allocator.cc:1095] InUse at 7f21c8e0da00 of size 1024 next 186
2025-06-14 12:26:15.769087: I external/local_tsl/tsl/framework/bfc_allocator.cc:1095] InUse at 7f21c8e0de00 of size 1024 next 188
2025-06-14 12:26:15.769514: I external/local_tsl/tsl/framework/bfc_allocator.cc:1095] InUse at 7f21c8e0e200 of size 1024 next 189
2025-06-14 12:26:15.769934: I external/local_tsl/tsl/framework/bfc_allocator.cc:1095] InUse at 7f21c8e0e600 of size 1024 next 190
2025-06-14 12:26:15.770341: I external/local_tsl/tsl/framework/bfc_allocator.cc:1095] InUse at 7f21c8e0ea00 of size 1024 next 191
2025-06-14 12:26:15.770759: I external/local_tsl/tsl/framework/bfc_allocator.cc:1095] InUse at 7f21c8e0ee00 of size 1024 next 192
2025-06-14 12:26:15.771202: I external/local_tsl/tsl/framework/bfc_allocator.cc:1095] InUse at 7f21c8e0f200 of size 1024 next 193
2025-06-14 12:26:15.771676: I external/local_tsl/tsl/framework/bfc_allocator.cc:1095] InUse at 7f21c8e0f600 of size 512 next 196
2025-06-14 12:26:15.772103: I external/local_tsl/tsl/framework/bfc_allocator.cc:1095] InUse at 7f21c8e0f800 of size 512 next 197
2025-06-14 12:26:15.772551: I external/local_tsl/tsl/framework/bfc_allocator.cc:1095] InUse at 7f21c8e0fa00 of size 512 next 199
2025-06-14 12:26:15.772986: I external/local_tsl/tsl/framework/bfc_allocator.cc:1095] InUse at 7f21c8e0fc00 of size 512 next 200
2025-06-14 12:26:15.773404: I external/local_tsl/tsl/framework/bfc_allocator.cc:1095] InUse at 7f21c8e0fe00 of size 512 next 201
2025-06-14 12:26:15.773834: I external/local_tsl/tsl/framework/bfc_allocator.cc:1095] InUse at 7f21c8e10000 of size 512 next 202
2025-06-14 12:26:15.774274: I external/local_tsl/tsl/framework/bfc_allocator.cc:1095] InUse at 7f21c8e10200 of size 512 next 203
2025-06-14 12:26:15.774727: I external/local_tsl/tsl/framework/bfc_allocator.cc:1095] InUse at 7f21c8e10400 of size 512 next 204
2025-06-14 12:26:15.775170: I external/local_tsl/tsl/framework/bfc_allocator.cc:1095] InUse at 7f21c8e10600 of size 512 next 207
2025-06-14 12:26:15.775588: I external/local_tsl/tsl/framework/bfc_allocator.cc:1095] InUse at 7f21c8e10800 of size 512 next 208
2025-06-14 12:26:15.776000: I external/local_tsl/tsl/framework/bfc_allocator.cc:1095] InUse at 7f21c8e10a00 of size 512 next 209
2025-06-14 12:26:15.776453: I external/local_tsl/tsl/framework/bfc_allocator.cc:1095] InUse at 7f21c8e10c00 of size 512 next 210
2025-06-14 12:26:15.776901: I external/local_tsl/tsl/framework/bfc_allocator.cc:1095] InUse at 7f21c8e10e00 of size 512 next 211
2025-06-14 12:26:15.777327: I external/local_tsl/tsl/framework/bfc_allocator.cc:1095] InUse at 7f21c8e11000 of size 512 next 212
2025-06-14 12:26:15.777733: I external/local_tsl/tsl/framework/bfc_allocator.cc:1095] InUse at 7f21c8e11200 of size 256 next 215
2025-06-14 12:26:15.778212: I external/local_tsl/tsl/framework/bfc_allocator.cc:1095] InUse at 7f21c8e11300 of size 256 next 216
2025-06-14 12:26:15.778660: I external/local_tsl/tsl/framework/bfc_allocator.cc:1095] InUse at 7f21c8e11400 of size 256 next 219
2025-06-14 12:26:15.779117: I external/local_tsl/tsl/framework/bfc_allocator.cc:1095] InUse at 7f21c8e11500 of size 256 next 220
2025-06-14 12:26:15.779579: I external/local_tsl/tsl/framework/bfc_allocator.cc:1095] InUse at 7f21c8e11600 of size 256 next 221
2025-06-14 12:26:15.780070: I external/local_tsl/tsl/framework/bfc_allocator.cc:1095] InUse at 7f21c8e11700 of size 256 next 222
2025-06-14 12:26:15.780580: I external/local_tsl/tsl/framework/bfc_allocator.cc:1095] InUse at 7f21c8e11800 of size 256 next 223
2025-06-14 12:26:15.781062: I external/local_tsl/tsl/framework/bfc_allocator.cc:1095] InUse at 7f21c8e11900 of size 256 next 224
2025-06-14 12:26:15.781503: I external/local_tsl/tsl/framework/bfc_allocator.cc:1095] InUse at 7f21c8e11a00 of size 256 next 227
2025-06-14 12:26:15.781966: I external/local_tsl/tsl/framework/bfc_allocator.cc:1095] InUse at 7f21c8e11b00 of size 256 next 228
2025-06-14 12:26:15.782413: I external/local_tsl/tsl/framework/bfc_allocator.cc:1095] InUse at 7f21c8e11c00 of size 256 next 229
2025-06-14 12:26:15.782872: I external/local_tsl/tsl/framework/bfc_allocator.cc:1095] InUse at 7f21c8e11d00 of size 256 next 230
2025-06-14 12:26:15.783316: I external/local_tsl/tsl/framework/bfc_allocator.cc:1095] InUse at 7f21c8e11e00 of size 256 next 231
2025-06-14 12:26:15.783778: I external/local_tsl/tsl/framework/bfc_allocator.cc:1095] InUse at 7f21c8e11f00 of size 256 next 232
2025-06-14 12:26:15.784229: I external/local_tsl/tsl/framework/bfc_allocator.cc:1095] InUse at 7f21c8e12000 of size 65536 next 233
2025-06-14 12:26:15.784619: I external/local_tsl/tsl/framework/bfc_allocator.cc:1095] InUse at 7f21c8e22000 of size 95232 next 19
2025-06-14 12:26:15.785062: I external/local_tsl/tsl/framework/bfc_allocator.cc:1095] InUse at 7f21c8e39400 of size 110592 next 18
2025-06-14 12:26:15.785437: I external/local_tsl/tsl/framework/bfc_allocator.cc:1095] InUse at 7f21c8e54400 of size 65536 next 115
2025-06-14 12:26:15.785920: I external/local_tsl/tsl/framework/bfc_allocator.cc:1095] InUse at 7f21c8e64400 of size 256 next 112
2025-06-14 12:26:15.786378: I external/local_tsl/tsl/framework/bfc_allocator.cc:1095] InUse at 7f21c8e64500 of size 256 next 114
2025-06-14 12:26:15.786817: I external/local_tsl/tsl/framework/bfc_allocator.cc:1095] InUse at 7f21c8e64600 of size 256 next 113
2025-06-14 12:26:15.787282: I external/local_tsl/tsl/framework/bfc_allocator.cc:1095] InUse at 7f21c8e64700 of size 256 next 111
2025-06-14 12:26:15.787767: I external/local_tsl/tsl/framework/bfc_allocator.cc:1095] InUse at 7f21c8e64800 of size 256 next 117
2025-06-14 12:26:15.788245: I external/local_tsl/tsl/framework/bfc_allocator.cc:1095] InUse at 7f21c8e64900 of size 256 next 118
2025-06-14 12:26:15.788705: I external/local_tsl/tsl/framework/bfc_allocator.cc:1095] InUse at 7f21c8e64a00 of size 256 next 120
2025-06-14 12:26:15.789133: I external/local_tsl/tsl/framework/bfc_allocator.cc:1095] InUse at 7f21c8e64b00 of size 256 next 119
2025-06-14 12:26:15.789553: I external/local_tsl/tsl/framework/bfc_allocator.cc:1095] InUse at 7f21c8e64c00 of size 256 next 121
2025-06-14 12:26:15.790006: I external/local_tsl/tsl/framework/bfc_allocator.cc:1095] InUse at 7f21c8e64d00 of size 256 next 123
2025-06-14 12:26:15.790514: I external/local_tsl/tsl/framework/bfc_allocator.cc:1095] InUse at 7f21c8e64e00 of size 256 next 124
2025-06-14 12:26:15.791026: I external/local_tsl/tsl/framework/bfc_allocator.cc:1095] InUse at 7f21c8e64f00 of size 256 next 125
2025-06-14 12:26:15.791485: I external/local_tsl/tsl/framework/bfc_allocator.cc:1095] InUse at 7f21c8e65000 of size 256 next 126
2025-06-14 12:26:15.791946: I external/local_tsl/tsl/framework/bfc_allocator.cc:1095] InUse at 7f21c8e65100 of size 256 next 128
2025-06-14 12:26:15.792389: I external/local_tsl/tsl/framework/bfc_allocator.cc:1095] InUse at 7f21c8e65200 of size 256 next 127
2025-06-14 12:26:15.792946: I external/local_tsl/tsl/framework/bfc_allocator.cc:1095] InUse at 7f21c8e65300 of size 256 next 129
2025-06-14 12:26:15.793490: I external/local_tsl/tsl/framework/bfc_allocator.cc:1095] InUse at 7f21c8e65400 of size 256 next 130
2025-06-14 12:26:15.794031: I external/local_tsl/tsl/framework/bfc_allocator.cc:1095] InUse at 7f21c8e65500 of size 256 next 131
2025-06-14 12:26:15.794487: I external/local_tsl/tsl/framework/bfc_allocator.cc:1095] InUse at 7f21c8e65600 of size 256 next 132
2025-06-14 12:26:15.795028: I external/local_tsl/tsl/framework/bfc_allocator.cc:1095] InUse at 7f21c8e65700 of size 256 next 133
2025-06-14 12:26:15.795561: I external/local_tsl/tsl/framework/bfc_allocator.cc:1095] InUse at 7f21c8e65800 of size 256 next 137
2025-06-14 12:26:15.796125: I external/local_tsl/tsl/framework/bfc_allocator.cc:1095] InUse at 7f21c8e65900 of size 256 next 136
2025-06-14 12:26:15.796567: I external/local_tsl/tsl/framework/bfc_allocator.cc:1095] InUse at 7f21c8e65a00 of size 3584 next 138
2025-06-14 12:26:15.797030: I external/local_tsl/tsl/framework/bfc_allocator.cc:1095] InUse at 7f21c8e66800 of size 3584 next 139
2025-06-14 12:26:15.797570: I external/local_tsl/tsl/framework/bfc_allocator.cc:1095] InUse at 7f21c8e67600 of size 256 next 140
2025-06-14 12:26:15.798099: I external/local_tsl/tsl/framework/bfc_allocator.cc:1095] InUse at 7f21c8e67700 of size 256 next 141
2025-06-14 12:26:15.798625: I external/local_tsl/tsl/framework/bfc_allocator.cc:1095] InUse at 7f21c8e67800 of size 256 next 142
2025-06-14 12:26:15.799107: I external/local_tsl/tsl/framework/bfc_allocator.cc:1095] InUse at 7f21c8e67900 of size 256 next 143
2025-06-14 12:26:15.799572: I external/local_tsl/tsl/framework/bfc_allocator.cc:1095] InUse at 7f21c8e67a00 of size 256 next 144
2025-06-14 12:26:15.800058: I external/local_tsl/tsl/framework/bfc_allocator.cc:1095] InUse at 7f21c8e67b00 of size 256 next 145
2025-06-14 12:26:15.800579: I external/local_tsl/tsl/framework/bfc_allocator.cc:1095] InUse at 7f21c8e67c00 of size 141312 next 27
2025-06-14 12:26:15.801007: I external/local_tsl/tsl/framework/bfc_allocator.cc:1095] InUse at 7f21c8e8a400 of size 221184 next 26
2025-06-14 12:26:15.801420: I external/local_tsl/tsl/framework/bfc_allocator.cc:1095] InUse at 7f21c8ec0400 of size 442368 next 159
2025-06-14 12:26:15.801836: I external/local_tsl/tsl/framework/bfc_allocator.cc:1095] InUse at 7f21c8f2c400 of size 867328 next 18446744073709551615
2025-06-14 12:26:15.802250: I external/local_tsl/tsl/framework/bfc_allocator.cc:1075] Next region of size 4194304
2025-06-14 12:26:15.802752: I external/local_tsl/tsl/framework/bfc_allocator.cc:1095] InUse at 7f21c9400000 of size 442368 next 37
2025-06-14 12:26:15.803154: I external/local_tsl/tsl/framework/bfc_allocator.cc:1095] InUse at 7f21c946c000 of size 221184 next 116
2025-06-14 12:26:15.803545: I external/local_tsl/tsl/framework/bfc_allocator.cc:1095] InUse at 7f21c94a2000 of size 110592 next 122
2025-06-14 12:26:15.803953: I external/local_tsl/tsl/framework/bfc_allocator.cc:1095] InUse at 7f21c94bd000 of size 192512 next 99
2025-06-14 12:26:15.804375: I external/local_tsl/tsl/framework/bfc_allocator.cc:1095] InUse at 7f21c94ec000 of size 360448 next 44
2025-06-14 12:26:15.804773: I external/local_tsl/tsl/framework/bfc_allocator.cc:1095] InUse at 7f21c9544000 of size 884736 next 43
2025-06-14 12:26:15.805152: I external/local_tsl/tsl/framework/bfc_allocator.cc:1095] InUse at 7f21c961c000 of size 1982464 next 18446744073709551615
2025-06-14 12:26:15.805546: I external/local_tsl/tsl/framework/bfc_allocator.cc:1075] Next region of size 8388608
2025-06-14 12:26:15.806048: I external/local_tsl/tsl/framework/bfc_allocator.cc:1095] InUse at 7f21c9800000 of size 884736 next 166
2025-06-14 12:26:15.806455: I external/local_tsl/tsl/framework/bfc_allocator.cc:1095] InUse at 7f21c98d8000 of size 884736 next 54
2025-06-14 12:26:15.806837: I external/local_tsl/tsl/framework/bfc_allocator.cc:1095] InUse at 7f21c99b0000 of size 1769472 next 52
2025-06-14 12:26:15.807219: I external/local_tsl/tsl/framework/bfc_allocator.cc:1095] InUse at 7f21c9b60000 of size 4849664 next 18446744073709551615
2025-06-14 12:26:15.807774: I external/local_tsl/tsl/framework/bfc_allocator.cc:1100]      Summary of in-use Chunks by size: 
2025-06-14 12:26:15.808215: I external/local_tsl/tsl/framework/bfc_allocator.cc:1103] 155 Chunks of size 256 totalling 38.8KiB
2025-06-14 12:26:15.808741: I external/local_tsl/tsl/framework/bfc_allocator.cc:1103] 54 Chunks of size 512 totalling 27.0KiB
2025-06-14 12:26:15.809262: I external/local_tsl/tsl/framework/bfc_allocator.cc:1103] 1 Chunks of size 768 totalling 768B
2025-06-14 12:26:15.809765: I external/local_tsl/tsl/framework/bfc_allocator.cc:1103] 26 Chunks of size 1024 totalling 26.0KiB
2025-06-14 12:26:15.810257: I external/local_tsl/tsl/framework/bfc_allocator.cc:1103] 1 Chunks of size 1280 totalling 1.2KiB
2025-06-14 12:26:15.810746: I external/local_tsl/tsl/framework/bfc_allocator.cc:1103] 3 Chunks of size 3584 totalling 10.5KiB
2025-06-14 12:26:15.811170: I external/local_tsl/tsl/framework/bfc_allocator.cc:1103] 2 Chunks of size 65536 totalling 128.0KiB
2025-06-14 12:26:15.811615: I external/local_tsl/tsl/framework/bfc_allocator.cc:1103] 1 Chunks of size 95232 totalling 93.0KiB
2025-06-14 12:26:15.812101: I external/local_tsl/tsl/framework/bfc_allocator.cc:1103] 4 Chunks of size 110592 totalling 432.0KiB
2025-06-14 12:26:15.812598: I external/local_tsl/tsl/framework/bfc_allocator.cc:1103] 1 Chunks of size 141312 totalling 138.0KiB
2025-06-14 12:26:15.813078: I external/local_tsl/tsl/framework/bfc_allocator.cc:1103] 1 Chunks of size 192512 totalling 188.0KiB
2025-06-14 12:26:15.813607: I external/local_tsl/tsl/framework/bfc_allocator.cc:1103] 6 Chunks of size 221184 totalling 1.27MiB
2025-06-14 12:26:15.814340: I external/local_tsl/tsl/framework/bfc_allocator.cc:1103] 2 Chunks of size 262144 totalling 512.0KiB
2025-06-14 12:26:15.814814: I external/local_tsl/tsl/framework/bfc_allocator.cc:1103] 1 Chunks of size 360448 totalling 352.0KiB
2025-06-14 12:26:15.815271: I external/local_tsl/tsl/framework/bfc_allocator.cc:1103] 5 Chunks of size 442368 totalling 2.11MiB
2025-06-14 12:26:15.815710: I external/local_tsl/tsl/framework/bfc_allocator.cc:1103] 1 Chunks of size 867328 totalling 847.0KiB
2025-06-14 12:26:15.816214: I external/local_tsl/tsl/framework/bfc_allocator.cc:1103] 6 Chunks of size 884736 totalling 5.06MiB
2025-06-14 12:26:15.816674: I external/local_tsl/tsl/framework/bfc_allocator.cc:1103] 2 Chunks of size 1048576 totalling 2.00MiB
2025-06-14 12:26:15.817101: I external/local_tsl/tsl/framework/bfc_allocator.cc:1103] 6 Chunks of size 1769472 totalling 10.12MiB
2025-06-14 12:26:15.817574: I external/local_tsl/tsl/framework/bfc_allocator.cc:1103] 1 Chunks of size 1982464 totalling 1.89MiB
2025-06-14 12:26:15.818091: I external/local_tsl/tsl/framework/bfc_allocator.cc:1103] 4 Chunks of size 3538944 totalling 13.50MiB
2025-06-14 12:26:15.818569: I external/local_tsl/tsl/framework/bfc_allocator.cc:1103] 1 Chunks of size 4063232 totalling 3.88MiB
2025-06-14 12:26:15.818986: I external/local_tsl/tsl/framework/bfc_allocator.cc:1103] 1 Chunks of size 4849664 totalling 4.62MiB
2025-06-14 12:26:15.819420: I external/local_tsl/tsl/framework/bfc_allocator.cc:1103] 2 Chunks of size 7077888 totalling 13.50MiB
2025-06-14 12:26:15.819863: I external/local_tsl/tsl/framework/bfc_allocator.cc:1103] 1 Chunks of size 12320768 totalling 11.75MiB
2025-06-14 12:26:15.820201: I external/local_tsl/tsl/framework/bfc_allocator.cc:1103] 2 Chunks of size 15138816 totalling 28.88MiB
2025-06-14 12:26:15.820540: I external/local_tsl/tsl/framework/bfc_allocator.cc:1103] 4 Chunks of size 30277632 totalling 115.50MiB
2025-06-14 12:26:15.821044: I external/local_tsl/tsl/framework/bfc_allocator.cc:1103] 2 Chunks of size 60555264 totalling 115.50MiB
2025-06-14 12:26:15.821494: I external/local_tsl/tsl/framework/bfc_allocator.cc:1103] 1 Chunks of size 73662464 totalling 70.25MiB
2025-06-14 12:26:15.821838: I external/local_tsl/tsl/framework/bfc_allocator.cc:1103] 1 Chunks of size 116654080 totalling 111.25MiB
2025-06-14 12:26:15.822171: I external/local_tsl/tsl/framework/bfc_allocator.cc:1103] 6 Chunks of size 121110528 totalling 693.00MiB
2025-06-14 12:26:15.822497: I external/local_tsl/tsl/framework/bfc_allocator.cc:1103] 2 Chunks of size 209715200 totalling 400.00MiB
2025-06-14 12:26:15.822860: I external/local_tsl/tsl/framework/bfc_allocator.cc:1103] 3 Chunks of size 242221056 totalling 693.00MiB
2025-06-14 12:26:15.823272: I external/local_tsl/tsl/framework/bfc_allocator.cc:1103] 8 Chunks of size 484442112 totalling 3.61GiB
2025-06-14 12:26:15.823650: I external/local_tsl/tsl/framework/bfc_allocator.cc:1103] 1 Chunks of size 968884224 totalling 924.00MiB
2025-06-14 12:26:15.824043: I external/local_tsl/tsl/framework/bfc_allocator.cc:1103] 6 Chunks of size 1937768448 totalling 10.83GiB
2025-06-14 12:26:15.824404: I external/local_tsl/tsl/framework/bfc_allocator.cc:1107] Sum Total of in-use chunks: 17.58GiB
2025-06-14 12:26:15.824813: I external/local_tsl/tsl/framework/bfc_allocator.cc:1109] Total bytes in pool: 23575789568 memory_limit_: 23575789568 available bytes: 0 curr_region_allocation_bytes_: 34359738368
2025-06-14 12:26:15.825153: I external/local_tsl/tsl/framework/bfc_allocator.cc:1114] Stats: 
Limit:                     23575789568
InUse:                     18882554112
MaxInUse:                  22800760320
NumAllocs:                         912
MaxAllocSize:               4135495424
Reserved:                            0
PeakReserved:                        0
LargestFreeBlock:                    0

2025-06-14 12:26:15.825470: W external/local_tsl/tsl/framework/bfc_allocator.cc:497] ________*********________************************************_**************************************
2025-06-14 12:26:15.825844: W tensorflow/core/framework/op_kernel.cc:1839] OP_REQUIRES failed at concat_op.cc:165 : RESOURCE_EXHAUSTED: OOM when allocating tensor with shape[2,64,192,224,176] and type float on /job:localhost/replica:0/task:0/device:GPU:0 by allocator GPU_0_bfc
Traceback (most recent call last):
  File "/mnt/beegfs/hellgate/home/rb194958e/stroke_segmentation_sota/batch_wise_train.py", line 277, in <module>
    if main():
       ^^^^^^
  File "/mnt/beegfs/hellgate/home/rb194958e/stroke_segmentation_sota/batch_wise_train.py", line 256, in main
    history = model.fit(
              ^^^^^^^^^^
  File "/mnt/beegfs/hellgate/home/rb194958e/.conda/envs/tf215_env/lib/python3.11/site-packages/keras/src/utils/traceback_utils.py", line 70, in error_handler
    raise e.with_traceback(filtered_tb) from None
  File "/mnt/beegfs/hellgate/home/rb194958e/.conda/envs/tf215_env/lib/python3.11/site-packages/tensorflow/python/eager/execute.py", line 53, in quick_execute
    tensors = pywrap_tfe.TFE_Py_Execute(ctx._handle, device_name, op_name,
  ^^^^^^^^^^^^^^^^^^^^^^^^^^^^^^^^^^^^^^^^^^^^^^^^^^^^^^^^^^^^^^^^^^^^^^^^
tensorflow.python.framework.errors_impl.ResourceExhaustedError: Graph execution error:

Detected at node model/concatenate_2/concat defined at (most recent call last):
  File "/mnt/beegfs/hellgate/home/rb194958e/stroke_segmentation_sota/batch_wise_train.py", line 277, in <module>

  File "/mnt/beegfs/hellgate/home/rb194958e/stroke_segmentation_sota/batch_wise_train.py", line 256, in main

  File "/mnt/beegfs/hellgate/home/rb194958e/.conda/envs/tf215_env/lib/python3.11/site-packages/keras/src/utils/traceback_utils.py", line 65, in error_handler

  File "/mnt/beegfs/hellgate/home/rb194958e/.conda/envs/tf215_env/lib/python3.11/site-packages/keras/src/engine/training.py", line 1807, in fit

  File "/mnt/beegfs/hellgate/home/rb194958e/.conda/envs/tf215_env/lib/python3.11/site-packages/keras/src/engine/training.py", line 1401, in train_function

  File "/mnt/beegfs/hellgate/home/rb194958e/.conda/envs/tf215_env/lib/python3.11/site-packages/keras/src/engine/training.py", line 1384, in step_function

  File "/mnt/beegfs/hellgate/home/rb194958e/.conda/envs/tf215_env/lib/python3.11/site-packages/keras/src/engine/training.py", line 1373, in run_step

  File "/mnt/beegfs/hellgate/home/rb194958e/.conda/envs/tf215_env/lib/python3.11/site-packages/keras/src/engine/training.py", line 1150, in train_step

  File "/mnt/beegfs/hellgate/home/rb194958e/.conda/envs/tf215_env/lib/python3.11/site-packages/keras/src/utils/traceback_utils.py", line 65, in error_handler

  File "/mnt/beegfs/hellgate/home/rb194958e/.conda/envs/tf215_env/lib/python3.11/site-packages/keras/src/engine/training.py", line 590, in __call__

  File "/mnt/beegfs/hellgate/home/rb194958e/.conda/envs/tf215_env/lib/python3.11/site-packages/keras/src/utils/traceback_utils.py", line 65, in error_handler

  File "/mnt/beegfs/hellgate/home/rb194958e/.conda/envs/tf215_env/lib/python3.11/site-packages/keras/src/engine/base_layer.py", line 1149, in __call__

  File "/mnt/beegfs/hellgate/home/rb194958e/.conda/envs/tf215_env/lib/python3.11/site-packages/keras/src/utils/traceback_utils.py", line 96, in error_handler

  File "/mnt/beegfs/hellgate/home/rb194958e/.conda/envs/tf215_env/lib/python3.11/site-packages/keras/src/engine/functional.py", line 515, in call

  File "/mnt/beegfs/hellgate/home/rb194958e/.conda/envs/tf215_env/lib/python3.11/site-packages/keras/src/engine/functional.py", line 672, in _run_internal_graph

  File "/mnt/beegfs/hellgate/home/rb194958e/.conda/envs/tf215_env/lib/python3.11/site-packages/keras/src/utils/traceback_utils.py", line 65, in error_handler

  File "/mnt/beegfs/hellgate/home/rb194958e/.conda/envs/tf215_env/lib/python3.11/site-packages/keras/src/engine/base_layer.py", line 1149, in __call__

  File "/mnt/beegfs/hellgate/home/rb194958e/.conda/envs/tf215_env/lib/python3.11/site-packages/keras/src/utils/traceback_utils.py", line 96, in error_handler

  File "/mnt/beegfs/hellgate/home/rb194958e/.conda/envs/tf215_env/lib/python3.11/site-packages/keras/src/layers/merging/base_merge.py", line 196, in call

  File "/mnt/beegfs/hellgate/home/rb194958e/.conda/envs/tf215_env/lib/python3.11/site-packages/keras/src/layers/merging/concatenate.py", line 134, in _merge_function

  File "/mnt/beegfs/hellgate/home/rb194958e/.conda/envs/tf215_env/lib/python3.11/site-packages/keras/src/backend.py", line 3580, in concatenate

OOM when allocating tensor with shape[2,64,192,224,176] and type float on /job:localhost/replica:0/task:0/device:GPU:0 by allocator GPU_0_bfc
	 [[{{node model/concatenate_2/concat}}]]
Hint: If you want to see a list of allocated tensors when OOM happens, add report_tensor_allocations_upon_oom to RunOptions for current allocation info. This isn't available when running in Eager mode.
 [Op:__inference_train_function_7309]
2025-06-14 12:26:15.998439: W tensorflow/core/kernels/data/generator_dataset_op.cc:108] Error occurred when finalizing GeneratorDataset iterator: FAILED_PRECONDITION: Python interpreter state is not initialized. The process may be terminated.
	 [[{{node PyFunc}}]]
/var/spool/slurmd/job1123720/slurm_script: line 320: EOF: command not found
/var/spool/slurmd/job1123720/slurm_script: line 330: unexpected EOF while looking for matching ``'
/var/spool/slurmd/job1123720/slurm_script: line 339: syntax error: unexpected end of file
