2025-06-14 20:38:44.162908: I tensorflow/core/util/port.cc:113] oneDNN custom operations are on. You may see slightly different numerical results due to floating-point round-off errors from different computation orders. To turn them off, set the environment variable `TF_ENABLE_ONEDNN_OPTS=0`.
2025-06-14 20:38:44.914560: E external/local_xla/xla/stream_executor/cuda/cuda_dnn.cc:9261] Unable to register cuDNN factory: Attempting to register factory for plugin cuDNN when one has already been registered
2025-06-14 20:38:44.915292: E external/local_xla/xla/stream_executor/cuda/cuda_fft.cc:607] Unable to register cuFFT factory: Attempting to register factory for plugin cuFFT when one has already been registered
2025-06-14 20:38:45.036083: E external/local_xla/xla/stream_executor/cuda/cuda_blas.cc:1515] Unable to register cuBLAS factory: Attempting to register factory for plugin cuBLAS when one has already been registered
2025-06-14 20:38:45.288875: I tensorflow/core/platform/cpu_feature_guard.cc:182] This TensorFlow binary is optimized to use available CPU instructions in performance-critical operations.
To enable the following instructions: AVX2 AVX512F AVX512_VNNI FMA, in other operations, rebuild TensorFlow with the appropriate compiler flags.
2025-06-14 20:38:51.930921: W tensorflow/compiler/tf2tensorrt/utils/py_utils.cc:38] TF-TRT Warning: Could not find TensorRT
INFO:__main__:🚀 Starting Stroke Lesion Segmentation Training
INFO:__main__:Using 1 GPU(s)
INFO:__main__:Creating data generators...
INFO:__main__:Found 655 valid image/mask pairs
INFO:__main__:Found 655 valid image/mask pairs
INFO:__main__:Training batches: 262
INFO:__main__:Validation batches: 65
INFO:__main__:Building model...
2025-06-14 20:39:06.472107: I tensorflow/core/common_runtime/gpu/gpu_device.cc:1929] Created device /job:localhost/replica:0/task:0/device:GPU:0 with 22483 MB memory:  -> device: 0, name: NVIDIA RTX 4500 Ada Generation, pci bus id: 0000:1c:00.0, compute capability: 8.9
INFO:__main__:Model parameters: 5,605,345
INFO:__main__:Starting training...
pixdim[0] (qfac) should be 1 (default) or -1; setting qfac to 1
INFO:nibabel.global:pixdim[0] (qfac) should be 1 (default) or -1; setting qfac to 1
pixdim[0] (qfac) should be 1 (default) or -1; setting qfac to 1
INFO:nibabel.global:pixdim[0] (qfac) should be 1 (default) or -1; setting qfac to 1
pixdim[0] (qfac) should be 1 (default) or -1; setting qfac to 1
INFO:nibabel.global:pixdim[0] (qfac) should be 1 (default) or -1; setting qfac to 1
pixdim[0] (qfac) should be 1 (default) or -1; setting qfac to 1
INFO:nibabel.global:pixdim[0] (qfac) should be 1 (default) or -1; setting qfac to 1
2025-06-14 20:39:14.151571: I external/local_xla/xla/stream_executor/cuda/cuda_dnn.cc:454] Loaded cuDNN version 8907
pixdim[0] (qfac) should be 1 (default) or -1; setting qfac to 1
INFO:nibabel.global:pixdim[0] (qfac) should be 1 (default) or -1; setting qfac to 1
pixdim[0] (qfac) should be 1 (default) or -1; setting qfac to 1
INFO:nibabel.global:pixdim[0] (qfac) should be 1 (default) or -1; setting qfac to 1
pixdim[0] (qfac) should be 1 (default) or -1; setting qfac to 1
INFO:nibabel.global:pixdim[0] (qfac) should be 1 (default) or -1; setting qfac to 1
pixdim[0] (qfac) should be 1 (default) or -1; setting qfac to 1
INFO:nibabel.global:pixdim[0] (qfac) should be 1 (default) or -1; setting qfac to 1
2025-06-14 20:39:30.635078: W external/local_tsl/tsl/framework/bfc_allocator.cc:296] Allocator (GPU_0_bfc) ran out of memory trying to allocate 2.27GiB with freed_by_count=0. The caller indicates that this is not a failure, but this may mean that there could be performance gains if more memory were available.
2025-06-14 20:39:30.736387: W external/local_tsl/tsl/framework/bfc_allocator.cc:296] Allocator (GPU_0_bfc) ran out of memory trying to allocate 2.30GiB with freed_by_count=0. The caller indicates that this is not a failure, but this may mean that there could be performance gains if more memory were available.
2025-06-14 20:39:30.737589: W external/local_tsl/tsl/framework/bfc_allocator.cc:296] Allocator (GPU_0_bfc) ran out of memory trying to allocate 2.27GiB with freed_by_count=0. The caller indicates that this is not a failure, but this may mean that there could be performance gains if more memory were available.
2025-06-14 20:39:31.358633: W external/local_tsl/tsl/framework/bfc_allocator.cc:296] Allocator (GPU_0_bfc) ran out of memory trying to allocate 2.27GiB with freed_by_count=0. The caller indicates that this is not a failure, but this may mean that there could be performance gains if more memory were available.
2025-06-14 20:39:31.412009: W external/local_tsl/tsl/framework/bfc_allocator.cc:296] Allocator (GPU_0_bfc) ran out of memory trying to allocate 2.30GiB with freed_by_count=0. The caller indicates that this is not a failure, but this may mean that there could be performance gains if more memory were available.
2025-06-14 20:39:31.413030: W external/local_tsl/tsl/framework/bfc_allocator.cc:296] Allocator (GPU_0_bfc) ran out of memory trying to allocate 2.27GiB with freed_by_count=0. The caller indicates that this is not a failure, but this may mean that there could be performance gains if more memory were available.
2025-06-14 20:39:42.034277: W external/local_tsl/tsl/framework/bfc_allocator.cc:485] Allocator (GPU_0_bfc) ran out of memory trying to allocate 3.61GiB (rounded to 3875536896)requested by op model/concatenate_2/concat
If the cause is memory fragmentation maybe the environment variable 'TF_GPU_ALLOCATOR=cuda_malloc_async' will improve the situation. 
Current allocation summary follows.
Current allocation summary follows.
2025-06-14 20:39:42.035318: I external/local_tsl/tsl/framework/bfc_allocator.cc:1039] BFCAllocator dump for GPU_0_bfc
2025-06-14 20:39:42.036097: I external/local_tsl/tsl/framework/bfc_allocator.cc:1046] Bin (256): 	Total Chunks: 155, Chunks in use: 155. 38.8KiB allocated for chunks. 38.8KiB in use in bin. 20.7KiB client-requested in use in bin.
2025-06-14 20:39:42.036601: I external/local_tsl/tsl/framework/bfc_allocator.cc:1046] Bin (512): 	Total Chunks: 56, Chunks in use: 55. 28.0KiB allocated for chunks. 27.5KiB in use in bin. 27.5KiB client-requested in use in bin.
2025-06-14 20:39:42.036965: I external/local_tsl/tsl/framework/bfc_allocator.cc:1046] Bin (1024): 	Total Chunks: 27, Chunks in use: 27. 27.2KiB allocated for chunks. 27.2KiB in use in bin. 27.0KiB client-requested in use in bin.
2025-06-14 20:39:42.037449: I external/local_tsl/tsl/framework/bfc_allocator.cc:1046] Bin (2048): 	Total Chunks: 3, Chunks in use: 3. 10.5KiB allocated for chunks. 10.5KiB in use in bin. 10.1KiB client-requested in use in bin.
2025-06-14 20:39:42.037908: I external/local_tsl/tsl/framework/bfc_allocator.cc:1046] Bin (4096): 	Total Chunks: 0, Chunks in use: 0. 0B allocated for chunks. 0B in use in bin. 0B client-requested in use in bin.
2025-06-14 20:39:42.038411: I external/local_tsl/tsl/framework/bfc_allocator.cc:1046] Bin (8192): 	Total Chunks: 0, Chunks in use: 0. 0B allocated for chunks. 0B in use in bin. 0B client-requested in use in bin.
2025-06-14 20:39:42.038795: I external/local_tsl/tsl/framework/bfc_allocator.cc:1046] Bin (16384): 	Total Chunks: 0, Chunks in use: 0. 0B allocated for chunks. 0B in use in bin. 0B client-requested in use in bin.
2025-06-14 20:39:42.039262: I external/local_tsl/tsl/framework/bfc_allocator.cc:1046] Bin (32768): 	Total Chunks: 0, Chunks in use: 0. 0B allocated for chunks. 0B in use in bin. 0B client-requested in use in bin.
2025-06-14 20:39:42.039686: I external/local_tsl/tsl/framework/bfc_allocator.cc:1046] Bin (65536): 	Total Chunks: 7, Chunks in use: 7. 653.0KiB allocated for chunks. 653.0KiB in use in bin. 624.0KiB client-requested in use in bin.
2025-06-14 20:39:42.040099: I external/local_tsl/tsl/framework/bfc_allocator.cc:1046] Bin (131072): 	Total Chunks: 8, Chunks in use: 8. 1.58MiB allocated for chunks. 1.58MiB in use in bin. 1.48MiB client-requested in use in bin.
2025-06-14 20:39:42.040509: I external/local_tsl/tsl/framework/bfc_allocator.cc:1046] Bin (262144): 	Total Chunks: 8, Chunks in use: 8. 2.95MiB allocated for chunks. 2.95MiB in use in bin. 2.86MiB client-requested in use in bin.
2025-06-14 20:39:42.040876: I external/local_tsl/tsl/framework/bfc_allocator.cc:1046] Bin (524288): 	Total Chunks: 7, Chunks in use: 7. 5.89MiB allocated for chunks. 5.89MiB in use in bin. 5.48MiB client-requested in use in bin.
2025-06-14 20:39:42.041242: I external/local_tsl/tsl/framework/bfc_allocator.cc:1046] Bin (1048576): 	Total Chunks: 9, Chunks in use: 9. 14.02MiB allocated for chunks. 14.02MiB in use in bin. 13.12MiB client-requested in use in bin.
2025-06-14 20:39:42.041709: I external/local_tsl/tsl/framework/bfc_allocator.cc:1046] Bin (2097152): 	Total Chunks: 5, Chunks in use: 5. 17.38MiB allocated for chunks. 17.38MiB in use in bin. 16.88MiB client-requested in use in bin.
2025-06-14 20:39:42.042100: I external/local_tsl/tsl/framework/bfc_allocator.cc:1046] Bin (4194304): 	Total Chunks: 3, Chunks in use: 3. 18.12MiB allocated for chunks. 18.12MiB in use in bin. 16.88MiB client-requested in use in bin.
2025-06-14 20:39:42.042486: I external/local_tsl/tsl/framework/bfc_allocator.cc:1046] Bin (8388608): 	Total Chunks: 3, Chunks in use: 3. 40.62MiB allocated for chunks. 40.62MiB in use in bin. 35.62MiB client-requested in use in bin.
2025-06-14 20:39:42.042839: I external/local_tsl/tsl/framework/bfc_allocator.cc:1046] Bin (16777216): 	Total Chunks: 5, Chunks in use: 4. 140.19MiB allocated for chunks. 115.50MiB in use in bin. 115.50MiB client-requested in use in bin.
2025-06-14 20:39:42.043228: I external/local_tsl/tsl/framework/bfc_allocator.cc:1046] Bin (33554432): 	Total Chunks: 2, Chunks in use: 2. 115.50MiB allocated for chunks. 115.50MiB in use in bin. 115.50MiB client-requested in use in bin.
2025-06-14 20:39:42.043593: I external/local_tsl/tsl/framework/bfc_allocator.cc:1046] Bin (67108864): 	Total Chunks: 8, Chunks in use: 8. 874.50MiB allocated for chunks. 874.50MiB in use in bin. 808.50MiB client-requested in use in bin.
2025-06-14 20:39:42.043991: I external/local_tsl/tsl/framework/bfc_allocator.cc:1046] Bin (134217728): 	Total Chunks: 5, Chunks in use: 5. 1.07GiB allocated for chunks. 1.07GiB in use in bin. 924.00MiB client-requested in use in bin.
2025-06-14 20:39:42.044356: I external/local_tsl/tsl/framework/bfc_allocator.cc:1046] Bin (268435456): 	Total Chunks: 18, Chunks in use: 15. 19.69GiB allocated for chunks. 15.34GiB in use in bin. 15.34GiB client-requested in use in bin.
2025-06-14 20:39:42.044767: I external/local_tsl/tsl/framework/bfc_allocator.cc:1062] Bin for 3.61GiB was 256.00MiB, Chunk State: 
2025-06-14 20:39:42.045083: I external/local_tsl/tsl/framework/bfc_allocator.cc:1068]   Size: 453.50MiB | Requested Size: 16.00MiB | in_use: 0 | bin_num: 20, prev:   Size: 462.00MiB | Requested Size: 462.00MiB | in_use: 1 | bin_num: -1
2025-06-14 20:39:42.045499: I external/local_tsl/tsl/framework/bfc_allocator.cc:1068]   Size: 1.80GiB | Requested Size: 1.80GiB | in_use: 0 | bin_num: 20, next:   Size: 1.80GiB | Requested Size: 1.80GiB | in_use: 1 | bin_num: -1
2025-06-14 20:39:42.045868: I external/local_tsl/tsl/framework/bfc_allocator.cc:1068]   Size: 2.10GiB | Requested Size: 1.82GiB | in_use: 0 | bin_num: 20, prev:   Size: 1.80GiB | Requested Size: 1.80GiB | in_use: 1 | bin_num: -1
2025-06-14 20:39:42.046280: I external/local_tsl/tsl/framework/bfc_allocator.cc:1075] Next region of size 6129582080
2025-06-14 20:39:42.046813: I external/local_tsl/tsl/framework/bfc_allocator.cc:1095] Free  at 7f9b2a000000 of size 1937768448 next 107
2025-06-14 20:39:42.047201: I external/local_tsl/tsl/framework/bfc_allocator.cc:1095] InUse at 7f9b9d800000 of size 1937768448 next 329
2025-06-14 20:39:42.047579: I external/local_tsl/tsl/framework/bfc_allocator.cc:1095] Free  at 7f9c11000000 of size 2254045184 next 18446744073709551615
2025-06-14 20:39:42.047948: I external/local_tsl/tsl/framework/bfc_allocator.cc:1075] Next region of size 8589934592
2025-06-14 20:39:42.048365: I external/local_tsl/tsl/framework/bfc_allocator.cc:1095] InUse at 7f9cc2000000 of size 1937768448 next 281
2025-06-14 20:39:42.048696: I external/local_tsl/tsl/framework/bfc_allocator.cc:1095] InUse at 7f9d35800000 of size 242221056 next 282
2025-06-14 20:39:42.049016: I external/local_tsl/tsl/framework/bfc_allocator.cc:1095] InUse at 7f9d43f00000 of size 484442112 next 283
2025-06-14 20:39:42.049332: I external/local_tsl/tsl/framework/bfc_allocator.cc:1095] InUse at 7f9d60d00000 of size 484442112 next 284
2025-06-14 20:39:42.049674: I external/local_tsl/tsl/framework/bfc_allocator.cc:1095] InUse at 7f9d7db00000 of size 484442112 next 29
2025-06-14 20:39:42.050059: I external/local_tsl/tsl/framework/bfc_allocator.cc:1095] InUse at 7f9d9a900000 of size 484442112 next 288
2025-06-14 20:39:42.050432: I external/local_tsl/tsl/framework/bfc_allocator.cc:1095] InUse at 7f9db7700000 of size 484442112 next 292
2025-06-14 20:39:42.050766: I external/local_tsl/tsl/framework/bfc_allocator.cc:1095] InUse at 7f9dd4500000 of size 121110528 next 47
2025-06-14 20:39:42.051186: I external/local_tsl/tsl/framework/bfc_allocator.cc:1095] InUse at 7f9ddb880000 of size 121110528 next 296
2025-06-14 20:39:42.051606: I external/local_tsl/tsl/framework/bfc_allocator.cc:1095] InUse at 7f9de2c00000 of size 121110528 next 300
2025-06-14 20:39:42.052045: I external/local_tsl/tsl/framework/bfc_allocator.cc:1095] InUse at 7f9de9f80000 of size 30277632 next 302
2025-06-14 20:39:42.052442: I external/local_tsl/tsl/framework/bfc_allocator.cc:1095] InUse at 7f9debc60000 of size 30277632 next 303
2025-06-14 20:39:42.052778: I external/local_tsl/tsl/framework/bfc_allocator.cc:1095] InUse at 7f9ded940000 of size 30277632 next 66
2025-06-14 20:39:42.053113: I external/local_tsl/tsl/framework/bfc_allocator.cc:1095] InUse at 7f9def620000 of size 30277632 next 307
2025-06-14 20:39:42.053501: I external/local_tsl/tsl/framework/bfc_allocator.cc:1095] InUse at 7f9df1300000 of size 121110528 next 76
2025-06-14 20:39:42.053867: I external/local_tsl/tsl/framework/bfc_allocator.cc:1095] InUse at 7f9df8680000 of size 121110528 next 312
2025-06-14 20:39:42.054209: I external/local_tsl/tsl/framework/bfc_allocator.cc:1095] InUse at 7f9dffa00000 of size 242221056 next 311
2025-06-14 20:39:42.054581: I external/local_tsl/tsl/framework/bfc_allocator.cc:1095] InUse at 7f9e0e100000 of size 121110528 next 85
2025-06-14 20:39:42.054940: I external/local_tsl/tsl/framework/bfc_allocator.cc:1095] InUse at 7f9e15480000 of size 484442112 next 325
2025-06-14 20:39:42.055296: I external/local_tsl/tsl/framework/bfc_allocator.cc:1095] InUse at 7f9e32280000 of size 484442112 next 320
2025-06-14 20:39:42.055673: I external/local_tsl/tsl/framework/bfc_allocator.cc:1095] InUse at 7f9e4f080000 of size 968884224 next 319
2025-06-14 20:39:42.056001: I external/local_tsl/tsl/framework/bfc_allocator.cc:1095] InUse at 7f9e88c80000 of size 484442112 next 91
2025-06-14 20:39:42.056344: I external/local_tsl/tsl/framework/bfc_allocator.cc:1095] Free  at 7f9ea5a80000 of size 475529216 next 18446744073709551615
2025-06-14 20:39:42.056657: I external/local_tsl/tsl/framework/bfc_allocator.cc:1075] Next region of size 4294967296
2025-06-14 20:39:42.057099: I external/local_tsl/tsl/framework/bfc_allocator.cc:1095] InUse at 7f9ee0000000 of size 1937768448 next 11
2025-06-14 20:39:42.057453: I external/local_tsl/tsl/framework/bfc_allocator.cc:1095] InUse at 7f9f53800000 of size 1937768448 next 276
2025-06-14 20:39:42.057776: I external/local_tsl/tsl/framework/bfc_allocator.cc:1095] InUse at 7f9fc7000000 of size 242221056 next 20
2025-06-14 20:39:42.058094: I external/local_tsl/tsl/framework/bfc_allocator.cc:1095] InUse at 7f9fd5700000 of size 60555264 next 38
2025-06-14 20:39:42.058430: I external/local_tsl/tsl/framework/bfc_allocator.cc:1095] InUse at 7f9fd90c0000 of size 116654080 next 18446744073709551615
2025-06-14 20:39:42.058793: I external/local_tsl/tsl/framework/bfc_allocator.cc:1075] Next region of size 2147483648
2025-06-14 20:39:42.059214: I external/local_tsl/tsl/framework/bfc_allocator.cc:1095] InUse at 7fa00c000000 of size 1937768448 next 270
2025-06-14 20:39:42.059564: I external/local_tsl/tsl/framework/bfc_allocator.cc:1095] InUse at 7fa07f800000 of size 209715200 next 18446744073709551615
2025-06-14 20:39:42.059902: I external/local_tsl/tsl/framework/bfc_allocator.cc:1075] Next region of size 2147483648
2025-06-14 20:39:42.060306: I external/local_tsl/tsl/framework/bfc_allocator.cc:1095] InUse at 7fa094000000 of size 1937768448 next 267
2025-06-14 20:39:42.060643: I external/local_tsl/tsl/framework/bfc_allocator.cc:1095] InUse at 7fa107800000 of size 209715200 next 18446744073709551615
2025-06-14 20:39:42.060974: I external/local_tsl/tsl/framework/bfc_allocator.cc:1075] Next region of size 134217728
2025-06-14 20:39:42.061457: I external/local_tsl/tsl/framework/bfc_allocator.cc:1095] InUse at 7fa1a0000000 of size 60555264 next 264
2025-06-14 20:39:42.061837: I external/local_tsl/tsl/framework/bfc_allocator.cc:1095] InUse at 7fa1a39c0000 of size 73662464 next 18446744073709551615
2025-06-14 20:39:42.062156: I external/local_tsl/tsl/framework/bfc_allocator.cc:1075] Next region of size 67108864
2025-06-14 20:39:42.062569: I external/local_tsl/tsl/framework/bfc_allocator.cc:1095] InUse at 7fa1a8000000 of size 3538944 next 198
2025-06-14 20:39:42.062937: I external/local_tsl/tsl/framework/bfc_allocator.cc:1095] InUse at 7fa1a8360000 of size 1769472 next 205
2025-06-14 20:39:42.063308: I external/local_tsl/tsl/framework/bfc_allocator.cc:1095] InUse at 7fa1a8510000 of size 1769472 next 206
2025-06-14 20:39:42.063667: I external/local_tsl/tsl/framework/bfc_allocator.cc:1095] InUse at 7fa1a86c0000 of size 262144 next 213
2025-06-14 20:39:42.064014: I external/local_tsl/tsl/framework/bfc_allocator.cc:1095] InUse at 7fa1a8700000 of size 262144 next 214
2025-06-14 20:39:42.064367: I external/local_tsl/tsl/framework/bfc_allocator.cc:1095] InUse at 7fa1a8740000 of size 884736 next 217
2025-06-14 20:39:42.064723: I external/local_tsl/tsl/framework/bfc_allocator.cc:1095] InUse at 7fa1a8818000 of size 884736 next 218
2025-06-14 20:39:42.065079: I external/local_tsl/tsl/framework/bfc_allocator.cc:1095] InUse at 7fa1a88f0000 of size 442368 next 225
2025-06-14 20:39:42.065435: I external/local_tsl/tsl/framework/bfc_allocator.cc:1095] InUse at 7fa1a895c000 of size 442368 next 226
2025-06-14 20:39:42.065784: I external/local_tsl/tsl/framework/bfc_allocator.cc:1095] InUse at 7fa1a89c8000 of size 256 next 234
2025-06-14 20:39:42.066195: I external/local_tsl/tsl/framework/bfc_allocator.cc:1095] InUse at 7fa1a89c8100 of size 256 next 235
2025-06-14 20:39:42.066605: I external/local_tsl/tsl/framework/bfc_allocator.cc:1095] InUse at 7fa1a89c8200 of size 221184 next 236
2025-06-14 20:39:42.066951: I external/local_tsl/tsl/framework/bfc_allocator.cc:1095] InUse at 7fa1a89fe200 of size 221184 next 237
2025-06-14 20:39:42.067292: I external/local_tsl/tsl/framework/bfc_allocator.cc:1095] InUse at 7fa1a8a34200 of size 256 next 238
2025-06-14 20:39:42.067723: I external/local_tsl/tsl/framework/bfc_allocator.cc:1095] InUse at 7fa1a8a34300 of size 256 next 239
2025-06-14 20:39:42.068128: I external/local_tsl/tsl/framework/bfc_allocator.cc:1095] InUse at 7fa1a8a34400 of size 256 next 240
2025-06-14 20:39:42.068535: I external/local_tsl/tsl/framework/bfc_allocator.cc:1095] InUse at 7fa1a8a34500 of size 256 next 241
2025-06-14 20:39:42.068946: I external/local_tsl/tsl/framework/bfc_allocator.cc:1095] InUse at 7fa1a8a34600 of size 256 next 242
2025-06-14 20:39:42.069354: I external/local_tsl/tsl/framework/bfc_allocator.cc:1095] InUse at 7fa1a8a34700 of size 256 next 243
2025-06-14 20:39:42.069784: I external/local_tsl/tsl/framework/bfc_allocator.cc:1095] InUse at 7fa1a8a34800 of size 110592 next 244
2025-06-14 20:39:42.070159: I external/local_tsl/tsl/framework/bfc_allocator.cc:1095] InUse at 7fa1a8a4f800 of size 110592 next 245
2025-06-14 20:39:42.070565: I external/local_tsl/tsl/framework/bfc_allocator.cc:1095] InUse at 7fa1a8a6a800 of size 256 next 246
2025-06-14 20:39:42.071070: I external/local_tsl/tsl/framework/bfc_allocator.cc:1095] InUse at 7fa1a8a6a900 of size 256 next 247
2025-06-14 20:39:42.071502: I external/local_tsl/tsl/framework/bfc_allocator.cc:1095] InUse at 7fa1a8a6aa00 of size 256 next 248
2025-06-14 20:39:42.071927: I external/local_tsl/tsl/framework/bfc_allocator.cc:1095] InUse at 7fa1a8a6ab00 of size 256 next 249
2025-06-14 20:39:42.072356: I external/local_tsl/tsl/framework/bfc_allocator.cc:1095] InUse at 7fa1a8a6ac00 of size 256 next 250
2025-06-14 20:39:42.072757: I external/local_tsl/tsl/framework/bfc_allocator.cc:1095] InUse at 7fa1a8a6ad00 of size 256 next 251
2025-06-14 20:39:42.073165: I external/local_tsl/tsl/framework/bfc_allocator.cc:1095] InUse at 7fa1a8a6ae00 of size 256 next 252
2025-06-14 20:39:42.073568: I external/local_tsl/tsl/framework/bfc_allocator.cc:1095] InUse at 7fa1a8a6af00 of size 256 next 253
2025-06-14 20:39:42.073982: I external/local_tsl/tsl/framework/bfc_allocator.cc:1095] InUse at 7fa1a8a6b000 of size 256 next 254
2025-06-14 20:39:42.074425: I external/local_tsl/tsl/framework/bfc_allocator.cc:1095] InUse at 7fa1a8a6b100 of size 256 next 255
2025-06-14 20:39:42.074818: I external/local_tsl/tsl/framework/bfc_allocator.cc:1095] InUse at 7fa1a8a6b200 of size 256 next 256
2025-06-14 20:39:42.075236: I external/local_tsl/tsl/framework/bfc_allocator.cc:1095] InUse at 7fa1a8a6b300 of size 256 next 257
2025-06-14 20:39:42.075647: I external/local_tsl/tsl/framework/bfc_allocator.cc:1095] InUse at 7fa1a8a6b400 of size 256 next 258
2025-06-14 20:39:42.076073: I external/local_tsl/tsl/framework/bfc_allocator.cc:1095] InUse at 7fa1a8a6b500 of size 256 next 259
2025-06-14 20:39:42.076485: I external/local_tsl/tsl/framework/bfc_allocator.cc:1095] InUse at 7fa1a8a6b600 of size 256 next 260
2025-06-14 20:39:42.076924: I external/local_tsl/tsl/framework/bfc_allocator.cc:1095] InUse at 7fa1a8a6b700 of size 256 next 261
2025-06-14 20:39:42.077350: I external/local_tsl/tsl/framework/bfc_allocator.cc:1095] InUse at 7fa1a8a6b800 of size 256 next 262
2025-06-14 20:39:42.077761: I external/local_tsl/tsl/framework/bfc_allocator.cc:1095] InUse at 7fa1a8a6b900 of size 256 next 263
2025-06-14 20:39:42.078156: I external/local_tsl/tsl/framework/bfc_allocator.cc:1095] InUse at 7fa1a8a6ba00 of size 256 next 265
2025-06-14 20:39:42.078559: I external/local_tsl/tsl/framework/bfc_allocator.cc:1095] InUse at 7fa1a8a6bb00 of size 256 next 268
2025-06-14 20:39:42.079005: I external/local_tsl/tsl/framework/bfc_allocator.cc:1095] InUse at 7fa1a8a6bc00 of size 256 next 269
2025-06-14 20:39:42.079422: I external/local_tsl/tsl/framework/bfc_allocator.cc:1095] InUse at 7fa1a8a6bd00 of size 256 next 272
2025-06-14 20:39:42.079850: I external/local_tsl/tsl/framework/bfc_allocator.cc:1095] InUse at 7fa1a8a6be00 of size 256 next 274
2025-06-14 20:39:42.080253: I external/local_tsl/tsl/framework/bfc_allocator.cc:1095] InUse at 7fa1a8a6bf00 of size 256 next 275
2025-06-14 20:39:42.080649: I external/local_tsl/tsl/framework/bfc_allocator.cc:1095] InUse at 7fa1a8a6c000 of size 256 next 279
2025-06-14 20:39:42.081047: I external/local_tsl/tsl/framework/bfc_allocator.cc:1095] InUse at 7fa1a8a6c100 of size 256 next 280
2025-06-14 20:39:42.081435: I external/local_tsl/tsl/framework/bfc_allocator.cc:1095] InUse at 7fa1a8a6c200 of size 256 next 286
2025-06-14 20:39:42.081856: I external/local_tsl/tsl/framework/bfc_allocator.cc:1095] InUse at 7fa1a8a6c300 of size 256 next 287
2025-06-14 20:39:42.082276: I external/local_tsl/tsl/framework/bfc_allocator.cc:1095] InUse at 7fa1a8a6c400 of size 256 next 290
2025-06-14 20:39:42.082684: I external/local_tsl/tsl/framework/bfc_allocator.cc:1095] InUse at 7fa1a8a6c500 of size 256 next 291
2025-06-14 20:39:42.083077: I external/local_tsl/tsl/framework/bfc_allocator.cc:1095] InUse at 7fa1a8a6c600 of size 512 next 293
2025-06-14 20:39:42.083486: I external/local_tsl/tsl/framework/bfc_allocator.cc:1095] InUse at 7fa1a8a6c800 of size 512 next 294
2025-06-14 20:39:42.083918: I external/local_tsl/tsl/framework/bfc_allocator.cc:1095] InUse at 7fa1a8a6ca00 of size 512 next 295
2025-06-14 20:39:42.084341: I external/local_tsl/tsl/framework/bfc_allocator.cc:1095] InUse at 7fa1a8a6cc00 of size 512 next 298
2025-06-14 20:39:42.084736: I external/local_tsl/tsl/framework/bfc_allocator.cc:1095] InUse at 7fa1a8a6ce00 of size 512 next 299
2025-06-14 20:39:42.085133: I external/local_tsl/tsl/framework/bfc_allocator.cc:1095] InUse at 7fa1a8a6d000 of size 15138816 next 56
2025-06-14 20:39:42.085480: I external/local_tsl/tsl/framework/bfc_allocator.cc:1095] InUse at 7fa1a98dd000 of size 15138816 next 301
2025-06-14 20:39:42.085813: I external/local_tsl/tsl/framework/bfc_allocator.cc:1095] InUse at 7fa1aa74d000 of size 1024 next 304
2025-06-14 20:39:42.086208: I external/local_tsl/tsl/framework/bfc_allocator.cc:1095] InUse at 7fa1aa74d400 of size 1024 next 305
2025-06-14 20:39:42.086739: I external/local_tsl/tsl/framework/bfc_allocator.cc:1095] InUse at 7fa1aa74d800 of size 1024 next 306
2025-06-14 20:39:42.087215: I external/local_tsl/tsl/framework/bfc_allocator.cc:1095] InUse at 7fa1aa74dc00 of size 1024 next 309
2025-06-14 20:39:42.087657: I external/local_tsl/tsl/framework/bfc_allocator.cc:1095] InUse at 7fa1aa74e000 of size 1024 next 310
2025-06-14 20:39:42.088100: I external/local_tsl/tsl/framework/bfc_allocator.cc:1095] InUse at 7fa1aa74e400 of size 512 next 317
2025-06-14 20:39:42.088539: I external/local_tsl/tsl/framework/bfc_allocator.cc:1095] InUse at 7fa1aa74e600 of size 512 next 318
2025-06-14 20:39:42.088979: I external/local_tsl/tsl/framework/bfc_allocator.cc:1095] InUse at 7fa1aa74e800 of size 256 next 326
2025-06-14 20:39:42.089439: I external/local_tsl/tsl/framework/bfc_allocator.cc:1095] InUse at 7fa1aa74e900 of size 256 next 327
2025-06-14 20:39:42.089899: I external/local_tsl/tsl/framework/bfc_allocator.cc:1095] Free  at 7fa1aa74ea00 of size 25892352 next 18446744073709551615
2025-06-14 20:39:42.090259: I external/local_tsl/tsl/framework/bfc_allocator.cc:1075] Next region of size 33554432
2025-06-14 20:39:42.090694: I external/local_tsl/tsl/framework/bfc_allocator.cc:1095] InUse at 7fa1c0000000 of size 3538944 next 83
2025-06-14 20:39:42.091043: I external/local_tsl/tsl/framework/bfc_allocator.cc:1095] InUse at 7fa1c0360000 of size 221184 next 152
2025-06-14 20:39:42.091393: I external/local_tsl/tsl/framework/bfc_allocator.cc:1095] InUse at 7fa1c0396000 of size 221184 next 106
2025-06-14 20:39:42.091746: I external/local_tsl/tsl/framework/bfc_allocator.cc:1095] InUse at 7fa1c03cc000 of size 442368 next 100
2025-06-14 20:39:42.092060: I external/local_tsl/tsl/framework/bfc_allocator.cc:1095] InUse at 7fa1c0438000 of size 884736 next 90
2025-06-14 20:39:42.092398: I external/local_tsl/tsl/framework/bfc_allocator.cc:1095] InUse at 7fa1c0510000 of size 1769472 next 74
2025-06-14 20:39:42.092752: I external/local_tsl/tsl/framework/bfc_allocator.cc:1095] InUse at 7fa1c06c0000 of size 7077888 next 72
2025-06-14 20:39:42.093104: I external/local_tsl/tsl/framework/bfc_allocator.cc:1095] InUse at 7fa1c0d80000 of size 7077888 next 187
2025-06-14 20:39:42.093478: I external/local_tsl/tsl/framework/bfc_allocator.cc:1095] InUse at 7fa1c1440000 of size 12320768 next 18446744073709551615
2025-06-14 20:39:42.093853: I external/local_tsl/tsl/framework/bfc_allocator.cc:1075] Next region of size 16777216
2025-06-14 20:39:42.094278: I external/local_tsl/tsl/framework/bfc_allocator.cc:1095] InUse at 7fa1c2000000 of size 1769472 next 173
2025-06-14 20:39:42.094621: I external/local_tsl/tsl/framework/bfc_allocator.cc:1095] InUse at 7fa1c21b0000 of size 1769472 next 64
2025-06-14 20:39:42.094990: I external/local_tsl/tsl/framework/bfc_allocator.cc:1095] InUse at 7fa1c2360000 of size 3538944 next 62
2025-06-14 20:39:42.095353: I external/local_tsl/tsl/framework/bfc_allocator.cc:1095] InUse at 7fa1c26c0000 of size 3538944 next 180
2025-06-14 20:39:42.095681: I external/local_tsl/tsl/framework/bfc_allocator.cc:1095] InUse at 7fa1c2a20000 of size 1048576 next 194
2025-06-14 20:39:42.096078: I external/local_tsl/tsl/framework/bfc_allocator.cc:1095] InUse at 7fa1c2b20000 of size 1048576 next 195
2025-06-14 20:39:42.096489: I external/local_tsl/tsl/framework/bfc_allocator.cc:1095] InUse at 7fa1c2c20000 of size 4063232 next 18446744073709551615
2025-06-14 20:39:42.096871: I external/local_tsl/tsl/framework/bfc_allocator.cc:1075] Next region of size 2097152
2025-06-14 20:39:42.097294: I external/local_tsl/tsl/framework/bfc_allocator.cc:1095] InUse at 7fa228e00000 of size 1280 next 1
2025-06-14 20:39:42.097707: I external/local_tsl/tsl/framework/bfc_allocator.cc:1095] InUse at 7fa228e00500 of size 256 next 2
2025-06-14 20:39:42.098108: I external/local_tsl/tsl/framework/bfc_allocator.cc:1095] InUse at 7fa228e00600 of size 256 next 3
2025-06-14 20:39:42.098505: I external/local_tsl/tsl/framework/bfc_allocator.cc:1095] InUse at 7fa228e00700 of size 256 next 5
2025-06-14 20:39:42.098890: I external/local_tsl/tsl/framework/bfc_allocator.cc:1095] InUse at 7fa228e00800 of size 256 next 6
2025-06-14 20:39:42.099319: I external/local_tsl/tsl/framework/bfc_allocator.cc:1095] InUse at 7fa228e00900 of size 256 next 4
2025-06-14 20:39:42.099749: I external/local_tsl/tsl/framework/bfc_allocator.cc:1095] InUse at 7fa228e00a00 of size 256 next 7
2025-06-14 20:39:42.100165: I external/local_tsl/tsl/framework/bfc_allocator.cc:1095] InUse at 7fa228e00b00 of size 256 next 10
2025-06-14 20:39:42.100597: I external/local_tsl/tsl/framework/bfc_allocator.cc:1095] InUse at 7fa228e00c00 of size 256 next 277
2025-06-14 20:39:42.101013: I external/local_tsl/tsl/framework/bfc_allocator.cc:1095] InUse at 7fa228e00d00 of size 256 next 12
2025-06-14 20:39:42.101464: I external/local_tsl/tsl/framework/bfc_allocator.cc:1095] InUse at 7fa228e00e00 of size 256 next 13
2025-06-14 20:39:42.101882: I external/local_tsl/tsl/framework/bfc_allocator.cc:1095] InUse at 7fa228e00f00 of size 256 next 14
2025-06-14 20:39:42.102304: I external/local_tsl/tsl/framework/bfc_allocator.cc:1095] InUse at 7fa228e01000 of size 256 next 17
2025-06-14 20:39:42.102729: I external/local_tsl/tsl/framework/bfc_allocator.cc:1095] InUse at 7fa228e01100 of size 256 next 15
2025-06-14 20:39:42.103138: I external/local_tsl/tsl/framework/bfc_allocator.cc:1095] InUse at 7fa228e01200 of size 256 next 16
2025-06-14 20:39:42.103546: I external/local_tsl/tsl/framework/bfc_allocator.cc:1095] InUse at 7fa228e01300 of size 256 next 285
2025-06-14 20:39:42.103944: I external/local_tsl/tsl/framework/bfc_allocator.cc:1095] InUse at 7fa228e01400 of size 256 next 21
2025-06-14 20:39:42.104359: I external/local_tsl/tsl/framework/bfc_allocator.cc:1095] InUse at 7fa228e01500 of size 256 next 22
2025-06-14 20:39:42.104803: I external/local_tsl/tsl/framework/bfc_allocator.cc:1095] InUse at 7fa228e01600 of size 256 next 23
2025-06-14 20:39:42.105215: I external/local_tsl/tsl/framework/bfc_allocator.cc:1095] InUse at 7fa228e01700 of size 256 next 24
2025-06-14 20:39:42.105638: I external/local_tsl/tsl/framework/bfc_allocator.cc:1095] InUse at 7fa228e01800 of size 256 next 25
2025-06-14 20:39:42.106061: I external/local_tsl/tsl/framework/bfc_allocator.cc:1095] InUse at 7fa228e01900 of size 256 next 28
2025-06-14 20:39:42.106456: I external/local_tsl/tsl/framework/bfc_allocator.cc:1095] InUse at 7fa228e01a00 of size 256 next 289
2025-06-14 20:39:42.106868: I external/local_tsl/tsl/framework/bfc_allocator.cc:1095] InUse at 7fa228e01b00 of size 256 next 30
2025-06-14 20:39:42.107297: I external/local_tsl/tsl/framework/bfc_allocator.cc:1095] InUse at 7fa228e01c00 of size 256 next 31
2025-06-14 20:39:42.107753: I external/local_tsl/tsl/framework/bfc_allocator.cc:1095] InUse at 7fa228e01d00 of size 256 next 32
2025-06-14 20:39:42.108225: I external/local_tsl/tsl/framework/bfc_allocator.cc:1095] InUse at 7fa228e01e00 of size 256 next 35
2025-06-14 20:39:42.108861: I external/local_tsl/tsl/framework/bfc_allocator.cc:1095] InUse at 7fa228e01f00 of size 256 next 33
2025-06-14 20:39:42.109334: I external/local_tsl/tsl/framework/bfc_allocator.cc:1095] InUse at 7fa228e02000 of size 256 next 34
2025-06-14 20:39:42.109765: I external/local_tsl/tsl/framework/bfc_allocator.cc:1095] InUse at 7fa228e02100 of size 512 next 39
2025-06-14 20:39:42.110233: I external/local_tsl/tsl/framework/bfc_allocator.cc:1095] InUse at 7fa228e02300 of size 256 next 40
2025-06-14 20:39:42.110656: I external/local_tsl/tsl/framework/bfc_allocator.cc:1095] InUse at 7fa228e02400 of size 256 next 41
2025-06-14 20:39:42.111060: I external/local_tsl/tsl/framework/bfc_allocator.cc:1095] InUse at 7fa228e02500 of size 256 next 8
2025-06-14 20:39:42.111469: I external/local_tsl/tsl/framework/bfc_allocator.cc:1095] InUse at 7fa228e02600 of size 3584 next 9
2025-06-14 20:39:42.111874: I external/local_tsl/tsl/framework/bfc_allocator.cc:1095] InUse at 7fa228e03400 of size 512 next 42
2025-06-14 20:39:42.112267: I external/local_tsl/tsl/framework/bfc_allocator.cc:1095] InUse at 7fa228e03600 of size 512 next 45
2025-06-14 20:39:42.112679: I external/local_tsl/tsl/framework/bfc_allocator.cc:1095] InUse at 7fa228e03800 of size 512 next 46
2025-06-14 20:39:42.113138: I external/local_tsl/tsl/framework/bfc_allocator.cc:1095] InUse at 7fa228e03a00 of size 512 next 297
2025-06-14 20:39:42.113610: I external/local_tsl/tsl/framework/bfc_allocator.cc:1095] InUse at 7fa228e03c00 of size 512 next 48
2025-06-14 20:39:42.114026: I external/local_tsl/tsl/framework/bfc_allocator.cc:1095] InUse at 7fa228e03e00 of size 256 next 49
2025-06-14 20:39:42.114429: I external/local_tsl/tsl/framework/bfc_allocator.cc:1095] InUse at 7fa228e03f00 of size 512 next 50
2025-06-14 20:39:42.114861: I external/local_tsl/tsl/framework/bfc_allocator.cc:1095] InUse at 7fa228e04100 of size 512 next 51
2025-06-14 20:39:42.115301: I external/local_tsl/tsl/framework/bfc_allocator.cc:1095] InUse at 7fa228e04300 of size 512 next 55
2025-06-14 20:39:42.115742: I external/local_tsl/tsl/framework/bfc_allocator.cc:1095] InUse at 7fa228e04500 of size 1024 next 57
2025-06-14 20:39:42.116153: I external/local_tsl/tsl/framework/bfc_allocator.cc:1095] InUse at 7fa228e04900 of size 256 next 58
2025-06-14 20:39:42.116564: I external/local_tsl/tsl/framework/bfc_allocator.cc:1095] InUse at 7fa228e04a00 of size 256 next 59
2025-06-14 20:39:42.117023: I external/local_tsl/tsl/framework/bfc_allocator.cc:1095] InUse at 7fa228e04b00 of size 1024 next 60
2025-06-14 20:39:42.117455: I external/local_tsl/tsl/framework/bfc_allocator.cc:1095] InUse at 7fa228e04f00 of size 1024 next 61
2025-06-14 20:39:42.117872: I external/local_tsl/tsl/framework/bfc_allocator.cc:1095] InUse at 7fa228e05300 of size 1024 next 65
2025-06-14 20:39:42.118277: I external/local_tsl/tsl/framework/bfc_allocator.cc:1095] InUse at 7fa228e05700 of size 1024 next 308
2025-06-14 20:39:42.118689: I external/local_tsl/tsl/framework/bfc_allocator.cc:1095] InUse at 7fa228e05b00 of size 1024 next 67
2025-06-14 20:39:42.119087: I external/local_tsl/tsl/framework/bfc_allocator.cc:1095] InUse at 7fa228e05f00 of size 256 next 68
2025-06-14 20:39:42.119546: I external/local_tsl/tsl/framework/bfc_allocator.cc:1095] InUse at 7fa228e06000 of size 256 next 69
2025-06-14 20:39:42.119958: I external/local_tsl/tsl/framework/bfc_allocator.cc:1095] InUse at 7fa228e06100 of size 1024 next 70
2025-06-14 20:39:42.120416: I external/local_tsl/tsl/framework/bfc_allocator.cc:1095] InUse at 7fa228e06500 of size 1024 next 71
2025-06-14 20:39:42.120827: I external/local_tsl/tsl/framework/bfc_allocator.cc:1095] InUse at 7fa228e06900 of size 1024 next 75
2025-06-14 20:39:42.121230: I external/local_tsl/tsl/framework/bfc_allocator.cc:1095] InUse at 7fa228e06d00 of size 512 next 313
2025-06-14 20:39:42.121646: I external/local_tsl/tsl/framework/bfc_allocator.cc:1095] InUse at 7fa228e06f00 of size 512 next 314
2025-06-14 20:39:42.122073: I external/local_tsl/tsl/framework/bfc_allocator.cc:1095] InUse at 7fa228e07100 of size 512 next 315
2025-06-14 20:39:42.122479: I external/local_tsl/tsl/framework/bfc_allocator.cc:1095] InUse at 7fa228e07300 of size 512 next 77
2025-06-14 20:39:42.122882: I external/local_tsl/tsl/framework/bfc_allocator.cc:1095] InUse at 7fa228e07500 of size 256 next 78
2025-06-14 20:39:42.123353: I external/local_tsl/tsl/framework/bfc_allocator.cc:1095] InUse at 7fa228e07600 of size 256 next 79
2025-06-14 20:39:42.123799: I external/local_tsl/tsl/framework/bfc_allocator.cc:1095] InUse at 7fa228e07700 of size 512 next 80
2025-06-14 20:39:42.124231: I external/local_tsl/tsl/framework/bfc_allocator.cc:1095] InUse at 7fa228e07900 of size 512 next 81
2025-06-14 20:39:42.124678: I external/local_tsl/tsl/framework/bfc_allocator.cc:1095] InUse at 7fa228e07b00 of size 512 next 82
2025-06-14 20:39:42.125084: I external/local_tsl/tsl/framework/bfc_allocator.cc:1095] InUse at 7fa228e07d00 of size 512 next 84
2025-06-14 20:39:42.125513: I external/local_tsl/tsl/framework/bfc_allocator.cc:1095] InUse at 7fa228e07f00 of size 512 next 316
2025-06-14 20:39:42.125909: I external/local_tsl/tsl/framework/bfc_allocator.cc:1095] InUse at 7fa228e08100 of size 512 next 86
2025-06-14 20:39:42.126318: I external/local_tsl/tsl/framework/bfc_allocator.cc:1095] InUse at 7fa228e08300 of size 512 next 87
2025-06-14 20:39:42.126730: I external/local_tsl/tsl/framework/bfc_allocator.cc:1095] InUse at 7fa228e08500 of size 512 next 88
2025-06-14 20:39:42.127187: I external/local_tsl/tsl/framework/bfc_allocator.cc:1095] InUse at 7fa228e08700 of size 512 next 89
2025-06-14 20:39:42.127861: I external/local_tsl/tsl/framework/bfc_allocator.cc:1095] InUse at 7fa228e08900 of size 256 next 321
2025-06-14 20:39:42.128343: I external/local_tsl/tsl/framework/bfc_allocator.cc:1095] InUse at 7fa228e08a00 of size 256 next 323
2025-06-14 20:39:42.128867: I external/local_tsl/tsl/framework/bfc_allocator.cc:1095] InUse at 7fa228e08b00 of size 256 next 324
2025-06-14 20:39:42.129367: I external/local_tsl/tsl/framework/bfc_allocator.cc:1095] InUse at 7fa228e08c00 of size 256 next 92
2025-06-14 20:39:42.129865: I external/local_tsl/tsl/framework/bfc_allocator.cc:1095] InUse at 7fa228e08d00 of size 256 next 93
2025-06-14 20:39:42.130301: I external/local_tsl/tsl/framework/bfc_allocator.cc:1095] InUse at 7fa228e08e00 of size 256 next 94
2025-06-14 20:39:42.130759: I external/local_tsl/tsl/framework/bfc_allocator.cc:1095] InUse at 7fa228e08f00 of size 256 next 97
2025-06-14 20:39:42.131215: I external/local_tsl/tsl/framework/bfc_allocator.cc:1095] InUse at 7fa228e09000 of size 256 next 95
2025-06-14 20:39:42.131627: I external/local_tsl/tsl/framework/bfc_allocator.cc:1095] InUse at 7fa228e09100 of size 256 next 96
2025-06-14 20:39:42.132021: I external/local_tsl/tsl/framework/bfc_allocator.cc:1095] InUse at 7fa228e09200 of size 256 next 98
2025-06-14 20:39:42.132460: I external/local_tsl/tsl/framework/bfc_allocator.cc:1095] InUse at 7fa228e09300 of size 256 next 101
2025-06-14 20:39:42.132904: I external/local_tsl/tsl/framework/bfc_allocator.cc:1095] InUse at 7fa228e09400 of size 256 next 102
2025-06-14 20:39:42.133329: I external/local_tsl/tsl/framework/bfc_allocator.cc:1095] InUse at 7fa228e09500 of size 256 next 103
2025-06-14 20:39:42.133763: I external/local_tsl/tsl/framework/bfc_allocator.cc:1095] InUse at 7fa228e09600 of size 256 next 104
2025-06-14 20:39:42.134209: I external/local_tsl/tsl/framework/bfc_allocator.cc:1095] InUse at 7fa228e09700 of size 256 next 105
2025-06-14 20:39:42.134619: I external/local_tsl/tsl/framework/bfc_allocator.cc:1095] Free  at 7fa228e09800 of size 512 next 108
2025-06-14 20:39:42.135032: I external/local_tsl/tsl/framework/bfc_allocator.cc:1095] InUse at 7fa228e09a00 of size 256 next 109
2025-06-14 20:39:42.135443: I external/local_tsl/tsl/framework/bfc_allocator.cc:1095] InUse at 7fa228e09b00 of size 256 next 110
2025-06-14 20:39:42.135857: I external/local_tsl/tsl/framework/bfc_allocator.cc:1095] InUse at 7fa228e09c00 of size 256 next 146
2025-06-14 20:39:42.136281: I external/local_tsl/tsl/framework/bfc_allocator.cc:1095] InUse at 7fa228e09d00 of size 256 next 147
2025-06-14 20:39:42.136701: I external/local_tsl/tsl/framework/bfc_allocator.cc:1095] InUse at 7fa228e09e00 of size 256 next 148
2025-06-14 20:39:42.137109: I external/local_tsl/tsl/framework/bfc_allocator.cc:1095] InUse at 7fa228e09f00 of size 256 next 149
2025-06-14 20:39:42.137508: I external/local_tsl/tsl/framework/bfc_allocator.cc:1095] InUse at 7fa228e0a000 of size 256 next 150
2025-06-14 20:39:42.137950: I external/local_tsl/tsl/framework/bfc_allocator.cc:1095] InUse at 7fa228e0a100 of size 256 next 151
2025-06-14 20:39:42.138366: I external/local_tsl/tsl/framework/bfc_allocator.cc:1095] InUse at 7fa228e0a200 of size 256 next 153
2025-06-14 20:39:42.138782: I external/local_tsl/tsl/framework/bfc_allocator.cc:1095] InUse at 7fa228e0a300 of size 256 next 154
2025-06-14 20:39:42.139178: I external/local_tsl/tsl/framework/bfc_allocator.cc:1095] InUse at 7fa228e0a400 of size 256 next 155
2025-06-14 20:39:42.139573: I external/local_tsl/tsl/framework/bfc_allocator.cc:1095] InUse at 7fa228e0a500 of size 256 next 156
2025-06-14 20:39:42.139972: I external/local_tsl/tsl/framework/bfc_allocator.cc:1095] InUse at 7fa228e0a600 of size 256 next 157
2025-06-14 20:39:42.140382: I external/local_tsl/tsl/framework/bfc_allocator.cc:1095] InUse at 7fa228e0a700 of size 256 next 158
2025-06-14 20:39:42.140848: I external/local_tsl/tsl/framework/bfc_allocator.cc:1095] InUse at 7fa228e0a800 of size 256 next 160
2025-06-14 20:39:42.141298: I external/local_tsl/tsl/framework/bfc_allocator.cc:1095] InUse at 7fa228e0a900 of size 256 next 161
2025-06-14 20:39:42.141726: I external/local_tsl/tsl/framework/bfc_allocator.cc:1095] InUse at 7fa228e0aa00 of size 256 next 162
2025-06-14 20:39:42.142147: I external/local_tsl/tsl/framework/bfc_allocator.cc:1095] InUse at 7fa228e0ab00 of size 256 next 163
2025-06-14 20:39:42.142556: I external/local_tsl/tsl/framework/bfc_allocator.cc:1095] InUse at 7fa228e0ac00 of size 256 next 164
2025-06-14 20:39:42.143016: I external/local_tsl/tsl/framework/bfc_allocator.cc:1095] InUse at 7fa228e0ad00 of size 256 next 165
2025-06-14 20:39:42.143449: I external/local_tsl/tsl/framework/bfc_allocator.cc:1095] InUse at 7fa228e0ae00 of size 512 next 167
2025-06-14 20:39:42.143889: I external/local_tsl/tsl/framework/bfc_allocator.cc:1095] InUse at 7fa228e0b000 of size 512 next 168
2025-06-14 20:39:42.144301: I external/local_tsl/tsl/framework/bfc_allocator.cc:1095] InUse at 7fa228e0b200 of size 512 next 169
2025-06-14 20:39:42.144737: I external/local_tsl/tsl/framework/bfc_allocator.cc:1095] InUse at 7fa228e0b400 of size 512 next 170
2025-06-14 20:39:42.145164: I external/local_tsl/tsl/framework/bfc_allocator.cc:1095] InUse at 7fa228e0b600 of size 512 next 171
2025-06-14 20:39:42.145597: I external/local_tsl/tsl/framework/bfc_allocator.cc:1095] InUse at 7fa228e0b800 of size 512 next 172
2025-06-14 20:39:42.146006: I external/local_tsl/tsl/framework/bfc_allocator.cc:1095] InUse at 7fa228e0ba00 of size 512 next 174
2025-06-14 20:39:42.146422: I external/local_tsl/tsl/framework/bfc_allocator.cc:1095] InUse at 7fa228e0bc00 of size 512 next 175
2025-06-14 20:39:42.146816: I external/local_tsl/tsl/framework/bfc_allocator.cc:1095] InUse at 7fa228e0be00 of size 512 next 176
2025-06-14 20:39:42.147242: I external/local_tsl/tsl/framework/bfc_allocator.cc:1095] InUse at 7fa228e0c000 of size 512 next 177
2025-06-14 20:39:42.147656: I external/local_tsl/tsl/framework/bfc_allocator.cc:1095] InUse at 7fa228e0c200 of size 512 next 178
2025-06-14 20:39:42.148092: I external/local_tsl/tsl/framework/bfc_allocator.cc:1095] InUse at 7fa228e0c400 of size 512 next 179
2025-06-14 20:39:42.148520: I external/local_tsl/tsl/framework/bfc_allocator.cc:1095] InUse at 7fa228e0c600 of size 1024 next 181
2025-06-14 20:39:42.148956: I external/local_tsl/tsl/framework/bfc_allocator.cc:1095] InUse at 7fa228e0ca00 of size 1024 next 182
2025-06-14 20:39:42.149406: I external/local_tsl/tsl/framework/bfc_allocator.cc:1095] InUse at 7fa228e0ce00 of size 1024 next 183
2025-06-14 20:39:42.149825: I external/local_tsl/tsl/framework/bfc_allocator.cc:1095] InUse at 7fa228e0d200 of size 1024 next 184
2025-06-14 20:39:42.150232: I external/local_tsl/tsl/framework/bfc_allocator.cc:1095] InUse at 7fa228e0d600 of size 1024 next 185
2025-06-14 20:39:42.150743: I external/local_tsl/tsl/framework/bfc_allocator.cc:1095] InUse at 7fa228e0da00 of size 1024 next 186
2025-06-14 20:39:42.151312: I external/local_tsl/tsl/framework/bfc_allocator.cc:1095] InUse at 7fa228e0de00 of size 1024 next 188
2025-06-14 20:39:42.151757: I external/local_tsl/tsl/framework/bfc_allocator.cc:1095] InUse at 7fa228e0e200 of size 1024 next 189
2025-06-14 20:39:42.152173: I external/local_tsl/tsl/framework/bfc_allocator.cc:1095] InUse at 7fa228e0e600 of size 1024 next 190
2025-06-14 20:39:42.152625: I external/local_tsl/tsl/framework/bfc_allocator.cc:1095] InUse at 7fa228e0ea00 of size 1024 next 191
2025-06-14 20:39:42.153041: I external/local_tsl/tsl/framework/bfc_allocator.cc:1095] InUse at 7fa228e0ee00 of size 1024 next 192
2025-06-14 20:39:42.153454: I external/local_tsl/tsl/framework/bfc_allocator.cc:1095] InUse at 7fa228e0f200 of size 1024 next 193
2025-06-14 20:39:42.153850: I external/local_tsl/tsl/framework/bfc_allocator.cc:1095] InUse at 7fa228e0f600 of size 512 next 196
2025-06-14 20:39:42.154288: I external/local_tsl/tsl/framework/bfc_allocator.cc:1095] InUse at 7fa228e0f800 of size 512 next 197
2025-06-14 20:39:42.154727: I external/local_tsl/tsl/framework/bfc_allocator.cc:1095] InUse at 7fa228e0fa00 of size 512 next 199
2025-06-14 20:39:42.155138: I external/local_tsl/tsl/framework/bfc_allocator.cc:1095] InUse at 7fa228e0fc00 of size 512 next 200
2025-06-14 20:39:42.155549: I external/local_tsl/tsl/framework/bfc_allocator.cc:1095] InUse at 7fa228e0fe00 of size 512 next 201
2025-06-14 20:39:42.155992: I external/local_tsl/tsl/framework/bfc_allocator.cc:1095] InUse at 7fa228e10000 of size 512 next 202
2025-06-14 20:39:42.156435: I external/local_tsl/tsl/framework/bfc_allocator.cc:1095] InUse at 7fa228e10200 of size 512 next 203
2025-06-14 20:39:42.156855: I external/local_tsl/tsl/framework/bfc_allocator.cc:1095] InUse at 7fa228e10400 of size 512 next 204
2025-06-14 20:39:42.157281: I external/local_tsl/tsl/framework/bfc_allocator.cc:1095] InUse at 7fa228e10600 of size 512 next 207
2025-06-14 20:39:42.157708: I external/local_tsl/tsl/framework/bfc_allocator.cc:1095] InUse at 7fa228e10800 of size 512 next 208
2025-06-14 20:39:42.158110: I external/local_tsl/tsl/framework/bfc_allocator.cc:1095] InUse at 7fa228e10a00 of size 512 next 209
2025-06-14 20:39:42.158533: I external/local_tsl/tsl/framework/bfc_allocator.cc:1095] InUse at 7fa228e10c00 of size 512 next 210
2025-06-14 20:39:42.158939: I external/local_tsl/tsl/framework/bfc_allocator.cc:1095] InUse at 7fa228e10e00 of size 512 next 211
2025-06-14 20:39:42.159350: I external/local_tsl/tsl/framework/bfc_allocator.cc:1095] InUse at 7fa228e11000 of size 512 next 212
2025-06-14 20:39:42.159792: I external/local_tsl/tsl/framework/bfc_allocator.cc:1095] InUse at 7fa228e11200 of size 256 next 215
2025-06-14 20:39:42.160199: I external/local_tsl/tsl/framework/bfc_allocator.cc:1095] InUse at 7fa228e11300 of size 256 next 216
2025-06-14 20:39:42.160632: I external/local_tsl/tsl/framework/bfc_allocator.cc:1095] InUse at 7fa228e11400 of size 256 next 219
2025-06-14 20:39:42.161054: I external/local_tsl/tsl/framework/bfc_allocator.cc:1095] InUse at 7fa228e11500 of size 256 next 220
2025-06-14 20:39:42.161453: I external/local_tsl/tsl/framework/bfc_allocator.cc:1095] InUse at 7fa228e11600 of size 256 next 221
2025-06-14 20:39:42.161850: I external/local_tsl/tsl/framework/bfc_allocator.cc:1095] InUse at 7fa228e11700 of size 256 next 222
2025-06-14 20:39:42.162253: I external/local_tsl/tsl/framework/bfc_allocator.cc:1095] InUse at 7fa228e11800 of size 256 next 223
2025-06-14 20:39:42.162679: I external/local_tsl/tsl/framework/bfc_allocator.cc:1095] InUse at 7fa228e11900 of size 256 next 224
2025-06-14 20:39:42.163104: I external/local_tsl/tsl/framework/bfc_allocator.cc:1095] InUse at 7fa228e11a00 of size 256 next 227
2025-06-14 20:39:42.163526: I external/local_tsl/tsl/framework/bfc_allocator.cc:1095] InUse at 7fa228e11b00 of size 256 next 228
2025-06-14 20:39:42.163922: I external/local_tsl/tsl/framework/bfc_allocator.cc:1095] InUse at 7fa228e11c00 of size 256 next 229
2025-06-14 20:39:42.164342: I external/local_tsl/tsl/framework/bfc_allocator.cc:1095] InUse at 7fa228e11d00 of size 256 next 230
2025-06-14 20:39:42.164769: I external/local_tsl/tsl/framework/bfc_allocator.cc:1095] InUse at 7fa228e11e00 of size 256 next 231
2025-06-14 20:39:42.165185: I external/local_tsl/tsl/framework/bfc_allocator.cc:1095] InUse at 7fa228e11f00 of size 256 next 232
2025-06-14 20:39:42.165594: I external/local_tsl/tsl/framework/bfc_allocator.cc:1095] InUse at 7fa228e12000 of size 65536 next 233
2025-06-14 20:39:42.165949: I external/local_tsl/tsl/framework/bfc_allocator.cc:1095] InUse at 7fa228e22000 of size 95232 next 19
2025-06-14 20:39:42.166350: I external/local_tsl/tsl/framework/bfc_allocator.cc:1095] InUse at 7fa228e39400 of size 110592 next 18
2025-06-14 20:39:42.166717: I external/local_tsl/tsl/framework/bfc_allocator.cc:1095] InUse at 7fa228e54400 of size 65536 next 115
2025-06-14 20:39:42.167076: I external/local_tsl/tsl/framework/bfc_allocator.cc:1095] InUse at 7fa228e64400 of size 256 next 112
2025-06-14 20:39:42.167600: I external/local_tsl/tsl/framework/bfc_allocator.cc:1095] InUse at 7fa228e64500 of size 256 next 114
2025-06-14 20:39:42.168078: I external/local_tsl/tsl/framework/bfc_allocator.cc:1095] InUse at 7fa228e64600 of size 256 next 113
2025-06-14 20:39:42.168569: I external/local_tsl/tsl/framework/bfc_allocator.cc:1095] InUse at 7fa228e64700 of size 256 next 111
2025-06-14 20:39:42.168981: I external/local_tsl/tsl/framework/bfc_allocator.cc:1095] InUse at 7fa228e64800 of size 256 next 117
2025-06-14 20:39:42.169412: I external/local_tsl/tsl/framework/bfc_allocator.cc:1095] InUse at 7fa228e64900 of size 256 next 118
2025-06-14 20:39:42.169857: I external/local_tsl/tsl/framework/bfc_allocator.cc:1095] InUse at 7fa228e64a00 of size 256 next 120
2025-06-14 20:39:42.170276: I external/local_tsl/tsl/framework/bfc_allocator.cc:1095] InUse at 7fa228e64b00 of size 256 next 119
2025-06-14 20:39:42.170691: I external/local_tsl/tsl/framework/bfc_allocator.cc:1095] InUse at 7fa228e64c00 of size 256 next 121
2025-06-14 20:39:42.171146: I external/local_tsl/tsl/framework/bfc_allocator.cc:1095] InUse at 7fa228e64d00 of size 256 next 123
2025-06-14 20:39:42.171601: I external/local_tsl/tsl/framework/bfc_allocator.cc:1095] InUse at 7fa228e64e00 of size 256 next 124
2025-06-14 20:39:42.172021: I external/local_tsl/tsl/framework/bfc_allocator.cc:1095] InUse at 7fa228e64f00 of size 256 next 125
2025-06-14 20:39:42.172429: I external/local_tsl/tsl/framework/bfc_allocator.cc:1095] InUse at 7fa228e65000 of size 256 next 126
2025-06-14 20:39:42.172865: I external/local_tsl/tsl/framework/bfc_allocator.cc:1095] InUse at 7fa228e65100 of size 256 next 128
2025-06-14 20:39:42.173265: I external/local_tsl/tsl/framework/bfc_allocator.cc:1095] InUse at 7fa228e65200 of size 256 next 127
2025-06-14 20:39:42.173670: I external/local_tsl/tsl/framework/bfc_allocator.cc:1095] InUse at 7fa228e65300 of size 256 next 129
2025-06-14 20:39:42.174089: I external/local_tsl/tsl/framework/bfc_allocator.cc:1095] InUse at 7fa228e65400 of size 256 next 130
2025-06-14 20:39:42.174517: I external/local_tsl/tsl/framework/bfc_allocator.cc:1095] InUse at 7fa228e65500 of size 256 next 131
2025-06-14 20:39:42.174943: I external/local_tsl/tsl/framework/bfc_allocator.cc:1095] InUse at 7fa228e65600 of size 256 next 132
2025-06-14 20:39:42.175353: I external/local_tsl/tsl/framework/bfc_allocator.cc:1095] InUse at 7fa228e65700 of size 256 next 133
2025-06-14 20:39:42.175766: I external/local_tsl/tsl/framework/bfc_allocator.cc:1095] InUse at 7fa228e65800 of size 256 next 137
2025-06-14 20:39:42.176183: I external/local_tsl/tsl/framework/bfc_allocator.cc:1095] InUse at 7fa228e65900 of size 256 next 136
2025-06-14 20:39:42.176604: I external/local_tsl/tsl/framework/bfc_allocator.cc:1095] InUse at 7fa228e65a00 of size 3584 next 138
2025-06-14 20:39:42.177015: I external/local_tsl/tsl/framework/bfc_allocator.cc:1095] InUse at 7fa228e66800 of size 3584 next 139
2025-06-14 20:39:42.177419: I external/local_tsl/tsl/framework/bfc_allocator.cc:1095] InUse at 7fa228e67600 of size 256 next 140
2025-06-14 20:39:42.177901: I external/local_tsl/tsl/framework/bfc_allocator.cc:1095] InUse at 7fa228e67700 of size 256 next 141
2025-06-14 20:39:42.178336: I external/local_tsl/tsl/framework/bfc_allocator.cc:1095] InUse at 7fa228e67800 of size 256 next 142
2025-06-14 20:39:42.178751: I external/local_tsl/tsl/framework/bfc_allocator.cc:1095] InUse at 7fa228e67900 of size 256 next 143
2025-06-14 20:39:42.179173: I external/local_tsl/tsl/framework/bfc_allocator.cc:1095] InUse at 7fa228e67a00 of size 256 next 144
2025-06-14 20:39:42.179591: I external/local_tsl/tsl/framework/bfc_allocator.cc:1095] InUse at 7fa228e67b00 of size 256 next 145
2025-06-14 20:39:42.180003: I external/local_tsl/tsl/framework/bfc_allocator.cc:1095] InUse at 7fa228e67c00 of size 141312 next 27
2025-06-14 20:39:42.180388: I external/local_tsl/tsl/framework/bfc_allocator.cc:1095] InUse at 7fa228e8a400 of size 221184 next 26
2025-06-14 20:39:42.180767: I external/local_tsl/tsl/framework/bfc_allocator.cc:1095] InUse at 7fa228ec0400 of size 442368 next 159
2025-06-14 20:39:42.181135: I external/local_tsl/tsl/framework/bfc_allocator.cc:1095] InUse at 7fa228f2c400 of size 867328 next 18446744073709551615
2025-06-14 20:39:42.181540: I external/local_tsl/tsl/framework/bfc_allocator.cc:1075] Next region of size 4194304
2025-06-14 20:39:42.181953: I external/local_tsl/tsl/framework/bfc_allocator.cc:1095] InUse at 7fa229400000 of size 442368 next 37
2025-06-14 20:39:42.182382: I external/local_tsl/tsl/framework/bfc_allocator.cc:1095] InUse at 7fa22946c000 of size 221184 next 116
2025-06-14 20:39:42.182766: I external/local_tsl/tsl/framework/bfc_allocator.cc:1095] InUse at 7fa2294a2000 of size 110592 next 122
2025-06-14 20:39:42.183163: I external/local_tsl/tsl/framework/bfc_allocator.cc:1095] InUse at 7fa2294bd000 of size 192512 next 99
2025-06-14 20:39:42.183560: I external/local_tsl/tsl/framework/bfc_allocator.cc:1095] InUse at 7fa2294ec000 of size 360448 next 44
2025-06-14 20:39:42.183963: I external/local_tsl/tsl/framework/bfc_allocator.cc:1095] InUse at 7fa229544000 of size 884736 next 43
2025-06-14 20:39:42.184358: I external/local_tsl/tsl/framework/bfc_allocator.cc:1095] InUse at 7fa22961c000 of size 1982464 next 18446744073709551615
2025-06-14 20:39:42.184742: I external/local_tsl/tsl/framework/bfc_allocator.cc:1075] Next region of size 8388608
2025-06-14 20:39:42.185138: I external/local_tsl/tsl/framework/bfc_allocator.cc:1095] InUse at 7fa229800000 of size 884736 next 166
2025-06-14 20:39:42.185517: I external/local_tsl/tsl/framework/bfc_allocator.cc:1095] InUse at 7fa2298d8000 of size 884736 next 54
2025-06-14 20:39:42.185891: I external/local_tsl/tsl/framework/bfc_allocator.cc:1095] InUse at 7fa2299b0000 of size 1769472 next 52
2025-06-14 20:39:42.186242: I external/local_tsl/tsl/framework/bfc_allocator.cc:1095] InUse at 7fa229b60000 of size 4849664 next 18446744073709551615
2025-06-14 20:39:42.186596: I external/local_tsl/tsl/framework/bfc_allocator.cc:1100]      Summary of in-use Chunks by size: 
2025-06-14 20:39:42.187165: I external/local_tsl/tsl/framework/bfc_allocator.cc:1103] 155 Chunks of size 256 totalling 38.8KiB
2025-06-14 20:39:42.187609: I external/local_tsl/tsl/framework/bfc_allocator.cc:1103] 55 Chunks of size 512 totalling 27.5KiB
2025-06-14 20:39:42.188024: I external/local_tsl/tsl/framework/bfc_allocator.cc:1103] 26 Chunks of size 1024 totalling 26.0KiB
2025-06-14 20:39:42.188454: I external/local_tsl/tsl/framework/bfc_allocator.cc:1103] 1 Chunks of size 1280 totalling 1.2KiB
2025-06-14 20:39:42.188899: I external/local_tsl/tsl/framework/bfc_allocator.cc:1103] 3 Chunks of size 3584 totalling 10.5KiB
2025-06-14 20:39:42.189311: I external/local_tsl/tsl/framework/bfc_allocator.cc:1103] 2 Chunks of size 65536 totalling 128.0KiB
2025-06-14 20:39:42.189726: I external/local_tsl/tsl/framework/bfc_allocator.cc:1103] 1 Chunks of size 95232 totalling 93.0KiB
2025-06-14 20:39:42.190140: I external/local_tsl/tsl/framework/bfc_allocator.cc:1103] 4 Chunks of size 110592 totalling 432.0KiB
2025-06-14 20:39:42.190562: I external/local_tsl/tsl/framework/bfc_allocator.cc:1103] 1 Chunks of size 141312 totalling 138.0KiB
2025-06-14 20:39:42.190966: I external/local_tsl/tsl/framework/bfc_allocator.cc:1103] 1 Chunks of size 192512 totalling 188.0KiB
2025-06-14 20:39:42.191427: I external/local_tsl/tsl/framework/bfc_allocator.cc:1103] 6 Chunks of size 221184 totalling 1.27MiB
2025-06-14 20:39:42.191822: I external/local_tsl/tsl/framework/bfc_allocator.cc:1103] 2 Chunks of size 262144 totalling 512.0KiB
2025-06-14 20:39:42.192243: I external/local_tsl/tsl/framework/bfc_allocator.cc:1103] 1 Chunks of size 360448 totalling 352.0KiB
2025-06-14 20:39:42.192636: I external/local_tsl/tsl/framework/bfc_allocator.cc:1103] 5 Chunks of size 442368 totalling 2.11MiB
2025-06-14 20:39:42.193031: I external/local_tsl/tsl/framework/bfc_allocator.cc:1103] 1 Chunks of size 867328 totalling 847.0KiB
2025-06-14 20:39:42.193429: I external/local_tsl/tsl/framework/bfc_allocator.cc:1103] 6 Chunks of size 884736 totalling 5.06MiB
2025-06-14 20:39:42.193850: I external/local_tsl/tsl/framework/bfc_allocator.cc:1103] 2 Chunks of size 1048576 totalling 2.00MiB
2025-06-14 20:39:42.194318: I external/local_tsl/tsl/framework/bfc_allocator.cc:1103] 6 Chunks of size 1769472 totalling 10.12MiB
2025-06-14 20:39:42.194761: I external/local_tsl/tsl/framework/bfc_allocator.cc:1103] 1 Chunks of size 1982464 totalling 1.89MiB
2025-06-14 20:39:42.195191: I external/local_tsl/tsl/framework/bfc_allocator.cc:1103] 4 Chunks of size 3538944 totalling 13.50MiB
2025-06-14 20:39:42.195637: I external/local_tsl/tsl/framework/bfc_allocator.cc:1103] 1 Chunks of size 4063232 totalling 3.88MiB
2025-06-14 20:39:42.196051: I external/local_tsl/tsl/framework/bfc_allocator.cc:1103] 1 Chunks of size 4849664 totalling 4.62MiB
2025-06-14 20:39:42.196490: I external/local_tsl/tsl/framework/bfc_allocator.cc:1103] 2 Chunks of size 7077888 totalling 13.50MiB
2025-06-14 20:39:42.196905: I external/local_tsl/tsl/framework/bfc_allocator.cc:1103] 1 Chunks of size 12320768 totalling 11.75MiB
2025-06-14 20:39:42.197274: I external/local_tsl/tsl/framework/bfc_allocator.cc:1103] 2 Chunks of size 15138816 totalling 28.88MiB
2025-06-14 20:39:42.197634: I external/local_tsl/tsl/framework/bfc_allocator.cc:1103] 4 Chunks of size 30277632 totalling 115.50MiB
2025-06-14 20:39:42.198013: I external/local_tsl/tsl/framework/bfc_allocator.cc:1103] 2 Chunks of size 60555264 totalling 115.50MiB
2025-06-14 20:39:42.198364: I external/local_tsl/tsl/framework/bfc_allocator.cc:1103] 1 Chunks of size 73662464 totalling 70.25MiB
2025-06-14 20:39:42.198725: I external/local_tsl/tsl/framework/bfc_allocator.cc:1103] 1 Chunks of size 116654080 totalling 111.25MiB
2025-06-14 20:39:42.199032: I external/local_tsl/tsl/framework/bfc_allocator.cc:1103] 6 Chunks of size 121110528 totalling 693.00MiB
2025-06-14 20:39:42.199379: I external/local_tsl/tsl/framework/bfc_allocator.cc:1103] 2 Chunks of size 209715200 totalling 400.00MiB
2025-06-14 20:39:42.199714: I external/local_tsl/tsl/framework/bfc_allocator.cc:1103] 3 Chunks of size 242221056 totalling 693.00MiB
2025-06-14 20:39:42.200094: I external/local_tsl/tsl/framework/bfc_allocator.cc:1103] 8 Chunks of size 484442112 totalling 3.61GiB
2025-06-14 20:39:42.200450: I external/local_tsl/tsl/framework/bfc_allocator.cc:1103] 1 Chunks of size 968884224 totalling 924.00MiB
2025-06-14 20:39:42.200819: I external/local_tsl/tsl/framework/bfc_allocator.cc:1103] 6 Chunks of size 1937768448 totalling 10.83GiB
2025-06-14 20:39:42.201175: I external/local_tsl/tsl/framework/bfc_allocator.cc:1107] Sum Total of in-use chunks: 17.58GiB
2025-06-14 20:39:42.201596: I external/local_tsl/tsl/framework/bfc_allocator.cc:1109] Total bytes in pool: 23575789568 memory_limit_: 23575789568 available bytes: 0 curr_region_allocation_bytes_: 34359738368
2025-06-14 20:39:42.201939: I external/local_tsl/tsl/framework/bfc_allocator.cc:1114] Stats: 
Limit:                     23575789568
InUse:                     18882553856
MaxInUse:                  22800760320
NumAllocs:                         912
MaxAllocSize:               4135495424
Reserved:                            0
PeakReserved:                        0
LargestFreeBlock:                    0

2025-06-14 20:39:42.202334: W external/local_tsl/tsl/framework/bfc_allocator.cc:497] ________*********________************************************_**************************************
2025-06-14 20:39:42.202646: W tensorflow/core/framework/op_kernel.cc:1839] OP_REQUIRES failed at concat_op.cc:165 : RESOURCE_EXHAUSTED: OOM when allocating tensor with shape[2,64,192,224,176] and type float on /job:localhost/replica:0/task:0/device:GPU:0 by allocator GPU_0_bfc
Traceback (most recent call last):
  File "/mnt/beegfs/hellgate/home/rb194958e/stroke_segmentation_sota/batch_wise_train.py", line 277, in <module>
    if main():
       ^^^^^^
  File "/mnt/beegfs/hellgate/home/rb194958e/stroke_segmentation_sota/batch_wise_train.py", line 256, in main
    history = model.fit(
              ^^^^^^^^^^
  File "/mnt/beegfs/hellgate/home/rb194958e/.conda/envs/tf215_env/lib/python3.11/site-packages/keras/src/utils/traceback_utils.py", line 70, in error_handler
    raise e.with_traceback(filtered_tb) from None
  File "/mnt/beegfs/hellgate/home/rb194958e/.conda/envs/tf215_env/lib/python3.11/site-packages/tensorflow/python/eager/execute.py", line 53, in quick_execute
    tensors = pywrap_tfe.TFE_Py_Execute(ctx._handle, device_name, op_name,
  ^^^^^^^^^^^^^^^^^^^^^^^^^^^^^^^^^^^^^^^^^^^^^^^^^^^^^^^^^^^^^^^^^^^^^^^^
tensorflow.python.framework.errors_impl.ResourceExhaustedError: Graph execution error:

Detected at node model/concatenate_2/concat defined at (most recent call last):
  File "/mnt/beegfs/hellgate/home/rb194958e/stroke_segmentation_sota/batch_wise_train.py", line 277, in <module>

  File "/mnt/beegfs/hellgate/home/rb194958e/stroke_segmentation_sota/batch_wise_train.py", line 256, in main

  File "/mnt/beegfs/hellgate/home/rb194958e/.conda/envs/tf215_env/lib/python3.11/site-packages/keras/src/utils/traceback_utils.py", line 65, in error_handler

  File "/mnt/beegfs/hellgate/home/rb194958e/.conda/envs/tf215_env/lib/python3.11/site-packages/keras/src/engine/training.py", line 1807, in fit

  File "/mnt/beegfs/hellgate/home/rb194958e/.conda/envs/tf215_env/lib/python3.11/site-packages/keras/src/engine/training.py", line 1401, in train_function

  File "/mnt/beegfs/hellgate/home/rb194958e/.conda/envs/tf215_env/lib/python3.11/site-packages/keras/src/engine/training.py", line 1384, in step_function

  File "/mnt/beegfs/hellgate/home/rb194958e/.conda/envs/tf215_env/lib/python3.11/site-packages/keras/src/engine/training.py", line 1373, in run_step

  File "/mnt/beegfs/hellgate/home/rb194958e/.conda/envs/tf215_env/lib/python3.11/site-packages/keras/src/engine/training.py", line 1150, in train_step

  File "/mnt/beegfs/hellgate/home/rb194958e/.conda/envs/tf215_env/lib/python3.11/site-packages/keras/src/utils/traceback_utils.py", line 65, in error_handler

  File "/mnt/beegfs/hellgate/home/rb194958e/.conda/envs/tf215_env/lib/python3.11/site-packages/keras/src/engine/training.py", line 590, in __call__

  File "/mnt/beegfs/hellgate/home/rb194958e/.conda/envs/tf215_env/lib/python3.11/site-packages/keras/src/utils/traceback_utils.py", line 65, in error_handler

  File "/mnt/beegfs/hellgate/home/rb194958e/.conda/envs/tf215_env/lib/python3.11/site-packages/keras/src/engine/base_layer.py", line 1149, in __call__

  File "/mnt/beegfs/hellgate/home/rb194958e/.conda/envs/tf215_env/lib/python3.11/site-packages/keras/src/utils/traceback_utils.py", line 96, in error_handler

  File "/mnt/beegfs/hellgate/home/rb194958e/.conda/envs/tf215_env/lib/python3.11/site-packages/keras/src/engine/functional.py", line 515, in call

  File "/mnt/beegfs/hellgate/home/rb194958e/.conda/envs/tf215_env/lib/python3.11/site-packages/keras/src/engine/functional.py", line 672, in _run_internal_graph

  File "/mnt/beegfs/hellgate/home/rb194958e/.conda/envs/tf215_env/lib/python3.11/site-packages/keras/src/utils/traceback_utils.py", line 65, in error_handler

  File "/mnt/beegfs/hellgate/home/rb194958e/.conda/envs/tf215_env/lib/python3.11/site-packages/keras/src/engine/base_layer.py", line 1149, in __call__

  File "/mnt/beegfs/hellgate/home/rb194958e/.conda/envs/tf215_env/lib/python3.11/site-packages/keras/src/utils/traceback_utils.py", line 96, in error_handler

  File "/mnt/beegfs/hellgate/home/rb194958e/.conda/envs/tf215_env/lib/python3.11/site-packages/keras/src/layers/merging/base_merge.py", line 196, in call

  File "/mnt/beegfs/hellgate/home/rb194958e/.conda/envs/tf215_env/lib/python3.11/site-packages/keras/src/layers/merging/concatenate.py", line 134, in _merge_function

  File "/mnt/beegfs/hellgate/home/rb194958e/.conda/envs/tf215_env/lib/python3.11/site-packages/keras/src/backend.py", line 3580, in concatenate

OOM when allocating tensor with shape[2,64,192,224,176] and type float on /job:localhost/replica:0/task:0/device:GPU:0 by allocator GPU_0_bfc
	 [[{{node model/concatenate_2/concat}}]]
Hint: If you want to see a list of allocated tensors when OOM happens, add report_tensor_allocations_upon_oom to RunOptions for current allocation info. This isn't available when running in Eager mode.
 [Op:__inference_train_function_7309]
2025-06-14 20:39:42.362825: W tensorflow/core/kernels/data/generator_dataset_op.cc:108] Error occurred when finalizing GeneratorDataset iterator: FAILED_PRECONDITION: Python interpreter state is not initialized. The process may be terminated.
	 [[{{node PyFunc}}]]
/var/spool/slurmd/job1124034/slurm_script: line 320: EOF: command not found
/var/spool/slurmd/job1124034/slurm_script: line 330: unexpected EOF while looking for matching ``'
/var/spool/slurmd/job1124034/slurm_script: line 339: syntax error: unexpected end of file
