2025-06-14 22:21:54.419598: I tensorflow/core/util/port.cc:113] oneDNN custom operations are on. You may see slightly different numerical results due to floating-point round-off errors from different computation orders. To turn them off, set the environment variable `TF_ENABLE_ONEDNN_OPTS=0`.
2025-06-14 22:21:55.154557: E external/local_xla/xla/stream_executor/cuda/cuda_dnn.cc:9261] Unable to register cuDNN factory: Attempting to register factory for plugin cuDNN when one has already been registered
2025-06-14 22:21:55.155166: E external/local_xla/xla/stream_executor/cuda/cuda_fft.cc:607] Unable to register cuFFT factory: Attempting to register factory for plugin cuFFT when one has already been registered
2025-06-14 22:21:55.269985: E external/local_xla/xla/stream_executor/cuda/cuda_blas.cc:1515] Unable to register cuBLAS factory: Attempting to register factory for plugin cuBLAS when one has already been registered
2025-06-14 22:21:55.521878: I tensorflow/core/platform/cpu_feature_guard.cc:182] This TensorFlow binary is optimized to use available CPU instructions in performance-critical operations.
To enable the following instructions: AVX2 AVX512F AVX512_VNNI FMA, in other operations, rebuild TensorFlow with the appropriate compiler flags.
2025-06-14 22:22:02.220971: W tensorflow/compiler/tf2tensorrt/utils/py_utils.cc:38] TF-TRT Warning: Could not find TensorRT
INFO:__main__:🚀 Starting Stroke Lesion Segmentation Training
INFO:__main__:Using 1 GPU(s)
INFO:__main__:Creating data generators...
INFO:__main__:Found 655 valid image/mask pairs
INFO:__main__:Found 655 valid image/mask pairs
INFO:__main__:Training batches: 262
INFO:__main__:Validation batches: 65
INFO:__main__:Building model...
2025-06-14 22:22:16.734212: I tensorflow/core/common_runtime/gpu/gpu_device.cc:1929] Created device /job:localhost/replica:0/task:0/device:GPU:0 with 22483 MB memory:  -> device: 0, name: NVIDIA RTX 4500 Ada Generation, pci bus id: 0000:1c:00.0, compute capability: 8.9
INFO:__main__:Model parameters: 5,605,345
INFO:__main__:Starting training...
pixdim[0] (qfac) should be 1 (default) or -1; setting qfac to 1
INFO:nibabel.global:pixdim[0] (qfac) should be 1 (default) or -1; setting qfac to 1
pixdim[0] (qfac) should be 1 (default) or -1; setting qfac to 1
INFO:nibabel.global:pixdim[0] (qfac) should be 1 (default) or -1; setting qfac to 1
pixdim[0] (qfac) should be 1 (default) or -1; setting qfac to 1
INFO:nibabel.global:pixdim[0] (qfac) should be 1 (default) or -1; setting qfac to 1
pixdim[0] (qfac) should be 1 (default) or -1; setting qfac to 1
INFO:nibabel.global:pixdim[0] (qfac) should be 1 (default) or -1; setting qfac to 1
2025-06-14 22:22:24.372277: I external/local_xla/xla/stream_executor/cuda/cuda_dnn.cc:454] Loaded cuDNN version 8907
pixdim[0] (qfac) should be 1 (default) or -1; setting qfac to 1
INFO:nibabel.global:pixdim[0] (qfac) should be 1 (default) or -1; setting qfac to 1
pixdim[0] (qfac) should be 1 (default) or -1; setting qfac to 1
INFO:nibabel.global:pixdim[0] (qfac) should be 1 (default) or -1; setting qfac to 1
pixdim[0] (qfac) should be 1 (default) or -1; setting qfac to 1
INFO:nibabel.global:pixdim[0] (qfac) should be 1 (default) or -1; setting qfac to 1
pixdim[0] (qfac) should be 1 (default) or -1; setting qfac to 1
INFO:nibabel.global:pixdim[0] (qfac) should be 1 (default) or -1; setting qfac to 1
2025-06-14 22:22:40.859288: W external/local_tsl/tsl/framework/bfc_allocator.cc:296] Allocator (GPU_0_bfc) ran out of memory trying to allocate 2.27GiB with freed_by_count=0. The caller indicates that this is not a failure, but this may mean that there could be performance gains if more memory were available.
2025-06-14 22:22:40.960612: W external/local_tsl/tsl/framework/bfc_allocator.cc:296] Allocator (GPU_0_bfc) ran out of memory trying to allocate 2.30GiB with freed_by_count=0. The caller indicates that this is not a failure, but this may mean that there could be performance gains if more memory were available.
2025-06-14 22:22:40.961623: W external/local_tsl/tsl/framework/bfc_allocator.cc:296] Allocator (GPU_0_bfc) ran out of memory trying to allocate 2.27GiB with freed_by_count=0. The caller indicates that this is not a failure, but this may mean that there could be performance gains if more memory were available.
2025-06-14 22:22:41.582279: W external/local_tsl/tsl/framework/bfc_allocator.cc:296] Allocator (GPU_0_bfc) ran out of memory trying to allocate 2.27GiB with freed_by_count=0. The caller indicates that this is not a failure, but this may mean that there could be performance gains if more memory were available.
2025-06-14 22:22:41.635767: W external/local_tsl/tsl/framework/bfc_allocator.cc:296] Allocator (GPU_0_bfc) ran out of memory trying to allocate 2.30GiB with freed_by_count=0. The caller indicates that this is not a failure, but this may mean that there could be performance gains if more memory were available.
2025-06-14 22:22:41.636814: W external/local_tsl/tsl/framework/bfc_allocator.cc:296] Allocator (GPU_0_bfc) ran out of memory trying to allocate 2.27GiB with freed_by_count=0. The caller indicates that this is not a failure, but this may mean that there could be performance gains if more memory were available.
2025-06-14 22:22:52.257606: W external/local_tsl/tsl/framework/bfc_allocator.cc:485] Allocator (GPU_0_bfc) ran out of memory trying to allocate 3.61GiB (rounded to 3875536896)requested by op model/concatenate_2/concat
If the cause is memory fragmentation maybe the environment variable 'TF_GPU_ALLOCATOR=cuda_malloc_async' will improve the situation. 
Current allocation summary follows.
Current allocation summary follows.
2025-06-14 22:22:52.258632: I external/local_tsl/tsl/framework/bfc_allocator.cc:1039] BFCAllocator dump for GPU_0_bfc
2025-06-14 22:22:52.259339: I external/local_tsl/tsl/framework/bfc_allocator.cc:1046] Bin (256): 	Total Chunks: 155, Chunks in use: 155. 38.8KiB allocated for chunks. 38.8KiB in use in bin. 20.7KiB client-requested in use in bin.
2025-06-14 22:22:52.259851: I external/local_tsl/tsl/framework/bfc_allocator.cc:1046] Bin (512): 	Total Chunks: 56, Chunks in use: 55. 28.2KiB allocated for chunks. 27.8KiB in use in bin. 27.5KiB client-requested in use in bin.
2025-06-14 22:22:52.260298: I external/local_tsl/tsl/framework/bfc_allocator.cc:1046] Bin (1024): 	Total Chunks: 27, Chunks in use: 27. 27.2KiB allocated for chunks. 27.2KiB in use in bin. 27.0KiB client-requested in use in bin.
2025-06-14 22:22:52.260685: I external/local_tsl/tsl/framework/bfc_allocator.cc:1046] Bin (2048): 	Total Chunks: 3, Chunks in use: 3. 10.5KiB allocated for chunks. 10.5KiB in use in bin. 10.1KiB client-requested in use in bin.
2025-06-14 22:22:52.261054: I external/local_tsl/tsl/framework/bfc_allocator.cc:1046] Bin (4096): 	Total Chunks: 0, Chunks in use: 0. 0B allocated for chunks. 0B in use in bin. 0B client-requested in use in bin.
2025-06-14 22:22:52.261368: I external/local_tsl/tsl/framework/bfc_allocator.cc:1046] Bin (8192): 	Total Chunks: 0, Chunks in use: 0. 0B allocated for chunks. 0B in use in bin. 0B client-requested in use in bin.
2025-06-14 22:22:52.261714: I external/local_tsl/tsl/framework/bfc_allocator.cc:1046] Bin (16384): 	Total Chunks: 0, Chunks in use: 0. 0B allocated for chunks. 0B in use in bin. 0B client-requested in use in bin.
2025-06-14 22:22:52.262039: I external/local_tsl/tsl/framework/bfc_allocator.cc:1046] Bin (32768): 	Total Chunks: 0, Chunks in use: 0. 0B allocated for chunks. 0B in use in bin. 0B client-requested in use in bin.
2025-06-14 22:22:52.262376: I external/local_tsl/tsl/framework/bfc_allocator.cc:1046] Bin (65536): 	Total Chunks: 7, Chunks in use: 7. 653.0KiB allocated for chunks. 653.0KiB in use in bin. 624.0KiB client-requested in use in bin.
2025-06-14 22:22:52.262722: I external/local_tsl/tsl/framework/bfc_allocator.cc:1046] Bin (131072): 	Total Chunks: 8, Chunks in use: 8. 1.58MiB allocated for chunks. 1.58MiB in use in bin. 1.48MiB client-requested in use in bin.
2025-06-14 22:22:52.263048: I external/local_tsl/tsl/framework/bfc_allocator.cc:1046] Bin (262144): 	Total Chunks: 8, Chunks in use: 8. 2.95MiB allocated for chunks. 2.95MiB in use in bin. 2.86MiB client-requested in use in bin.
2025-06-14 22:22:52.263469: I external/local_tsl/tsl/framework/bfc_allocator.cc:1046] Bin (524288): 	Total Chunks: 7, Chunks in use: 7. 5.89MiB allocated for chunks. 5.89MiB in use in bin. 5.48MiB client-requested in use in bin.
2025-06-14 22:22:52.263931: I external/local_tsl/tsl/framework/bfc_allocator.cc:1046] Bin (1048576): 	Total Chunks: 9, Chunks in use: 9. 14.02MiB allocated for chunks. 14.02MiB in use in bin. 13.12MiB client-requested in use in bin.
2025-06-14 22:22:52.264284: I external/local_tsl/tsl/framework/bfc_allocator.cc:1046] Bin (2097152): 	Total Chunks: 5, Chunks in use: 5. 17.38MiB allocated for chunks. 17.38MiB in use in bin. 16.88MiB client-requested in use in bin.
2025-06-14 22:22:52.264640: I external/local_tsl/tsl/framework/bfc_allocator.cc:1046] Bin (4194304): 	Total Chunks: 3, Chunks in use: 3. 18.12MiB allocated for chunks. 18.12MiB in use in bin. 16.88MiB client-requested in use in bin.
2025-06-14 22:22:52.264970: I external/local_tsl/tsl/framework/bfc_allocator.cc:1046] Bin (8388608): 	Total Chunks: 3, Chunks in use: 3. 40.62MiB allocated for chunks. 40.62MiB in use in bin. 35.62MiB client-requested in use in bin.
2025-06-14 22:22:52.265316: I external/local_tsl/tsl/framework/bfc_allocator.cc:1046] Bin (16777216): 	Total Chunks: 5, Chunks in use: 4. 140.19MiB allocated for chunks. 115.50MiB in use in bin. 115.50MiB client-requested in use in bin.
2025-06-14 22:22:52.265659: I external/local_tsl/tsl/framework/bfc_allocator.cc:1046] Bin (33554432): 	Total Chunks: 2, Chunks in use: 2. 115.50MiB allocated for chunks. 115.50MiB in use in bin. 115.50MiB client-requested in use in bin.
2025-06-14 22:22:52.266000: I external/local_tsl/tsl/framework/bfc_allocator.cc:1046] Bin (67108864): 	Total Chunks: 8, Chunks in use: 8. 874.50MiB allocated for chunks. 874.50MiB in use in bin. 808.50MiB client-requested in use in bin.
2025-06-14 22:22:52.266328: I external/local_tsl/tsl/framework/bfc_allocator.cc:1046] Bin (134217728): 	Total Chunks: 5, Chunks in use: 5. 1.07GiB allocated for chunks. 1.07GiB in use in bin. 924.00MiB client-requested in use in bin.
2025-06-14 22:22:52.266644: I external/local_tsl/tsl/framework/bfc_allocator.cc:1046] Bin (268435456): 	Total Chunks: 18, Chunks in use: 15. 19.69GiB allocated for chunks. 15.34GiB in use in bin. 15.34GiB client-requested in use in bin.
2025-06-14 22:22:52.266965: I external/local_tsl/tsl/framework/bfc_allocator.cc:1062] Bin for 3.61GiB was 256.00MiB, Chunk State: 
2025-06-14 22:22:52.267335: I external/local_tsl/tsl/framework/bfc_allocator.cc:1068]   Size: 453.50MiB | Requested Size: 16.00MiB | in_use: 0 | bin_num: 20, prev:   Size: 462.00MiB | Requested Size: 462.00MiB | in_use: 1 | bin_num: -1
2025-06-14 22:22:52.267667: I external/local_tsl/tsl/framework/bfc_allocator.cc:1068]   Size: 1.80GiB | Requested Size: 1.80GiB | in_use: 0 | bin_num: 20, next:   Size: 1.80GiB | Requested Size: 1.80GiB | in_use: 1 | bin_num: -1
2025-06-14 22:22:52.268006: I external/local_tsl/tsl/framework/bfc_allocator.cc:1068]   Size: 2.10GiB | Requested Size: 1.82GiB | in_use: 0 | bin_num: 20, prev:   Size: 1.80GiB | Requested Size: 1.80GiB | in_use: 1 | bin_num: -1
2025-06-14 22:22:52.268409: I external/local_tsl/tsl/framework/bfc_allocator.cc:1075] Next region of size 6129582080
2025-06-14 22:22:52.268855: I external/local_tsl/tsl/framework/bfc_allocator.cc:1095] Free  at 7f4ade000000 of size 1937768448 next 107
2025-06-14 22:22:52.269287: I external/local_tsl/tsl/framework/bfc_allocator.cc:1095] InUse at 7f4b51800000 of size 1937768448 next 329
2025-06-14 22:22:52.269654: I external/local_tsl/tsl/framework/bfc_allocator.cc:1095] Free  at 7f4bc5000000 of size 2254045184 next 18446744073709551615
2025-06-14 22:22:52.270008: I external/local_tsl/tsl/framework/bfc_allocator.cc:1075] Next region of size 8589934592
2025-06-14 22:22:52.270460: I external/local_tsl/tsl/framework/bfc_allocator.cc:1095] InUse at 7f4c76000000 of size 1937768448 next 282
2025-06-14 22:22:52.270796: I external/local_tsl/tsl/framework/bfc_allocator.cc:1095] InUse at 7f4ce9800000 of size 242221056 next 283
2025-06-14 22:22:52.271139: I external/local_tsl/tsl/framework/bfc_allocator.cc:1095] InUse at 7f4cf7f00000 of size 484442112 next 284
2025-06-14 22:22:52.271488: I external/local_tsl/tsl/framework/bfc_allocator.cc:1095] InUse at 7f4d14d00000 of size 484442112 next 285
2025-06-14 22:22:52.271841: I external/local_tsl/tsl/framework/bfc_allocator.cc:1095] InUse at 7f4d31b00000 of size 484442112 next 29
2025-06-14 22:22:52.272179: I external/local_tsl/tsl/framework/bfc_allocator.cc:1095] InUse at 7f4d4e900000 of size 484442112 next 289
2025-06-14 22:22:52.272514: I external/local_tsl/tsl/framework/bfc_allocator.cc:1095] InUse at 7f4d6b700000 of size 484442112 next 293
2025-06-14 22:22:52.272878: I external/local_tsl/tsl/framework/bfc_allocator.cc:1095] InUse at 7f4d88500000 of size 121110528 next 47
2025-06-14 22:22:52.273213: I external/local_tsl/tsl/framework/bfc_allocator.cc:1095] InUse at 7f4d8f880000 of size 121110528 next 296
2025-06-14 22:22:52.273536: I external/local_tsl/tsl/framework/bfc_allocator.cc:1095] InUse at 7f4d96c00000 of size 121110528 next 300
2025-06-14 22:22:52.273940: I external/local_tsl/tsl/framework/bfc_allocator.cc:1095] InUse at 7f4d9df80000 of size 30277632 next 302
2025-06-14 22:22:52.274317: I external/local_tsl/tsl/framework/bfc_allocator.cc:1095] InUse at 7f4d9fc60000 of size 30277632 next 303
2025-06-14 22:22:52.274730: I external/local_tsl/tsl/framework/bfc_allocator.cc:1095] InUse at 7f4da1940000 of size 30277632 next 66
2025-06-14 22:22:52.275078: I external/local_tsl/tsl/framework/bfc_allocator.cc:1095] InUse at 7f4da3620000 of size 30277632 next 307
2025-06-14 22:22:52.275427: I external/local_tsl/tsl/framework/bfc_allocator.cc:1095] InUse at 7f4da5300000 of size 121110528 next 76
2025-06-14 22:22:52.275758: I external/local_tsl/tsl/framework/bfc_allocator.cc:1095] InUse at 7f4dac680000 of size 121110528 next 312
2025-06-14 22:22:52.276087: I external/local_tsl/tsl/framework/bfc_allocator.cc:1095] InUse at 7f4db3a00000 of size 242221056 next 311
2025-06-14 22:22:52.276402: I external/local_tsl/tsl/framework/bfc_allocator.cc:1095] InUse at 7f4dc2100000 of size 121110528 next 85
2025-06-14 22:22:52.276732: I external/local_tsl/tsl/framework/bfc_allocator.cc:1095] InUse at 7f4dc9480000 of size 484442112 next 325
2025-06-14 22:22:52.277094: I external/local_tsl/tsl/framework/bfc_allocator.cc:1095] InUse at 7f4de6280000 of size 484442112 next 320
2025-06-14 22:22:52.277413: I external/local_tsl/tsl/framework/bfc_allocator.cc:1095] InUse at 7f4e03080000 of size 968884224 next 319
2025-06-14 22:22:52.277754: I external/local_tsl/tsl/framework/bfc_allocator.cc:1095] InUse at 7f4e3cc80000 of size 484442112 next 91
2025-06-14 22:22:52.278100: I external/local_tsl/tsl/framework/bfc_allocator.cc:1095] Free  at 7f4e59a80000 of size 475529216 next 18446744073709551615
2025-06-14 22:22:52.278433: I external/local_tsl/tsl/framework/bfc_allocator.cc:1075] Next region of size 4294967296
2025-06-14 22:22:52.278872: I external/local_tsl/tsl/framework/bfc_allocator.cc:1095] InUse at 7f4e9c000000 of size 1937768448 next 11
2025-06-14 22:22:52.279232: I external/local_tsl/tsl/framework/bfc_allocator.cc:1095] InUse at 7f4f0f800000 of size 1937768448 next 277
2025-06-14 22:22:52.279636: I external/local_tsl/tsl/framework/bfc_allocator.cc:1095] InUse at 7f4f83000000 of size 242221056 next 20
2025-06-14 22:22:52.280003: I external/local_tsl/tsl/framework/bfc_allocator.cc:1095] InUse at 7f4f91700000 of size 60555264 next 38
2025-06-14 22:22:52.280375: I external/local_tsl/tsl/framework/bfc_allocator.cc:1095] InUse at 7f4f950c0000 of size 116654080 next 18446744073709551615
2025-06-14 22:22:52.280747: I external/local_tsl/tsl/framework/bfc_allocator.cc:1075] Next region of size 2147483648
2025-06-14 22:22:52.281221: I external/local_tsl/tsl/framework/bfc_allocator.cc:1095] InUse at 7f4fc8000000 of size 1937768448 next 265
2025-06-14 22:22:52.281595: I external/local_tsl/tsl/framework/bfc_allocator.cc:1095] InUse at 7f503b800000 of size 209715200 next 18446744073709551615
2025-06-14 22:22:52.281964: I external/local_tsl/tsl/framework/bfc_allocator.cc:1075] Next region of size 2147483648
2025-06-14 22:22:52.282393: I external/local_tsl/tsl/framework/bfc_allocator.cc:1095] InUse at 7f5050000000 of size 1937768448 next 267
2025-06-14 22:22:52.282799: I external/local_tsl/tsl/framework/bfc_allocator.cc:1095] InUse at 7f50c3800000 of size 209715200 next 18446744073709551615
2025-06-14 22:22:52.283220: I external/local_tsl/tsl/framework/bfc_allocator.cc:1075] Next region of size 134217728
2025-06-14 22:22:52.283653: I external/local_tsl/tsl/framework/bfc_allocator.cc:1095] InUse at 7f5162000000 of size 60555264 next 264
2025-06-14 22:22:52.284026: I external/local_tsl/tsl/framework/bfc_allocator.cc:1095] InUse at 7f51659c0000 of size 73662464 next 18446744073709551615
2025-06-14 22:22:52.284379: I external/local_tsl/tsl/framework/bfc_allocator.cc:1075] Next region of size 67108864
2025-06-14 22:22:52.284823: I external/local_tsl/tsl/framework/bfc_allocator.cc:1095] InUse at 7f516a000000 of size 3538944 next 198
2025-06-14 22:22:52.285184: I external/local_tsl/tsl/framework/bfc_allocator.cc:1095] InUse at 7f516a360000 of size 1769472 next 205
2025-06-14 22:22:52.285539: I external/local_tsl/tsl/framework/bfc_allocator.cc:1095] InUse at 7f516a510000 of size 1769472 next 206
2025-06-14 22:22:52.285901: I external/local_tsl/tsl/framework/bfc_allocator.cc:1095] InUse at 7f516a6c0000 of size 262144 next 213
2025-06-14 22:22:52.286280: I external/local_tsl/tsl/framework/bfc_allocator.cc:1095] InUse at 7f516a700000 of size 262144 next 214
2025-06-14 22:22:52.286651: I external/local_tsl/tsl/framework/bfc_allocator.cc:1095] InUse at 7f516a740000 of size 884736 next 217
2025-06-14 22:22:52.287005: I external/local_tsl/tsl/framework/bfc_allocator.cc:1095] InUse at 7f516a818000 of size 884736 next 218
2025-06-14 22:22:52.287364: I external/local_tsl/tsl/framework/bfc_allocator.cc:1095] InUse at 7f516a8f0000 of size 442368 next 225
2025-06-14 22:22:52.287969: I external/local_tsl/tsl/framework/bfc_allocator.cc:1095] InUse at 7f516a95c000 of size 442368 next 226
2025-06-14 22:22:52.288339: I external/local_tsl/tsl/framework/bfc_allocator.cc:1095] InUse at 7f516a9c8000 of size 256 next 234
2025-06-14 22:22:52.288797: I external/local_tsl/tsl/framework/bfc_allocator.cc:1095] InUse at 7f516a9c8100 of size 256 next 235
2025-06-14 22:22:52.289297: I external/local_tsl/tsl/framework/bfc_allocator.cc:1095] InUse at 7f516a9c8200 of size 221184 next 236
2025-06-14 22:22:52.289815: I external/local_tsl/tsl/framework/bfc_allocator.cc:1095] InUse at 7f516a9fe200 of size 221184 next 237
2025-06-14 22:22:52.290181: I external/local_tsl/tsl/framework/bfc_allocator.cc:1095] InUse at 7f516aa34200 of size 256 next 238
2025-06-14 22:22:52.290612: I external/local_tsl/tsl/framework/bfc_allocator.cc:1095] InUse at 7f516aa34300 of size 256 next 239
2025-06-14 22:22:52.291043: I external/local_tsl/tsl/framework/bfc_allocator.cc:1095] InUse at 7f516aa34400 of size 256 next 240
2025-06-14 22:22:52.291460: I external/local_tsl/tsl/framework/bfc_allocator.cc:1095] InUse at 7f516aa34500 of size 256 next 241
2025-06-14 22:22:52.291939: I external/local_tsl/tsl/framework/bfc_allocator.cc:1095] InUse at 7f516aa34600 of size 256 next 242
2025-06-14 22:22:52.292375: I external/local_tsl/tsl/framework/bfc_allocator.cc:1095] InUse at 7f516aa34700 of size 256 next 243
2025-06-14 22:22:52.292799: I external/local_tsl/tsl/framework/bfc_allocator.cc:1095] InUse at 7f516aa34800 of size 110592 next 244
2025-06-14 22:22:52.293177: I external/local_tsl/tsl/framework/bfc_allocator.cc:1095] InUse at 7f516aa4f800 of size 110592 next 245
2025-06-14 22:22:52.293546: I external/local_tsl/tsl/framework/bfc_allocator.cc:1095] InUse at 7f516aa6a800 of size 256 next 246
2025-06-14 22:22:52.293987: I external/local_tsl/tsl/framework/bfc_allocator.cc:1095] InUse at 7f516aa6a900 of size 256 next 247
2025-06-14 22:22:52.294443: I external/local_tsl/tsl/framework/bfc_allocator.cc:1095] InUse at 7f516aa6aa00 of size 256 next 248
2025-06-14 22:22:52.294889: I external/local_tsl/tsl/framework/bfc_allocator.cc:1095] InUse at 7f516aa6ab00 of size 256 next 249
2025-06-14 22:22:52.295344: I external/local_tsl/tsl/framework/bfc_allocator.cc:1095] InUse at 7f516aa6ac00 of size 256 next 250
2025-06-14 22:22:52.295773: I external/local_tsl/tsl/framework/bfc_allocator.cc:1095] InUse at 7f516aa6ad00 of size 256 next 251
2025-06-14 22:22:52.296203: I external/local_tsl/tsl/framework/bfc_allocator.cc:1095] InUse at 7f516aa6ae00 of size 256 next 252
2025-06-14 22:22:52.296610: I external/local_tsl/tsl/framework/bfc_allocator.cc:1095] InUse at 7f516aa6af00 of size 256 next 253
2025-06-14 22:22:52.297089: I external/local_tsl/tsl/framework/bfc_allocator.cc:1095] InUse at 7f516aa6b000 of size 256 next 254
2025-06-14 22:22:52.297518: I external/local_tsl/tsl/framework/bfc_allocator.cc:1095] InUse at 7f516aa6b100 of size 256 next 255
2025-06-14 22:22:52.297958: I external/local_tsl/tsl/framework/bfc_allocator.cc:1095] InUse at 7f516aa6b200 of size 256 next 256
2025-06-14 22:22:52.298419: I external/local_tsl/tsl/framework/bfc_allocator.cc:1095] InUse at 7f516aa6b300 of size 256 next 257
2025-06-14 22:22:52.298881: I external/local_tsl/tsl/framework/bfc_allocator.cc:1095] InUse at 7f516aa6b400 of size 256 next 258
2025-06-14 22:22:52.299298: I external/local_tsl/tsl/framework/bfc_allocator.cc:1095] InUse at 7f516aa6b500 of size 256 next 259
2025-06-14 22:22:52.299770: I external/local_tsl/tsl/framework/bfc_allocator.cc:1095] InUse at 7f516aa6b600 of size 256 next 260
2025-06-14 22:22:52.300228: I external/local_tsl/tsl/framework/bfc_allocator.cc:1095] InUse at 7f516aa6b700 of size 256 next 261
2025-06-14 22:22:52.300701: I external/local_tsl/tsl/framework/bfc_allocator.cc:1095] InUse at 7f516aa6b800 of size 256 next 262
2025-06-14 22:22:52.301167: I external/local_tsl/tsl/framework/bfc_allocator.cc:1095] InUse at 7f516aa6b900 of size 256 next 263
2025-06-14 22:22:52.301610: I external/local_tsl/tsl/framework/bfc_allocator.cc:1095] InUse at 7f516aa6ba00 of size 256 next 272
2025-06-14 22:22:52.302043: I external/local_tsl/tsl/framework/bfc_allocator.cc:1095] InUse at 7f516aa6bb00 of size 256 next 274
2025-06-14 22:22:52.302535: I external/local_tsl/tsl/framework/bfc_allocator.cc:1095] InUse at 7f516aa6bc00 of size 256 next 275
2025-06-14 22:22:52.302975: I external/local_tsl/tsl/framework/bfc_allocator.cc:1095] InUse at 7f516aa6bd00 of size 256 next 276
2025-06-14 22:22:52.303410: I external/local_tsl/tsl/framework/bfc_allocator.cc:1095] InUse at 7f516aa6be00 of size 256 next 280
2025-06-14 22:22:52.303875: I external/local_tsl/tsl/framework/bfc_allocator.cc:1095] InUse at 7f516aa6bf00 of size 256 next 281
2025-06-14 22:22:52.304321: I external/local_tsl/tsl/framework/bfc_allocator.cc:1095] InUse at 7f516aa6c000 of size 256 next 287
2025-06-14 22:22:52.304776: I external/local_tsl/tsl/framework/bfc_allocator.cc:1095] InUse at 7f516aa6c100 of size 256 next 288
2025-06-14 22:22:52.305227: I external/local_tsl/tsl/framework/bfc_allocator.cc:1095] InUse at 7f516aa6c200 of size 256 next 291
2025-06-14 22:22:52.305674: I external/local_tsl/tsl/framework/bfc_allocator.cc:1095] InUse at 7f516aa6c300 of size 256 next 292
2025-06-14 22:22:52.306143: I external/local_tsl/tsl/framework/bfc_allocator.cc:1095] InUse at 7f516aa6c400 of size 512 next 294
2025-06-14 22:22:52.306585: I external/local_tsl/tsl/framework/bfc_allocator.cc:1095] InUse at 7f516aa6c600 of size 768 next 268
2025-06-14 22:22:52.307089: I external/local_tsl/tsl/framework/bfc_allocator.cc:1095] InUse at 7f516aa6c900 of size 256 next 269
2025-06-14 22:22:52.307564: I external/local_tsl/tsl/framework/bfc_allocator.cc:1095] InUse at 7f516aa6ca00 of size 256 next 270
2025-06-14 22:22:52.308074: I external/local_tsl/tsl/framework/bfc_allocator.cc:1095] InUse at 7f516aa6cb00 of size 512 next 295
2025-06-14 22:22:52.308559: I external/local_tsl/tsl/framework/bfc_allocator.cc:1095] InUse at 7f516aa6cd00 of size 512 next 298
2025-06-14 22:22:52.309030: I external/local_tsl/tsl/framework/bfc_allocator.cc:1095] InUse at 7f516aa6cf00 of size 512 next 299
2025-06-14 22:22:52.309537: I external/local_tsl/tsl/framework/bfc_allocator.cc:1095] InUse at 7f516aa6d100 of size 15138816 next 56
2025-06-14 22:22:52.310027: I external/local_tsl/tsl/framework/bfc_allocator.cc:1095] InUse at 7f516b8dd100 of size 15138816 next 301
2025-06-14 22:22:52.310397: I external/local_tsl/tsl/framework/bfc_allocator.cc:1095] InUse at 7f516c74d100 of size 1024 next 304
2025-06-14 22:22:52.310876: I external/local_tsl/tsl/framework/bfc_allocator.cc:1095] InUse at 7f516c74d500 of size 1024 next 305
2025-06-14 22:22:52.311390: I external/local_tsl/tsl/framework/bfc_allocator.cc:1095] InUse at 7f516c74d900 of size 1024 next 306
2025-06-14 22:22:52.311922: I external/local_tsl/tsl/framework/bfc_allocator.cc:1095] InUse at 7f516c74dd00 of size 1024 next 309
2025-06-14 22:22:52.312441: I external/local_tsl/tsl/framework/bfc_allocator.cc:1095] InUse at 7f516c74e100 of size 1024 next 310
2025-06-14 22:22:52.312914: I external/local_tsl/tsl/framework/bfc_allocator.cc:1095] InUse at 7f516c74e500 of size 512 next 317
2025-06-14 22:22:52.313378: I external/local_tsl/tsl/framework/bfc_allocator.cc:1095] InUse at 7f516c74e700 of size 512 next 318
2025-06-14 22:22:52.313815: I external/local_tsl/tsl/framework/bfc_allocator.cc:1095] InUse at 7f516c74e900 of size 256 next 326
2025-06-14 22:22:52.314255: I external/local_tsl/tsl/framework/bfc_allocator.cc:1095] InUse at 7f516c74ea00 of size 256 next 327
2025-06-14 22:22:52.314715: I external/local_tsl/tsl/framework/bfc_allocator.cc:1095] Free  at 7f516c74eb00 of size 25892096 next 18446744073709551615
2025-06-14 22:22:52.315130: I external/local_tsl/tsl/framework/bfc_allocator.cc:1075] Next region of size 33554432
2025-06-14 22:22:52.315586: I external/local_tsl/tsl/framework/bfc_allocator.cc:1095] InUse at 7f5182000000 of size 3538944 next 83
2025-06-14 22:22:52.315985: I external/local_tsl/tsl/framework/bfc_allocator.cc:1095] InUse at 7f5182360000 of size 221184 next 152
2025-06-14 22:22:52.316338: I external/local_tsl/tsl/framework/bfc_allocator.cc:1095] InUse at 7f5182396000 of size 221184 next 106
2025-06-14 22:22:52.316710: I external/local_tsl/tsl/framework/bfc_allocator.cc:1095] InUse at 7f51823cc000 of size 442368 next 100
2025-06-14 22:22:52.317106: I external/local_tsl/tsl/framework/bfc_allocator.cc:1095] InUse at 7f5182438000 of size 884736 next 90
2025-06-14 22:22:52.317460: I external/local_tsl/tsl/framework/bfc_allocator.cc:1095] InUse at 7f5182510000 of size 1769472 next 74
2025-06-14 22:22:52.317849: I external/local_tsl/tsl/framework/bfc_allocator.cc:1095] InUse at 7f51826c0000 of size 7077888 next 72
2025-06-14 22:22:52.318217: I external/local_tsl/tsl/framework/bfc_allocator.cc:1095] InUse at 7f5182d80000 of size 7077888 next 187
2025-06-14 22:22:52.318572: I external/local_tsl/tsl/framework/bfc_allocator.cc:1095] InUse at 7f5183440000 of size 12320768 next 18446744073709551615
2025-06-14 22:22:52.318935: I external/local_tsl/tsl/framework/bfc_allocator.cc:1075] Next region of size 16777216
2025-06-14 22:22:52.319360: I external/local_tsl/tsl/framework/bfc_allocator.cc:1095] InUse at 7f518a000000 of size 1769472 next 173
2025-06-14 22:22:52.319708: I external/local_tsl/tsl/framework/bfc_allocator.cc:1095] InUse at 7f518a1b0000 of size 1769472 next 64
2025-06-14 22:22:52.320081: I external/local_tsl/tsl/framework/bfc_allocator.cc:1095] InUse at 7f518a360000 of size 3538944 next 62
2025-06-14 22:22:52.320434: I external/local_tsl/tsl/framework/bfc_allocator.cc:1095] InUse at 7f518a6c0000 of size 3538944 next 180
2025-06-14 22:22:52.320877: I external/local_tsl/tsl/framework/bfc_allocator.cc:1095] InUse at 7f518aa20000 of size 1048576 next 194
2025-06-14 22:22:52.321276: I external/local_tsl/tsl/framework/bfc_allocator.cc:1095] InUse at 7f518ab20000 of size 1048576 next 195
2025-06-14 22:22:52.321811: I external/local_tsl/tsl/framework/bfc_allocator.cc:1095] InUse at 7f518ac20000 of size 4063232 next 18446744073709551615
2025-06-14 22:22:52.322192: I external/local_tsl/tsl/framework/bfc_allocator.cc:1075] Next region of size 2097152
2025-06-14 22:22:52.322657: I external/local_tsl/tsl/framework/bfc_allocator.cc:1095] InUse at 7f51e2e00000 of size 1280 next 1
2025-06-14 22:22:52.323100: I external/local_tsl/tsl/framework/bfc_allocator.cc:1095] InUse at 7f51e2e00500 of size 256 next 2
2025-06-14 22:22:52.323524: I external/local_tsl/tsl/framework/bfc_allocator.cc:1095] InUse at 7f51e2e00600 of size 256 next 3
2025-06-14 22:22:52.323958: I external/local_tsl/tsl/framework/bfc_allocator.cc:1095] InUse at 7f51e2e00700 of size 256 next 5
2025-06-14 22:22:52.324375: I external/local_tsl/tsl/framework/bfc_allocator.cc:1095] InUse at 7f51e2e00800 of size 256 next 6
2025-06-14 22:22:52.324784: I external/local_tsl/tsl/framework/bfc_allocator.cc:1095] InUse at 7f51e2e00900 of size 256 next 4
2025-06-14 22:22:52.325231: I external/local_tsl/tsl/framework/bfc_allocator.cc:1095] InUse at 7f51e2e00a00 of size 256 next 7
2025-06-14 22:22:52.325654: I external/local_tsl/tsl/framework/bfc_allocator.cc:1095] InUse at 7f51e2e00b00 of size 256 next 10
2025-06-14 22:22:52.326065: I external/local_tsl/tsl/framework/bfc_allocator.cc:1095] InUse at 7f51e2e00c00 of size 256 next 278
2025-06-14 22:22:52.326526: I external/local_tsl/tsl/framework/bfc_allocator.cc:1095] InUse at 7f51e2e00d00 of size 256 next 12
2025-06-14 22:22:52.326958: I external/local_tsl/tsl/framework/bfc_allocator.cc:1095] InUse at 7f51e2e00e00 of size 256 next 13
2025-06-14 22:22:52.327369: I external/local_tsl/tsl/framework/bfc_allocator.cc:1095] InUse at 7f51e2e00f00 of size 256 next 14
2025-06-14 22:22:52.327820: I external/local_tsl/tsl/framework/bfc_allocator.cc:1095] InUse at 7f51e2e01000 of size 256 next 17
2025-06-14 22:22:52.328302: I external/local_tsl/tsl/framework/bfc_allocator.cc:1095] InUse at 7f51e2e01100 of size 256 next 15
2025-06-14 22:22:52.328751: I external/local_tsl/tsl/framework/bfc_allocator.cc:1095] InUse at 7f51e2e01200 of size 256 next 16
2025-06-14 22:22:52.329219: I external/local_tsl/tsl/framework/bfc_allocator.cc:1095] InUse at 7f51e2e01300 of size 256 next 286
2025-06-14 22:22:52.329647: I external/local_tsl/tsl/framework/bfc_allocator.cc:1095] InUse at 7f51e2e01400 of size 256 next 21
2025-06-14 22:22:52.330118: I external/local_tsl/tsl/framework/bfc_allocator.cc:1095] InUse at 7f51e2e01500 of size 256 next 22
2025-06-14 22:22:52.330611: I external/local_tsl/tsl/framework/bfc_allocator.cc:1095] InUse at 7f51e2e01600 of size 256 next 23
2025-06-14 22:22:52.331014: I external/local_tsl/tsl/framework/bfc_allocator.cc:1095] InUse at 7f51e2e01700 of size 256 next 24
2025-06-14 22:22:52.331450: I external/local_tsl/tsl/framework/bfc_allocator.cc:1095] InUse at 7f51e2e01800 of size 256 next 25
2025-06-14 22:22:52.331910: I external/local_tsl/tsl/framework/bfc_allocator.cc:1095] InUse at 7f51e2e01900 of size 256 next 28
2025-06-14 22:22:52.332349: I external/local_tsl/tsl/framework/bfc_allocator.cc:1095] InUse at 7f51e2e01a00 of size 256 next 290
2025-06-14 22:22:52.332828: I external/local_tsl/tsl/framework/bfc_allocator.cc:1095] InUse at 7f51e2e01b00 of size 256 next 30
2025-06-14 22:22:52.333308: I external/local_tsl/tsl/framework/bfc_allocator.cc:1095] InUse at 7f51e2e01c00 of size 256 next 31
2025-06-14 22:22:52.333760: I external/local_tsl/tsl/framework/bfc_allocator.cc:1095] InUse at 7f51e2e01d00 of size 256 next 32
2025-06-14 22:22:52.334210: I external/local_tsl/tsl/framework/bfc_allocator.cc:1095] InUse at 7f51e2e01e00 of size 256 next 35
2025-06-14 22:22:52.334638: I external/local_tsl/tsl/framework/bfc_allocator.cc:1095] InUse at 7f51e2e01f00 of size 256 next 33
2025-06-14 22:22:52.335152: I external/local_tsl/tsl/framework/bfc_allocator.cc:1095] InUse at 7f51e2e02000 of size 256 next 34
2025-06-14 22:22:52.335605: I external/local_tsl/tsl/framework/bfc_allocator.cc:1095] InUse at 7f51e2e02100 of size 512 next 39
2025-06-14 22:22:52.336113: I external/local_tsl/tsl/framework/bfc_allocator.cc:1095] InUse at 7f51e2e02300 of size 256 next 40
2025-06-14 22:22:52.336561: I external/local_tsl/tsl/framework/bfc_allocator.cc:1095] InUse at 7f51e2e02400 of size 256 next 41
2025-06-14 22:22:52.337047: I external/local_tsl/tsl/framework/bfc_allocator.cc:1095] InUse at 7f51e2e02500 of size 256 next 8
2025-06-14 22:22:52.337490: I external/local_tsl/tsl/framework/bfc_allocator.cc:1095] InUse at 7f51e2e02600 of size 3584 next 9
2025-06-14 22:22:52.337980: I external/local_tsl/tsl/framework/bfc_allocator.cc:1095] InUse at 7f51e2e03400 of size 512 next 42
2025-06-14 22:22:52.338433: I external/local_tsl/tsl/framework/bfc_allocator.cc:1095] InUse at 7f51e2e03600 of size 512 next 45
2025-06-14 22:22:52.338925: I external/local_tsl/tsl/framework/bfc_allocator.cc:1095] InUse at 7f51e2e03800 of size 512 next 46
2025-06-14 22:22:52.339373: I external/local_tsl/tsl/framework/bfc_allocator.cc:1095] InUse at 7f51e2e03a00 of size 512 next 297
2025-06-14 22:22:52.339831: I external/local_tsl/tsl/framework/bfc_allocator.cc:1095] InUse at 7f51e2e03c00 of size 512 next 48
2025-06-14 22:22:52.340389: I external/local_tsl/tsl/framework/bfc_allocator.cc:1095] InUse at 7f51e2e03e00 of size 256 next 49
2025-06-14 22:22:52.340888: I external/local_tsl/tsl/framework/bfc_allocator.cc:1095] InUse at 7f51e2e03f00 of size 512 next 50
2025-06-14 22:22:52.341315: I external/local_tsl/tsl/framework/bfc_allocator.cc:1095] InUse at 7f51e2e04100 of size 512 next 51
2025-06-14 22:22:52.341742: I external/local_tsl/tsl/framework/bfc_allocator.cc:1095] InUse at 7f51e2e04300 of size 512 next 55
2025-06-14 22:22:52.342176: I external/local_tsl/tsl/framework/bfc_allocator.cc:1095] InUse at 7f51e2e04500 of size 1024 next 57
2025-06-14 22:22:52.342608: I external/local_tsl/tsl/framework/bfc_allocator.cc:1095] InUse at 7f51e2e04900 of size 256 next 58
2025-06-14 22:22:52.343090: I external/local_tsl/tsl/framework/bfc_allocator.cc:1095] InUse at 7f51e2e04a00 of size 256 next 59
2025-06-14 22:22:52.343531: I external/local_tsl/tsl/framework/bfc_allocator.cc:1095] InUse at 7f51e2e04b00 of size 1024 next 60
2025-06-14 22:22:52.344013: I external/local_tsl/tsl/framework/bfc_allocator.cc:1095] InUse at 7f51e2e04f00 of size 1024 next 61
2025-06-14 22:22:52.344494: I external/local_tsl/tsl/framework/bfc_allocator.cc:1095] InUse at 7f51e2e05300 of size 1024 next 65
2025-06-14 22:22:52.345022: I external/local_tsl/tsl/framework/bfc_allocator.cc:1095] InUse at 7f51e2e05700 of size 1024 next 308
2025-06-14 22:22:52.345491: I external/local_tsl/tsl/framework/bfc_allocator.cc:1095] InUse at 7f51e2e05b00 of size 1024 next 67
2025-06-14 22:22:52.345978: I external/local_tsl/tsl/framework/bfc_allocator.cc:1095] InUse at 7f51e2e05f00 of size 256 next 68
2025-06-14 22:22:52.346503: I external/local_tsl/tsl/framework/bfc_allocator.cc:1095] InUse at 7f51e2e06000 of size 256 next 69
2025-06-14 22:22:52.346995: I external/local_tsl/tsl/framework/bfc_allocator.cc:1095] InUse at 7f51e2e06100 of size 1024 next 70
2025-06-14 22:22:52.347438: I external/local_tsl/tsl/framework/bfc_allocator.cc:1095] InUse at 7f51e2e06500 of size 1024 next 71
2025-06-14 22:22:52.347907: I external/local_tsl/tsl/framework/bfc_allocator.cc:1095] InUse at 7f51e2e06900 of size 1024 next 75
2025-06-14 22:22:52.348380: I external/local_tsl/tsl/framework/bfc_allocator.cc:1095] InUse at 7f51e2e06d00 of size 512 next 313
2025-06-14 22:22:52.348879: I external/local_tsl/tsl/framework/bfc_allocator.cc:1095] InUse at 7f51e2e06f00 of size 512 next 314
2025-06-14 22:22:52.349404: I external/local_tsl/tsl/framework/bfc_allocator.cc:1095] InUse at 7f51e2e07100 of size 512 next 315
2025-06-14 22:22:52.349880: I external/local_tsl/tsl/framework/bfc_allocator.cc:1095] InUse at 7f51e2e07300 of size 512 next 77
2025-06-14 22:22:52.350371: I external/local_tsl/tsl/framework/bfc_allocator.cc:1095] InUse at 7f51e2e07500 of size 256 next 78
2025-06-14 22:22:52.350972: I external/local_tsl/tsl/framework/bfc_allocator.cc:1095] InUse at 7f51e2e07600 of size 256 next 79
2025-06-14 22:22:52.351554: I external/local_tsl/tsl/framework/bfc_allocator.cc:1095] InUse at 7f51e2e07700 of size 512 next 80
2025-06-14 22:22:52.352098: I external/local_tsl/tsl/framework/bfc_allocator.cc:1095] InUse at 7f51e2e07900 of size 512 next 81
2025-06-14 22:22:52.352637: I external/local_tsl/tsl/framework/bfc_allocator.cc:1095] InUse at 7f51e2e07b00 of size 512 next 82
2025-06-14 22:22:52.353160: I external/local_tsl/tsl/framework/bfc_allocator.cc:1095] InUse at 7f51e2e07d00 of size 512 next 84
2025-06-14 22:22:52.353666: I external/local_tsl/tsl/framework/bfc_allocator.cc:1095] InUse at 7f51e2e07f00 of size 512 next 316
2025-06-14 22:22:52.354140: I external/local_tsl/tsl/framework/bfc_allocator.cc:1095] InUse at 7f51e2e08100 of size 512 next 86
2025-06-14 22:22:52.354598: I external/local_tsl/tsl/framework/bfc_allocator.cc:1095] InUse at 7f51e2e08300 of size 512 next 87
2025-06-14 22:22:52.355086: I external/local_tsl/tsl/framework/bfc_allocator.cc:1095] InUse at 7f51e2e08500 of size 512 next 88
2025-06-14 22:22:52.355597: I external/local_tsl/tsl/framework/bfc_allocator.cc:1095] InUse at 7f51e2e08700 of size 512 next 89
2025-06-14 22:22:52.356099: I external/local_tsl/tsl/framework/bfc_allocator.cc:1095] InUse at 7f51e2e08900 of size 256 next 321
2025-06-14 22:22:52.356596: I external/local_tsl/tsl/framework/bfc_allocator.cc:1095] InUse at 7f51e2e08a00 of size 256 next 323
2025-06-14 22:22:52.357093: I external/local_tsl/tsl/framework/bfc_allocator.cc:1095] InUse at 7f51e2e08b00 of size 256 next 324
2025-06-14 22:22:52.357553: I external/local_tsl/tsl/framework/bfc_allocator.cc:1095] InUse at 7f51e2e08c00 of size 256 next 92
2025-06-14 22:22:52.358075: I external/local_tsl/tsl/framework/bfc_allocator.cc:1095] InUse at 7f51e2e08d00 of size 256 next 93
2025-06-14 22:22:52.358606: I external/local_tsl/tsl/framework/bfc_allocator.cc:1095] InUse at 7f51e2e08e00 of size 256 next 94
2025-06-14 22:22:52.359160: I external/local_tsl/tsl/framework/bfc_allocator.cc:1095] InUse at 7f51e2e08f00 of size 256 next 97
2025-06-14 22:22:52.359663: I external/local_tsl/tsl/framework/bfc_allocator.cc:1095] InUse at 7f51e2e09000 of size 256 next 95
2025-06-14 22:22:52.360101: I external/local_tsl/tsl/framework/bfc_allocator.cc:1095] InUse at 7f51e2e09100 of size 256 next 96
2025-06-14 22:22:52.360520: I external/local_tsl/tsl/framework/bfc_allocator.cc:1095] InUse at 7f51e2e09200 of size 256 next 98
2025-06-14 22:22:52.360933: I external/local_tsl/tsl/framework/bfc_allocator.cc:1095] InUse at 7f51e2e09300 of size 256 next 101
2025-06-14 22:22:52.361357: I external/local_tsl/tsl/framework/bfc_allocator.cc:1095] InUse at 7f51e2e09400 of size 256 next 102
2025-06-14 22:22:52.361778: I external/local_tsl/tsl/framework/bfc_allocator.cc:1095] InUse at 7f51e2e09500 of size 256 next 103
2025-06-14 22:22:52.362281: I external/local_tsl/tsl/framework/bfc_allocator.cc:1095] InUse at 7f51e2e09600 of size 256 next 104
2025-06-14 22:22:52.362714: I external/local_tsl/tsl/framework/bfc_allocator.cc:1095] InUse at 7f51e2e09700 of size 256 next 105
2025-06-14 22:22:52.363202: I external/local_tsl/tsl/framework/bfc_allocator.cc:1095] Free  at 7f51e2e09800 of size 512 next 108
2025-06-14 22:22:52.363674: I external/local_tsl/tsl/framework/bfc_allocator.cc:1095] InUse at 7f51e2e09a00 of size 256 next 109
2025-06-14 22:22:52.364161: I external/local_tsl/tsl/framework/bfc_allocator.cc:1095] InUse at 7f51e2e09b00 of size 256 next 110
2025-06-14 22:22:52.364590: I external/local_tsl/tsl/framework/bfc_allocator.cc:1095] InUse at 7f51e2e09c00 of size 256 next 146
2025-06-14 22:22:52.365025: I external/local_tsl/tsl/framework/bfc_allocator.cc:1095] InUse at 7f51e2e09d00 of size 256 next 147
2025-06-14 22:22:52.365516: I external/local_tsl/tsl/framework/bfc_allocator.cc:1095] InUse at 7f51e2e09e00 of size 256 next 148
2025-06-14 22:22:52.366002: I external/local_tsl/tsl/framework/bfc_allocator.cc:1095] InUse at 7f51e2e09f00 of size 256 next 149
2025-06-14 22:22:52.366477: I external/local_tsl/tsl/framework/bfc_allocator.cc:1095] InUse at 7f51e2e0a000 of size 256 next 150
2025-06-14 22:22:52.366977: I external/local_tsl/tsl/framework/bfc_allocator.cc:1095] InUse at 7f51e2e0a100 of size 256 next 151
2025-06-14 22:22:52.367432: I external/local_tsl/tsl/framework/bfc_allocator.cc:1095] InUse at 7f51e2e0a200 of size 256 next 153
2025-06-14 22:22:52.367885: I external/local_tsl/tsl/framework/bfc_allocator.cc:1095] InUse at 7f51e2e0a300 of size 256 next 154
2025-06-14 22:22:52.368351: I external/local_tsl/tsl/framework/bfc_allocator.cc:1095] InUse at 7f51e2e0a400 of size 256 next 155
2025-06-14 22:22:52.368793: I external/local_tsl/tsl/framework/bfc_allocator.cc:1095] InUse at 7f51e2e0a500 of size 256 next 156
2025-06-14 22:22:52.369269: I external/local_tsl/tsl/framework/bfc_allocator.cc:1095] InUse at 7f51e2e0a600 of size 256 next 157
2025-06-14 22:22:52.369757: I external/local_tsl/tsl/framework/bfc_allocator.cc:1095] InUse at 7f51e2e0a700 of size 256 next 158
2025-06-14 22:22:52.370177: I external/local_tsl/tsl/framework/bfc_allocator.cc:1095] InUse at 7f51e2e0a800 of size 256 next 160
2025-06-14 22:22:52.370639: I external/local_tsl/tsl/framework/bfc_allocator.cc:1095] InUse at 7f51e2e0a900 of size 256 next 161
2025-06-14 22:22:52.371088: I external/local_tsl/tsl/framework/bfc_allocator.cc:1095] InUse at 7f51e2e0aa00 of size 256 next 162
2025-06-14 22:22:52.371542: I external/local_tsl/tsl/framework/bfc_allocator.cc:1095] InUse at 7f51e2e0ab00 of size 256 next 163
2025-06-14 22:22:52.372000: I external/local_tsl/tsl/framework/bfc_allocator.cc:1095] InUse at 7f51e2e0ac00 of size 256 next 164
2025-06-14 22:22:52.372417: I external/local_tsl/tsl/framework/bfc_allocator.cc:1095] InUse at 7f51e2e0ad00 of size 256 next 165
2025-06-14 22:22:52.372826: I external/local_tsl/tsl/framework/bfc_allocator.cc:1095] InUse at 7f51e2e0ae00 of size 512 next 167
2025-06-14 22:22:52.373295: I external/local_tsl/tsl/framework/bfc_allocator.cc:1095] InUse at 7f51e2e0b000 of size 512 next 168
2025-06-14 22:22:52.373738: I external/local_tsl/tsl/framework/bfc_allocator.cc:1095] InUse at 7f51e2e0b200 of size 512 next 169
2025-06-14 22:22:52.374220: I external/local_tsl/tsl/framework/bfc_allocator.cc:1095] InUse at 7f51e2e0b400 of size 512 next 170
2025-06-14 22:22:52.374659: I external/local_tsl/tsl/framework/bfc_allocator.cc:1095] InUse at 7f51e2e0b600 of size 512 next 171
2025-06-14 22:22:52.375092: I external/local_tsl/tsl/framework/bfc_allocator.cc:1095] InUse at 7f51e2e0b800 of size 512 next 172
2025-06-14 22:22:52.375519: I external/local_tsl/tsl/framework/bfc_allocator.cc:1095] InUse at 7f51e2e0ba00 of size 512 next 174
2025-06-14 22:22:52.375961: I external/local_tsl/tsl/framework/bfc_allocator.cc:1095] InUse at 7f51e2e0bc00 of size 512 next 175
2025-06-14 22:22:52.376435: I external/local_tsl/tsl/framework/bfc_allocator.cc:1095] InUse at 7f51e2e0be00 of size 512 next 176
2025-06-14 22:22:52.376893: I external/local_tsl/tsl/framework/bfc_allocator.cc:1095] InUse at 7f51e2e0c000 of size 512 next 177
2025-06-14 22:22:52.377308: I external/local_tsl/tsl/framework/bfc_allocator.cc:1095] InUse at 7f51e2e0c200 of size 512 next 178
2025-06-14 22:22:52.377730: I external/local_tsl/tsl/framework/bfc_allocator.cc:1095] InUse at 7f51e2e0c400 of size 512 next 179
2025-06-14 22:22:52.378172: I external/local_tsl/tsl/framework/bfc_allocator.cc:1095] InUse at 7f51e2e0c600 of size 1024 next 181
2025-06-14 22:22:52.378682: I external/local_tsl/tsl/framework/bfc_allocator.cc:1095] InUse at 7f51e2e0ca00 of size 1024 next 182
2025-06-14 22:22:52.379157: I external/local_tsl/tsl/framework/bfc_allocator.cc:1095] InUse at 7f51e2e0ce00 of size 1024 next 183
2025-06-14 22:22:52.379588: I external/local_tsl/tsl/framework/bfc_allocator.cc:1095] InUse at 7f51e2e0d200 of size 1024 next 184
2025-06-14 22:22:52.380037: I external/local_tsl/tsl/framework/bfc_allocator.cc:1095] InUse at 7f51e2e0d600 of size 1024 next 185
2025-06-14 22:22:52.380501: I external/local_tsl/tsl/framework/bfc_allocator.cc:1095] InUse at 7f51e2e0da00 of size 1024 next 186
2025-06-14 22:22:52.380988: I external/local_tsl/tsl/framework/bfc_allocator.cc:1095] InUse at 7f51e2e0de00 of size 1024 next 188
2025-06-14 22:22:52.381433: I external/local_tsl/tsl/framework/bfc_allocator.cc:1095] InUse at 7f51e2e0e200 of size 1024 next 189
2025-06-14 22:22:52.381908: I external/local_tsl/tsl/framework/bfc_allocator.cc:1095] InUse at 7f51e2e0e600 of size 1024 next 190
2025-06-14 22:22:52.382350: I external/local_tsl/tsl/framework/bfc_allocator.cc:1095] InUse at 7f51e2e0ea00 of size 1024 next 191
2025-06-14 22:22:52.382833: I external/local_tsl/tsl/framework/bfc_allocator.cc:1095] InUse at 7f51e2e0ee00 of size 1024 next 192
2025-06-14 22:22:52.383264: I external/local_tsl/tsl/framework/bfc_allocator.cc:1095] InUse at 7f51e2e0f200 of size 1024 next 193
2025-06-14 22:22:52.383690: I external/local_tsl/tsl/framework/bfc_allocator.cc:1095] InUse at 7f51e2e0f600 of size 512 next 196
2025-06-14 22:22:52.384097: I external/local_tsl/tsl/framework/bfc_allocator.cc:1095] InUse at 7f51e2e0f800 of size 512 next 197
2025-06-14 22:22:52.384580: I external/local_tsl/tsl/framework/bfc_allocator.cc:1095] InUse at 7f51e2e0fa00 of size 512 next 199
2025-06-14 22:22:52.385072: I external/local_tsl/tsl/framework/bfc_allocator.cc:1095] InUse at 7f51e2e0fc00 of size 512 next 200
2025-06-14 22:22:52.385523: I external/local_tsl/tsl/framework/bfc_allocator.cc:1095] InUse at 7f51e2e0fe00 of size 512 next 201
2025-06-14 22:22:52.386003: I external/local_tsl/tsl/framework/bfc_allocator.cc:1095] InUse at 7f51e2e10000 of size 512 next 202
2025-06-14 22:22:52.386454: I external/local_tsl/tsl/framework/bfc_allocator.cc:1095] InUse at 7f51e2e10200 of size 512 next 203
2025-06-14 22:22:52.386888: I external/local_tsl/tsl/framework/bfc_allocator.cc:1095] InUse at 7f51e2e10400 of size 512 next 204
2025-06-14 22:22:52.387377: I external/local_tsl/tsl/framework/bfc_allocator.cc:1095] InUse at 7f51e2e10600 of size 512 next 207
2025-06-14 22:22:52.387846: I external/local_tsl/tsl/framework/bfc_allocator.cc:1095] InUse at 7f51e2e10800 of size 512 next 208
2025-06-14 22:22:52.388350: I external/local_tsl/tsl/framework/bfc_allocator.cc:1095] InUse at 7f51e2e10a00 of size 512 next 209
2025-06-14 22:22:52.388799: I external/local_tsl/tsl/framework/bfc_allocator.cc:1095] InUse at 7f51e2e10c00 of size 512 next 210
2025-06-14 22:22:52.389245: I external/local_tsl/tsl/framework/bfc_allocator.cc:1095] InUse at 7f51e2e10e00 of size 512 next 211
2025-06-14 22:22:52.389649: I external/local_tsl/tsl/framework/bfc_allocator.cc:1095] InUse at 7f51e2e11000 of size 512 next 212
2025-06-14 22:22:52.390057: I external/local_tsl/tsl/framework/bfc_allocator.cc:1095] InUse at 7f51e2e11200 of size 256 next 215
2025-06-14 22:22:52.390449: I external/local_tsl/tsl/framework/bfc_allocator.cc:1095] InUse at 7f51e2e11300 of size 256 next 216
2025-06-14 22:22:52.390845: I external/local_tsl/tsl/framework/bfc_allocator.cc:1095] InUse at 7f51e2e11400 of size 256 next 219
2025-06-14 22:22:52.391315: I external/local_tsl/tsl/framework/bfc_allocator.cc:1095] InUse at 7f51e2e11500 of size 256 next 220
2025-06-14 22:22:52.391723: I external/local_tsl/tsl/framework/bfc_allocator.cc:1095] InUse at 7f51e2e11600 of size 256 next 221
2025-06-14 22:22:52.392178: I external/local_tsl/tsl/framework/bfc_allocator.cc:1095] InUse at 7f51e2e11700 of size 256 next 222
2025-06-14 22:22:52.392639: I external/local_tsl/tsl/framework/bfc_allocator.cc:1095] InUse at 7f51e2e11800 of size 256 next 223
2025-06-14 22:22:52.393092: I external/local_tsl/tsl/framework/bfc_allocator.cc:1095] InUse at 7f51e2e11900 of size 256 next 224
2025-06-14 22:22:52.393537: I external/local_tsl/tsl/framework/bfc_allocator.cc:1095] InUse at 7f51e2e11a00 of size 256 next 227
2025-06-14 22:22:52.393955: I external/local_tsl/tsl/framework/bfc_allocator.cc:1095] InUse at 7f51e2e11b00 of size 256 next 228
2025-06-14 22:22:52.394420: I external/local_tsl/tsl/framework/bfc_allocator.cc:1095] InUse at 7f51e2e11c00 of size 256 next 229
2025-06-14 22:22:52.394858: I external/local_tsl/tsl/framework/bfc_allocator.cc:1095] InUse at 7f51e2e11d00 of size 256 next 230
2025-06-14 22:22:52.395339: I external/local_tsl/tsl/framework/bfc_allocator.cc:1095] InUse at 7f51e2e11e00 of size 256 next 231
2025-06-14 22:22:52.395775: I external/local_tsl/tsl/framework/bfc_allocator.cc:1095] InUse at 7f51e2e11f00 of size 256 next 232
2025-06-14 22:22:52.396228: I external/local_tsl/tsl/framework/bfc_allocator.cc:1095] InUse at 7f51e2e12000 of size 65536 next 233
2025-06-14 22:22:52.396566: I external/local_tsl/tsl/framework/bfc_allocator.cc:1095] InUse at 7f51e2e22000 of size 95232 next 19
2025-06-14 22:22:52.397032: I external/local_tsl/tsl/framework/bfc_allocator.cc:1095] InUse at 7f51e2e39400 of size 110592 next 18
2025-06-14 22:22:52.397355: I external/local_tsl/tsl/framework/bfc_allocator.cc:1095] InUse at 7f51e2e54400 of size 65536 next 115
2025-06-14 22:22:52.397726: I external/local_tsl/tsl/framework/bfc_allocator.cc:1095] InUse at 7f51e2e64400 of size 256 next 112
2025-06-14 22:22:52.398199: I external/local_tsl/tsl/framework/bfc_allocator.cc:1095] InUse at 7f51e2e64500 of size 256 next 114
2025-06-14 22:22:52.398623: I external/local_tsl/tsl/framework/bfc_allocator.cc:1095] InUse at 7f51e2e64600 of size 256 next 113
2025-06-14 22:22:52.399069: I external/local_tsl/tsl/framework/bfc_allocator.cc:1095] InUse at 7f51e2e64700 of size 256 next 111
2025-06-14 22:22:52.399494: I external/local_tsl/tsl/framework/bfc_allocator.cc:1095] InUse at 7f51e2e64800 of size 256 next 117
2025-06-14 22:22:52.399916: I external/local_tsl/tsl/framework/bfc_allocator.cc:1095] InUse at 7f51e2e64900 of size 256 next 118
2025-06-14 22:22:52.400336: I external/local_tsl/tsl/framework/bfc_allocator.cc:1095] InUse at 7f51e2e64a00 of size 256 next 120
2025-06-14 22:22:52.400714: I external/local_tsl/tsl/framework/bfc_allocator.cc:1095] InUse at 7f51e2e64b00 of size 256 next 119
2025-06-14 22:22:52.401112: I external/local_tsl/tsl/framework/bfc_allocator.cc:1095] InUse at 7f51e2e64c00 of size 256 next 121
2025-06-14 22:22:52.401577: I external/local_tsl/tsl/framework/bfc_allocator.cc:1095] InUse at 7f51e2e64d00 of size 256 next 123
2025-06-14 22:22:52.401981: I external/local_tsl/tsl/framework/bfc_allocator.cc:1095] InUse at 7f51e2e64e00 of size 256 next 124
2025-06-14 22:22:52.402408: I external/local_tsl/tsl/framework/bfc_allocator.cc:1095] InUse at 7f51e2e64f00 of size 256 next 125
2025-06-14 22:22:52.402838: I external/local_tsl/tsl/framework/bfc_allocator.cc:1095] InUse at 7f51e2e65000 of size 256 next 126
2025-06-14 22:22:52.403298: I external/local_tsl/tsl/framework/bfc_allocator.cc:1095] InUse at 7f51e2e65100 of size 256 next 128
2025-06-14 22:22:52.403716: I external/local_tsl/tsl/framework/bfc_allocator.cc:1095] InUse at 7f51e2e65200 of size 256 next 127
2025-06-14 22:22:52.404139: I external/local_tsl/tsl/framework/bfc_allocator.cc:1095] InUse at 7f51e2e65300 of size 256 next 129
2025-06-14 22:22:52.404603: I external/local_tsl/tsl/framework/bfc_allocator.cc:1095] InUse at 7f51e2e65400 of size 256 next 130
2025-06-14 22:22:52.405066: I external/local_tsl/tsl/framework/bfc_allocator.cc:1095] InUse at 7f51e2e65500 of size 256 next 131
2025-06-14 22:22:52.405489: I external/local_tsl/tsl/framework/bfc_allocator.cc:1095] InUse at 7f51e2e65600 of size 256 next 132
2025-06-14 22:22:52.405915: I external/local_tsl/tsl/framework/bfc_allocator.cc:1095] InUse at 7f51e2e65700 of size 256 next 133
2025-06-14 22:22:52.406340: I external/local_tsl/tsl/framework/bfc_allocator.cc:1095] InUse at 7f51e2e65800 of size 256 next 137
2025-06-14 22:22:52.406788: I external/local_tsl/tsl/framework/bfc_allocator.cc:1095] InUse at 7f51e2e65900 of size 256 next 136
2025-06-14 22:22:52.407298: I external/local_tsl/tsl/framework/bfc_allocator.cc:1095] InUse at 7f51e2e65a00 of size 3584 next 138
2025-06-14 22:22:52.407729: I external/local_tsl/tsl/framework/bfc_allocator.cc:1095] InUse at 7f51e2e66800 of size 3584 next 139
2025-06-14 22:22:52.408154: I external/local_tsl/tsl/framework/bfc_allocator.cc:1095] InUse at 7f51e2e67600 of size 256 next 140
2025-06-14 22:22:52.408638: I external/local_tsl/tsl/framework/bfc_allocator.cc:1095] InUse at 7f51e2e67700 of size 256 next 141
2025-06-14 22:22:52.409109: I external/local_tsl/tsl/framework/bfc_allocator.cc:1095] InUse at 7f51e2e67800 of size 256 next 142
2025-06-14 22:22:52.409559: I external/local_tsl/tsl/framework/bfc_allocator.cc:1095] InUse at 7f51e2e67900 of size 256 next 143
2025-06-14 22:22:52.410039: I external/local_tsl/tsl/framework/bfc_allocator.cc:1095] InUse at 7f51e2e67a00 of size 256 next 144
2025-06-14 22:22:52.410473: I external/local_tsl/tsl/framework/bfc_allocator.cc:1095] InUse at 7f51e2e67b00 of size 256 next 145
2025-06-14 22:22:52.410929: I external/local_tsl/tsl/framework/bfc_allocator.cc:1095] InUse at 7f51e2e67c00 of size 141312 next 27
2025-06-14 22:22:52.411271: I external/local_tsl/tsl/framework/bfc_allocator.cc:1095] InUse at 7f51e2e8a400 of size 221184 next 26
2025-06-14 22:22:52.411628: I external/local_tsl/tsl/framework/bfc_allocator.cc:1095] InUse at 7f51e2ec0400 of size 442368 next 159
2025-06-14 22:22:52.412003: I external/local_tsl/tsl/framework/bfc_allocator.cc:1095] InUse at 7f51e2f2c400 of size 867328 next 18446744073709551615
2025-06-14 22:22:52.412401: I external/local_tsl/tsl/framework/bfc_allocator.cc:1075] Next region of size 4194304
2025-06-14 22:22:52.412847: I external/local_tsl/tsl/framework/bfc_allocator.cc:1095] InUse at 7f51e3400000 of size 442368 next 37
2025-06-14 22:22:52.413271: I external/local_tsl/tsl/framework/bfc_allocator.cc:1095] InUse at 7f51e346c000 of size 221184 next 116
2025-06-14 22:22:52.413697: I external/local_tsl/tsl/framework/bfc_allocator.cc:1095] InUse at 7f51e34a2000 of size 110592 next 122
2025-06-14 22:22:52.414035: I external/local_tsl/tsl/framework/bfc_allocator.cc:1095] InUse at 7f51e34bd000 of size 192512 next 99
2025-06-14 22:22:52.414398: I external/local_tsl/tsl/framework/bfc_allocator.cc:1095] InUse at 7f51e34ec000 of size 360448 next 44
2025-06-14 22:22:52.414824: I external/local_tsl/tsl/framework/bfc_allocator.cc:1095] InUse at 7f51e3544000 of size 884736 next 43
2025-06-14 22:22:52.415242: I external/local_tsl/tsl/framework/bfc_allocator.cc:1095] InUse at 7f51e361c000 of size 1982464 next 18446744073709551615
2025-06-14 22:22:52.415656: I external/local_tsl/tsl/framework/bfc_allocator.cc:1075] Next region of size 8388608
2025-06-14 22:22:52.416072: I external/local_tsl/tsl/framework/bfc_allocator.cc:1095] InUse at 7f51e3800000 of size 884736 next 166
2025-06-14 22:22:52.416417: I external/local_tsl/tsl/framework/bfc_allocator.cc:1095] InUse at 7f51e38d8000 of size 884736 next 54
2025-06-14 22:22:52.416756: I external/local_tsl/tsl/framework/bfc_allocator.cc:1095] InUse at 7f51e39b0000 of size 1769472 next 52
2025-06-14 22:22:52.417051: I external/local_tsl/tsl/framework/bfc_allocator.cc:1095] InUse at 7f51e3b60000 of size 4849664 next 18446744073709551615
2025-06-14 22:22:52.417346: I external/local_tsl/tsl/framework/bfc_allocator.cc:1100]      Summary of in-use Chunks by size: 
2025-06-14 22:22:52.417837: I external/local_tsl/tsl/framework/bfc_allocator.cc:1103] 155 Chunks of size 256 totalling 38.8KiB
2025-06-14 22:22:52.418251: I external/local_tsl/tsl/framework/bfc_allocator.cc:1103] 54 Chunks of size 512 totalling 27.0KiB
2025-06-14 22:22:52.418668: I external/local_tsl/tsl/framework/bfc_allocator.cc:1103] 1 Chunks of size 768 totalling 768B
2025-06-14 22:22:52.419120: I external/local_tsl/tsl/framework/bfc_allocator.cc:1103] 26 Chunks of size 1024 totalling 26.0KiB
2025-06-14 22:22:52.419563: I external/local_tsl/tsl/framework/bfc_allocator.cc:1103] 1 Chunks of size 1280 totalling 1.2KiB
2025-06-14 22:22:52.419992: I external/local_tsl/tsl/framework/bfc_allocator.cc:1103] 3 Chunks of size 3584 totalling 10.5KiB
2025-06-14 22:22:52.420387: I external/local_tsl/tsl/framework/bfc_allocator.cc:1103] 2 Chunks of size 65536 totalling 128.0KiB
2025-06-14 22:22:52.420850: I external/local_tsl/tsl/framework/bfc_allocator.cc:1103] 1 Chunks of size 95232 totalling 93.0KiB
2025-06-14 22:22:52.421302: I external/local_tsl/tsl/framework/bfc_allocator.cc:1103] 4 Chunks of size 110592 totalling 432.0KiB
2025-06-14 22:22:52.421728: I external/local_tsl/tsl/framework/bfc_allocator.cc:1103] 1 Chunks of size 141312 totalling 138.0KiB
2025-06-14 22:22:52.422193: I external/local_tsl/tsl/framework/bfc_allocator.cc:1103] 1 Chunks of size 192512 totalling 188.0KiB
2025-06-14 22:22:52.422623: I external/local_tsl/tsl/framework/bfc_allocator.cc:1103] 6 Chunks of size 221184 totalling 1.27MiB
2025-06-14 22:22:52.423072: I external/local_tsl/tsl/framework/bfc_allocator.cc:1103] 2 Chunks of size 262144 totalling 512.0KiB
2025-06-14 22:22:52.423516: I external/local_tsl/tsl/framework/bfc_allocator.cc:1103] 1 Chunks of size 360448 totalling 352.0KiB
2025-06-14 22:22:52.423939: I external/local_tsl/tsl/framework/bfc_allocator.cc:1103] 5 Chunks of size 442368 totalling 2.11MiB
2025-06-14 22:22:52.424379: I external/local_tsl/tsl/framework/bfc_allocator.cc:1103] 1 Chunks of size 867328 totalling 847.0KiB
2025-06-14 22:22:52.424876: I external/local_tsl/tsl/framework/bfc_allocator.cc:1103] 6 Chunks of size 884736 totalling 5.06MiB
2025-06-14 22:22:52.425284: I external/local_tsl/tsl/framework/bfc_allocator.cc:1103] 2 Chunks of size 1048576 totalling 2.00MiB
2025-06-14 22:22:52.425694: I external/local_tsl/tsl/framework/bfc_allocator.cc:1103] 6 Chunks of size 1769472 totalling 10.12MiB
2025-06-14 22:22:52.426147: I external/local_tsl/tsl/framework/bfc_allocator.cc:1103] 1 Chunks of size 1982464 totalling 1.89MiB
2025-06-14 22:22:52.426607: I external/local_tsl/tsl/framework/bfc_allocator.cc:1103] 4 Chunks of size 3538944 totalling 13.50MiB
2025-06-14 22:22:52.427021: I external/local_tsl/tsl/framework/bfc_allocator.cc:1103] 1 Chunks of size 4063232 totalling 3.88MiB
2025-06-14 22:22:52.427417: I external/local_tsl/tsl/framework/bfc_allocator.cc:1103] 1 Chunks of size 4849664 totalling 4.62MiB
2025-06-14 22:22:52.427805: I external/local_tsl/tsl/framework/bfc_allocator.cc:1103] 2 Chunks of size 7077888 totalling 13.50MiB
2025-06-14 22:22:52.428263: I external/local_tsl/tsl/framework/bfc_allocator.cc:1103] 1 Chunks of size 12320768 totalling 11.75MiB
2025-06-14 22:22:52.428590: I external/local_tsl/tsl/framework/bfc_allocator.cc:1103] 2 Chunks of size 15138816 totalling 28.88MiB
2025-06-14 22:22:52.428943: I external/local_tsl/tsl/framework/bfc_allocator.cc:1103] 4 Chunks of size 30277632 totalling 115.50MiB
2025-06-14 22:22:52.429256: I external/local_tsl/tsl/framework/bfc_allocator.cc:1103] 2 Chunks of size 60555264 totalling 115.50MiB
2025-06-14 22:22:52.429638: I external/local_tsl/tsl/framework/bfc_allocator.cc:1103] 1 Chunks of size 73662464 totalling 70.25MiB
2025-06-14 22:22:52.429960: I external/local_tsl/tsl/framework/bfc_allocator.cc:1103] 1 Chunks of size 116654080 totalling 111.25MiB
2025-06-14 22:22:52.430255: I external/local_tsl/tsl/framework/bfc_allocator.cc:1103] 6 Chunks of size 121110528 totalling 693.00MiB
2025-06-14 22:22:52.430626: I external/local_tsl/tsl/framework/bfc_allocator.cc:1103] 2 Chunks of size 209715200 totalling 400.00MiB
2025-06-14 22:22:52.430999: I external/local_tsl/tsl/framework/bfc_allocator.cc:1103] 3 Chunks of size 242221056 totalling 693.00MiB
2025-06-14 22:22:52.431316: I external/local_tsl/tsl/framework/bfc_allocator.cc:1103] 8 Chunks of size 484442112 totalling 3.61GiB
2025-06-14 22:22:52.431612: I external/local_tsl/tsl/framework/bfc_allocator.cc:1103] 1 Chunks of size 968884224 totalling 924.00MiB
2025-06-14 22:22:52.431924: I external/local_tsl/tsl/framework/bfc_allocator.cc:1103] 6 Chunks of size 1937768448 totalling 10.83GiB
2025-06-14 22:22:52.432299: I external/local_tsl/tsl/framework/bfc_allocator.cc:1107] Sum Total of in-use chunks: 17.58GiB
2025-06-14 22:22:52.432745: I external/local_tsl/tsl/framework/bfc_allocator.cc:1109] Total bytes in pool: 23575789568 memory_limit_: 23575789568 available bytes: 0 curr_region_allocation_bytes_: 34359738368
2025-06-14 22:22:52.433058: I external/local_tsl/tsl/framework/bfc_allocator.cc:1114] Stats: 
Limit:                     23575789568
InUse:                     18882554112
MaxInUse:                  22800760320
NumAllocs:                         912
MaxAllocSize:               4135495424
Reserved:                            0
PeakReserved:                        0
LargestFreeBlock:                    0

2025-06-14 22:22:52.433424: W external/local_tsl/tsl/framework/bfc_allocator.cc:497] ________*********________************************************_**************************************
2025-06-14 22:22:52.433934: W tensorflow/core/framework/op_kernel.cc:1839] OP_REQUIRES failed at concat_op.cc:165 : RESOURCE_EXHAUSTED: OOM when allocating tensor with shape[2,64,192,224,176] and type float on /job:localhost/replica:0/task:0/device:GPU:0 by allocator GPU_0_bfc
Traceback (most recent call last):
  File "/mnt/beegfs/hellgate/home/rb194958e/stroke_segmentation_sota/batch_wise_train.py", line 277, in <module>
    if main():
       ^^^^^^
  File "/mnt/beegfs/hellgate/home/rb194958e/stroke_segmentation_sota/batch_wise_train.py", line 256, in main
    history = model.fit(
              ^^^^^^^^^^
  File "/mnt/beegfs/hellgate/home/rb194958e/.conda/envs/tf215_env/lib/python3.11/site-packages/keras/src/utils/traceback_utils.py", line 70, in error_handler
    raise e.with_traceback(filtered_tb) from None
  File "/mnt/beegfs/hellgate/home/rb194958e/.conda/envs/tf215_env/lib/python3.11/site-packages/tensorflow/python/eager/execute.py", line 53, in quick_execute
    tensors = pywrap_tfe.TFE_Py_Execute(ctx._handle, device_name, op_name,
  ^^^^^^^^^^^^^^^^^^^^^^^^^^^^^^^^^^^^^^^^^^^^^^^^^^^^^^^^^^^^^^^^^^^^^^^^
tensorflow.python.framework.errors_impl.ResourceExhaustedError: Graph execution error:

Detected at node model/concatenate_2/concat defined at (most recent call last):
  File "/mnt/beegfs/hellgate/home/rb194958e/stroke_segmentation_sota/batch_wise_train.py", line 277, in <module>

  File "/mnt/beegfs/hellgate/home/rb194958e/stroke_segmentation_sota/batch_wise_train.py", line 256, in main

  File "/mnt/beegfs/hellgate/home/rb194958e/.conda/envs/tf215_env/lib/python3.11/site-packages/keras/src/utils/traceback_utils.py", line 65, in error_handler

  File "/mnt/beegfs/hellgate/home/rb194958e/.conda/envs/tf215_env/lib/python3.11/site-packages/keras/src/engine/training.py", line 1807, in fit

  File "/mnt/beegfs/hellgate/home/rb194958e/.conda/envs/tf215_env/lib/python3.11/site-packages/keras/src/engine/training.py", line 1401, in train_function

  File "/mnt/beegfs/hellgate/home/rb194958e/.conda/envs/tf215_env/lib/python3.11/site-packages/keras/src/engine/training.py", line 1384, in step_function

  File "/mnt/beegfs/hellgate/home/rb194958e/.conda/envs/tf215_env/lib/python3.11/site-packages/keras/src/engine/training.py", line 1373, in run_step

  File "/mnt/beegfs/hellgate/home/rb194958e/.conda/envs/tf215_env/lib/python3.11/site-packages/keras/src/engine/training.py", line 1150, in train_step

  File "/mnt/beegfs/hellgate/home/rb194958e/.conda/envs/tf215_env/lib/python3.11/site-packages/keras/src/utils/traceback_utils.py", line 65, in error_handler

  File "/mnt/beegfs/hellgate/home/rb194958e/.conda/envs/tf215_env/lib/python3.11/site-packages/keras/src/engine/training.py", line 590, in __call__

  File "/mnt/beegfs/hellgate/home/rb194958e/.conda/envs/tf215_env/lib/python3.11/site-packages/keras/src/utils/traceback_utils.py", line 65, in error_handler

  File "/mnt/beegfs/hellgate/home/rb194958e/.conda/envs/tf215_env/lib/python3.11/site-packages/keras/src/engine/base_layer.py", line 1149, in __call__

  File "/mnt/beegfs/hellgate/home/rb194958e/.conda/envs/tf215_env/lib/python3.11/site-packages/keras/src/utils/traceback_utils.py", line 96, in error_handler

  File "/mnt/beegfs/hellgate/home/rb194958e/.conda/envs/tf215_env/lib/python3.11/site-packages/keras/src/engine/functional.py", line 515, in call

  File "/mnt/beegfs/hellgate/home/rb194958e/.conda/envs/tf215_env/lib/python3.11/site-packages/keras/src/engine/functional.py", line 672, in _run_internal_graph

  File "/mnt/beegfs/hellgate/home/rb194958e/.conda/envs/tf215_env/lib/python3.11/site-packages/keras/src/utils/traceback_utils.py", line 65, in error_handler

  File "/mnt/beegfs/hellgate/home/rb194958e/.conda/envs/tf215_env/lib/python3.11/site-packages/keras/src/engine/base_layer.py", line 1149, in __call__

  File "/mnt/beegfs/hellgate/home/rb194958e/.conda/envs/tf215_env/lib/python3.11/site-packages/keras/src/utils/traceback_utils.py", line 96, in error_handler

  File "/mnt/beegfs/hellgate/home/rb194958e/.conda/envs/tf215_env/lib/python3.11/site-packages/keras/src/layers/merging/base_merge.py", line 196, in call

  File "/mnt/beegfs/hellgate/home/rb194958e/.conda/envs/tf215_env/lib/python3.11/site-packages/keras/src/layers/merging/concatenate.py", line 134, in _merge_function

  File "/mnt/beegfs/hellgate/home/rb194958e/.conda/envs/tf215_env/lib/python3.11/site-packages/keras/src/backend.py", line 3580, in concatenate

OOM when allocating tensor with shape[2,64,192,224,176] and type float on /job:localhost/replica:0/task:0/device:GPU:0 by allocator GPU_0_bfc
	 [[{{node model/concatenate_2/concat}}]]
Hint: If you want to see a list of allocated tensors when OOM happens, add report_tensor_allocations_upon_oom to RunOptions for current allocation info. This isn't available when running in Eager mode.
 [Op:__inference_train_function_7309]
2025-06-14 22:22:52.590191: W tensorflow/core/kernels/data/generator_dataset_op.cc:108] Error occurred when finalizing GeneratorDataset iterator: FAILED_PRECONDITION: Python interpreter state is not initialized. The process may be terminated.
	 [[{{node PyFunc}}]]
/var/spool/slurmd/job1124096/slurm_script: line 320: EOF: command not found
/var/spool/slurmd/job1124096/slurm_script: line 330: unexpected EOF while looking for matching ``'
/var/spool/slurmd/job1124096/slurm_script: line 339: syntax error: unexpected end of file
