2025-06-15 02:55:44.409342: I tensorflow/core/util/port.cc:113] oneDNN custom operations are on. You may see slightly different numerical results due to floating-point round-off errors from different computation orders. To turn them off, set the environment variable `TF_ENABLE_ONEDNN_OPTS=0`.
2025-06-15 02:55:45.129865: E external/local_xla/xla/stream_executor/cuda/cuda_dnn.cc:9261] Unable to register cuDNN factory: Attempting to register factory for plugin cuDNN when one has already been registered
2025-06-15 02:55:45.130505: E external/local_xla/xla/stream_executor/cuda/cuda_fft.cc:607] Unable to register cuFFT factory: Attempting to register factory for plugin cuFFT when one has already been registered
2025-06-15 02:55:45.242981: E external/local_xla/xla/stream_executor/cuda/cuda_blas.cc:1515] Unable to register cuBLAS factory: Attempting to register factory for plugin cuBLAS when one has already been registered
2025-06-15 02:55:45.485308: I tensorflow/core/platform/cpu_feature_guard.cc:182] This TensorFlow binary is optimized to use available CPU instructions in performance-critical operations.
To enable the following instructions: AVX2 AVX512F AVX512_VNNI FMA, in other operations, rebuild TensorFlow with the appropriate compiler flags.
2025-06-15 02:55:51.916607: W tensorflow/compiler/tf2tensorrt/utils/py_utils.cc:38] TF-TRT Warning: Could not find TensorRT
INFO:__main__:🚀 Starting Stroke Lesion Segmentation Training
INFO:__main__:Using 1 GPU(s)
INFO:__main__:Creating data generators...
INFO:__main__:Found 655 valid image/mask pairs
INFO:__main__:Found 655 valid image/mask pairs
INFO:__main__:Training batches: 262
INFO:__main__:Validation batches: 65
INFO:__main__:Building model...
2025-06-15 02:56:06.331750: I tensorflow/core/common_runtime/gpu/gpu_device.cc:1929] Created device /job:localhost/replica:0/task:0/device:GPU:0 with 22483 MB memory:  -> device: 0, name: NVIDIA RTX 4500 Ada Generation, pci bus id: 0000:1c:00.0, compute capability: 8.9
INFO:__main__:Model parameters: 5,605,345
INFO:__main__:Starting training...
pixdim[0] (qfac) should be 1 (default) or -1; setting qfac to 1
INFO:nibabel.global:pixdim[0] (qfac) should be 1 (default) or -1; setting qfac to 1
pixdim[0] (qfac) should be 1 (default) or -1; setting qfac to 1
INFO:nibabel.global:pixdim[0] (qfac) should be 1 (default) or -1; setting qfac to 1
pixdim[0] (qfac) should be 1 (default) or -1; setting qfac to 1
INFO:nibabel.global:pixdim[0] (qfac) should be 1 (default) or -1; setting qfac to 1
pixdim[0] (qfac) should be 1 (default) or -1; setting qfac to 1
INFO:nibabel.global:pixdim[0] (qfac) should be 1 (default) or -1; setting qfac to 1
2025-06-15 02:56:13.851669: I external/local_xla/xla/stream_executor/cuda/cuda_dnn.cc:454] Loaded cuDNN version 8907
pixdim[0] (qfac) should be 1 (default) or -1; setting qfac to 1
INFO:nibabel.global:pixdim[0] (qfac) should be 1 (default) or -1; setting qfac to 1
pixdim[0] (qfac) should be 1 (default) or -1; setting qfac to 1
INFO:nibabel.global:pixdim[0] (qfac) should be 1 (default) or -1; setting qfac to 1
pixdim[0] (qfac) should be 1 (default) or -1; setting qfac to 1
INFO:nibabel.global:pixdim[0] (qfac) should be 1 (default) or -1; setting qfac to 1
pixdim[0] (qfac) should be 1 (default) or -1; setting qfac to 1
INFO:nibabel.global:pixdim[0] (qfac) should be 1 (default) or -1; setting qfac to 1
2025-06-15 02:56:30.279006: W external/local_tsl/tsl/framework/bfc_allocator.cc:296] Allocator (GPU_0_bfc) ran out of memory trying to allocate 2.27GiB with freed_by_count=0. The caller indicates that this is not a failure, but this may mean that there could be performance gains if more memory were available.
2025-06-15 02:56:30.380799: W external/local_tsl/tsl/framework/bfc_allocator.cc:296] Allocator (GPU_0_bfc) ran out of memory trying to allocate 2.30GiB with freed_by_count=0. The caller indicates that this is not a failure, but this may mean that there could be performance gains if more memory were available.
2025-06-15 02:56:30.381896: W external/local_tsl/tsl/framework/bfc_allocator.cc:296] Allocator (GPU_0_bfc) ran out of memory trying to allocate 2.27GiB with freed_by_count=0. The caller indicates that this is not a failure, but this may mean that there could be performance gains if more memory were available.
2025-06-15 02:56:31.003445: W external/local_tsl/tsl/framework/bfc_allocator.cc:296] Allocator (GPU_0_bfc) ran out of memory trying to allocate 2.27GiB with freed_by_count=0. The caller indicates that this is not a failure, but this may mean that there could be performance gains if more memory were available.
2025-06-15 02:56:31.056953: W external/local_tsl/tsl/framework/bfc_allocator.cc:296] Allocator (GPU_0_bfc) ran out of memory trying to allocate 2.30GiB with freed_by_count=0. The caller indicates that this is not a failure, but this may mean that there could be performance gains if more memory were available.
2025-06-15 02:56:31.057840: W external/local_tsl/tsl/framework/bfc_allocator.cc:296] Allocator (GPU_0_bfc) ran out of memory trying to allocate 2.27GiB with freed_by_count=0. The caller indicates that this is not a failure, but this may mean that there could be performance gains if more memory were available.
2025-06-15 02:56:41.679675: W external/local_tsl/tsl/framework/bfc_allocator.cc:485] Allocator (GPU_0_bfc) ran out of memory trying to allocate 3.61GiB (rounded to 3875536896)requested by op model/concatenate_2/concat
If the cause is memory fragmentation maybe the environment variable 'TF_GPU_ALLOCATOR=cuda_malloc_async' will improve the situation. 
Current allocation summary follows.
Current allocation summary follows.
2025-06-15 02:56:41.680405: I external/local_tsl/tsl/framework/bfc_allocator.cc:1039] BFCAllocator dump for GPU_0_bfc
2025-06-15 02:56:41.680846: I external/local_tsl/tsl/framework/bfc_allocator.cc:1046] Bin (256): 	Total Chunks: 155, Chunks in use: 155. 38.8KiB allocated for chunks. 38.8KiB in use in bin. 20.7KiB client-requested in use in bin.
2025-06-15 02:56:41.681256: I external/local_tsl/tsl/framework/bfc_allocator.cc:1046] Bin (512): 	Total Chunks: 56, Chunks in use: 55. 28.2KiB allocated for chunks. 27.8KiB in use in bin. 27.5KiB client-requested in use in bin.
2025-06-15 02:56:41.681687: I external/local_tsl/tsl/framework/bfc_allocator.cc:1046] Bin (1024): 	Total Chunks: 27, Chunks in use: 27. 27.2KiB allocated for chunks. 27.2KiB in use in bin. 27.0KiB client-requested in use in bin.
2025-06-15 02:56:41.682104: I external/local_tsl/tsl/framework/bfc_allocator.cc:1046] Bin (2048): 	Total Chunks: 3, Chunks in use: 3. 10.5KiB allocated for chunks. 10.5KiB in use in bin. 10.1KiB client-requested in use in bin.
2025-06-15 02:56:41.683375: I external/local_tsl/tsl/framework/bfc_allocator.cc:1046] Bin (4096): 	Total Chunks: 0, Chunks in use: 0. 0B allocated for chunks. 0B in use in bin. 0B client-requested in use in bin.
2025-06-15 02:56:41.684850: I external/local_tsl/tsl/framework/bfc_allocator.cc:1046] Bin (8192): 	Total Chunks: 0, Chunks in use: 0. 0B allocated for chunks. 0B in use in bin. 0B client-requested in use in bin.
2025-06-15 02:56:41.685455: I external/local_tsl/tsl/framework/bfc_allocator.cc:1046] Bin (16384): 	Total Chunks: 0, Chunks in use: 0. 0B allocated for chunks. 0B in use in bin. 0B client-requested in use in bin.
2025-06-15 02:56:41.686090: I external/local_tsl/tsl/framework/bfc_allocator.cc:1046] Bin (32768): 	Total Chunks: 0, Chunks in use: 0. 0B allocated for chunks. 0B in use in bin. 0B client-requested in use in bin.
2025-06-15 02:56:41.686643: I external/local_tsl/tsl/framework/bfc_allocator.cc:1046] Bin (65536): 	Total Chunks: 7, Chunks in use: 7. 653.0KiB allocated for chunks. 653.0KiB in use in bin. 624.0KiB client-requested in use in bin.
2025-06-15 02:56:41.687166: I external/local_tsl/tsl/framework/bfc_allocator.cc:1046] Bin (131072): 	Total Chunks: 8, Chunks in use: 8. 1.58MiB allocated for chunks. 1.58MiB in use in bin. 1.48MiB client-requested in use in bin.
2025-06-15 02:56:41.687579: I external/local_tsl/tsl/framework/bfc_allocator.cc:1046] Bin (262144): 	Total Chunks: 8, Chunks in use: 8. 2.95MiB allocated for chunks. 2.95MiB in use in bin. 2.86MiB client-requested in use in bin.
2025-06-15 02:56:41.687953: I external/local_tsl/tsl/framework/bfc_allocator.cc:1046] Bin (524288): 	Total Chunks: 7, Chunks in use: 7. 5.89MiB allocated for chunks. 5.89MiB in use in bin. 5.48MiB client-requested in use in bin.
2025-06-15 02:56:41.688370: I external/local_tsl/tsl/framework/bfc_allocator.cc:1046] Bin (1048576): 	Total Chunks: 9, Chunks in use: 9. 14.02MiB allocated for chunks. 14.02MiB in use in bin. 13.12MiB client-requested in use in bin.
2025-06-15 02:56:41.688748: I external/local_tsl/tsl/framework/bfc_allocator.cc:1046] Bin (2097152): 	Total Chunks: 5, Chunks in use: 5. 17.38MiB allocated for chunks. 17.38MiB in use in bin. 16.88MiB client-requested in use in bin.
2025-06-15 02:56:41.689118: I external/local_tsl/tsl/framework/bfc_allocator.cc:1046] Bin (4194304): 	Total Chunks: 3, Chunks in use: 3. 18.12MiB allocated for chunks. 18.12MiB in use in bin. 16.88MiB client-requested in use in bin.
2025-06-15 02:56:41.689468: I external/local_tsl/tsl/framework/bfc_allocator.cc:1046] Bin (8388608): 	Total Chunks: 3, Chunks in use: 3. 40.62MiB allocated for chunks. 40.62MiB in use in bin. 35.62MiB client-requested in use in bin.
2025-06-15 02:56:41.689825: I external/local_tsl/tsl/framework/bfc_allocator.cc:1046] Bin (16777216): 	Total Chunks: 5, Chunks in use: 4. 140.19MiB allocated for chunks. 115.50MiB in use in bin. 115.50MiB client-requested in use in bin.
2025-06-15 02:56:41.690172: I external/local_tsl/tsl/framework/bfc_allocator.cc:1046] Bin (33554432): 	Total Chunks: 2, Chunks in use: 2. 115.50MiB allocated for chunks. 115.50MiB in use in bin. 115.50MiB client-requested in use in bin.
2025-06-15 02:56:41.690535: I external/local_tsl/tsl/framework/bfc_allocator.cc:1046] Bin (67108864): 	Total Chunks: 8, Chunks in use: 8. 874.50MiB allocated for chunks. 874.50MiB in use in bin. 808.50MiB client-requested in use in bin.
2025-06-15 02:56:41.690924: I external/local_tsl/tsl/framework/bfc_allocator.cc:1046] Bin (134217728): 	Total Chunks: 5, Chunks in use: 5. 1.07GiB allocated for chunks. 1.07GiB in use in bin. 924.00MiB client-requested in use in bin.
2025-06-15 02:56:41.691310: I external/local_tsl/tsl/framework/bfc_allocator.cc:1046] Bin (268435456): 	Total Chunks: 18, Chunks in use: 15. 19.69GiB allocated for chunks. 15.34GiB in use in bin. 15.34GiB client-requested in use in bin.
2025-06-15 02:56:41.691688: I external/local_tsl/tsl/framework/bfc_allocator.cc:1062] Bin for 3.61GiB was 256.00MiB, Chunk State: 
2025-06-15 02:56:41.692026: I external/local_tsl/tsl/framework/bfc_allocator.cc:1068]   Size: 453.50MiB | Requested Size: 16.00MiB | in_use: 0 | bin_num: 20, prev:   Size: 462.00MiB | Requested Size: 462.00MiB | in_use: 1 | bin_num: -1
2025-06-15 02:56:41.692473: I external/local_tsl/tsl/framework/bfc_allocator.cc:1068]   Size: 1.80GiB | Requested Size: 1.80GiB | in_use: 0 | bin_num: 20, next:   Size: 1.80GiB | Requested Size: 1.80GiB | in_use: 1 | bin_num: -1
2025-06-15 02:56:41.692874: I external/local_tsl/tsl/framework/bfc_allocator.cc:1068]   Size: 2.10GiB | Requested Size: 1.82GiB | in_use: 0 | bin_num: 20, prev:   Size: 1.80GiB | Requested Size: 1.80GiB | in_use: 1 | bin_num: -1
2025-06-15 02:56:41.693332: I external/local_tsl/tsl/framework/bfc_allocator.cc:1075] Next region of size 6129582080
2025-06-15 02:56:41.693774: I external/local_tsl/tsl/framework/bfc_allocator.cc:1095] Free  at 7f4cee000000 of size 1937768448 next 107
2025-06-15 02:56:41.694131: I external/local_tsl/tsl/framework/bfc_allocator.cc:1095] InUse at 7f4d61800000 of size 1937768448 next 329
2025-06-15 02:56:41.694525: I external/local_tsl/tsl/framework/bfc_allocator.cc:1095] Free  at 7f4dd5000000 of size 2254045184 next 18446744073709551615
2025-06-15 02:56:41.694923: I external/local_tsl/tsl/framework/bfc_allocator.cc:1075] Next region of size 8589934592
2025-06-15 02:56:41.695332: I external/local_tsl/tsl/framework/bfc_allocator.cc:1095] InUse at 7f4e88000000 of size 1937768448 next 282
2025-06-15 02:56:41.695697: I external/local_tsl/tsl/framework/bfc_allocator.cc:1095] InUse at 7f4efb800000 of size 242221056 next 283
2025-06-15 02:56:41.696046: I external/local_tsl/tsl/framework/bfc_allocator.cc:1095] InUse at 7f4f09f00000 of size 484442112 next 284
2025-06-15 02:56:41.696492: I external/local_tsl/tsl/framework/bfc_allocator.cc:1095] InUse at 7f4f26d00000 of size 484442112 next 285
2025-06-15 02:56:41.696840: I external/local_tsl/tsl/framework/bfc_allocator.cc:1095] InUse at 7f4f43b00000 of size 484442112 next 29
2025-06-15 02:56:41.697279: I external/local_tsl/tsl/framework/bfc_allocator.cc:1095] InUse at 7f4f60900000 of size 484442112 next 289
2025-06-15 02:56:41.697674: I external/local_tsl/tsl/framework/bfc_allocator.cc:1095] InUse at 7f4f7d700000 of size 484442112 next 293
2025-06-15 02:56:41.698015: I external/local_tsl/tsl/framework/bfc_allocator.cc:1095] InUse at 7f4f9a500000 of size 121110528 next 47
2025-06-15 02:56:41.698400: I external/local_tsl/tsl/framework/bfc_allocator.cc:1095] InUse at 7f4fa1880000 of size 121110528 next 296
2025-06-15 02:56:41.698747: I external/local_tsl/tsl/framework/bfc_allocator.cc:1095] InUse at 7f4fa8c00000 of size 121110528 next 300
2025-06-15 02:56:41.699118: I external/local_tsl/tsl/framework/bfc_allocator.cc:1095] InUse at 7f4faff80000 of size 30277632 next 302
2025-06-15 02:56:41.699514: I external/local_tsl/tsl/framework/bfc_allocator.cc:1095] InUse at 7f4fb1c60000 of size 30277632 next 303
2025-06-15 02:56:41.699894: I external/local_tsl/tsl/framework/bfc_allocator.cc:1095] InUse at 7f4fb3940000 of size 30277632 next 66
2025-06-15 02:56:41.700246: I external/local_tsl/tsl/framework/bfc_allocator.cc:1095] InUse at 7f4fb5620000 of size 30277632 next 307
2025-06-15 02:56:41.700620: I external/local_tsl/tsl/framework/bfc_allocator.cc:1095] InUse at 7f4fb7300000 of size 121110528 next 76
2025-06-15 02:56:41.700958: I external/local_tsl/tsl/framework/bfc_allocator.cc:1095] InUse at 7f4fbe680000 of size 121110528 next 312
2025-06-15 02:56:41.701288: I external/local_tsl/tsl/framework/bfc_allocator.cc:1095] InUse at 7f4fc5a00000 of size 242221056 next 311
2025-06-15 02:56:41.701677: I external/local_tsl/tsl/framework/bfc_allocator.cc:1095] InUse at 7f4fd4100000 of size 121110528 next 85
2025-06-15 02:56:41.702006: I external/local_tsl/tsl/framework/bfc_allocator.cc:1095] InUse at 7f4fdb480000 of size 484442112 next 325
2025-06-15 02:56:41.702332: I external/local_tsl/tsl/framework/bfc_allocator.cc:1095] InUse at 7f4ff8280000 of size 484442112 next 320
2025-06-15 02:56:41.702673: I external/local_tsl/tsl/framework/bfc_allocator.cc:1095] InUse at 7f5015080000 of size 968884224 next 319
2025-06-15 02:56:41.703028: I external/local_tsl/tsl/framework/bfc_allocator.cc:1095] InUse at 7f504ec80000 of size 484442112 next 91
2025-06-15 02:56:41.703355: I external/local_tsl/tsl/framework/bfc_allocator.cc:1095] Free  at 7f506ba80000 of size 475529216 next 18446744073709551615
2025-06-15 02:56:41.703683: I external/local_tsl/tsl/framework/bfc_allocator.cc:1075] Next region of size 4294967296
2025-06-15 02:56:41.704099: I external/local_tsl/tsl/framework/bfc_allocator.cc:1095] InUse at 7f50aa000000 of size 1937768448 next 11
2025-06-15 02:56:41.704491: I external/local_tsl/tsl/framework/bfc_allocator.cc:1095] InUse at 7f511d800000 of size 1937768448 next 277
2025-06-15 02:56:41.704842: I external/local_tsl/tsl/framework/bfc_allocator.cc:1095] InUse at 7f5191000000 of size 242221056 next 20
2025-06-15 02:56:41.705182: I external/local_tsl/tsl/framework/bfc_allocator.cc:1095] InUse at 7f519f700000 of size 60555264 next 38
2025-06-15 02:56:41.705522: I external/local_tsl/tsl/framework/bfc_allocator.cc:1095] InUse at 7f51a30c0000 of size 116654080 next 18446744073709551615
2025-06-15 02:56:41.705873: I external/local_tsl/tsl/framework/bfc_allocator.cc:1075] Next region of size 2147483648
2025-06-15 02:56:41.706307: I external/local_tsl/tsl/framework/bfc_allocator.cc:1095] InUse at 7f51d6000000 of size 1937768448 next 265
2025-06-15 02:56:41.706659: I external/local_tsl/tsl/framework/bfc_allocator.cc:1095] InUse at 7f5249800000 of size 209715200 next 18446744073709551615
2025-06-15 02:56:41.706981: I external/local_tsl/tsl/framework/bfc_allocator.cc:1075] Next region of size 2147483648
2025-06-15 02:56:41.707406: I external/local_tsl/tsl/framework/bfc_allocator.cc:1095] InUse at 7f5260000000 of size 1937768448 next 267
2025-06-15 02:56:41.707744: I external/local_tsl/tsl/framework/bfc_allocator.cc:1095] InUse at 7f52d3800000 of size 209715200 next 18446744073709551615
2025-06-15 02:56:41.708071: I external/local_tsl/tsl/framework/bfc_allocator.cc:1075] Next region of size 134217728
2025-06-15 02:56:41.708547: I external/local_tsl/tsl/framework/bfc_allocator.cc:1095] InUse at 7f5372000000 of size 60555264 next 264
2025-06-15 02:56:41.708903: I external/local_tsl/tsl/framework/bfc_allocator.cc:1095] InUse at 7f53759c0000 of size 73662464 next 18446744073709551615
2025-06-15 02:56:41.709236: I external/local_tsl/tsl/framework/bfc_allocator.cc:1075] Next region of size 67108864
2025-06-15 02:56:41.709657: I external/local_tsl/tsl/framework/bfc_allocator.cc:1095] InUse at 7f537a000000 of size 3538944 next 198
2025-06-15 02:56:41.709996: I external/local_tsl/tsl/framework/bfc_allocator.cc:1095] InUse at 7f537a360000 of size 1769472 next 205
2025-06-15 02:56:41.710315: I external/local_tsl/tsl/framework/bfc_allocator.cc:1095] InUse at 7f537a510000 of size 1769472 next 206
2025-06-15 02:56:41.710685: I external/local_tsl/tsl/framework/bfc_allocator.cc:1095] InUse at 7f537a6c0000 of size 262144 next 213
2025-06-15 02:56:41.711017: I external/local_tsl/tsl/framework/bfc_allocator.cc:1095] InUse at 7f537a700000 of size 262144 next 214
2025-06-15 02:56:41.711376: I external/local_tsl/tsl/framework/bfc_allocator.cc:1095] InUse at 7f537a740000 of size 884736 next 217
2025-06-15 02:56:41.711736: I external/local_tsl/tsl/framework/bfc_allocator.cc:1095] InUse at 7f537a818000 of size 884736 next 218
2025-06-15 02:56:41.712082: I external/local_tsl/tsl/framework/bfc_allocator.cc:1095] InUse at 7f537a8f0000 of size 442368 next 225
2025-06-15 02:56:41.712422: I external/local_tsl/tsl/framework/bfc_allocator.cc:1095] InUse at 7f537a95c000 of size 442368 next 226
2025-06-15 02:56:41.712765: I external/local_tsl/tsl/framework/bfc_allocator.cc:1095] InUse at 7f537a9c8000 of size 256 next 234
2025-06-15 02:56:41.713250: I external/local_tsl/tsl/framework/bfc_allocator.cc:1095] InUse at 7f537a9c8100 of size 256 next 235
2025-06-15 02:56:41.713667: I external/local_tsl/tsl/framework/bfc_allocator.cc:1095] InUse at 7f537a9c8200 of size 221184 next 236
2025-06-15 02:56:41.714075: I external/local_tsl/tsl/framework/bfc_allocator.cc:1095] InUse at 7f537a9fe200 of size 221184 next 237
2025-06-15 02:56:41.714444: I external/local_tsl/tsl/framework/bfc_allocator.cc:1095] InUse at 7f537aa34200 of size 256 next 238
2025-06-15 02:56:41.714878: I external/local_tsl/tsl/framework/bfc_allocator.cc:1095] InUse at 7f537aa34300 of size 256 next 239
2025-06-15 02:56:41.715323: I external/local_tsl/tsl/framework/bfc_allocator.cc:1095] InUse at 7f537aa34400 of size 256 next 240
2025-06-15 02:56:41.715768: I external/local_tsl/tsl/framework/bfc_allocator.cc:1095] InUse at 7f537aa34500 of size 256 next 241
2025-06-15 02:56:41.716269: I external/local_tsl/tsl/framework/bfc_allocator.cc:1095] InUse at 7f537aa34600 of size 256 next 242
2025-06-15 02:56:41.716742: I external/local_tsl/tsl/framework/bfc_allocator.cc:1095] InUse at 7f537aa34700 of size 256 next 243
2025-06-15 02:56:41.717164: I external/local_tsl/tsl/framework/bfc_allocator.cc:1095] InUse at 7f537aa34800 of size 110592 next 244
2025-06-15 02:56:41.717510: I external/local_tsl/tsl/framework/bfc_allocator.cc:1095] InUse at 7f537aa4f800 of size 110592 next 245
2025-06-15 02:56:41.717871: I external/local_tsl/tsl/framework/bfc_allocator.cc:1095] InUse at 7f537aa6a800 of size 256 next 246
2025-06-15 02:56:41.718303: I external/local_tsl/tsl/framework/bfc_allocator.cc:1095] InUse at 7f537aa6a900 of size 256 next 247
2025-06-15 02:56:41.718726: I external/local_tsl/tsl/framework/bfc_allocator.cc:1095] InUse at 7f537aa6aa00 of size 256 next 248
2025-06-15 02:56:41.719149: I external/local_tsl/tsl/framework/bfc_allocator.cc:1095] InUse at 7f537aa6ab00 of size 256 next 249
2025-06-15 02:56:41.719603: I external/local_tsl/tsl/framework/bfc_allocator.cc:1095] InUse at 7f537aa6ac00 of size 256 next 250
2025-06-15 02:56:41.720017: I external/local_tsl/tsl/framework/bfc_allocator.cc:1095] InUse at 7f537aa6ad00 of size 256 next 251
2025-06-15 02:56:41.720445: I external/local_tsl/tsl/framework/bfc_allocator.cc:1095] InUse at 7f537aa6ae00 of size 256 next 252
2025-06-15 02:56:41.720875: I external/local_tsl/tsl/framework/bfc_allocator.cc:1095] InUse at 7f537aa6af00 of size 256 next 253
2025-06-15 02:56:41.721356: I external/local_tsl/tsl/framework/bfc_allocator.cc:1095] InUse at 7f537aa6b000 of size 256 next 254
2025-06-15 02:56:41.721829: I external/local_tsl/tsl/framework/bfc_allocator.cc:1095] InUse at 7f537aa6b100 of size 256 next 255
2025-06-15 02:56:41.722269: I external/local_tsl/tsl/framework/bfc_allocator.cc:1095] InUse at 7f537aa6b200 of size 256 next 256
2025-06-15 02:56:41.722700: I external/local_tsl/tsl/framework/bfc_allocator.cc:1095] InUse at 7f537aa6b300 of size 256 next 257
2025-06-15 02:56:41.723202: I external/local_tsl/tsl/framework/bfc_allocator.cc:1095] InUse at 7f537aa6b400 of size 256 next 258
2025-06-15 02:56:41.723659: I external/local_tsl/tsl/framework/bfc_allocator.cc:1095] InUse at 7f537aa6b500 of size 256 next 259
2025-06-15 02:56:41.724085: I external/local_tsl/tsl/framework/bfc_allocator.cc:1095] InUse at 7f537aa6b600 of size 256 next 260
2025-06-15 02:56:41.724498: I external/local_tsl/tsl/framework/bfc_allocator.cc:1095] InUse at 7f537aa6b700 of size 256 next 261
2025-06-15 02:56:41.724946: I external/local_tsl/tsl/framework/bfc_allocator.cc:1095] InUse at 7f537aa6b800 of size 256 next 262
2025-06-15 02:56:41.725392: I external/local_tsl/tsl/framework/bfc_allocator.cc:1095] InUse at 7f537aa6b900 of size 256 next 263
2025-06-15 02:56:41.725889: I external/local_tsl/tsl/framework/bfc_allocator.cc:1095] InUse at 7f537aa6ba00 of size 256 next 272
2025-06-15 02:56:41.726389: I external/local_tsl/tsl/framework/bfc_allocator.cc:1095] InUse at 7f537aa6bb00 of size 256 next 274
2025-06-15 02:56:41.726903: I external/local_tsl/tsl/framework/bfc_allocator.cc:1095] InUse at 7f537aa6bc00 of size 256 next 275
2025-06-15 02:56:41.727330: I external/local_tsl/tsl/framework/bfc_allocator.cc:1095] InUse at 7f537aa6bd00 of size 256 next 276
2025-06-15 02:56:41.727750: I external/local_tsl/tsl/framework/bfc_allocator.cc:1095] InUse at 7f537aa6be00 of size 256 next 280
2025-06-15 02:56:41.728168: I external/local_tsl/tsl/framework/bfc_allocator.cc:1095] InUse at 7f537aa6bf00 of size 256 next 281
2025-06-15 02:56:41.728609: I external/local_tsl/tsl/framework/bfc_allocator.cc:1095] InUse at 7f537aa6c000 of size 256 next 287
2025-06-15 02:56:41.729021: I external/local_tsl/tsl/framework/bfc_allocator.cc:1095] InUse at 7f537aa6c100 of size 256 next 288
2025-06-15 02:56:41.729425: I external/local_tsl/tsl/framework/bfc_allocator.cc:1095] InUse at 7f537aa6c200 of size 256 next 291
2025-06-15 02:56:41.729838: I external/local_tsl/tsl/framework/bfc_allocator.cc:1095] InUse at 7f537aa6c300 of size 256 next 292
2025-06-15 02:56:41.730301: I external/local_tsl/tsl/framework/bfc_allocator.cc:1095] InUse at 7f537aa6c400 of size 512 next 294
2025-06-15 02:56:41.730715: I external/local_tsl/tsl/framework/bfc_allocator.cc:1095] InUse at 7f537aa6c600 of size 768 next 268
2025-06-15 02:56:41.731136: I external/local_tsl/tsl/framework/bfc_allocator.cc:1095] InUse at 7f537aa6c900 of size 256 next 269
2025-06-15 02:56:41.731547: I external/local_tsl/tsl/framework/bfc_allocator.cc:1095] InUse at 7f537aa6ca00 of size 256 next 270
2025-06-15 02:56:41.731983: I external/local_tsl/tsl/framework/bfc_allocator.cc:1095] InUse at 7f537aa6cb00 of size 512 next 295
2025-06-15 02:56:41.732406: I external/local_tsl/tsl/framework/bfc_allocator.cc:1095] InUse at 7f537aa6cd00 of size 512 next 298
2025-06-15 02:56:41.732852: I external/local_tsl/tsl/framework/bfc_allocator.cc:1095] InUse at 7f537aa6cf00 of size 512 next 299
2025-06-15 02:56:41.733249: I external/local_tsl/tsl/framework/bfc_allocator.cc:1095] InUse at 7f537aa6d100 of size 15138816 next 56
2025-06-15 02:56:41.733668: I external/local_tsl/tsl/framework/bfc_allocator.cc:1095] InUse at 7f537b8dd100 of size 15138816 next 301
2025-06-15 02:56:41.734031: I external/local_tsl/tsl/framework/bfc_allocator.cc:1095] InUse at 7f537c74d100 of size 1024 next 304
2025-06-15 02:56:41.734475: I external/local_tsl/tsl/framework/bfc_allocator.cc:1095] InUse at 7f537c74d500 of size 1024 next 305
2025-06-15 02:56:41.735094: I external/local_tsl/tsl/framework/bfc_allocator.cc:1095] InUse at 7f537c74d900 of size 1024 next 306
2025-06-15 02:56:41.735695: I external/local_tsl/tsl/framework/bfc_allocator.cc:1095] InUse at 7f537c74dd00 of size 1024 next 309
2025-06-15 02:56:41.736128: I external/local_tsl/tsl/framework/bfc_allocator.cc:1095] InUse at 7f537c74e100 of size 1024 next 310
2025-06-15 02:56:41.736548: I external/local_tsl/tsl/framework/bfc_allocator.cc:1095] InUse at 7f537c74e500 of size 512 next 317
2025-06-15 02:56:41.737013: I external/local_tsl/tsl/framework/bfc_allocator.cc:1095] InUse at 7f537c74e700 of size 512 next 318
2025-06-15 02:56:41.737429: I external/local_tsl/tsl/framework/bfc_allocator.cc:1095] InUse at 7f537c74e900 of size 256 next 326
2025-06-15 02:56:41.737848: I external/local_tsl/tsl/framework/bfc_allocator.cc:1095] InUse at 7f537c74ea00 of size 256 next 327
2025-06-15 02:56:41.738279: I external/local_tsl/tsl/framework/bfc_allocator.cc:1095] Free  at 7f537c74eb00 of size 25892096 next 18446744073709551615
2025-06-15 02:56:41.738649: I external/local_tsl/tsl/framework/bfc_allocator.cc:1075] Next region of size 33554432
2025-06-15 02:56:41.739063: I external/local_tsl/tsl/framework/bfc_allocator.cc:1095] InUse at 7f5392000000 of size 3538944 next 83
2025-06-15 02:56:41.739405: I external/local_tsl/tsl/framework/bfc_allocator.cc:1095] InUse at 7f5392360000 of size 221184 next 152
2025-06-15 02:56:41.739728: I external/local_tsl/tsl/framework/bfc_allocator.cc:1095] InUse at 7f5392396000 of size 221184 next 106
2025-06-15 02:56:41.740082: I external/local_tsl/tsl/framework/bfc_allocator.cc:1095] InUse at 7f53923cc000 of size 442368 next 100
2025-06-15 02:56:41.740411: I external/local_tsl/tsl/framework/bfc_allocator.cc:1095] InUse at 7f5392438000 of size 884736 next 90
2025-06-15 02:56:41.740747: I external/local_tsl/tsl/framework/bfc_allocator.cc:1095] InUse at 7f5392510000 of size 1769472 next 74
2025-06-15 02:56:41.741102: I external/local_tsl/tsl/framework/bfc_allocator.cc:1095] InUse at 7f53926c0000 of size 7077888 next 72
2025-06-15 02:56:41.741479: I external/local_tsl/tsl/framework/bfc_allocator.cc:1095] InUse at 7f5392d80000 of size 7077888 next 187
2025-06-15 02:56:41.741854: I external/local_tsl/tsl/framework/bfc_allocator.cc:1095] InUse at 7f5393440000 of size 12320768 next 18446744073709551615
2025-06-15 02:56:41.742187: I external/local_tsl/tsl/framework/bfc_allocator.cc:1075] Next region of size 16777216
2025-06-15 02:56:41.742618: I external/local_tsl/tsl/framework/bfc_allocator.cc:1095] InUse at 7f539a000000 of size 1769472 next 173
2025-06-15 02:56:41.742989: I external/local_tsl/tsl/framework/bfc_allocator.cc:1095] InUse at 7f539a1b0000 of size 1769472 next 64
2025-06-15 02:56:41.743334: I external/local_tsl/tsl/framework/bfc_allocator.cc:1095] InUse at 7f539a360000 of size 3538944 next 62
2025-06-15 02:56:41.743676: I external/local_tsl/tsl/framework/bfc_allocator.cc:1095] InUse at 7f539a6c0000 of size 3538944 next 180
2025-06-15 02:56:41.744016: I external/local_tsl/tsl/framework/bfc_allocator.cc:1095] InUse at 7f539aa20000 of size 1048576 next 194
2025-06-15 02:56:41.744389: I external/local_tsl/tsl/framework/bfc_allocator.cc:1095] InUse at 7f539ab20000 of size 1048576 next 195
2025-06-15 02:56:41.744732: I external/local_tsl/tsl/framework/bfc_allocator.cc:1095] InUse at 7f539ac20000 of size 4063232 next 18446744073709551615
2025-06-15 02:56:41.745056: I external/local_tsl/tsl/framework/bfc_allocator.cc:1075] Next region of size 2097152
2025-06-15 02:56:41.745493: I external/local_tsl/tsl/framework/bfc_allocator.cc:1095] InUse at 7f53fae00000 of size 1280 next 1
2025-06-15 02:56:41.745940: I external/local_tsl/tsl/framework/bfc_allocator.cc:1095] InUse at 7f53fae00500 of size 256 next 2
2025-06-15 02:56:41.746365: I external/local_tsl/tsl/framework/bfc_allocator.cc:1095] InUse at 7f53fae00600 of size 256 next 3
2025-06-15 02:56:41.746787: I external/local_tsl/tsl/framework/bfc_allocator.cc:1095] InUse at 7f53fae00700 of size 256 next 5
2025-06-15 02:56:41.747221: I external/local_tsl/tsl/framework/bfc_allocator.cc:1095] InUse at 7f53fae00800 of size 256 next 6
2025-06-15 02:56:41.747716: I external/local_tsl/tsl/framework/bfc_allocator.cc:1095] InUse at 7f53fae00900 of size 256 next 4
2025-06-15 02:56:41.748144: I external/local_tsl/tsl/framework/bfc_allocator.cc:1095] InUse at 7f53fae00a00 of size 256 next 7
2025-06-15 02:56:41.748608: I external/local_tsl/tsl/framework/bfc_allocator.cc:1095] InUse at 7f53fae00b00 of size 256 next 10
2025-06-15 02:56:41.749060: I external/local_tsl/tsl/framework/bfc_allocator.cc:1095] InUse at 7f53fae00c00 of size 256 next 278
2025-06-15 02:56:41.749517: I external/local_tsl/tsl/framework/bfc_allocator.cc:1095] InUse at 7f53fae00d00 of size 256 next 12
2025-06-15 02:56:41.749989: I external/local_tsl/tsl/framework/bfc_allocator.cc:1095] InUse at 7f53fae00e00 of size 256 next 13
2025-06-15 02:56:41.750451: I external/local_tsl/tsl/framework/bfc_allocator.cc:1095] InUse at 7f53fae00f00 of size 256 next 14
2025-06-15 02:56:41.750891: I external/local_tsl/tsl/framework/bfc_allocator.cc:1095] InUse at 7f53fae01000 of size 256 next 17
2025-06-15 02:56:41.751360: I external/local_tsl/tsl/framework/bfc_allocator.cc:1095] InUse at 7f53fae01100 of size 256 next 15
2025-06-15 02:56:41.751785: I external/local_tsl/tsl/framework/bfc_allocator.cc:1095] InUse at 7f53fae01200 of size 256 next 16
2025-06-15 02:56:41.752216: I external/local_tsl/tsl/framework/bfc_allocator.cc:1095] InUse at 7f53fae01300 of size 256 next 286
2025-06-15 02:56:41.752662: I external/local_tsl/tsl/framework/bfc_allocator.cc:1095] InUse at 7f53fae01400 of size 256 next 21
2025-06-15 02:56:41.753090: I external/local_tsl/tsl/framework/bfc_allocator.cc:1095] InUse at 7f53fae01500 of size 256 next 22
2025-06-15 02:56:41.753510: I external/local_tsl/tsl/framework/bfc_allocator.cc:1095] InUse at 7f53fae01600 of size 256 next 23
2025-06-15 02:56:41.753990: I external/local_tsl/tsl/framework/bfc_allocator.cc:1095] InUse at 7f53fae01700 of size 256 next 24
2025-06-15 02:56:41.754523: I external/local_tsl/tsl/framework/bfc_allocator.cc:1095] InUse at 7f53fae01800 of size 256 next 25
2025-06-15 02:56:41.755023: I external/local_tsl/tsl/framework/bfc_allocator.cc:1095] InUse at 7f53fae01900 of size 256 next 28
2025-06-15 02:56:41.755441: I external/local_tsl/tsl/framework/bfc_allocator.cc:1095] InUse at 7f53fae01a00 of size 256 next 290
2025-06-15 02:56:41.755867: I external/local_tsl/tsl/framework/bfc_allocator.cc:1095] InUse at 7f53fae01b00 of size 256 next 30
2025-06-15 02:56:41.756287: I external/local_tsl/tsl/framework/bfc_allocator.cc:1095] InUse at 7f53fae01c00 of size 256 next 31
2025-06-15 02:56:41.756742: I external/local_tsl/tsl/framework/bfc_allocator.cc:1095] InUse at 7f53fae01d00 of size 256 next 32
2025-06-15 02:56:41.757159: I external/local_tsl/tsl/framework/bfc_allocator.cc:1095] InUse at 7f53fae01e00 of size 256 next 35
2025-06-15 02:56:41.757571: I external/local_tsl/tsl/framework/bfc_allocator.cc:1095] InUse at 7f53fae01f00 of size 256 next 33
2025-06-15 02:56:41.757992: I external/local_tsl/tsl/framework/bfc_allocator.cc:1095] InUse at 7f53fae02000 of size 256 next 34
2025-06-15 02:56:41.758436: I external/local_tsl/tsl/framework/bfc_allocator.cc:1095] InUse at 7f53fae02100 of size 512 next 39
2025-06-15 02:56:41.758858: I external/local_tsl/tsl/framework/bfc_allocator.cc:1095] InUse at 7f53fae02300 of size 256 next 40
2025-06-15 02:56:41.759275: I external/local_tsl/tsl/framework/bfc_allocator.cc:1095] InUse at 7f53fae02400 of size 256 next 41
2025-06-15 02:56:41.759693: I external/local_tsl/tsl/framework/bfc_allocator.cc:1095] InUse at 7f53fae02500 of size 256 next 8
2025-06-15 02:56:41.760121: I external/local_tsl/tsl/framework/bfc_allocator.cc:1095] InUse at 7f53fae02600 of size 3584 next 9
2025-06-15 02:56:41.760529: I external/local_tsl/tsl/framework/bfc_allocator.cc:1095] InUse at 7f53fae03400 of size 512 next 42
2025-06-15 02:56:41.760966: I external/local_tsl/tsl/framework/bfc_allocator.cc:1095] InUse at 7f53fae03600 of size 512 next 45
2025-06-15 02:56:41.761398: I external/local_tsl/tsl/framework/bfc_allocator.cc:1095] InUse at 7f53fae03800 of size 512 next 46
2025-06-15 02:56:41.761844: I external/local_tsl/tsl/framework/bfc_allocator.cc:1095] InUse at 7f53fae03a00 of size 512 next 297
2025-06-15 02:56:41.762257: I external/local_tsl/tsl/framework/bfc_allocator.cc:1095] InUse at 7f53fae03c00 of size 512 next 48
2025-06-15 02:56:41.762676: I external/local_tsl/tsl/framework/bfc_allocator.cc:1095] InUse at 7f53fae03e00 of size 256 next 49
2025-06-15 02:56:41.763112: I external/local_tsl/tsl/framework/bfc_allocator.cc:1095] InUse at 7f53fae03f00 of size 512 next 50
2025-06-15 02:56:41.763557: I external/local_tsl/tsl/framework/bfc_allocator.cc:1095] InUse at 7f53fae04100 of size 512 next 51
2025-06-15 02:56:41.763973: I external/local_tsl/tsl/framework/bfc_allocator.cc:1095] InUse at 7f53fae04300 of size 512 next 55
2025-06-15 02:56:41.764416: I external/local_tsl/tsl/framework/bfc_allocator.cc:1095] InUse at 7f53fae04500 of size 1024 next 57
2025-06-15 02:56:41.764851: I external/local_tsl/tsl/framework/bfc_allocator.cc:1095] InUse at 7f53fae04900 of size 256 next 58
2025-06-15 02:56:41.765307: I external/local_tsl/tsl/framework/bfc_allocator.cc:1095] InUse at 7f53fae04a00 of size 256 next 59
2025-06-15 02:56:41.765730: I external/local_tsl/tsl/framework/bfc_allocator.cc:1095] InUse at 7f53fae04b00 of size 1024 next 60
2025-06-15 02:56:41.766131: I external/local_tsl/tsl/framework/bfc_allocator.cc:1095] InUse at 7f53fae04f00 of size 1024 next 61
2025-06-15 02:56:41.766556: I external/local_tsl/tsl/framework/bfc_allocator.cc:1095] InUse at 7f53fae05300 of size 1024 next 65
2025-06-15 02:56:41.767003: I external/local_tsl/tsl/framework/bfc_allocator.cc:1095] InUse at 7f53fae05700 of size 1024 next 308
2025-06-15 02:56:41.767407: I external/local_tsl/tsl/framework/bfc_allocator.cc:1095] InUse at 7f53fae05b00 of size 1024 next 67
2025-06-15 02:56:41.767879: I external/local_tsl/tsl/framework/bfc_allocator.cc:1095] InUse at 7f53fae05f00 of size 256 next 68
2025-06-15 02:56:41.768319: I external/local_tsl/tsl/framework/bfc_allocator.cc:1095] InUse at 7f53fae06000 of size 256 next 69
2025-06-15 02:56:41.768791: I external/local_tsl/tsl/framework/bfc_allocator.cc:1095] InUse at 7f53fae06100 of size 1024 next 70
2025-06-15 02:56:41.769217: I external/local_tsl/tsl/framework/bfc_allocator.cc:1095] InUse at 7f53fae06500 of size 1024 next 71
2025-06-15 02:56:41.769647: I external/local_tsl/tsl/framework/bfc_allocator.cc:1095] InUse at 7f53fae06900 of size 1024 next 75
2025-06-15 02:56:41.770095: I external/local_tsl/tsl/framework/bfc_allocator.cc:1095] InUse at 7f53fae06d00 of size 512 next 313
2025-06-15 02:56:41.770540: I external/local_tsl/tsl/framework/bfc_allocator.cc:1095] InUse at 7f53fae06f00 of size 512 next 314
2025-06-15 02:56:41.770976: I external/local_tsl/tsl/framework/bfc_allocator.cc:1095] InUse at 7f53fae07100 of size 512 next 315
2025-06-15 02:56:41.771392: I external/local_tsl/tsl/framework/bfc_allocator.cc:1095] InUse at 7f53fae07300 of size 512 next 77
2025-06-15 02:56:41.771828: I external/local_tsl/tsl/framework/bfc_allocator.cc:1095] InUse at 7f53fae07500 of size 256 next 78
2025-06-15 02:56:41.772288: I external/local_tsl/tsl/framework/bfc_allocator.cc:1095] InUse at 7f53fae07600 of size 256 next 79
2025-06-15 02:56:41.772726: I external/local_tsl/tsl/framework/bfc_allocator.cc:1095] InUse at 7f53fae07700 of size 512 next 80
2025-06-15 02:56:41.773166: I external/local_tsl/tsl/framework/bfc_allocator.cc:1095] InUse at 7f53fae07900 of size 512 next 81
2025-06-15 02:56:41.773625: I external/local_tsl/tsl/framework/bfc_allocator.cc:1095] InUse at 7f53fae07b00 of size 512 next 82
2025-06-15 02:56:41.774142: I external/local_tsl/tsl/framework/bfc_allocator.cc:1095] InUse at 7f53fae07d00 of size 512 next 84
2025-06-15 02:56:41.774622: I external/local_tsl/tsl/framework/bfc_allocator.cc:1095] InUse at 7f53fae07f00 of size 512 next 316
2025-06-15 02:56:41.775097: I external/local_tsl/tsl/framework/bfc_allocator.cc:1095] InUse at 7f53fae08100 of size 512 next 86
2025-06-15 02:56:41.775580: I external/local_tsl/tsl/framework/bfc_allocator.cc:1095] InUse at 7f53fae08300 of size 512 next 87
2025-06-15 02:56:41.776025: I external/local_tsl/tsl/framework/bfc_allocator.cc:1095] InUse at 7f53fae08500 of size 512 next 88
2025-06-15 02:56:41.776475: I external/local_tsl/tsl/framework/bfc_allocator.cc:1095] InUse at 7f53fae08700 of size 512 next 89
2025-06-15 02:56:41.776932: I external/local_tsl/tsl/framework/bfc_allocator.cc:1095] InUse at 7f53fae08900 of size 256 next 321
2025-06-15 02:56:41.777369: I external/local_tsl/tsl/framework/bfc_allocator.cc:1095] InUse at 7f53fae08a00 of size 256 next 323
2025-06-15 02:56:41.777873: I external/local_tsl/tsl/framework/bfc_allocator.cc:1095] InUse at 7f53fae08b00 of size 256 next 324
2025-06-15 02:56:41.778330: I external/local_tsl/tsl/framework/bfc_allocator.cc:1095] InUse at 7f53fae08c00 of size 256 next 92
2025-06-15 02:56:41.778761: I external/local_tsl/tsl/framework/bfc_allocator.cc:1095] InUse at 7f53fae08d00 of size 256 next 93
2025-06-15 02:56:41.779196: I external/local_tsl/tsl/framework/bfc_allocator.cc:1095] InUse at 7f53fae08e00 of size 256 next 94
2025-06-15 02:56:41.779651: I external/local_tsl/tsl/framework/bfc_allocator.cc:1095] InUse at 7f53fae08f00 of size 256 next 97
2025-06-15 02:56:41.780077: I external/local_tsl/tsl/framework/bfc_allocator.cc:1095] InUse at 7f53fae09000 of size 256 next 95
2025-06-15 02:56:41.780497: I external/local_tsl/tsl/framework/bfc_allocator.cc:1095] InUse at 7f53fae09100 of size 256 next 96
2025-06-15 02:56:41.780917: I external/local_tsl/tsl/framework/bfc_allocator.cc:1095] InUse at 7f53fae09200 of size 256 next 98
2025-06-15 02:56:41.781361: I external/local_tsl/tsl/framework/bfc_allocator.cc:1095] InUse at 7f53fae09300 of size 256 next 101
2025-06-15 02:56:41.781784: I external/local_tsl/tsl/framework/bfc_allocator.cc:1095] InUse at 7f53fae09400 of size 256 next 102
2025-06-15 02:56:41.782215: I external/local_tsl/tsl/framework/bfc_allocator.cc:1095] InUse at 7f53fae09500 of size 256 next 103
2025-06-15 02:56:41.782649: I external/local_tsl/tsl/framework/bfc_allocator.cc:1095] InUse at 7f53fae09600 of size 256 next 104
2025-06-15 02:56:41.783085: I external/local_tsl/tsl/framework/bfc_allocator.cc:1095] InUse at 7f53fae09700 of size 256 next 105
2025-06-15 02:56:41.783481: I external/local_tsl/tsl/framework/bfc_allocator.cc:1095] Free  at 7f53fae09800 of size 512 next 108
2025-06-15 02:56:41.783905: I external/local_tsl/tsl/framework/bfc_allocator.cc:1095] InUse at 7f53fae09a00 of size 256 next 109
2025-06-15 02:56:41.784323: I external/local_tsl/tsl/framework/bfc_allocator.cc:1095] InUse at 7f53fae09b00 of size 256 next 110
2025-06-15 02:56:41.784771: I external/local_tsl/tsl/framework/bfc_allocator.cc:1095] InUse at 7f53fae09c00 of size 256 next 146
2025-06-15 02:56:41.785174: I external/local_tsl/tsl/framework/bfc_allocator.cc:1095] InUse at 7f53fae09d00 of size 256 next 147
2025-06-15 02:56:41.785596: I external/local_tsl/tsl/framework/bfc_allocator.cc:1095] InUse at 7f53fae09e00 of size 256 next 148
2025-06-15 02:56:41.786050: I external/local_tsl/tsl/framework/bfc_allocator.cc:1095] InUse at 7f53fae09f00 of size 256 next 149
2025-06-15 02:56:41.786469: I external/local_tsl/tsl/framework/bfc_allocator.cc:1095] InUse at 7f53fae0a000 of size 256 next 150
2025-06-15 02:56:41.786880: I external/local_tsl/tsl/framework/bfc_allocator.cc:1095] InUse at 7f53fae0a100 of size 256 next 151
2025-06-15 02:56:41.787288: I external/local_tsl/tsl/framework/bfc_allocator.cc:1095] InUse at 7f53fae0a200 of size 256 next 153
2025-06-15 02:56:41.787726: I external/local_tsl/tsl/framework/bfc_allocator.cc:1095] InUse at 7f53fae0a300 of size 256 next 154
2025-06-15 02:56:41.788145: I external/local_tsl/tsl/framework/bfc_allocator.cc:1095] InUse at 7f53fae0a400 of size 256 next 155
2025-06-15 02:56:41.788596: I external/local_tsl/tsl/framework/bfc_allocator.cc:1095] InUse at 7f53fae0a500 of size 256 next 156
2025-06-15 02:56:41.789024: I external/local_tsl/tsl/framework/bfc_allocator.cc:1095] InUse at 7f53fae0a600 of size 256 next 157
2025-06-15 02:56:41.789485: I external/local_tsl/tsl/framework/bfc_allocator.cc:1095] InUse at 7f53fae0a700 of size 256 next 158
2025-06-15 02:56:41.789913: I external/local_tsl/tsl/framework/bfc_allocator.cc:1095] InUse at 7f53fae0a800 of size 256 next 160
2025-06-15 02:56:41.790325: I external/local_tsl/tsl/framework/bfc_allocator.cc:1095] InUse at 7f53fae0a900 of size 256 next 161
2025-06-15 02:56:41.790740: I external/local_tsl/tsl/framework/bfc_allocator.cc:1095] InUse at 7f53fae0aa00 of size 256 next 162
2025-06-15 02:56:41.791187: I external/local_tsl/tsl/framework/bfc_allocator.cc:1095] InUse at 7f53fae0ab00 of size 256 next 163
2025-06-15 02:56:41.791616: I external/local_tsl/tsl/framework/bfc_allocator.cc:1095] InUse at 7f53fae0ac00 of size 256 next 164
2025-06-15 02:56:41.792030: I external/local_tsl/tsl/framework/bfc_allocator.cc:1095] InUse at 7f53fae0ad00 of size 256 next 165
2025-06-15 02:56:41.792465: I external/local_tsl/tsl/framework/bfc_allocator.cc:1095] InUse at 7f53fae0ae00 of size 512 next 167
2025-06-15 02:56:41.792948: I external/local_tsl/tsl/framework/bfc_allocator.cc:1095] InUse at 7f53fae0b000 of size 512 next 168
2025-06-15 02:56:41.793360: I external/local_tsl/tsl/framework/bfc_allocator.cc:1095] InUse at 7f53fae0b200 of size 512 next 169
2025-06-15 02:56:41.793823: I external/local_tsl/tsl/framework/bfc_allocator.cc:1095] InUse at 7f53fae0b400 of size 512 next 170
2025-06-15 02:56:41.794304: I external/local_tsl/tsl/framework/bfc_allocator.cc:1095] InUse at 7f53fae0b600 of size 512 next 171
2025-06-15 02:56:41.794742: I external/local_tsl/tsl/framework/bfc_allocator.cc:1095] InUse at 7f53fae0b800 of size 512 next 172
2025-06-15 02:56:41.795157: I external/local_tsl/tsl/framework/bfc_allocator.cc:1095] InUse at 7f53fae0ba00 of size 512 next 174
2025-06-15 02:56:41.795635: I external/local_tsl/tsl/framework/bfc_allocator.cc:1095] InUse at 7f53fae0bc00 of size 512 next 175
2025-06-15 02:56:41.796071: I external/local_tsl/tsl/framework/bfc_allocator.cc:1095] InUse at 7f53fae0be00 of size 512 next 176
2025-06-15 02:56:41.796537: I external/local_tsl/tsl/framework/bfc_allocator.cc:1095] InUse at 7f53fae0c000 of size 512 next 177
2025-06-15 02:56:41.796966: I external/local_tsl/tsl/framework/bfc_allocator.cc:1095] InUse at 7f53fae0c200 of size 512 next 178
2025-06-15 02:56:41.797393: I external/local_tsl/tsl/framework/bfc_allocator.cc:1095] InUse at 7f53fae0c400 of size 512 next 179
2025-06-15 02:56:41.797817: I external/local_tsl/tsl/framework/bfc_allocator.cc:1095] InUse at 7f53fae0c600 of size 1024 next 181
2025-06-15 02:56:41.798286: I external/local_tsl/tsl/framework/bfc_allocator.cc:1095] InUse at 7f53fae0ca00 of size 1024 next 182
2025-06-15 02:56:41.798721: I external/local_tsl/tsl/framework/bfc_allocator.cc:1095] InUse at 7f53fae0ce00 of size 1024 next 183
2025-06-15 02:56:41.799143: I external/local_tsl/tsl/framework/bfc_allocator.cc:1095] InUse at 7f53fae0d200 of size 1024 next 184
2025-06-15 02:56:41.799599: I external/local_tsl/tsl/framework/bfc_allocator.cc:1095] InUse at 7f53fae0d600 of size 1024 next 185
2025-06-15 02:56:41.800087: I external/local_tsl/tsl/framework/bfc_allocator.cc:1095] InUse at 7f53fae0da00 of size 1024 next 186
2025-06-15 02:56:41.800491: I external/local_tsl/tsl/framework/bfc_allocator.cc:1095] InUse at 7f53fae0de00 of size 1024 next 188
2025-06-15 02:56:41.800920: I external/local_tsl/tsl/framework/bfc_allocator.cc:1095] InUse at 7f53fae0e200 of size 1024 next 189
2025-06-15 02:56:41.801368: I external/local_tsl/tsl/framework/bfc_allocator.cc:1095] InUse at 7f53fae0e600 of size 1024 next 190
2025-06-15 02:56:41.801822: I external/local_tsl/tsl/framework/bfc_allocator.cc:1095] InUse at 7f53fae0ea00 of size 1024 next 191
2025-06-15 02:56:41.802259: I external/local_tsl/tsl/framework/bfc_allocator.cc:1095] InUse at 7f53fae0ee00 of size 1024 next 192
2025-06-15 02:56:41.802708: I external/local_tsl/tsl/framework/bfc_allocator.cc:1095] InUse at 7f53fae0f200 of size 1024 next 193
2025-06-15 02:56:41.803159: I external/local_tsl/tsl/framework/bfc_allocator.cc:1095] InUse at 7f53fae0f600 of size 512 next 196
2025-06-15 02:56:41.803620: I external/local_tsl/tsl/framework/bfc_allocator.cc:1095] InUse at 7f53fae0f800 of size 512 next 197
2025-06-15 02:56:41.804067: I external/local_tsl/tsl/framework/bfc_allocator.cc:1095] InUse at 7f53fae0fa00 of size 512 next 199
2025-06-15 02:56:41.804509: I external/local_tsl/tsl/framework/bfc_allocator.cc:1095] InUse at 7f53fae0fc00 of size 512 next 200
2025-06-15 02:56:41.804949: I external/local_tsl/tsl/framework/bfc_allocator.cc:1095] InUse at 7f53fae0fe00 of size 512 next 201
2025-06-15 02:56:41.805454: I external/local_tsl/tsl/framework/bfc_allocator.cc:1095] InUse at 7f53fae10000 of size 512 next 202
2025-06-15 02:56:41.805911: I external/local_tsl/tsl/framework/bfc_allocator.cc:1095] InUse at 7f53fae10200 of size 512 next 203
2025-06-15 02:56:41.806337: I external/local_tsl/tsl/framework/bfc_allocator.cc:1095] InUse at 7f53fae10400 of size 512 next 204
2025-06-15 02:56:41.806785: I external/local_tsl/tsl/framework/bfc_allocator.cc:1095] InUse at 7f53fae10600 of size 512 next 207
2025-06-15 02:56:41.807231: I external/local_tsl/tsl/framework/bfc_allocator.cc:1095] InUse at 7f53fae10800 of size 512 next 208
2025-06-15 02:56:41.807656: I external/local_tsl/tsl/framework/bfc_allocator.cc:1095] InUse at 7f53fae10a00 of size 512 next 209
2025-06-15 02:56:41.808092: I external/local_tsl/tsl/framework/bfc_allocator.cc:1095] InUse at 7f53fae10c00 of size 512 next 210
2025-06-15 02:56:41.808529: I external/local_tsl/tsl/framework/bfc_allocator.cc:1095] InUse at 7f53fae10e00 of size 512 next 211
2025-06-15 02:56:41.808984: I external/local_tsl/tsl/framework/bfc_allocator.cc:1095] InUse at 7f53fae11000 of size 512 next 212
2025-06-15 02:56:41.809406: I external/local_tsl/tsl/framework/bfc_allocator.cc:1095] InUse at 7f53fae11200 of size 256 next 215
2025-06-15 02:56:41.809831: I external/local_tsl/tsl/framework/bfc_allocator.cc:1095] InUse at 7f53fae11300 of size 256 next 216
2025-06-15 02:56:41.810270: I external/local_tsl/tsl/framework/bfc_allocator.cc:1095] InUse at 7f53fae11400 of size 256 next 219
2025-06-15 02:56:41.810723: I external/local_tsl/tsl/framework/bfc_allocator.cc:1095] InUse at 7f53fae11500 of size 256 next 220
2025-06-15 02:56:41.811136: I external/local_tsl/tsl/framework/bfc_allocator.cc:1095] InUse at 7f53fae11600 of size 256 next 221
2025-06-15 02:56:41.811572: I external/local_tsl/tsl/framework/bfc_allocator.cc:1095] InUse at 7f53fae11700 of size 256 next 222
2025-06-15 02:56:41.811998: I external/local_tsl/tsl/framework/bfc_allocator.cc:1095] InUse at 7f53fae11800 of size 256 next 223
2025-06-15 02:56:41.812450: I external/local_tsl/tsl/framework/bfc_allocator.cc:1095] InUse at 7f53fae11900 of size 256 next 224
2025-06-15 02:56:41.812940: I external/local_tsl/tsl/framework/bfc_allocator.cc:1095] InUse at 7f53fae11a00 of size 256 next 227
2025-06-15 02:56:41.813500: I external/local_tsl/tsl/framework/bfc_allocator.cc:1095] InUse at 7f53fae11b00 of size 256 next 228
2025-06-15 02:56:41.813935: I external/local_tsl/tsl/framework/bfc_allocator.cc:1095] InUse at 7f53fae11c00 of size 256 next 229
2025-06-15 02:56:41.814514: I external/local_tsl/tsl/framework/bfc_allocator.cc:1095] InUse at 7f53fae11d00 of size 256 next 230
2025-06-15 02:56:41.814990: I external/local_tsl/tsl/framework/bfc_allocator.cc:1095] InUse at 7f53fae11e00 of size 256 next 231
2025-06-15 02:56:41.815406: I external/local_tsl/tsl/framework/bfc_allocator.cc:1095] InUse at 7f53fae11f00 of size 256 next 232
2025-06-15 02:56:41.815827: I external/local_tsl/tsl/framework/bfc_allocator.cc:1095] InUse at 7f53fae12000 of size 65536 next 233
2025-06-15 02:56:41.816226: I external/local_tsl/tsl/framework/bfc_allocator.cc:1095] InUse at 7f53fae22000 of size 95232 next 19
2025-06-15 02:56:41.816679: I external/local_tsl/tsl/framework/bfc_allocator.cc:1095] InUse at 7f53fae39400 of size 110592 next 18
2025-06-15 02:56:41.817032: I external/local_tsl/tsl/framework/bfc_allocator.cc:1095] InUse at 7f53fae54400 of size 65536 next 115
2025-06-15 02:56:41.817379: I external/local_tsl/tsl/framework/bfc_allocator.cc:1095] InUse at 7f53fae64400 of size 256 next 112
2025-06-15 02:56:41.817826: I external/local_tsl/tsl/framework/bfc_allocator.cc:1095] InUse at 7f53fae64500 of size 256 next 114
2025-06-15 02:56:41.818260: I external/local_tsl/tsl/framework/bfc_allocator.cc:1095] InUse at 7f53fae64600 of size 256 next 113
2025-06-15 02:56:41.818676: I external/local_tsl/tsl/framework/bfc_allocator.cc:1095] InUse at 7f53fae64700 of size 256 next 111
2025-06-15 02:56:41.819107: I external/local_tsl/tsl/framework/bfc_allocator.cc:1095] InUse at 7f53fae64800 of size 256 next 117
2025-06-15 02:56:41.819579: I external/local_tsl/tsl/framework/bfc_allocator.cc:1095] InUse at 7f53fae64900 of size 256 next 118
2025-06-15 02:56:41.820004: I external/local_tsl/tsl/framework/bfc_allocator.cc:1095] InUse at 7f53fae64a00 of size 256 next 120
2025-06-15 02:56:41.820425: I external/local_tsl/tsl/framework/bfc_allocator.cc:1095] InUse at 7f53fae64b00 of size 256 next 119
2025-06-15 02:56:41.820848: I external/local_tsl/tsl/framework/bfc_allocator.cc:1095] InUse at 7f53fae64c00 of size 256 next 121
2025-06-15 02:56:41.821338: I external/local_tsl/tsl/framework/bfc_allocator.cc:1095] InUse at 7f53fae64d00 of size 256 next 123
2025-06-15 02:56:41.821767: I external/local_tsl/tsl/framework/bfc_allocator.cc:1095] InUse at 7f53fae64e00 of size 256 next 124
2025-06-15 02:56:41.822181: I external/local_tsl/tsl/framework/bfc_allocator.cc:1095] InUse at 7f53fae64f00 of size 256 next 125
2025-06-15 02:56:41.822625: I external/local_tsl/tsl/framework/bfc_allocator.cc:1095] InUse at 7f53fae65000 of size 256 next 126
2025-06-15 02:56:41.823110: I external/local_tsl/tsl/framework/bfc_allocator.cc:1095] InUse at 7f53fae65100 of size 256 next 128
2025-06-15 02:56:41.823528: I external/local_tsl/tsl/framework/bfc_allocator.cc:1095] InUse at 7f53fae65200 of size 256 next 127
2025-06-15 02:56:41.823984: I external/local_tsl/tsl/framework/bfc_allocator.cc:1095] InUse at 7f53fae65300 of size 256 next 129
2025-06-15 02:56:41.824410: I external/local_tsl/tsl/framework/bfc_allocator.cc:1095] InUse at 7f53fae65400 of size 256 next 130
2025-06-15 02:56:41.824888: I external/local_tsl/tsl/framework/bfc_allocator.cc:1095] InUse at 7f53fae65500 of size 256 next 131
2025-06-15 02:56:41.825319: I external/local_tsl/tsl/framework/bfc_allocator.cc:1095] InUse at 7f53fae65600 of size 256 next 132
2025-06-15 02:56:41.825736: I external/local_tsl/tsl/framework/bfc_allocator.cc:1095] InUse at 7f53fae65700 of size 256 next 133
2025-06-15 02:56:41.826154: I external/local_tsl/tsl/framework/bfc_allocator.cc:1095] InUse at 7f53fae65800 of size 256 next 137
2025-06-15 02:56:41.826629: I external/local_tsl/tsl/framework/bfc_allocator.cc:1095] InUse at 7f53fae65900 of size 256 next 136
2025-06-15 02:56:41.827063: I external/local_tsl/tsl/framework/bfc_allocator.cc:1095] InUse at 7f53fae65a00 of size 3584 next 138
2025-06-15 02:56:41.827467: I external/local_tsl/tsl/framework/bfc_allocator.cc:1095] InUse at 7f53fae66800 of size 3584 next 139
2025-06-15 02:56:41.827897: I external/local_tsl/tsl/framework/bfc_allocator.cc:1095] InUse at 7f53fae67600 of size 256 next 140
2025-06-15 02:56:41.828366: I external/local_tsl/tsl/framework/bfc_allocator.cc:1095] InUse at 7f53fae67700 of size 256 next 141
2025-06-15 02:56:41.828814: I external/local_tsl/tsl/framework/bfc_allocator.cc:1095] InUse at 7f53fae67800 of size 256 next 142
2025-06-15 02:56:41.829246: I external/local_tsl/tsl/framework/bfc_allocator.cc:1095] InUse at 7f53fae67900 of size 256 next 143
2025-06-15 02:56:41.829681: I external/local_tsl/tsl/framework/bfc_allocator.cc:1095] InUse at 7f53fae67a00 of size 256 next 144
2025-06-15 02:56:41.830153: I external/local_tsl/tsl/framework/bfc_allocator.cc:1095] InUse at 7f53fae67b00 of size 256 next 145
2025-06-15 02:56:41.830603: I external/local_tsl/tsl/framework/bfc_allocator.cc:1095] InUse at 7f53fae67c00 of size 141312 next 27
2025-06-15 02:56:41.830964: I external/local_tsl/tsl/framework/bfc_allocator.cc:1095] InUse at 7f53fae8a400 of size 221184 next 26
2025-06-15 02:56:41.831319: I external/local_tsl/tsl/framework/bfc_allocator.cc:1095] InUse at 7f53faec0400 of size 442368 next 159
2025-06-15 02:56:41.831698: I external/local_tsl/tsl/framework/bfc_allocator.cc:1095] InUse at 7f53faf2c400 of size 867328 next 18446744073709551615
2025-06-15 02:56:41.832094: I external/local_tsl/tsl/framework/bfc_allocator.cc:1075] Next region of size 4194304
2025-06-15 02:56:41.832524: I external/local_tsl/tsl/framework/bfc_allocator.cc:1095] InUse at 7f53fb400000 of size 442368 next 37
2025-06-15 02:56:41.832998: I external/local_tsl/tsl/framework/bfc_allocator.cc:1095] InUse at 7f53fb46c000 of size 221184 next 116
2025-06-15 02:56:41.833453: I external/local_tsl/tsl/framework/bfc_allocator.cc:1095] InUse at 7f53fb4a2000 of size 110592 next 122
2025-06-15 02:56:41.833900: I external/local_tsl/tsl/framework/bfc_allocator.cc:1095] InUse at 7f53fb4bd000 of size 192512 next 99
2025-06-15 02:56:41.834247: I external/local_tsl/tsl/framework/bfc_allocator.cc:1095] InUse at 7f53fb4ec000 of size 360448 next 44
2025-06-15 02:56:41.834645: I external/local_tsl/tsl/framework/bfc_allocator.cc:1095] InUse at 7f53fb544000 of size 884736 next 43
2025-06-15 02:56:41.835016: I external/local_tsl/tsl/framework/bfc_allocator.cc:1095] InUse at 7f53fb61c000 of size 1982464 next 18446744073709551615
2025-06-15 02:56:41.835410: I external/local_tsl/tsl/framework/bfc_allocator.cc:1075] Next region of size 8388608
2025-06-15 02:56:41.835866: I external/local_tsl/tsl/framework/bfc_allocator.cc:1095] InUse at 7f53fb800000 of size 884736 next 166
2025-06-15 02:56:41.836259: I external/local_tsl/tsl/framework/bfc_allocator.cc:1095] InUse at 7f53fb8d8000 of size 884736 next 54
2025-06-15 02:56:41.836613: I external/local_tsl/tsl/framework/bfc_allocator.cc:1095] InUse at 7f53fb9b0000 of size 1769472 next 52
2025-06-15 02:56:41.836953: I external/local_tsl/tsl/framework/bfc_allocator.cc:1095] InUse at 7f53fbb60000 of size 4849664 next 18446744073709551615
2025-06-15 02:56:41.837282: I external/local_tsl/tsl/framework/bfc_allocator.cc:1100]      Summary of in-use Chunks by size: 
2025-06-15 02:56:41.837760: I external/local_tsl/tsl/framework/bfc_allocator.cc:1103] 155 Chunks of size 256 totalling 38.8KiB
2025-06-15 02:56:41.838181: I external/local_tsl/tsl/framework/bfc_allocator.cc:1103] 54 Chunks of size 512 totalling 27.0KiB
2025-06-15 02:56:41.838602: I external/local_tsl/tsl/framework/bfc_allocator.cc:1103] 1 Chunks of size 768 totalling 768B
2025-06-15 02:56:41.839028: I external/local_tsl/tsl/framework/bfc_allocator.cc:1103] 26 Chunks of size 1024 totalling 26.0KiB
2025-06-15 02:56:41.839504: I external/local_tsl/tsl/framework/bfc_allocator.cc:1103] 1 Chunks of size 1280 totalling 1.2KiB
2025-06-15 02:56:41.839934: I external/local_tsl/tsl/framework/bfc_allocator.cc:1103] 3 Chunks of size 3584 totalling 10.5KiB
2025-06-15 02:56:41.840357: I external/local_tsl/tsl/framework/bfc_allocator.cc:1103] 2 Chunks of size 65536 totalling 128.0KiB
2025-06-15 02:56:41.840801: I external/local_tsl/tsl/framework/bfc_allocator.cc:1103] 1 Chunks of size 95232 totalling 93.0KiB
2025-06-15 02:56:41.841274: I external/local_tsl/tsl/framework/bfc_allocator.cc:1103] 4 Chunks of size 110592 totalling 432.0KiB
2025-06-15 02:56:41.841718: I external/local_tsl/tsl/framework/bfc_allocator.cc:1103] 1 Chunks of size 141312 totalling 138.0KiB
2025-06-15 02:56:41.842130: I external/local_tsl/tsl/framework/bfc_allocator.cc:1103] 1 Chunks of size 192512 totalling 188.0KiB
2025-06-15 02:56:41.842552: I external/local_tsl/tsl/framework/bfc_allocator.cc:1103] 6 Chunks of size 221184 totalling 1.27MiB
2025-06-15 02:56:41.843018: I external/local_tsl/tsl/framework/bfc_allocator.cc:1103] 2 Chunks of size 262144 totalling 512.0KiB
2025-06-15 02:56:41.843459: I external/local_tsl/tsl/framework/bfc_allocator.cc:1103] 1 Chunks of size 360448 totalling 352.0KiB
2025-06-15 02:56:41.843895: I external/local_tsl/tsl/framework/bfc_allocator.cc:1103] 5 Chunks of size 442368 totalling 2.11MiB
2025-06-15 02:56:41.844332: I external/local_tsl/tsl/framework/bfc_allocator.cc:1103] 1 Chunks of size 867328 totalling 847.0KiB
2025-06-15 02:56:41.844797: I external/local_tsl/tsl/framework/bfc_allocator.cc:1103] 6 Chunks of size 884736 totalling 5.06MiB
2025-06-15 02:56:41.845218: I external/local_tsl/tsl/framework/bfc_allocator.cc:1103] 2 Chunks of size 1048576 totalling 2.00MiB
2025-06-15 02:56:41.845638: I external/local_tsl/tsl/framework/bfc_allocator.cc:1103] 6 Chunks of size 1769472 totalling 10.12MiB
2025-06-15 02:56:41.846046: I external/local_tsl/tsl/framework/bfc_allocator.cc:1103] 1 Chunks of size 1982464 totalling 1.89MiB
2025-06-15 02:56:41.846511: I external/local_tsl/tsl/framework/bfc_allocator.cc:1103] 4 Chunks of size 3538944 totalling 13.50MiB
2025-06-15 02:56:41.846938: I external/local_tsl/tsl/framework/bfc_allocator.cc:1103] 1 Chunks of size 4063232 totalling 3.88MiB
2025-06-15 02:56:41.847362: I external/local_tsl/tsl/framework/bfc_allocator.cc:1103] 1 Chunks of size 4849664 totalling 4.62MiB
2025-06-15 02:56:41.847807: I external/local_tsl/tsl/framework/bfc_allocator.cc:1103] 2 Chunks of size 7077888 totalling 13.50MiB
2025-06-15 02:56:41.848271: I external/local_tsl/tsl/framework/bfc_allocator.cc:1103] 1 Chunks of size 12320768 totalling 11.75MiB
2025-06-15 02:56:41.848625: I external/local_tsl/tsl/framework/bfc_allocator.cc:1103] 2 Chunks of size 15138816 totalling 28.88MiB
2025-06-15 02:56:41.848972: I external/local_tsl/tsl/framework/bfc_allocator.cc:1103] 4 Chunks of size 30277632 totalling 115.50MiB
2025-06-15 02:56:41.849311: I external/local_tsl/tsl/framework/bfc_allocator.cc:1103] 2 Chunks of size 60555264 totalling 115.50MiB
2025-06-15 02:56:41.849718: I external/local_tsl/tsl/framework/bfc_allocator.cc:1103] 1 Chunks of size 73662464 totalling 70.25MiB
2025-06-15 02:56:41.850076: I external/local_tsl/tsl/framework/bfc_allocator.cc:1103] 1 Chunks of size 116654080 totalling 111.25MiB
2025-06-15 02:56:41.850447: I external/local_tsl/tsl/framework/bfc_allocator.cc:1103] 6 Chunks of size 121110528 totalling 693.00MiB
2025-06-15 02:56:41.850805: I external/local_tsl/tsl/framework/bfc_allocator.cc:1103] 2 Chunks of size 209715200 totalling 400.00MiB
2025-06-15 02:56:41.851202: I external/local_tsl/tsl/framework/bfc_allocator.cc:1103] 3 Chunks of size 242221056 totalling 693.00MiB
2025-06-15 02:56:41.851569: I external/local_tsl/tsl/framework/bfc_allocator.cc:1103] 8 Chunks of size 484442112 totalling 3.61GiB
2025-06-15 02:56:41.851935: I external/local_tsl/tsl/framework/bfc_allocator.cc:1103] 1 Chunks of size 968884224 totalling 924.00MiB
2025-06-15 02:56:41.852286: I external/local_tsl/tsl/framework/bfc_allocator.cc:1103] 6 Chunks of size 1937768448 totalling 10.83GiB
2025-06-15 02:56:41.852708: I external/local_tsl/tsl/framework/bfc_allocator.cc:1107] Sum Total of in-use chunks: 17.58GiB
2025-06-15 02:56:41.853137: I external/local_tsl/tsl/framework/bfc_allocator.cc:1109] Total bytes in pool: 23575789568 memory_limit_: 23575789568 available bytes: 0 curr_region_allocation_bytes_: 34359738368
2025-06-15 02:56:41.853484: I external/local_tsl/tsl/framework/bfc_allocator.cc:1114] Stats: 
Limit:                     23575789568
InUse:                     18882554112
MaxInUse:                  22800760320
NumAllocs:                         912
MaxAllocSize:               4135495424
Reserved:                            0
PeakReserved:                        0
LargestFreeBlock:                    0

2025-06-15 02:56:41.853862: W external/local_tsl/tsl/framework/bfc_allocator.cc:497] ________*********________************************************_**************************************
2025-06-15 02:56:41.854232: W tensorflow/core/framework/op_kernel.cc:1839] OP_REQUIRES failed at concat_op.cc:165 : RESOURCE_EXHAUSTED: OOM when allocating tensor with shape[2,64,192,224,176] and type float on /job:localhost/replica:0/task:0/device:GPU:0 by allocator GPU_0_bfc
Traceback (most recent call last):
  File "/mnt/beegfs/hellgate/home/rb194958e/stroke_segmentation_sota/batch_wise_train.py", line 277, in <module>
    if main():
       ^^^^^^
  File "/mnt/beegfs/hellgate/home/rb194958e/stroke_segmentation_sota/batch_wise_train.py", line 256, in main
    history = model.fit(
              ^^^^^^^^^^
  File "/mnt/beegfs/hellgate/home/rb194958e/.conda/envs/tf215_env/lib/python3.11/site-packages/keras/src/utils/traceback_utils.py", line 70, in error_handler
    raise e.with_traceback(filtered_tb) from None
  File "/mnt/beegfs/hellgate/home/rb194958e/.conda/envs/tf215_env/lib/python3.11/site-packages/tensorflow/python/eager/execute.py", line 53, in quick_execute
    tensors = pywrap_tfe.TFE_Py_Execute(ctx._handle, device_name, op_name,
  ^^^^^^^^^^^^^^^^^^^^^^^^^^^^^^^^^^^^^^^^^^^^^^^^^^^^^^^^^^^^^^^^^^^^^^^^
tensorflow.python.framework.errors_impl.ResourceExhaustedError: Graph execution error:

Detected at node model/concatenate_2/concat defined at (most recent call last):
  File "/mnt/beegfs/hellgate/home/rb194958e/stroke_segmentation_sota/batch_wise_train.py", line 277, in <module>

  File "/mnt/beegfs/hellgate/home/rb194958e/stroke_segmentation_sota/batch_wise_train.py", line 256, in main

  File "/mnt/beegfs/hellgate/home/rb194958e/.conda/envs/tf215_env/lib/python3.11/site-packages/keras/src/utils/traceback_utils.py", line 65, in error_handler

  File "/mnt/beegfs/hellgate/home/rb194958e/.conda/envs/tf215_env/lib/python3.11/site-packages/keras/src/engine/training.py", line 1807, in fit

  File "/mnt/beegfs/hellgate/home/rb194958e/.conda/envs/tf215_env/lib/python3.11/site-packages/keras/src/engine/training.py", line 1401, in train_function

  File "/mnt/beegfs/hellgate/home/rb194958e/.conda/envs/tf215_env/lib/python3.11/site-packages/keras/src/engine/training.py", line 1384, in step_function

  File "/mnt/beegfs/hellgate/home/rb194958e/.conda/envs/tf215_env/lib/python3.11/site-packages/keras/src/engine/training.py", line 1373, in run_step

  File "/mnt/beegfs/hellgate/home/rb194958e/.conda/envs/tf215_env/lib/python3.11/site-packages/keras/src/engine/training.py", line 1150, in train_step

  File "/mnt/beegfs/hellgate/home/rb194958e/.conda/envs/tf215_env/lib/python3.11/site-packages/keras/src/utils/traceback_utils.py", line 65, in error_handler

  File "/mnt/beegfs/hellgate/home/rb194958e/.conda/envs/tf215_env/lib/python3.11/site-packages/keras/src/engine/training.py", line 590, in __call__

  File "/mnt/beegfs/hellgate/home/rb194958e/.conda/envs/tf215_env/lib/python3.11/site-packages/keras/src/utils/traceback_utils.py", line 65, in error_handler

  File "/mnt/beegfs/hellgate/home/rb194958e/.conda/envs/tf215_env/lib/python3.11/site-packages/keras/src/engine/base_layer.py", line 1149, in __call__

  File "/mnt/beegfs/hellgate/home/rb194958e/.conda/envs/tf215_env/lib/python3.11/site-packages/keras/src/utils/traceback_utils.py", line 96, in error_handler

  File "/mnt/beegfs/hellgate/home/rb194958e/.conda/envs/tf215_env/lib/python3.11/site-packages/keras/src/engine/functional.py", line 515, in call

  File "/mnt/beegfs/hellgate/home/rb194958e/.conda/envs/tf215_env/lib/python3.11/site-packages/keras/src/engine/functional.py", line 672, in _run_internal_graph

  File "/mnt/beegfs/hellgate/home/rb194958e/.conda/envs/tf215_env/lib/python3.11/site-packages/keras/src/utils/traceback_utils.py", line 65, in error_handler

  File "/mnt/beegfs/hellgate/home/rb194958e/.conda/envs/tf215_env/lib/python3.11/site-packages/keras/src/engine/base_layer.py", line 1149, in __call__

  File "/mnt/beegfs/hellgate/home/rb194958e/.conda/envs/tf215_env/lib/python3.11/site-packages/keras/src/utils/traceback_utils.py", line 96, in error_handler

  File "/mnt/beegfs/hellgate/home/rb194958e/.conda/envs/tf215_env/lib/python3.11/site-packages/keras/src/layers/merging/base_merge.py", line 196, in call

  File "/mnt/beegfs/hellgate/home/rb194958e/.conda/envs/tf215_env/lib/python3.11/site-packages/keras/src/layers/merging/concatenate.py", line 134, in _merge_function

  File "/mnt/beegfs/hellgate/home/rb194958e/.conda/envs/tf215_env/lib/python3.11/site-packages/keras/src/backend.py", line 3580, in concatenate

OOM when allocating tensor with shape[2,64,192,224,176] and type float on /job:localhost/replica:0/task:0/device:GPU:0 by allocator GPU_0_bfc
	 [[{{node model/concatenate_2/concat}}]]
Hint: If you want to see a list of allocated tensors when OOM happens, add report_tensor_allocations_upon_oom to RunOptions for current allocation info. This isn't available when running in Eager mode.
 [Op:__inference_train_function_7309]
2025-06-15 02:56:42.015073: W tensorflow/core/kernels/data/generator_dataset_op.cc:108] Error occurred when finalizing GeneratorDataset iterator: FAILED_PRECONDITION: Python interpreter state is not initialized. The process may be terminated.
	 [[{{node PyFunc}}]]
/var/spool/slurmd/job1124262/slurm_script: line 320: EOF: command not found
/var/spool/slurmd/job1124262/slurm_script: line 330: unexpected EOF while looking for matching ``'
/var/spool/slurmd/job1124262/slurm_script: line 339: syntax error: unexpected end of file
