2025-06-14 18:08:25.318683: I tensorflow/core/util/port.cc:113] oneDNN custom operations are on. You may see slightly different numerical results due to floating-point round-off errors from different computation orders. To turn them off, set the environment variable `TF_ENABLE_ONEDNN_OPTS=0`.
2025-06-14 18:08:26.052268: E external/local_xla/xla/stream_executor/cuda/cuda_dnn.cc:9261] Unable to register cuDNN factory: Attempting to register factory for plugin cuDNN when one has already been registered
2025-06-14 18:08:26.052873: E external/local_xla/xla/stream_executor/cuda/cuda_fft.cc:607] Unable to register cuFFT factory: Attempting to register factory for plugin cuFFT when one has already been registered
2025-06-14 18:08:26.168883: E external/local_xla/xla/stream_executor/cuda/cuda_blas.cc:1515] Unable to register cuBLAS factory: Attempting to register factory for plugin cuBLAS when one has already been registered
2025-06-14 18:08:26.422160: I tensorflow/core/platform/cpu_feature_guard.cc:182] This TensorFlow binary is optimized to use available CPU instructions in performance-critical operations.
To enable the following instructions: AVX2 AVX512F AVX512_VNNI FMA, in other operations, rebuild TensorFlow with the appropriate compiler flags.
2025-06-14 18:08:33.066719: W tensorflow/compiler/tf2tensorrt/utils/py_utils.cc:38] TF-TRT Warning: Could not find TensorRT
INFO:__main__:🚀 Starting Stroke Lesion Segmentation Training
INFO:__main__:Using 1 GPU(s)
INFO:__main__:Creating data generators...
INFO:__main__:Found 655 valid image/mask pairs
INFO:__main__:Found 655 valid image/mask pairs
INFO:__main__:Training batches: 262
INFO:__main__:Validation batches: 65
INFO:__main__:Building model...
2025-06-14 18:08:47.616010: I tensorflow/core/common_runtime/gpu/gpu_device.cc:1929] Created device /job:localhost/replica:0/task:0/device:GPU:0 with 22483 MB memory:  -> device: 0, name: NVIDIA RTX 4500 Ada Generation, pci bus id: 0000:1c:00.0, compute capability: 8.9
INFO:__main__:Model parameters: 5,605,345
INFO:__main__:Starting training...
pixdim[0] (qfac) should be 1 (default) or -1; setting qfac to 1
INFO:nibabel.global:pixdim[0] (qfac) should be 1 (default) or -1; setting qfac to 1
pixdim[0] (qfac) should be 1 (default) or -1; setting qfac to 1
INFO:nibabel.global:pixdim[0] (qfac) should be 1 (default) or -1; setting qfac to 1
pixdim[0] (qfac) should be 1 (default) or -1; setting qfac to 1
INFO:nibabel.global:pixdim[0] (qfac) should be 1 (default) or -1; setting qfac to 1
pixdim[0] (qfac) should be 1 (default) or -1; setting qfac to 1
INFO:nibabel.global:pixdim[0] (qfac) should be 1 (default) or -1; setting qfac to 1
2025-06-14 18:08:55.173118: I external/local_xla/xla/stream_executor/cuda/cuda_dnn.cc:454] Loaded cuDNN version 8907
pixdim[0] (qfac) should be 1 (default) or -1; setting qfac to 1
INFO:nibabel.global:pixdim[0] (qfac) should be 1 (default) or -1; setting qfac to 1
pixdim[0] (qfac) should be 1 (default) or -1; setting qfac to 1
INFO:nibabel.global:pixdim[0] (qfac) should be 1 (default) or -1; setting qfac to 1
pixdim[0] (qfac) should be 1 (default) or -1; setting qfac to 1
INFO:nibabel.global:pixdim[0] (qfac) should be 1 (default) or -1; setting qfac to 1
pixdim[0] (qfac) should be 1 (default) or -1; setting qfac to 1
INFO:nibabel.global:pixdim[0] (qfac) should be 1 (default) or -1; setting qfac to 1
2025-06-14 18:09:11.624485: W external/local_tsl/tsl/framework/bfc_allocator.cc:296] Allocator (GPU_0_bfc) ran out of memory trying to allocate 2.27GiB with freed_by_count=0. The caller indicates that this is not a failure, but this may mean that there could be performance gains if more memory were available.
2025-06-14 18:09:11.726219: W external/local_tsl/tsl/framework/bfc_allocator.cc:296] Allocator (GPU_0_bfc) ran out of memory trying to allocate 2.30GiB with freed_by_count=0. The caller indicates that this is not a failure, but this may mean that there could be performance gains if more memory were available.
2025-06-14 18:09:11.727123: W external/local_tsl/tsl/framework/bfc_allocator.cc:296] Allocator (GPU_0_bfc) ran out of memory trying to allocate 2.27GiB with freed_by_count=0. The caller indicates that this is not a failure, but this may mean that there could be performance gains if more memory were available.
2025-06-14 18:09:12.347418: W external/local_tsl/tsl/framework/bfc_allocator.cc:296] Allocator (GPU_0_bfc) ran out of memory trying to allocate 2.27GiB with freed_by_count=0. The caller indicates that this is not a failure, but this may mean that there could be performance gains if more memory were available.
2025-06-14 18:09:12.400834: W external/local_tsl/tsl/framework/bfc_allocator.cc:296] Allocator (GPU_0_bfc) ran out of memory trying to allocate 2.30GiB with freed_by_count=0. The caller indicates that this is not a failure, but this may mean that there could be performance gains if more memory were available.
2025-06-14 18:09:12.401784: W external/local_tsl/tsl/framework/bfc_allocator.cc:296] Allocator (GPU_0_bfc) ran out of memory trying to allocate 2.27GiB with freed_by_count=0. The caller indicates that this is not a failure, but this may mean that there could be performance gains if more memory were available.
2025-06-14 18:09:23.023408: W external/local_tsl/tsl/framework/bfc_allocator.cc:485] Allocator (GPU_0_bfc) ran out of memory trying to allocate 3.61GiB (rounded to 3875536896)requested by op model/concatenate_2/concat
If the cause is memory fragmentation maybe the environment variable 'TF_GPU_ALLOCATOR=cuda_malloc_async' will improve the situation. 
Current allocation summary follows.
Current allocation summary follows.
2025-06-14 18:09:23.024508: I external/local_tsl/tsl/framework/bfc_allocator.cc:1039] BFCAllocator dump for GPU_0_bfc
2025-06-14 18:09:23.025386: I external/local_tsl/tsl/framework/bfc_allocator.cc:1046] Bin (256): 	Total Chunks: 155, Chunks in use: 155. 38.8KiB allocated for chunks. 38.8KiB in use in bin. 20.7KiB client-requested in use in bin.
2025-06-14 18:09:23.025951: I external/local_tsl/tsl/framework/bfc_allocator.cc:1046] Bin (512): 	Total Chunks: 56, Chunks in use: 55. 28.2KiB allocated for chunks. 27.8KiB in use in bin. 27.5KiB client-requested in use in bin.
2025-06-14 18:09:23.026445: I external/local_tsl/tsl/framework/bfc_allocator.cc:1046] Bin (1024): 	Total Chunks: 27, Chunks in use: 27. 27.2KiB allocated for chunks. 27.2KiB in use in bin. 27.0KiB client-requested in use in bin.
2025-06-14 18:09:23.026869: I external/local_tsl/tsl/framework/bfc_allocator.cc:1046] Bin (2048): 	Total Chunks: 3, Chunks in use: 3. 10.5KiB allocated for chunks. 10.5KiB in use in bin. 10.1KiB client-requested in use in bin.
2025-06-14 18:09:23.027285: I external/local_tsl/tsl/framework/bfc_allocator.cc:1046] Bin (4096): 	Total Chunks: 0, Chunks in use: 0. 0B allocated for chunks. 0B in use in bin. 0B client-requested in use in bin.
2025-06-14 18:09:23.027666: I external/local_tsl/tsl/framework/bfc_allocator.cc:1046] Bin (8192): 	Total Chunks: 0, Chunks in use: 0. 0B allocated for chunks. 0B in use in bin. 0B client-requested in use in bin.
2025-06-14 18:09:23.028063: I external/local_tsl/tsl/framework/bfc_allocator.cc:1046] Bin (16384): 	Total Chunks: 0, Chunks in use: 0. 0B allocated for chunks. 0B in use in bin. 0B client-requested in use in bin.
2025-06-14 18:09:23.028455: I external/local_tsl/tsl/framework/bfc_allocator.cc:1046] Bin (32768): 	Total Chunks: 0, Chunks in use: 0. 0B allocated for chunks. 0B in use in bin. 0B client-requested in use in bin.
2025-06-14 18:09:23.028887: I external/local_tsl/tsl/framework/bfc_allocator.cc:1046] Bin (65536): 	Total Chunks: 7, Chunks in use: 7. 653.0KiB allocated for chunks. 653.0KiB in use in bin. 624.0KiB client-requested in use in bin.
2025-06-14 18:09:23.029278: I external/local_tsl/tsl/framework/bfc_allocator.cc:1046] Bin (131072): 	Total Chunks: 8, Chunks in use: 8. 1.58MiB allocated for chunks. 1.58MiB in use in bin. 1.48MiB client-requested in use in bin.
2025-06-14 18:09:23.029671: I external/local_tsl/tsl/framework/bfc_allocator.cc:1046] Bin (262144): 	Total Chunks: 8, Chunks in use: 8. 2.95MiB allocated for chunks. 2.95MiB in use in bin. 2.86MiB client-requested in use in bin.
2025-06-14 18:09:23.030024: I external/local_tsl/tsl/framework/bfc_allocator.cc:1046] Bin (524288): 	Total Chunks: 7, Chunks in use: 7. 5.89MiB allocated for chunks. 5.89MiB in use in bin. 5.48MiB client-requested in use in bin.
2025-06-14 18:09:23.030432: I external/local_tsl/tsl/framework/bfc_allocator.cc:1046] Bin (1048576): 	Total Chunks: 9, Chunks in use: 9. 14.02MiB allocated for chunks. 14.02MiB in use in bin. 13.12MiB client-requested in use in bin.
2025-06-14 18:09:23.030781: I external/local_tsl/tsl/framework/bfc_allocator.cc:1046] Bin (2097152): 	Total Chunks: 5, Chunks in use: 5. 17.38MiB allocated for chunks. 17.38MiB in use in bin. 16.88MiB client-requested in use in bin.
2025-06-14 18:09:23.031119: I external/local_tsl/tsl/framework/bfc_allocator.cc:1046] Bin (4194304): 	Total Chunks: 3, Chunks in use: 3. 18.12MiB allocated for chunks. 18.12MiB in use in bin. 16.88MiB client-requested in use in bin.
2025-06-14 18:09:23.031484: I external/local_tsl/tsl/framework/bfc_allocator.cc:1046] Bin (8388608): 	Total Chunks: 3, Chunks in use: 3. 40.62MiB allocated for chunks. 40.62MiB in use in bin. 35.62MiB client-requested in use in bin.
2025-06-14 18:09:23.031824: I external/local_tsl/tsl/framework/bfc_allocator.cc:1046] Bin (16777216): 	Total Chunks: 5, Chunks in use: 4. 140.19MiB allocated for chunks. 115.50MiB in use in bin. 115.50MiB client-requested in use in bin.
2025-06-14 18:09:23.032215: I external/local_tsl/tsl/framework/bfc_allocator.cc:1046] Bin (33554432): 	Total Chunks: 2, Chunks in use: 2. 115.50MiB allocated for chunks. 115.50MiB in use in bin. 115.50MiB client-requested in use in bin.
2025-06-14 18:09:23.032584: I external/local_tsl/tsl/framework/bfc_allocator.cc:1046] Bin (67108864): 	Total Chunks: 8, Chunks in use: 8. 874.50MiB allocated for chunks. 874.50MiB in use in bin. 808.50MiB client-requested in use in bin.
2025-06-14 18:09:23.032928: I external/local_tsl/tsl/framework/bfc_allocator.cc:1046] Bin (134217728): 	Total Chunks: 5, Chunks in use: 5. 1.07GiB allocated for chunks. 1.07GiB in use in bin. 924.00MiB client-requested in use in bin.
2025-06-14 18:09:23.033326: I external/local_tsl/tsl/framework/bfc_allocator.cc:1046] Bin (268435456): 	Total Chunks: 18, Chunks in use: 15. 19.69GiB allocated for chunks. 15.34GiB in use in bin. 15.34GiB client-requested in use in bin.
2025-06-14 18:09:23.033710: I external/local_tsl/tsl/framework/bfc_allocator.cc:1062] Bin for 3.61GiB was 256.00MiB, Chunk State: 
2025-06-14 18:09:23.034112: I external/local_tsl/tsl/framework/bfc_allocator.cc:1068]   Size: 453.50MiB | Requested Size: 16.00MiB | in_use: 0 | bin_num: 20, prev:   Size: 462.00MiB | Requested Size: 462.00MiB | in_use: 1 | bin_num: -1
2025-06-14 18:09:23.034493: I external/local_tsl/tsl/framework/bfc_allocator.cc:1068]   Size: 1.80GiB | Requested Size: 1.80GiB | in_use: 0 | bin_num: 20, next:   Size: 1.80GiB | Requested Size: 1.80GiB | in_use: 1 | bin_num: -1
2025-06-14 18:09:23.034886: I external/local_tsl/tsl/framework/bfc_allocator.cc:1068]   Size: 2.10GiB | Requested Size: 1.82GiB | in_use: 0 | bin_num: 20, prev:   Size: 1.80GiB | Requested Size: 1.80GiB | in_use: 1 | bin_num: -1
2025-06-14 18:09:23.035284: I external/local_tsl/tsl/framework/bfc_allocator.cc:1075] Next region of size 6129582080
2025-06-14 18:09:23.035770: I external/local_tsl/tsl/framework/bfc_allocator.cc:1095] Free  at 7f494a000000 of size 1937768448 next 107
2025-06-14 18:09:23.036120: I external/local_tsl/tsl/framework/bfc_allocator.cc:1095] InUse at 7f49bd800000 of size 1937768448 next 329
2025-06-14 18:09:23.036447: I external/local_tsl/tsl/framework/bfc_allocator.cc:1095] Free  at 7f4a31000000 of size 2254045184 next 18446744073709551615
2025-06-14 18:09:23.036774: I external/local_tsl/tsl/framework/bfc_allocator.cc:1075] Next region of size 8589934592
2025-06-14 18:09:23.037237: I external/local_tsl/tsl/framework/bfc_allocator.cc:1095] InUse at 7f4ad8000000 of size 1937768448 next 282
2025-06-14 18:09:23.037588: I external/local_tsl/tsl/framework/bfc_allocator.cc:1095] InUse at 7f4b4b800000 of size 242221056 next 283
2025-06-14 18:09:23.037939: I external/local_tsl/tsl/framework/bfc_allocator.cc:1095] InUse at 7f4b59f00000 of size 484442112 next 284
2025-06-14 18:09:23.038286: I external/local_tsl/tsl/framework/bfc_allocator.cc:1095] InUse at 7f4b76d00000 of size 484442112 next 285
2025-06-14 18:09:23.038709: I external/local_tsl/tsl/framework/bfc_allocator.cc:1095] InUse at 7f4b93b00000 of size 484442112 next 29
2025-06-14 18:09:23.039059: I external/local_tsl/tsl/framework/bfc_allocator.cc:1095] InUse at 7f4bb0900000 of size 484442112 next 289
2025-06-14 18:09:23.039434: I external/local_tsl/tsl/framework/bfc_allocator.cc:1095] InUse at 7f4bcd700000 of size 484442112 next 293
2025-06-14 18:09:23.039805: I external/local_tsl/tsl/framework/bfc_allocator.cc:1095] InUse at 7f4bea500000 of size 121110528 next 47
2025-06-14 18:09:23.040179: I external/local_tsl/tsl/framework/bfc_allocator.cc:1095] InUse at 7f4bf1880000 of size 121110528 next 296
2025-06-14 18:09:23.040533: I external/local_tsl/tsl/framework/bfc_allocator.cc:1095] InUse at 7f4bf8c00000 of size 121110528 next 300
2025-06-14 18:09:23.040910: I external/local_tsl/tsl/framework/bfc_allocator.cc:1095] InUse at 7f4bfff80000 of size 30277632 next 302
2025-06-14 18:09:23.041277: I external/local_tsl/tsl/framework/bfc_allocator.cc:1095] InUse at 7f4c01c60000 of size 30277632 next 303
2025-06-14 18:09:23.041650: I external/local_tsl/tsl/framework/bfc_allocator.cc:1095] InUse at 7f4c03940000 of size 30277632 next 66
2025-06-14 18:09:23.042021: I external/local_tsl/tsl/framework/bfc_allocator.cc:1095] InUse at 7f4c05620000 of size 30277632 next 307
2025-06-14 18:09:23.042382: I external/local_tsl/tsl/framework/bfc_allocator.cc:1095] InUse at 7f4c07300000 of size 121110528 next 76
2025-06-14 18:09:23.042767: I external/local_tsl/tsl/framework/bfc_allocator.cc:1095] InUse at 7f4c0e680000 of size 121110528 next 312
2025-06-14 18:09:23.043109: I external/local_tsl/tsl/framework/bfc_allocator.cc:1095] InUse at 7f4c15a00000 of size 242221056 next 311
2025-06-14 18:09:23.043458: I external/local_tsl/tsl/framework/bfc_allocator.cc:1095] InUse at 7f4c24100000 of size 121110528 next 85
2025-06-14 18:09:23.043768: I external/local_tsl/tsl/framework/bfc_allocator.cc:1095] InUse at 7f4c2b480000 of size 484442112 next 325
2025-06-14 18:09:23.044077: I external/local_tsl/tsl/framework/bfc_allocator.cc:1095] InUse at 7f4c48280000 of size 484442112 next 320
2025-06-14 18:09:23.044484: I external/local_tsl/tsl/framework/bfc_allocator.cc:1095] InUse at 7f4c65080000 of size 968884224 next 319
2025-06-14 18:09:23.044856: I external/local_tsl/tsl/framework/bfc_allocator.cc:1095] InUse at 7f4c9ec80000 of size 484442112 next 91
2025-06-14 18:09:23.045290: I external/local_tsl/tsl/framework/bfc_allocator.cc:1095] Free  at 7f4cbba80000 of size 475529216 next 18446744073709551615
2025-06-14 18:09:23.045736: I external/local_tsl/tsl/framework/bfc_allocator.cc:1075] Next region of size 4294967296
2025-06-14 18:09:23.046191: I external/local_tsl/tsl/framework/bfc_allocator.cc:1095] InUse at 7f4d02000000 of size 1937768448 next 11
2025-06-14 18:09:23.046572: I external/local_tsl/tsl/framework/bfc_allocator.cc:1095] InUse at 7f4d75800000 of size 1937768448 next 277
2025-06-14 18:09:23.046884: I external/local_tsl/tsl/framework/bfc_allocator.cc:1095] InUse at 7f4de9000000 of size 242221056 next 20
2025-06-14 18:09:23.047213: I external/local_tsl/tsl/framework/bfc_allocator.cc:1095] InUse at 7f4df7700000 of size 60555264 next 38
2025-06-14 18:09:23.047567: I external/local_tsl/tsl/framework/bfc_allocator.cc:1095] InUse at 7f4dfb0c0000 of size 116654080 next 18446744073709551615
2025-06-14 18:09:23.047975: I external/local_tsl/tsl/framework/bfc_allocator.cc:1075] Next region of size 2147483648
2025-06-14 18:09:23.048450: I external/local_tsl/tsl/framework/bfc_allocator.cc:1095] InUse at 7f4e2e000000 of size 1937768448 next 265
2025-06-14 18:09:23.048852: I external/local_tsl/tsl/framework/bfc_allocator.cc:1095] InUse at 7f4ea1800000 of size 209715200 next 18446744073709551615
2025-06-14 18:09:23.049184: I external/local_tsl/tsl/framework/bfc_allocator.cc:1075] Next region of size 2147483648
2025-06-14 18:09:23.049610: I external/local_tsl/tsl/framework/bfc_allocator.cc:1095] InUse at 7f4eb8000000 of size 1937768448 next 267
2025-06-14 18:09:23.049985: I external/local_tsl/tsl/framework/bfc_allocator.cc:1095] InUse at 7f4f2b800000 of size 209715200 next 18446744073709551615
2025-06-14 18:09:23.050344: I external/local_tsl/tsl/framework/bfc_allocator.cc:1075] Next region of size 134217728
2025-06-14 18:09:23.050833: I external/local_tsl/tsl/framework/bfc_allocator.cc:1095] InUse at 7f4fc6000000 of size 60555264 next 264
2025-06-14 18:09:23.051216: I external/local_tsl/tsl/framework/bfc_allocator.cc:1095] InUse at 7f4fc99c0000 of size 73662464 next 18446744073709551615
2025-06-14 18:09:23.051558: I external/local_tsl/tsl/framework/bfc_allocator.cc:1075] Next region of size 67108864
2025-06-14 18:09:23.051983: I external/local_tsl/tsl/framework/bfc_allocator.cc:1095] InUse at 7f4fce000000 of size 3538944 next 198
2025-06-14 18:09:23.052392: I external/local_tsl/tsl/framework/bfc_allocator.cc:1095] InUse at 7f4fce360000 of size 1769472 next 205
2025-06-14 18:09:23.052734: I external/local_tsl/tsl/framework/bfc_allocator.cc:1095] InUse at 7f4fce510000 of size 1769472 next 206
2025-06-14 18:09:23.053061: I external/local_tsl/tsl/framework/bfc_allocator.cc:1095] InUse at 7f4fce6c0000 of size 262144 next 213
2025-06-14 18:09:23.053373: I external/local_tsl/tsl/framework/bfc_allocator.cc:1095] InUse at 7f4fce700000 of size 262144 next 214
2025-06-14 18:09:23.053729: I external/local_tsl/tsl/framework/bfc_allocator.cc:1095] InUse at 7f4fce740000 of size 884736 next 217
2025-06-14 18:09:23.054042: I external/local_tsl/tsl/framework/bfc_allocator.cc:1095] InUse at 7f4fce818000 of size 884736 next 218
2025-06-14 18:09:23.054394: I external/local_tsl/tsl/framework/bfc_allocator.cc:1095] InUse at 7f4fce8f0000 of size 442368 next 225
2025-06-14 18:09:23.054739: I external/local_tsl/tsl/framework/bfc_allocator.cc:1095] InUse at 7f4fce95c000 of size 442368 next 226
2025-06-14 18:09:23.055051: I external/local_tsl/tsl/framework/bfc_allocator.cc:1095] InUse at 7f4fce9c8000 of size 256 next 234
2025-06-14 18:09:23.055488: I external/local_tsl/tsl/framework/bfc_allocator.cc:1095] InUse at 7f4fce9c8100 of size 256 next 235
2025-06-14 18:09:23.055918: I external/local_tsl/tsl/framework/bfc_allocator.cc:1095] InUse at 7f4fce9c8200 of size 221184 next 236
2025-06-14 18:09:23.056298: I external/local_tsl/tsl/framework/bfc_allocator.cc:1095] InUse at 7f4fce9fe200 of size 221184 next 237
2025-06-14 18:09:23.056648: I external/local_tsl/tsl/framework/bfc_allocator.cc:1095] InUse at 7f4fcea34200 of size 256 next 238
2025-06-14 18:09:23.057064: I external/local_tsl/tsl/framework/bfc_allocator.cc:1095] InUse at 7f4fcea34300 of size 256 next 239
2025-06-14 18:09:23.057526: I external/local_tsl/tsl/framework/bfc_allocator.cc:1095] InUse at 7f4fcea34400 of size 256 next 240
2025-06-14 18:09:23.057976: I external/local_tsl/tsl/framework/bfc_allocator.cc:1095] InUse at 7f4fcea34500 of size 256 next 241
2025-06-14 18:09:23.058437: I external/local_tsl/tsl/framework/bfc_allocator.cc:1095] InUse at 7f4fcea34600 of size 256 next 242
2025-06-14 18:09:23.058861: I external/local_tsl/tsl/framework/bfc_allocator.cc:1095] InUse at 7f4fcea34700 of size 256 next 243
2025-06-14 18:09:23.059313: I external/local_tsl/tsl/framework/bfc_allocator.cc:1095] InUse at 7f4fcea34800 of size 110592 next 244
2025-06-14 18:09:23.059674: I external/local_tsl/tsl/framework/bfc_allocator.cc:1095] InUse at 7f4fcea4f800 of size 110592 next 245
2025-06-14 18:09:23.060034: I external/local_tsl/tsl/framework/bfc_allocator.cc:1095] InUse at 7f4fcea6a800 of size 256 next 246
2025-06-14 18:09:23.060447: I external/local_tsl/tsl/framework/bfc_allocator.cc:1095] InUse at 7f4fcea6a900 of size 256 next 247
2025-06-14 18:09:23.060845: I external/local_tsl/tsl/framework/bfc_allocator.cc:1095] InUse at 7f4fcea6aa00 of size 256 next 248
2025-06-14 18:09:23.061267: I external/local_tsl/tsl/framework/bfc_allocator.cc:1095] InUse at 7f4fcea6ab00 of size 256 next 249
2025-06-14 18:09:23.061705: I external/local_tsl/tsl/framework/bfc_allocator.cc:1095] InUse at 7f4fcea6ac00 of size 256 next 250
2025-06-14 18:09:23.062147: I external/local_tsl/tsl/framework/bfc_allocator.cc:1095] InUse at 7f4fcea6ad00 of size 256 next 251
2025-06-14 18:09:23.062609: I external/local_tsl/tsl/framework/bfc_allocator.cc:1095] InUse at 7f4fcea6ae00 of size 256 next 252
2025-06-14 18:09:23.063045: I external/local_tsl/tsl/framework/bfc_allocator.cc:1095] InUse at 7f4fcea6af00 of size 256 next 253
2025-06-14 18:09:23.063516: I external/local_tsl/tsl/framework/bfc_allocator.cc:1095] InUse at 7f4fcea6b000 of size 256 next 254
2025-06-14 18:09:23.063947: I external/local_tsl/tsl/framework/bfc_allocator.cc:1095] InUse at 7f4fcea6b100 of size 256 next 255
2025-06-14 18:09:23.064405: I external/local_tsl/tsl/framework/bfc_allocator.cc:1095] InUse at 7f4fcea6b200 of size 256 next 256
2025-06-14 18:09:23.064846: I external/local_tsl/tsl/framework/bfc_allocator.cc:1095] InUse at 7f4fcea6b300 of size 256 next 257
2025-06-14 18:09:23.065301: I external/local_tsl/tsl/framework/bfc_allocator.cc:1095] InUse at 7f4fcea6b400 of size 256 next 258
2025-06-14 18:09:23.065739: I external/local_tsl/tsl/framework/bfc_allocator.cc:1095] InUse at 7f4fcea6b500 of size 256 next 259
2025-06-14 18:09:23.066193: I external/local_tsl/tsl/framework/bfc_allocator.cc:1095] InUse at 7f4fcea6b600 of size 256 next 260
2025-06-14 18:09:23.066684: I external/local_tsl/tsl/framework/bfc_allocator.cc:1095] InUse at 7f4fcea6b700 of size 256 next 261
2025-06-14 18:09:23.067273: I external/local_tsl/tsl/framework/bfc_allocator.cc:1095] InUse at 7f4fcea6b800 of size 256 next 262
2025-06-14 18:09:23.067732: I external/local_tsl/tsl/framework/bfc_allocator.cc:1095] InUse at 7f4fcea6b900 of size 256 next 263
2025-06-14 18:09:23.068188: I external/local_tsl/tsl/framework/bfc_allocator.cc:1095] InUse at 7f4fcea6ba00 of size 256 next 272
2025-06-14 18:09:23.068653: I external/local_tsl/tsl/framework/bfc_allocator.cc:1095] InUse at 7f4fcea6bb00 of size 256 next 274
2025-06-14 18:09:23.069134: I external/local_tsl/tsl/framework/bfc_allocator.cc:1095] InUse at 7f4fcea6bc00 of size 256 next 275
2025-06-14 18:09:23.069563: I external/local_tsl/tsl/framework/bfc_allocator.cc:1095] InUse at 7f4fcea6bd00 of size 256 next 276
2025-06-14 18:09:23.069968: I external/local_tsl/tsl/framework/bfc_allocator.cc:1095] InUse at 7f4fcea6be00 of size 256 next 280
2025-06-14 18:09:23.070373: I external/local_tsl/tsl/framework/bfc_allocator.cc:1095] InUse at 7f4fcea6bf00 of size 256 next 281
2025-06-14 18:09:23.070871: I external/local_tsl/tsl/framework/bfc_allocator.cc:1095] InUse at 7f4fcea6c000 of size 256 next 287
2025-06-14 18:09:23.071321: I external/local_tsl/tsl/framework/bfc_allocator.cc:1095] InUse at 7f4fcea6c100 of size 256 next 288
2025-06-14 18:09:23.071777: I external/local_tsl/tsl/framework/bfc_allocator.cc:1095] InUse at 7f4fcea6c200 of size 256 next 291
2025-06-14 18:09:23.072218: I external/local_tsl/tsl/framework/bfc_allocator.cc:1095] InUse at 7f4fcea6c300 of size 256 next 292
2025-06-14 18:09:23.072645: I external/local_tsl/tsl/framework/bfc_allocator.cc:1095] InUse at 7f4fcea6c400 of size 512 next 294
2025-06-14 18:09:23.073070: I external/local_tsl/tsl/framework/bfc_allocator.cc:1095] InUse at 7f4fcea6c600 of size 768 next 268
2025-06-14 18:09:23.073490: I external/local_tsl/tsl/framework/bfc_allocator.cc:1095] InUse at 7f4fcea6c900 of size 256 next 269
2025-06-14 18:09:23.073897: I external/local_tsl/tsl/framework/bfc_allocator.cc:1095] InUse at 7f4fcea6ca00 of size 256 next 270
2025-06-14 18:09:23.074361: I external/local_tsl/tsl/framework/bfc_allocator.cc:1095] InUse at 7f4fcea6cb00 of size 512 next 295
2025-06-14 18:09:23.074803: I external/local_tsl/tsl/framework/bfc_allocator.cc:1095] InUse at 7f4fcea6cd00 of size 512 next 298
2025-06-14 18:09:23.075236: I external/local_tsl/tsl/framework/bfc_allocator.cc:1095] InUse at 7f4fcea6cf00 of size 512 next 299
2025-06-14 18:09:23.075636: I external/local_tsl/tsl/framework/bfc_allocator.cc:1095] InUse at 7f4fcea6d100 of size 15138816 next 56
2025-06-14 18:09:23.075992: I external/local_tsl/tsl/framework/bfc_allocator.cc:1095] InUse at 7f4fcf8dd100 of size 15138816 next 301
2025-06-14 18:09:23.076332: I external/local_tsl/tsl/framework/bfc_allocator.cc:1095] InUse at 7f4fd074d100 of size 1024 next 304
2025-06-14 18:09:23.076806: I external/local_tsl/tsl/framework/bfc_allocator.cc:1095] InUse at 7f4fd074d500 of size 1024 next 305
2025-06-14 18:09:23.077257: I external/local_tsl/tsl/framework/bfc_allocator.cc:1095] InUse at 7f4fd074d900 of size 1024 next 306
2025-06-14 18:09:23.077749: I external/local_tsl/tsl/framework/bfc_allocator.cc:1095] InUse at 7f4fd074dd00 of size 1024 next 309
2025-06-14 18:09:23.078237: I external/local_tsl/tsl/framework/bfc_allocator.cc:1095] InUse at 7f4fd074e100 of size 1024 next 310
2025-06-14 18:09:23.078662: I external/local_tsl/tsl/framework/bfc_allocator.cc:1095] InUse at 7f4fd074e500 of size 512 next 317
2025-06-14 18:09:23.079086: I external/local_tsl/tsl/framework/bfc_allocator.cc:1095] InUse at 7f4fd074e700 of size 512 next 318
2025-06-14 18:09:23.079530: I external/local_tsl/tsl/framework/bfc_allocator.cc:1095] InUse at 7f4fd074e900 of size 256 next 326
2025-06-14 18:09:23.079966: I external/local_tsl/tsl/framework/bfc_allocator.cc:1095] InUse at 7f4fd074ea00 of size 256 next 327
2025-06-14 18:09:23.080381: I external/local_tsl/tsl/framework/bfc_allocator.cc:1095] Free  at 7f4fd074eb00 of size 25892096 next 18446744073709551615
2025-06-14 18:09:23.080704: I external/local_tsl/tsl/framework/bfc_allocator.cc:1075] Next region of size 33554432
2025-06-14 18:09:23.081131: I external/local_tsl/tsl/framework/bfc_allocator.cc:1095] InUse at 7f4fe6000000 of size 3538944 next 83
2025-06-14 18:09:23.081470: I external/local_tsl/tsl/framework/bfc_allocator.cc:1095] InUse at 7f4fe6360000 of size 221184 next 152
2025-06-14 18:09:23.081828: I external/local_tsl/tsl/framework/bfc_allocator.cc:1095] InUse at 7f4fe6396000 of size 221184 next 106
2025-06-14 18:09:23.082173: I external/local_tsl/tsl/framework/bfc_allocator.cc:1095] InUse at 7f4fe63cc000 of size 442368 next 100
2025-06-14 18:09:23.082499: I external/local_tsl/tsl/framework/bfc_allocator.cc:1095] InUse at 7f4fe6438000 of size 884736 next 90
2025-06-14 18:09:23.082862: I external/local_tsl/tsl/framework/bfc_allocator.cc:1095] InUse at 7f4fe6510000 of size 1769472 next 74
2025-06-14 18:09:23.083201: I external/local_tsl/tsl/framework/bfc_allocator.cc:1095] InUse at 7f4fe66c0000 of size 7077888 next 72
2025-06-14 18:09:23.083608: I external/local_tsl/tsl/framework/bfc_allocator.cc:1095] InUse at 7f4fe6d80000 of size 7077888 next 187
2025-06-14 18:09:23.083946: I external/local_tsl/tsl/framework/bfc_allocator.cc:1095] InUse at 7f4fe7440000 of size 12320768 next 18446744073709551615
2025-06-14 18:09:23.084271: I external/local_tsl/tsl/framework/bfc_allocator.cc:1075] Next region of size 16777216
2025-06-14 18:09:23.084705: I external/local_tsl/tsl/framework/bfc_allocator.cc:1095] InUse at 7f4fee000000 of size 1769472 next 173
2025-06-14 18:09:23.085091: I external/local_tsl/tsl/framework/bfc_allocator.cc:1095] InUse at 7f4fee1b0000 of size 1769472 next 64
2025-06-14 18:09:23.085474: I external/local_tsl/tsl/framework/bfc_allocator.cc:1095] InUse at 7f4fee360000 of size 3538944 next 62
2025-06-14 18:09:23.085813: I external/local_tsl/tsl/framework/bfc_allocator.cc:1095] InUse at 7f4fee6c0000 of size 3538944 next 180
2025-06-14 18:09:23.086223: I external/local_tsl/tsl/framework/bfc_allocator.cc:1095] InUse at 7f4feea20000 of size 1048576 next 194
2025-06-14 18:09:23.086731: I external/local_tsl/tsl/framework/bfc_allocator.cc:1095] InUse at 7f4feeb20000 of size 1048576 next 195
2025-06-14 18:09:23.087265: I external/local_tsl/tsl/framework/bfc_allocator.cc:1095] InUse at 7f4feec20000 of size 4063232 next 18446744073709551615
2025-06-14 18:09:23.087623: I external/local_tsl/tsl/framework/bfc_allocator.cc:1075] Next region of size 2097152
2025-06-14 18:09:23.088059: I external/local_tsl/tsl/framework/bfc_allocator.cc:1095] InUse at 7f504ee00000 of size 1280 next 1
2025-06-14 18:09:23.088482: I external/local_tsl/tsl/framework/bfc_allocator.cc:1095] InUse at 7f504ee00500 of size 256 next 2
2025-06-14 18:09:23.088956: I external/local_tsl/tsl/framework/bfc_allocator.cc:1095] InUse at 7f504ee00600 of size 256 next 3
2025-06-14 18:09:23.089426: I external/local_tsl/tsl/framework/bfc_allocator.cc:1095] InUse at 7f504ee00700 of size 256 next 5
2025-06-14 18:09:23.089908: I external/local_tsl/tsl/framework/bfc_allocator.cc:1095] InUse at 7f504ee00800 of size 256 next 6
2025-06-14 18:09:23.090344: I external/local_tsl/tsl/framework/bfc_allocator.cc:1095] InUse at 7f504ee00900 of size 256 next 4
2025-06-14 18:09:23.090817: I external/local_tsl/tsl/framework/bfc_allocator.cc:1095] InUse at 7f504ee00a00 of size 256 next 7
2025-06-14 18:09:23.091259: I external/local_tsl/tsl/framework/bfc_allocator.cc:1095] InUse at 7f504ee00b00 of size 256 next 10
2025-06-14 18:09:23.091717: I external/local_tsl/tsl/framework/bfc_allocator.cc:1095] InUse at 7f504ee00c00 of size 256 next 278
2025-06-14 18:09:23.092216: I external/local_tsl/tsl/framework/bfc_allocator.cc:1095] InUse at 7f504ee00d00 of size 256 next 12
2025-06-14 18:09:23.092734: I external/local_tsl/tsl/framework/bfc_allocator.cc:1095] InUse at 7f504ee00e00 of size 256 next 13
2025-06-14 18:09:23.093174: I external/local_tsl/tsl/framework/bfc_allocator.cc:1095] InUse at 7f504ee00f00 of size 256 next 14
2025-06-14 18:09:23.093616: I external/local_tsl/tsl/framework/bfc_allocator.cc:1095] InUse at 7f504ee01000 of size 256 next 17
2025-06-14 18:09:23.094067: I external/local_tsl/tsl/framework/bfc_allocator.cc:1095] InUse at 7f504ee01100 of size 256 next 15
2025-06-14 18:09:23.094527: I external/local_tsl/tsl/framework/bfc_allocator.cc:1095] InUse at 7f504ee01200 of size 256 next 16
2025-06-14 18:09:23.094971: I external/local_tsl/tsl/framework/bfc_allocator.cc:1095] InUse at 7f504ee01300 of size 256 next 286
2025-06-14 18:09:23.095433: I external/local_tsl/tsl/framework/bfc_allocator.cc:1095] InUse at 7f504ee01400 of size 256 next 21
2025-06-14 18:09:23.095873: I external/local_tsl/tsl/framework/bfc_allocator.cc:1095] InUse at 7f504ee01500 of size 256 next 22
2025-06-14 18:09:23.096288: I external/local_tsl/tsl/framework/bfc_allocator.cc:1095] InUse at 7f504ee01600 of size 256 next 23
2025-06-14 18:09:23.096724: I external/local_tsl/tsl/framework/bfc_allocator.cc:1095] InUse at 7f504ee01700 of size 256 next 24
2025-06-14 18:09:23.097143: I external/local_tsl/tsl/framework/bfc_allocator.cc:1095] InUse at 7f504ee01800 of size 256 next 25
2025-06-14 18:09:23.097562: I external/local_tsl/tsl/framework/bfc_allocator.cc:1095] InUse at 7f504ee01900 of size 256 next 28
2025-06-14 18:09:23.098053: I external/local_tsl/tsl/framework/bfc_allocator.cc:1095] InUse at 7f504ee01a00 of size 256 next 290
2025-06-14 18:09:23.098492: I external/local_tsl/tsl/framework/bfc_allocator.cc:1095] InUse at 7f504ee01b00 of size 256 next 30
2025-06-14 18:09:23.098956: I external/local_tsl/tsl/framework/bfc_allocator.cc:1095] InUse at 7f504ee01c00 of size 256 next 31
2025-06-14 18:09:23.099393: I external/local_tsl/tsl/framework/bfc_allocator.cc:1095] InUse at 7f504ee01d00 of size 256 next 32
2025-06-14 18:09:23.099826: I external/local_tsl/tsl/framework/bfc_allocator.cc:1095] InUse at 7f504ee01e00 of size 256 next 35
2025-06-14 18:09:23.100256: I external/local_tsl/tsl/framework/bfc_allocator.cc:1095] InUse at 7f504ee01f00 of size 256 next 33
2025-06-14 18:09:23.100656: I external/local_tsl/tsl/framework/bfc_allocator.cc:1095] InUse at 7f504ee02000 of size 256 next 34
2025-06-14 18:09:23.101058: I external/local_tsl/tsl/framework/bfc_allocator.cc:1095] InUse at 7f504ee02100 of size 512 next 39
2025-06-14 18:09:23.101514: I external/local_tsl/tsl/framework/bfc_allocator.cc:1095] InUse at 7f504ee02300 of size 256 next 40
2025-06-14 18:09:23.101951: I external/local_tsl/tsl/framework/bfc_allocator.cc:1095] InUse at 7f504ee02400 of size 256 next 41
2025-06-14 18:09:23.102379: I external/local_tsl/tsl/framework/bfc_allocator.cc:1095] InUse at 7f504ee02500 of size 256 next 8
2025-06-14 18:09:23.102793: I external/local_tsl/tsl/framework/bfc_allocator.cc:1095] InUse at 7f504ee02600 of size 3584 next 9
2025-06-14 18:09:23.103220: I external/local_tsl/tsl/framework/bfc_allocator.cc:1095] InUse at 7f504ee03400 of size 512 next 42
2025-06-14 18:09:23.103640: I external/local_tsl/tsl/framework/bfc_allocator.cc:1095] InUse at 7f504ee03600 of size 512 next 45
2025-06-14 18:09:23.104132: I external/local_tsl/tsl/framework/bfc_allocator.cc:1095] InUse at 7f504ee03800 of size 512 next 46
2025-06-14 18:09:23.104659: I external/local_tsl/tsl/framework/bfc_allocator.cc:1095] InUse at 7f504ee03a00 of size 512 next 297
2025-06-14 18:09:23.105143: I external/local_tsl/tsl/framework/bfc_allocator.cc:1095] InUse at 7f504ee03c00 of size 512 next 48
2025-06-14 18:09:23.105581: I external/local_tsl/tsl/framework/bfc_allocator.cc:1095] InUse at 7f504ee03e00 of size 256 next 49
2025-06-14 18:09:23.106017: I external/local_tsl/tsl/framework/bfc_allocator.cc:1095] InUse at 7f504ee03f00 of size 512 next 50
2025-06-14 18:09:23.106443: I external/local_tsl/tsl/framework/bfc_allocator.cc:1095] InUse at 7f504ee04100 of size 512 next 51
2025-06-14 18:09:23.106927: I external/local_tsl/tsl/framework/bfc_allocator.cc:1095] InUse at 7f504ee04300 of size 512 next 55
2025-06-14 18:09:23.107453: I external/local_tsl/tsl/framework/bfc_allocator.cc:1095] InUse at 7f504ee04500 of size 1024 next 57
2025-06-14 18:09:23.107951: I external/local_tsl/tsl/framework/bfc_allocator.cc:1095] InUse at 7f504ee04900 of size 256 next 58
2025-06-14 18:09:23.108367: I external/local_tsl/tsl/framework/bfc_allocator.cc:1095] InUse at 7f504ee04a00 of size 256 next 59
2025-06-14 18:09:23.108781: I external/local_tsl/tsl/framework/bfc_allocator.cc:1095] InUse at 7f504ee04b00 of size 1024 next 60
2025-06-14 18:09:23.109215: I external/local_tsl/tsl/framework/bfc_allocator.cc:1095] InUse at 7f504ee04f00 of size 1024 next 61
2025-06-14 18:09:23.109666: I external/local_tsl/tsl/framework/bfc_allocator.cc:1095] InUse at 7f504ee05300 of size 1024 next 65
2025-06-14 18:09:23.110098: I external/local_tsl/tsl/framework/bfc_allocator.cc:1095] InUse at 7f504ee05700 of size 1024 next 308
2025-06-14 18:09:23.110533: I external/local_tsl/tsl/framework/bfc_allocator.cc:1095] InUse at 7f504ee05b00 of size 1024 next 67
2025-06-14 18:09:23.111038: I external/local_tsl/tsl/framework/bfc_allocator.cc:1095] InUse at 7f504ee05f00 of size 256 next 68
2025-06-14 18:09:23.111539: I external/local_tsl/tsl/framework/bfc_allocator.cc:1095] InUse at 7f504ee06000 of size 256 next 69
2025-06-14 18:09:23.112034: I external/local_tsl/tsl/framework/bfc_allocator.cc:1095] InUse at 7f504ee06100 of size 1024 next 70
2025-06-14 18:09:23.112478: I external/local_tsl/tsl/framework/bfc_allocator.cc:1095] InUse at 7f504ee06500 of size 1024 next 71
2025-06-14 18:09:23.112917: I external/local_tsl/tsl/framework/bfc_allocator.cc:1095] InUse at 7f504ee06900 of size 1024 next 75
2025-06-14 18:09:23.113370: I external/local_tsl/tsl/framework/bfc_allocator.cc:1095] InUse at 7f504ee06d00 of size 512 next 313
2025-06-14 18:09:23.113902: I external/local_tsl/tsl/framework/bfc_allocator.cc:1095] InUse at 7f504ee06f00 of size 512 next 314
2025-06-14 18:09:23.114399: I external/local_tsl/tsl/framework/bfc_allocator.cc:1095] InUse at 7f504ee07100 of size 512 next 315
2025-06-14 18:09:23.114881: I external/local_tsl/tsl/framework/bfc_allocator.cc:1095] InUse at 7f504ee07300 of size 512 next 77
2025-06-14 18:09:23.115345: I external/local_tsl/tsl/framework/bfc_allocator.cc:1095] InUse at 7f504ee07500 of size 256 next 78
2025-06-14 18:09:23.115818: I external/local_tsl/tsl/framework/bfc_allocator.cc:1095] InUse at 7f504ee07600 of size 256 next 79
2025-06-14 18:09:23.116269: I external/local_tsl/tsl/framework/bfc_allocator.cc:1095] InUse at 7f504ee07700 of size 512 next 80
2025-06-14 18:09:23.116713: I external/local_tsl/tsl/framework/bfc_allocator.cc:1095] InUse at 7f504ee07900 of size 512 next 81
2025-06-14 18:09:23.117130: I external/local_tsl/tsl/framework/bfc_allocator.cc:1095] InUse at 7f504ee07b00 of size 512 next 82
2025-06-14 18:09:23.117565: I external/local_tsl/tsl/framework/bfc_allocator.cc:1095] InUse at 7f504ee07d00 of size 512 next 84
2025-06-14 18:09:23.118070: I external/local_tsl/tsl/framework/bfc_allocator.cc:1095] InUse at 7f504ee07f00 of size 512 next 316
2025-06-14 18:09:23.118628: I external/local_tsl/tsl/framework/bfc_allocator.cc:1095] InUse at 7f504ee08100 of size 512 next 86
2025-06-14 18:09:23.119153: I external/local_tsl/tsl/framework/bfc_allocator.cc:1095] InUse at 7f504ee08300 of size 512 next 87
2025-06-14 18:09:23.119658: I external/local_tsl/tsl/framework/bfc_allocator.cc:1095] InUse at 7f504ee08500 of size 512 next 88
2025-06-14 18:09:23.120145: I external/local_tsl/tsl/framework/bfc_allocator.cc:1095] InUse at 7f504ee08700 of size 512 next 89
2025-06-14 18:09:23.120582: I external/local_tsl/tsl/framework/bfc_allocator.cc:1095] InUse at 7f504ee08900 of size 256 next 321
2025-06-14 18:09:23.121046: I external/local_tsl/tsl/framework/bfc_allocator.cc:1095] InUse at 7f504ee08a00 of size 256 next 323
2025-06-14 18:09:23.121501: I external/local_tsl/tsl/framework/bfc_allocator.cc:1095] InUse at 7f504ee08b00 of size 256 next 324
2025-06-14 18:09:23.121961: I external/local_tsl/tsl/framework/bfc_allocator.cc:1095] InUse at 7f504ee08c00 of size 256 next 92
2025-06-14 18:09:23.122384: I external/local_tsl/tsl/framework/bfc_allocator.cc:1095] InUse at 7f504ee08d00 of size 256 next 93
2025-06-14 18:09:23.122853: I external/local_tsl/tsl/framework/bfc_allocator.cc:1095] InUse at 7f504ee08e00 of size 256 next 94
2025-06-14 18:09:23.123320: I external/local_tsl/tsl/framework/bfc_allocator.cc:1095] InUse at 7f504ee08f00 of size 256 next 97
2025-06-14 18:09:23.123784: I external/local_tsl/tsl/framework/bfc_allocator.cc:1095] InUse at 7f504ee09000 of size 256 next 95
2025-06-14 18:09:23.124293: I external/local_tsl/tsl/framework/bfc_allocator.cc:1095] InUse at 7f504ee09100 of size 256 next 96
2025-06-14 18:09:23.124748: I external/local_tsl/tsl/framework/bfc_allocator.cc:1095] InUse at 7f504ee09200 of size 256 next 98
2025-06-14 18:09:23.125194: I external/local_tsl/tsl/framework/bfc_allocator.cc:1095] InUse at 7f504ee09300 of size 256 next 101
2025-06-14 18:09:23.125631: I external/local_tsl/tsl/framework/bfc_allocator.cc:1095] InUse at 7f504ee09400 of size 256 next 102
2025-06-14 18:09:23.126056: I external/local_tsl/tsl/framework/bfc_allocator.cc:1095] InUse at 7f504ee09500 of size 256 next 103
2025-06-14 18:09:23.126529: I external/local_tsl/tsl/framework/bfc_allocator.cc:1095] InUse at 7f504ee09600 of size 256 next 104
2025-06-14 18:09:23.126993: I external/local_tsl/tsl/framework/bfc_allocator.cc:1095] InUse at 7f504ee09700 of size 256 next 105
2025-06-14 18:09:23.127771: I external/local_tsl/tsl/framework/bfc_allocator.cc:1095] Free  at 7f504ee09800 of size 512 next 108
2025-06-14 18:09:23.128348: I external/local_tsl/tsl/framework/bfc_allocator.cc:1095] InUse at 7f504ee09a00 of size 256 next 109
2025-06-14 18:09:23.128866: I external/local_tsl/tsl/framework/bfc_allocator.cc:1095] InUse at 7f504ee09b00 of size 256 next 110
2025-06-14 18:09:23.129325: I external/local_tsl/tsl/framework/bfc_allocator.cc:1095] InUse at 7f504ee09c00 of size 256 next 146
2025-06-14 18:09:23.129741: I external/local_tsl/tsl/framework/bfc_allocator.cc:1095] InUse at 7f504ee09d00 of size 256 next 147
2025-06-14 18:09:23.130159: I external/local_tsl/tsl/framework/bfc_allocator.cc:1095] InUse at 7f504ee09e00 of size 256 next 148
2025-06-14 18:09:23.130580: I external/local_tsl/tsl/framework/bfc_allocator.cc:1095] InUse at 7f504ee09f00 of size 256 next 149
2025-06-14 18:09:23.130981: I external/local_tsl/tsl/framework/bfc_allocator.cc:1095] InUse at 7f504ee0a000 of size 256 next 150
2025-06-14 18:09:23.131436: I external/local_tsl/tsl/framework/bfc_allocator.cc:1095] InUse at 7f504ee0a100 of size 256 next 151
2025-06-14 18:09:23.131891: I external/local_tsl/tsl/framework/bfc_allocator.cc:1095] InUse at 7f504ee0a200 of size 256 next 153
2025-06-14 18:09:23.132326: I external/local_tsl/tsl/framework/bfc_allocator.cc:1095] InUse at 7f504ee0a300 of size 256 next 154
2025-06-14 18:09:23.132777: I external/local_tsl/tsl/framework/bfc_allocator.cc:1095] InUse at 7f504ee0a400 of size 256 next 155
2025-06-14 18:09:23.133142: I external/local_tsl/tsl/framework/bfc_allocator.cc:1095] InUse at 7f504ee0a500 of size 256 next 156
2025-06-14 18:09:23.133473: I external/local_tsl/tsl/framework/bfc_allocator.cc:1095] InUse at 7f504ee0a600 of size 256 next 157
2025-06-14 18:09:23.133851: I external/local_tsl/tsl/framework/bfc_allocator.cc:1095] InUse at 7f504ee0a700 of size 256 next 158
2025-06-14 18:09:23.134211: I external/local_tsl/tsl/framework/bfc_allocator.cc:1095] InUse at 7f504ee0a800 of size 256 next 160
2025-06-14 18:09:23.134567: I external/local_tsl/tsl/framework/bfc_allocator.cc:1095] InUse at 7f504ee0a900 of size 256 next 161
2025-06-14 18:09:23.134925: I external/local_tsl/tsl/framework/bfc_allocator.cc:1095] InUse at 7f504ee0aa00 of size 256 next 162
2025-06-14 18:09:23.135276: I external/local_tsl/tsl/framework/bfc_allocator.cc:1095] InUse at 7f504ee0ab00 of size 256 next 163
2025-06-14 18:09:23.135606: I external/local_tsl/tsl/framework/bfc_allocator.cc:1095] InUse at 7f504ee0ac00 of size 256 next 164
2025-06-14 18:09:23.135945: I external/local_tsl/tsl/framework/bfc_allocator.cc:1095] InUse at 7f504ee0ad00 of size 256 next 165
2025-06-14 18:09:23.136294: I external/local_tsl/tsl/framework/bfc_allocator.cc:1095] InUse at 7f504ee0ae00 of size 512 next 167
2025-06-14 18:09:23.136650: I external/local_tsl/tsl/framework/bfc_allocator.cc:1095] InUse at 7f504ee0b000 of size 512 next 168
2025-06-14 18:09:23.136970: I external/local_tsl/tsl/framework/bfc_allocator.cc:1095] InUse at 7f504ee0b200 of size 512 next 169
2025-06-14 18:09:23.137317: I external/local_tsl/tsl/framework/bfc_allocator.cc:1095] InUse at 7f504ee0b400 of size 512 next 170
2025-06-14 18:09:23.137658: I external/local_tsl/tsl/framework/bfc_allocator.cc:1095] InUse at 7f504ee0b600 of size 512 next 171
2025-06-14 18:09:23.138050: I external/local_tsl/tsl/framework/bfc_allocator.cc:1095] InUse at 7f504ee0b800 of size 512 next 172
2025-06-14 18:09:23.138406: I external/local_tsl/tsl/framework/bfc_allocator.cc:1095] InUse at 7f504ee0ba00 of size 512 next 174
2025-06-14 18:09:23.138759: I external/local_tsl/tsl/framework/bfc_allocator.cc:1095] InUse at 7f504ee0bc00 of size 512 next 175
2025-06-14 18:09:23.139146: I external/local_tsl/tsl/framework/bfc_allocator.cc:1095] InUse at 7f504ee0be00 of size 512 next 176
2025-06-14 18:09:23.139510: I external/local_tsl/tsl/framework/bfc_allocator.cc:1095] InUse at 7f504ee0c000 of size 512 next 177
2025-06-14 18:09:23.139885: I external/local_tsl/tsl/framework/bfc_allocator.cc:1095] InUse at 7f504ee0c200 of size 512 next 178
2025-06-14 18:09:23.140238: I external/local_tsl/tsl/framework/bfc_allocator.cc:1095] InUse at 7f504ee0c400 of size 512 next 179
2025-06-14 18:09:23.140596: I external/local_tsl/tsl/framework/bfc_allocator.cc:1095] InUse at 7f504ee0c600 of size 1024 next 181
2025-06-14 18:09:23.140993: I external/local_tsl/tsl/framework/bfc_allocator.cc:1095] InUse at 7f504ee0ca00 of size 1024 next 182
2025-06-14 18:09:23.141367: I external/local_tsl/tsl/framework/bfc_allocator.cc:1095] InUse at 7f504ee0ce00 of size 1024 next 183
2025-06-14 18:09:23.141766: I external/local_tsl/tsl/framework/bfc_allocator.cc:1095] InUse at 7f504ee0d200 of size 1024 next 184
2025-06-14 18:09:23.142137: I external/local_tsl/tsl/framework/bfc_allocator.cc:1095] InUse at 7f504ee0d600 of size 1024 next 185
2025-06-14 18:09:23.142522: I external/local_tsl/tsl/framework/bfc_allocator.cc:1095] InUse at 7f504ee0da00 of size 1024 next 186
2025-06-14 18:09:23.142901: I external/local_tsl/tsl/framework/bfc_allocator.cc:1095] InUse at 7f504ee0de00 of size 1024 next 188
2025-06-14 18:09:23.143289: I external/local_tsl/tsl/framework/bfc_allocator.cc:1095] InUse at 7f504ee0e200 of size 1024 next 189
2025-06-14 18:09:23.143638: I external/local_tsl/tsl/framework/bfc_allocator.cc:1095] InUse at 7f504ee0e600 of size 1024 next 190
2025-06-14 18:09:23.143992: I external/local_tsl/tsl/framework/bfc_allocator.cc:1095] InUse at 7f504ee0ea00 of size 1024 next 191
2025-06-14 18:09:23.144335: I external/local_tsl/tsl/framework/bfc_allocator.cc:1095] InUse at 7f504ee0ee00 of size 1024 next 192
2025-06-14 18:09:23.144721: I external/local_tsl/tsl/framework/bfc_allocator.cc:1095] InUse at 7f504ee0f200 of size 1024 next 193
2025-06-14 18:09:23.145095: I external/local_tsl/tsl/framework/bfc_allocator.cc:1095] InUse at 7f504ee0f600 of size 512 next 196
2025-06-14 18:09:23.145496: I external/local_tsl/tsl/framework/bfc_allocator.cc:1095] InUse at 7f504ee0f800 of size 512 next 197
2025-06-14 18:09:23.145980: I external/local_tsl/tsl/framework/bfc_allocator.cc:1095] InUse at 7f504ee0fa00 of size 512 next 199
2025-06-14 18:09:23.146452: I external/local_tsl/tsl/framework/bfc_allocator.cc:1095] InUse at 7f504ee0fc00 of size 512 next 200
2025-06-14 18:09:23.146878: I external/local_tsl/tsl/framework/bfc_allocator.cc:1095] InUse at 7f504ee0fe00 of size 512 next 201
2025-06-14 18:09:23.147308: I external/local_tsl/tsl/framework/bfc_allocator.cc:1095] InUse at 7f504ee10000 of size 512 next 202
2025-06-14 18:09:23.147729: I external/local_tsl/tsl/framework/bfc_allocator.cc:1095] InUse at 7f504ee10200 of size 512 next 203
2025-06-14 18:09:23.148167: I external/local_tsl/tsl/framework/bfc_allocator.cc:1095] InUse at 7f504ee10400 of size 512 next 204
2025-06-14 18:09:23.148597: I external/local_tsl/tsl/framework/bfc_allocator.cc:1095] InUse at 7f504ee10600 of size 512 next 207
2025-06-14 18:09:23.149029: I external/local_tsl/tsl/framework/bfc_allocator.cc:1095] InUse at 7f504ee10800 of size 512 next 208
2025-06-14 18:09:23.149468: I external/local_tsl/tsl/framework/bfc_allocator.cc:1095] InUse at 7f504ee10a00 of size 512 next 209
2025-06-14 18:09:23.149909: I external/local_tsl/tsl/framework/bfc_allocator.cc:1095] InUse at 7f504ee10c00 of size 512 next 210
2025-06-14 18:09:23.150355: I external/local_tsl/tsl/framework/bfc_allocator.cc:1095] InUse at 7f504ee10e00 of size 512 next 211
2025-06-14 18:09:23.150805: I external/local_tsl/tsl/framework/bfc_allocator.cc:1095] InUse at 7f504ee11000 of size 512 next 212
2025-06-14 18:09:23.151258: I external/local_tsl/tsl/framework/bfc_allocator.cc:1095] InUse at 7f504ee11200 of size 256 next 215
2025-06-14 18:09:23.151715: I external/local_tsl/tsl/framework/bfc_allocator.cc:1095] InUse at 7f504ee11300 of size 256 next 216
2025-06-14 18:09:23.152126: I external/local_tsl/tsl/framework/bfc_allocator.cc:1095] InUse at 7f504ee11400 of size 256 next 219
2025-06-14 18:09:23.152511: I external/local_tsl/tsl/framework/bfc_allocator.cc:1095] InUse at 7f504ee11500 of size 256 next 220
2025-06-14 18:09:23.152869: I external/local_tsl/tsl/framework/bfc_allocator.cc:1095] InUse at 7f504ee11600 of size 256 next 221
2025-06-14 18:09:23.153308: I external/local_tsl/tsl/framework/bfc_allocator.cc:1095] InUse at 7f504ee11700 of size 256 next 222
2025-06-14 18:09:23.153772: I external/local_tsl/tsl/framework/bfc_allocator.cc:1095] InUse at 7f504ee11800 of size 256 next 223
2025-06-14 18:09:23.154247: I external/local_tsl/tsl/framework/bfc_allocator.cc:1095] InUse at 7f504ee11900 of size 256 next 224
2025-06-14 18:09:23.154723: I external/local_tsl/tsl/framework/bfc_allocator.cc:1095] InUse at 7f504ee11a00 of size 256 next 227
2025-06-14 18:09:23.155208: I external/local_tsl/tsl/framework/bfc_allocator.cc:1095] InUse at 7f504ee11b00 of size 256 next 228
2025-06-14 18:09:23.155691: I external/local_tsl/tsl/framework/bfc_allocator.cc:1095] InUse at 7f504ee11c00 of size 256 next 229
2025-06-14 18:09:23.156182: I external/local_tsl/tsl/framework/bfc_allocator.cc:1095] InUse at 7f504ee11d00 of size 256 next 230
2025-06-14 18:09:23.156554: I external/local_tsl/tsl/framework/bfc_allocator.cc:1095] InUse at 7f504ee11e00 of size 256 next 231
2025-06-14 18:09:23.156960: I external/local_tsl/tsl/framework/bfc_allocator.cc:1095] InUse at 7f504ee11f00 of size 256 next 232
2025-06-14 18:09:23.157384: I external/local_tsl/tsl/framework/bfc_allocator.cc:1095] InUse at 7f504ee12000 of size 65536 next 233
2025-06-14 18:09:23.157798: I external/local_tsl/tsl/framework/bfc_allocator.cc:1095] InUse at 7f504ee22000 of size 95232 next 19
2025-06-14 18:09:23.158305: I external/local_tsl/tsl/framework/bfc_allocator.cc:1095] InUse at 7f504ee39400 of size 110592 next 18
2025-06-14 18:09:23.158707: I external/local_tsl/tsl/framework/bfc_allocator.cc:1095] InUse at 7f504ee54400 of size 65536 next 115
2025-06-14 18:09:23.159102: I external/local_tsl/tsl/framework/bfc_allocator.cc:1095] InUse at 7f504ee64400 of size 256 next 112
2025-06-14 18:09:23.159634: I external/local_tsl/tsl/framework/bfc_allocator.cc:1095] InUse at 7f504ee64500 of size 256 next 114
2025-06-14 18:09:23.160117: I external/local_tsl/tsl/framework/bfc_allocator.cc:1095] InUse at 7f504ee64600 of size 256 next 113
2025-06-14 18:09:23.160608: I external/local_tsl/tsl/framework/bfc_allocator.cc:1095] InUse at 7f504ee64700 of size 256 next 111
2025-06-14 18:09:23.161089: I external/local_tsl/tsl/framework/bfc_allocator.cc:1095] InUse at 7f504ee64800 of size 256 next 117
2025-06-14 18:09:23.161556: I external/local_tsl/tsl/framework/bfc_allocator.cc:1095] InUse at 7f504ee64900 of size 256 next 118
2025-06-14 18:09:23.161991: I external/local_tsl/tsl/framework/bfc_allocator.cc:1095] InUse at 7f504ee64a00 of size 256 next 120
2025-06-14 18:09:23.162477: I external/local_tsl/tsl/framework/bfc_allocator.cc:1095] InUse at 7f504ee64b00 of size 256 next 119
2025-06-14 18:09:23.162941: I external/local_tsl/tsl/framework/bfc_allocator.cc:1095] InUse at 7f504ee64c00 of size 256 next 121
2025-06-14 18:09:23.163373: I external/local_tsl/tsl/framework/bfc_allocator.cc:1095] InUse at 7f504ee64d00 of size 256 next 123
2025-06-14 18:09:23.163793: I external/local_tsl/tsl/framework/bfc_allocator.cc:1095] InUse at 7f504ee64e00 of size 256 next 124
2025-06-14 18:09:23.164214: I external/local_tsl/tsl/framework/bfc_allocator.cc:1095] InUse at 7f504ee64f00 of size 256 next 125
2025-06-14 18:09:23.164646: I external/local_tsl/tsl/framework/bfc_allocator.cc:1095] InUse at 7f504ee65000 of size 256 next 126
2025-06-14 18:09:23.165196: I external/local_tsl/tsl/framework/bfc_allocator.cc:1095] InUse at 7f504ee65100 of size 256 next 128
2025-06-14 18:09:23.165660: I external/local_tsl/tsl/framework/bfc_allocator.cc:1095] InUse at 7f504ee65200 of size 256 next 127
2025-06-14 18:09:23.166116: I external/local_tsl/tsl/framework/bfc_allocator.cc:1095] InUse at 7f504ee65300 of size 256 next 129
2025-06-14 18:09:23.166586: I external/local_tsl/tsl/framework/bfc_allocator.cc:1095] InUse at 7f504ee65400 of size 256 next 130
2025-06-14 18:09:23.167041: I external/local_tsl/tsl/framework/bfc_allocator.cc:1095] InUse at 7f504ee65500 of size 256 next 131
2025-06-14 18:09:23.167528: I external/local_tsl/tsl/framework/bfc_allocator.cc:1095] InUse at 7f504ee65600 of size 256 next 132
2025-06-14 18:09:23.167975: I external/local_tsl/tsl/framework/bfc_allocator.cc:1095] InUse at 7f504ee65700 of size 256 next 133
2025-06-14 18:09:23.168394: I external/local_tsl/tsl/framework/bfc_allocator.cc:1095] InUse at 7f504ee65800 of size 256 next 137
2025-06-14 18:09:23.168904: I external/local_tsl/tsl/framework/bfc_allocator.cc:1095] InUse at 7f504ee65900 of size 256 next 136
2025-06-14 18:09:23.169486: I external/local_tsl/tsl/framework/bfc_allocator.cc:1095] InUse at 7f504ee65a00 of size 3584 next 138
2025-06-14 18:09:23.170053: I external/local_tsl/tsl/framework/bfc_allocator.cc:1095] InUse at 7f504ee66800 of size 3584 next 139
2025-06-14 18:09:23.170567: I external/local_tsl/tsl/framework/bfc_allocator.cc:1095] InUse at 7f504ee67600 of size 256 next 140
2025-06-14 18:09:23.171106: I external/local_tsl/tsl/framework/bfc_allocator.cc:1095] InUse at 7f504ee67700 of size 256 next 141
2025-06-14 18:09:23.171638: I external/local_tsl/tsl/framework/bfc_allocator.cc:1095] InUse at 7f504ee67800 of size 256 next 142
2025-06-14 18:09:23.172092: I external/local_tsl/tsl/framework/bfc_allocator.cc:1095] InUse at 7f504ee67900 of size 256 next 143
2025-06-14 18:09:23.172522: I external/local_tsl/tsl/framework/bfc_allocator.cc:1095] InUse at 7f504ee67a00 of size 256 next 144
2025-06-14 18:09:23.172977: I external/local_tsl/tsl/framework/bfc_allocator.cc:1095] InUse at 7f504ee67b00 of size 256 next 145
2025-06-14 18:09:23.173405: I external/local_tsl/tsl/framework/bfc_allocator.cc:1095] InUse at 7f504ee67c00 of size 141312 next 27
2025-06-14 18:09:23.173801: I external/local_tsl/tsl/framework/bfc_allocator.cc:1095] InUse at 7f504ee8a400 of size 221184 next 26
2025-06-14 18:09:23.174201: I external/local_tsl/tsl/framework/bfc_allocator.cc:1095] InUse at 7f504eec0400 of size 442368 next 159
2025-06-14 18:09:23.174591: I external/local_tsl/tsl/framework/bfc_allocator.cc:1095] InUse at 7f504ef2c400 of size 867328 next 18446744073709551615
2025-06-14 18:09:23.174987: I external/local_tsl/tsl/framework/bfc_allocator.cc:1075] Next region of size 4194304
2025-06-14 18:09:23.175460: I external/local_tsl/tsl/framework/bfc_allocator.cc:1095] InUse at 7f504f400000 of size 442368 next 37
2025-06-14 18:09:23.175809: I external/local_tsl/tsl/framework/bfc_allocator.cc:1095] InUse at 7f504f46c000 of size 221184 next 116
2025-06-14 18:09:23.176234: I external/local_tsl/tsl/framework/bfc_allocator.cc:1095] InUse at 7f504f4a2000 of size 110592 next 122
2025-06-14 18:09:23.176621: I external/local_tsl/tsl/framework/bfc_allocator.cc:1095] InUse at 7f504f4bd000 of size 192512 next 99
2025-06-14 18:09:23.177000: I external/local_tsl/tsl/framework/bfc_allocator.cc:1095] InUse at 7f504f4ec000 of size 360448 next 44
2025-06-14 18:09:23.177351: I external/local_tsl/tsl/framework/bfc_allocator.cc:1095] InUse at 7f504f544000 of size 884736 next 43
2025-06-14 18:09:23.177725: I external/local_tsl/tsl/framework/bfc_allocator.cc:1095] InUse at 7f504f61c000 of size 1982464 next 18446744073709551615
2025-06-14 18:09:23.178101: I external/local_tsl/tsl/framework/bfc_allocator.cc:1075] Next region of size 8388608
2025-06-14 18:09:23.178575: I external/local_tsl/tsl/framework/bfc_allocator.cc:1095] InUse at 7f504f800000 of size 884736 next 166
2025-06-14 18:09:23.178949: I external/local_tsl/tsl/framework/bfc_allocator.cc:1095] InUse at 7f504f8d8000 of size 884736 next 54
2025-06-14 18:09:23.179304: I external/local_tsl/tsl/framework/bfc_allocator.cc:1095] InUse at 7f504f9b0000 of size 1769472 next 52
2025-06-14 18:09:23.179692: I external/local_tsl/tsl/framework/bfc_allocator.cc:1095] InUse at 7f504fb60000 of size 4849664 next 18446744073709551615
2025-06-14 18:09:23.180053: I external/local_tsl/tsl/framework/bfc_allocator.cc:1100]      Summary of in-use Chunks by size: 
2025-06-14 18:09:23.180524: I external/local_tsl/tsl/framework/bfc_allocator.cc:1103] 155 Chunks of size 256 totalling 38.8KiB
2025-06-14 18:09:23.180954: I external/local_tsl/tsl/framework/bfc_allocator.cc:1103] 54 Chunks of size 512 totalling 27.0KiB
2025-06-14 18:09:23.181381: I external/local_tsl/tsl/framework/bfc_allocator.cc:1103] 1 Chunks of size 768 totalling 768B
2025-06-14 18:09:23.181854: I external/local_tsl/tsl/framework/bfc_allocator.cc:1103] 26 Chunks of size 1024 totalling 26.0KiB
2025-06-14 18:09:23.182311: I external/local_tsl/tsl/framework/bfc_allocator.cc:1103] 1 Chunks of size 1280 totalling 1.2KiB
2025-06-14 18:09:23.182791: I external/local_tsl/tsl/framework/bfc_allocator.cc:1103] 3 Chunks of size 3584 totalling 10.5KiB
2025-06-14 18:09:23.183261: I external/local_tsl/tsl/framework/bfc_allocator.cc:1103] 2 Chunks of size 65536 totalling 128.0KiB
2025-06-14 18:09:23.183693: I external/local_tsl/tsl/framework/bfc_allocator.cc:1103] 1 Chunks of size 95232 totalling 93.0KiB
2025-06-14 18:09:23.184122: I external/local_tsl/tsl/framework/bfc_allocator.cc:1103] 4 Chunks of size 110592 totalling 432.0KiB
2025-06-14 18:09:23.184613: I external/local_tsl/tsl/framework/bfc_allocator.cc:1103] 1 Chunks of size 141312 totalling 138.0KiB
2025-06-14 18:09:23.185186: I external/local_tsl/tsl/framework/bfc_allocator.cc:1103] 1 Chunks of size 192512 totalling 188.0KiB
2025-06-14 18:09:23.185660: I external/local_tsl/tsl/framework/bfc_allocator.cc:1103] 6 Chunks of size 221184 totalling 1.27MiB
2025-06-14 18:09:23.186134: I external/local_tsl/tsl/framework/bfc_allocator.cc:1103] 2 Chunks of size 262144 totalling 512.0KiB
2025-06-14 18:09:23.186568: I external/local_tsl/tsl/framework/bfc_allocator.cc:1103] 1 Chunks of size 360448 totalling 352.0KiB
2025-06-14 18:09:23.186998: I external/local_tsl/tsl/framework/bfc_allocator.cc:1103] 5 Chunks of size 442368 totalling 2.11MiB
2025-06-14 18:09:23.187447: I external/local_tsl/tsl/framework/bfc_allocator.cc:1103] 1 Chunks of size 867328 totalling 847.0KiB
2025-06-14 18:09:23.187898: I external/local_tsl/tsl/framework/bfc_allocator.cc:1103] 6 Chunks of size 884736 totalling 5.06MiB
2025-06-14 18:09:23.188415: I external/local_tsl/tsl/framework/bfc_allocator.cc:1103] 2 Chunks of size 1048576 totalling 2.00MiB
2025-06-14 18:09:23.188954: I external/local_tsl/tsl/framework/bfc_allocator.cc:1103] 6 Chunks of size 1769472 totalling 10.12MiB
2025-06-14 18:09:23.189412: I external/local_tsl/tsl/framework/bfc_allocator.cc:1103] 1 Chunks of size 1982464 totalling 1.89MiB
2025-06-14 18:09:23.189948: I external/local_tsl/tsl/framework/bfc_allocator.cc:1103] 4 Chunks of size 3538944 totalling 13.50MiB
2025-06-14 18:09:23.190477: I external/local_tsl/tsl/framework/bfc_allocator.cc:1103] 1 Chunks of size 4063232 totalling 3.88MiB
2025-06-14 18:09:23.190925: I external/local_tsl/tsl/framework/bfc_allocator.cc:1103] 1 Chunks of size 4849664 totalling 4.62MiB
2025-06-14 18:09:23.191381: I external/local_tsl/tsl/framework/bfc_allocator.cc:1103] 2 Chunks of size 7077888 totalling 13.50MiB
2025-06-14 18:09:23.191839: I external/local_tsl/tsl/framework/bfc_allocator.cc:1103] 1 Chunks of size 12320768 totalling 11.75MiB
2025-06-14 18:09:23.192175: I external/local_tsl/tsl/framework/bfc_allocator.cc:1103] 2 Chunks of size 15138816 totalling 28.88MiB
2025-06-14 18:09:23.192510: I external/local_tsl/tsl/framework/bfc_allocator.cc:1103] 4 Chunks of size 30277632 totalling 115.50MiB
2025-06-14 18:09:23.192848: I external/local_tsl/tsl/framework/bfc_allocator.cc:1103] 2 Chunks of size 60555264 totalling 115.50MiB
2025-06-14 18:09:23.193183: I external/local_tsl/tsl/framework/bfc_allocator.cc:1103] 1 Chunks of size 73662464 totalling 70.25MiB
2025-06-14 18:09:23.193575: I external/local_tsl/tsl/framework/bfc_allocator.cc:1103] 1 Chunks of size 116654080 totalling 111.25MiB
2025-06-14 18:09:23.193916: I external/local_tsl/tsl/framework/bfc_allocator.cc:1103] 6 Chunks of size 121110528 totalling 693.00MiB
2025-06-14 18:09:23.194246: I external/local_tsl/tsl/framework/bfc_allocator.cc:1103] 2 Chunks of size 209715200 totalling 400.00MiB
2025-06-14 18:09:23.194636: I external/local_tsl/tsl/framework/bfc_allocator.cc:1103] 3 Chunks of size 242221056 totalling 693.00MiB
2025-06-14 18:09:23.194986: I external/local_tsl/tsl/framework/bfc_allocator.cc:1103] 8 Chunks of size 484442112 totalling 3.61GiB
2025-06-14 18:09:23.195370: I external/local_tsl/tsl/framework/bfc_allocator.cc:1103] 1 Chunks of size 968884224 totalling 924.00MiB
2025-06-14 18:09:23.195722: I external/local_tsl/tsl/framework/bfc_allocator.cc:1103] 6 Chunks of size 1937768448 totalling 10.83GiB
2025-06-14 18:09:23.196044: I external/local_tsl/tsl/framework/bfc_allocator.cc:1107] Sum Total of in-use chunks: 17.58GiB
2025-06-14 18:09:23.196525: I external/local_tsl/tsl/framework/bfc_allocator.cc:1109] Total bytes in pool: 23575789568 memory_limit_: 23575789568 available bytes: 0 curr_region_allocation_bytes_: 34359738368
2025-06-14 18:09:23.196907: I external/local_tsl/tsl/framework/bfc_allocator.cc:1114] Stats: 
Limit:                     23575789568
InUse:                     18882554112
MaxInUse:                  22800760320
NumAllocs:                         912
MaxAllocSize:               4135495424
Reserved:                            0
PeakReserved:                        0
LargestFreeBlock:                    0

2025-06-14 18:09:23.197273: W external/local_tsl/tsl/framework/bfc_allocator.cc:497] ________*********________************************************_**************************************
2025-06-14 18:09:23.197624: W tensorflow/core/framework/op_kernel.cc:1839] OP_REQUIRES failed at concat_op.cc:165 : RESOURCE_EXHAUSTED: OOM when allocating tensor with shape[2,64,192,224,176] and type float on /job:localhost/replica:0/task:0/device:GPU:0 by allocator GPU_0_bfc
Traceback (most recent call last):
  File "/mnt/beegfs/hellgate/home/rb194958e/stroke_segmentation_sota/batch_wise_train.py", line 277, in <module>
    if main():
       ^^^^^^
  File "/mnt/beegfs/hellgate/home/rb194958e/stroke_segmentation_sota/batch_wise_train.py", line 256, in main
    history = model.fit(
              ^^^^^^^^^^
  File "/mnt/beegfs/hellgate/home/rb194958e/.conda/envs/tf215_env/lib/python3.11/site-packages/keras/src/utils/traceback_utils.py", line 70, in error_handler
    raise e.with_traceback(filtered_tb) from None
  File "/mnt/beegfs/hellgate/home/rb194958e/.conda/envs/tf215_env/lib/python3.11/site-packages/tensorflow/python/eager/execute.py", line 53, in quick_execute
    tensors = pywrap_tfe.TFE_Py_Execute(ctx._handle, device_name, op_name,
  ^^^^^^^^^^^^^^^^^^^^^^^^^^^^^^^^^^^^^^^^^^^^^^^^^^^^^^^^^^^^^^^^^^^^^^^^
tensorflow.python.framework.errors_impl.ResourceExhaustedError: Graph execution error:

Detected at node model/concatenate_2/concat defined at (most recent call last):
  File "/mnt/beegfs/hellgate/home/rb194958e/stroke_segmentation_sota/batch_wise_train.py", line 277, in <module>

  File "/mnt/beegfs/hellgate/home/rb194958e/stroke_segmentation_sota/batch_wise_train.py", line 256, in main

  File "/mnt/beegfs/hellgate/home/rb194958e/.conda/envs/tf215_env/lib/python3.11/site-packages/keras/src/utils/traceback_utils.py", line 65, in error_handler

  File "/mnt/beegfs/hellgate/home/rb194958e/.conda/envs/tf215_env/lib/python3.11/site-packages/keras/src/engine/training.py", line 1807, in fit

  File "/mnt/beegfs/hellgate/home/rb194958e/.conda/envs/tf215_env/lib/python3.11/site-packages/keras/src/engine/training.py", line 1401, in train_function

  File "/mnt/beegfs/hellgate/home/rb194958e/.conda/envs/tf215_env/lib/python3.11/site-packages/keras/src/engine/training.py", line 1384, in step_function

  File "/mnt/beegfs/hellgate/home/rb194958e/.conda/envs/tf215_env/lib/python3.11/site-packages/keras/src/engine/training.py", line 1373, in run_step

  File "/mnt/beegfs/hellgate/home/rb194958e/.conda/envs/tf215_env/lib/python3.11/site-packages/keras/src/engine/training.py", line 1150, in train_step

  File "/mnt/beegfs/hellgate/home/rb194958e/.conda/envs/tf215_env/lib/python3.11/site-packages/keras/src/utils/traceback_utils.py", line 65, in error_handler

  File "/mnt/beegfs/hellgate/home/rb194958e/.conda/envs/tf215_env/lib/python3.11/site-packages/keras/src/engine/training.py", line 590, in __call__

  File "/mnt/beegfs/hellgate/home/rb194958e/.conda/envs/tf215_env/lib/python3.11/site-packages/keras/src/utils/traceback_utils.py", line 65, in error_handler

  File "/mnt/beegfs/hellgate/home/rb194958e/.conda/envs/tf215_env/lib/python3.11/site-packages/keras/src/engine/base_layer.py", line 1149, in __call__

  File "/mnt/beegfs/hellgate/home/rb194958e/.conda/envs/tf215_env/lib/python3.11/site-packages/keras/src/utils/traceback_utils.py", line 96, in error_handler

  File "/mnt/beegfs/hellgate/home/rb194958e/.conda/envs/tf215_env/lib/python3.11/site-packages/keras/src/engine/functional.py", line 515, in call

  File "/mnt/beegfs/hellgate/home/rb194958e/.conda/envs/tf215_env/lib/python3.11/site-packages/keras/src/engine/functional.py", line 672, in _run_internal_graph

  File "/mnt/beegfs/hellgate/home/rb194958e/.conda/envs/tf215_env/lib/python3.11/site-packages/keras/src/utils/traceback_utils.py", line 65, in error_handler

  File "/mnt/beegfs/hellgate/home/rb194958e/.conda/envs/tf215_env/lib/python3.11/site-packages/keras/src/engine/base_layer.py", line 1149, in __call__

  File "/mnt/beegfs/hellgate/home/rb194958e/.conda/envs/tf215_env/lib/python3.11/site-packages/keras/src/utils/traceback_utils.py", line 96, in error_handler

  File "/mnt/beegfs/hellgate/home/rb194958e/.conda/envs/tf215_env/lib/python3.11/site-packages/keras/src/layers/merging/base_merge.py", line 196, in call

  File "/mnt/beegfs/hellgate/home/rb194958e/.conda/envs/tf215_env/lib/python3.11/site-packages/keras/src/layers/merging/concatenate.py", line 134, in _merge_function

  File "/mnt/beegfs/hellgate/home/rb194958e/.conda/envs/tf215_env/lib/python3.11/site-packages/keras/src/backend.py", line 3580, in concatenate

OOM when allocating tensor with shape[2,64,192,224,176] and type float on /job:localhost/replica:0/task:0/device:GPU:0 by allocator GPU_0_bfc
	 [[{{node model/concatenate_2/concat}}]]
Hint: If you want to see a list of allocated tensors when OOM happens, add report_tensor_allocations_upon_oom to RunOptions for current allocation info. This isn't available when running in Eager mode.
 [Op:__inference_train_function_7309]
2025-06-14 18:09:23.360388: W tensorflow/core/kernels/data/generator_dataset_op.cc:108] Error occurred when finalizing GeneratorDataset iterator: FAILED_PRECONDITION: Python interpreter state is not initialized. The process may be terminated.
	 [[{{node PyFunc}}]]
/var/spool/slurmd/job1123935/slurm_script: line 320: EOF: command not found
/var/spool/slurmd/job1123935/slurm_script: line 330: unexpected EOF while looking for matching ``'
/var/spool/slurmd/job1123935/slurm_script: line 339: syntax error: unexpected end of file
