2025-06-14 17:07:15.563257: I tensorflow/core/util/port.cc:113] oneDNN custom operations are on. You may see slightly different numerical results due to floating-point round-off errors from different computation orders. To turn them off, set the environment variable `TF_ENABLE_ONEDNN_OPTS=0`.
2025-06-14 17:07:16.247156: E external/local_xla/xla/stream_executor/cuda/cuda_dnn.cc:9261] Unable to register cuDNN factory: Attempting to register factory for plugin cuDNN when one has already been registered
2025-06-14 17:07:16.247851: E external/local_xla/xla/stream_executor/cuda/cuda_fft.cc:607] Unable to register cuFFT factory: Attempting to register factory for plugin cuFFT when one has already been registered
2025-06-14 17:07:16.361925: E external/local_xla/xla/stream_executor/cuda/cuda_blas.cc:1515] Unable to register cuBLAS factory: Attempting to register factory for plugin cuBLAS when one has already been registered
2025-06-14 17:07:16.607780: I tensorflow/core/platform/cpu_feature_guard.cc:182] This TensorFlow binary is optimized to use available CPU instructions in performance-critical operations.
To enable the following instructions: AVX2 AVX512F AVX512_VNNI FMA, in other operations, rebuild TensorFlow with the appropriate compiler flags.
2025-06-14 17:07:23.362511: W tensorflow/compiler/tf2tensorrt/utils/py_utils.cc:38] TF-TRT Warning: Could not find TensorRT
INFO:__main__:🚀 Starting Stroke Lesion Segmentation Training
INFO:__main__:Using 1 GPU(s)
INFO:__main__:Creating data generators...
INFO:__main__:Found 655 valid image/mask pairs
INFO:__main__:Found 655 valid image/mask pairs
INFO:__main__:Training batches: 262
INFO:__main__:Validation batches: 65
INFO:__main__:Building model...
2025-06-14 17:07:37.955315: I tensorflow/core/common_runtime/gpu/gpu_device.cc:1929] Created device /job:localhost/replica:0/task:0/device:GPU:0 with 22483 MB memory:  -> device: 0, name: NVIDIA RTX 4500 Ada Generation, pci bus id: 0000:1c:00.0, compute capability: 8.9
INFO:__main__:Model parameters: 5,605,345
INFO:__main__:Starting training...
pixdim[0] (qfac) should be 1 (default) or -1; setting qfac to 1
INFO:nibabel.global:pixdim[0] (qfac) should be 1 (default) or -1; setting qfac to 1
pixdim[0] (qfac) should be 1 (default) or -1; setting qfac to 1
INFO:nibabel.global:pixdim[0] (qfac) should be 1 (default) or -1; setting qfac to 1
pixdim[0] (qfac) should be 1 (default) or -1; setting qfac to 1
INFO:nibabel.global:pixdim[0] (qfac) should be 1 (default) or -1; setting qfac to 1
pixdim[0] (qfac) should be 1 (default) or -1; setting qfac to 1
INFO:nibabel.global:pixdim[0] (qfac) should be 1 (default) or -1; setting qfac to 1
2025-06-14 17:07:45.567922: I external/local_xla/xla/stream_executor/cuda/cuda_dnn.cc:454] Loaded cuDNN version 8907
pixdim[0] (qfac) should be 1 (default) or -1; setting qfac to 1
INFO:nibabel.global:pixdim[0] (qfac) should be 1 (default) or -1; setting qfac to 1
pixdim[0] (qfac) should be 1 (default) or -1; setting qfac to 1
INFO:nibabel.global:pixdim[0] (qfac) should be 1 (default) or -1; setting qfac to 1
pixdim[0] (qfac) should be 1 (default) or -1; setting qfac to 1
INFO:nibabel.global:pixdim[0] (qfac) should be 1 (default) or -1; setting qfac to 1
pixdim[0] (qfac) should be 1 (default) or -1; setting qfac to 1
INFO:nibabel.global:pixdim[0] (qfac) should be 1 (default) or -1; setting qfac to 1
2025-06-14 17:08:01.923474: W external/local_tsl/tsl/framework/bfc_allocator.cc:296] Allocator (GPU_0_bfc) ran out of memory trying to allocate 2.27GiB with freed_by_count=0. The caller indicates that this is not a failure, but this may mean that there could be performance gains if more memory were available.
2025-06-14 17:08:02.024891: W external/local_tsl/tsl/framework/bfc_allocator.cc:296] Allocator (GPU_0_bfc) ran out of memory trying to allocate 2.30GiB with freed_by_count=0. The caller indicates that this is not a failure, but this may mean that there could be performance gains if more memory were available.
2025-06-14 17:08:02.025892: W external/local_tsl/tsl/framework/bfc_allocator.cc:296] Allocator (GPU_0_bfc) ran out of memory trying to allocate 2.27GiB with freed_by_count=0. The caller indicates that this is not a failure, but this may mean that there could be performance gains if more memory were available.
2025-06-14 17:08:02.646769: W external/local_tsl/tsl/framework/bfc_allocator.cc:296] Allocator (GPU_0_bfc) ran out of memory trying to allocate 2.27GiB with freed_by_count=0. The caller indicates that this is not a failure, but this may mean that there could be performance gains if more memory were available.
2025-06-14 17:08:02.700025: W external/local_tsl/tsl/framework/bfc_allocator.cc:296] Allocator (GPU_0_bfc) ran out of memory trying to allocate 2.30GiB with freed_by_count=0. The caller indicates that this is not a failure, but this may mean that there could be performance gains if more memory were available.
2025-06-14 17:08:02.700911: W external/local_tsl/tsl/framework/bfc_allocator.cc:296] Allocator (GPU_0_bfc) ran out of memory trying to allocate 2.27GiB with freed_by_count=0. The caller indicates that this is not a failure, but this may mean that there could be performance gains if more memory were available.
2025-06-14 17:08:13.321426: W external/local_tsl/tsl/framework/bfc_allocator.cc:485] Allocator (GPU_0_bfc) ran out of memory trying to allocate 3.61GiB (rounded to 3875536896)requested by op model/concatenate_2/concat
If the cause is memory fragmentation maybe the environment variable 'TF_GPU_ALLOCATOR=cuda_malloc_async' will improve the situation. 
Current allocation summary follows.
Current allocation summary follows.
2025-06-14 17:08:13.322541: I external/local_tsl/tsl/framework/bfc_allocator.cc:1039] BFCAllocator dump for GPU_0_bfc
2025-06-14 17:08:13.323315: I external/local_tsl/tsl/framework/bfc_allocator.cc:1046] Bin (256): 	Total Chunks: 155, Chunks in use: 155. 38.8KiB allocated for chunks. 38.8KiB in use in bin. 20.7KiB client-requested in use in bin.
2025-06-14 17:08:13.323814: I external/local_tsl/tsl/framework/bfc_allocator.cc:1046] Bin (512): 	Total Chunks: 56, Chunks in use: 55. 28.2KiB allocated for chunks. 27.8KiB in use in bin. 27.5KiB client-requested in use in bin.
2025-06-14 17:08:13.324250: I external/local_tsl/tsl/framework/bfc_allocator.cc:1046] Bin (1024): 	Total Chunks: 27, Chunks in use: 27. 27.2KiB allocated for chunks. 27.2KiB in use in bin. 27.0KiB client-requested in use in bin.
2025-06-14 17:08:13.324653: I external/local_tsl/tsl/framework/bfc_allocator.cc:1046] Bin (2048): 	Total Chunks: 3, Chunks in use: 3. 10.5KiB allocated for chunks. 10.5KiB in use in bin. 10.1KiB client-requested in use in bin.
2025-06-14 17:08:13.325103: I external/local_tsl/tsl/framework/bfc_allocator.cc:1046] Bin (4096): 	Total Chunks: 0, Chunks in use: 0. 0B allocated for chunks. 0B in use in bin. 0B client-requested in use in bin.
2025-06-14 17:08:13.325576: I external/local_tsl/tsl/framework/bfc_allocator.cc:1046] Bin (8192): 	Total Chunks: 0, Chunks in use: 0. 0B allocated for chunks. 0B in use in bin. 0B client-requested in use in bin.
2025-06-14 17:08:13.325991: I external/local_tsl/tsl/framework/bfc_allocator.cc:1046] Bin (16384): 	Total Chunks: 0, Chunks in use: 0. 0B allocated for chunks. 0B in use in bin. 0B client-requested in use in bin.
2025-06-14 17:08:13.326389: I external/local_tsl/tsl/framework/bfc_allocator.cc:1046] Bin (32768): 	Total Chunks: 0, Chunks in use: 0. 0B allocated for chunks. 0B in use in bin. 0B client-requested in use in bin.
2025-06-14 17:08:13.326775: I external/local_tsl/tsl/framework/bfc_allocator.cc:1046] Bin (65536): 	Total Chunks: 7, Chunks in use: 7. 653.0KiB allocated for chunks. 653.0KiB in use in bin. 624.0KiB client-requested in use in bin.
2025-06-14 17:08:13.327135: I external/local_tsl/tsl/framework/bfc_allocator.cc:1046] Bin (131072): 	Total Chunks: 8, Chunks in use: 8. 1.58MiB allocated for chunks. 1.58MiB in use in bin. 1.48MiB client-requested in use in bin.
2025-06-14 17:08:13.327539: I external/local_tsl/tsl/framework/bfc_allocator.cc:1046] Bin (262144): 	Total Chunks: 8, Chunks in use: 8. 2.95MiB allocated for chunks. 2.95MiB in use in bin. 2.86MiB client-requested in use in bin.
2025-06-14 17:08:13.327893: I external/local_tsl/tsl/framework/bfc_allocator.cc:1046] Bin (524288): 	Total Chunks: 7, Chunks in use: 7. 5.89MiB allocated for chunks. 5.89MiB in use in bin. 5.48MiB client-requested in use in bin.
2025-06-14 17:08:13.328258: I external/local_tsl/tsl/framework/bfc_allocator.cc:1046] Bin (1048576): 	Total Chunks: 9, Chunks in use: 9. 14.02MiB allocated for chunks. 14.02MiB in use in bin. 13.12MiB client-requested in use in bin.
2025-06-14 17:08:13.328640: I external/local_tsl/tsl/framework/bfc_allocator.cc:1046] Bin (2097152): 	Total Chunks: 5, Chunks in use: 5. 17.38MiB allocated for chunks. 17.38MiB in use in bin. 16.88MiB client-requested in use in bin.
2025-06-14 17:08:13.329003: I external/local_tsl/tsl/framework/bfc_allocator.cc:1046] Bin (4194304): 	Total Chunks: 3, Chunks in use: 3. 18.12MiB allocated for chunks. 18.12MiB in use in bin. 16.88MiB client-requested in use in bin.
2025-06-14 17:08:13.329355: I external/local_tsl/tsl/framework/bfc_allocator.cc:1046] Bin (8388608): 	Total Chunks: 3, Chunks in use: 3. 40.62MiB allocated for chunks. 40.62MiB in use in bin. 35.62MiB client-requested in use in bin.
2025-06-14 17:08:13.329693: I external/local_tsl/tsl/framework/bfc_allocator.cc:1046] Bin (16777216): 	Total Chunks: 5, Chunks in use: 4. 140.19MiB allocated for chunks. 115.50MiB in use in bin. 115.50MiB client-requested in use in bin.
2025-06-14 17:08:13.330077: I external/local_tsl/tsl/framework/bfc_allocator.cc:1046] Bin (33554432): 	Total Chunks: 2, Chunks in use: 2. 115.50MiB allocated for chunks. 115.50MiB in use in bin. 115.50MiB client-requested in use in bin.
2025-06-14 17:08:13.330457: I external/local_tsl/tsl/framework/bfc_allocator.cc:1046] Bin (67108864): 	Total Chunks: 8, Chunks in use: 8. 874.50MiB allocated for chunks. 874.50MiB in use in bin. 808.50MiB client-requested in use in bin.
2025-06-14 17:08:13.330878: I external/local_tsl/tsl/framework/bfc_allocator.cc:1046] Bin (134217728): 	Total Chunks: 5, Chunks in use: 5. 1.07GiB allocated for chunks. 1.07GiB in use in bin. 924.00MiB client-requested in use in bin.
2025-06-14 17:08:13.331226: I external/local_tsl/tsl/framework/bfc_allocator.cc:1046] Bin (268435456): 	Total Chunks: 18, Chunks in use: 15. 19.69GiB allocated for chunks. 15.34GiB in use in bin. 15.34GiB client-requested in use in bin.
2025-06-14 17:08:13.331600: I external/local_tsl/tsl/framework/bfc_allocator.cc:1062] Bin for 3.61GiB was 256.00MiB, Chunk State: 
2025-06-14 17:08:13.331962: I external/local_tsl/tsl/framework/bfc_allocator.cc:1068]   Size: 453.50MiB | Requested Size: 16.00MiB | in_use: 0 | bin_num: 20, prev:   Size: 462.00MiB | Requested Size: 462.00MiB | in_use: 1 | bin_num: -1
2025-06-14 17:08:13.332327: I external/local_tsl/tsl/framework/bfc_allocator.cc:1068]   Size: 1.80GiB | Requested Size: 1.80GiB | in_use: 0 | bin_num: 20, next:   Size: 1.80GiB | Requested Size: 1.80GiB | in_use: 1 | bin_num: -1
2025-06-14 17:08:13.332755: I external/local_tsl/tsl/framework/bfc_allocator.cc:1068]   Size: 2.10GiB | Requested Size: 1.82GiB | in_use: 0 | bin_num: 20, prev:   Size: 1.80GiB | Requested Size: 1.80GiB | in_use: 1 | bin_num: -1
2025-06-14 17:08:13.333101: I external/local_tsl/tsl/framework/bfc_allocator.cc:1075] Next region of size 6129582080
2025-06-14 17:08:13.333548: I external/local_tsl/tsl/framework/bfc_allocator.cc:1095] Free  at 7f6dfa000000 of size 1937768448 next 107
2025-06-14 17:08:13.333904: I external/local_tsl/tsl/framework/bfc_allocator.cc:1095] InUse at 7f6e6d800000 of size 1937768448 next 329
2025-06-14 17:08:13.334246: I external/local_tsl/tsl/framework/bfc_allocator.cc:1095] Free  at 7f6ee1000000 of size 2254045184 next 18446744073709551615
2025-06-14 17:08:13.334681: I external/local_tsl/tsl/framework/bfc_allocator.cc:1075] Next region of size 8589934592
2025-06-14 17:08:13.335118: I external/local_tsl/tsl/framework/bfc_allocator.cc:1095] InUse at 7f6f92000000 of size 1937768448 next 282
2025-06-14 17:08:13.335518: I external/local_tsl/tsl/framework/bfc_allocator.cc:1095] InUse at 7f7005800000 of size 242221056 next 283
2025-06-14 17:08:13.335862: I external/local_tsl/tsl/framework/bfc_allocator.cc:1095] InUse at 7f7013f00000 of size 484442112 next 284
2025-06-14 17:08:13.336244: I external/local_tsl/tsl/framework/bfc_allocator.cc:1095] InUse at 7f7030d00000 of size 484442112 next 285
2025-06-14 17:08:13.336609: I external/local_tsl/tsl/framework/bfc_allocator.cc:1095] InUse at 7f704db00000 of size 484442112 next 29
2025-06-14 17:08:13.336981: I external/local_tsl/tsl/framework/bfc_allocator.cc:1095] InUse at 7f706a900000 of size 484442112 next 289
2025-06-14 17:08:13.337314: I external/local_tsl/tsl/framework/bfc_allocator.cc:1095] InUse at 7f7087700000 of size 484442112 next 293
2025-06-14 17:08:13.337742: I external/local_tsl/tsl/framework/bfc_allocator.cc:1095] InUse at 7f70a4500000 of size 121110528 next 47
2025-06-14 17:08:13.338169: I external/local_tsl/tsl/framework/bfc_allocator.cc:1095] InUse at 7f70ab880000 of size 121110528 next 296
2025-06-14 17:08:13.338573: I external/local_tsl/tsl/framework/bfc_allocator.cc:1095] InUse at 7f70b2c00000 of size 121110528 next 300
2025-06-14 17:08:13.338916: I external/local_tsl/tsl/framework/bfc_allocator.cc:1095] InUse at 7f70b9f80000 of size 30277632 next 302
2025-06-14 17:08:13.339347: I external/local_tsl/tsl/framework/bfc_allocator.cc:1095] InUse at 7f70bbc60000 of size 30277632 next 303
2025-06-14 17:08:13.339713: I external/local_tsl/tsl/framework/bfc_allocator.cc:1095] InUse at 7f70bd940000 of size 30277632 next 66
2025-06-14 17:08:13.340080: I external/local_tsl/tsl/framework/bfc_allocator.cc:1095] InUse at 7f70bf620000 of size 30277632 next 307
2025-06-14 17:08:13.340439: I external/local_tsl/tsl/framework/bfc_allocator.cc:1095] InUse at 7f70c1300000 of size 121110528 next 76
2025-06-14 17:08:13.340788: I external/local_tsl/tsl/framework/bfc_allocator.cc:1095] InUse at 7f70c8680000 of size 121110528 next 312
2025-06-14 17:08:13.341134: I external/local_tsl/tsl/framework/bfc_allocator.cc:1095] InUse at 7f70cfa00000 of size 242221056 next 311
2025-06-14 17:08:13.341486: I external/local_tsl/tsl/framework/bfc_allocator.cc:1095] InUse at 7f70de100000 of size 121110528 next 85
2025-06-14 17:08:13.341837: I external/local_tsl/tsl/framework/bfc_allocator.cc:1095] InUse at 7f70e5480000 of size 484442112 next 325
2025-06-14 17:08:13.342219: I external/local_tsl/tsl/framework/bfc_allocator.cc:1095] InUse at 7f7102280000 of size 484442112 next 320
2025-06-14 17:08:13.342585: I external/local_tsl/tsl/framework/bfc_allocator.cc:1095] InUse at 7f711f080000 of size 968884224 next 319
2025-06-14 17:08:13.342972: I external/local_tsl/tsl/framework/bfc_allocator.cc:1095] InUse at 7f7158c80000 of size 484442112 next 91
2025-06-14 17:08:13.343364: I external/local_tsl/tsl/framework/bfc_allocator.cc:1095] Free  at 7f7175a80000 of size 475529216 next 18446744073709551615
2025-06-14 17:08:13.343727: I external/local_tsl/tsl/framework/bfc_allocator.cc:1075] Next region of size 4294967296
2025-06-14 17:08:13.344201: I external/local_tsl/tsl/framework/bfc_allocator.cc:1095] InUse at 7f71ae000000 of size 1937768448 next 11
2025-06-14 17:08:13.344574: I external/local_tsl/tsl/framework/bfc_allocator.cc:1095] InUse at 7f7221800000 of size 1937768448 next 277
2025-06-14 17:08:13.344934: I external/local_tsl/tsl/framework/bfc_allocator.cc:1095] InUse at 7f7295000000 of size 242221056 next 20
2025-06-14 17:08:13.345329: I external/local_tsl/tsl/framework/bfc_allocator.cc:1095] InUse at 7f72a3700000 of size 60555264 next 38
2025-06-14 17:08:13.345698: I external/local_tsl/tsl/framework/bfc_allocator.cc:1095] InUse at 7f72a70c0000 of size 116654080 next 18446744073709551615
2025-06-14 17:08:13.346034: I external/local_tsl/tsl/framework/bfc_allocator.cc:1075] Next region of size 2147483648
2025-06-14 17:08:13.346518: I external/local_tsl/tsl/framework/bfc_allocator.cc:1095] InUse at 7f72da000000 of size 1937768448 next 272
2025-06-14 17:08:13.347046: I external/local_tsl/tsl/framework/bfc_allocator.cc:1095] InUse at 7f734d800000 of size 209715200 next 18446744073709551615
2025-06-14 17:08:13.347456: I external/local_tsl/tsl/framework/bfc_allocator.cc:1075] Next region of size 2147483648
2025-06-14 17:08:13.347932: I external/local_tsl/tsl/framework/bfc_allocator.cc:1095] InUse at 7f7364000000 of size 1937768448 next 268
2025-06-14 17:08:13.348321: I external/local_tsl/tsl/framework/bfc_allocator.cc:1095] InUse at 7f73d7800000 of size 209715200 next 18446744073709551615
2025-06-14 17:08:13.348713: I external/local_tsl/tsl/framework/bfc_allocator.cc:1075] Next region of size 134217728
2025-06-14 17:08:13.349172: I external/local_tsl/tsl/framework/bfc_allocator.cc:1095] InUse at 7f7476000000 of size 60555264 next 264
2025-06-14 17:08:13.349572: I external/local_tsl/tsl/framework/bfc_allocator.cc:1095] InUse at 7f74799c0000 of size 73662464 next 18446744073709551615
2025-06-14 17:08:13.349947: I external/local_tsl/tsl/framework/bfc_allocator.cc:1075] Next region of size 67108864
2025-06-14 17:08:13.350392: I external/local_tsl/tsl/framework/bfc_allocator.cc:1095] InUse at 7f747e000000 of size 3538944 next 198
2025-06-14 17:08:13.350787: I external/local_tsl/tsl/framework/bfc_allocator.cc:1095] InUse at 7f747e360000 of size 1769472 next 205
2025-06-14 17:08:13.351153: I external/local_tsl/tsl/framework/bfc_allocator.cc:1095] InUse at 7f747e510000 of size 1769472 next 206
2025-06-14 17:08:13.351516: I external/local_tsl/tsl/framework/bfc_allocator.cc:1095] InUse at 7f747e6c0000 of size 262144 next 213
2025-06-14 17:08:13.351894: I external/local_tsl/tsl/framework/bfc_allocator.cc:1095] InUse at 7f747e700000 of size 262144 next 214
2025-06-14 17:08:13.352238: I external/local_tsl/tsl/framework/bfc_allocator.cc:1095] InUse at 7f747e740000 of size 884736 next 217
2025-06-14 17:08:13.352594: I external/local_tsl/tsl/framework/bfc_allocator.cc:1095] InUse at 7f747e818000 of size 884736 next 218
2025-06-14 17:08:13.352960: I external/local_tsl/tsl/framework/bfc_allocator.cc:1095] InUse at 7f747e8f0000 of size 442368 next 225
2025-06-14 17:08:13.353349: I external/local_tsl/tsl/framework/bfc_allocator.cc:1095] InUse at 7f747e95c000 of size 442368 next 226
2025-06-14 17:08:13.353705: I external/local_tsl/tsl/framework/bfc_allocator.cc:1095] InUse at 7f747e9c8000 of size 256 next 234
2025-06-14 17:08:13.354155: I external/local_tsl/tsl/framework/bfc_allocator.cc:1095] InUse at 7f747e9c8100 of size 256 next 235
2025-06-14 17:08:13.354611: I external/local_tsl/tsl/framework/bfc_allocator.cc:1095] InUse at 7f747e9c8200 of size 221184 next 236
2025-06-14 17:08:13.354966: I external/local_tsl/tsl/framework/bfc_allocator.cc:1095] InUse at 7f747e9fe200 of size 221184 next 237
2025-06-14 17:08:13.355304: I external/local_tsl/tsl/framework/bfc_allocator.cc:1095] InUse at 7f747ea34200 of size 256 next 238
2025-06-14 17:08:13.355754: I external/local_tsl/tsl/framework/bfc_allocator.cc:1095] InUse at 7f747ea34300 of size 256 next 239
2025-06-14 17:08:13.356188: I external/local_tsl/tsl/framework/bfc_allocator.cc:1095] InUse at 7f747ea34400 of size 256 next 240
2025-06-14 17:08:13.356637: I external/local_tsl/tsl/framework/bfc_allocator.cc:1095] InUse at 7f747ea34500 of size 256 next 241
2025-06-14 17:08:13.357063: I external/local_tsl/tsl/framework/bfc_allocator.cc:1095] InUse at 7f747ea34600 of size 256 next 242
2025-06-14 17:08:13.357554: I external/local_tsl/tsl/framework/bfc_allocator.cc:1095] InUse at 7f747ea34700 of size 256 next 243
2025-06-14 17:08:13.358005: I external/local_tsl/tsl/framework/bfc_allocator.cc:1095] InUse at 7f747ea34800 of size 110592 next 244
2025-06-14 17:08:13.358358: I external/local_tsl/tsl/framework/bfc_allocator.cc:1095] InUse at 7f747ea4f800 of size 110592 next 245
2025-06-14 17:08:13.358715: I external/local_tsl/tsl/framework/bfc_allocator.cc:1095] InUse at 7f747ea6a800 of size 256 next 246
2025-06-14 17:08:13.359139: I external/local_tsl/tsl/framework/bfc_allocator.cc:1095] InUse at 7f747ea6a900 of size 256 next 247
2025-06-14 17:08:13.359627: I external/local_tsl/tsl/framework/bfc_allocator.cc:1095] InUse at 7f747ea6aa00 of size 256 next 248
2025-06-14 17:08:13.360082: I external/local_tsl/tsl/framework/bfc_allocator.cc:1095] InUse at 7f747ea6ab00 of size 256 next 249
2025-06-14 17:08:13.360531: I external/local_tsl/tsl/framework/bfc_allocator.cc:1095] InUse at 7f747ea6ac00 of size 256 next 250
2025-06-14 17:08:13.360972: I external/local_tsl/tsl/framework/bfc_allocator.cc:1095] InUse at 7f747ea6ad00 of size 256 next 251
2025-06-14 17:08:13.361391: I external/local_tsl/tsl/framework/bfc_allocator.cc:1095] InUse at 7f747ea6ae00 of size 256 next 252
2025-06-14 17:08:13.361820: I external/local_tsl/tsl/framework/bfc_allocator.cc:1095] InUse at 7f747ea6af00 of size 256 next 253
2025-06-14 17:08:13.362239: I external/local_tsl/tsl/framework/bfc_allocator.cc:1095] InUse at 7f747ea6b000 of size 256 next 254
2025-06-14 17:08:13.362661: I external/local_tsl/tsl/framework/bfc_allocator.cc:1095] InUse at 7f747ea6b100 of size 256 next 255
2025-06-14 17:08:13.363073: I external/local_tsl/tsl/framework/bfc_allocator.cc:1095] InUse at 7f747ea6b200 of size 256 next 256
2025-06-14 17:08:13.363497: I external/local_tsl/tsl/framework/bfc_allocator.cc:1095] InUse at 7f747ea6b300 of size 256 next 257
2025-06-14 17:08:13.363928: I external/local_tsl/tsl/framework/bfc_allocator.cc:1095] InUse at 7f747ea6b400 of size 256 next 258
2025-06-14 17:08:13.364397: I external/local_tsl/tsl/framework/bfc_allocator.cc:1095] InUse at 7f747ea6b500 of size 256 next 259
2025-06-14 17:08:13.364945: I external/local_tsl/tsl/framework/bfc_allocator.cc:1095] InUse at 7f747ea6b600 of size 256 next 260
2025-06-14 17:08:13.365526: I external/local_tsl/tsl/framework/bfc_allocator.cc:1095] InUse at 7f747ea6b700 of size 256 next 261
2025-06-14 17:08:13.365975: I external/local_tsl/tsl/framework/bfc_allocator.cc:1095] InUse at 7f747ea6b800 of size 256 next 262
2025-06-14 17:08:13.366403: I external/local_tsl/tsl/framework/bfc_allocator.cc:1095] InUse at 7f747ea6b900 of size 256 next 263
2025-06-14 17:08:13.366828: I external/local_tsl/tsl/framework/bfc_allocator.cc:1095] InUse at 7f747ea6ba00 of size 256 next 265
2025-06-14 17:08:13.367230: I external/local_tsl/tsl/framework/bfc_allocator.cc:1095] InUse at 7f747ea6bb00 of size 256 next 266
2025-06-14 17:08:13.367660: I external/local_tsl/tsl/framework/bfc_allocator.cc:1095] InUse at 7f747ea6bc00 of size 256 next 274
2025-06-14 17:08:13.368067: I external/local_tsl/tsl/framework/bfc_allocator.cc:1095] InUse at 7f747ea6bd00 of size 256 next 275
2025-06-14 17:08:13.368522: I external/local_tsl/tsl/framework/bfc_allocator.cc:1095] InUse at 7f747ea6be00 of size 256 next 276
2025-06-14 17:08:13.368953: I external/local_tsl/tsl/framework/bfc_allocator.cc:1095] InUse at 7f747ea6bf00 of size 256 next 280
2025-06-14 17:08:13.369518: I external/local_tsl/tsl/framework/bfc_allocator.cc:1095] InUse at 7f747ea6c000 of size 256 next 281
2025-06-14 17:08:13.370087: I external/local_tsl/tsl/framework/bfc_allocator.cc:1095] InUse at 7f747ea6c100 of size 256 next 287
2025-06-14 17:08:13.370587: I external/local_tsl/tsl/framework/bfc_allocator.cc:1095] InUse at 7f747ea6c200 of size 256 next 288
2025-06-14 17:08:13.371043: I external/local_tsl/tsl/framework/bfc_allocator.cc:1095] InUse at 7f747ea6c300 of size 256 next 291
2025-06-14 17:08:13.371505: I external/local_tsl/tsl/framework/bfc_allocator.cc:1095] InUse at 7f747ea6c400 of size 256 next 292
2025-06-14 17:08:13.371923: I external/local_tsl/tsl/framework/bfc_allocator.cc:1095] InUse at 7f747ea6c500 of size 512 next 294
2025-06-14 17:08:13.372375: I external/local_tsl/tsl/framework/bfc_allocator.cc:1095] InUse at 7f747ea6c700 of size 768 next 269
2025-06-14 17:08:13.372803: I external/local_tsl/tsl/framework/bfc_allocator.cc:1095] InUse at 7f747ea6ca00 of size 256 next 270
2025-06-14 17:08:13.373229: I external/local_tsl/tsl/framework/bfc_allocator.cc:1095] InUse at 7f747ea6cb00 of size 512 next 295
2025-06-14 17:08:13.373671: I external/local_tsl/tsl/framework/bfc_allocator.cc:1095] InUse at 7f747ea6cd00 of size 512 next 298
2025-06-14 17:08:13.374130: I external/local_tsl/tsl/framework/bfc_allocator.cc:1095] InUse at 7f747ea6cf00 of size 512 next 299
2025-06-14 17:08:13.374614: I external/local_tsl/tsl/framework/bfc_allocator.cc:1095] InUse at 7f747ea6d100 of size 15138816 next 56
2025-06-14 17:08:13.374969: I external/local_tsl/tsl/framework/bfc_allocator.cc:1095] InUse at 7f747f8dd100 of size 15138816 next 301
2025-06-14 17:08:13.375345: I external/local_tsl/tsl/framework/bfc_allocator.cc:1095] InUse at 7f748074d100 of size 1024 next 304
2025-06-14 17:08:13.375789: I external/local_tsl/tsl/framework/bfc_allocator.cc:1095] InUse at 7f748074d500 of size 1024 next 305
2025-06-14 17:08:13.376238: I external/local_tsl/tsl/framework/bfc_allocator.cc:1095] InUse at 7f748074d900 of size 1024 next 306
2025-06-14 17:08:13.376680: I external/local_tsl/tsl/framework/bfc_allocator.cc:1095] InUse at 7f748074dd00 of size 1024 next 309
2025-06-14 17:08:13.377153: I external/local_tsl/tsl/framework/bfc_allocator.cc:1095] InUse at 7f748074e100 of size 1024 next 310
2025-06-14 17:08:13.377645: I external/local_tsl/tsl/framework/bfc_allocator.cc:1095] InUse at 7f748074e500 of size 512 next 317
2025-06-14 17:08:13.378083: I external/local_tsl/tsl/framework/bfc_allocator.cc:1095] InUse at 7f748074e700 of size 512 next 318
2025-06-14 17:08:13.378554: I external/local_tsl/tsl/framework/bfc_allocator.cc:1095] InUse at 7f748074e900 of size 256 next 326
2025-06-14 17:08:13.379009: I external/local_tsl/tsl/framework/bfc_allocator.cc:1095] InUse at 7f748074ea00 of size 256 next 327
2025-06-14 17:08:13.379449: I external/local_tsl/tsl/framework/bfc_allocator.cc:1095] Free  at 7f748074eb00 of size 25892096 next 18446744073709551615
2025-06-14 17:08:13.379816: I external/local_tsl/tsl/framework/bfc_allocator.cc:1075] Next region of size 33554432
2025-06-14 17:08:13.380258: I external/local_tsl/tsl/framework/bfc_allocator.cc:1095] InUse at 7f7496000000 of size 3538944 next 83
2025-06-14 17:08:13.380678: I external/local_tsl/tsl/framework/bfc_allocator.cc:1095] InUse at 7f7496360000 of size 221184 next 152
2025-06-14 17:08:13.381132: I external/local_tsl/tsl/framework/bfc_allocator.cc:1095] InUse at 7f7496396000 of size 221184 next 106
2025-06-14 17:08:13.381596: I external/local_tsl/tsl/framework/bfc_allocator.cc:1095] InUse at 7f74963cc000 of size 442368 next 100
2025-06-14 17:08:13.382013: I external/local_tsl/tsl/framework/bfc_allocator.cc:1095] InUse at 7f7496438000 of size 884736 next 90
2025-06-14 17:08:13.382493: I external/local_tsl/tsl/framework/bfc_allocator.cc:1095] InUse at 7f7496510000 of size 1769472 next 74
2025-06-14 17:08:13.382973: I external/local_tsl/tsl/framework/bfc_allocator.cc:1095] InUse at 7f74966c0000 of size 7077888 next 72
2025-06-14 17:08:13.383329: I external/local_tsl/tsl/framework/bfc_allocator.cc:1095] InUse at 7f7496d80000 of size 7077888 next 187
2025-06-14 17:08:13.383689: I external/local_tsl/tsl/framework/bfc_allocator.cc:1095] InUse at 7f7497440000 of size 12320768 next 18446744073709551615
2025-06-14 17:08:13.384030: I external/local_tsl/tsl/framework/bfc_allocator.cc:1075] Next region of size 16777216
2025-06-14 17:08:13.384475: I external/local_tsl/tsl/framework/bfc_allocator.cc:1095] InUse at 7f749e000000 of size 1769472 next 173
2025-06-14 17:08:13.384809: I external/local_tsl/tsl/framework/bfc_allocator.cc:1095] InUse at 7f749e1b0000 of size 1769472 next 64
2025-06-14 17:08:13.385149: I external/local_tsl/tsl/framework/bfc_allocator.cc:1095] InUse at 7f749e360000 of size 3538944 next 62
2025-06-14 17:08:13.385543: I external/local_tsl/tsl/framework/bfc_allocator.cc:1095] InUse at 7f749e6c0000 of size 3538944 next 180
2025-06-14 17:08:13.385915: I external/local_tsl/tsl/framework/bfc_allocator.cc:1095] InUse at 7f749ea20000 of size 1048576 next 194
2025-06-14 17:08:13.386323: I external/local_tsl/tsl/framework/bfc_allocator.cc:1095] InUse at 7f749eb20000 of size 1048576 next 195
2025-06-14 17:08:13.386751: I external/local_tsl/tsl/framework/bfc_allocator.cc:1095] InUse at 7f749ec20000 of size 4063232 next 18446744073709551615
2025-06-14 17:08:13.387093: I external/local_tsl/tsl/framework/bfc_allocator.cc:1075] Next region of size 2097152
2025-06-14 17:08:13.387578: I external/local_tsl/tsl/framework/bfc_allocator.cc:1095] InUse at 7f74f6e00000 of size 1280 next 1
2025-06-14 17:08:13.388010: I external/local_tsl/tsl/framework/bfc_allocator.cc:1095] InUse at 7f74f6e00500 of size 256 next 2
2025-06-14 17:08:13.388464: I external/local_tsl/tsl/framework/bfc_allocator.cc:1095] InUse at 7f74f6e00600 of size 256 next 3
2025-06-14 17:08:13.388892: I external/local_tsl/tsl/framework/bfc_allocator.cc:1095] InUse at 7f74f6e00700 of size 256 next 5
2025-06-14 17:08:13.389311: I external/local_tsl/tsl/framework/bfc_allocator.cc:1095] InUse at 7f74f6e00800 of size 256 next 6
2025-06-14 17:08:13.389739: I external/local_tsl/tsl/framework/bfc_allocator.cc:1095] InUse at 7f74f6e00900 of size 256 next 4
2025-06-14 17:08:13.390164: I external/local_tsl/tsl/framework/bfc_allocator.cc:1095] InUse at 7f74f6e00a00 of size 256 next 7
2025-06-14 17:08:13.390583: I external/local_tsl/tsl/framework/bfc_allocator.cc:1095] InUse at 7f74f6e00b00 of size 256 next 10
2025-06-14 17:08:13.391010: I external/local_tsl/tsl/framework/bfc_allocator.cc:1095] InUse at 7f74f6e00c00 of size 256 next 278
2025-06-14 17:08:13.391431: I external/local_tsl/tsl/framework/bfc_allocator.cc:1095] InUse at 7f74f6e00d00 of size 256 next 12
2025-06-14 17:08:13.391854: I external/local_tsl/tsl/framework/bfc_allocator.cc:1095] InUse at 7f74f6e00e00 of size 256 next 13
2025-06-14 17:08:13.392265: I external/local_tsl/tsl/framework/bfc_allocator.cc:1095] InUse at 7f74f6e00f00 of size 256 next 14
2025-06-14 17:08:13.392724: I external/local_tsl/tsl/framework/bfc_allocator.cc:1095] InUse at 7f74f6e01000 of size 256 next 17
2025-06-14 17:08:13.393141: I external/local_tsl/tsl/framework/bfc_allocator.cc:1095] InUse at 7f74f6e01100 of size 256 next 15
2025-06-14 17:08:13.393550: I external/local_tsl/tsl/framework/bfc_allocator.cc:1095] InUse at 7f74f6e01200 of size 256 next 16
2025-06-14 17:08:13.393957: I external/local_tsl/tsl/framework/bfc_allocator.cc:1095] InUse at 7f74f6e01300 of size 256 next 286
2025-06-14 17:08:13.394421: I external/local_tsl/tsl/framework/bfc_allocator.cc:1095] InUse at 7f74f6e01400 of size 256 next 21
2025-06-14 17:08:13.394853: I external/local_tsl/tsl/framework/bfc_allocator.cc:1095] InUse at 7f74f6e01500 of size 256 next 22
2025-06-14 17:08:13.395264: I external/local_tsl/tsl/framework/bfc_allocator.cc:1095] InUse at 7f74f6e01600 of size 256 next 23
2025-06-14 17:08:13.395708: I external/local_tsl/tsl/framework/bfc_allocator.cc:1095] InUse at 7f74f6e01700 of size 256 next 24
2025-06-14 17:08:13.396140: I external/local_tsl/tsl/framework/bfc_allocator.cc:1095] InUse at 7f74f6e01800 of size 256 next 25
2025-06-14 17:08:13.396593: I external/local_tsl/tsl/framework/bfc_allocator.cc:1095] InUse at 7f74f6e01900 of size 256 next 28
2025-06-14 17:08:13.397028: I external/local_tsl/tsl/framework/bfc_allocator.cc:1095] InUse at 7f74f6e01a00 of size 256 next 290
2025-06-14 17:08:13.397448: I external/local_tsl/tsl/framework/bfc_allocator.cc:1095] InUse at 7f74f6e01b00 of size 256 next 30
2025-06-14 17:08:13.397891: I external/local_tsl/tsl/framework/bfc_allocator.cc:1095] InUse at 7f74f6e01c00 of size 256 next 31
2025-06-14 17:08:13.398304: I external/local_tsl/tsl/framework/bfc_allocator.cc:1095] InUse at 7f74f6e01d00 of size 256 next 32
2025-06-14 17:08:13.398716: I external/local_tsl/tsl/framework/bfc_allocator.cc:1095] InUse at 7f74f6e01e00 of size 256 next 35
2025-06-14 17:08:13.399170: I external/local_tsl/tsl/framework/bfc_allocator.cc:1095] InUse at 7f74f6e01f00 of size 256 next 33
2025-06-14 17:08:13.399623: I external/local_tsl/tsl/framework/bfc_allocator.cc:1095] InUse at 7f74f6e02000 of size 256 next 34
2025-06-14 17:08:13.400067: I external/local_tsl/tsl/framework/bfc_allocator.cc:1095] InUse at 7f74f6e02100 of size 512 next 39
2025-06-14 17:08:13.400493: I external/local_tsl/tsl/framework/bfc_allocator.cc:1095] InUse at 7f74f6e02300 of size 256 next 40
2025-06-14 17:08:13.400987: I external/local_tsl/tsl/framework/bfc_allocator.cc:1095] InUse at 7f74f6e02400 of size 256 next 41
2025-06-14 17:08:13.401461: I external/local_tsl/tsl/framework/bfc_allocator.cc:1095] InUse at 7f74f6e02500 of size 256 next 8
2025-06-14 17:08:13.401952: I external/local_tsl/tsl/framework/bfc_allocator.cc:1095] InUse at 7f74f6e02600 of size 3584 next 9
2025-06-14 17:08:13.402455: I external/local_tsl/tsl/framework/bfc_allocator.cc:1095] InUse at 7f74f6e03400 of size 512 next 42
2025-06-14 17:08:13.402910: I external/local_tsl/tsl/framework/bfc_allocator.cc:1095] InUse at 7f74f6e03600 of size 512 next 45
2025-06-14 17:08:13.403373: I external/local_tsl/tsl/framework/bfc_allocator.cc:1095] InUse at 7f74f6e03800 of size 512 next 46
2025-06-14 17:08:13.403818: I external/local_tsl/tsl/framework/bfc_allocator.cc:1095] InUse at 7f74f6e03a00 of size 512 next 297
2025-06-14 17:08:13.404289: I external/local_tsl/tsl/framework/bfc_allocator.cc:1095] InUse at 7f74f6e03c00 of size 512 next 48
2025-06-14 17:08:13.404756: I external/local_tsl/tsl/framework/bfc_allocator.cc:1095] InUse at 7f74f6e03e00 of size 256 next 49
2025-06-14 17:08:13.405201: I external/local_tsl/tsl/framework/bfc_allocator.cc:1095] InUse at 7f74f6e03f00 of size 512 next 50
2025-06-14 17:08:13.405645: I external/local_tsl/tsl/framework/bfc_allocator.cc:1095] InUse at 7f74f6e04100 of size 512 next 51
2025-06-14 17:08:13.406089: I external/local_tsl/tsl/framework/bfc_allocator.cc:1095] InUse at 7f74f6e04300 of size 512 next 55
2025-06-14 17:08:13.406538: I external/local_tsl/tsl/framework/bfc_allocator.cc:1095] InUse at 7f74f6e04500 of size 1024 next 57
2025-06-14 17:08:13.406997: I external/local_tsl/tsl/framework/bfc_allocator.cc:1095] InUse at 7f74f6e04900 of size 256 next 58
2025-06-14 17:08:13.407425: I external/local_tsl/tsl/framework/bfc_allocator.cc:1095] InUse at 7f74f6e04a00 of size 256 next 59
2025-06-14 17:08:13.407877: I external/local_tsl/tsl/framework/bfc_allocator.cc:1095] InUse at 7f74f6e04b00 of size 1024 next 60
2025-06-14 17:08:13.408328: I external/local_tsl/tsl/framework/bfc_allocator.cc:1095] InUse at 7f74f6e04f00 of size 1024 next 61
2025-06-14 17:08:13.408774: I external/local_tsl/tsl/framework/bfc_allocator.cc:1095] InUse at 7f74f6e05300 of size 1024 next 65
2025-06-14 17:08:13.409181: I external/local_tsl/tsl/framework/bfc_allocator.cc:1095] InUse at 7f74f6e05700 of size 1024 next 308
2025-06-14 17:08:13.409614: I external/local_tsl/tsl/framework/bfc_allocator.cc:1095] InUse at 7f74f6e05b00 of size 1024 next 67
2025-06-14 17:08:13.410043: I external/local_tsl/tsl/framework/bfc_allocator.cc:1095] InUse at 7f74f6e05f00 of size 256 next 68
2025-06-14 17:08:13.410473: I external/local_tsl/tsl/framework/bfc_allocator.cc:1095] InUse at 7f74f6e06000 of size 256 next 69
2025-06-14 17:08:13.410915: I external/local_tsl/tsl/framework/bfc_allocator.cc:1095] InUse at 7f74f6e06100 of size 1024 next 70
2025-06-14 17:08:13.411342: I external/local_tsl/tsl/framework/bfc_allocator.cc:1095] InUse at 7f74f6e06500 of size 1024 next 71
2025-06-14 17:08:13.411784: I external/local_tsl/tsl/framework/bfc_allocator.cc:1095] InUse at 7f74f6e06900 of size 1024 next 75
2025-06-14 17:08:13.412214: I external/local_tsl/tsl/framework/bfc_allocator.cc:1095] InUse at 7f74f6e06d00 of size 512 next 313
2025-06-14 17:08:13.412622: I external/local_tsl/tsl/framework/bfc_allocator.cc:1095] InUse at 7f74f6e06f00 of size 512 next 314
2025-06-14 17:08:13.413097: I external/local_tsl/tsl/framework/bfc_allocator.cc:1095] InUse at 7f74f6e07100 of size 512 next 315
2025-06-14 17:08:13.413550: I external/local_tsl/tsl/framework/bfc_allocator.cc:1095] InUse at 7f74f6e07300 of size 512 next 77
2025-06-14 17:08:13.413988: I external/local_tsl/tsl/framework/bfc_allocator.cc:1095] InUse at 7f74f6e07500 of size 256 next 78
2025-06-14 17:08:13.414418: I external/local_tsl/tsl/framework/bfc_allocator.cc:1095] InUse at 7f74f6e07600 of size 256 next 79
2025-06-14 17:08:13.414866: I external/local_tsl/tsl/framework/bfc_allocator.cc:1095] InUse at 7f74f6e07700 of size 512 next 80
2025-06-14 17:08:13.415366: I external/local_tsl/tsl/framework/bfc_allocator.cc:1095] InUse at 7f74f6e07900 of size 512 next 81
2025-06-14 17:08:13.415826: I external/local_tsl/tsl/framework/bfc_allocator.cc:1095] InUse at 7f74f6e07b00 of size 512 next 82
2025-06-14 17:08:13.416294: I external/local_tsl/tsl/framework/bfc_allocator.cc:1095] InUse at 7f74f6e07d00 of size 512 next 84
2025-06-14 17:08:13.416766: I external/local_tsl/tsl/framework/bfc_allocator.cc:1095] InUse at 7f74f6e07f00 of size 512 next 316
2025-06-14 17:08:13.417213: I external/local_tsl/tsl/framework/bfc_allocator.cc:1095] InUse at 7f74f6e08100 of size 512 next 86
2025-06-14 17:08:13.417733: I external/local_tsl/tsl/framework/bfc_allocator.cc:1095] InUse at 7f74f6e08300 of size 512 next 87
2025-06-14 17:08:13.418239: I external/local_tsl/tsl/framework/bfc_allocator.cc:1095] InUse at 7f74f6e08500 of size 512 next 88
2025-06-14 17:08:13.418739: I external/local_tsl/tsl/framework/bfc_allocator.cc:1095] InUse at 7f74f6e08700 of size 512 next 89
2025-06-14 17:08:13.419239: I external/local_tsl/tsl/framework/bfc_allocator.cc:1095] InUse at 7f74f6e08900 of size 256 next 321
2025-06-14 17:08:13.419787: I external/local_tsl/tsl/framework/bfc_allocator.cc:1095] InUse at 7f74f6e08a00 of size 256 next 323
2025-06-14 17:08:13.420343: I external/local_tsl/tsl/framework/bfc_allocator.cc:1095] InUse at 7f74f6e08b00 of size 256 next 324
2025-06-14 17:08:13.420850: I external/local_tsl/tsl/framework/bfc_allocator.cc:1095] InUse at 7f74f6e08c00 of size 256 next 92
2025-06-14 17:08:13.421382: I external/local_tsl/tsl/framework/bfc_allocator.cc:1095] InUse at 7f74f6e08d00 of size 256 next 93
2025-06-14 17:08:13.421892: I external/local_tsl/tsl/framework/bfc_allocator.cc:1095] InUse at 7f74f6e08e00 of size 256 next 94
2025-06-14 17:08:13.422436: I external/local_tsl/tsl/framework/bfc_allocator.cc:1095] InUse at 7f74f6e08f00 of size 256 next 97
2025-06-14 17:08:13.422888: I external/local_tsl/tsl/framework/bfc_allocator.cc:1095] InUse at 7f74f6e09000 of size 256 next 95
2025-06-14 17:08:13.423330: I external/local_tsl/tsl/framework/bfc_allocator.cc:1095] InUse at 7f74f6e09100 of size 256 next 96
2025-06-14 17:08:13.423770: I external/local_tsl/tsl/framework/bfc_allocator.cc:1095] InUse at 7f74f6e09200 of size 256 next 98
2025-06-14 17:08:13.424210: I external/local_tsl/tsl/framework/bfc_allocator.cc:1095] InUse at 7f74f6e09300 of size 256 next 101
2025-06-14 17:08:13.424653: I external/local_tsl/tsl/framework/bfc_allocator.cc:1095] InUse at 7f74f6e09400 of size 256 next 102
2025-06-14 17:08:13.425136: I external/local_tsl/tsl/framework/bfc_allocator.cc:1095] InUse at 7f74f6e09500 of size 256 next 103
2025-06-14 17:08:13.425619: I external/local_tsl/tsl/framework/bfc_allocator.cc:1095] InUse at 7f74f6e09600 of size 256 next 104
2025-06-14 17:08:13.426103: I external/local_tsl/tsl/framework/bfc_allocator.cc:1095] InUse at 7f74f6e09700 of size 256 next 105
2025-06-14 17:08:13.426572: I external/local_tsl/tsl/framework/bfc_allocator.cc:1095] Free  at 7f74f6e09800 of size 512 next 108
2025-06-14 17:08:13.427025: I external/local_tsl/tsl/framework/bfc_allocator.cc:1095] InUse at 7f74f6e09a00 of size 256 next 109
2025-06-14 17:08:13.427515: I external/local_tsl/tsl/framework/bfc_allocator.cc:1095] InUse at 7f74f6e09b00 of size 256 next 110
2025-06-14 17:08:13.427992: I external/local_tsl/tsl/framework/bfc_allocator.cc:1095] InUse at 7f74f6e09c00 of size 256 next 146
2025-06-14 17:08:13.428445: I external/local_tsl/tsl/framework/bfc_allocator.cc:1095] InUse at 7f74f6e09d00 of size 256 next 147
2025-06-14 17:08:13.428933: I external/local_tsl/tsl/framework/bfc_allocator.cc:1095] InUse at 7f74f6e09e00 of size 256 next 148
2025-06-14 17:08:13.429412: I external/local_tsl/tsl/framework/bfc_allocator.cc:1095] InUse at 7f74f6e09f00 of size 256 next 149
2025-06-14 17:08:13.429873: I external/local_tsl/tsl/framework/bfc_allocator.cc:1095] InUse at 7f74f6e0a000 of size 256 next 150
2025-06-14 17:08:13.430311: I external/local_tsl/tsl/framework/bfc_allocator.cc:1095] InUse at 7f74f6e0a100 of size 256 next 151
2025-06-14 17:08:13.430799: I external/local_tsl/tsl/framework/bfc_allocator.cc:1095] InUse at 7f74f6e0a200 of size 256 next 153
2025-06-14 17:08:13.431286: I external/local_tsl/tsl/framework/bfc_allocator.cc:1095] InUse at 7f74f6e0a300 of size 256 next 154
2025-06-14 17:08:13.431731: I external/local_tsl/tsl/framework/bfc_allocator.cc:1095] InUse at 7f74f6e0a400 of size 256 next 155
2025-06-14 17:08:13.432165: I external/local_tsl/tsl/framework/bfc_allocator.cc:1095] InUse at 7f74f6e0a500 of size 256 next 156
2025-06-14 17:08:13.432619: I external/local_tsl/tsl/framework/bfc_allocator.cc:1095] InUse at 7f74f6e0a600 of size 256 next 157
2025-06-14 17:08:13.433096: I external/local_tsl/tsl/framework/bfc_allocator.cc:1095] InUse at 7f74f6e0a700 of size 256 next 158
2025-06-14 17:08:13.433523: I external/local_tsl/tsl/framework/bfc_allocator.cc:1095] InUse at 7f74f6e0a800 of size 256 next 160
2025-06-14 17:08:13.434067: I external/local_tsl/tsl/framework/bfc_allocator.cc:1095] InUse at 7f74f6e0a900 of size 256 next 161
2025-06-14 17:08:13.434591: I external/local_tsl/tsl/framework/bfc_allocator.cc:1095] InUse at 7f74f6e0aa00 of size 256 next 162
2025-06-14 17:08:13.435150: I external/local_tsl/tsl/framework/bfc_allocator.cc:1095] InUse at 7f74f6e0ab00 of size 256 next 163
2025-06-14 17:08:13.435714: I external/local_tsl/tsl/framework/bfc_allocator.cc:1095] InUse at 7f74f6e0ac00 of size 256 next 164
2025-06-14 17:08:13.436152: I external/local_tsl/tsl/framework/bfc_allocator.cc:1095] InUse at 7f74f6e0ad00 of size 256 next 165
2025-06-14 17:08:13.436582: I external/local_tsl/tsl/framework/bfc_allocator.cc:1095] InUse at 7f74f6e0ae00 of size 512 next 167
2025-06-14 17:08:13.437063: I external/local_tsl/tsl/framework/bfc_allocator.cc:1095] InUse at 7f74f6e0b000 of size 512 next 168
2025-06-14 17:08:13.437516: I external/local_tsl/tsl/framework/bfc_allocator.cc:1095] InUse at 7f74f6e0b200 of size 512 next 169
2025-06-14 17:08:13.437956: I external/local_tsl/tsl/framework/bfc_allocator.cc:1095] InUse at 7f74f6e0b400 of size 512 next 170
2025-06-14 17:08:13.438445: I external/local_tsl/tsl/framework/bfc_allocator.cc:1095] InUse at 7f74f6e0b600 of size 512 next 171
2025-06-14 17:08:13.438908: I external/local_tsl/tsl/framework/bfc_allocator.cc:1095] InUse at 7f74f6e0b800 of size 512 next 172
2025-06-14 17:08:13.439351: I external/local_tsl/tsl/framework/bfc_allocator.cc:1095] InUse at 7f74f6e0ba00 of size 512 next 174
2025-06-14 17:08:13.439797: I external/local_tsl/tsl/framework/bfc_allocator.cc:1095] InUse at 7f74f6e0bc00 of size 512 next 175
2025-06-14 17:08:13.440247: I external/local_tsl/tsl/framework/bfc_allocator.cc:1095] InUse at 7f74f6e0be00 of size 512 next 176
2025-06-14 17:08:13.440677: I external/local_tsl/tsl/framework/bfc_allocator.cc:1095] InUse at 7f74f6e0c000 of size 512 next 177
2025-06-14 17:08:13.441110: I external/local_tsl/tsl/framework/bfc_allocator.cc:1095] InUse at 7f74f6e0c200 of size 512 next 178
2025-06-14 17:08:13.441541: I external/local_tsl/tsl/framework/bfc_allocator.cc:1095] InUse at 7f74f6e0c400 of size 512 next 179
2025-06-14 17:08:13.441979: I external/local_tsl/tsl/framework/bfc_allocator.cc:1095] InUse at 7f74f6e0c600 of size 1024 next 181
2025-06-14 17:08:13.442413: I external/local_tsl/tsl/framework/bfc_allocator.cc:1095] InUse at 7f74f6e0ca00 of size 1024 next 182
2025-06-14 17:08:13.442853: I external/local_tsl/tsl/framework/bfc_allocator.cc:1095] InUse at 7f74f6e0ce00 of size 1024 next 183
2025-06-14 17:08:13.443333: I external/local_tsl/tsl/framework/bfc_allocator.cc:1095] InUse at 7f74f6e0d200 of size 1024 next 184
2025-06-14 17:08:13.443811: I external/local_tsl/tsl/framework/bfc_allocator.cc:1095] InUse at 7f74f6e0d600 of size 1024 next 185
2025-06-14 17:08:13.444254: I external/local_tsl/tsl/framework/bfc_allocator.cc:1095] InUse at 7f74f6e0da00 of size 1024 next 186
2025-06-14 17:08:13.444711: I external/local_tsl/tsl/framework/bfc_allocator.cc:1095] InUse at 7f74f6e0de00 of size 1024 next 188
2025-06-14 17:08:13.445154: I external/local_tsl/tsl/framework/bfc_allocator.cc:1095] InUse at 7f74f6e0e200 of size 1024 next 189
2025-06-14 17:08:13.445622: I external/local_tsl/tsl/framework/bfc_allocator.cc:1095] InUse at 7f74f6e0e600 of size 1024 next 190
2025-06-14 17:08:13.446052: I external/local_tsl/tsl/framework/bfc_allocator.cc:1095] InUse at 7f74f6e0ea00 of size 1024 next 191
2025-06-14 17:08:13.446528: I external/local_tsl/tsl/framework/bfc_allocator.cc:1095] InUse at 7f74f6e0ee00 of size 1024 next 192
2025-06-14 17:08:13.446988: I external/local_tsl/tsl/framework/bfc_allocator.cc:1095] InUse at 7f74f6e0f200 of size 1024 next 193
2025-06-14 17:08:13.447436: I external/local_tsl/tsl/framework/bfc_allocator.cc:1095] InUse at 7f74f6e0f600 of size 512 next 196
2025-06-14 17:08:13.447866: I external/local_tsl/tsl/framework/bfc_allocator.cc:1095] InUse at 7f74f6e0f800 of size 512 next 197
2025-06-14 17:08:13.448289: I external/local_tsl/tsl/framework/bfc_allocator.cc:1095] InUse at 7f74f6e0fa00 of size 512 next 199
2025-06-14 17:08:13.448729: I external/local_tsl/tsl/framework/bfc_allocator.cc:1095] InUse at 7f74f6e0fc00 of size 512 next 200
2025-06-14 17:08:13.449175: I external/local_tsl/tsl/framework/bfc_allocator.cc:1095] InUse at 7f74f6e0fe00 of size 512 next 201
2025-06-14 17:08:13.449606: I external/local_tsl/tsl/framework/bfc_allocator.cc:1095] InUse at 7f74f6e10000 of size 512 next 202
2025-06-14 17:08:13.450060: I external/local_tsl/tsl/framework/bfc_allocator.cc:1095] InUse at 7f74f6e10200 of size 512 next 203
2025-06-14 17:08:13.450509: I external/local_tsl/tsl/framework/bfc_allocator.cc:1095] InUse at 7f74f6e10400 of size 512 next 204
2025-06-14 17:08:13.451068: I external/local_tsl/tsl/framework/bfc_allocator.cc:1095] InUse at 7f74f6e10600 of size 512 next 207
2025-06-14 17:08:13.451622: I external/local_tsl/tsl/framework/bfc_allocator.cc:1095] InUse at 7f74f6e10800 of size 512 next 208
2025-06-14 17:08:13.452039: I external/local_tsl/tsl/framework/bfc_allocator.cc:1095] InUse at 7f74f6e10a00 of size 512 next 209
2025-06-14 17:08:13.452455: I external/local_tsl/tsl/framework/bfc_allocator.cc:1095] InUse at 7f74f6e10c00 of size 512 next 210
2025-06-14 17:08:13.452885: I external/local_tsl/tsl/framework/bfc_allocator.cc:1095] InUse at 7f74f6e10e00 of size 512 next 211
2025-06-14 17:08:13.453313: I external/local_tsl/tsl/framework/bfc_allocator.cc:1095] InUse at 7f74f6e11000 of size 512 next 212
2025-06-14 17:08:13.453762: I external/local_tsl/tsl/framework/bfc_allocator.cc:1095] InUse at 7f74f6e11200 of size 256 next 215
2025-06-14 17:08:13.454206: I external/local_tsl/tsl/framework/bfc_allocator.cc:1095] InUse at 7f74f6e11300 of size 256 next 216
2025-06-14 17:08:13.454662: I external/local_tsl/tsl/framework/bfc_allocator.cc:1095] InUse at 7f74f6e11400 of size 256 next 219
2025-06-14 17:08:13.455097: I external/local_tsl/tsl/framework/bfc_allocator.cc:1095] InUse at 7f74f6e11500 of size 256 next 220
2025-06-14 17:08:13.455574: I external/local_tsl/tsl/framework/bfc_allocator.cc:1095] InUse at 7f74f6e11600 of size 256 next 221
2025-06-14 17:08:13.456019: I external/local_tsl/tsl/framework/bfc_allocator.cc:1095] InUse at 7f74f6e11700 of size 256 next 222
2025-06-14 17:08:13.456455: I external/local_tsl/tsl/framework/bfc_allocator.cc:1095] InUse at 7f74f6e11800 of size 256 next 223
2025-06-14 17:08:13.456922: I external/local_tsl/tsl/framework/bfc_allocator.cc:1095] InUse at 7f74f6e11900 of size 256 next 224
2025-06-14 17:08:13.457366: I external/local_tsl/tsl/framework/bfc_allocator.cc:1095] InUse at 7f74f6e11a00 of size 256 next 227
2025-06-14 17:08:13.457813: I external/local_tsl/tsl/framework/bfc_allocator.cc:1095] InUse at 7f74f6e11b00 of size 256 next 228
2025-06-14 17:08:13.458392: I external/local_tsl/tsl/framework/bfc_allocator.cc:1095] InUse at 7f74f6e11c00 of size 256 next 229
2025-06-14 17:08:13.458945: I external/local_tsl/tsl/framework/bfc_allocator.cc:1095] InUse at 7f74f6e11d00 of size 256 next 230
2025-06-14 17:08:13.459543: I external/local_tsl/tsl/framework/bfc_allocator.cc:1095] InUse at 7f74f6e11e00 of size 256 next 231
2025-06-14 17:08:13.460069: I external/local_tsl/tsl/framework/bfc_allocator.cc:1095] InUse at 7f74f6e11f00 of size 256 next 232
2025-06-14 17:08:13.460611: I external/local_tsl/tsl/framework/bfc_allocator.cc:1095] InUse at 7f74f6e12000 of size 65536 next 233
2025-06-14 17:08:13.461129: I external/local_tsl/tsl/framework/bfc_allocator.cc:1095] InUse at 7f74f6e22000 of size 95232 next 19
2025-06-14 17:08:13.461643: I external/local_tsl/tsl/framework/bfc_allocator.cc:1095] InUse at 7f74f6e39400 of size 110592 next 18
2025-06-14 17:08:13.462072: I external/local_tsl/tsl/framework/bfc_allocator.cc:1095] InUse at 7f74f6e54400 of size 65536 next 115
2025-06-14 17:08:13.462424: I external/local_tsl/tsl/framework/bfc_allocator.cc:1095] InUse at 7f74f6e64400 of size 256 next 112
2025-06-14 17:08:13.462907: I external/local_tsl/tsl/framework/bfc_allocator.cc:1095] InUse at 7f74f6e64500 of size 256 next 114
2025-06-14 17:08:13.463341: I external/local_tsl/tsl/framework/bfc_allocator.cc:1095] InUse at 7f74f6e64600 of size 256 next 113
2025-06-14 17:08:13.463808: I external/local_tsl/tsl/framework/bfc_allocator.cc:1095] InUse at 7f74f6e64700 of size 256 next 111
2025-06-14 17:08:13.464240: I external/local_tsl/tsl/framework/bfc_allocator.cc:1095] InUse at 7f74f6e64800 of size 256 next 117
2025-06-14 17:08:13.464715: I external/local_tsl/tsl/framework/bfc_allocator.cc:1095] InUse at 7f74f6e64900 of size 256 next 118
2025-06-14 17:08:13.465158: I external/local_tsl/tsl/framework/bfc_allocator.cc:1095] InUse at 7f74f6e64a00 of size 256 next 120
2025-06-14 17:08:13.465611: I external/local_tsl/tsl/framework/bfc_allocator.cc:1095] InUse at 7f74f6e64b00 of size 256 next 119
2025-06-14 17:08:13.466034: I external/local_tsl/tsl/framework/bfc_allocator.cc:1095] InUse at 7f74f6e64c00 of size 256 next 121
2025-06-14 17:08:13.466502: I external/local_tsl/tsl/framework/bfc_allocator.cc:1095] InUse at 7f74f6e64d00 of size 256 next 123
2025-06-14 17:08:13.467009: I external/local_tsl/tsl/framework/bfc_allocator.cc:1095] InUse at 7f74f6e64e00 of size 256 next 124
2025-06-14 17:08:13.467527: I external/local_tsl/tsl/framework/bfc_allocator.cc:1095] InUse at 7f74f6e64f00 of size 256 next 125
2025-06-14 17:08:13.468038: I external/local_tsl/tsl/framework/bfc_allocator.cc:1095] InUse at 7f74f6e65000 of size 256 next 126
2025-06-14 17:08:13.468502: I external/local_tsl/tsl/framework/bfc_allocator.cc:1095] InUse at 7f74f6e65100 of size 256 next 128
2025-06-14 17:08:13.468916: I external/local_tsl/tsl/framework/bfc_allocator.cc:1095] InUse at 7f74f6e65200 of size 256 next 127
2025-06-14 17:08:13.469333: I external/local_tsl/tsl/framework/bfc_allocator.cc:1095] InUse at 7f74f6e65300 of size 256 next 129
2025-06-14 17:08:13.469755: I external/local_tsl/tsl/framework/bfc_allocator.cc:1095] InUse at 7f74f6e65400 of size 256 next 130
2025-06-14 17:08:13.470176: I external/local_tsl/tsl/framework/bfc_allocator.cc:1095] InUse at 7f74f6e65500 of size 256 next 131
2025-06-14 17:08:13.470603: I external/local_tsl/tsl/framework/bfc_allocator.cc:1095] InUse at 7f74f6e65600 of size 256 next 132
2025-06-14 17:08:13.471021: I external/local_tsl/tsl/framework/bfc_allocator.cc:1095] InUse at 7f74f6e65700 of size 256 next 133
2025-06-14 17:08:13.471445: I external/local_tsl/tsl/framework/bfc_allocator.cc:1095] InUse at 7f74f6e65800 of size 256 next 137
2025-06-14 17:08:13.471872: I external/local_tsl/tsl/framework/bfc_allocator.cc:1095] InUse at 7f74f6e65900 of size 256 next 136
2025-06-14 17:08:13.472281: I external/local_tsl/tsl/framework/bfc_allocator.cc:1095] InUse at 7f74f6e65a00 of size 3584 next 138
2025-06-14 17:08:13.472761: I external/local_tsl/tsl/framework/bfc_allocator.cc:1095] InUse at 7f74f6e66800 of size 3584 next 139
2025-06-14 17:08:13.473263: I external/local_tsl/tsl/framework/bfc_allocator.cc:1095] InUse at 7f74f6e67600 of size 256 next 140
2025-06-14 17:08:13.473765: I external/local_tsl/tsl/framework/bfc_allocator.cc:1095] InUse at 7f74f6e67700 of size 256 next 141
2025-06-14 17:08:13.474180: I external/local_tsl/tsl/framework/bfc_allocator.cc:1095] InUse at 7f74f6e67800 of size 256 next 142
2025-06-14 17:08:13.474587: I external/local_tsl/tsl/framework/bfc_allocator.cc:1095] InUse at 7f74f6e67900 of size 256 next 143
2025-06-14 17:08:13.475034: I external/local_tsl/tsl/framework/bfc_allocator.cc:1095] InUse at 7f74f6e67a00 of size 256 next 144
2025-06-14 17:08:13.475486: I external/local_tsl/tsl/framework/bfc_allocator.cc:1095] InUse at 7f74f6e67b00 of size 256 next 145
2025-06-14 17:08:13.475927: I external/local_tsl/tsl/framework/bfc_allocator.cc:1095] InUse at 7f74f6e67c00 of size 141312 next 27
2025-06-14 17:08:13.476256: I external/local_tsl/tsl/framework/bfc_allocator.cc:1095] InUse at 7f74f6e8a400 of size 221184 next 26
2025-06-14 17:08:13.476604: I external/local_tsl/tsl/framework/bfc_allocator.cc:1095] InUse at 7f74f6ec0400 of size 442368 next 159
2025-06-14 17:08:13.476964: I external/local_tsl/tsl/framework/bfc_allocator.cc:1095] InUse at 7f74f6f2c400 of size 867328 next 18446744073709551615
2025-06-14 17:08:13.477314: I external/local_tsl/tsl/framework/bfc_allocator.cc:1075] Next region of size 4194304
2025-06-14 17:08:13.477762: I external/local_tsl/tsl/framework/bfc_allocator.cc:1095] InUse at 7f74f7400000 of size 442368 next 37
2025-06-14 17:08:13.478130: I external/local_tsl/tsl/framework/bfc_allocator.cc:1095] InUse at 7f74f746c000 of size 221184 next 116
2025-06-14 17:08:13.478485: I external/local_tsl/tsl/framework/bfc_allocator.cc:1095] InUse at 7f74f74a2000 of size 110592 next 122
2025-06-14 17:08:13.478867: I external/local_tsl/tsl/framework/bfc_allocator.cc:1095] InUse at 7f74f74bd000 of size 192512 next 99
2025-06-14 17:08:13.479212: I external/local_tsl/tsl/framework/bfc_allocator.cc:1095] InUse at 7f74f74ec000 of size 360448 next 44
2025-06-14 17:08:13.479610: I external/local_tsl/tsl/framework/bfc_allocator.cc:1095] InUse at 7f74f7544000 of size 884736 next 43
2025-06-14 17:08:13.479962: I external/local_tsl/tsl/framework/bfc_allocator.cc:1095] InUse at 7f74f761c000 of size 1982464 next 18446744073709551615
2025-06-14 17:08:13.480294: I external/local_tsl/tsl/framework/bfc_allocator.cc:1075] Next region of size 8388608
2025-06-14 17:08:13.480703: I external/local_tsl/tsl/framework/bfc_allocator.cc:1095] InUse at 7f74f7800000 of size 884736 next 166
2025-06-14 17:08:13.481036: I external/local_tsl/tsl/framework/bfc_allocator.cc:1095] InUse at 7f74f78d8000 of size 884736 next 54
2025-06-14 17:08:13.481364: I external/local_tsl/tsl/framework/bfc_allocator.cc:1095] InUse at 7f74f79b0000 of size 1769472 next 52
2025-06-14 17:08:13.481701: I external/local_tsl/tsl/framework/bfc_allocator.cc:1095] InUse at 7f74f7b60000 of size 4849664 next 18446744073709551615
2025-06-14 17:08:13.482016: I external/local_tsl/tsl/framework/bfc_allocator.cc:1100]      Summary of in-use Chunks by size: 
2025-06-14 17:08:13.482470: I external/local_tsl/tsl/framework/bfc_allocator.cc:1103] 155 Chunks of size 256 totalling 38.8KiB
2025-06-14 17:08:13.482904: I external/local_tsl/tsl/framework/bfc_allocator.cc:1103] 54 Chunks of size 512 totalling 27.0KiB
2025-06-14 17:08:13.483428: I external/local_tsl/tsl/framework/bfc_allocator.cc:1103] 1 Chunks of size 768 totalling 768B
2025-06-14 17:08:13.483875: I external/local_tsl/tsl/framework/bfc_allocator.cc:1103] 26 Chunks of size 1024 totalling 26.0KiB
2025-06-14 17:08:13.484330: I external/local_tsl/tsl/framework/bfc_allocator.cc:1103] 1 Chunks of size 1280 totalling 1.2KiB
2025-06-14 17:08:13.484781: I external/local_tsl/tsl/framework/bfc_allocator.cc:1103] 3 Chunks of size 3584 totalling 10.5KiB
2025-06-14 17:08:13.485209: I external/local_tsl/tsl/framework/bfc_allocator.cc:1103] 2 Chunks of size 65536 totalling 128.0KiB
2025-06-14 17:08:13.485637: I external/local_tsl/tsl/framework/bfc_allocator.cc:1103] 1 Chunks of size 95232 totalling 93.0KiB
2025-06-14 17:08:13.486082: I external/local_tsl/tsl/framework/bfc_allocator.cc:1103] 4 Chunks of size 110592 totalling 432.0KiB
2025-06-14 17:08:13.486522: I external/local_tsl/tsl/framework/bfc_allocator.cc:1103] 1 Chunks of size 141312 totalling 138.0KiB
2025-06-14 17:08:13.486929: I external/local_tsl/tsl/framework/bfc_allocator.cc:1103] 1 Chunks of size 192512 totalling 188.0KiB
2025-06-14 17:08:13.487348: I external/local_tsl/tsl/framework/bfc_allocator.cc:1103] 6 Chunks of size 221184 totalling 1.27MiB
2025-06-14 17:08:13.487819: I external/local_tsl/tsl/framework/bfc_allocator.cc:1103] 2 Chunks of size 262144 totalling 512.0KiB
2025-06-14 17:08:13.488265: I external/local_tsl/tsl/framework/bfc_allocator.cc:1103] 1 Chunks of size 360448 totalling 352.0KiB
2025-06-14 17:08:13.488677: I external/local_tsl/tsl/framework/bfc_allocator.cc:1103] 5 Chunks of size 442368 totalling 2.11MiB
2025-06-14 17:08:13.489095: I external/local_tsl/tsl/framework/bfc_allocator.cc:1103] 1 Chunks of size 867328 totalling 847.0KiB
2025-06-14 17:08:13.489544: I external/local_tsl/tsl/framework/bfc_allocator.cc:1103] 6 Chunks of size 884736 totalling 5.06MiB
2025-06-14 17:08:13.489995: I external/local_tsl/tsl/framework/bfc_allocator.cc:1103] 2 Chunks of size 1048576 totalling 2.00MiB
2025-06-14 17:08:13.490434: I external/local_tsl/tsl/framework/bfc_allocator.cc:1103] 6 Chunks of size 1769472 totalling 10.12MiB
2025-06-14 17:08:13.490888: I external/local_tsl/tsl/framework/bfc_allocator.cc:1103] 1 Chunks of size 1982464 totalling 1.89MiB
2025-06-14 17:08:13.491352: I external/local_tsl/tsl/framework/bfc_allocator.cc:1103] 4 Chunks of size 3538944 totalling 13.50MiB
2025-06-14 17:08:13.491802: I external/local_tsl/tsl/framework/bfc_allocator.cc:1103] 1 Chunks of size 4063232 totalling 3.88MiB
2025-06-14 17:08:13.492247: I external/local_tsl/tsl/framework/bfc_allocator.cc:1103] 1 Chunks of size 4849664 totalling 4.62MiB
2025-06-14 17:08:13.492691: I external/local_tsl/tsl/framework/bfc_allocator.cc:1103] 2 Chunks of size 7077888 totalling 13.50MiB
2025-06-14 17:08:13.493118: I external/local_tsl/tsl/framework/bfc_allocator.cc:1103] 1 Chunks of size 12320768 totalling 11.75MiB
2025-06-14 17:08:13.493484: I external/local_tsl/tsl/framework/bfc_allocator.cc:1103] 2 Chunks of size 15138816 totalling 28.88MiB
2025-06-14 17:08:13.493833: I external/local_tsl/tsl/framework/bfc_allocator.cc:1103] 4 Chunks of size 30277632 totalling 115.50MiB
2025-06-14 17:08:13.494153: I external/local_tsl/tsl/framework/bfc_allocator.cc:1103] 2 Chunks of size 60555264 totalling 115.50MiB
2025-06-14 17:08:13.494517: I external/local_tsl/tsl/framework/bfc_allocator.cc:1103] 1 Chunks of size 73662464 totalling 70.25MiB
2025-06-14 17:08:13.494856: I external/local_tsl/tsl/framework/bfc_allocator.cc:1103] 1 Chunks of size 116654080 totalling 111.25MiB
2025-06-14 17:08:13.495170: I external/local_tsl/tsl/framework/bfc_allocator.cc:1103] 6 Chunks of size 121110528 totalling 693.00MiB
2025-06-14 17:08:13.495501: I external/local_tsl/tsl/framework/bfc_allocator.cc:1103] 2 Chunks of size 209715200 totalling 400.00MiB
2025-06-14 17:08:13.495853: I external/local_tsl/tsl/framework/bfc_allocator.cc:1103] 3 Chunks of size 242221056 totalling 693.00MiB
2025-06-14 17:08:13.496191: I external/local_tsl/tsl/framework/bfc_allocator.cc:1103] 8 Chunks of size 484442112 totalling 3.61GiB
2025-06-14 17:08:13.496647: I external/local_tsl/tsl/framework/bfc_allocator.cc:1103] 1 Chunks of size 968884224 totalling 924.00MiB
2025-06-14 17:08:13.497067: I external/local_tsl/tsl/framework/bfc_allocator.cc:1103] 6 Chunks of size 1937768448 totalling 10.83GiB
2025-06-14 17:08:13.497603: I external/local_tsl/tsl/framework/bfc_allocator.cc:1107] Sum Total of in-use chunks: 17.58GiB
2025-06-14 17:08:13.498233: I external/local_tsl/tsl/framework/bfc_allocator.cc:1109] Total bytes in pool: 23575789568 memory_limit_: 23575789568 available bytes: 0 curr_region_allocation_bytes_: 34359738368
2025-06-14 17:08:13.498580: I external/local_tsl/tsl/framework/bfc_allocator.cc:1114] Stats: 
Limit:                     23575789568
InUse:                     18882554112
MaxInUse:                  22800760320
NumAllocs:                         912
MaxAllocSize:               4135495424
Reserved:                            0
PeakReserved:                        0
LargestFreeBlock:                    0

2025-06-14 17:08:13.498996: W external/local_tsl/tsl/framework/bfc_allocator.cc:497] ________*********________************************************_**************************************
2025-06-14 17:08:13.499426: W tensorflow/core/framework/op_kernel.cc:1839] OP_REQUIRES failed at concat_op.cc:165 : RESOURCE_EXHAUSTED: OOM when allocating tensor with shape[2,64,192,224,176] and type float on /job:localhost/replica:0/task:0/device:GPU:0 by allocator GPU_0_bfc
Traceback (most recent call last):
  File "/mnt/beegfs/hellgate/home/rb194958e/stroke_segmentation_sota/batch_wise_train.py", line 277, in <module>
    if main():
       ^^^^^^
  File "/mnt/beegfs/hellgate/home/rb194958e/stroke_segmentation_sota/batch_wise_train.py", line 256, in main
    history = model.fit(
              ^^^^^^^^^^
  File "/mnt/beegfs/hellgate/home/rb194958e/.conda/envs/tf215_env/lib/python3.11/site-packages/keras/src/utils/traceback_utils.py", line 70, in error_handler
    raise e.with_traceback(filtered_tb) from None
  File "/mnt/beegfs/hellgate/home/rb194958e/.conda/envs/tf215_env/lib/python3.11/site-packages/tensorflow/python/eager/execute.py", line 53, in quick_execute
    tensors = pywrap_tfe.TFE_Py_Execute(ctx._handle, device_name, op_name,
  ^^^^^^^^^^^^^^^^^^^^^^^^^^^^^^^^^^^^^^^^^^^^^^^^^^^^^^^^^^^^^^^^^^^^^^^^
tensorflow.python.framework.errors_impl.ResourceExhaustedError: Graph execution error:

Detected at node model/concatenate_2/concat defined at (most recent call last):
  File "/mnt/beegfs/hellgate/home/rb194958e/stroke_segmentation_sota/batch_wise_train.py", line 277, in <module>

  File "/mnt/beegfs/hellgate/home/rb194958e/stroke_segmentation_sota/batch_wise_train.py", line 256, in main

  File "/mnt/beegfs/hellgate/home/rb194958e/.conda/envs/tf215_env/lib/python3.11/site-packages/keras/src/utils/traceback_utils.py", line 65, in error_handler

  File "/mnt/beegfs/hellgate/home/rb194958e/.conda/envs/tf215_env/lib/python3.11/site-packages/keras/src/engine/training.py", line 1807, in fit

  File "/mnt/beegfs/hellgate/home/rb194958e/.conda/envs/tf215_env/lib/python3.11/site-packages/keras/src/engine/training.py", line 1401, in train_function

  File "/mnt/beegfs/hellgate/home/rb194958e/.conda/envs/tf215_env/lib/python3.11/site-packages/keras/src/engine/training.py", line 1384, in step_function

  File "/mnt/beegfs/hellgate/home/rb194958e/.conda/envs/tf215_env/lib/python3.11/site-packages/keras/src/engine/training.py", line 1373, in run_step

  File "/mnt/beegfs/hellgate/home/rb194958e/.conda/envs/tf215_env/lib/python3.11/site-packages/keras/src/engine/training.py", line 1150, in train_step

  File "/mnt/beegfs/hellgate/home/rb194958e/.conda/envs/tf215_env/lib/python3.11/site-packages/keras/src/utils/traceback_utils.py", line 65, in error_handler

  File "/mnt/beegfs/hellgate/home/rb194958e/.conda/envs/tf215_env/lib/python3.11/site-packages/keras/src/engine/training.py", line 590, in __call__

  File "/mnt/beegfs/hellgate/home/rb194958e/.conda/envs/tf215_env/lib/python3.11/site-packages/keras/src/utils/traceback_utils.py", line 65, in error_handler

  File "/mnt/beegfs/hellgate/home/rb194958e/.conda/envs/tf215_env/lib/python3.11/site-packages/keras/src/engine/base_layer.py", line 1149, in __call__

  File "/mnt/beegfs/hellgate/home/rb194958e/.conda/envs/tf215_env/lib/python3.11/site-packages/keras/src/utils/traceback_utils.py", line 96, in error_handler

  File "/mnt/beegfs/hellgate/home/rb194958e/.conda/envs/tf215_env/lib/python3.11/site-packages/keras/src/engine/functional.py", line 515, in call

  File "/mnt/beegfs/hellgate/home/rb194958e/.conda/envs/tf215_env/lib/python3.11/site-packages/keras/src/engine/functional.py", line 672, in _run_internal_graph

  File "/mnt/beegfs/hellgate/home/rb194958e/.conda/envs/tf215_env/lib/python3.11/site-packages/keras/src/utils/traceback_utils.py", line 65, in error_handler

  File "/mnt/beegfs/hellgate/home/rb194958e/.conda/envs/tf215_env/lib/python3.11/site-packages/keras/src/engine/base_layer.py", line 1149, in __call__

  File "/mnt/beegfs/hellgate/home/rb194958e/.conda/envs/tf215_env/lib/python3.11/site-packages/keras/src/utils/traceback_utils.py", line 96, in error_handler

  File "/mnt/beegfs/hellgate/home/rb194958e/.conda/envs/tf215_env/lib/python3.11/site-packages/keras/src/layers/merging/base_merge.py", line 196, in call

  File "/mnt/beegfs/hellgate/home/rb194958e/.conda/envs/tf215_env/lib/python3.11/site-packages/keras/src/layers/merging/concatenate.py", line 134, in _merge_function

  File "/mnt/beegfs/hellgate/home/rb194958e/.conda/envs/tf215_env/lib/python3.11/site-packages/keras/src/backend.py", line 3580, in concatenate

OOM when allocating tensor with shape[2,64,192,224,176] and type float on /job:localhost/replica:0/task:0/device:GPU:0 by allocator GPU_0_bfc
	 [[{{node model/concatenate_2/concat}}]]
Hint: If you want to see a list of allocated tensors when OOM happens, add report_tensor_allocations_upon_oom to RunOptions for current allocation info. This isn't available when running in Eager mode.
 [Op:__inference_train_function_7309]
2025-06-14 17:08:13.661280: W tensorflow/core/kernels/data/generator_dataset_op.cc:108] Error occurred when finalizing GeneratorDataset iterator: FAILED_PRECONDITION: Python interpreter state is not initialized. The process may be terminated.
	 [[{{node PyFunc}}]]
/var/spool/slurmd/job1123891/slurm_script: line 320: EOF: command not found
/var/spool/slurmd/job1123891/slurm_script: line 330: unexpected EOF while looking for matching ``'
/var/spool/slurmd/job1123891/slurm_script: line 339: syntax error: unexpected end of file
