2025-06-14 10:28:21.195448: I tensorflow/core/util/port.cc:113] oneDNN custom operations are on. You may see slightly different numerical results due to floating-point round-off errors from different computation orders. To turn them off, set the environment variable `TF_ENABLE_ONEDNN_OPTS=0`.
2025-06-14 10:28:21.760770: E external/local_xla/xla/stream_executor/cuda/cuda_dnn.cc:9261] Unable to register cuDNN factory: Attempting to register factory for plugin cuDNN when one has already been registered
2025-06-14 10:28:21.761491: E external/local_xla/xla/stream_executor/cuda/cuda_fft.cc:607] Unable to register cuFFT factory: Attempting to register factory for plugin cuFFT when one has already been registered
2025-06-14 10:28:21.876815: E external/local_xla/xla/stream_executor/cuda/cuda_blas.cc:1515] Unable to register cuBLAS factory: Attempting to register factory for plugin cuBLAS when one has already been registered
2025-06-14 10:28:22.116741: I tensorflow/core/platform/cpu_feature_guard.cc:182] This TensorFlow binary is optimized to use available CPU instructions in performance-critical operations.
To enable the following instructions: AVX2 AVX512F AVX512_VNNI FMA, in other operations, rebuild TensorFlow with the appropriate compiler flags.
2025-06-14 10:28:28.708672: W tensorflow/compiler/tf2tensorrt/utils/py_utils.cc:38] TF-TRT Warning: Could not find TensorRT
INFO:__main__:🚀 Starting Stroke Lesion Segmentation Training
INFO:__main__:Using 1 GPU(s)
INFO:__main__:Creating data generators...
INFO:__main__:Found 655 valid image/mask pairs
INFO:__main__:Found 655 valid image/mask pairs
INFO:__main__:Training batches: 262
INFO:__main__:Validation batches: 65
INFO:__main__:Building model...
2025-06-14 10:28:42.900970: I tensorflow/core/common_runtime/gpu/gpu_device.cc:1929] Created device /job:localhost/replica:0/task:0/device:GPU:0 with 22483 MB memory:  -> device: 0, name: NVIDIA RTX 4500 Ada Generation, pci bus id: 0000:1c:00.0, compute capability: 8.9
INFO:__main__:Model parameters: 5,605,345
INFO:__main__:Starting training...
pixdim[0] (qfac) should be 1 (default) or -1; setting qfac to 1
INFO:nibabel.global:pixdim[0] (qfac) should be 1 (default) or -1; setting qfac to 1
pixdim[0] (qfac) should be 1 (default) or -1; setting qfac to 1
INFO:nibabel.global:pixdim[0] (qfac) should be 1 (default) or -1; setting qfac to 1
pixdim[0] (qfac) should be 1 (default) or -1; setting qfac to 1
INFO:nibabel.global:pixdim[0] (qfac) should be 1 (default) or -1; setting qfac to 1
pixdim[0] (qfac) should be 1 (default) or -1; setting qfac to 1
INFO:nibabel.global:pixdim[0] (qfac) should be 1 (default) or -1; setting qfac to 1
2025-06-14 10:28:50.536712: I external/local_xla/xla/stream_executor/cuda/cuda_dnn.cc:454] Loaded cuDNN version 8907
pixdim[0] (qfac) should be 1 (default) or -1; setting qfac to 1
INFO:nibabel.global:pixdim[0] (qfac) should be 1 (default) or -1; setting qfac to 1
pixdim[0] (qfac) should be 1 (default) or -1; setting qfac to 1
INFO:nibabel.global:pixdim[0] (qfac) should be 1 (default) or -1; setting qfac to 1
pixdim[0] (qfac) should be 1 (default) or -1; setting qfac to 1
INFO:nibabel.global:pixdim[0] (qfac) should be 1 (default) or -1; setting qfac to 1
pixdim[0] (qfac) should be 1 (default) or -1; setting qfac to 1
INFO:nibabel.global:pixdim[0] (qfac) should be 1 (default) or -1; setting qfac to 1
2025-06-14 10:29:07.023993: W external/local_tsl/tsl/framework/bfc_allocator.cc:296] Allocator (GPU_0_bfc) ran out of memory trying to allocate 2.27GiB with freed_by_count=0. The caller indicates that this is not a failure, but this may mean that there could be performance gains if more memory were available.
2025-06-14 10:29:07.125238: W external/local_tsl/tsl/framework/bfc_allocator.cc:296] Allocator (GPU_0_bfc) ran out of memory trying to allocate 2.30GiB with freed_by_count=0. The caller indicates that this is not a failure, but this may mean that there could be performance gains if more memory were available.
2025-06-14 10:29:07.125943: W external/local_tsl/tsl/framework/bfc_allocator.cc:296] Allocator (GPU_0_bfc) ran out of memory trying to allocate 2.27GiB with freed_by_count=0. The caller indicates that this is not a failure, but this may mean that there could be performance gains if more memory were available.
2025-06-14 10:29:07.745811: W external/local_tsl/tsl/framework/bfc_allocator.cc:296] Allocator (GPU_0_bfc) ran out of memory trying to allocate 2.27GiB with freed_by_count=0. The caller indicates that this is not a failure, but this may mean that there could be performance gains if more memory were available.
2025-06-14 10:29:07.799206: W external/local_tsl/tsl/framework/bfc_allocator.cc:296] Allocator (GPU_0_bfc) ran out of memory trying to allocate 2.30GiB with freed_by_count=0. The caller indicates that this is not a failure, but this may mean that there could be performance gains if more memory were available.
2025-06-14 10:29:07.800049: W external/local_tsl/tsl/framework/bfc_allocator.cc:296] Allocator (GPU_0_bfc) ran out of memory trying to allocate 2.27GiB with freed_by_count=0. The caller indicates that this is not a failure, but this may mean that there could be performance gains if more memory were available.
2025-06-14 10:29:18.421691: W external/local_tsl/tsl/framework/bfc_allocator.cc:485] Allocator (GPU_0_bfc) ran out of memory trying to allocate 3.61GiB (rounded to 3875536896)requested by op model/concatenate_2/concat
If the cause is memory fragmentation maybe the environment variable 'TF_GPU_ALLOCATOR=cuda_malloc_async' will improve the situation. 
Current allocation summary follows.
Current allocation summary follows.
2025-06-14 10:29:18.422515: I external/local_tsl/tsl/framework/bfc_allocator.cc:1039] BFCAllocator dump for GPU_0_bfc
2025-06-14 10:29:18.423047: I external/local_tsl/tsl/framework/bfc_allocator.cc:1046] Bin (256): 	Total Chunks: 155, Chunks in use: 155. 38.8KiB allocated for chunks. 38.8KiB in use in bin. 20.7KiB client-requested in use in bin.
2025-06-14 10:29:18.423588: I external/local_tsl/tsl/framework/bfc_allocator.cc:1046] Bin (512): 	Total Chunks: 56, Chunks in use: 55. 28.0KiB allocated for chunks. 27.5KiB in use in bin. 27.5KiB client-requested in use in bin.
2025-06-14 10:29:18.424172: I external/local_tsl/tsl/framework/bfc_allocator.cc:1046] Bin (1024): 	Total Chunks: 27, Chunks in use: 27. 27.2KiB allocated for chunks. 27.2KiB in use in bin. 27.0KiB client-requested in use in bin.
2025-06-14 10:29:18.424647: I external/local_tsl/tsl/framework/bfc_allocator.cc:1046] Bin (2048): 	Total Chunks: 3, Chunks in use: 3. 10.5KiB allocated for chunks. 10.5KiB in use in bin. 10.1KiB client-requested in use in bin.
2025-06-14 10:29:18.425066: I external/local_tsl/tsl/framework/bfc_allocator.cc:1046] Bin (4096): 	Total Chunks: 0, Chunks in use: 0. 0B allocated for chunks. 0B in use in bin. 0B client-requested in use in bin.
2025-06-14 10:29:18.425455: I external/local_tsl/tsl/framework/bfc_allocator.cc:1046] Bin (8192): 	Total Chunks: 0, Chunks in use: 0. 0B allocated for chunks. 0B in use in bin. 0B client-requested in use in bin.
2025-06-14 10:29:18.425846: I external/local_tsl/tsl/framework/bfc_allocator.cc:1046] Bin (16384): 	Total Chunks: 0, Chunks in use: 0. 0B allocated for chunks. 0B in use in bin. 0B client-requested in use in bin.
2025-06-14 10:29:18.426280: I external/local_tsl/tsl/framework/bfc_allocator.cc:1046] Bin (32768): 	Total Chunks: 0, Chunks in use: 0. 0B allocated for chunks. 0B in use in bin. 0B client-requested in use in bin.
2025-06-14 10:29:18.426633: I external/local_tsl/tsl/framework/bfc_allocator.cc:1046] Bin (65536): 	Total Chunks: 7, Chunks in use: 7. 653.0KiB allocated for chunks. 653.0KiB in use in bin. 624.0KiB client-requested in use in bin.
2025-06-14 10:29:18.427001: I external/local_tsl/tsl/framework/bfc_allocator.cc:1046] Bin (131072): 	Total Chunks: 8, Chunks in use: 8. 1.58MiB allocated for chunks. 1.58MiB in use in bin. 1.48MiB client-requested in use in bin.
2025-06-14 10:29:18.427368: I external/local_tsl/tsl/framework/bfc_allocator.cc:1046] Bin (262144): 	Total Chunks: 8, Chunks in use: 8. 2.95MiB allocated for chunks. 2.95MiB in use in bin. 2.86MiB client-requested in use in bin.
2025-06-14 10:29:18.427733: I external/local_tsl/tsl/framework/bfc_allocator.cc:1046] Bin (524288): 	Total Chunks: 7, Chunks in use: 7. 5.89MiB allocated for chunks. 5.89MiB in use in bin. 5.48MiB client-requested in use in bin.
2025-06-14 10:29:18.428145: I external/local_tsl/tsl/framework/bfc_allocator.cc:1046] Bin (1048576): 	Total Chunks: 9, Chunks in use: 9. 14.02MiB allocated for chunks. 14.02MiB in use in bin. 13.12MiB client-requested in use in bin.
2025-06-14 10:29:18.428615: I external/local_tsl/tsl/framework/bfc_allocator.cc:1046] Bin (2097152): 	Total Chunks: 5, Chunks in use: 5. 17.38MiB allocated for chunks. 17.38MiB in use in bin. 16.88MiB client-requested in use in bin.
2025-06-14 10:29:18.429052: I external/local_tsl/tsl/framework/bfc_allocator.cc:1046] Bin (4194304): 	Total Chunks: 3, Chunks in use: 3. 18.12MiB allocated for chunks. 18.12MiB in use in bin. 16.88MiB client-requested in use in bin.
2025-06-14 10:29:18.429499: I external/local_tsl/tsl/framework/bfc_allocator.cc:1046] Bin (8388608): 	Total Chunks: 3, Chunks in use: 3. 40.62MiB allocated for chunks. 40.62MiB in use in bin. 35.62MiB client-requested in use in bin.
2025-06-14 10:29:18.430061: I external/local_tsl/tsl/framework/bfc_allocator.cc:1046] Bin (16777216): 	Total Chunks: 5, Chunks in use: 4. 140.19MiB allocated for chunks. 115.50MiB in use in bin. 115.50MiB client-requested in use in bin.
2025-06-14 10:29:18.430512: I external/local_tsl/tsl/framework/bfc_allocator.cc:1046] Bin (33554432): 	Total Chunks: 2, Chunks in use: 2. 115.50MiB allocated for chunks. 115.50MiB in use in bin. 115.50MiB client-requested in use in bin.
2025-06-14 10:29:18.430911: I external/local_tsl/tsl/framework/bfc_allocator.cc:1046] Bin (67108864): 	Total Chunks: 8, Chunks in use: 8. 874.50MiB allocated for chunks. 874.50MiB in use in bin. 808.50MiB client-requested in use in bin.
2025-06-14 10:29:18.431334: I external/local_tsl/tsl/framework/bfc_allocator.cc:1046] Bin (134217728): 	Total Chunks: 5, Chunks in use: 5. 1.07GiB allocated for chunks. 1.07GiB in use in bin. 924.00MiB client-requested in use in bin.
2025-06-14 10:29:18.431735: I external/local_tsl/tsl/framework/bfc_allocator.cc:1046] Bin (268435456): 	Total Chunks: 18, Chunks in use: 15. 19.69GiB allocated for chunks. 15.34GiB in use in bin. 15.34GiB client-requested in use in bin.
2025-06-14 10:29:18.432136: I external/local_tsl/tsl/framework/bfc_allocator.cc:1062] Bin for 3.61GiB was 256.00MiB, Chunk State: 
2025-06-14 10:29:18.432474: I external/local_tsl/tsl/framework/bfc_allocator.cc:1068]   Size: 453.50MiB | Requested Size: 16.00MiB | in_use: 0 | bin_num: 20, prev:   Size: 462.00MiB | Requested Size: 462.00MiB | in_use: 1 | bin_num: -1
2025-06-14 10:29:18.432832: I external/local_tsl/tsl/framework/bfc_allocator.cc:1068]   Size: 1.80GiB | Requested Size: 1.80GiB | in_use: 0 | bin_num: 20, next:   Size: 1.80GiB | Requested Size: 1.80GiB | in_use: 1 | bin_num: -1
2025-06-14 10:29:18.433211: I external/local_tsl/tsl/framework/bfc_allocator.cc:1068]   Size: 2.10GiB | Requested Size: 1.82GiB | in_use: 0 | bin_num: 20, prev:   Size: 1.80GiB | Requested Size: 1.80GiB | in_use: 1 | bin_num: -1
2025-06-14 10:29:18.433569: I external/local_tsl/tsl/framework/bfc_allocator.cc:1075] Next region of size 6129582080
2025-06-14 10:29:18.434049: I external/local_tsl/tsl/framework/bfc_allocator.cc:1095] Free  at 7fb410000000 of size 1937768448 next 107
2025-06-14 10:29:18.434442: I external/local_tsl/tsl/framework/bfc_allocator.cc:1095] InUse at 7fb483800000 of size 1937768448 next 329
2025-06-14 10:29:18.434802: I external/local_tsl/tsl/framework/bfc_allocator.cc:1095] Free  at 7fb4f7000000 of size 2254045184 next 18446744073709551615
2025-06-14 10:29:18.435160: I external/local_tsl/tsl/framework/bfc_allocator.cc:1075] Next region of size 8589934592
2025-06-14 10:29:18.435552: I external/local_tsl/tsl/framework/bfc_allocator.cc:1095] InUse at 7fb598000000 of size 1937768448 next 281
2025-06-14 10:29:18.435909: I external/local_tsl/tsl/framework/bfc_allocator.cc:1095] InUse at 7fb60b800000 of size 242221056 next 282
2025-06-14 10:29:18.436273: I external/local_tsl/tsl/framework/bfc_allocator.cc:1095] InUse at 7fb619f00000 of size 484442112 next 283
2025-06-14 10:29:18.436662: I external/local_tsl/tsl/framework/bfc_allocator.cc:1095] InUse at 7fb636d00000 of size 484442112 next 284
2025-06-14 10:29:18.437031: I external/local_tsl/tsl/framework/bfc_allocator.cc:1095] InUse at 7fb653b00000 of size 484442112 next 29
2025-06-14 10:29:18.437467: I external/local_tsl/tsl/framework/bfc_allocator.cc:1095] InUse at 7fb670900000 of size 484442112 next 288
2025-06-14 10:29:18.437832: I external/local_tsl/tsl/framework/bfc_allocator.cc:1095] InUse at 7fb68d700000 of size 484442112 next 292
2025-06-14 10:29:18.438202: I external/local_tsl/tsl/framework/bfc_allocator.cc:1095] InUse at 7fb6aa500000 of size 121110528 next 47
2025-06-14 10:29:18.438552: I external/local_tsl/tsl/framework/bfc_allocator.cc:1095] InUse at 7fb6b1880000 of size 121110528 next 296
2025-06-14 10:29:18.438912: I external/local_tsl/tsl/framework/bfc_allocator.cc:1095] InUse at 7fb6b8c00000 of size 121110528 next 300
2025-06-14 10:29:18.439320: I external/local_tsl/tsl/framework/bfc_allocator.cc:1095] InUse at 7fb6bff80000 of size 30277632 next 302
2025-06-14 10:29:18.439683: I external/local_tsl/tsl/framework/bfc_allocator.cc:1095] InUse at 7fb6c1c60000 of size 30277632 next 303
2025-06-14 10:29:18.440019: I external/local_tsl/tsl/framework/bfc_allocator.cc:1095] InUse at 7fb6c3940000 of size 30277632 next 66
2025-06-14 10:29:18.440409: I external/local_tsl/tsl/framework/bfc_allocator.cc:1095] InUse at 7fb6c5620000 of size 30277632 next 307
2025-06-14 10:29:18.440778: I external/local_tsl/tsl/framework/bfc_allocator.cc:1095] InUse at 7fb6c7300000 of size 121110528 next 76
2025-06-14 10:29:18.441109: I external/local_tsl/tsl/framework/bfc_allocator.cc:1095] InUse at 7fb6ce680000 of size 121110528 next 312
2025-06-14 10:29:18.441459: I external/local_tsl/tsl/framework/bfc_allocator.cc:1095] InUse at 7fb6d5a00000 of size 242221056 next 311
2025-06-14 10:29:18.441843: I external/local_tsl/tsl/framework/bfc_allocator.cc:1095] InUse at 7fb6e4100000 of size 121110528 next 85
2025-06-14 10:29:18.442198: I external/local_tsl/tsl/framework/bfc_allocator.cc:1095] InUse at 7fb6eb480000 of size 484442112 next 325
2025-06-14 10:29:18.442534: I external/local_tsl/tsl/framework/bfc_allocator.cc:1095] InUse at 7fb708280000 of size 484442112 next 320
2025-06-14 10:29:18.442907: I external/local_tsl/tsl/framework/bfc_allocator.cc:1095] InUse at 7fb725080000 of size 968884224 next 319
2025-06-14 10:29:18.443281: I external/local_tsl/tsl/framework/bfc_allocator.cc:1095] InUse at 7fb75ec80000 of size 484442112 next 91
2025-06-14 10:29:18.443635: I external/local_tsl/tsl/framework/bfc_allocator.cc:1095] Free  at 7fb77ba80000 of size 475529216 next 18446744073709551615
2025-06-14 10:29:18.444005: I external/local_tsl/tsl/framework/bfc_allocator.cc:1075] Next region of size 4294967296
2025-06-14 10:29:18.444511: I external/local_tsl/tsl/framework/bfc_allocator.cc:1095] InUse at 7fb7c8000000 of size 1937768448 next 11
2025-06-14 10:29:18.445046: I external/local_tsl/tsl/framework/bfc_allocator.cc:1095] InUse at 7fb83b800000 of size 1937768448 next 276
2025-06-14 10:29:18.445511: I external/local_tsl/tsl/framework/bfc_allocator.cc:1095] InUse at 7fb8af000000 of size 242221056 next 20
2025-06-14 10:29:18.445922: I external/local_tsl/tsl/framework/bfc_allocator.cc:1095] InUse at 7fb8bd700000 of size 60555264 next 38
2025-06-14 10:29:18.446301: I external/local_tsl/tsl/framework/bfc_allocator.cc:1095] InUse at 7fb8c10c0000 of size 116654080 next 18446744073709551615
2025-06-14 10:29:18.446675: I external/local_tsl/tsl/framework/bfc_allocator.cc:1075] Next region of size 2147483648
2025-06-14 10:29:18.447120: I external/local_tsl/tsl/framework/bfc_allocator.cc:1095] InUse at 7fb8f4000000 of size 1937768448 next 269
2025-06-14 10:29:18.447457: I external/local_tsl/tsl/framework/bfc_allocator.cc:1095] InUse at 7fb967800000 of size 209715200 next 18446744073709551615
2025-06-14 10:29:18.447839: I external/local_tsl/tsl/framework/bfc_allocator.cc:1075] Next region of size 2147483648
2025-06-14 10:29:18.448276: I external/local_tsl/tsl/framework/bfc_allocator.cc:1095] InUse at 7fb97a000000 of size 1937768448 next 268
2025-06-14 10:29:18.448608: I external/local_tsl/tsl/framework/bfc_allocator.cc:1095] InUse at 7fb9ed800000 of size 209715200 next 18446744073709551615
2025-06-14 10:29:18.448950: I external/local_tsl/tsl/framework/bfc_allocator.cc:1075] Next region of size 134217728
2025-06-14 10:29:18.449399: I external/local_tsl/tsl/framework/bfc_allocator.cc:1095] InUse at 7fba88000000 of size 60555264 next 264
2025-06-14 10:29:18.449771: I external/local_tsl/tsl/framework/bfc_allocator.cc:1095] InUse at 7fba8b9c0000 of size 73662464 next 18446744073709551615
2025-06-14 10:29:18.450148: I external/local_tsl/tsl/framework/bfc_allocator.cc:1075] Next region of size 67108864
2025-06-14 10:29:18.450567: I external/local_tsl/tsl/framework/bfc_allocator.cc:1095] InUse at 7fba90000000 of size 3538944 next 198
2025-06-14 10:29:18.450917: I external/local_tsl/tsl/framework/bfc_allocator.cc:1095] InUse at 7fba90360000 of size 1769472 next 205
2025-06-14 10:29:18.451285: I external/local_tsl/tsl/framework/bfc_allocator.cc:1095] InUse at 7fba90510000 of size 1769472 next 206
2025-06-14 10:29:18.451673: I external/local_tsl/tsl/framework/bfc_allocator.cc:1095] InUse at 7fba906c0000 of size 262144 next 213
2025-06-14 10:29:18.452017: I external/local_tsl/tsl/framework/bfc_allocator.cc:1095] InUse at 7fba90700000 of size 262144 next 214
2025-06-14 10:29:18.452392: I external/local_tsl/tsl/framework/bfc_allocator.cc:1095] InUse at 7fba90740000 of size 884736 next 217
2025-06-14 10:29:18.452758: I external/local_tsl/tsl/framework/bfc_allocator.cc:1095] InUse at 7fba90818000 of size 884736 next 218
2025-06-14 10:29:18.453082: I external/local_tsl/tsl/framework/bfc_allocator.cc:1095] InUse at 7fba908f0000 of size 442368 next 225
2025-06-14 10:29:18.453426: I external/local_tsl/tsl/framework/bfc_allocator.cc:1095] InUse at 7fba9095c000 of size 442368 next 226
2025-06-14 10:29:18.453770: I external/local_tsl/tsl/framework/bfc_allocator.cc:1095] InUse at 7fba909c8000 of size 256 next 234
2025-06-14 10:29:18.454214: I external/local_tsl/tsl/framework/bfc_allocator.cc:1095] InUse at 7fba909c8100 of size 256 next 235
2025-06-14 10:29:18.454659: I external/local_tsl/tsl/framework/bfc_allocator.cc:1095] InUse at 7fba909c8200 of size 221184 next 236
2025-06-14 10:29:18.455105: I external/local_tsl/tsl/framework/bfc_allocator.cc:1095] InUse at 7fba909fe200 of size 221184 next 237
2025-06-14 10:29:18.455490: I external/local_tsl/tsl/framework/bfc_allocator.cc:1095] InUse at 7fba90a34200 of size 256 next 238
2025-06-14 10:29:18.455907: I external/local_tsl/tsl/framework/bfc_allocator.cc:1095] InUse at 7fba90a34300 of size 256 next 239
2025-06-14 10:29:18.456354: I external/local_tsl/tsl/framework/bfc_allocator.cc:1095] InUse at 7fba90a34400 of size 256 next 240
2025-06-14 10:29:18.456798: I external/local_tsl/tsl/framework/bfc_allocator.cc:1095] InUse at 7fba90a34500 of size 256 next 241
2025-06-14 10:29:18.457228: I external/local_tsl/tsl/framework/bfc_allocator.cc:1095] InUse at 7fba90a34600 of size 256 next 242
2025-06-14 10:29:18.457653: I external/local_tsl/tsl/framework/bfc_allocator.cc:1095] InUse at 7fba90a34700 of size 256 next 243
2025-06-14 10:29:18.458097: I external/local_tsl/tsl/framework/bfc_allocator.cc:1095] InUse at 7fba90a34800 of size 110592 next 244
2025-06-14 10:29:18.458474: I external/local_tsl/tsl/framework/bfc_allocator.cc:1095] InUse at 7fba90a4f800 of size 110592 next 245
2025-06-14 10:29:18.458851: I external/local_tsl/tsl/framework/bfc_allocator.cc:1095] InUse at 7fba90a6a800 of size 256 next 246
2025-06-14 10:29:18.459294: I external/local_tsl/tsl/framework/bfc_allocator.cc:1095] InUse at 7fba90a6a900 of size 256 next 247
2025-06-14 10:29:18.459717: I external/local_tsl/tsl/framework/bfc_allocator.cc:1095] InUse at 7fba90a6aa00 of size 256 next 248
2025-06-14 10:29:18.460180: I external/local_tsl/tsl/framework/bfc_allocator.cc:1095] InUse at 7fba90a6ab00 of size 256 next 249
2025-06-14 10:29:18.460623: I external/local_tsl/tsl/framework/bfc_allocator.cc:1095] InUse at 7fba90a6ac00 of size 256 next 250
2025-06-14 10:29:18.461081: I external/local_tsl/tsl/framework/bfc_allocator.cc:1095] InUse at 7fba90a6ad00 of size 256 next 251
2025-06-14 10:29:18.461540: I external/local_tsl/tsl/framework/bfc_allocator.cc:1095] InUse at 7fba90a6ae00 of size 256 next 252
2025-06-14 10:29:18.462009: I external/local_tsl/tsl/framework/bfc_allocator.cc:1095] InUse at 7fba90a6af00 of size 256 next 253
2025-06-14 10:29:18.462528: I external/local_tsl/tsl/framework/bfc_allocator.cc:1095] InUse at 7fba90a6b000 of size 256 next 254
2025-06-14 10:29:18.463077: I external/local_tsl/tsl/framework/bfc_allocator.cc:1095] InUse at 7fba90a6b100 of size 256 next 255
2025-06-14 10:29:18.463612: I external/local_tsl/tsl/framework/bfc_allocator.cc:1095] InUse at 7fba90a6b200 of size 256 next 256
2025-06-14 10:29:18.464094: I external/local_tsl/tsl/framework/bfc_allocator.cc:1095] InUse at 7fba90a6b300 of size 256 next 257
2025-06-14 10:29:18.464541: I external/local_tsl/tsl/framework/bfc_allocator.cc:1095] InUse at 7fba90a6b400 of size 256 next 258
2025-06-14 10:29:18.464979: I external/local_tsl/tsl/framework/bfc_allocator.cc:1095] InUse at 7fba90a6b500 of size 256 next 259
2025-06-14 10:29:18.465391: I external/local_tsl/tsl/framework/bfc_allocator.cc:1095] InUse at 7fba90a6b600 of size 256 next 260
2025-06-14 10:29:18.465846: I external/local_tsl/tsl/framework/bfc_allocator.cc:1095] InUse at 7fba90a6b700 of size 256 next 261
2025-06-14 10:29:18.466298: I external/local_tsl/tsl/framework/bfc_allocator.cc:1095] InUse at 7fba90a6b800 of size 256 next 262
2025-06-14 10:29:18.466726: I external/local_tsl/tsl/framework/bfc_allocator.cc:1095] InUse at 7fba90a6b900 of size 256 next 263
2025-06-14 10:29:18.467165: I external/local_tsl/tsl/framework/bfc_allocator.cc:1095] InUse at 7fba90a6ba00 of size 256 next 265
2025-06-14 10:29:18.467606: I external/local_tsl/tsl/framework/bfc_allocator.cc:1095] InUse at 7fba90a6bb00 of size 256 next 266
2025-06-14 10:29:18.468100: I external/local_tsl/tsl/framework/bfc_allocator.cc:1095] InUse at 7fba90a6bc00 of size 256 next 271
2025-06-14 10:29:18.468555: I external/local_tsl/tsl/framework/bfc_allocator.cc:1095] InUse at 7fba90a6bd00 of size 256 next 273
2025-06-14 10:29:18.468996: I external/local_tsl/tsl/framework/bfc_allocator.cc:1095] InUse at 7fba90a6be00 of size 256 next 274
2025-06-14 10:29:18.469440: I external/local_tsl/tsl/framework/bfc_allocator.cc:1095] InUse at 7fba90a6bf00 of size 256 next 275
2025-06-14 10:29:18.469888: I external/local_tsl/tsl/framework/bfc_allocator.cc:1095] InUse at 7fba90a6c000 of size 256 next 279
2025-06-14 10:29:18.470335: I external/local_tsl/tsl/framework/bfc_allocator.cc:1095] InUse at 7fba90a6c100 of size 256 next 280
2025-06-14 10:29:18.470762: I external/local_tsl/tsl/framework/bfc_allocator.cc:1095] InUse at 7fba90a6c200 of size 256 next 286
2025-06-14 10:29:18.471177: I external/local_tsl/tsl/framework/bfc_allocator.cc:1095] InUse at 7fba90a6c300 of size 256 next 287
2025-06-14 10:29:18.471625: I external/local_tsl/tsl/framework/bfc_allocator.cc:1095] InUse at 7fba90a6c400 of size 256 next 290
2025-06-14 10:29:18.472073: I external/local_tsl/tsl/framework/bfc_allocator.cc:1095] InUse at 7fba90a6c500 of size 256 next 291
2025-06-14 10:29:18.472507: I external/local_tsl/tsl/framework/bfc_allocator.cc:1095] InUse at 7fba90a6c600 of size 512 next 293
2025-06-14 10:29:18.472973: I external/local_tsl/tsl/framework/bfc_allocator.cc:1095] InUse at 7fba90a6c800 of size 512 next 294
2025-06-14 10:29:18.473415: I external/local_tsl/tsl/framework/bfc_allocator.cc:1095] InUse at 7fba90a6ca00 of size 512 next 295
2025-06-14 10:29:18.473827: I external/local_tsl/tsl/framework/bfc_allocator.cc:1095] InUse at 7fba90a6cc00 of size 512 next 298
2025-06-14 10:29:18.474251: I external/local_tsl/tsl/framework/bfc_allocator.cc:1095] InUse at 7fba90a6ce00 of size 512 next 299
2025-06-14 10:29:18.474686: I external/local_tsl/tsl/framework/bfc_allocator.cc:1095] InUse at 7fba90a6d000 of size 15138816 next 56
2025-06-14 10:29:18.475049: I external/local_tsl/tsl/framework/bfc_allocator.cc:1095] InUse at 7fba918dd000 of size 15138816 next 301
2025-06-14 10:29:18.475482: I external/local_tsl/tsl/framework/bfc_allocator.cc:1095] InUse at 7fba9274d000 of size 1024 next 304
2025-06-14 10:29:18.475930: I external/local_tsl/tsl/framework/bfc_allocator.cc:1095] InUse at 7fba9274d400 of size 1024 next 305
2025-06-14 10:29:18.476399: I external/local_tsl/tsl/framework/bfc_allocator.cc:1095] InUse at 7fba9274d800 of size 1024 next 306
2025-06-14 10:29:18.476835: I external/local_tsl/tsl/framework/bfc_allocator.cc:1095] InUse at 7fba9274dc00 of size 1024 next 309
2025-06-14 10:29:18.477253: I external/local_tsl/tsl/framework/bfc_allocator.cc:1095] InUse at 7fba9274e000 of size 1024 next 310
2025-06-14 10:29:18.477737: I external/local_tsl/tsl/framework/bfc_allocator.cc:1095] InUse at 7fba9274e400 of size 512 next 317
2025-06-14 10:29:18.478245: I external/local_tsl/tsl/framework/bfc_allocator.cc:1095] InUse at 7fba9274e600 of size 512 next 318
2025-06-14 10:29:18.478796: I external/local_tsl/tsl/framework/bfc_allocator.cc:1095] InUse at 7fba9274e800 of size 256 next 326
2025-06-14 10:29:18.479251: I external/local_tsl/tsl/framework/bfc_allocator.cc:1095] InUse at 7fba9274e900 of size 256 next 327
2025-06-14 10:29:18.479693: I external/local_tsl/tsl/framework/bfc_allocator.cc:1095] Free  at 7fba9274ea00 of size 25892352 next 18446744073709551615
2025-06-14 10:29:18.480075: I external/local_tsl/tsl/framework/bfc_allocator.cc:1075] Next region of size 33554432
2025-06-14 10:29:18.480493: I external/local_tsl/tsl/framework/bfc_allocator.cc:1095] InUse at 7fbaa8000000 of size 3538944 next 83
2025-06-14 10:29:18.480867: I external/local_tsl/tsl/framework/bfc_allocator.cc:1095] InUse at 7fbaa8360000 of size 221184 next 152
2025-06-14 10:29:18.481223: I external/local_tsl/tsl/framework/bfc_allocator.cc:1095] InUse at 7fbaa8396000 of size 221184 next 106
2025-06-14 10:29:18.481628: I external/local_tsl/tsl/framework/bfc_allocator.cc:1095] InUse at 7fbaa83cc000 of size 442368 next 100
2025-06-14 10:29:18.481999: I external/local_tsl/tsl/framework/bfc_allocator.cc:1095] InUse at 7fbaa8438000 of size 884736 next 90
2025-06-14 10:29:18.482353: I external/local_tsl/tsl/framework/bfc_allocator.cc:1095] InUse at 7fbaa8510000 of size 1769472 next 74
2025-06-14 10:29:18.482694: I external/local_tsl/tsl/framework/bfc_allocator.cc:1095] InUse at 7fbaa86c0000 of size 7077888 next 72
2025-06-14 10:29:18.483071: I external/local_tsl/tsl/framework/bfc_allocator.cc:1095] InUse at 7fbaa8d80000 of size 7077888 next 187
2025-06-14 10:29:18.483424: I external/local_tsl/tsl/framework/bfc_allocator.cc:1095] InUse at 7fbaa9440000 of size 12320768 next 18446744073709551615
2025-06-14 10:29:18.483787: I external/local_tsl/tsl/framework/bfc_allocator.cc:1075] Next region of size 16777216
2025-06-14 10:29:18.484220: I external/local_tsl/tsl/framework/bfc_allocator.cc:1095] InUse at 7fbaaa000000 of size 1769472 next 173
2025-06-14 10:29:18.484580: I external/local_tsl/tsl/framework/bfc_allocator.cc:1095] InUse at 7fbaaa1b0000 of size 1769472 next 64
2025-06-14 10:29:18.484937: I external/local_tsl/tsl/framework/bfc_allocator.cc:1095] InUse at 7fbaaa360000 of size 3538944 next 62
2025-06-14 10:29:18.485316: I external/local_tsl/tsl/framework/bfc_allocator.cc:1095] InUse at 7fbaaa6c0000 of size 3538944 next 180
2025-06-14 10:29:18.485687: I external/local_tsl/tsl/framework/bfc_allocator.cc:1095] InUse at 7fbaaaa20000 of size 1048576 next 194
2025-06-14 10:29:18.486066: I external/local_tsl/tsl/framework/bfc_allocator.cc:1095] InUse at 7fbaaab20000 of size 1048576 next 195
2025-06-14 10:29:18.486419: I external/local_tsl/tsl/framework/bfc_allocator.cc:1095] InUse at 7fbaaac20000 of size 4063232 next 18446744073709551615
2025-06-14 10:29:18.486782: I external/local_tsl/tsl/framework/bfc_allocator.cc:1075] Next region of size 2097152
2025-06-14 10:29:18.487214: I external/local_tsl/tsl/framework/bfc_allocator.cc:1095] InUse at 7fbb0ce00000 of size 1280 next 1
2025-06-14 10:29:18.487638: I external/local_tsl/tsl/framework/bfc_allocator.cc:1095] InUse at 7fbb0ce00500 of size 256 next 2
2025-06-14 10:29:18.488101: I external/local_tsl/tsl/framework/bfc_allocator.cc:1095] InUse at 7fbb0ce00600 of size 256 next 3
2025-06-14 10:29:18.488521: I external/local_tsl/tsl/framework/bfc_allocator.cc:1095] InUse at 7fbb0ce00700 of size 256 next 5
2025-06-14 10:29:18.488957: I external/local_tsl/tsl/framework/bfc_allocator.cc:1095] InUse at 7fbb0ce00800 of size 256 next 6
2025-06-14 10:29:18.489414: I external/local_tsl/tsl/framework/bfc_allocator.cc:1095] InUse at 7fbb0ce00900 of size 256 next 4
2025-06-14 10:29:18.489849: I external/local_tsl/tsl/framework/bfc_allocator.cc:1095] InUse at 7fbb0ce00a00 of size 256 next 7
2025-06-14 10:29:18.490309: I external/local_tsl/tsl/framework/bfc_allocator.cc:1095] InUse at 7fbb0ce00b00 of size 256 next 10
2025-06-14 10:29:18.490745: I external/local_tsl/tsl/framework/bfc_allocator.cc:1095] InUse at 7fbb0ce00c00 of size 256 next 277
2025-06-14 10:29:18.491191: I external/local_tsl/tsl/framework/bfc_allocator.cc:1095] InUse at 7fbb0ce00d00 of size 256 next 12
2025-06-14 10:29:18.491637: I external/local_tsl/tsl/framework/bfc_allocator.cc:1095] InUse at 7fbb0ce00e00 of size 256 next 13
2025-06-14 10:29:18.492121: I external/local_tsl/tsl/framework/bfc_allocator.cc:1095] InUse at 7fbb0ce00f00 of size 256 next 14
2025-06-14 10:29:18.492590: I external/local_tsl/tsl/framework/bfc_allocator.cc:1095] InUse at 7fbb0ce01000 of size 256 next 17
2025-06-14 10:29:18.493085: I external/local_tsl/tsl/framework/bfc_allocator.cc:1095] InUse at 7fbb0ce01100 of size 256 next 15
2025-06-14 10:29:18.493591: I external/local_tsl/tsl/framework/bfc_allocator.cc:1095] InUse at 7fbb0ce01200 of size 256 next 16
2025-06-14 10:29:18.494098: I external/local_tsl/tsl/framework/bfc_allocator.cc:1095] InUse at 7fbb0ce01300 of size 256 next 285
2025-06-14 10:29:18.494605: I external/local_tsl/tsl/framework/bfc_allocator.cc:1095] InUse at 7fbb0ce01400 of size 256 next 21
2025-06-14 10:29:18.495145: I external/local_tsl/tsl/framework/bfc_allocator.cc:1095] InUse at 7fbb0ce01500 of size 256 next 22
2025-06-14 10:29:18.495634: I external/local_tsl/tsl/framework/bfc_allocator.cc:1095] InUse at 7fbb0ce01600 of size 256 next 23
2025-06-14 10:29:18.496133: I external/local_tsl/tsl/framework/bfc_allocator.cc:1095] InUse at 7fbb0ce01700 of size 256 next 24
2025-06-14 10:29:18.496625: I external/local_tsl/tsl/framework/bfc_allocator.cc:1095] InUse at 7fbb0ce01800 of size 256 next 25
2025-06-14 10:29:18.497075: I external/local_tsl/tsl/framework/bfc_allocator.cc:1095] InUse at 7fbb0ce01900 of size 256 next 28
2025-06-14 10:29:18.497557: I external/local_tsl/tsl/framework/bfc_allocator.cc:1095] InUse at 7fbb0ce01a00 of size 256 next 289
2025-06-14 10:29:18.498039: I external/local_tsl/tsl/framework/bfc_allocator.cc:1095] InUse at 7fbb0ce01b00 of size 256 next 30
2025-06-14 10:29:18.498505: I external/local_tsl/tsl/framework/bfc_allocator.cc:1095] InUse at 7fbb0ce01c00 of size 256 next 31
2025-06-14 10:29:18.498958: I external/local_tsl/tsl/framework/bfc_allocator.cc:1095] InUse at 7fbb0ce01d00 of size 256 next 32
2025-06-14 10:29:18.499419: I external/local_tsl/tsl/framework/bfc_allocator.cc:1095] InUse at 7fbb0ce01e00 of size 256 next 35
2025-06-14 10:29:18.499883: I external/local_tsl/tsl/framework/bfc_allocator.cc:1095] InUse at 7fbb0ce01f00 of size 256 next 33
2025-06-14 10:29:18.500373: I external/local_tsl/tsl/framework/bfc_allocator.cc:1095] InUse at 7fbb0ce02000 of size 256 next 34
2025-06-14 10:29:18.500860: I external/local_tsl/tsl/framework/bfc_allocator.cc:1095] InUse at 7fbb0ce02100 of size 512 next 39
2025-06-14 10:29:18.501326: I external/local_tsl/tsl/framework/bfc_allocator.cc:1095] InUse at 7fbb0ce02300 of size 256 next 40
2025-06-14 10:29:18.501789: I external/local_tsl/tsl/framework/bfc_allocator.cc:1095] InUse at 7fbb0ce02400 of size 256 next 41
2025-06-14 10:29:18.502253: I external/local_tsl/tsl/framework/bfc_allocator.cc:1095] InUse at 7fbb0ce02500 of size 256 next 8
2025-06-14 10:29:18.502703: I external/local_tsl/tsl/framework/bfc_allocator.cc:1095] InUse at 7fbb0ce02600 of size 3584 next 9
2025-06-14 10:29:18.503166: I external/local_tsl/tsl/framework/bfc_allocator.cc:1095] InUse at 7fbb0ce03400 of size 512 next 42
2025-06-14 10:29:18.503624: I external/local_tsl/tsl/framework/bfc_allocator.cc:1095] InUse at 7fbb0ce03600 of size 512 next 45
2025-06-14 10:29:18.504079: I external/local_tsl/tsl/framework/bfc_allocator.cc:1095] InUse at 7fbb0ce03800 of size 512 next 46
2025-06-14 10:29:18.504522: I external/local_tsl/tsl/framework/bfc_allocator.cc:1095] InUse at 7fbb0ce03a00 of size 512 next 297
2025-06-14 10:29:18.504978: I external/local_tsl/tsl/framework/bfc_allocator.cc:1095] InUse at 7fbb0ce03c00 of size 512 next 48
2025-06-14 10:29:18.505421: I external/local_tsl/tsl/framework/bfc_allocator.cc:1095] InUse at 7fbb0ce03e00 of size 256 next 49
2025-06-14 10:29:18.505837: I external/local_tsl/tsl/framework/bfc_allocator.cc:1095] InUse at 7fbb0ce03f00 of size 512 next 50
2025-06-14 10:29:18.506293: I external/local_tsl/tsl/framework/bfc_allocator.cc:1095] InUse at 7fbb0ce04100 of size 512 next 51
2025-06-14 10:29:18.506711: I external/local_tsl/tsl/framework/bfc_allocator.cc:1095] InUse at 7fbb0ce04300 of size 512 next 55
2025-06-14 10:29:18.507144: I external/local_tsl/tsl/framework/bfc_allocator.cc:1095] InUse at 7fbb0ce04500 of size 1024 next 57
2025-06-14 10:29:18.507573: I external/local_tsl/tsl/framework/bfc_allocator.cc:1095] InUse at 7fbb0ce04900 of size 256 next 58
2025-06-14 10:29:18.508053: I external/local_tsl/tsl/framework/bfc_allocator.cc:1095] InUse at 7fbb0ce04a00 of size 256 next 59
2025-06-14 10:29:18.508467: I external/local_tsl/tsl/framework/bfc_allocator.cc:1095] InUse at 7fbb0ce04b00 of size 1024 next 60
2025-06-14 10:29:18.508893: I external/local_tsl/tsl/framework/bfc_allocator.cc:1095] InUse at 7fbb0ce04f00 of size 1024 next 61
2025-06-14 10:29:18.509312: I external/local_tsl/tsl/framework/bfc_allocator.cc:1095] InUse at 7fbb0ce05300 of size 1024 next 65
2025-06-14 10:29:18.509799: I external/local_tsl/tsl/framework/bfc_allocator.cc:1095] InUse at 7fbb0ce05700 of size 1024 next 308
2025-06-14 10:29:18.510250: I external/local_tsl/tsl/framework/bfc_allocator.cc:1095] InUse at 7fbb0ce05b00 of size 1024 next 67
2025-06-14 10:29:18.510774: I external/local_tsl/tsl/framework/bfc_allocator.cc:1095] InUse at 7fbb0ce05f00 of size 256 next 68
2025-06-14 10:29:18.511304: I external/local_tsl/tsl/framework/bfc_allocator.cc:1095] InUse at 7fbb0ce06000 of size 256 next 69
2025-06-14 10:29:18.511857: I external/local_tsl/tsl/framework/bfc_allocator.cc:1095] InUse at 7fbb0ce06100 of size 1024 next 70
2025-06-14 10:29:18.512358: I external/local_tsl/tsl/framework/bfc_allocator.cc:1095] InUse at 7fbb0ce06500 of size 1024 next 71
2025-06-14 10:29:18.512911: I external/local_tsl/tsl/framework/bfc_allocator.cc:1095] InUse at 7fbb0ce06900 of size 1024 next 75
2025-06-14 10:29:18.513455: I external/local_tsl/tsl/framework/bfc_allocator.cc:1095] InUse at 7fbb0ce06d00 of size 512 next 313
2025-06-14 10:29:18.513898: I external/local_tsl/tsl/framework/bfc_allocator.cc:1095] InUse at 7fbb0ce06f00 of size 512 next 314
2025-06-14 10:29:18.514330: I external/local_tsl/tsl/framework/bfc_allocator.cc:1095] InUse at 7fbb0ce07100 of size 512 next 315
2025-06-14 10:29:18.514792: I external/local_tsl/tsl/framework/bfc_allocator.cc:1095] InUse at 7fbb0ce07300 of size 512 next 77
2025-06-14 10:29:18.515219: I external/local_tsl/tsl/framework/bfc_allocator.cc:1095] InUse at 7fbb0ce07500 of size 256 next 78
2025-06-14 10:29:18.515653: I external/local_tsl/tsl/framework/bfc_allocator.cc:1095] InUse at 7fbb0ce07600 of size 256 next 79
2025-06-14 10:29:18.516072: I external/local_tsl/tsl/framework/bfc_allocator.cc:1095] InUse at 7fbb0ce07700 of size 512 next 80
2025-06-14 10:29:18.516506: I external/local_tsl/tsl/framework/bfc_allocator.cc:1095] InUse at 7fbb0ce07900 of size 512 next 81
2025-06-14 10:29:18.516939: I external/local_tsl/tsl/framework/bfc_allocator.cc:1095] InUse at 7fbb0ce07b00 of size 512 next 82
2025-06-14 10:29:18.517388: I external/local_tsl/tsl/framework/bfc_allocator.cc:1095] InUse at 7fbb0ce07d00 of size 512 next 84
2025-06-14 10:29:18.517851: I external/local_tsl/tsl/framework/bfc_allocator.cc:1095] InUse at 7fbb0ce07f00 of size 512 next 316
2025-06-14 10:29:18.518290: I external/local_tsl/tsl/framework/bfc_allocator.cc:1095] InUse at 7fbb0ce08100 of size 512 next 86
2025-06-14 10:29:18.518737: I external/local_tsl/tsl/framework/bfc_allocator.cc:1095] InUse at 7fbb0ce08300 of size 512 next 87
2025-06-14 10:29:18.519199: I external/local_tsl/tsl/framework/bfc_allocator.cc:1095] InUse at 7fbb0ce08500 of size 512 next 88
2025-06-14 10:29:18.519641: I external/local_tsl/tsl/framework/bfc_allocator.cc:1095] InUse at 7fbb0ce08700 of size 512 next 89
2025-06-14 10:29:18.520089: I external/local_tsl/tsl/framework/bfc_allocator.cc:1095] InUse at 7fbb0ce08900 of size 256 next 321
2025-06-14 10:29:18.520528: I external/local_tsl/tsl/framework/bfc_allocator.cc:1095] InUse at 7fbb0ce08a00 of size 256 next 323
2025-06-14 10:29:18.520962: I external/local_tsl/tsl/framework/bfc_allocator.cc:1095] InUse at 7fbb0ce08b00 of size 256 next 324
2025-06-14 10:29:18.521407: I external/local_tsl/tsl/framework/bfc_allocator.cc:1095] InUse at 7fbb0ce08c00 of size 256 next 92
2025-06-14 10:29:18.521839: I external/local_tsl/tsl/framework/bfc_allocator.cc:1095] InUse at 7fbb0ce08d00 of size 256 next 93
2025-06-14 10:29:18.522246: I external/local_tsl/tsl/framework/bfc_allocator.cc:1095] InUse at 7fbb0ce08e00 of size 256 next 94
2025-06-14 10:29:18.522667: I external/local_tsl/tsl/framework/bfc_allocator.cc:1095] InUse at 7fbb0ce08f00 of size 256 next 97
2025-06-14 10:29:18.523078: I external/local_tsl/tsl/framework/bfc_allocator.cc:1095] InUse at 7fbb0ce09000 of size 256 next 95
2025-06-14 10:29:18.523548: I external/local_tsl/tsl/framework/bfc_allocator.cc:1095] InUse at 7fbb0ce09100 of size 256 next 96
2025-06-14 10:29:18.524010: I external/local_tsl/tsl/framework/bfc_allocator.cc:1095] InUse at 7fbb0ce09200 of size 256 next 98
2025-06-14 10:29:18.524471: I external/local_tsl/tsl/framework/bfc_allocator.cc:1095] InUse at 7fbb0ce09300 of size 256 next 101
2025-06-14 10:29:18.524893: I external/local_tsl/tsl/framework/bfc_allocator.cc:1095] InUse at 7fbb0ce09400 of size 256 next 102
2025-06-14 10:29:18.525305: I external/local_tsl/tsl/framework/bfc_allocator.cc:1095] InUse at 7fbb0ce09500 of size 256 next 103
2025-06-14 10:29:18.525748: I external/local_tsl/tsl/framework/bfc_allocator.cc:1095] InUse at 7fbb0ce09600 of size 256 next 104
2025-06-14 10:29:18.526231: I external/local_tsl/tsl/framework/bfc_allocator.cc:1095] InUse at 7fbb0ce09700 of size 256 next 105
2025-06-14 10:29:18.526726: I external/local_tsl/tsl/framework/bfc_allocator.cc:1095] Free  at 7fbb0ce09800 of size 512 next 108
2025-06-14 10:29:18.527272: I external/local_tsl/tsl/framework/bfc_allocator.cc:1095] InUse at 7fbb0ce09a00 of size 256 next 109
2025-06-14 10:29:18.527731: I external/local_tsl/tsl/framework/bfc_allocator.cc:1095] InUse at 7fbb0ce09b00 of size 256 next 110
2025-06-14 10:29:18.528167: I external/local_tsl/tsl/framework/bfc_allocator.cc:1095] InUse at 7fbb0ce09c00 of size 256 next 146
2025-06-14 10:29:18.528691: I external/local_tsl/tsl/framework/bfc_allocator.cc:1095] InUse at 7fbb0ce09d00 of size 256 next 147
2025-06-14 10:29:18.529164: I external/local_tsl/tsl/framework/bfc_allocator.cc:1095] InUse at 7fbb0ce09e00 of size 256 next 148
2025-06-14 10:29:18.529664: I external/local_tsl/tsl/framework/bfc_allocator.cc:1095] InUse at 7fbb0ce09f00 of size 256 next 149
2025-06-14 10:29:18.530083: I external/local_tsl/tsl/framework/bfc_allocator.cc:1095] InUse at 7fbb0ce0a000 of size 256 next 150
2025-06-14 10:29:18.530511: I external/local_tsl/tsl/framework/bfc_allocator.cc:1095] InUse at 7fbb0ce0a100 of size 256 next 151
2025-06-14 10:29:18.530957: I external/local_tsl/tsl/framework/bfc_allocator.cc:1095] InUse at 7fbb0ce0a200 of size 256 next 153
2025-06-14 10:29:18.531395: I external/local_tsl/tsl/framework/bfc_allocator.cc:1095] InUse at 7fbb0ce0a300 of size 256 next 154
2025-06-14 10:29:18.531871: I external/local_tsl/tsl/framework/bfc_allocator.cc:1095] InUse at 7fbb0ce0a400 of size 256 next 155
2025-06-14 10:29:18.532298: I external/local_tsl/tsl/framework/bfc_allocator.cc:1095] InUse at 7fbb0ce0a500 of size 256 next 156
2025-06-14 10:29:18.532727: I external/local_tsl/tsl/framework/bfc_allocator.cc:1095] InUse at 7fbb0ce0a600 of size 256 next 157
2025-06-14 10:29:18.533188: I external/local_tsl/tsl/framework/bfc_allocator.cc:1095] InUse at 7fbb0ce0a700 of size 256 next 158
2025-06-14 10:29:18.533599: I external/local_tsl/tsl/framework/bfc_allocator.cc:1095] InUse at 7fbb0ce0a800 of size 256 next 160
2025-06-14 10:29:18.534034: I external/local_tsl/tsl/framework/bfc_allocator.cc:1095] InUse at 7fbb0ce0a900 of size 256 next 161
2025-06-14 10:29:18.534452: I external/local_tsl/tsl/framework/bfc_allocator.cc:1095] InUse at 7fbb0ce0aa00 of size 256 next 162
2025-06-14 10:29:18.534924: I external/local_tsl/tsl/framework/bfc_allocator.cc:1095] InUse at 7fbb0ce0ab00 of size 256 next 163
2025-06-14 10:29:18.535337: I external/local_tsl/tsl/framework/bfc_allocator.cc:1095] InUse at 7fbb0ce0ac00 of size 256 next 164
2025-06-14 10:29:18.535759: I external/local_tsl/tsl/framework/bfc_allocator.cc:1095] InUse at 7fbb0ce0ad00 of size 256 next 165
2025-06-14 10:29:18.536202: I external/local_tsl/tsl/framework/bfc_allocator.cc:1095] InUse at 7fbb0ce0ae00 of size 512 next 167
2025-06-14 10:29:18.536678: I external/local_tsl/tsl/framework/bfc_allocator.cc:1095] InUse at 7fbb0ce0b000 of size 512 next 168
2025-06-14 10:29:18.537114: I external/local_tsl/tsl/framework/bfc_allocator.cc:1095] InUse at 7fbb0ce0b200 of size 512 next 169
2025-06-14 10:29:18.537539: I external/local_tsl/tsl/framework/bfc_allocator.cc:1095] InUse at 7fbb0ce0b400 of size 512 next 170
2025-06-14 10:29:18.537943: I external/local_tsl/tsl/framework/bfc_allocator.cc:1095] InUse at 7fbb0ce0b600 of size 512 next 171
2025-06-14 10:29:18.538394: I external/local_tsl/tsl/framework/bfc_allocator.cc:1095] InUse at 7fbb0ce0b800 of size 512 next 172
2025-06-14 10:29:18.538830: I external/local_tsl/tsl/framework/bfc_allocator.cc:1095] InUse at 7fbb0ce0ba00 of size 512 next 174
2025-06-14 10:29:18.539262: I external/local_tsl/tsl/framework/bfc_allocator.cc:1095] InUse at 7fbb0ce0bc00 of size 512 next 175
2025-06-14 10:29:18.539663: I external/local_tsl/tsl/framework/bfc_allocator.cc:1095] InUse at 7fbb0ce0be00 of size 512 next 176
2025-06-14 10:29:18.540129: I external/local_tsl/tsl/framework/bfc_allocator.cc:1095] InUse at 7fbb0ce0c000 of size 512 next 177
2025-06-14 10:29:18.540558: I external/local_tsl/tsl/framework/bfc_allocator.cc:1095] InUse at 7fbb0ce0c200 of size 512 next 178
2025-06-14 10:29:18.540967: I external/local_tsl/tsl/framework/bfc_allocator.cc:1095] InUse at 7fbb0ce0c400 of size 512 next 179
2025-06-14 10:29:18.541379: I external/local_tsl/tsl/framework/bfc_allocator.cc:1095] InUse at 7fbb0ce0c600 of size 1024 next 181
2025-06-14 10:29:18.541849: I external/local_tsl/tsl/framework/bfc_allocator.cc:1095] InUse at 7fbb0ce0ca00 of size 1024 next 182
2025-06-14 10:29:18.542269: I external/local_tsl/tsl/framework/bfc_allocator.cc:1095] InUse at 7fbb0ce0ce00 of size 1024 next 183
2025-06-14 10:29:18.542674: I external/local_tsl/tsl/framework/bfc_allocator.cc:1095] InUse at 7fbb0ce0d200 of size 1024 next 184
2025-06-14 10:29:18.543137: I external/local_tsl/tsl/framework/bfc_allocator.cc:1095] InUse at 7fbb0ce0d600 of size 1024 next 185
2025-06-14 10:29:18.543585: I external/local_tsl/tsl/framework/bfc_allocator.cc:1095] InUse at 7fbb0ce0da00 of size 1024 next 186
2025-06-14 10:29:18.544050: I external/local_tsl/tsl/framework/bfc_allocator.cc:1095] InUse at 7fbb0ce0de00 of size 1024 next 188
2025-06-14 10:29:18.544500: I external/local_tsl/tsl/framework/bfc_allocator.cc:1095] InUse at 7fbb0ce0e200 of size 1024 next 189
2025-06-14 10:29:18.544955: I external/local_tsl/tsl/framework/bfc_allocator.cc:1095] InUse at 7fbb0ce0e600 of size 1024 next 190
2025-06-14 10:29:18.545455: I external/local_tsl/tsl/framework/bfc_allocator.cc:1095] InUse at 7fbb0ce0ea00 of size 1024 next 191
2025-06-14 10:29:18.545954: I external/local_tsl/tsl/framework/bfc_allocator.cc:1095] InUse at 7fbb0ce0ee00 of size 1024 next 192
2025-06-14 10:29:18.546451: I external/local_tsl/tsl/framework/bfc_allocator.cc:1095] InUse at 7fbb0ce0f200 of size 1024 next 193
2025-06-14 10:29:18.546972: I external/local_tsl/tsl/framework/bfc_allocator.cc:1095] InUse at 7fbb0ce0f600 of size 512 next 196
2025-06-14 10:29:18.547420: I external/local_tsl/tsl/framework/bfc_allocator.cc:1095] InUse at 7fbb0ce0f800 of size 512 next 197
2025-06-14 10:29:18.547864: I external/local_tsl/tsl/framework/bfc_allocator.cc:1095] InUse at 7fbb0ce0fa00 of size 512 next 199
2025-06-14 10:29:18.548298: I external/local_tsl/tsl/framework/bfc_allocator.cc:1095] InUse at 7fbb0ce0fc00 of size 512 next 200
2025-06-14 10:29:18.548712: I external/local_tsl/tsl/framework/bfc_allocator.cc:1095] InUse at 7fbb0ce0fe00 of size 512 next 201
2025-06-14 10:29:18.549163: I external/local_tsl/tsl/framework/bfc_allocator.cc:1095] InUse at 7fbb0ce10000 of size 512 next 202
2025-06-14 10:29:18.549598: I external/local_tsl/tsl/framework/bfc_allocator.cc:1095] InUse at 7fbb0ce10200 of size 512 next 203
2025-06-14 10:29:18.550029: I external/local_tsl/tsl/framework/bfc_allocator.cc:1095] InUse at 7fbb0ce10400 of size 512 next 204
2025-06-14 10:29:18.550469: I external/local_tsl/tsl/framework/bfc_allocator.cc:1095] InUse at 7fbb0ce10600 of size 512 next 207
2025-06-14 10:29:18.550974: I external/local_tsl/tsl/framework/bfc_allocator.cc:1095] InUse at 7fbb0ce10800 of size 512 next 208
2025-06-14 10:29:18.551415: I external/local_tsl/tsl/framework/bfc_allocator.cc:1095] InUse at 7fbb0ce10a00 of size 512 next 209
2025-06-14 10:29:18.551855: I external/local_tsl/tsl/framework/bfc_allocator.cc:1095] InUse at 7fbb0ce10c00 of size 512 next 210
2025-06-14 10:29:18.552321: I external/local_tsl/tsl/framework/bfc_allocator.cc:1095] InUse at 7fbb0ce10e00 of size 512 next 211
2025-06-14 10:29:18.552791: I external/local_tsl/tsl/framework/bfc_allocator.cc:1095] InUse at 7fbb0ce11000 of size 512 next 212
2025-06-14 10:29:18.553203: I external/local_tsl/tsl/framework/bfc_allocator.cc:1095] InUse at 7fbb0ce11200 of size 256 next 215
2025-06-14 10:29:18.553664: I external/local_tsl/tsl/framework/bfc_allocator.cc:1095] InUse at 7fbb0ce11300 of size 256 next 216
2025-06-14 10:29:18.554105: I external/local_tsl/tsl/framework/bfc_allocator.cc:1095] InUse at 7fbb0ce11400 of size 256 next 219
2025-06-14 10:29:18.554568: I external/local_tsl/tsl/framework/bfc_allocator.cc:1095] InUse at 7fbb0ce11500 of size 256 next 220
2025-06-14 10:29:18.554997: I external/local_tsl/tsl/framework/bfc_allocator.cc:1095] InUse at 7fbb0ce11600 of size 256 next 221
2025-06-14 10:29:18.555421: I external/local_tsl/tsl/framework/bfc_allocator.cc:1095] InUse at 7fbb0ce11700 of size 256 next 222
2025-06-14 10:29:18.555864: I external/local_tsl/tsl/framework/bfc_allocator.cc:1095] InUse at 7fbb0ce11800 of size 256 next 223
2025-06-14 10:29:18.556345: I external/local_tsl/tsl/framework/bfc_allocator.cc:1095] InUse at 7fbb0ce11900 of size 256 next 224
2025-06-14 10:29:18.556798: I external/local_tsl/tsl/framework/bfc_allocator.cc:1095] InUse at 7fbb0ce11a00 of size 256 next 227
2025-06-14 10:29:18.557226: I external/local_tsl/tsl/framework/bfc_allocator.cc:1095] InUse at 7fbb0ce11b00 of size 256 next 228
2025-06-14 10:29:18.557649: I external/local_tsl/tsl/framework/bfc_allocator.cc:1095] InUse at 7fbb0ce11c00 of size 256 next 229
2025-06-14 10:29:18.558084: I external/local_tsl/tsl/framework/bfc_allocator.cc:1095] InUse at 7fbb0ce11d00 of size 256 next 230
2025-06-14 10:29:18.558503: I external/local_tsl/tsl/framework/bfc_allocator.cc:1095] InUse at 7fbb0ce11e00 of size 256 next 231
2025-06-14 10:29:18.558906: I external/local_tsl/tsl/framework/bfc_allocator.cc:1095] InUse at 7fbb0ce11f00 of size 256 next 232
2025-06-14 10:29:18.559328: I external/local_tsl/tsl/framework/bfc_allocator.cc:1095] InUse at 7fbb0ce12000 of size 65536 next 233
2025-06-14 10:29:18.559757: I external/local_tsl/tsl/framework/bfc_allocator.cc:1095] InUse at 7fbb0ce22000 of size 95232 next 19
2025-06-14 10:29:18.560216: I external/local_tsl/tsl/framework/bfc_allocator.cc:1095] InUse at 7fbb0ce39400 of size 110592 next 18
2025-06-14 10:29:18.560616: I external/local_tsl/tsl/framework/bfc_allocator.cc:1095] InUse at 7fbb0ce54400 of size 65536 next 115
2025-06-14 10:29:18.561066: I external/local_tsl/tsl/framework/bfc_allocator.cc:1095] InUse at 7fbb0ce64400 of size 256 next 112
2025-06-14 10:29:18.561553: I external/local_tsl/tsl/framework/bfc_allocator.cc:1095] InUse at 7fbb0ce64500 of size 256 next 114
2025-06-14 10:29:18.562005: I external/local_tsl/tsl/framework/bfc_allocator.cc:1095] InUse at 7fbb0ce64600 of size 256 next 113
2025-06-14 10:29:18.562461: I external/local_tsl/tsl/framework/bfc_allocator.cc:1095] InUse at 7fbb0ce64700 of size 256 next 111
2025-06-14 10:29:18.562911: I external/local_tsl/tsl/framework/bfc_allocator.cc:1095] InUse at 7fbb0ce64800 of size 256 next 117
2025-06-14 10:29:18.563387: I external/local_tsl/tsl/framework/bfc_allocator.cc:1095] InUse at 7fbb0ce64900 of size 256 next 118
2025-06-14 10:29:18.563863: I external/local_tsl/tsl/framework/bfc_allocator.cc:1095] InUse at 7fbb0ce64a00 of size 256 next 120
2025-06-14 10:29:18.564327: I external/local_tsl/tsl/framework/bfc_allocator.cc:1095] InUse at 7fbb0ce64b00 of size 256 next 119
2025-06-14 10:29:18.564791: I external/local_tsl/tsl/framework/bfc_allocator.cc:1095] InUse at 7fbb0ce64c00 of size 256 next 121
2025-06-14 10:29:18.565258: I external/local_tsl/tsl/framework/bfc_allocator.cc:1095] InUse at 7fbb0ce64d00 of size 256 next 123
2025-06-14 10:29:18.565697: I external/local_tsl/tsl/framework/bfc_allocator.cc:1095] InUse at 7fbb0ce64e00 of size 256 next 124
2025-06-14 10:29:18.566178: I external/local_tsl/tsl/framework/bfc_allocator.cc:1095] InUse at 7fbb0ce64f00 of size 256 next 125
2025-06-14 10:29:18.566633: I external/local_tsl/tsl/framework/bfc_allocator.cc:1095] InUse at 7fbb0ce65000 of size 256 next 126
2025-06-14 10:29:18.567094: I external/local_tsl/tsl/framework/bfc_allocator.cc:1095] InUse at 7fbb0ce65100 of size 256 next 128
2025-06-14 10:29:18.567563: I external/local_tsl/tsl/framework/bfc_allocator.cc:1095] InUse at 7fbb0ce65200 of size 256 next 127
2025-06-14 10:29:18.568036: I external/local_tsl/tsl/framework/bfc_allocator.cc:1095] InUse at 7fbb0ce65300 of size 256 next 129
2025-06-14 10:29:18.568487: I external/local_tsl/tsl/framework/bfc_allocator.cc:1095] InUse at 7fbb0ce65400 of size 256 next 130
2025-06-14 10:29:18.568929: I external/local_tsl/tsl/framework/bfc_allocator.cc:1095] InUse at 7fbb0ce65500 of size 256 next 131
2025-06-14 10:29:18.569438: I external/local_tsl/tsl/framework/bfc_allocator.cc:1095] InUse at 7fbb0ce65600 of size 256 next 132
2025-06-14 10:29:18.569914: I external/local_tsl/tsl/framework/bfc_allocator.cc:1095] InUse at 7fbb0ce65700 of size 256 next 133
2025-06-14 10:29:18.570363: I external/local_tsl/tsl/framework/bfc_allocator.cc:1095] InUse at 7fbb0ce65800 of size 256 next 137
2025-06-14 10:29:18.570794: I external/local_tsl/tsl/framework/bfc_allocator.cc:1095] InUse at 7fbb0ce65900 of size 256 next 136
2025-06-14 10:29:18.571316: I external/local_tsl/tsl/framework/bfc_allocator.cc:1095] InUse at 7fbb0ce65a00 of size 3584 next 138
2025-06-14 10:29:18.571782: I external/local_tsl/tsl/framework/bfc_allocator.cc:1095] InUse at 7fbb0ce66800 of size 3584 next 139
2025-06-14 10:29:18.572253: I external/local_tsl/tsl/framework/bfc_allocator.cc:1095] InUse at 7fbb0ce67600 of size 256 next 140
2025-06-14 10:29:18.572707: I external/local_tsl/tsl/framework/bfc_allocator.cc:1095] InUse at 7fbb0ce67700 of size 256 next 141
2025-06-14 10:29:18.573160: I external/local_tsl/tsl/framework/bfc_allocator.cc:1095] InUse at 7fbb0ce67800 of size 256 next 142
2025-06-14 10:29:18.573639: I external/local_tsl/tsl/framework/bfc_allocator.cc:1095] InUse at 7fbb0ce67900 of size 256 next 143
2025-06-14 10:29:18.574149: I external/local_tsl/tsl/framework/bfc_allocator.cc:1095] InUse at 7fbb0ce67a00 of size 256 next 144
2025-06-14 10:29:18.574649: I external/local_tsl/tsl/framework/bfc_allocator.cc:1095] InUse at 7fbb0ce67b00 of size 256 next 145
2025-06-14 10:29:18.575125: I external/local_tsl/tsl/framework/bfc_allocator.cc:1095] InUse at 7fbb0ce67c00 of size 141312 next 27
2025-06-14 10:29:18.575485: I external/local_tsl/tsl/framework/bfc_allocator.cc:1095] InUse at 7fbb0ce8a400 of size 221184 next 26
2025-06-14 10:29:18.575868: I external/local_tsl/tsl/framework/bfc_allocator.cc:1095] InUse at 7fbb0cec0400 of size 442368 next 159
2025-06-14 10:29:18.576226: I external/local_tsl/tsl/framework/bfc_allocator.cc:1095] InUse at 7fbb0cf2c400 of size 867328 next 18446744073709551615
2025-06-14 10:29:18.576561: I external/local_tsl/tsl/framework/bfc_allocator.cc:1075] Next region of size 4194304
2025-06-14 10:29:18.577015: I external/local_tsl/tsl/framework/bfc_allocator.cc:1095] InUse at 7fbb0d400000 of size 442368 next 37
2025-06-14 10:29:18.577504: I external/local_tsl/tsl/framework/bfc_allocator.cc:1095] InUse at 7fbb0d46c000 of size 221184 next 116
2025-06-14 10:29:18.577977: I external/local_tsl/tsl/framework/bfc_allocator.cc:1095] InUse at 7fbb0d4a2000 of size 110592 next 122
2025-06-14 10:29:18.578404: I external/local_tsl/tsl/framework/bfc_allocator.cc:1095] InUse at 7fbb0d4bd000 of size 192512 next 99
2025-06-14 10:29:18.579186: I external/local_tsl/tsl/framework/bfc_allocator.cc:1095] InUse at 7fbb0d4ec000 of size 360448 next 44
2025-06-14 10:29:18.579694: I external/local_tsl/tsl/framework/bfc_allocator.cc:1095] InUse at 7fbb0d544000 of size 884736 next 43
2025-06-14 10:29:18.580157: I external/local_tsl/tsl/framework/bfc_allocator.cc:1095] InUse at 7fbb0d61c000 of size 1982464 next 18446744073709551615
2025-06-14 10:29:18.580542: I external/local_tsl/tsl/framework/bfc_allocator.cc:1075] Next region of size 8388608
2025-06-14 10:29:18.580974: I external/local_tsl/tsl/framework/bfc_allocator.cc:1095] InUse at 7fbb0d800000 of size 884736 next 166
2025-06-14 10:29:18.581348: I external/local_tsl/tsl/framework/bfc_allocator.cc:1095] InUse at 7fbb0d8d8000 of size 884736 next 54
2025-06-14 10:29:18.581705: I external/local_tsl/tsl/framework/bfc_allocator.cc:1095] InUse at 7fbb0d9b0000 of size 1769472 next 52
2025-06-14 10:29:18.582074: I external/local_tsl/tsl/framework/bfc_allocator.cc:1095] InUse at 7fbb0db60000 of size 4849664 next 18446744073709551615
2025-06-14 10:29:18.582450: I external/local_tsl/tsl/framework/bfc_allocator.cc:1100]      Summary of in-use Chunks by size: 
2025-06-14 10:29:18.582918: I external/local_tsl/tsl/framework/bfc_allocator.cc:1103] 155 Chunks of size 256 totalling 38.8KiB
2025-06-14 10:29:18.583329: I external/local_tsl/tsl/framework/bfc_allocator.cc:1103] 55 Chunks of size 512 totalling 27.5KiB
2025-06-14 10:29:18.583757: I external/local_tsl/tsl/framework/bfc_allocator.cc:1103] 26 Chunks of size 1024 totalling 26.0KiB
2025-06-14 10:29:18.584192: I external/local_tsl/tsl/framework/bfc_allocator.cc:1103] 1 Chunks of size 1280 totalling 1.2KiB
2025-06-14 10:29:18.584627: I external/local_tsl/tsl/framework/bfc_allocator.cc:1103] 3 Chunks of size 3584 totalling 10.5KiB
2025-06-14 10:29:18.585065: I external/local_tsl/tsl/framework/bfc_allocator.cc:1103] 2 Chunks of size 65536 totalling 128.0KiB
2025-06-14 10:29:18.585480: I external/local_tsl/tsl/framework/bfc_allocator.cc:1103] 1 Chunks of size 95232 totalling 93.0KiB
2025-06-14 10:29:18.585905: I external/local_tsl/tsl/framework/bfc_allocator.cc:1103] 4 Chunks of size 110592 totalling 432.0KiB
2025-06-14 10:29:18.586354: I external/local_tsl/tsl/framework/bfc_allocator.cc:1103] 1 Chunks of size 141312 totalling 138.0KiB
2025-06-14 10:29:18.586791: I external/local_tsl/tsl/framework/bfc_allocator.cc:1103] 1 Chunks of size 192512 totalling 188.0KiB
2025-06-14 10:29:18.587224: I external/local_tsl/tsl/framework/bfc_allocator.cc:1103] 6 Chunks of size 221184 totalling 1.27MiB
2025-06-14 10:29:18.587632: I external/local_tsl/tsl/framework/bfc_allocator.cc:1103] 2 Chunks of size 262144 totalling 512.0KiB
2025-06-14 10:29:18.588097: I external/local_tsl/tsl/framework/bfc_allocator.cc:1103] 1 Chunks of size 360448 totalling 352.0KiB
2025-06-14 10:29:18.588516: I external/local_tsl/tsl/framework/bfc_allocator.cc:1103] 5 Chunks of size 442368 totalling 2.11MiB
2025-06-14 10:29:18.588955: I external/local_tsl/tsl/framework/bfc_allocator.cc:1103] 1 Chunks of size 867328 totalling 847.0KiB
2025-06-14 10:29:18.589441: I external/local_tsl/tsl/framework/bfc_allocator.cc:1103] 6 Chunks of size 884736 totalling 5.06MiB
2025-06-14 10:29:18.589881: I external/local_tsl/tsl/framework/bfc_allocator.cc:1103] 2 Chunks of size 1048576 totalling 2.00MiB
2025-06-14 10:29:18.590314: I external/local_tsl/tsl/framework/bfc_allocator.cc:1103] 6 Chunks of size 1769472 totalling 10.12MiB
2025-06-14 10:29:18.590757: I external/local_tsl/tsl/framework/bfc_allocator.cc:1103] 1 Chunks of size 1982464 totalling 1.89MiB
2025-06-14 10:29:18.591173: I external/local_tsl/tsl/framework/bfc_allocator.cc:1103] 4 Chunks of size 3538944 totalling 13.50MiB
2025-06-14 10:29:18.591666: I external/local_tsl/tsl/framework/bfc_allocator.cc:1103] 1 Chunks of size 4063232 totalling 3.88MiB
2025-06-14 10:29:18.592088: I external/local_tsl/tsl/framework/bfc_allocator.cc:1103] 1 Chunks of size 4849664 totalling 4.62MiB
2025-06-14 10:29:18.592516: I external/local_tsl/tsl/framework/bfc_allocator.cc:1103] 2 Chunks of size 7077888 totalling 13.50MiB
2025-06-14 10:29:18.592950: I external/local_tsl/tsl/framework/bfc_allocator.cc:1103] 1 Chunks of size 12320768 totalling 11.75MiB
2025-06-14 10:29:18.593342: I external/local_tsl/tsl/framework/bfc_allocator.cc:1103] 2 Chunks of size 15138816 totalling 28.88MiB
2025-06-14 10:29:18.593737: I external/local_tsl/tsl/framework/bfc_allocator.cc:1103] 4 Chunks of size 30277632 totalling 115.50MiB
2025-06-14 10:29:18.594157: I external/local_tsl/tsl/framework/bfc_allocator.cc:1103] 2 Chunks of size 60555264 totalling 115.50MiB
2025-06-14 10:29:18.594668: I external/local_tsl/tsl/framework/bfc_allocator.cc:1103] 1 Chunks of size 73662464 totalling 70.25MiB
2025-06-14 10:29:18.595065: I external/local_tsl/tsl/framework/bfc_allocator.cc:1103] 1 Chunks of size 116654080 totalling 111.25MiB
2025-06-14 10:29:18.595535: I external/local_tsl/tsl/framework/bfc_allocator.cc:1103] 6 Chunks of size 121110528 totalling 693.00MiB
2025-06-14 10:29:18.596014: I external/local_tsl/tsl/framework/bfc_allocator.cc:1103] 2 Chunks of size 209715200 totalling 400.00MiB
2025-06-14 10:29:18.596420: I external/local_tsl/tsl/framework/bfc_allocator.cc:1103] 3 Chunks of size 242221056 totalling 693.00MiB
2025-06-14 10:29:18.596834: I external/local_tsl/tsl/framework/bfc_allocator.cc:1103] 8 Chunks of size 484442112 totalling 3.61GiB
2025-06-14 10:29:18.597232: I external/local_tsl/tsl/framework/bfc_allocator.cc:1103] 1 Chunks of size 968884224 totalling 924.00MiB
2025-06-14 10:29:18.597591: I external/local_tsl/tsl/framework/bfc_allocator.cc:1103] 6 Chunks of size 1937768448 totalling 10.83GiB
2025-06-14 10:29:18.597945: I external/local_tsl/tsl/framework/bfc_allocator.cc:1107] Sum Total of in-use chunks: 17.58GiB
2025-06-14 10:29:18.598381: I external/local_tsl/tsl/framework/bfc_allocator.cc:1109] Total bytes in pool: 23575789568 memory_limit_: 23575789568 available bytes: 0 curr_region_allocation_bytes_: 34359738368
2025-06-14 10:29:18.598748: I external/local_tsl/tsl/framework/bfc_allocator.cc:1114] Stats: 
Limit:                     23575789568
InUse:                     18882553856
MaxInUse:                  22800760320
NumAllocs:                         912
MaxAllocSize:               4135495424
Reserved:                            0
PeakReserved:                        0
LargestFreeBlock:                    0

2025-06-14 10:29:18.599120: W external/local_tsl/tsl/framework/bfc_allocator.cc:497] ________*********________************************************_**************************************
2025-06-14 10:29:18.599491: W tensorflow/core/framework/op_kernel.cc:1839] OP_REQUIRES failed at concat_op.cc:165 : RESOURCE_EXHAUSTED: OOM when allocating tensor with shape[2,64,192,224,176] and type float on /job:localhost/replica:0/task:0/device:GPU:0 by allocator GPU_0_bfc
Traceback (most recent call last):
  File "/mnt/beegfs/hellgate/home/rb194958e/stroke_segmentation_sota/batch_wise_train.py", line 277, in <module>
    if main():
       ^^^^^^
  File "/mnt/beegfs/hellgate/home/rb194958e/stroke_segmentation_sota/batch_wise_train.py", line 256, in main
    history = model.fit(
              ^^^^^^^^^^
  File "/mnt/beegfs/hellgate/home/rb194958e/.conda/envs/tf215_env/lib/python3.11/site-packages/keras/src/utils/traceback_utils.py", line 70, in error_handler
    raise e.with_traceback(filtered_tb) from None
  File "/mnt/beegfs/hellgate/home/rb194958e/.conda/envs/tf215_env/lib/python3.11/site-packages/tensorflow/python/eager/execute.py", line 53, in quick_execute
    tensors = pywrap_tfe.TFE_Py_Execute(ctx._handle, device_name, op_name,
  ^^^^^^^^^^^^^^^^^^^^^^^^^^^^^^^^^^^^^^^^^^^^^^^^^^^^^^^^^^^^^^^^^^^^^^^^
tensorflow.python.framework.errors_impl.ResourceExhaustedError: Graph execution error:

Detected at node model/concatenate_2/concat defined at (most recent call last):
  File "/mnt/beegfs/hellgate/home/rb194958e/stroke_segmentation_sota/batch_wise_train.py", line 277, in <module>

  File "/mnt/beegfs/hellgate/home/rb194958e/stroke_segmentation_sota/batch_wise_train.py", line 256, in main

  File "/mnt/beegfs/hellgate/home/rb194958e/.conda/envs/tf215_env/lib/python3.11/site-packages/keras/src/utils/traceback_utils.py", line 65, in error_handler

  File "/mnt/beegfs/hellgate/home/rb194958e/.conda/envs/tf215_env/lib/python3.11/site-packages/keras/src/engine/training.py", line 1807, in fit

  File "/mnt/beegfs/hellgate/home/rb194958e/.conda/envs/tf215_env/lib/python3.11/site-packages/keras/src/engine/training.py", line 1401, in train_function

  File "/mnt/beegfs/hellgate/home/rb194958e/.conda/envs/tf215_env/lib/python3.11/site-packages/keras/src/engine/training.py", line 1384, in step_function

  File "/mnt/beegfs/hellgate/home/rb194958e/.conda/envs/tf215_env/lib/python3.11/site-packages/keras/src/engine/training.py", line 1373, in run_step

  File "/mnt/beegfs/hellgate/home/rb194958e/.conda/envs/tf215_env/lib/python3.11/site-packages/keras/src/engine/training.py", line 1150, in train_step

  File "/mnt/beegfs/hellgate/home/rb194958e/.conda/envs/tf215_env/lib/python3.11/site-packages/keras/src/utils/traceback_utils.py", line 65, in error_handler

  File "/mnt/beegfs/hellgate/home/rb194958e/.conda/envs/tf215_env/lib/python3.11/site-packages/keras/src/engine/training.py", line 590, in __call__

  File "/mnt/beegfs/hellgate/home/rb194958e/.conda/envs/tf215_env/lib/python3.11/site-packages/keras/src/utils/traceback_utils.py", line 65, in error_handler

  File "/mnt/beegfs/hellgate/home/rb194958e/.conda/envs/tf215_env/lib/python3.11/site-packages/keras/src/engine/base_layer.py", line 1149, in __call__

  File "/mnt/beegfs/hellgate/home/rb194958e/.conda/envs/tf215_env/lib/python3.11/site-packages/keras/src/utils/traceback_utils.py", line 96, in error_handler

  File "/mnt/beegfs/hellgate/home/rb194958e/.conda/envs/tf215_env/lib/python3.11/site-packages/keras/src/engine/functional.py", line 515, in call

  File "/mnt/beegfs/hellgate/home/rb194958e/.conda/envs/tf215_env/lib/python3.11/site-packages/keras/src/engine/functional.py", line 672, in _run_internal_graph

  File "/mnt/beegfs/hellgate/home/rb194958e/.conda/envs/tf215_env/lib/python3.11/site-packages/keras/src/utils/traceback_utils.py", line 65, in error_handler

  File "/mnt/beegfs/hellgate/home/rb194958e/.conda/envs/tf215_env/lib/python3.11/site-packages/keras/src/engine/base_layer.py", line 1149, in __call__

  File "/mnt/beegfs/hellgate/home/rb194958e/.conda/envs/tf215_env/lib/python3.11/site-packages/keras/src/utils/traceback_utils.py", line 96, in error_handler

  File "/mnt/beegfs/hellgate/home/rb194958e/.conda/envs/tf215_env/lib/python3.11/site-packages/keras/src/layers/merging/base_merge.py", line 196, in call

  File "/mnt/beegfs/hellgate/home/rb194958e/.conda/envs/tf215_env/lib/python3.11/site-packages/keras/src/layers/merging/concatenate.py", line 134, in _merge_function

  File "/mnt/beegfs/hellgate/home/rb194958e/.conda/envs/tf215_env/lib/python3.11/site-packages/keras/src/backend.py", line 3580, in concatenate

OOM when allocating tensor with shape[2,64,192,224,176] and type float on /job:localhost/replica:0/task:0/device:GPU:0 by allocator GPU_0_bfc
	 [[{{node model/concatenate_2/concat}}]]
Hint: If you want to see a list of allocated tensors when OOM happens, add report_tensor_allocations_upon_oom to RunOptions for current allocation info. This isn't available when running in Eager mode.
 [Op:__inference_train_function_7309]
2025-06-14 10:29:18.764459: W tensorflow/core/kernels/data/generator_dataset_op.cc:108] Error occurred when finalizing GeneratorDataset iterator: FAILED_PRECONDITION: Python interpreter state is not initialized. The process may be terminated.
	 [[{{node PyFunc}}]]
/var/spool/slurmd/job1123645/slurm_script: line 320: EOF: command not found
/var/spool/slurmd/job1123645/slurm_script: line 330: unexpected EOF while looking for matching ``'
/var/spool/slurmd/job1123645/slurm_script: line 339: syntax error: unexpected end of file
